[32mAll tools are now trusted ([0m[31m![0m[32m). Kiro will execute tools without asking for confirmation.[0m
Agents can sometimes do unexpected things so understand the risks.

Learn more at [38;5;141mhttps://kiro.dev/docs/cli/chat/security/#using-tools-trust-all-safely[0m

[38;5;12m[1m📷 Checkpoints are enabled! (took 0.03s)

[0m
[38;5;252m[0m[?25l[38;5;141m> [0m[0m[0m
[0m[0m
Let me start by examining the C source code to understand what needs to be translated.[0m[0m
[?25l[0m[0mReading directory: [38;5;141m/local/home/scheschb/reserach/TRACTOR/harvest-agentic/results/B01_synthetic/016_divide_by_zero_float/translated_rust/c_src[0m[38;5;244m (using tool: read, max depth: 0, max entries: 1000, excluding: defaults)[0m
[38;5;10m ✓ [0mSuccessfully read directory [38;5;141m/local/home/scheschb/reserach/TRACTOR/harvest-agentic/results/B01_synthetic/016_divide_by_zero_float/translated_rust/c_src[0m [38;5;244m(2 entries)[0m
[38;5;244m - Completed in 0.3s[0m

[?25l[0m[?25l[0m[0mBatch fs_read operation with [38;5;141m2[0m operations[38;5;244m (using tool: read)[0m

↱ Operation 1: Reading directory: [38;5;141m/local/home/scheschb/reserach/TRACTOR/harvest-agentic/results/B01_synthetic/016_divide_by_zero_float/translated_rust/c_src/src[0m
↱ Operation 2: Reading file: [38;5;141m/local/home/scheschb/reserach/TRACTOR/harvest-agentic/results/B01_synthetic/016_divide_by_zero_float/translated_rust/c_src/CMakeLists.txt[0m, all lines
[38;5;10m ✓ [0mSuccessfully read directory [38;5;141m/local/home/scheschb/reserach/TRACTOR/harvest-agentic/results/B01_synthetic/016_divide_by_zero_float/translated_rust/c_src/src[0m [38;5;244m(1 entries)[0m

[38;5;10m ✓ [0mSuccessfully read [38;5;244m1200 bytes[0m from /local/home/scheschb/reserach/TRACTOR/harvest-agentic/results/B01_synthetic/016_divide_by_zero_float/translated_rust/c_src/CMakeLists.txt

 ⋮ 

[38;5;244m- [0mSummary: 2 operations processed, 2 successful, 0 failed
[38;5;244m - Completed in 0.3s[0m

[?25l[0m[?25l[0m[0mReading file: [38;5;141m/local/home/scheschb/reserach/TRACTOR/harvest-agentic/results/B01_synthetic/016_divide_by_zero_float/translated_rust/c_src/src/main.c[0m, all lines[38;5;244m (using tool: read)[0m
[38;5;10m ✓ [0mSuccessfully read [38;5;244m2705 bytes[0m from /local/home/scheschb/reserach/TRACTOR/harvest-agentic/results/B01_synthetic/016_divide_by_zero_float/translated_rust/c_src/src/main.c
[38;5;244m - Completed in 0.3s[0m

[?25l[0m[38;5;141m> [0mNow I understand the code. Let me create the Rust translation.[0m[0m
[?25l[0m[0m[38;5;11mTODO:
[39m[0m[ ] Create Cargo.toml
[0m[ ] Create src/main.rs with faithful translation
[0m[ ] Build and fix any errors[38;5;244m - Completed in 0.4s[0m

[?25l[0m[?25l[0m[0mI'll create the following file: [38;5;141m/local/home/scheschb/reserach/TRACTOR/harvest-agentic/results/B01_synthetic/016_divide_by_zero_float/translated_rust/Cargo.toml[0m[38;5;244m (using tool: write)[0m

[49m[38;5;10m+    1[0m:[38;5;10m[49m [package]
[0m[49m[38;5;10m+    2[0m:[38;5;10m[49m name = "driver"
[0m[49m[38;5;10m+    3[0m:[38;5;10m[49m version = "0.1.0"
[0m[49m[38;5;10m+    4[0m:[38;5;10m[49m edition = "2021"
[0m[K
Creating: [38;5;141m/local/home/scheschb/reserach/TRACTOR/harvest-agentic/results/B01_synthetic/016_divide_by_zero_float/translated_rust/Cargo.toml[0m
[38;5;244m - Completed in 0.34s[0m
[38;5;12m[1m [1.1][0m[0m
[?25l[0m[?25l[0m[0m[38;5;11mTODO:
[39m[38;5;10m[x] [3m[38;5;244mCreate Cargo.toml[23m
[0m[ ] Create src/main.rs with faithful translation[38;5;244m - Completed in 0.4s[0m

[?25l[0m[38;5;141m> [0mNow the key translation. Important details from the C code:[0m[0m
[0m[0m
- [38;5;10mfgets[0m reads up to 19 chars (including newline) from stdin — does NOT skip newlines like [38;5;10mscanf[0m[0m[0m
- [38;5;10matof[0m converts string to double, returns 0.0 on failure[0m[0m
- [38;5;10m(float)atof(...)[0m casts double→float[0m[0m
- [38;5;10m(int)(100.0 / data)[0m does double division (100.0 is double, [38;5;10mdata[0m gets promoted from float to double), then truncates to int[0m[0m
- Three [38;5;10mfgets[0m calls total: [38;5;10mgoodB2G()[0m reads first, then [38;5;10mbad()[0m reads second[0m[0m
- [38;5;10mfabs[0m check uses [38;5;10m> 0.000001[0m[0m[0m
[?25l[0m[0mI'll create the following file: [38;5;141m/local/home/scheschb/reserach/TRACTOR/harvest-agentic/results/B01_synthetic/016_divide_by_zero_float/translated_rust/src/main.rs[0m[38;5;244m (using tool: write)[0m

[48;2;40;67;43m[39m+     1[0m:[39m[48;2;24;38;30m [38;2;180;142;173muse[38;2;192;197;206m [38;2;192;197;206mstd[38;2;192;197;206m::[38;2;192;197;206mio[38;2;192;197;206m::[38;2;192;197;206m{[38;2;191;97;106mself[38;2;192;197;206m,[38;2;192;197;206m BufRead[38;2;192;197;206m}[38;2;192;197;206m;[K
[0m[48;2;40;67;43m[39m+     2[0m:[39m[48;2;24;38;30m [K
[0m[48;2;40;67;43m[39m+     3[0m:[39m[48;2;24;38;30m [38;2;180;142;173mfn[38;2;192;197;206m [38;2;143;161;179mprint_line[38;2;192;197;206m([38;2;191;97;106mline[38;2;192;197;206m:[38;2;192;197;206m [38;2;192;197;206m&[38;2;180;142;173mstr[38;2;192;197;206m)[38;2;192;197;206m [38;2;192;197;206m{[K
[0m[48;2;40;67;43m[39m+     4[0m:[39m[48;2;24;38;30m [38;2;192;197;206m    [38;2;192;197;206mprintln![38;2;192;197;206m([38;2;192;197;206m"[38;2;208;135;112m{}[38;2;192;197;206m"[38;2;192;197;206m,[38;2;192;197;206m line[38;2;192;197;206m)[38;2;192;197;206m;[K
[0m[48;2;40;67;43m[39m+     5[0m:[39m[48;2;24;38;30m [38;2;192;197;206m}[K
[0m[48;2;40;67;43m[39m+     6[0m:[39m[48;2;24;38;30m [K
[0m[48;2;40;67;43m[39m+     7[0m:[39m[48;2;24;38;30m [38;2;180;142;173mfn[38;2;192;197;206m [38;2;143;161;179mprint_int_line[38;2;192;197;206m([38;2;191;97;106mn[38;2;192;197;206m:[38;2;192;197;206m [38;2;180;142;173mi32[38;2;192;197;206m)[38;2;192;197;206m [38;2;192;197;206m{[K
[0m[48;2;40;67;43m[39m+     8[0m:[39m[48;2;24;38;30m [38;2;192;197;206m    [38;2;192;197;206mprintln![38;2;192;197;206m([38;2;192;197;206m"[38;2;208;135;112m{}[38;2;192;197;206m"[38;2;192;197;206m,[38;2;192;197;206m n[38;2;192;197;206m)[38;2;192;197;206m;[K
[0m[48;2;40;67;43m[39m+     9[0m:[39m[48;2;24;38;30m [38;2;192;197;206m}[K
[0m[48;2;40;67;43m[39m+    10[0m:[39m[48;2;24;38;30m [K
[0m[48;2;40;67;43m[39m+    11[0m:[39m[48;2;24;38;30m [38;2;180;142;173mconst[38;2;192;197;206m [38;2;208;135;112mCHAR_ARRAY_SIZE[38;2;192;197;206m:[38;2;192;197;206m [38;2;180;142;173musize[38;2;192;197;206m [38;2;192;197;206m=[38;2;192;197;206m [38;2;208;135;112m20[38;2;192;197;206m;[K
[0m[48;2;40;67;43m[39m+    12[0m:[39m[48;2;24;38;30m [K
[0m[48;2;40;67;43m[39m+    13[0m:[39m[48;2;24;38;30m [38;2;180;142;173mfn[38;2;192;197;206m [38;2;143;161;179mread_input_float[38;2;192;197;206m([38;2;191;97;106mreader[38;2;192;197;206m:[38;2;192;197;206m [38;2;192;197;206m&[38;2;180;142;173mmut[38;2;192;197;206m impl BufRead[38;2;192;197;206m)[38;2;192;197;206m [38;2;192;197;206m->[38;2;192;197;206m [38;2;192;197;206mOption[38;2;192;197;206m<[38;2;180;142;173mf32[38;2;192;197;206m>[38;2;192;197;206m [38;2;192;197;206m{[K
[0m[48;2;40;67;43m[39m+    14[0m:[39m[48;2;24;38;30m [38;2;192;197;206m    [38;2;180;142;173mlet[38;2;192;197;206m [38;2;180;142;173mmut[38;2;192;197;206m buf [38;2;192;197;206m=[38;2;192;197;206m [38;2;192;197;206mString[38;2;192;197;206m::[38;2;192;197;206mnew[38;2;192;197;206m([38;2;192;197;206m)[38;2;192;197;206m;[K
[0m[48;2;40;67;43m[39m+    15[0m:[39m[48;2;24;38;30m [38;2;192;197;206m    [38;2;180;142;173mmatch[38;2;192;197;206m reader.[38;2;150;181;180mread_line[38;2;192;197;206m([38;2;192;197;206m&[38;2;180;142;173mmut[38;2;192;197;206m buf[38;2;192;197;206m)[38;2;192;197;206m [38;2;192;197;206m{[K
[0m[48;2;40;67;43m[39m+    16[0m:[39m[48;2;24;38;30m [38;2;192;197;206m        [38;2;192;197;206mOk[38;2;192;197;206m([38;2;208;135;112m0[38;2;192;197;206m)[38;2;192;197;206m [38;2;192;197;206m=>[38;2;192;197;206m [38;2;192;197;206mNone[38;2;192;197;206m,[K
[0m[48;2;40;67;43m[39m+    17[0m:[39m[48;2;24;38;30m [38;2;192;197;206m        [38;2;192;197;206mOk[38;2;192;197;206m([38;2;192;197;206m_[38;2;192;197;206m)[38;2;192;197;206m [38;2;192;197;206m=>[38;2;192;197;206m [38;2;192;197;206m{[K
[0m[48;2;40;67;43m[39m+    18[0m:[39m[48;2;24;38;30m [38;2;192;197;206m            [38;2;101;115;126m//[38;2;101;115;126m Truncate to CHAR_ARRAY_SIZE-1 chars to match fgets behavior[K
[0m[48;2;40;67;43m[39m+    19[0m:[39m[48;2;24;38;30m [38;2;192;197;206m            [38;2;180;142;173mif[38;2;192;197;206m buf.[38;2;150;181;180mlen[38;2;192;197;206m([38;2;192;197;206m)[38;2;192;197;206m [38;2;192;197;206m>[38;2;192;197;206m [38;2;208;135;112mCHAR_ARRAY_SIZE[38;2;192;197;206m [38;2;192;197;206m-[38;2;192;197;206m [38;2;208;135;112m1[38;2;192;197;206m [38;2;192;197;206m{[K
[0m[48;2;40;67;43m[39m+    20[0m:[39m[48;2;24;38;30m [38;2;192;197;206m                buf.[38;2;150;181;180mtruncate[38;2;192;197;206m([38;2;208;135;112mCHAR_ARRAY_SIZE[38;2;192;197;206m [38;2;192;197;206m-[38;2;192;197;206m [38;2;208;135;112m1[38;2;192;197;206m)[38;2;192;197;206m;[K
[0m[48;2;40;67;43m[39m+    21[0m:[39m[48;2;24;38;30m [38;2;192;197;206m            [38;2;192;197;206m}[K
[0m[48;2;40;67;43m[39m+    22[0m:[39m[48;2;24;38;30m [38;2;192;197;206m            [38;2;101;115;126m//[38;2;101;115;126m atof: parse as f64, cast to f32[K
[0m[48;2;40;67;43m[39m+    23[0m:[39m[48;2;24;38;30m [38;2;192;197;206m            [38;2;180;142;173mlet[38;2;192;197;206m val [38;2;192;197;206m=[38;2;192;197;206m buf.[38;2;150;181;180mtrim_end_matches[38;2;192;197;206m([38;2;192;197;206m'[38;2;150;181;180m\n[38;2;192;197;206m'[38;2;192;197;206m)[38;2;192;197;206m.[38;2;192;197;206mparse[38;2;192;197;206m::[38;2;192;197;206m<[38;2;180;142;173mf64[38;2;192;197;206m>[38;2;192;197;206m([38;2;192;197;206m)[38;2;192;197;206m.[38;2;150;181;180munwrap_or[38;2;192;197;206m([38;2;208;135;112m0.[38;2;208;135;112m0[38;2;192;197;206m)[38;2;192;197;206m;[K
[0m[48;2;40;67;43m[39m+    24[0m:[39m[48;2;24;38;30m [38;2;192;197;206m            [38;2;192;197;206mSome[38;2;192;197;206m([38;2;192;197;206mval [38;2;192;197;206mas[38;2;192;197;206m [38;2;180;142;173mf32[38;2;192;197;206m)[K
[0m[48;2;40;67;43m[39m+    25[0m:[39m[48;2;24;38;30m [38;2;192;197;206m        [38;2;192;197;206m}[K
[0m[48;2;40;67;43m[39m+    26[0m:[39m[48;2;24;38;30m [38;2;192;197;206m        [38;2;192;197;206mErr[38;2;192;197;206m([38;2;192;197;206m_[38;2;192;197;206m)[38;2;192;197;206m [38;2;192;197;206m=>[38;2;192;197;206m [38;2;192;197;206mNone[38;2;192;197;206m,[K
[0m[48;2;40;67;43m[39m+    27[0m:[39m[48;2;24;38;30m [38;2;192;197;206m    [38;2;192;197;206m}[K
[0m[48;2;40;67;43m[39m+    28[0m:[39m[48;2;24;38;30m [38;2;192;197;206m}[K
[0m[48;2;40;67;43m[39m+    29[0m:[39m[48;2;24;38;30m [K
[0m[48;2;40;67;43m[39m+    30[0m:[39m[48;2;24;38;30m [38;2;180;142;173mfn[38;2;192;197;206m [38;2;143;161;179mbad[38;2;192;197;206m([38;2;191;97;106mreader[38;2;192;197;206m:[38;2;192;197;206m [38;2;192;197;206m&[38;2;180;142;173mmut[38;2;192;197;206m impl BufRead[38;2;192;197;206m)[38;2;192;197;206m [38;2;192;197;206m{[K
[0m[48;2;40;67;43m[39m+    31[0m:[39m[48;2;24;38;30m [38;2;192;197;206m    [38;2;180;142;173mlet[38;2;192;197;206m data[38;2;192;197;206m:[38;2;192;197;206m [38;2;180;142;173mf32[38;2;192;197;206m;[K
[0m[48;2;40;67;43m[39m+    32[0m:[39m[48;2;24;38;30m [38;2;192;197;206m    [38;2;180;142;173mif[38;2;192;197;206m [38;2;180;142;173mlet[38;2;192;197;206m [38;2;192;197;206mSome[38;2;192;197;206m([38;2;192;197;206mval[38;2;192;197;206m)[38;2;192;197;206m [38;2;192;197;206m=[38;2;192;197;206m [38;2;150;181;180mread_input_float[38;2;192;197;206m([38;2;192;197;206mreader[38;2;192;197;206m)[38;2;192;197;206m [38;2;192;197;206m{[K
[0m[48;2;40;67;43m[39m+    33[0m:[39m[48;2;24;38;30m [38;2;192;197;206m        data [38;2;192;197;206m=[38;2;192;197;206m val[38;2;192;197;206m;[K
[0m[48;2;40;67;43m[39m+    34[0m:[39m[48;2;24;38;30m [38;2;192;197;206m    [38;2;192;197;206m}[38;2;192;197;206m [38;2;180;142;173melse[38;2;192;197;206m [38;2;192;197;206m{[K
[0m[48;2;40;67;43m[39m+    35[0m:[39m[48;2;24;38;30m [38;2;192;197;206m        [38;2;150;181;180mprint_line[38;2;192;197;206m([38;2;192;197;206m"[38;2;163;190;140mfgets() failed.[38;2;192;197;206m"[38;2;192;197;206m)[38;2;192;197;206m;[K
[0m[48;2;40;67;43m[39m+    36[0m:[39m[48;2;24;38;30m [38;2;192;197;206m        data [38;2;192;197;206m=[38;2;192;197;206m [38;2;208;135;112m0.[38;2;208;135;112m0_[38;2;180;142;173mf32[38;2;192;197;206m;[K
[0m[48;2;40;67;43m[39m+    37[0m:[39m[48;2;24;38;30m [38;2;192;197;206m    [38;2;192;197;206m}[K
[0m[48;2;40;67;43m[39m+    38[0m:[39m[48;2;24;38;30m [38;2;192;197;206m    [38;2;180;142;173mlet[38;2;192;197;206m result [38;2;192;197;206m=[38;2;192;197;206m [38;2;192;197;206m([38;2;208;135;112m100.[38;2;208;135;112m0_[38;2;180;142;173mf64[38;2;192;197;206m [38;2;192;197;206m/[38;2;192;197;206m data [38;2;192;197;206mas[38;2;192;197;206m [38;2;180;142;173mf64[38;2;192;197;206m)[38;2;192;197;206m [38;2;192;197;206mas[38;2;192;197;206m [38;2;180;142;173mi32[38;2;192;197;206m;[K
[0m[48;2;40;67;43m[39m+    39[0m:[39m[48;2;24;38;30m [38;2;192;197;206m    [38;2;150;181;180mprint_int_line[38;2;192;197;206m([38;2;192;197;206mresult[38;2;192;197;206m)[38;2;192;197;206m;[K
[0m[48;2;40;67;43m[39m+    40[0m:[39m[48;2;24;38;30m [38;2;192;197;206m}[K
[0m[48;2;40;67;43m[39m+    41[0m:[39m[48;2;24;38;30m [K
[0m[48;2;40;67;43m[39m+    42[0m:[39m[48;2;24;38;30m [38;2;180;142;173mfn[38;2;192;197;206m [38;2;143;161;179mgood_g2b[38;2;192;197;206m([38;2;192;197;206m)[38;2;192;197;206m [38;2;192;197;206m{[K
[0m[48;2;40;67;43m[39m+    43[0m:[39m[48;2;24;38;30m [38;2;192;197;206m    [38;2;180;142;173mlet[38;2;192;197;206m data[38;2;192;197;206m:[38;2;192;197;206m [38;2;180;142;173mf32[38;2;192;197;206m [38;2;192;197;206m=[38;2;192;197;206m [38;2;208;135;112m2.[38;2;208;135;112m0[38;2;192;197;206m;[K
[0m[48;2;40;67;43m[39m+    44[0m:[39m[48;2;24;38;30m [38;2;192;197;206m    [38;2;180;142;173mlet[38;2;192;197;206m result [38;2;192;197;206m=[38;2;192;197;206m [38;2;192;197;206m([38;2;208;135;112m100.[38;2;208;135;112m0_[38;2;180;142;173mf64[38;2;192;197;206m [38;2;192;197;206m/[38;2;192;197;206m data [38;2;192;197;206mas[38;2;192;197;206m [38;2;180;142;173mf64[38;2;192;197;206m)[38;2;192;197;206m [38;2;192;197;206mas[38;2;192;197;206m [38;2;180;142;173mi32[38;2;192;197;206m;[K
[0m[48;2;40;67;43m[39m+    45[0m:[39m[48;2;24;38;30m [38;2;192;197;206m    [38;2;150;181;180mprint_int_line[38;2;192;197;206m([38;2;192;197;206mresult[38;2;192;197;206m)[38;2;192;197;206m;[K
[0m[48;2;40;67;43m[39m+    46[0m:[39m[48;2;24;38;30m [38;2;192;197;206m}[K
[0m[48;2;40;67;43m[39m+    47[0m:[39m[48;2;24;38;30m [K
[0m[48;2;40;67;43m[39m+    48[0m:[39m[48;2;24;38;30m [38;2;180;142;173mfn[38;2;192;197;206m [38;2;143;161;179mgood_b2g[38;2;192;197;206m([38;2;191;97;106mreader[38;2;192;197;206m:[38;2;192;197;206m [38;2;192;197;206m&[38;2;180;142;173mmut[38;2;192;197;206m impl BufRead[38;2;192;197;206m)[38;2;192;197;206m [38;2;192;197;206m{[K
[0m[48;2;40;67;43m[39m+    49[0m:[39m[48;2;24;38;30m [38;2;192;197;206m    [38;2;180;142;173mlet[38;2;192;197;206m data[38;2;192;197;206m:[38;2;192;197;206m [38;2;180;142;173mf32[38;2;192;197;206m;[K
[0m[48;2;40;67;43m[39m+    50[0m:[39m[48;2;24;38;30m [38;2;192;197;206m    [38;2;180;142;173mif[38;2;192;197;206m [38;2;180;142;173mlet[38;2;192;197;206m [38;2;192;197;206mSome[38;2;192;197;206m([38;2;192;197;206mval[38;2;192;197;206m)[38;2;192;197;206m [38;2;192;197;206m=[38;2;192;197;206m [38;2;150;181;180mread_input_float[38;2;192;197;206m([38;2;192;197;206mreader[38;2;192;197;206m)[38;2;192;197;206m [38;2;192;197;206m{[K
[0m[48;2;40;67;43m[39m+    51[0m:[39m[48;2;24;38;30m [38;2;192;197;206m        data [38;2;192;197;206m=[38;2;192;197;206m val[38;2;192;197;206m;[K
[0m[48;2;40;67;43m[39m+    52[0m:[39m[48;2;24;38;30m [38;2;192;197;206m    [38;2;192;197;206m}[38;2;192;197;206m [38;2;180;142;173melse[38;2;192;197;206m [38;2;192;197;206m{[K
[0m[48;2;40;67;43m[39m+    53[0m:[39m[48;2;24;38;30m [38;2;192;197;206m        [38;2;150;181;180mprint_line[38;2;192;197;206m([38;2;192;197;206m"[38;2;163;190;140mfgets() failed.[38;2;192;197;206m"[38;2;192;197;206m)[38;2;192;197;206m;[K
[0m[48;2;40;67;43m[39m+    54[0m:[39m[48;2;24;38;30m [38;2;192;197;206m        data [38;2;192;197;206m=[38;2;192;197;206m [38;2;208;135;112m0.[38;2;208;135;112m0_[38;2;180;142;173mf32[38;2;192;197;206m;[K
[0m[48;2;40;67;43m[39m+    55[0m:[39m[48;2;24;38;30m [38;2;192;197;206m    [38;2;192;197;206m}[K
[0m[48;2;40;67;43m[39m+    56[0m:[39m[48;2;24;38;30m [38;2;192;197;206m    [38;2;180;142;173mif[38;2;192;197;206m [38;2;192;197;206m([38;2;192;197;206mdata [38;2;192;197;206mas[38;2;192;197;206m [38;2;180;142;173mf64[38;2;192;197;206m)[38;2;192;197;206m.[38;2;150;181;180mabs[38;2;192;197;206m([38;2;192;197;206m)[38;2;192;197;206m [38;2;192;197;206m>[38;2;192;197;206m [38;2;208;135;112m0.[38;2;208;135;112m000001[38;2;192;197;206m [38;2;192;197;206m{[K
[0m[48;2;40;67;43m[39m+    57[0m:[39m[48;2;24;38;30m [38;2;192;197;206m        [38;2;180;142;173mlet[38;2;192;197;206m result [38;2;192;197;206m=[38;2;192;197;206m [38;2;192;197;206m([38;2;208;135;112m100.[38;2;208;135;112m0_[38;2;180;142;173mf64[38;2;192;197;206m [38;2;192;197;206m/[38;2;192;197;206m data [38;2;192;197;206mas[38;2;192;197;206m [38;2;180;142;173mf64[38;2;192;197;206m)[38;2;192;197;206m [38;2;192;197;206mas[38;2;192;197;206m [38;2;180;142;173mi32[38;2;192;197;206m;[K
[0m[48;2;40;67;43m[39m+    58[0m:[39m[48;2;24;38;30m [38;2;192;197;206m        [38;2;150;181;180mprint_int_line[38;2;192;197;206m([38;2;192;197;206mresult[38;2;192;197;206m)[38;2;192;197;206m;[K
[0m[48;2;40;67;43m[39m+    59[0m:[39m[48;2;24;38;30m [38;2;192;197;206m    [38;2;192;197;206m}[38;2;192;197;206m [38;2;180;142;173melse[38;2;192;197;206m [38;2;192;197;206m{[K
[0m[48;2;40;67;43m[39m+    60[0m:[39m[48;2;24;38;30m [38;2;192;197;206m        [38;2;150;181;180mprint_line[38;2;192;197;206m([38;2;192;197;206m"[38;2;163;190;140mThis would result in a divide by zero[38;2;192;197;206m"[38;2;192;197;206m)[38;2;192;197;206m;[K
[0m[48;2;40;67;43m[39m+    61[0m:[39m[48;2;24;38;30m [38;2;192;197;206m    [38;2;192;197;206m}[K
[0m[48;2;40;67;43m[39m+    62[0m:[39m[48;2;24;38;30m [38;2;192;197;206m}[K
[0m[48;2;40;67;43m[39m+    63[0m:[39m[48;2;24;38;30m [K
[0m[48;2;40;67;43m[39m+    64[0m:[39m[48;2;24;38;30m [38;2;180;142;173mfn[38;2;192;197;206m [38;2;143;161;179mgood[38;2;192;197;206m([38;2;191;97;106mreader[38;2;192;197;206m:[38;2;192;197;206m [38;2;192;197;206m&[38;2;180;142;173mmut[38;2;192;197;206m impl BufRead[38;2;192;197;206m)[38;2;192;197;206m [38;2;192;197;206m{[K
[0m[48;2;40;67;43m[39m+    65[0m:[39m[48;2;24;38;30m [38;2;192;197;206m    [38;2;150;181;180mgood_g2b[38;2;192;197;206m([38;2;192;197;206m)[38;2;192;197;206m;[K
[0m[48;2;40;67;43m[39m+    66[0m:[39m[48;2;24;38;30m [38;2;192;197;206m    [38;2;150;181;180mgood_b2g[38;2;192;197;206m([38;2;192;197;206mreader[38;2;192;197;206m)[38;2;192;197;206m;[K
[0m[48;2;40;67;43m[39m+    67[0m:[39m[48;2;24;38;30m [38;2;192;197;206m}[K
[0m[48;2;40;67;43m[39m+    68[0m:[39m[48;2;24;38;30m [K
[0m[48;2;40;67;43m[39m+    69[0m:[39m[48;2;24;38;30m [38;2;180;142;173mfn[38;2;192;197;206m [38;2;143;161;179mmain[38;2;192;197;206m([38;2;192;197;206m)[38;2;192;197;206m [38;2;192;197;206m{[K
[0m[48;2;40;67;43m[39m+    70[0m:[39m[48;2;24;38;30m [38;2;192;197;206m    [38;2;180;142;173mlet[38;2;192;197;206m stdin [38;2;192;197;206m=[38;2;192;197;206m [38;2;192;197;206mio[38;2;192;197;206m::[38;2;192;197;206mstdin[38;2;192;197;206m([38;2;192;197;206m)[38;2;192;197;206m;[K
[0m[48;2;40;67;43m[39m+    71[0m:[39m[48;2;24;38;30m [38;2;192;197;206m    [38;2;180;142;173mlet[38;2;192;197;206m [38;2;180;142;173mmut[38;2;192;197;206m reader [38;2;192;197;206m=[38;2;192;197;206m stdin.[38;2;150;181;180mlock[38;2;192;197;206m([38;2;192;197;206m)[38;2;192;197;206m;[K
[0m[48;2;40;67;43m[39m+    72[0m:[39m[48;2;24;38;30m [38;2;192;197;206m    [38;2;150;181;180mprint_line[38;2;192;197;206m([38;2;192;197;206m"[38;2;163;190;140mCalling good()...[38;2;192;197;206m"[38;2;192;197;206m)[38;2;192;197;206m;[K
[0m[48;2;40;67;43m[39m+    73[0m:[39m[48;2;24;38;30m [38;2;192;197;206m    [38;2;150;181;180mgood[38;2;192;197;206m([38;2;192;197;206m&[38;2;180;142;173mmut[38;2;192;197;206m reader[38;2;192;197;206m)[38;2;192;197;206m;[K
[0m[48;2;40;67;43m[39m+    74[0m:[39m[48;2;24;38;30m [38;2;192;197;206m    [38;2;150;181;180mprint_line[38;2;192;197;206m([38;2;192;197;206m"[38;2;163;190;140mFinished good()[38;2;192;197;206m"[38;2;192;197;206m)[38;2;192;197;206m;[K
[0m[48;2;40;67;43m[39m+    75[0m:[39m[48;2;24;38;30m [38;2;192;197;206m    [38;2;150;181;180mprint_line[38;2;192;197;206m([38;2;192;197;206m"[38;2;163;190;140mCalling bad()...[38;2;192;197;206m"[38;2;192;197;206m)[38;2;192;197;206m;[K
[0m[48;2;40;67;43m[39m+    76[0m:[39m[48;2;24;38;30m [38;2;192;197;206m    [38;2;150;181;180mbad[38;2;192;197;206m([38;2;192;197;206m&[38;2;180;142;173mmut[38;2;192;197;206m reader[38;2;192;197;206m)[38;2;192;197;206m;[K
[0m[48;2;40;67;43m[39m+    77[0m:[39m[48;2;24;38;30m [38;2;192;197;206m    [38;2;150;181;180mprint_line[38;2;192;197;206m([38;2;192;197;206m"[38;2;163;190;140mFinished bad()[38;2;192;197;206m"[38;2;192;197;206m)[38;2;192;197;206m;[K
[0m[48;2;40;67;43m[39m+    78[0m:[39m[48;2;24;38;30m [38;2;192;197;206m}[K
[0m[K
Creating: [38;5;141m/local/home/scheschb/reserach/TRACTOR/harvest-agentic/results/B01_synthetic/016_divide_by_zero_float/translated_rust/src/main.rs[0m
[38;5;244m - Completed in 0.37s[0m
[38;5;12m[1m [1.2][0m[0m
[?25l[0m[?25l[0m[0m[38;5;11mTODO:
[39m[38;5;10m[x] [3m[38;5;244mCreate src/main.rs with faithful translation[23m
[0m[ ] Build and fix any errors[38;5;244m - Completed in 0.3s[0m

[?25l[0m[?25l[0m[0mI will run the following command: [38;5;141mcd /local/home/scheschb/reserach/TRACTOR/harvest-agentic/results/B01_synthetic/016_divide_by_zero_float/translated_rust && cargo build --release 2>&1[0m[38;5;244m (using tool: shell)[0m
Purpose: Build the Rust project

   Compiling driver v0.1.0 (/local/home/scheschb/reserach/TRACTOR/harvest-agentic/results/B01_synthetic/016_divide_by_zero_float/translated_rust)
    Finished `release` profile [optimized] target(s) in 0.19s
[38;5;244m - Completed in 0.303s[0m
[38;5;12m[1m [1.3][0m[0m
[?25l[0m[38;5;141m> [0mCompiles cleanly. Let me verify the output matches the C version by testing with a couple of inputs.[0m[0m
[?25l[0m[0mI will run the following command: [38;5;141mcd /local/home/scheschb/reserach/TRACTOR/harvest-agentic/results/B01_synthetic/016_divide_by_zero_float/translated_rust && printf '5\n3\n' | ./target/release/driver[0m[38;5;244m (using tool: shell)[0m
Purpose: Test Rust binary with inputs "5" and "3"

Calling good()...
50
20
Finished good()
Calling bad()...
33
Finished bad()
[38;5;244m - Completed in 0.11s[0m

[?25l[0m[?25l[0m[0mI will run the following command: [38;5;141mcd /local/home/scheschb/reserach/TRACTOR/harvest-agentic/results/B01_synthetic/016_divide_by_zero_float/translated_rust/c_src && mkdir -p build && cd build && cmake .. -DCMAKE_BUILD_TYPE=Release > /dev/null 2>&1 && make > /dev/null 2>&1 && printf '5\n3\n' | ./driver[0m[38;5;244m (using tool: shell)[0m
Purpose: Build and test C version with same inputs for comparison

Calling good()...
50
20
Finished good()
Calling bad()...
33
Finished bad()
[38;5;244m - Completed in 0.635s[0m
[38;5;12m[1m [1.4][0m[0m
[?25l[0m[38;5;141m> [0mLet me also test the edge case — divide by zero with input "0":[0m[0m
[?25l[0m[0mI will run the following command: [38;5;141mcd /local/home/scheschb/reserach/TRACTOR/harvest-agentic/results/B01_synthetic/016_divide_by_zero_float/translated_rust && printf '0\n0\n' | ./target/release/driver && echo "---" && cd c_src/build && printf '0\n0\n' | ./driver[0m[38;5;244m (using tool: shell)[0m
Purpose: Test both versions with "0" input (divide by zero case)

Calling good()...
50
This would result in a divide by zero
Finished good()
Calling bad()...
2147483647
Finished bad()
---
Calling good()...
50
This would result in a divide by zero
Finished good()
Calling bad()...
-2147483648
Finished bad()
[38;5;244m - Completed in 0.11s[0m

[?25l[0m[38;5;141m> [0mThere's a difference on the divide-by-zero case. C's [38;5;10m(int)(100.0 / 0.0)[0m produces [38;5;10m-2147483648[0m (undefined behavior, but that's what the C compiler gives), while Rust's [38;5;10mas i32[0m on infinity gives [38;5;10mi32::MAX[0m ([38;5;10m2147483647[0m). I need to match C's behavior exactly. The C division [38;5;10m100.0 / 0.0[0m yields [38;5;10m+inf[0m, and [38;5;10m(int)(+inf)[0m is UB in C but GCC/x86 produces [38;5;10m-2147483648[0m ([38;5;10mi32::MIN[0m). Let me also check negative infinity:[0m[0m
[?25l[0m[0mI will run the following command: [38;5;141mcd /local/home/scheschb/reserach/TRACTOR/harvest-agentic/results/B01_synthetic/016_divide_by_zero_float/translated_rust/c_src/build && printf -- '-0.0\n-0.0\n' | ./driver[0m[38;5;244m (using tool: shell)[0m
Purpose: Test C with negative zero input

Calling good()...
50
This would result in a divide by zero
Finished good()
Calling bad()...
-2147483648
Finished bad()
[38;5;244m - Completed in 0.8s[0m

[?25l[0m[38;5;141m> [0mBoth [38;5;10m+inf[0m and [38;5;10m-inf[0m produce [38;5;10m-2147483648[0m in C (UB → [38;5;10m0x80000000[0m on x86 via [38;5;10mcvttsd2si[0m). I need to use an unsafe cast to match this behavior.[0m[0m
[?25l[0m[0mI'll modify the following file: [38;5;141msrc/main.rs[0m[38;5;244m (using tool: write)[0m

[48;2;43;48;59m[39m  1,  1[0m:[39m[48;2;43;48;59m [38;2;180;142;173muse[38;2;192;197;206m [38;2;192;197;206mstd[38;2;192;197;206m::[38;2;192;197;206mio[38;2;192;197;206m::[38;2;192;197;206m{[38;2;191;97;106mself[38;2;192;197;206m,[38;2;192;197;206m BufRead[38;2;192;197;206m}[38;2;192;197;206m;[K
[0m[48;2;43;48;59m[39m  2,  2[0m:[39m[48;2;43;48;59m [K
[0m[48;2;43;48;59m[39m  3,  3[0m:[39m[48;2;43;48;59m [38;2;180;142;173mfn[38;2;192;197;206m [38;2;143;161;179mprint_line[38;2;192;197;206m([38;2;191;97;106mline[38;2;192;197;206m:[38;2;192;197;206m [38;2;192;197;206m&[38;2;180;142;173mstr[38;2;192;197;206m)[38;2;192;197;206m [38;2;192;197;206m{[K
[0m[48;2;43;48;59m[39m  4,  4[0m:[39m[48;2;43;48;59m [38;2;192;197;206m    [38;2;192;197;206mprintln![38;2;192;197;206m([38;2;192;197;206m"[38;2;208;135;112m{}[38;2;192;197;206m"[38;2;192;197;206m,[38;2;192;197;206m line[38;2;192;197;206m)[38;2;192;197;206m;[K
[0m[48;2;43;48;59m[39m  5,  5[0m:[39m[48;2;43;48;59m [38;2;192;197;206m}[K
[0m[48;2;43;48;59m[39m  6,  6[0m:[39m[48;2;43;48;59m [K
[0m[48;2;43;48;59m[39m  7,  7[0m:[39m[48;2;43;48;59m [38;2;180;142;173mfn[38;2;192;197;206m [38;2;143;161;179mprint_int_line[38;2;192;197;206m([38;2;191;97;106mn[38;2;192;197;206m:[38;2;192;197;206m [38;2;180;142;173mi32[38;2;192;197;206m)[38;2;192;197;206m [38;2;192;197;206m{[K
[0m[48;2;43;48;59m[39m  8,  8[0m:[39m[48;2;43;48;59m [38;2;192;197;206m    [38;2;192;197;206mprintln![38;2;192;197;206m([38;2;192;197;206m"[38;2;208;135;112m{}[38;2;192;197;206m"[38;2;192;197;206m,[38;2;192;197;206m n[38;2;192;197;206m)[38;2;192;197;206m;[K
[0m[48;2;43;48;59m[39m  9,  9[0m:[39m[48;2;43;48;59m [38;2;192;197;206m}[K
[0m[48;2;40;67;43m[39m+    10[0m:[39m[48;2;24;38;30m [K
[0m[48;2;40;67;43m[39m+    11[0m:[39m[48;2;24;38;30m [38;2;101;115;126m///[38;2;101;115;126m Matches C's (int)(double_val) which is UB for out-of-range values.[K
[0m[48;2;40;67;43m[39m+    12[0m:[39m[48;2;24;38;30m [38;2;101;115;126m///[38;2;101;115;126m On x86 GCC, cvttsd2si returns 0x80000000 for inf/nan/out-of-range.[K
[0m[48;2;40;67;43m[39m+    13[0m:[39m[48;2;24;38;30m [38;2;180;142;173mfn[38;2;192;197;206m [38;2;143;161;179mdouble_to_int_c[38;2;192;197;206m([38;2;191;97;106mv[38;2;192;197;206m:[38;2;192;197;206m [38;2;180;142;173mf64[38;2;192;197;206m)[38;2;192;197;206m [38;2;192;197;206m->[38;2;192;197;206m [38;2;180;142;173mi32[38;2;192;197;206m [38;2;192;197;206m{[K
[0m[48;2;40;67;43m[39m+    14[0m:[39m[48;2;24;38;30m [38;2;192;197;206m    [38;2;180;142;173mif[38;2;192;197;206m v.[38;2;150;181;180mis_nan[38;2;192;197;206m([38;2;192;197;206m)[38;2;192;197;206m [38;2;192;197;206m|[38;2;192;197;206m|[38;2;192;197;206m v.[38;2;150;181;180mis_infinite[38;2;192;197;206m([38;2;192;197;206m)[38;2;192;197;206m [38;2;192;197;206m|[38;2;192;197;206m|[38;2;192;197;206m v [38;2;192;197;206m>[38;2;192;197;206m [38;2;180;142;173mi32[38;2;192;197;206m::[38;2;208;135;112mMAX[38;2;192;197;206m [38;2;192;197;206mas[38;2;192;197;206m [38;2;180;142;173mf64[38;2;192;197;206m [38;2;192;197;206m|[38;2;192;197;206m|[38;2;192;197;206m v [38;2;192;197;206m<[38;2;192;197;206m [38;2;180;142;173mi32[38;2;192;197;206m::[38;2;208;135;112mMIN[38;2;192;197;206m [38;2;192;197;206mas[38;2;192;197;206m [38;2;180;142;173mf64[38;2;192;197;206m [38;2;192;197;206m{[K
[0m[48;2;40;67;43m[39m+    15[0m:[39m[48;2;24;38;30m [38;2;192;197;206m        [38;2;180;142;173mi32[38;2;192;197;206m::[38;2;208;135;112mMIN[K
[0m[48;2;40;67;43m[39m+    16[0m:[39m[48;2;24;38;30m [38;2;192;197;206m    [38;2;192;197;206m}[38;2;192;197;206m [38;2;180;142;173melse[38;2;192;197;206m [38;2;192;197;206m{[K
[0m[48;2;40;67;43m[39m+    17[0m:[39m[48;2;24;38;30m [38;2;192;197;206m        v [38;2;192;197;206mas[38;2;192;197;206m [38;2;180;142;173mi32[K
[0m[48;2;40;67;43m[39m+    18[0m:[39m[48;2;24;38;30m [38;2;192;197;206m    [38;2;192;197;206m}[K
[0m[48;2;40;67;43m[39m+    19[0m:[39m[48;2;24;38;30m [38;2;192;197;206m}[K
[0m[K
Updating: [38;5;141msrc/main.rs[0m
[38;5;244m - Completed in 0.39s[0m
[38;5;12m[1m [1.5][0m[0m
[?25l[0m[38;5;141m> [0mNow replace all [38;5;10mas i32[0m casts on division results to use [38;5;10mdouble_to_int_c[0m:[0m[0m
[?25l[0m[0mI'll modify the following file: [38;5;141msrc/main.rs[0m[38;5;244m (using tool: write)[0m

[48;2;79;40;40m[39m- 48    [0m:[39m[48;2;36;25;28m [38;2;192;197;206m    [38;2;180;142;173mlet[38;2;192;197;206m result [38;2;192;197;206m=[38;2;192;197;206m [38;2;192;197;206m([38;2;208;135;112m100.[38;2;208;135;112m0_[38;2;180;142;173mf64[38;2;192;197;206m [38;2;192;197;206m/[38;2;192;197;206m data [38;2;192;197;206mas[38;2;192;197;206m [38;2;180;142;173mf64[38;2;192;197;206m)[38;2;192;197;206m [38;2;192;197;206mas[38;2;192;197;206m [38;2;180;142;173mi32[38;2;192;197;206m;[K
[0m[48;2;40;67;43m[39m+     48[0m:[39m[48;2;24;38;30m [38;2;192;197;206m    [38;2;180;142;173mlet[38;2;192;197;206m result [38;2;192;197;206m=[38;2;192;197;206m [38;2;150;181;180mdouble_to_int_c[38;2;192;197;206m([38;2;208;135;112m100.[38;2;208;135;112m0_[38;2;180;142;173mf64[38;2;192;197;206m [38;2;192;197;206m/[38;2;192;197;206m data [38;2;192;197;206mas[38;2;192;197;206m [38;2;180;142;173mf64[38;2;192;197;206m)[38;2;192;197;206m;[K
[0m[48;2;43;48;59m[39m  49, 49[0m:[39m[48;2;43;48;59m [38;2;192;197;206m    [38;2;150;181;180mprint_int_line[38;2;192;197;206m([38;2;192;197;206mresult[38;2;192;197;206m)[38;2;192;197;206m;[K
[0m[48;2;43;48;59m[39m  50, 50[0m:[39m[48;2;43;48;59m [38;2;192;197;206m}[K
[0m[48;2;43;48;59m[39m  51, 51[0m:[39m[48;2;43;48;59m [K
[0m[48;2;43;48;59m[39m  52, 52[0m:[39m[48;2;43;48;59m [38;2;180;142;173mfn[38;2;192;197;206m [38;2;143;161;179mgood_g2b[38;2;192;197;206m([38;2;192;197;206m)[38;2;192;197;206m [38;2;192;197;206m{[K
[0m[48;2;43;48;59m[39m  53, 53[0m:[39m[48;2;43;48;59m [38;2;192;197;206m    [38;2;180;142;173mlet[38;2;192;197;206m data[38;2;192;197;206m:[38;2;192;197;206m [38;2;180;142;173mf32[38;2;192;197;206m [38;2;192;197;206m=[38;2;192;197;206m [38;2;208;135;112m2.[38;2;208;135;112m0[38;2;192;197;206m;[K
[0m[48;2;79;40;40m[39m- 54    [0m:[39m[48;2;36;25;28m [38;2;192;197;206m    [38;2;180;142;173mlet[38;2;192;197;206m result [38;2;192;197;206m=[38;2;192;197;206m [38;2;192;197;206m([38;2;208;135;112m100.[38;2;208;135;112m0_[38;2;180;142;173mf64[38;2;192;197;206m [38;2;192;197;206m/[38;2;192;197;206m data [38;2;192;197;206mas[38;2;192;197;206m [38;2;180;142;173mf64[38;2;192;197;206m)[38;2;192;197;206m [38;2;192;197;206mas[38;2;192;197;206m [38;2;180;142;173mi32[38;2;192;197;206m;[K
[0m[48;2;40;67;43m[39m+     54[0m:[39m[48;2;24;38;30m [38;2;192;197;206m    [38;2;180;142;173mlet[38;2;192;197;206m result [38;2;192;197;206m=[38;2;192;197;206m [38;2;150;181;180mdouble_to_int_c[38;2;192;197;206m([38;2;208;135;112m100.[38;2;208;135;112m0_[38;2;180;142;173mf64[38;2;192;197;206m [38;2;192;197;206m/[38;2;192;197;206m data [38;2;192;197;206mas[38;2;192;197;206m [38;2;180;142;173mf64[38;2;192;197;206m)[38;2;192;197;206m;[K
[0m[48;2;43;48;59m[39m  55, 55[0m:[39m[48;2;43;48;59m [38;2;192;197;206m    [38;2;150;181;180mprint_int_line[38;2;192;197;206m([38;2;192;197;206mresult[38;2;192;197;206m)[38;2;192;197;206m;[K
[0m[48;2;43;48;59m[39m  56, 56[0m:[39m[48;2;43;48;59m [38;2;192;197;206m}[K
[0m[48;2;43;48;59m[39m  57, 57[0m:[39m[48;2;43;48;59m [K
[0m[48;2;43;48;59m[39m  58, 58[0m:[39m[48;2;43;48;59m [38;2;180;142;173mfn[38;2;192;197;206m [38;2;143;161;179mgood_b2g[38;2;192;197;206m([38;2;191;97;106mreader[38;2;192;197;206m:[38;2;192;197;206m [38;2;192;197;206m&[38;2;180;142;173mmut[38;2;192;197;206m impl BufRead[38;2;192;197;206m)[38;2;192;197;206m [38;2;192;197;206m{[K
[0m[48;2;43;48;59m[39m  59, 59[0m:[39m[48;2;43;48;59m [38;2;192;197;206m    [38;2;180;142;173mlet[38;2;192;197;206m data[38;2;192;197;206m:[38;2;192;197;206m [38;2;180;142;173mf32[38;2;192;197;206m;[K
[0m[48;2;43;48;59m[39m  60, 60[0m:[39m[48;2;43;48;59m [38;2;192;197;206m    [38;2;180;142;173mif[38;2;192;197;206m [38;2;180;142;173mlet[38;2;192;197;206m [38;2;192;197;206mSome[38;2;192;197;206m([38;2;192;197;206mval[38;2;192;197;206m)[38;2;192;197;206m [38;2;192;197;206m=[38;2;192;197;206m [38;2;150;181;180mread_input_float[38;2;192;197;206m([38;2;192;197;206mreader[38;2;192;197;206m)[38;2;192;197;206m [38;2;192;197;206m{[K
[0m[48;2;43;48;59m[39m  61, 61[0m:[39m[48;2;43;48;59m [38;2;192;197;206m        data [38;2;192;197;206m=[38;2;192;197;206m val[38;2;192;197;206m;[K
[0m[48;2;43;48;59m[39m  62, 62[0m:[39m[48;2;43;48;59m [38;2;192;197;206m    [38;2;192;197;206m}[38;2;192;197;206m [38;2;180;142;173melse[38;2;192;197;206m [38;2;192;197;206m{[K
[0m[48;2;43;48;59m[39m  63, 63[0m:[39m[48;2;43;48;59m [38;2;192;197;206m        [38;2;150;181;180mprint_line[38;2;192;197;206m([38;2;192;197;206m"[38;2;163;190;140mfgets() failed.[38;2;192;197;206m"[38;2;192;197;206m)[38;2;192;197;206m;[K
[0m[48;2;43;48;59m[39m  64, 64[0m:[39m[48;2;43;48;59m [38;2;192;197;206m        data [38;2;192;197;206m=[38;2;192;197;206m [38;2;208;135;112m0.[38;2;208;135;112m0_[38;2;180;142;173mf32[38;2;192;197;206m;[K
[0m[48;2;43;48;59m[39m  65, 65[0m:[39m[48;2;43;48;59m [38;2;192;197;206m    [38;2;192;197;206m}[K
[0m[48;2;43;48;59m[39m  66, 66[0m:[39m[48;2;43;48;59m [38;2;192;197;206m    [38;2;180;142;173mif[38;2;192;197;206m [38;2;192;197;206m([38;2;192;197;206mdata [38;2;192;197;206mas[38;2;192;197;206m [38;2;180;142;173mf64[38;2;192;197;206m)[38;2;192;197;206m.[38;2;150;181;180mabs[38;2;192;197;206m([38;2;192;197;206m)[38;2;192;197;206m [38;2;192;197;206m>[38;2;192;197;206m [38;2;208;135;112m0.[38;2;208;135;112m000001[38;2;192;197;206m [38;2;192;197;206m{[K
[0m[48;2;79;40;40m[39m- 67    [0m:[39m[48;2;36;25;28m [38;2;192;197;206m        [38;2;180;142;173mlet[38;2;192;197;206m result [38;2;192;197;206m=[38;2;192;197;206m [38;2;192;197;206m([38;2;208;135;112m100.[38;2;208;135;112m0_[38;2;180;142;173mf64[38;2;192;197;206m [38;2;192;197;206m/[38;2;192;197;206m data [38;2;192;197;206mas[38;2;192;197;206m [38;2;180;142;173mf64[38;2;192;197;206m)[38;2;192;197;206m [38;2;192;197;206mas[38;2;192;197;206m [38;2;180;142;173mi32[38;2;192;197;206m;[K
[0m[48;2;40;67;43m[39m+     67[0m:[39m[48;2;24;38;30m [38;2;192;197;206m        [38;2;180;142;173mlet[38;2;192;197;206m result [38;2;192;197;206m=[38;2;192;197;206m [38;2;150;181;180mdouble_to_int_c[38;2;192;197;206m([38;2;208;135;112m100.[38;2;208;135;112m0_[38;2;180;142;173mf64[38;2;192;197;206m [38;2;192;197;206m/[38;2;192;197;206m data [38;2;192;197;206mas[38;2;192;197;206m [38;2;180;142;173mf64[38;2;192;197;206m)[38;2;192;197;206m;[K
[0m[K
Updating: [38;5;141msrc/main.rs[0m
[38;5;244m - Completed in 0.39s[0m
[38;5;12m[1m [1.6][0m[0m
[?25l[0m[?25l[0m[0mI will run the following command: [38;5;141mcd /local/home/scheschb/reserach/TRACTOR/harvest-agentic/results/B01_synthetic/016_divide_by_zero_float/translated_rust && cargo build --release 2>&1[0m[38;5;244m (using tool: shell)[0m
Purpose: Rebuild after fixing the int cast

   Compiling driver v0.1.0 (/local/home/scheschb/reserach/TRACTOR/harvest-agentic/results/B01_synthetic/016_divide_by_zero_float/translated_rust)
    Finished `release` profile [optimized] target(s) in 0.17s
[38;5;244m - Completed in 0.283s[0m
[38;5;12m[1m [1.7][0m[0m
[?25l[0m[38;5;141m> [0mNow let me verify all test cases match:[0m[0m
[?25l[0m[0mI will run the following command: [38;5;141mcd /local/home/scheschb/reserach/TRACTOR/harvest-agentic/results/B01_synthetic/016_divide_by_zero_float/translated_rust && for input in "5\n3\n" "0\n0\n" "10\n10\n" "\n\n" "abc\nabc\n"; do echo "=== Input: $(echo -e "$input" | tr '\n' '|') ===" ; diff <(printf "$input" | ./target/release/driver) <(printf "$input" | ./c_src/build/driver) && echo "MATCH" || echo "DIFF"; done[0m[38;5;244m (using tool: shell)[0m
Purpose: Compare Rust and C outputs across multiple inputs

=== Input: 5|3|| ===
MATCH
=== Input: 0|0|| ===
MATCH
=== Input: 10|10|| ===
MATCH
=== Input: ||| ===
MATCH
=== Input: abc|abc|| ===
MATCH
[38;5;244m - Completed in 0.29s[0m

[?25l[0m[38;5;141m> [0mAll outputs match byte-for-byte across all test cases including the divide-by-zero edge case.[0m[0m
[?25l[0m[0m[38;5;11mTODO:
[39m[38;5;10m[x] [3m[38;5;244mCreate Cargo.toml[23m
[38;5;10m[x] [3m[38;5;244mCreate src/main.rs with faithful translation[23m
[38;5;10m[x] [3m[38;5;244mBuild and fix any errors[23m[38;5;244m - Completed in 0.5s[0m

[?25l[0m[38;5;141m> [0mTranslation complete. Here's a summary of the key decisions:[0m[0m
[0m[0m
- [38;5;10mfgets[0m → [38;5;10mread_line[0m with truncation to [38;5;10mCHAR_ARRAY_SIZE - 1[0m chars to match C buffer behavior[0m[0m
- [38;5;10matof[0m → [38;5;10mparse::<f64>().unwrap_or(0.0)[0m (returns 0.0 on parse failure, matching C's [38;5;10matof[0m)[0m[0m
- [38;5;10m(float)atof(...)[0m → cast result to [38;5;10mf32[0m to match C's float precision[0m[0m
- [38;5;10m(int)(100.0 / data)[0m → [38;5;10mdouble_to_int_c(100.0_f64 / data as f64)[0m — the division is done in [38;5;10mf64[0m (matching C's implicit promotion of [38;5;10mfloat[0m to [38;5;10mdouble[0m), and the custom [38;5;10mdouble_to_int_c[0m function returns [38;5;10mi32::MIN[0m for inf/nan/out-of-range values, matching x86 GCC's [38;5;10mcvttsd2si[0m instruction behavior for undefined casts[0m[0m
- All safe Rust — no [38;5;10munsafe[0m blocks needed[0m[0m[38;5;12m[1m✓ Created checkpoint 1

[0m[0m
[38;5;8m
 ▸ Credits: 7.04 • Time: 1m 55s

[0m[1G[0m[0m[?25h