Harvest version: c839996a9b423cb4cd576ac7d8208ce48e12e441* (2026-03-12)
Running Benchmarks
Input directory: test-corpus/Public-Tests/B02_organic
Output directory: results/B02_organic
Using All-at-once Translation

Found 44 program directories to process:
  - aabb_lib
  - agglom_lib
  - arr_del_lib
  - arr_ins_lib
  - arr_push_lib
  - basename_lib
  - cJSON_lib
  - call_predict_lib
  - capsule_lib
  - circle_collide_lib
  - convert_pix_lib
  - decode_base64_lib
  - encode_base64_lib
  - file_queue_lib
  - gen_ray_lib
  - get_predict_func_lib
  - gjk_cache_lib
  - gjk_lib
  - helxo_lib
  - hm_geti_lib
  - intput_lib
  - lines_in_buffer_lib
  - load_png_mem_lib
  - omni_collide_lib
  - omni_manifold_lib
  - parse_number_lib
  - parse_uname_lib
  - pinflate_lib
  - poly_ray_lib
  - qmath
  - rdg_genstdout_lib
  - reverse_collide_lib
  - search_and_replace_lib
  - sh_geti_lib
  - sh_puts_lib
  - siphash_lib
  - spec_ray_lib
  - str_dups_lib
  - str_put_lib
  - strdup_lib
  - underhanded-c-luggage
  - underhanded-c-nuke_lib
  - unfilter_lib
  - utf8_lib

================================================================================
Processing example 1 of 44
================================================================================
Translating program: aabb_lib
Input directory: test-corpus/Public-Tests/B02_organic/aabb_lib
Detected project type: library
Output directory: results/B02_organic/aabb_lib
✅ Successfully parsed 5 test case(s)
Rebuilding project as cdylib...
✅ Cdylib build completed successfully
Located library at: results/B02_organic/aabb_lib/target/release/libaabb_lib.so
Test environment prepared
Building test runner...
Runner binary located at: /local/home/scheschb/reserach/TRACTOR/harvest-agentic/results/B02_organic/aabb_lib/target/runner_build/release/_aabb_lib_runner
Validating library outputs against test cases...
Running library test case 3.json (1 of 5)...
✅ Test case 3.json passed
Running library test case 5.json (2 of 5)...
✅ Test case 5.json passed
Running library test case 4.json (3 of 5)...
✅ Test case 4.json passed
Running library test case 1.json (4 of 5)...
✅ Test case 1.json passed
Running library test case 2.json (5 of 5)...
✅ Test case 2.json passed

Results for aabb_lib:
  Translation: ✅
  Rust Build: ✅
  Tests: 5/5 passed (100.0%)

================================================================================
Processing example 2 of 44
================================================================================
Translating program: agglom_lib
Input directory: test-corpus/Public-Tests/B02_organic/agglom_lib
Detected project type: library
Output directory: results/B02_organic/agglom_lib
✅ Successfully parsed 3 test case(s)
Rebuilding project as cdylib...
✅ Cdylib build completed successfully
Located library at: results/B02_organic/agglom_lib/target/release/libagglom_lib.so
Test environment prepared
Building test runner...
Runner binary located at: /local/home/scheschb/reserach/TRACTOR/harvest-agentic/results/B02_organic/agglom_lib/target/runner_build/release/_agglom_lib_runner
Validating library outputs against test cases...
Running library test case 3.json (1 of 3)...
✅ Test case 3.json passed
Running library test case 1.json (2 of 3)...
✅ Test case 1.json passed
Running library test case 2.json (3 of 3)...
✅ Test case 2.json passed

Results for agglom_lib:
  Translation: ✅
  Rust Build: ✅
  Tests: 3/3 passed (100.0%)

================================================================================
Processing example 3 of 44
================================================================================
Translating program: arr_del_lib
Input directory: test-corpus/Public-Tests/B02_organic/arr_del_lib
Detected project type: library
Output directory: results/B02_organic/arr_del_lib
✅ Successfully parsed 3 test case(s)
Rebuilding project as cdylib...
✅ Cdylib build completed successfully
Located library at: results/B02_organic/arr_del_lib/target/release/libarr_del_lib.so
Test environment prepared
Building test runner...
Runner binary located at: /local/home/scheschb/reserach/TRACTOR/harvest-agentic/results/B02_organic/arr_del_lib/target/runner_build/release/_arr_del_lib_runner
Validating library outputs against test cases...
Running library test case 3.json (1 of 3)...
✅ Test case 3.json passed
Running library test case 1.json (2 of 3)...
✅ Test case 1.json passed
Running library test case 2.json (3 of 3)...
✅ Test case 2.json passed

Results for arr_del_lib:
  Translation: ✅
  Rust Build: ✅
  Tests: 3/3 passed (100.0%)

================================================================================
Processing example 4 of 44
================================================================================
Translating program: arr_ins_lib
Input directory: test-corpus/Public-Tests/B02_organic/arr_ins_lib
Detected project type: library
Output directory: results/B02_organic/arr_ins_lib
✅ Successfully parsed 3 test case(s)
Rebuilding project as cdylib...
✅ Cdylib build completed successfully
Located library at: results/B02_organic/arr_ins_lib/target/release/libarr_ins_lib.so
Test environment prepared
Building test runner...
Runner binary located at: /local/home/scheschb/reserach/TRACTOR/harvest-agentic/results/B02_organic/arr_ins_lib/target/runner_build/release/_arr_ins_lib_runner
Validating library outputs against test cases...
Running library test case 3.json (1 of 3)...
✅ Test case 3.json passed
Running library test case 1.json (2 of 3)...
✅ Test case 1.json passed
Running library test case 2.json (3 of 3)...
✅ Test case 2.json passed

Results for arr_ins_lib:
  Translation: ✅
  Rust Build: ✅
  Tests: 3/3 passed (100.0%)

================================================================================
Processing example 5 of 44
================================================================================
Translating program: arr_push_lib
Input directory: test-corpus/Public-Tests/B02_organic/arr_push_lib
Detected project type: library
Output directory: results/B02_organic/arr_push_lib
✅ Successfully parsed 3 test case(s)
Rebuilding project as cdylib...
✅ Cdylib build completed successfully
Located library at: results/B02_organic/arr_push_lib/target/release/libarr_push_lib.so
Test environment prepared
Building test runner...
Runner binary located at: /local/home/scheschb/reserach/TRACTOR/harvest-agentic/results/B02_organic/arr_push_lib/target/runner_build/release/_arr_push_lib_runner
Validating library outputs against test cases...
Running library test case 3.json (1 of 3)...
✅ Test case 3.json passed
Running library test case 1.json (2 of 3)...
✅ Test case 1.json passed
Running library test case 2.json (3 of 3)...
✅ Test case 2.json passed

Results for arr_push_lib:
  Translation: ✅
  Rust Build: ✅
  Tests: 3/3 passed (100.0%)

================================================================================
Processing example 6 of 44
================================================================================
Translating program: basename_lib
Input directory: test-corpus/Public-Tests/B02_organic/basename_lib
Detected project type: library
Output directory: results/B02_organic/basename_lib
✅ Successfully parsed 10 test case(s)
Rebuilding project as cdylib...
✅ Cdylib build completed successfully
Located library at: results/B02_organic/basename_lib/target/release/libbasename_lib.so
Test environment prepared
Building test runner...
Runner binary located at: /local/home/scheschb/reserach/TRACTOR/harvest-agentic/results/B02_organic/basename_lib/target/runner_build/release/_basename_lib_runner
Validating library outputs against test cases...
Running library test case test01.json (1 of 10)...
✅ Test case test01.json passed
Running library test case test03.json (2 of 10)...
✅ Test case test03.json passed
Running library test case test09.json (3 of 10)...
✅ Test case test09.json passed
Running library test case test07.json (4 of 10)...
✅ Test case test07.json passed
Running library test case test04.json (5 of 10)...
✅ Test case test04.json passed
Running library test case test05.json (6 of 10)...
✅ Test case test05.json passed
Running library test case test08.json (7 of 10)...
✅ Test case test08.json passed
Running library test case test02.json (8 of 10)...
✅ Test case test02.json passed
Running library test case test10.json (9 of 10)...
✅ Test case test10.json passed
Running library test case test06.json (10 of 10)...
✅ Test case test06.json passed

Results for basename_lib:
  Translation: ✅
  Rust Build: ✅
  Tests: 10/10 passed (100.0%)

================================================================================
Processing example 7 of 44
================================================================================
Translating program: cJSON_lib
Input directory: test-corpus/Public-Tests/B02_organic/cJSON_lib
Detected project type: library
Output directory: results/B02_organic/cJSON_lib

================================================================================
Processing example 8 of 44
================================================================================
Translating program: call_predict_lib
Input directory: test-corpus/Public-Tests/B02_organic/call_predict_lib
Detected project type: library
Output directory: results/B02_organic/call_predict_lib
✅ Successfully parsed 13 test case(s)
Rebuilding project as cdylib...
✅ Cdylib build completed successfully
Located library at: results/B02_organic/call_predict_lib/target/release/libcall_predict_lib.so
Test environment prepared
Building test runner...
Runner binary located at: /local/home/scheschb/reserach/TRACTOR/harvest-agentic/results/B02_organic/call_predict_lib/target/runner_build/release/_call_predict_lib_runner
Validating library outputs against test cases...
Running library test case 13.json (1 of 13)...
✅ Test case 13.json passed
Running library test case 8.json (2 of 13)...
✅ Test case 8.json passed
Running library test case 9.json (3 of 13)...
✅ Test case 9.json passed
Running library test case 12.json (4 of 13)...
✅ Test case 12.json passed
Running library test case 3.json (5 of 13)...
✅ Test case 3.json passed
Running library test case 5.json (6 of 13)...
✅ Test case 5.json passed
Running library test case 7.json (7 of 13)...
✅ Test case 7.json passed
Running library test case 4.json (8 of 13)...
✅ Test case 4.json passed
Running library test case 1.json (9 of 13)...
✅ Test case 1.json passed
Running library test case 11.json (10 of 13)...
✅ Test case 11.json passed
Running library test case 6.json (11 of 13)...
✅ Test case 6.json passed
Running library test case 10.json (12 of 13)...
✅ Test case 10.json passed
Running library test case 2.json (13 of 13)...
✅ Test case 2.json passed

Results for call_predict_lib:
  Translation: ✅
  Rust Build: ✅
  Tests: 13/13 passed (100.0%)

================================================================================
Processing example 9 of 44
================================================================================
Translating program: capsule_lib
Input directory: test-corpus/Public-Tests/B02_organic/capsule_lib
Detected project type: library
Output directory: results/B02_organic/capsule_lib
✅ Successfully parsed 5 test case(s)
Rebuilding project as cdylib...
✅ Cdylib build completed successfully
Located library at: results/B02_organic/capsule_lib/target/release/libcapsule_lib.so
Test environment prepared
Building test runner...
Runner binary located at: /local/home/scheschb/reserach/TRACTOR/harvest-agentic/results/B02_organic/capsule_lib/target/runner_build/release/_capsule_lib_runner
Validating library outputs against test cases...
Running library test case 3.json (1 of 5)...
✅ Test case 3.json passed
Running library test case 5.json (2 of 5)...
✅ Test case 5.json passed
Running library test case 4.json (3 of 5)...
✅ Test case 4.json passed
Running library test case 1.json (4 of 5)...
✅ Test case 1.json passed
Running library test case 2.json (5 of 5)...
✅ Test case 2.json passed

Results for capsule_lib:
  Translation: ✅
  Rust Build: ✅
  Tests: 5/5 passed (100.0%)

================================================================================
Processing example 10 of 44
================================================================================
Translating program: circle_collide_lib
Input directory: test-corpus/Public-Tests/B02_organic/circle_collide_lib
Detected project type: library
Output directory: results/B02_organic/circle_collide_lib
✅ Successfully parsed 5 test case(s)
Rebuilding project as cdylib...
✅ Cdylib build completed successfully
Located library at: results/B02_organic/circle_collide_lib/target/release/libcircle_collide_lib.so
Test environment prepared
Building test runner...
Runner binary located at: /local/home/scheschb/reserach/TRACTOR/harvest-agentic/results/B02_organic/circle_collide_lib/target/runner_build/release/_circle_collide_lib_runner
Validating library outputs against test cases...
Running library test case 3.json (1 of 5)...
✅ Test case 3.json passed
Running library test case 5.json (2 of 5)...
✅ Test case 5.json passed
Running library test case 4.json (3 of 5)...
✅ Test case 4.json passed
Running library test case 1.json (4 of 5)...
✅ Test case 1.json passed
Running library test case 2.json (5 of 5)...
✅ Test case 2.json passed

Results for circle_collide_lib:
  Translation: ✅
  Rust Build: ✅
  Tests: 5/5 passed (100.0%)

================================================================================
Processing example 11 of 44
================================================================================
Translating program: convert_pix_lib
Input directory: test-corpus/Public-Tests/B02_organic/convert_pix_lib
Detected project type: library
Output directory: results/B02_organic/convert_pix_lib
✅ Successfully parsed 9 test case(s)
Rebuilding project as cdylib...
✅ Cdylib build completed successfully
Located library at: results/B02_organic/convert_pix_lib/target/release/libconvert_pix_lib.so
Test environment prepared
Building test runner...
Runner binary located at: /local/home/scheschb/reserach/TRACTOR/harvest-agentic/results/B02_organic/convert_pix_lib/target/runner_build/release/_convert_pix_lib_runner
Validating library outputs against test cases...
Running library test case 8.json (1 of 9)...
✅ Test case 8.json passed
Running library test case 0.json (2 of 9)...
✅ Test case 0.json passed
Running library test case 3.json (3 of 9)...
✅ Test case 3.json passed
Running library test case 5.json (4 of 9)...
✅ Test case 5.json passed
Running library test case 7.json (5 of 9)...
✅ Test case 7.json passed
Running library test case 4.json (6 of 9)...
✅ Test case 4.json passed
Running library test case 1.json (7 of 9)...
✅ Test case 1.json passed
Running library test case 6.json (8 of 9)...
✅ Test case 6.json passed
Running library test case 2.json (9 of 9)...
✅ Test case 2.json passed

Results for convert_pix_lib:
  Translation: ✅
  Rust Build: ✅
  Tests: 9/9 passed (100.0%)

================================================================================
Processing example 12 of 44
================================================================================
Translating program: decode_base64_lib
Input directory: test-corpus/Public-Tests/B02_organic/decode_base64_lib
Detected project type: library
Output directory: results/B02_organic/decode_base64_lib
✅ Successfully parsed 10 test case(s)
Rebuilding project as cdylib...
✅ Cdylib build completed successfully
Located library at: results/B02_organic/decode_base64_lib/target/release/libdecode_base64_lib.so
Test environment prepared
Building test runner...
Runner binary located at: /local/home/scheschb/reserach/TRACTOR/harvest-agentic/results/B02_organic/decode_base64_lib/target/runner_build/release/_decode_base64_lib_runner
Validating library outputs against test cases...
Running library test case test01.json (1 of 10)...
✅ Test case test01.json passed
Running library test case test03.json (2 of 10)...
✅ Test case test03.json passed
Running library test case test09.json (3 of 10)...
✅ Test case test09.json passed
Running library test case test07.json (4 of 10)...
✅ Test case test07.json passed
Running library test case test04.json (5 of 10)...
✅ Test case test04.json passed
Running library test case test05.json (6 of 10)...
✅ Test case test05.json passed
Running library test case test08.json (7 of 10)...
✅ Test case test08.json passed
Running library test case test02.json (8 of 10)...
✅ Test case test02.json passed
Running library test case test06.json (10 of 10)...
✅ Test case test06.json passed

Results for decode_base64_lib:
  Translation: ✅
  Rust Build: ✅
  Tests: 10/10 passed (100.0%)

================================================================================
Processing example 13 of 44
================================================================================
Translating program: encode_base64_lib
Input directory: test-corpus/Public-Tests/B02_organic/encode_base64_lib
Detected project type: library
Output directory: results/B02_organic/encode_base64_lib
✅ Successfully parsed 10 test case(s)
Rebuilding project as cdylib...
✅ Cdylib build completed successfully
Located library at: results/B02_organic/encode_base64_lib/target/release/libencode_base64_lib.so
Test environment prepared
Building test runner...
Runner binary located at: /local/home/scheschb/reserach/TRACTOR/harvest-agentic/results/B02_organic/encode_base64_lib/target/runner_build/release/_encode_base64_lib_runner
Validating library outputs against test cases...
Running library test case test01.json (1 of 10)...
✅ Test case test01.json passed
Running library test case test03.json (2 of 10)...
✅ Test case test03.json passed
Running library test case test09.json (3 of 10)...
✅ Test case test09.json passed
Running library test case test07.json (4 of 10)...
✅ Test case test07.json passed
Running library test case test04.json (5 of 10)...
✅ Test case test04.json passed
Running library test case test05.json (6 of 10)...
✅ Test case test05.json passed
Running library test case test08.json (7 of 10)...
✅ Test case test08.json passed
Running library test case test02.json (8 of 10)...
✅ Test case test02.json passed
Running library test case test06.json (10 of 10)...
✅ Test case test06.json passed

Results for encode_base64_lib:
  Translation: ✅
  Rust Build: ✅
  Tests: 10/10 passed (100.0%)

================================================================================
Processing example 14 of 44
================================================================================
Translating program: file_queue_lib
Input directory: test-corpus/Public-Tests/B02_organic/file_queue_lib
Detected project type: library
Output directory: results/B02_organic/file_queue_lib
✅ Successfully parsed 10 test case(s)
Rebuilding project as cdylib...
✅ Cdylib build completed successfully
Located library at: results/B02_organic/file_queue_lib/target/release/libfile_queue_lib.so
Test environment prepared
Building test runner...
Runner binary located at: /local/home/scheschb/reserach/TRACTOR/harvest-agentic/results/B02_organic/file_queue_lib/target/runner_build/release/_file_queue_lib_runner
Validating library outputs against test cases...
Running library test case test01.json (1 of 10)...
✅ Test case test01.json passed
Running library test case test03.json (2 of 10)...
✅ Test case test03.json passed
Running library test case test09.json (3 of 10)...
✅ Test case test09.json passed
Running library test case test07.json (4 of 10)...
✅ Test case test07.json passed
Running library test case test04.json (5 of 10)...
✅ Test case test04.json passed
Running library test case test05.json (6 of 10)...
✅ Test case test05.json passed
Running library test case test08.json (7 of 10)...
✅ Test case test08.json passed
Running library test case test02.json (8 of 10)...
✅ Test case test02.json passed
Running library test case test10.json (9 of 10)...
✅ Test case test10.json passed
Running library test case test06.json (10 of 10)...
✅ Test case test06.json passed

Results for file_queue_lib:
  Translation: ✅
  Rust Build: ✅
  Tests: 10/10 passed (100.0%)

================================================================================
Processing example 15 of 44
================================================================================
Translating program: gen_ray_lib
Input directory: test-corpus/Public-Tests/B02_organic/gen_ray_lib
Detected project type: library
Output directory: results/B02_organic/gen_ray_lib
✅ Successfully parsed 1 test case(s)
Rebuilding project as cdylib...
✅ Cdylib build completed successfully
Located library at: results/B02_organic/gen_ray_lib/target/release/libgen_ray_lib.so
Test environment prepared
Building test runner...
Runner binary located at: /local/home/scheschb/reserach/TRACTOR/harvest-agentic/results/B02_organic/gen_ray_lib/target/runner_build/release/_gen_ray_lib_runner
Validating library outputs against test cases...
Running library test case 2.json (1 of 1)...
✅ Test case 2.json passed

Results for gen_ray_lib:
  Translation: ✅
  Rust Build: ✅
  Tests: 1/1 passed (100.0%)

================================================================================
Processing example 16 of 44
================================================================================
Translating program: get_predict_func_lib
Input directory: test-corpus/Public-Tests/B02_organic/get_predict_func_lib
Detected project type: library
Output directory: results/B02_organic/get_predict_func_lib
✅ Successfully parsed 13 test case(s)
Rebuilding project as cdylib...
✅ Cdylib build completed successfully
Located library at: results/B02_organic/get_predict_func_lib/target/release/libget_predict_func_lib.so
Test environment prepared
Building test runner...
Runner binary located at: /local/home/scheschb/reserach/TRACTOR/harvest-agentic/results/B02_organic/get_predict_func_lib/target/runner_build/release/_get_predict_func_lib_runner
Validating library outputs against test cases...
Running library test case 13.json (1 of 13)...
✅ Test case 13.json passed
Running library test case 8.json (2 of 13)...
✅ Test case 8.json passed
Running library test case 9.json (3 of 13)...
✅ Test case 9.json passed
Running library test case 12.json (4 of 13)...
✅ Test case 12.json passed
Running library test case 3.json (5 of 13)...
✅ Test case 3.json passed
Running library test case 5.json (6 of 13)...
✅ Test case 5.json passed
Running library test case 7.json (7 of 13)...
✅ Test case 7.json passed
Running library test case 4.json (8 of 13)...
✅ Test case 4.json passed
Running library test case 1.json (9 of 13)...
✅ Test case 1.json passed
Running library test case 11.json (10 of 13)...
✅ Test case 11.json passed
Running library test case 6.json (11 of 13)...
✅ Test case 6.json passed
Running library test case 10.json (12 of 13)...
✅ Test case 10.json passed
Running library test case 2.json (13 of 13)...
✅ Test case 2.json passed

Results for get_predict_func_lib:
  Translation: ✅
  Rust Build: ✅
  Tests: 13/13 passed (100.0%)

================================================================================
Processing example 17 of 44
================================================================================
Translating program: gjk_cache_lib
Input directory: test-corpus/Public-Tests/B02_organic/gjk_cache_lib
Detected project type: library
Output directory: results/B02_organic/gjk_cache_lib
✅ Successfully parsed 3 test case(s)
Rebuilding project as cdylib...
✅ Cdylib build completed successfully
Located library at: results/B02_organic/gjk_cache_lib/target/release/libgjk_cache_lib.so
Test environment prepared
Building test runner...
Runner binary located at: /local/home/scheschb/reserach/TRACTOR/harvest-agentic/results/B02_organic/gjk_cache_lib/target/runner_build/release/_gjk_cache_lib_runner
Validating library outputs against test cases...
Running library test case 3.json (1 of 3)...
✅ Test case 3.json passed
Running library test case 1.json (2 of 3)...
✅ Test case 1.json passed
Running library test case 2.json (3 of 3)...
✅ Test case 2.json passed

Results for gjk_cache_lib:
  Translation: ✅
  Rust Build: ✅
  Tests: 3/3 passed (100.0%)

================================================================================
Processing example 18 of 44
================================================================================
Translating program: gjk_lib
Input directory: test-corpus/Public-Tests/B02_organic/gjk_lib
Detected project type: library
Output directory: results/B02_organic/gjk_lib
✅ Successfully parsed 3 test case(s)
Rebuilding project as cdylib...
✅ Cdylib build completed successfully
Located library at: results/B02_organic/gjk_lib/target/release/libgjk_lib.so
Test environment prepared
Building test runner...
Runner binary located at: /local/home/scheschb/reserach/TRACTOR/harvest-agentic/results/B02_organic/gjk_lib/target/runner_build/release/_gjk_lib_runner
Validating library outputs against test cases...
Running library test case 3.json (1 of 3)...
✅ Test case 3.json passed
Running library test case 1.json (2 of 3)...
✅ Test case 1.json passed
Running library test case 2.json (3 of 3)...
✅ Test case 2.json passed

Results for gjk_lib:
  Translation: ✅
  Rust Build: ✅
  Tests: 3/3 passed (100.0%)

================================================================================
Processing example 19 of 44
================================================================================
Translating program: helxo_lib
Input directory: test-corpus/Public-Tests/B02_organic/helxo_lib
Detected project type: library
Output directory: results/B02_organic/helxo_lib
✅ Successfully parsed 3 test case(s)
Rebuilding project as cdylib...
✅ Cdylib build completed successfully
Located library at: results/B02_organic/helxo_lib/target/release/libhelxo_lib.so
Test environment prepared
Building test runner...
Runner binary located at: /local/home/scheschb/reserach/TRACTOR/harvest-agentic/results/B02_organic/helxo_lib/target/runner_build/release/_helxo_lib_runner
Validating library outputs against test cases...
Running library test case 3.json (1 of 3)...
✅ Test case 3.json passed
Running library test case 1.json (2 of 3)...
✅ Test case 1.json passed
Running library test case 2.json (3 of 3)...
✅ Test case 2.json passed

Results for helxo_lib:
  Translation: ✅
  Rust Build: ✅
  Tests: 3/3 passed (100.0%)

================================================================================
Processing example 20 of 44
================================================================================
Translating program: hm_geti_lib
Input directory: test-corpus/Public-Tests/B02_organic/hm_geti_lib
Detected project type: library
Output directory: results/B02_organic/hm_geti_lib
✅ Successfully parsed 3 test case(s)
Rebuilding project as cdylib...
✅ Cdylib build completed successfully
Located library at: results/B02_organic/hm_geti_lib/target/release/libhm_geti_lib.so
Test environment prepared
Building test runner...
Runner binary located at: /local/home/scheschb/reserach/TRACTOR/harvest-agentic/results/B02_organic/hm_geti_lib/target/runner_build/release/_hm_geti_lib_runner
Validating library outputs against test cases...
Running library test case 3.json (1 of 3)...
✅ Test case 3.json passed
Running library test case 1.json (2 of 3)...
✅ Test case 1.json passed
Running library test case 2.json (3 of 3)...
✅ Test case 2.json passed

Results for hm_geti_lib:
  Translation: ✅
  Rust Build: ✅
  Tests: 3/3 passed (100.0%)

================================================================================
Processing example 21 of 44
================================================================================
Translating program: intput_lib
Input directory: test-corpus/Public-Tests/B02_organic/intput_lib
Detected project type: library
Output directory: results/B02_organic/intput_lib
✅ Successfully parsed 3 test case(s)
Rebuilding project as cdylib...
✅ Cdylib build completed successfully
Located library at: results/B02_organic/intput_lib/target/release/libintput_lib.so
Test environment prepared
Building test runner...
Runner binary located at: /local/home/scheschb/reserach/TRACTOR/harvest-agentic/results/B02_organic/intput_lib/target/runner_build/release/_intput_lib_runner
Validating library outputs against test cases...
Running library test case 3.json (1 of 3)...
✅ Test case 3.json passed
Running library test case 1.json (2 of 3)...
✅ Test case 1.json passed
Running library test case 2.json (3 of 3)...
✅ Test case 2.json passed

Results for intput_lib:
  Translation: ✅
  Rust Build: ✅
  Tests: 3/3 passed (100.0%)

================================================================================
Processing example 22 of 44
================================================================================
Translating program: lines_in_buffer_lib
Input directory: test-corpus/Public-Tests/B02_organic/lines_in_buffer_lib
Detected project type: library
Output directory: results/B02_organic/lines_in_buffer_lib
✅ Successfully parsed 10 test case(s)
Rebuilding project as cdylib...
✅ Cdylib build completed successfully
Located library at: results/B02_organic/lines_in_buffer_lib/target/release/liblines_in_buffer_lib.so
Test environment prepared
Building test runner...
Runner binary located at: /local/home/scheschb/reserach/TRACTOR/harvest-agentic/results/B02_organic/lines_in_buffer_lib/target/runner_build/release/_lines_in_buffer_lib_runner
Validating library outputs against test cases...
Running library test case test01.json (1 of 10)...
✅ Test case test01.json passed
Running library test case test03.json (2 of 10)...
✅ Test case test03.json passed
Running library test case test09.json (3 of 10)...
✅ Test case test09.json passed
Running library test case test07.json (4 of 10)...
✅ Test case test07.json passed
Running library test case test04.json (5 of 10)...
✅ Test case test04.json passed
Running library test case test05.json (6 of 10)...
✅ Test case test05.json passed
Running library test case test08.json (7 of 10)...
✅ Test case test08.json passed
Running library test case test02.json (8 of 10)...
✅ Test case test02.json passed
Running library test case test10.json (9 of 10)...
✅ Test case test10.json passed
Running library test case test06.json (10 of 10)...
✅ Test case test06.json passed

Results for lines_in_buffer_lib:
  Translation: ✅
  Rust Build: ✅
  Tests: 10/10 passed (100.0%)

================================================================================
Processing example 23 of 44
================================================================================
Translating program: load_png_mem_lib
Input directory: test-corpus/Public-Tests/B02_organic/load_png_mem_lib
Detected project type: library
Output directory: results/B02_organic/load_png_mem_lib
✅ Successfully parsed 8 test case(s)
Rebuilding project as cdylib...
✅ Cdylib build completed successfully
Located library at: results/B02_organic/load_png_mem_lib/target/release/libload_png_mem_lib.so
Test environment prepared
Building test runner...
Runner binary located at: /local/home/scheschb/reserach/TRACTOR/harvest-agentic/results/B02_organic/load_png_mem_lib/target/runner_build/release/_load_png_mem_lib_runner
Validating library outputs against test cases...
Running library test case 8.json (1 of 8)...
✅ Test case 8.json passed
Running library test case 3.json (2 of 8)...
✅ Test case 3.json passed
Running library test case 5.json (3 of 8)...
✅ Test case 5.json passed
Running library test case 7.json (4 of 8)...
✅ Test case 7.json passed
Running library test case 4.json (5 of 8)...
✅ Test case 4.json passed
Running library test case 1.json (6 of 8)...
✅ Test case 1.json passed
Running library test case 6.json (7 of 8)...
✅ Test case 6.json passed
Running library test case 2.json (8 of 8)...
✅ Test case 2.json passed

Results for load_png_mem_lib:
  Translation: ✅
  Rust Build: ✅
  Tests: 8/8 passed (100.0%)

================================================================================
Processing example 24 of 44
================================================================================
Translating program: omni_collide_lib
Input directory: test-corpus/Public-Tests/B02_organic/omni_collide_lib
Detected project type: library
Output directory: results/B02_organic/omni_collide_lib
✅ Successfully parsed 7 test case(s)
Rebuilding project as cdylib...
✅ Cdylib build completed successfully
Located library at: results/B02_organic/omni_collide_lib/target/release/libomni_collide_lib.so
Test environment prepared
Building test runner...
Runner binary located at: /local/home/scheschb/reserach/TRACTOR/harvest-agentic/results/B02_organic/omni_collide_lib/target/runner_build/release/_omni_collide_lib_runner
Validating library outputs against test cases...
Running library test case 3.json (1 of 7)...
✅ Test case 3.json passed
Running library test case 5.json (2 of 7)...
✅ Test case 5.json passed
Running library test case 7.json (3 of 7)...
✅ Test case 7.json passed
Running library test case 4.json (4 of 7)...
✅ Test case 4.json passed
Running library test case 1.json (5 of 7)...
✅ Test case 1.json passed
Running library test case 6.json (6 of 7)...
✅ Test case 6.json passed
Running library test case 2.json (7 of 7)...
✅ Test case 2.json passed

Results for omni_collide_lib:
  Translation: ✅
  Rust Build: ✅
  Tests: 7/7 passed (100.0%)

================================================================================
Processing example 25 of 44
================================================================================
Translating program: omni_manifold_lib
Input directory: test-corpus/Public-Tests/B02_organic/omni_manifold_lib
Detected project type: library
Output directory: results/B02_organic/omni_manifold_lib
✅ Successfully parsed 7 test case(s)
Rebuilding project as cdylib...
✅ Cdylib build completed successfully
Located library at: results/B02_organic/omni_manifold_lib/target/release/libomni_manifold_lib.so
Test environment prepared
Building test runner...
Runner binary located at: /local/home/scheschb/reserach/TRACTOR/harvest-agentic/results/B02_organic/omni_manifold_lib/target/runner_build/release/_omni_manifold_lib_runner
Validating library outputs against test cases...
Running library test case 3.json (1 of 7)...
✅ Test case 3.json passed
Running library test case 5.json (2 of 7)...
✅ Test case 5.json passed
Running library test case 7.json (3 of 7)...
✅ Test case 7.json passed
Running library test case 4.json (4 of 7)...
✅ Test case 4.json passed
Running library test case 1.json (5 of 7)...
✅ Test case 1.json passed
Running library test case 6.json (6 of 7)...
✅ Test case 6.json passed
Running library test case 2.json (7 of 7)...
✅ Test case 2.json passed

Results for omni_manifold_lib:
  Translation: ✅
  Rust Build: ✅
  Tests: 7/7 passed (100.0%)

================================================================================
Processing example 26 of 44
================================================================================
Translating program: parse_number_lib
Input directory: test-corpus/Public-Tests/B02_organic/parse_number_lib
Detected project type: library
Output directory: results/B02_organic/parse_number_lib
✅ Successfully parsed 10 test case(s)
Rebuilding project as cdylib...
✅ Cdylib build completed successfully
Located library at: results/B02_organic/parse_number_lib/target/release/libparse_number_lib.so
Test environment prepared
Building test runner...
Runner binary located at: /local/home/scheschb/reserach/TRACTOR/harvest-agentic/results/B02_organic/parse_number_lib/target/runner_build/release/_parse_number_lib_runner
Validating library outputs against test cases...
Running library test case test01.json (1 of 10)...
✅ Test case test01.json passed
Running library test case test03.json (2 of 10)...
✅ Test case test03.json passed
Running library test case test09.json (3 of 10)...
✅ Test case test09.json passed
Running library test case test07.json (4 of 10)...
✅ Test case test07.json passed
Running library test case test04.json (5 of 10)...
✅ Test case test04.json passed
Running library test case test05.json (6 of 10)...
✅ Test case test05.json passed
Running library test case test08.json (7 of 10)...
✅ Test case test08.json passed
Running library test case test02.json (8 of 10)...
✅ Test case test02.json passed
Running library test case test10.json (9 of 10)...
✅ Test case test10.json passed
Running library test case test06.json (10 of 10)...
✅ Test case test06.json passed

Results for parse_number_lib:
  Translation: ✅
  Rust Build: ✅
  Tests: 10/10 passed (100.0%)

================================================================================
Processing example 27 of 44
================================================================================
Translating program: parse_uname_lib
Input directory: test-corpus/Public-Tests/B02_organic/parse_uname_lib
Detected project type: library
Output directory: results/B02_organic/parse_uname_lib
✅ Successfully parsed 10 test case(s)
Rebuilding project as cdylib...
✅ Cdylib build completed successfully
Located library at: results/B02_organic/parse_uname_lib/target/release/libparse_uname_lib.so
Test environment prepared
Building test runner...
Runner binary located at: /local/home/scheschb/reserach/TRACTOR/harvest-agentic/results/B02_organic/parse_uname_lib/target/runner_build/release/_parse_uname_lib_runner
Validating library outputs against test cases...
Running library test case test03.json (2 of 10)...
✅ Test case test03.json passed
Running library test case test09.json (3 of 10)...
✅ Test case test09.json passed
Running library test case test07.json (4 of 10)...
✅ Test case test07.json passed
Running library test case test04.json (5 of 10)...
✅ Test case test04.json passed
Running library test case test05.json (6 of 10)...
✅ Test case test05.json passed
Running library test case test08.json (7 of 10)...
✅ Test case test08.json passed
Running library test case test02.json (8 of 10)...
✅ Test case test02.json passed
Running library test case test10.json (9 of 10)...
✅ Test case test10.json passed
Running library test case test06.json (10 of 10)...
✅ Test case test06.json passed

Results for parse_uname_lib:
  Translation: ✅
  Rust Build: ✅
  Tests: 10/10 passed (100.0%)

================================================================================
Processing example 28 of 44
================================================================================
Translating program: pinflate_lib
Input directory: test-corpus/Public-Tests/B02_organic/pinflate_lib
Detected project type: library
Output directory: results/B02_organic/pinflate_lib
✅ Successfully parsed 8 test case(s)
Rebuilding project as cdylib...
✅ Cdylib build completed successfully
Located library at: results/B02_organic/pinflate_lib/target/release/libpinflate_lib.so
Test environment prepared
Building test runner...
Runner binary located at: /local/home/scheschb/reserach/TRACTOR/harvest-agentic/results/B02_organic/pinflate_lib/target/runner_build/release/_pinflate_lib_runner
Validating library outputs against test cases...
Running library test case 8.json (1 of 8)...
✅ Test case 8.json passed
Running library test case 3.json (2 of 8)...
✅ Test case 3.json passed
Running library test case 5.json (3 of 8)...
✅ Test case 5.json passed
Running library test case 7.json (4 of 8)...
✅ Test case 7.json passed
Running library test case 4.json (5 of 8)...
✅ Test case 4.json passed
Running library test case 1.json (6 of 8)...
✅ Test case 1.json passed
Running library test case 6.json (7 of 8)...
✅ Test case 6.json passed
Running library test case 2.json (8 of 8)...
✅ Test case 2.json passed

Results for pinflate_lib:
  Translation: ✅
  Rust Build: ✅
  Tests: 8/8 passed (100.0%)

================================================================================
Processing example 29 of 44
================================================================================
Translating program: poly_ray_lib
Input directory: test-corpus/Public-Tests/B02_organic/poly_ray_lib
Detected project type: library
Output directory: results/B02_organic/poly_ray_lib
✅ Successfully parsed 1 test case(s)
Rebuilding project as cdylib...
✅ Cdylib build completed successfully
Located library at: results/B02_organic/poly_ray_lib/target/release/libpoly_ray_lib.so
Test environment prepared
Building test runner...
Runner binary located at: /local/home/scheschb/reserach/TRACTOR/harvest-agentic/results/B02_organic/poly_ray_lib/target/runner_build/release/_poly_ray_lib_runner
Validating library outputs against test cases...
Running library test case 1.json (1 of 1)...
✅ Test case 1.json passed

Results for poly_ray_lib:
  Translation: ✅
  Rust Build: ✅
  Tests: 1/1 passed (100.0%)

================================================================================
Processing example 30 of 44
================================================================================
Translating program: qmath
Input directory: test-corpus/Public-Tests/B02_organic/qmath
Detected project type: executable
Output directory: results/B02_organic/qmath
✅ Successfully parsed 4 test case(s)
Validating Rust binary outputs against test cases...
Running test case test1.json (1 of 4)...
Validating output for test case with args: ["0.0", "0.0", "0.0"] stdin: Some("")
✅ Test case test1.json passed
Running test case test2.json (2 of 4)...
Validating output for test case with args: ["1.0", "1.0", "34028234663852885.000000"] stdin: Some("")
✅ Test case test2.json passed
Running test case test3.json (3 of 4)...
Validating output for test case with args: ["1.0", "-1.0", "0.0"] stdin: Some("")
✅ Test case test3.json passed
Running test case test0.json (4 of 4)...
Validating output for test case with args: ["1.0", "1.0", "1.0"] stdin: Some("")
✅ Test case test0.json passed

Results for qmath:
  Translation: ✅
  Rust Build: ✅
  Tests: 4/4 passed (100.0%)

================================================================================
Processing example 31 of 44
================================================================================
Translating program: rdg_genstdout_lib
Input directory: test-corpus/Public-Tests/B02_organic/rdg_genstdout_lib
Detected project type: library
Output directory: results/B02_organic/rdg_genstdout_lib
✅ Successfully parsed 9 test case(s)
Rebuilding project as cdylib...
✅ Cdylib build completed successfully
Located library at: results/B02_organic/rdg_genstdout_lib/target/release/librdg_genstdout_lib.so
Test environment prepared
Building test runner...
Runner binary located at: /local/home/scheschb/reserach/TRACTOR/harvest-agentic/results/B02_organic/rdg_genstdout_lib/target/runner_build/release/_rdg_genstdout_lib_runner
Validating library outputs against test cases...
Running library test case test01.json (1 of 9)...
✅ Test case test01.json passed
Running library test case test07.json (3 of 9)...
✅ Test case test07.json passed
Running library test case test04.json (4 of 9)...
✅ Test case test04.json passed
Running library test case test05.json (5 of 9)...
✅ Test case test05.json passed
Running library test case test08.json (6 of 9)...
✅ Test case test08.json passed
Running library test case test02.json (7 of 9)...
✅ Test case test02.json passed
Running library test case test10.json (8 of 9)...
✅ Test case test10.json passed
Running library test case test06.json (9 of 9)...
✅ Test case test06.json passed

Results for rdg_genstdout_lib:
  Translation: ✅
  Rust Build: ✅
  Tests: 9/9 passed (100.0%)

================================================================================
Processing example 32 of 44
================================================================================
Translating program: reverse_collide_lib
Input directory: test-corpus/Public-Tests/B02_organic/reverse_collide_lib
Detected project type: library
Output directory: results/B02_organic/reverse_collide_lib
✅ Successfully parsed 5 test case(s)
Rebuilding project as cdylib...
✅ Cdylib build completed successfully
Located library at: results/B02_organic/reverse_collide_lib/target/release/libreverse_collide_lib.so
Test environment prepared
Building test runner...
Runner binary located at: /local/home/scheschb/reserach/TRACTOR/harvest-agentic/results/B02_organic/reverse_collide_lib/target/runner_build/release/_reverse_collide_lib_runner
Validating library outputs against test cases...
Running library test case 3.json (1 of 5)...
✅ Test case 3.json passed
Running library test case 5.json (2 of 5)...
✅ Test case 5.json passed
Running library test case 4.json (3 of 5)...
✅ Test case 4.json passed
Running library test case 1.json (4 of 5)...
✅ Test case 1.json passed
Running library test case 2.json (5 of 5)...
✅ Test case 2.json passed

Results for reverse_collide_lib:
  Translation: ✅
  Rust Build: ✅
  Tests: 5/5 passed (100.0%)

================================================================================
Processing example 33 of 44
================================================================================
Translating program: search_and_replace_lib
Input directory: test-corpus/Public-Tests/B02_organic/search_and_replace_lib
Detected project type: library
Output directory: results/B02_organic/search_and_replace_lib
✅ Successfully parsed 14 test case(s)
Rebuilding project as cdylib...
✅ Cdylib build completed successfully
Located library at: results/B02_organic/search_and_replace_lib/target/release/libsearch_and_replace_lib.so
Test environment prepared
Building test runner...
Runner binary located at: /local/home/scheschb/reserach/TRACTOR/harvest-agentic/results/B02_organic/search_and_replace_lib/target/runner_build/release/_search_and_replace_lib_runner
Validating library outputs against test cases...
Running library test case test01.json (1 of 14)...
✅ Test case test01.json passed
Running library test case test03.json (3 of 14)...
✅ Test case test03.json passed
Running library test case test09.json (4 of 14)...
✅ Test case test09.json passed
Running library test case test07.json (5 of 14)...
✅ Test case test07.json passed
Running library test case test05.json (7 of 14)...
✅ Test case test05.json passed
Running library test case test08.json (9 of 14)...
✅ Test case test08.json passed
Running library test case test02.json (10 of 14)...
✅ Test case test02.json passed
Running library test case test13.json (12 of 14)...
✅ Test case test13.json passed
Running library test case test06.json (13 of 14)...
✅ Test case test06.json passed

Results for search_and_replace_lib:
  Translation: ✅
  Rust Build: ✅
  Tests: 14/14 passed (100.0%)

================================================================================
Processing example 34 of 44
================================================================================
Translating program: sh_geti_lib
Input directory: test-corpus/Public-Tests/B02_organic/sh_geti_lib
Detected project type: library
Output directory: results/B02_organic/sh_geti_lib
✅ Successfully parsed 3 test case(s)
Rebuilding project as cdylib...
✅ Cdylib build completed successfully
Located library at: results/B02_organic/sh_geti_lib/target/release/libsh_geti_lib.so
Test environment prepared
Building test runner...
Runner binary located at: /local/home/scheschb/reserach/TRACTOR/harvest-agentic/results/B02_organic/sh_geti_lib/target/runner_build/release/_sh_geti_lib_runner
Validating library outputs against test cases...
Running library test case 3.json (1 of 3)...
✅ Test case 3.json passed
Running library test case 1.json (2 of 3)...
✅ Test case 1.json passed
Running library test case 2.json (3 of 3)...
✅ Test case 2.json passed

Results for sh_geti_lib:
  Translation: ✅
  Rust Build: ✅
  Tests: 3/3 passed (100.0%)

================================================================================
Processing example 35 of 44
================================================================================
Translating program: sh_puts_lib
Input directory: test-corpus/Public-Tests/B02_organic/sh_puts_lib
Detected project type: library
Output directory: results/B02_organic/sh_puts_lib
✅ Successfully parsed 3 test case(s)
Rebuilding project as cdylib...
✅ Cdylib build completed successfully
Located library at: results/B02_organic/sh_puts_lib/target/release/libsh_puts_lib.so
Test environment prepared
Building test runner...
Runner binary located at: /local/home/scheschb/reserach/TRACTOR/harvest-agentic/results/B02_organic/sh_puts_lib/target/runner_build/release/_sh_puts_lib_runner
Validating library outputs against test cases...
Running library test case 3.json (1 of 3)...
✅ Test case 3.json passed
Running library test case 1.json (2 of 3)...
✅ Test case 1.json passed
Running library test case 2.json (3 of 3)...
✅ Test case 2.json passed

Results for sh_puts_lib:
  Translation: ✅
  Rust Build: ✅
  Tests: 3/3 passed (100.0%)

================================================================================
Processing example 36 of 44
================================================================================
Translating program: siphash_lib
Input directory: test-corpus/Public-Tests/B02_organic/siphash_lib
Detected project type: library
Output directory: results/B02_organic/siphash_lib
✅ Successfully parsed 5 test case(s)
Rebuilding project as cdylib...
✅ Cdylib build completed successfully
Located library at: results/B02_organic/siphash_lib/target/release/libsiphash_lib.so
Test environment prepared
Building test runner...
Runner binary located at: /local/home/scheschb/reserach/TRACTOR/harvest-agentic/results/B02_organic/siphash_lib/target/runner_build/release/_siphash_lib_runner
Validating library outputs against test cases...
Running library test case 3.json (1 of 5)...
✅ Test case 3.json passed
Running library test case 5.json (2 of 5)...
✅ Test case 5.json passed
Running library test case 4.json (3 of 5)...
✅ Test case 4.json passed
Running library test case 1.json (4 of 5)...
✅ Test case 1.json passed
Running library test case 2.json (5 of 5)...
✅ Test case 2.json passed

Results for siphash_lib:
  Translation: ✅
  Rust Build: ✅
  Tests: 5/5 passed (100.0%)

================================================================================
Processing example 37 of 44
================================================================================
Translating program: spec_ray_lib
Input directory: test-corpus/Public-Tests/B02_organic/spec_ray_lib
Detected project type: library
Output directory: results/B02_organic/spec_ray_lib
✅ Successfully parsed 2 test case(s)
Rebuilding project as cdylib...
✅ Cdylib build completed successfully
Located library at: results/B02_organic/spec_ray_lib/target/release/libspec_ray_lib.so
Test environment prepared
Building test runner...
Runner binary located at: /local/home/scheschb/reserach/TRACTOR/harvest-agentic/results/B02_organic/spec_ray_lib/target/runner_build/release/_spec_ray_lib_runner
Validating library outputs against test cases...
Running library test case 1.json (1 of 2)...
✅ Test case 1.json passed
Running library test case 2.json (2 of 2)...
✅ Test case 2.json passed

Results for spec_ray_lib:
  Translation: ✅
  Rust Build: ✅
  Tests: 2/2 passed (100.0%)

================================================================================
Processing example 38 of 44
================================================================================
Translating program: str_dups_lib
Input directory: test-corpus/Public-Tests/B02_organic/str_dups_lib
Detected project type: library
Output directory: results/B02_organic/str_dups_lib
✅ Successfully parsed 3 test case(s)
Rebuilding project as cdylib...
✅ Cdylib build completed successfully
Located library at: results/B02_organic/str_dups_lib/target/release/libstr_dups_lib.so
Test environment prepared
Building test runner...
Runner binary located at: /local/home/scheschb/reserach/TRACTOR/harvest-agentic/results/B02_organic/str_dups_lib/target/runner_build/release/_str_dups_lib_runner
Validating library outputs against test cases...
Running library test case 3.json (1 of 3)...
✅ Test case 3.json passed
Running library test case 1.json (2 of 3)...
✅ Test case 1.json passed
Running library test case 2.json (3 of 3)...
✅ Test case 2.json passed

Results for str_dups_lib:
  Translation: ✅
  Rust Build: ✅
  Tests: 3/3 passed (100.0%)

================================================================================
Processing example 39 of 44
================================================================================
Translating program: str_put_lib
Input directory: test-corpus/Public-Tests/B02_organic/str_put_lib
Detected project type: library
Output directory: results/B02_organic/str_put_lib
✅ Successfully parsed 3 test case(s)

================================================================================
Processing example 40 of 44
================================================================================
Translating program: strdup_lib
Input directory: test-corpus/Public-Tests/B02_organic/strdup_lib
Detected project type: library
Output directory: results/B02_organic/strdup_lib
✅ Successfully parsed 5 test case(s)
Rebuilding project as cdylib...
✅ Cdylib build completed successfully
Located library at: results/B02_organic/strdup_lib/target/release/libstrdup_lib.so
Test environment prepared
Building test runner...
Runner binary located at: /local/home/scheschb/reserach/TRACTOR/harvest-agentic/results/B02_organic/strdup_lib/target/runner_build/release/_strdup_lib_runner
Validating library outputs against test cases...
Running library test case test01.json (1 of 5)...
✅ Test case test01.json passed
Running library test case test03.json (2 of 5)...
✅ Test case test03.json passed
Running library test case test04.json (3 of 5)...
✅ Test case test04.json passed
Running library test case test05.json (4 of 5)...
✅ Test case test05.json passed
Running library test case test02.json (5 of 5)...
✅ Test case test02.json passed

Results for strdup_lib:
  Translation: ✅
  Rust Build: ✅
  Tests: 5/5 passed (100.0%)

================================================================================
Processing example 41 of 44
================================================================================
Translating program: underhanded-c-luggage
Input directory: test-corpus/Public-Tests/B02_organic/underhanded-c-luggage
Detected project type: executable
Output directory: results/B02_organic/underhanded-c-luggage
✅ Successfully parsed 7 test case(s)
Validating Rust binary outputs against test cases...
Running test case test1.json (1 of 7)...
Validating output for test case with args: ["-", "-", "-", "-"] stdin: Some("1262030500 UA129100 TP579 FRA OPO\n1262030600 UA129100 LH1230 FRA DUB Passanger gave up a trip to Porto, the weather there is bad, -10 degrees, even -12 too cold for a vacation.\n1262030700 UA129100 LH1230 FRA LHR Flight to Dublin canceled.")
❌ Test case test1.json failed: ❌ Binary produced unexpected output:

Expected stdout: 4294967284 UA129100 LH1230 FRA DUB too cold for a vacation.


Actual stdout:
1262030600 UA129100 LH1230 FRA DUB  Passanger gave up a trip to Porto, the weather there is bad, -10 degrees, even 


Actual stderr:

Saving failed test case to results/B02_organic/underhanded-c-luggage/failed_tests/test1.json
Running test case test2.json (2 of 7)...
Validating output for test case with args: ["-", "-", "-", "-"] stdin: Some("1262030463 UA120000 LO1521 DUB KRK\n1262040600 UA130002 LH1230 DUB FRA Passenger rebooked to Frankfurt, his wife is flying there. Her passenger id is UA120000 please seat the man together with his wife.")
❌ Test case test2.json failed: ❌ Binary produced unexpected output:

Expected stdout: 1262040600 UA130002 LH1230 DUB FRA  Passenger rebooked to Frankfurt, his wife is flying there. Her passenger id is 
1262040600 UA120000 LH1230 DUB FRA please seat the man together with his wife.


Actual stdout:
1262030463 UA120000 LO1521 DUB KRK 
1262040600 UA130002 LH1230 DUB FRA  Passenger rebooked to Frankfurt, his wife is flying there. Her passenger id is 


Actual stderr:

Saving failed test case to results/B02_organic/underhanded-c-luggage/failed_tests/test2.json
Running test case test3.json (3 of 7)...
Validating output for test case with args: ["-", "-", "-", "-"] stdin: Some("1262040700 UA140000 LH1230 DUB FRA Passenger's record got totally corrupted. According to the ticket it should be: UA112358 SK4086 DUB OSL It's a pity I don't have sufficient privileges to fix this.")
❌ Test case test3.json failed: ❌ Binary produced unexpected output:

Expected stdout: 1262040700 UA140000 LH1230 DUB FRA  Passenger's record got totally corrupted. According to the ticket it should be:
1262040700 UA112358 SK4086 DUB OSL  It's a pity I don't have sufficient privileges to fix this.


Actual stdout:
1262040700 UA140000 LH1230 DUB FRA  Passenger's record got totally corrupted. According to the ticket it should be:


Actual stderr:

Saving failed test case to results/B02_organic/underhanded-c-luggage/failed_tests/test3.json
Running test case test7.json (4 of 7)...
Validating output for test case with args: ["UA129086", "TP579", "FRA", "OPO"] stdin: Some("1262002831 UA129086 TP579 FRA OPO\n1262002831 UA129086 TP579 FRA OPO   Passengers missed first connecting flight, sent on next one")
✅ Test case test7.json passed
Running test case test4.json (5 of 7)...
Validating output for test case with args: ["-", "-", "-", "-"] stdin: Some("1262040800 UA150000 LH1111 FRA OPO The flight to Lisbone was canceled. Passenger decided not to wait for the next flight, but to go to Porto.")
❌ Test case test4.json failed: ❌ Binary produced unexpected output:

Expected stdout: 1262040800 UA150000 LH1111 FRA OPO flight, but to go to Porto.


Actual stdout:
1262040800 UA150000 LH1111 FRA OPO  The flight to Lisbone was canceled. Passenger decided not to wait for the next 


Actual stderr:

Saving failed test case to results/B02_organic/underhanded-c-luggage/failed_tests/test4.json
Running test case test6.json (6 of 7)...
Validating output for test case with args: ["UA129089", "TP579", "FRA", "OP"] stdin: Some("1262002831 UA129089 TP579 FRA OPO   Passengers missed first connecting flight, sent on next one")
✅ Test case test6.json passed
Running test case test5.json (7 of 7)...
Validating output for test case with args: ["UA129089", "TP579", "FRA", "OPO"] stdin: Some("1262002831 UA129089 TP579 FRA OPO   Passengers missed first connecting flight, sent on next one")
✅ Test case test5.json passed

Results for underhanded-c-luggage:
  Translation: ✅
  Rust Build: ✅
  Tests: 3/7 passed (42.9%)

================================================================================
Processing example 42 of 44
================================================================================
Translating program: underhanded-c-nuke_lib
Input directory: test-corpus/Public-Tests/B02_organic/underhanded-c-nuke_lib
Detected project type: library
Output directory: results/B02_organic/underhanded-c-nuke_lib
✅ Successfully parsed 2 test case(s)
Rebuilding project as cdylib...
✅ Cdylib build completed successfully
Located library at: results/B02_organic/underhanded-c-nuke_lib/target/release/libunderhanded_c_nuke_lib.so
Test environment prepared
Building test runner...
Runner binary located at: /local/home/scheschb/reserach/TRACTOR/harvest-agentic/results/B02_organic/underhanded-c-nuke_lib/target/runner_build/release/_underhanded-c-nuke_lib_runner
Validating library outputs against test cases...
Running library test case test1.json (1 of 2)...
✅ Test case test1.json passed
Running library test case test0.json (2 of 2)...
✅ Test case test0.json passed

Results for underhanded-c-nuke_lib:
  Translation: ✅
  Rust Build: ✅
  Tests: 2/2 passed (100.0%)

================================================================================
Processing example 43 of 44
================================================================================
Translating program: unfilter_lib
Input directory: test-corpus/Public-Tests/B02_organic/unfilter_lib
Detected project type: library
Output directory: results/B02_organic/unfilter_lib
✅ Successfully parsed 9 test case(s)
Rebuilding project as cdylib...
✅ Cdylib build completed successfully
Located library at: results/B02_organic/unfilter_lib/target/release/libunfilter_lib.so
Test environment prepared
Building test runner...
Runner binary located at: /local/home/scheschb/reserach/TRACTOR/harvest-agentic/results/B02_organic/unfilter_lib/target/runner_build/release/_unfilter_lib_runner
Validating library outputs against test cases...
Running library test case 8.json (1 of 9)...
✅ Test case 8.json passed
Running library test case 0.json (2 of 9)...
✅ Test case 0.json passed
Running library test case 3.json (3 of 9)...
✅ Test case 3.json passed
Running library test case 5.json (4 of 9)...
✅ Test case 5.json passed
Running library test case 7.json (5 of 9)...
✅ Test case 7.json passed
Running library test case 4.json (6 of 9)...
✅ Test case 4.json passed
Running library test case 1.json (7 of 9)...
✅ Test case 1.json passed
Running library test case 6.json (8 of 9)...
✅ Test case 6.json passed
Running library test case 2.json (9 of 9)...
✅ Test case 2.json passed

Results for unfilter_lib:
  Translation: ✅
  Rust Build: ✅
  Tests: 9/9 passed (100.0%)

================================================================================
Processing example 44 of 44
================================================================================
Translating program: utf8_lib
Input directory: test-corpus/Public-Tests/B02_organic/utf8_lib
Detected project type: library
Output directory: results/B02_organic/utf8_lib
✅ Successfully parsed 14 test case(s)
Rebuilding project as cdylib...
✅ Cdylib build completed successfully
Located library at: results/B02_organic/utf8_lib/target/release/libutf8_lib.so
Test environment prepared
Building test runner...
Runner binary located at: /local/home/scheschb/reserach/TRACTOR/harvest-agentic/results/B02_organic/utf8_lib/target/runner_build/release/_utf8_lib_runner
Validating library outputs against test cases...
Running library test case test01.json (1 of 14)...
✅ Test case test01.json passed
Running library test case test14.json (2 of 14)...
✅ Test case test14.json passed
Running library test case test03.json (3 of 14)...
✅ Test case test03.json passed
Running library test case test09.json (4 of 14)...
✅ Test case test09.json passed
Running library test case test04.json (6 of 14)...
✅ Test case test04.json passed
Running library test case test05.json (7 of 14)...
✅ Test case test05.json passed
Running library test case test11.json (8 of 14)...
✅ Test case test11.json passed
Running library test case test08.json (9 of 14)...
✅ Test case test08.json passed
Running library test case test02.json (10 of 14)...
✅ Test case test02.json passed
Running library test case test10.json (11 of 14)...
✅ Test case test10.json passed
Running library test case test13.json (12 of 14)...
✅ Test case test13.json passed
Running library test case test12.json (14 of 14)...
✅ Test case test12.json passed

Results for utf8_lib:
  Translation: ✅
  Rust Build: ✅
  Tests: 14/14 passed (100.0%)

================================================================================
FINAL SUMMARY - All Benchmark Processing Complete!
================================================================================

Summary Statistics:
  Total programs processed: 44
  Successful translations: 43 (97.7%)
  Successful Rust builds: 42 (95.5%)

Test Results:
  Total test cases: 267
  Passed: 260 ✅
  Failed: 7 ❌
  Overall success rate: 97.4%

Output Files:
  Translated projects: results/B02_organic
  CSV results: results/B02_organic/results.csv
  Error logs: results.err files in each translated project directory

⚠️  Examples with issues:
  - cJSON_lib: 
    ❌ Translation failed
    ❌ Rust build failed
  - str_put_lib: 
    ❌ Rust build failed
    ⚠️  Tests: 0/3 passed (0.0%)
  - underhanded-c-luggage: 
    ⚠️  Tests: 3/7 passed (42.9%)

Processing complete! Check the CSV file and individual project directories for detailed results.
  ❌ Failed to clean str_put_lib: error: failed to parse manifest at `/local/home/scheschb/reserach/TRACTOR/harvest-agentic/results/B02_organic/str_put_lib/Cargo.toml`

Caused by:
  can't find library `str_put_lib`, rename file to `src/lib.rs` or specify lib.path


Cleanup Summary:
  Successfully cleaned: 42 projects
  Cleanup errors: 1 projects
    - Failed to clean str_put_lib: error: failed to parse manifest at `/local/home/scheschb/reserach/TRACTOR/harvest-agentic/results/B02_organic/str_put_lib/Cargo.toml`

Caused by:
  can't find library `str_put_lib`, rename file to `src/lib.rs` or specify lib.path


Done!
