[32mAll tools are now trusted ([0m[31m![0m[32m). Kiro will execute tools without asking for confirmation.[0m
Agents can sometimes do unexpected things so understand the risks.

Learn more at [38;5;141mhttps://kiro.dev/docs/cli/chat/security/#using-tools-trust-all-safely[0m

[38;5;12m[1m📷 Checkpoints are enabled! (took 0.22s)

[0m
[38;5;252m[0m[?25l[38;5;141m> [0m[0m[0m
[0m[0m
I'll start by understanding the project structure, then systematically build, test, and fix the translation.[0m[0m
[?25l[0m[0m[38;5;11mTODO:
[39m[0m[ ] Explore project structure - C headers, Rust source, Cargo.toml, CMakeLists.txt
[0m[ ] Build C shared library
[0m[ ] Identify public API and function hierarchy from C headers
[0m[ ] Add libloading dev-dependency and write integration tests
[0m[ ] Run tests, fix mismatches in Rust code
[0m[ ] Compare nm -D symbols between C .so and Rust .so, fix missing exports
[0m[ ] Compare binary outputs if main binary exists[38;5;244m - Completed in 0.41s[0m
[38;5;12m[1m [1.1][0m[0m
[?25l[0m[?25l[0m[0mBatch fs_read operation with [38;5;141m2[0m operations[38;5;244m (using tool: read)[0m

↱ Operation 1: Reading directory: [38;5;141m/local/home/scheschb/reserach/TRACTOR/harvest-agentic/results/B02_organic/parse_number_lib[0m
↱ Operation 2: Reading directory: [38;5;141m/local/home/scheschb/reserach/TRACTOR/harvest-agentic/results/B02_organic/parse_number_lib/translated_rust[0m
[38;5;10m ✓ [0mSuccessfully read directory [38;5;141m/local/home/scheschb/reserach/TRACTOR/harvest-agentic/results/B02_organic/parse_number_lib[0m [38;5;244m(13 entries)[0m

[38;5;10m ✓ [0mSuccessfully read directory [38;5;141m/local/home/scheschb/reserach/TRACTOR/harvest-agentic/results/B02_organic/parse_number_lib/translated_rust[0m [38;5;244m(10 entries)[0m

 ⋮ 

[38;5;244m- [0mSummary: 2 operations processed, 2 successful, 0 failed
[38;5;244m - Completed in 0.44s[0m
[38;5;12m[1m [1.2][0m[0m
[?25l[0m[?25l[0m[0mBatch fs_read operation with [38;5;141m5[0m operations[38;5;244m (using tool: read)[0m

↱ Operation 1: Reading file: [38;5;141m/local/home/scheschb/reserach/TRACTOR/harvest-agentic/results/B02_organic/parse_number_lib/translated_rust/c_src/CMakeLists.txt[0m, all lines
↱ Operation 2: Reading file: [38;5;141m/local/home/scheschb/reserach/TRACTOR/harvest-agentic/results/B02_organic/parse_number_lib/translated_rust/c_src/include/lib.h[0m, all lines
↱ Operation 3: Reading file: [38;5;141m/local/home/scheschb/reserach/TRACTOR/harvest-agentic/results/B02_organic/parse_number_lib/translated_rust/c_src/src/lib.c[0m, all lines
↱ Operation 4: Reading file: [38;5;141m/local/home/scheschb/reserach/TRACTOR/harvest-agentic/results/B02_organic/parse_number_lib/translated_rust/Cargo.toml[0m, all lines
↱ Operation 5: Reading file: [38;5;141m/local/home/scheschb/reserach/TRACTOR/harvest-agentic/results/B02_organic/parse_number_lib/translated_rust/src/lib.rs[0m, all lines
[38;5;10m ✓ [0mSuccessfully read [38;5;244m405 bytes[0m from /local/home/scheschb/reserach/TRACTOR/harvest-agentic/results/B02_organic/parse_number_lib/translated_rust/c_src/CMakeLists.txt

[38;5;10m ✓ [0mSuccessfully read [38;5;244m891 bytes[0m from /local/home/scheschb/reserach/TRACTOR/harvest-agentic/results/B02_organic/parse_number_lib/translated_rust/c_src/include/lib.h

[38;5;10m ✓ [0mSuccessfully read [38;5;244m3201 bytes[0m from /local/home/scheschb/reserach/TRACTOR/harvest-agentic/results/B02_organic/parse_number_lib/translated_rust/c_src/src/lib.c

[38;5;10m ✓ [0mSuccessfully read [38;5;244m159 bytes[0m from /local/home/scheschb/reserach/TRACTOR/harvest-agentic/results/B02_organic/parse_number_lib/translated_rust/Cargo.toml

[38;5;10m ✓ [0mSuccessfully read [38;5;244m2816 bytes[0m from /local/home/scheschb/reserach/TRACTOR/harvest-agentic/results/B02_organic/parse_number_lib/translated_rust/src/lib.rs

 ⋮ 

[38;5;244m- [0mSummary: 5 operations processed, 5 successful, 0 failed
[38;5;244m - Completed in 0.40s[0m
[38;5;12m[1m [1.3][0m[0m
[?25l[0m[?25l[0m[0m[38;5;11mTODO:
[39m[38;5;10m[x] [3m[38;5;244mExplore project structure - C headers, Rust source, Cargo.toml, CMakeLists.txt[23m
[0m[ ] Build C shared library[38;5;244m - Completed in 0.40s[0m
[38;5;12m[1m [1.4][0m[0m
[?25l[0m[38;5;141m> [0mNow let me build the C shared library:[0m[0m
[?25l[0m[0mI will run the following command: [38;5;141mcd /local/home/scheschb/reserach/TRACTOR/harvest-agentic/results/B02_organic/parse_number_lib/translated_rust/c_src && mkdir -p build && cd build && timeout 600 cmake .. -DCMAKE_POSITION_INDEPENDENT_CODE=ON 2>&1 && timeout 600 cmake --build . 2>&1[0m[38;5;244m (using tool: shell)[0m
Purpose: Build C shared library

CMake Error at CMakeLists.txt:2 (cmake_path):
  Unknown CMake command "cmake_path".


-- Configuring incomplete, errors occurred!
[38;5;244m - Completed in 0.57s[0m
[38;5;12m[1m [1.5][0m[0m
[?25l[0m[38;5;141m> [0m[38;5;10mcmake_path[0m requires CMake 3.20+. Let me check the version and work around it:[0m[0m
[?25l[0m[0mI will run the following command: [38;5;141mcmake --version 2>&1 | head -1[0m[38;5;244m (using tool: shell)[0m
Purpose: Check cmake version

cmake3 version 3.17.5
[38;5;244m - Completed in 0.49s[0m
[38;5;12m[1m [1.6][0m[0m
[?25l[0m[38;5;141m> [0mCMake 3.17 doesn't support [38;5;10mcmake_path[0m. I'll create a wrapper CMakeLists that avoids modifying the original. Actually, I can't modify c_src. Let me just compile manually:[0m[0m
[?25l[0m[0mI will run the following command: [38;5;141mcd /local/home/scheschb/reserach/TRACTOR/harvest-agentic/results/B02_organic/parse_number_lib/translated_rust/c_src && mkdir -p build && gcc -shared -fPIC -o build/libdriver.so -Iinclude -Isrc src/lib.c 2>&1[0m[38;5;244m (using tool: shell)[0m
Purpose: Build C shared library manually with gcc

[38;5;244m - Completed in 0.86s[0m
[38;5;12m[1m [1.7][0m[0m
[?25l[0m[?25l[0m[0mI will run the following command: [38;5;141mls -la /local/home/scheschb/reserach/TRACTOR/harvest-agentic/results/B02_organic/parse_number_lib/translated_rust/c_src/build/libdriver.so && nm -D /local/home/scheschb/reserach/TRACTOR/harvest-agentic/results/B02_organic/parse_number_lib/translated_rust/c_src/build/libdriver.so | grep -i ' T '[0m[38;5;244m (using tool: shell)[0m
Purpose: Verify C .so built and check exported symbols

-rwxr-xr-x 1 scheschb amazon 7976 Mar 27 00:12 /local/home/scheschb/reserach/TRACTOR/harvest-agentic/results/B02_organic/parse_number_lib/translated_rust/c_src/build/libdriver.so
000000000000095c T _fini
00000000000005c8 T _init
00000000000006fa T parse_number
[38;5;244m - Completed in 0.50s[0m
[38;5;12m[1m [1.8][0m[0m
[?25l[0m[?25l[0m[0m[38;5;11mTODO:
[39m[38;5;10m[x] [3m[38;5;244mBuild C shared library[23m
[38;5;10m[x] [3m[38;5;244mIdentify public API and function hierarchy from C headers[23m
[0m[ ] Add libloading dev-dependency and write integration tests[38;5;244m - Completed in 0.42s[0m
[38;5;12m[1m [1.9][0m[0m
[?25l[0m[38;5;141m> [0mNow let me add [38;5;10mlibloading[0m and write the integration tests:[0m[0m
[?25l[0m[0mI'll modify the following file: [38;5;141mtranslated_rust/Cargo.toml[0m[38;5;244m (using tool: write)[0m
Purpose: Add libloading dev-dependency

[49m[39m  10, 10[0m:[39m[49m [dependencies]
[0m[49m[38;5;9m- 11    [0m:[38;5;9m[49m libc = "0.2"
[0m[49m[38;5;10m+     11[0m:[38;5;10m[49m libc = "0.2"
[0m[49m[38;5;10m+     12[0m:[38;5;10m[49m 
[0m[49m[38;5;10m+     13[0m:[38;5;10m[49m [dev-dependencies]
[0m[49m[38;5;10m+     14[0m:[38;5;10m[49m libloading = "0.8"
[0m[K
Updating: [38;5;141mtranslated_rust/Cargo.toml[0m
[38;5;244m - Completed in 0.43s[0m
[38;5;12m[1m [1.10][0m[0m
[?25l[0m[?25l[0m[0mI will run the following command: [38;5;141mmkdir -p /local/home/scheschb/reserach/TRACTOR/harvest-agentic/results/B02_organic/parse_number_lib/translated_rust/tests[0m[38;5;244m (using tool: shell)[0m
Purpose: Create tests directory

[38;5;244m - Completed in 0.44s[0m
[38;5;12m[1m [1.11][0m[0m
[?25l[0m[?25l[0m[0mI'll create the following file: [38;5;141m/local/home/scheschb/reserach/TRACTOR/harvest-agentic/results/B02_organic/parse_number_lib/translated_rust/tests/test_parse_number.rs[0m[38;5;244m (using tool: write)[0m
Purpose: Write integration tests comparing C and Rust parse_number

[48;2;40;67;43m[39m+      1[0m:[39m[48;2;24;38;30m [38;2;180;142;173muse[38;2;192;197;206m [38;2;192;197;206mlibloading[38;2;192;197;206m::[38;2;192;197;206m{[38;2;192;197;206mLibrary[38;2;192;197;206m,[38;2;192;197;206m Symbol[38;2;192;197;206m}[38;2;192;197;206m;[K
[0m[48;2;40;67;43m[39m+      2[0m:[39m[48;2;24;38;30m [38;2;180;142;173muse[38;2;192;197;206m [38;2;192;197;206mstd[38;2;192;197;206m::[38;2;192;197;206mos[38;2;192;197;206m::[38;2;192;197;206mraw[38;2;192;197;206m::[38;2;180;142;173mc_int[38;2;192;197;206m;[K
[0m[48;2;40;67;43m[39m+      3[0m:[39m[48;2;24;38;30m [K
[0m[48;2;40;67;43m[39m+      4[0m:[39m[48;2;24;38;30m [38;2;192;197;206m#[38;2;192;197;206m[[38;2;191;97;106mrepr[38;2;192;197;206m([38;2;192;197;206mC[38;2;192;197;206m)[38;2;192;197;206m][K
[0m[48;2;40;67;43m[39m+      5[0m:[39m[48;2;24;38;30m [38;2;192;197;206m#[38;2;192;197;206m[[38;2;191;97;106mderive[38;2;192;197;206m([38;2;192;197;206mClone[38;2;192;197;206m)[38;2;192;197;206m][K
[0m[48;2;40;67;43m[39m+      6[0m:[39m[48;2;24;38;30m [38;2;180;142;173mstruct[38;2;192;197;206m [38;2;192;197;206mParseBuffer[38;2;192;197;206m [38;2;192;197;206m{[K
[0m[48;2;40;67;43m[39m+      7[0m:[39m[48;2;24;38;30m [38;2;192;197;206m    [38;2;191;97;106mcontent[38;2;192;197;206m:[38;2;192;197;206m *const [38;2;180;142;173mu8[38;2;192;197;206m,[K
[0m[48;2;40;67;43m[39m+      8[0m:[39m[48;2;24;38;30m [38;2;192;197;206m    [38;2;191;97;106mlength[38;2;192;197;206m:[38;2;192;197;206m [38;2;180;142;173musize[38;2;192;197;206m,[K
[0m[48;2;40;67;43m[39m+      9[0m:[39m[48;2;24;38;30m [38;2;192;197;206m    [38;2;191;97;106moffset[38;2;192;197;206m:[38;2;192;197;206m [38;2;180;142;173musize[38;2;192;197;206m,[K
[0m[48;2;40;67;43m[39m+     10[0m:[39m[48;2;24;38;30m [38;2;192;197;206m    [38;2;191;97;106mdepth[38;2;192;197;206m:[38;2;192;197;206m [38;2;180;142;173musize[38;2;192;197;206m,[K
[0m[48;2;40;67;43m[39m+     11[0m:[39m[48;2;24;38;30m [38;2;192;197;206m}[K
[0m[48;2;40;67;43m[39m+     12[0m:[39m[48;2;24;38;30m [K
[0m[48;2;40;67;43m[39m+     13[0m:[39m[48;2;24;38;30m [38;2;192;197;206m#[38;2;192;197;206m[[38;2;191;97;106mrepr[38;2;192;197;206m([38;2;192;197;206mC[38;2;192;197;206m)[38;2;192;197;206m][K
[0m[48;2;40;67;43m[39m+     14[0m:[39m[48;2;24;38;30m [38;2;192;197;206m#[38;2;192;197;206m[[38;2;191;97;106mderive[38;2;192;197;206m([38;2;192;197;206mClone[38;2;192;197;206m)[38;2;192;197;206m][K
[0m[48;2;40;67;43m[39m+     15[0m:[39m[48;2;24;38;30m [38;2;180;142;173mstruct[38;2;192;197;206m [38;2;192;197;206mCJson[38;2;192;197;206m [38;2;192;197;206m{[K
[0m[48;2;40;67;43m[39m+     16[0m:[39m[48;2;24;38;30m [38;2;192;197;206m    [38;2;191;97;106mtype_[38;2;192;197;206m:[38;2;192;197;206m c_int,[K
[0m[48;2;40;67;43m[39m+     17[0m:[39m[48;2;24;38;30m [38;2;192;197;206m    [38;2;191;97;106mvalueint[38;2;192;197;206m:[38;2;192;197;206m c_int,[K
[0m[48;2;40;67;43m[39m+     18[0m:[39m[48;2;24;38;30m [38;2;192;197;206m    [38;2;191;97;106mvaluedouble[38;2;192;197;206m:[38;2;192;197;206m [38;2;180;142;173mf64[38;2;192;197;206m,[K
[0m[48;2;40;67;43m[39m+     19[0m:[39m[48;2;24;38;30m [38;2;192;197;206m}[K
[0m[48;2;40;67;43m[39m+     20[0m:[39m[48;2;24;38;30m [K
[0m[48;2;40;67;43m[39m+     21[0m:[39m[48;2;24;38;30m [38;2;180;142;173mtype[38;2;192;197;206m [38;2;192;197;206mParseNumberFn[38;2;192;197;206m [38;2;192;197;206m=[38;2;192;197;206m [38;2;180;142;173munsafe[38;2;192;197;206m [38;2;180;142;173mextern[38;2;192;197;206m [38;2;192;197;206m"[38;2;163;190;140mC[38;2;192;197;206m"[38;2;192;197;206m [38;2;180;142;173mfn[38;2;192;197;206m([38;2;192;197;206m*[38;2;180;142;173mmut[38;2;192;197;206m CJson[38;2;192;197;206m,[38;2;192;197;206m [38;2;192;197;206m*[38;2;180;142;173mmut[38;2;192;197;206m ParseBuffer[38;2;192;197;206m)[38;2;192;197;206m [38;2;192;197;206m->[38;2;192;197;206m c_int[38;2;192;197;206m;[K
[0m[48;2;40;67;43m[39m+     22[0m:[39m[48;2;24;38;30m [K
[0m[48;2;40;67;43m[39m+     23[0m:[39m[48;2;24;38;30m [38;2;180;142;173mfn[38;2;192;197;206m [38;2;143;161;179mc_lib_path[38;2;192;197;206m([38;2;192;197;206m)[38;2;192;197;206m [38;2;192;197;206m->[38;2;192;197;206m [38;2;192;197;206mstd[38;2;192;197;206m::[38;2;192;197;206mpath[38;2;192;197;206m::[38;2;192;197;206mPathBuf[38;2;192;197;206m [38;2;192;197;206m{[K
[0m[48;2;40;67;43m[39m+     24[0m:[39m[48;2;24;38;30m [38;2;192;197;206m    [38;2;180;142;173mlet[38;2;192;197;206m manifest [38;2;192;197;206m=[38;2;192;197;206m [38;2;192;197;206mstd[38;2;192;197;206m::[38;2;192;197;206menv[38;2;192;197;206m::[38;2;192;197;206mvar[38;2;192;197;206m([38;2;192;197;206m"[38;2;163;190;140mCARGO_MANIFEST_DIR[38;2;192;197;206m"[38;2;192;197;206m)[38;2;192;197;206m.[38;2;150;181;180munwrap[38;2;192;197;206m([38;2;192;197;206m)[38;2;192;197;206m;[K
[0m[48;2;40;67;43m[39m+     25[0m:[39m[48;2;24;38;30m [38;2;192;197;206m    [38;2;192;197;206mstd[38;2;192;197;206m::[38;2;192;197;206mpath[38;2;192;197;206m::[38;2;192;197;206mPathBuf[38;2;192;197;206m::[38;2;192;197;206mfrom[38;2;192;197;206m([38;2;192;197;206mmanifest[38;2;192;197;206m)[38;2;192;197;206m.[38;2;150;181;180mjoin[38;2;192;197;206m([38;2;192;197;206m"[38;2;163;190;140mc_src/build/libdriver.so[38;2;192;197;206m"[38;2;192;197;206m)[K
[0m[48;2;40;67;43m[39m+     26[0m:[39m[48;2;24;38;30m [38;2;192;197;206m}[K
[0m[48;2;40;67;43m[39m+     27[0m:[39m[48;2;24;38;30m [K
[0m[48;2;40;67;43m[39m+     28[0m:[39m[48;2;24;38;30m [38;2;180;142;173mfn[38;2;192;197;206m [38;2;143;161;179mrust_lib_path[38;2;192;197;206m([38;2;192;197;206m)[38;2;192;197;206m [38;2;192;197;206m->[38;2;192;197;206m [38;2;192;197;206mstd[38;2;192;197;206m::[38;2;192;197;206mpath[38;2;192;197;206m::[38;2;192;197;206mPathBuf[38;2;192;197;206m [38;2;192;197;206m{[K
[0m[48;2;40;67;43m[39m+     29[0m:[39m[48;2;24;38;30m [38;2;192;197;206m    [38;2;101;115;126m//[38;2;101;115;126m Find the built Rust cdylib[K
[0m[48;2;40;67;43m[39m+     30[0m:[39m[48;2;24;38;30m [38;2;192;197;206m    [38;2;180;142;173mlet[38;2;192;197;206m manifest [38;2;192;197;206m=[38;2;192;197;206m [38;2;192;197;206mstd[38;2;192;197;206m::[38;2;192;197;206menv[38;2;192;197;206m::[38;2;192;197;206mvar[38;2;192;197;206m([38;2;192;197;206m"[38;2;163;190;140mCARGO_MANIFEST_DIR[38;2;192;197;206m"[38;2;192;197;206m)[38;2;192;197;206m.[38;2;150;181;180munwrap[38;2;192;197;206m([38;2;192;197;206m)[38;2;192;197;206m;[K
[0m[48;2;40;67;43m[39m+     31[0m:[39m[48;2;24;38;30m [38;2;192;197;206m    [38;2;180;142;173mlet[38;2;192;197;206m target_dir [38;2;192;197;206m=[38;2;192;197;206m [38;2;192;197;206mstd[38;2;192;197;206m::[38;2;192;197;206mpath[38;2;192;197;206m::[38;2;192;197;206mPathBuf[38;2;192;197;206m::[38;2;192;197;206mfrom[38;2;192;197;206m([38;2;192;197;206mmanifest[38;2;192;197;206m)[38;2;192;197;206m.[38;2;150;181;180mjoin[38;2;192;197;206m([38;2;192;197;206m"[38;2;163;190;140mtarget/debug[38;2;192;197;206m"[38;2;192;197;206m)[38;2;192;197;206m;[K
[0m[48;2;40;67;43m[39m+     32[0m:[39m[48;2;24;38;30m [38;2;192;197;206m    target_dir.[38;2;150;181;180mjoin[38;2;192;197;206m([38;2;192;197;206m"[38;2;163;190;140mlibdriver.so[38;2;192;197;206m"[38;2;192;197;206m)[K
[0m[48;2;40;67;43m[39m+     33[0m:[39m[48;2;24;38;30m [38;2;192;197;206m}[K
[0m[48;2;40;67;43m[39m+     34[0m:[39m[48;2;24;38;30m [K
[0m[48;2;40;67;43m[39m+     35[0m:[39m[48;2;24;38;30m [38;2;180;142;173mfn[38;2;192;197;206m [38;2;143;161;179mcall_parse_number[38;2;192;197;206m([K
[0m[48;2;40;67;43m[39m+     36[0m:[39m[48;2;24;38;30m [38;2;192;197;206m    [38;2;191;97;106mfunc[38;2;192;197;206m:[38;2;192;197;206m ParseNumberFn,[K
[0m[48;2;40;67;43m[39m+     37[0m:[39m[48;2;24;38;30m [38;2;192;197;206m    [38;2;191;97;106minput[38;2;192;197;206m:[38;2;192;197;206m [38;2;192;197;206m&[38;2;192;197;206m[[38;2;180;142;173mu8[38;2;192;197;206m],[K
[0m[48;2;40;67;43m[39m+     38[0m:[39m[48;2;24;38;30m [38;2;192;197;206m    [38;2;191;97;106moffset[38;2;192;197;206m:[38;2;192;197;206m [38;2;180;142;173musize[38;2;192;197;206m,[K
[0m[48;2;40;67;43m[39m+     39[0m:[39m[48;2;24;38;30m [38;2;192;197;206m)[38;2;192;197;206m [38;2;192;197;206m->[38;2;192;197;206m [38;2;192;197;206m([38;2;192;197;206mc_int, CJson, [38;2;180;142;173musize[38;2;192;197;206m)[38;2;192;197;206m [38;2;192;197;206m{[K
[0m[48;2;40;67;43m[39m+     40[0m:[39m[48;2;24;38;30m [38;2;192;197;206m    [38;2;180;142;173mlet[38;2;192;197;206m [38;2;180;142;173mmut[38;2;192;197;206m item [38;2;192;197;206m=[38;2;192;197;206m CJson [38;2;192;197;206m{[K
[0m[48;2;40;67;43m[39m+     41[0m:[39m[48;2;24;38;30m [38;2;192;197;206m        type_[38;2;192;197;206m:[38;2;192;197;206m [38;2;208;135;112m0[38;2;192;197;206m,[K
[0m[48;2;40;67;43m[39m+     42[0m:[39m[48;2;24;38;30m [38;2;192;197;206m        valueint[38;2;192;197;206m:[38;2;192;197;206m [38;2;208;135;112m0[38;2;192;197;206m,[K
[0m[48;2;40;67;43m[39m+     43[0m:[39m[48;2;24;38;30m [38;2;192;197;206m        valuedouble[38;2;192;197;206m:[38;2;192;197;206m [38;2;208;135;112m0.[38;2;208;135;112m0[38;2;192;197;206m,[K
[0m[48;2;40;67;43m[39m+     44[0m:[39m[48;2;24;38;30m [38;2;192;197;206m    [38;2;192;197;206m}[38;2;192;197;206m;[K
[0m[48;2;40;67;43m[39m+     45[0m:[39m[48;2;24;38;30m [38;2;192;197;206m    [38;2;180;142;173mlet[38;2;192;197;206m [38;2;180;142;173mmut[38;2;192;197;206m buf [38;2;192;197;206m=[38;2;192;197;206m ParseBuffer [38;2;192;197;206m{[K
[0m[48;2;40;67;43m[39m+     46[0m:[39m[48;2;24;38;30m [38;2;192;197;206m        content[38;2;192;197;206m:[38;2;192;197;206m input.[38;2;150;181;180mas_ptr[38;2;192;197;206m([38;2;192;197;206m)[38;2;192;197;206m,[K
[0m[48;2;40;67;43m[39m+     47[0m:[39m[48;2;24;38;30m [38;2;192;197;206m        length[38;2;192;197;206m:[38;2;192;197;206m input.[38;2;150;181;180mlen[38;2;192;197;206m([38;2;192;197;206m)[38;2;192;197;206m,[K
[0m[48;2;40;67;43m[39m+     48[0m:[39m[48;2;24;38;30m [38;2;192;197;206m        offset[38;2;192;197;206m,[K
[0m[48;2;40;67;43m[39m+     49[0m:[39m[48;2;24;38;30m [38;2;192;197;206m        depth[38;2;192;197;206m:[38;2;192;197;206m [38;2;208;135;112m0[38;2;192;197;206m,[K
[0m[48;2;40;67;43m[39m+     50[0m:[39m[48;2;24;38;30m [38;2;192;197;206m    [38;2;192;197;206m}[38;2;192;197;206m;[K
[0m[48;2;40;67;43m[39m+     51[0m:[39m[48;2;24;38;30m [38;2;192;197;206m    [38;2;180;142;173mlet[38;2;192;197;206m ret [38;2;192;197;206m=[38;2;192;197;206m [38;2;180;142;173munsafe[38;2;192;197;206m [38;2;192;197;206m{[38;2;192;197;206m [38;2;150;181;180mfunc[38;2;192;197;206m([38;2;192;197;206m&[38;2;180;142;173mmut[38;2;192;197;206m item[38;2;192;197;206m,[38;2;192;197;206m [38;2;192;197;206m&[38;2;180;142;173mmut[38;2;192;197;206m buf[38;2;192;197;206m)[38;2;192;197;206m [38;2;192;197;206m}[38;2;192;197;206m;[K
[0m[48;2;40;67;43m[39m+     52[0m:[39m[48;2;24;38;30m [38;2;192;197;206m    [38;2;192;197;206m([38;2;192;197;206mret[38;2;192;197;206m,[38;2;192;197;206m item[38;2;192;197;206m,[38;2;192;197;206m buf.offset[38;2;192;197;206m)[K
[0m[48;2;40;67;43m[39m+     53[0m:[39m[48;2;24;38;30m [38;2;192;197;206m}[K
[0m[48;2;40;67;43m[39m+     54[0m:[39m[48;2;24;38;30m [K
[0m[48;2;40;67;43m[39m+     55[0m:[39m[48;2;24;38;30m [38;2;180;142;173mfn[38;2;192;197;206m [38;2;143;161;179mcompare[38;2;192;197;206m([38;2;191;97;106mlabel[38;2;192;197;206m:[38;2;192;197;206m [38;2;192;197;206m&[38;2;180;142;173mstr[38;2;192;197;206m, [38;2;191;97;106minput[38;2;192;197;206m:[38;2;192;197;206m [38;2;192;197;206m&[38;2;192;197;206m[[38;2;180;142;173mu8[38;2;192;197;206m], [38;2;191;97;106moffset[38;2;192;197;206m:[38;2;192;197;206m [38;2;180;142;173musize[38;2;192;197;206m, [38;2;191;97;106mc_fn[38;2;192;197;206m:[38;2;192;197;206m ParseNumberFn, [38;2;191;97;106mrs_fn[38;2;192;197;206m:[38;2;192;197;206m ParseNumberFn[38;2;192;197;206m)[38;2;192;197;206m [38;2;192;197;206m{[K
[0m[48;2;40;67;43m[39m+     56[0m:[39m[48;2;24;38;30m [38;2;192;197;206m    [38;2;180;142;173mlet[38;2;192;197;206m [38;2;192;197;206m([38;2;180;142;173mc_ret[38;2;192;197;206m,[38;2;192;197;206m [38;2;180;142;173mc_item[38;2;192;197;206m,[38;2;192;197;206m [38;2;180;142;173mc_off[38;2;192;197;206m)[38;2;192;197;206m [38;2;192;197;206m=[38;2;192;197;206m [38;2;150;181;180mcall_parse_number[38;2;192;197;206m([38;2;180;142;173mc_fn[38;2;192;197;206m,[38;2;192;197;206m input[38;2;192;197;206m,[38;2;192;197;206m offset[38;2;192;197;206m)[38;2;192;197;206m;[K
[0m[48;2;40;67;43m[39m+     57[0m:[39m[48;2;24;38;30m [38;2;192;197;206m    [38;2;180;142;173mlet[38;2;192;197;206m [38;2;192;197;206m([38;2;192;197;206mr_ret[38;2;192;197;206m,[38;2;192;197;206m r_item[38;2;192;197;206m,[38;2;192;197;206m r_off[38;2;192;197;206m)[38;2;192;197;206m [38;2;192;197;206m=[38;2;192;197;206m [38;2;150;181;180mcall_parse_number[38;2;192;197;206m([38;2;192;197;206mrs_fn[38;2;192;197;206m,[38;2;192;197;206m input[38;2;192;197;206m,[38;2;192;197;206m offset[38;2;192;197;206m)[38;2;192;197;206m;[K
[0m[48;2;40;67;43m[39m+     58[0m:[39m[48;2;24;38;30m [K
[0m[48;2;40;67;43m[39m+     59[0m:[39m[48;2;24;38;30m [38;2;192;197;206m    [38;2;192;197;206massert_eq![38;2;192;197;206m([38;2;180;142;173mc_ret[38;2;192;197;206m,[38;2;192;197;206m r_ret[38;2;192;197;206m,[38;2;192;197;206m [38;2;192;197;206m"[38;2;163;190;140m{label}: return value mismatch[38;2;192;197;206m"[38;2;192;197;206m)[38;2;192;197;206m;[K
[0m[48;2;40;67;43m[39m+     60[0m:[39m[48;2;24;38;30m [38;2;192;197;206m    [38;2;180;142;173mif[38;2;192;197;206m [38;2;180;142;173mc_ret[38;2;192;197;206m [38;2;192;197;206m![38;2;192;197;206m=[38;2;192;197;206m [38;2;208;135;112m0[38;2;192;197;206m [38;2;192;197;206m{[K
[0m[48;2;40;67;43m[39m+     61[0m:[39m[48;2;24;38;30m [38;2;192;197;206m        [38;2;192;197;206massert_eq![38;2;192;197;206m([K
[0m[48;2;40;67;43m[39m+     62[0m:[39m[48;2;24;38;30m [38;2;192;197;206m            [38;2;180;142;173mc_item[38;2;192;197;206m.valuedouble.[38;2;150;181;180mto_bits[38;2;192;197;206m([38;2;192;197;206m)[38;2;192;197;206m,[K
[0m[48;2;40;67;43m[39m+     63[0m:[39m[48;2;24;38;30m [38;2;192;197;206m            r_item.valuedouble.[38;2;150;181;180mto_bits[38;2;192;197;206m([38;2;192;197;206m)[38;2;192;197;206m,[K
[0m[48;2;40;67;43m[39m+     64[0m:[39m[48;2;24;38;30m [38;2;192;197;206m            [38;2;192;197;206m"[38;2;163;190;140m{label}: valuedouble mismatch (C={}, Rust={})[38;2;192;197;206m"[38;2;192;197;206m,[K
[0m[48;2;40;67;43m[39m+     65[0m:[39m[48;2;24;38;30m [38;2;192;197;206m            [38;2;180;142;173mc_item[38;2;192;197;206m.valuedouble[38;2;192;197;206m,[K
[0m[48;2;40;67;43m[39m+     66[0m:[39m[48;2;24;38;30m [38;2;192;197;206m            r_item.valuedouble[K
[0m[48;2;40;67;43m[39m+     67[0m:[39m[48;2;24;38;30m [38;2;192;197;206m        [38;2;192;197;206m)[38;2;192;197;206m;[K
[0m[48;2;40;67;43m[39m+     68[0m:[39m[48;2;24;38;30m [38;2;192;197;206m        [38;2;192;197;206massert_eq![38;2;192;197;206m([38;2;180;142;173mc_item[38;2;192;197;206m.valueint[38;2;192;197;206m,[38;2;192;197;206m r_item.valueint[38;2;192;197;206m,[38;2;192;197;206m [38;2;192;197;206m"[38;2;163;190;140m{label}: valueint mismatch[38;2;192;197;206m"[38;2;192;197;206m)[38;2;192;197;206m;[K
[0m[48;2;40;67;43m[39m+     69[0m:[39m[48;2;24;38;30m [38;2;192;197;206m        [38;2;192;197;206massert_eq![38;2;192;197;206m([38;2;180;142;173mc_item[38;2;192;197;206m.type_[38;2;192;197;206m,[38;2;192;197;206m r_item.type_[38;2;192;197;206m,[38;2;192;197;206m [38;2;192;197;206m"[38;2;163;190;140m{label}: type mismatch[38;2;192;197;206m"[38;2;192;197;206m)[38;2;192;197;206m;[K
[0m[48;2;40;67;43m[39m+     70[0m:[39m[48;2;24;38;30m [38;2;192;197;206m        [38;2;192;197;206massert_eq![38;2;192;197;206m([38;2;180;142;173mc_off[38;2;192;197;206m,[38;2;192;197;206m r_off[38;2;192;197;206m,[38;2;192;197;206m [38;2;192;197;206m"[38;2;163;190;140m{label}: offset mismatch[38;2;192;197;206m"[38;2;192;197;206m)[38;2;192;197;206m;[K
[0m[48;2;40;67;43m[39m+     71[0m:[39m[48;2;24;38;30m [38;2;192;197;206m    [38;2;192;197;206m}[K
[0m[48;2;40;67;43m[39m+     72[0m:[39m[48;2;24;38;30m [38;2;192;197;206m}[K
[0m[48;2;40;67;43m[39m+     73[0m:[39m[48;2;24;38;30m [K
[0m[48;2;40;67;43m[39m+     74[0m:[39m[48;2;24;38;30m [38;2;192;197;206m#[38;2;192;197;206m[[38;2;191;97;106mtest[38;2;192;197;206m][K
[0m[48;2;40;67;43m[39m+     75[0m:[39m[48;2;24;38;30m [38;2;180;142;173mfn[38;2;192;197;206m [38;2;143;161;179mtest_parse_number_cases[38;2;192;197;206m([38;2;192;197;206m)[38;2;192;197;206m [38;2;192;197;206m{[K
[0m[48;2;40;67;43m[39m+     76[0m:[39m[48;2;24;38;30m [38;2;192;197;206m    [38;2;180;142;173mlet[38;2;192;197;206m [38;2;180;142;173mc_lib[38;2;192;197;206m [38;2;192;197;206m=[38;2;192;197;206m [38;2;180;142;173munsafe[38;2;192;197;206m [38;2;192;197;206m{[38;2;192;197;206m [38;2;192;197;206mLibrary[38;2;192;197;206m::[38;2;192;197;206mnew[38;2;192;197;206m([38;2;150;181;180mc_lib_path[38;2;192;197;206m([38;2;192;197;206m)[38;2;192;197;206m)[38;2;192;197;206m.[38;2;150;181;180mexpect[38;2;192;197;206m([38;2;192;197;206m"[38;2;163;190;140mload C lib[38;2;192;197;206m"[38;2;192;197;206m)[38;2;192;197;206m [38;2;192;197;206m}[38;2;192;197;206m;[K
[0m[48;2;40;67;43m[39m+     77[0m:[39m[48;2;24;38;30m [38;2;192;197;206m    [38;2;180;142;173mlet[38;2;192;197;206m rs_lib [38;2;192;197;206m=[38;2;192;197;206m [38;2;180;142;173munsafe[38;2;192;197;206m [38;2;192;197;206m{[38;2;192;197;206m [38;2;192;197;206mLibrary[38;2;192;197;206m::[38;2;192;197;206mnew[38;2;192;197;206m([38;2;150;181;180mrust_lib_path[38;2;192;197;206m([38;2;192;197;206m)[38;2;192;197;206m)[38;2;192;197;206m.[38;2;150;181;180mexpect[38;2;192;197;206m([38;2;192;197;206m"[38;2;163;190;140mload Rust lib[38;2;192;197;206m"[38;2;192;197;206m)[38;2;192;197;206m [38;2;192;197;206m}[38;2;192;197;206m;[K
[0m[48;2;40;67;43m[39m+     78[0m:[39m[48;2;24;38;30m [K
[0m[48;2;40;67;43m[39m+     79[0m:[39m[48;2;24;38;30m [38;2;192;197;206m    [38;2;180;142;173mlet[38;2;192;197;206m [38;2;180;142;173mc_fn[38;2;192;197;206m:[38;2;192;197;206m [38;2;192;197;206mSymbol[38;2;192;197;206m<[38;2;192;197;206mParseNumberFn[38;2;192;197;206m>[38;2;192;197;206m [38;2;192;197;206m=[38;2;192;197;206m [38;2;180;142;173munsafe[38;2;192;197;206m [38;2;192;197;206m{[38;2;192;197;206m [38;2;180;142;173mc_lib[38;2;192;197;206m.[38;2;150;181;180mget[38;2;192;197;206m([38;2;180;142;173mb[38;2;192;197;206m"[38;2;163;190;140mparse_number[38;2;192;197;206m"[38;2;192;197;206m)[38;2;192;197;206m.[38;2;150;181;180munwrap[38;2;192;197;206m([38;2;192;197;206m)[38;2;192;197;206m [38;2;192;197;206m}[38;2;192;197;206m;[K
[0m[48;2;40;67;43m[39m+     80[0m:[39m[48;2;24;38;30m [38;2;192;197;206m    [38;2;180;142;173mlet[38;2;192;197;206m rs_fn[38;2;192;197;206m:[38;2;192;197;206m [38;2;192;197;206mSymbol[38;2;192;197;206m<[38;2;192;197;206mParseNumberFn[38;2;192;197;206m>[38;2;192;197;206m [38;2;192;197;206m=[38;2;192;197;206m [38;2;180;142;173munsafe[38;2;192;197;206m [38;2;192;197;206m{[38;2;192;197;206m rs_lib.[38;2;150;181;180mget[38;2;192;197;206m([38;2;180;142;173mb[38;2;192;197;206m"[38;2;163;190;140mparse_number[38;2;192;197;206m"[38;2;192;197;206m)[38;2;192;197;206m.[38;2;150;181;180munwrap[38;2;192;197;206m([38;2;192;197;206m)[38;2;192;197;206m [38;2;192;197;206m}[38;2;192;197;206m;[K
[0m[48;2;40;67;43m[39m+     81[0m:[39m[48;2;24;38;30m [K
[0m[48;2;40;67;43m[39m+     82[0m:[39m[48;2;24;38;30m [38;2;192;197;206m    [38;2;180;142;173mlet[38;2;192;197;206m cases[38;2;192;197;206m:[38;2;192;197;206m [38;2;192;197;206mVec[38;2;192;197;206m<[38;2;192;197;206m([38;2;192;197;206m&[38;2;180;142;173mstr[38;2;192;197;206m, [38;2;192;197;206m&[38;2;192;197;206m[[38;2;180;142;173mu8[38;2;192;197;206m], [38;2;180;142;173musize[38;2;192;197;206m)[38;2;192;197;206m>[38;2;192;197;206m [38;2;192;197;206m=[38;2;192;197;206m [38;2;192;197;206mvec![38;2;192;197;206m[[K
[0m[48;2;40;67;43m[39m+     83[0m:[39m[48;2;24;38;30m [38;2;192;197;206m        [38;2;101;115;126m//[38;2;101;115;126m Basic integers[K
[0m[48;2;40;67;43m[39m+     84[0m:[39m[48;2;24;38;30m [38;2;192;197;206m        [38;2;192;197;206m([38;2;192;197;206m"[38;2;163;190;140mzero[38;2;192;197;206m"[38;2;192;197;206m,[38;2;192;197;206m [38;2;180;142;173mb[38;2;192;197;206m"[38;2;163;190;140m0 [38;2;192;197;206m"[38;2;192;197;206m,[38;2;192;197;206m [38;2;208;135;112m0[38;2;192;197;206m)[38;2;192;197;206m,[K
[0m[48;2;40;67;43m[39m+     85[0m:[39m[48;2;24;38;30m [38;2;192;197;206m        [38;2;192;197;206m([38;2;192;197;206m"[38;2;163;190;140mone[38;2;192;197;206m"[38;2;192;197;206m,[38;2;192;197;206m [38;2;180;142;173mb[38;2;192;197;206m"[38;2;163;190;140m1 [38;2;192;197;206m"[38;2;192;197;206m,[38;2;192;197;206m [38;2;208;135;112m0[38;2;192;197;206m)[38;2;192;197;206m,[K
[0m[48;2;40;67;43m[39m+     86[0m:[39m[48;2;24;38;30m [38;2;192;197;206m        [38;2;192;197;206m([38;2;192;197;206m"[38;2;163;190;140mnegative[38;2;192;197;206m"[38;2;192;197;206m,[38;2;192;197;206m [38;2;180;142;173mb[38;2;192;197;206m"[38;2;163;190;140m-1 [38;2;192;197;206m"[38;2;192;197;206m,[38;2;192;197;206m [38;2;208;135;112m0[38;2;192;197;206m)[38;2;192;197;206m,[K
[0m[48;2;40;67;43m[39m+     87[0m:[39m[48;2;24;38;30m [38;2;192;197;206m        [38;2;192;197;206m([38;2;192;197;206m"[38;2;163;190;140mlarge_int[38;2;192;197;206m"[38;2;192;197;206m,[38;2;192;197;206m [38;2;180;142;173mb[38;2;192;197;206m"[38;2;163;190;140m12345 [38;2;192;197;206m"[38;2;192;197;206m,[38;2;192;197;206m [38;2;208;135;112m0[38;2;192;197;206m)[38;2;192;197;206m,[K
[0m[48;2;40;67;43m[39m+     88[0m:[39m[48;2;24;38;30m [38;2;192;197;206m        [38;2;192;197;206m([38;2;192;197;206m"[38;2;163;190;140mneg_large[38;2;192;197;206m"[38;2;192;197;206m,[38;2;192;197;206m [38;2;180;142;173mb[38;2;192;197;206m"[38;2;163;190;140m-99999 [38;2;192;197;206m"[38;2;192;197;206m,[38;2;192;197;206m [38;2;208;135;112m0[38;2;192;197;206m)[38;2;192;197;206m,[K
[0m[48;2;40;67;43m[39m+     89[0m:[39m[48;2;24;38;30m [38;2;192;197;206m        [38;2;101;115;126m//[38;2;101;115;126m Floats[K
[0m[48;2;40;67;43m[39m+     90[0m:[39m[48;2;24;38;30m [38;2;192;197;206m        [38;2;192;197;206m([38;2;192;197;206m"[38;2;163;190;140mfloat[38;2;192;197;206m"[38;2;192;197;206m,[38;2;192;197;206m [38;2;180;142;173mb[38;2;192;197;206m"[38;2;163;190;140m3.14 [38;2;192;197;206m"[38;2;192;197;206m,[38;2;192;197;206m [38;2;208;135;112m0[38;2;192;197;206m)[38;2;192;197;206m,[K
[0m[48;2;40;67;43m[39m+     91[0m:[39m[48;2;24;38;30m [38;2;192;197;206m        [38;2;192;197;206m([38;2;192;197;206m"[38;2;163;190;140mneg_float[38;2;192;197;206m"[38;2;192;197;206m,[38;2;192;197;206m [38;2;180;142;173mb[38;2;192;197;206m"[38;2;163;190;140m-2.718 [38;2;192;197;206m"[38;2;192;197;206m,[38;2;192;197;206m [38;2;208;135;112m0[38;2;192;197;206m)[38;2;192;197;206m,[K
[0m[48;2;40;67;43m[39m+     92[0m:[39m[48;2;24;38;30m [38;2;192;197;206m        [38;2;192;197;206m([38;2;192;197;206m"[38;2;163;190;140mleading_zero_float[38;2;192;197;206m"[38;2;192;197;206m,[38;2;192;197;206m [38;2;180;142;173mb[38;2;192;197;206m"[38;2;163;190;140m0.5 [38;2;192;197;206m"[38;2;192;197;206m,[38;2;192;197;206m [38;2;208;135;112m0[38;2;192;197;206m)[38;2;192;197;206m,[K
[0m[48;2;40;67;43m[39m+     93[0m:[39m[48;2;24;38;30m [38;2;192;197;206m        [38;2;101;115;126m//[38;2;101;115;126m Scientific notation[K
[0m[48;2;40;67;43m[39m+     94[0m:[39m[48;2;24;38;30m [38;2;192;197;206m        [38;2;192;197;206m([38;2;192;197;206m"[38;2;163;190;140msci[38;2;192;197;206m"[38;2;192;197;206m,[38;2;192;197;206m [38;2;180;142;173mb[38;2;192;197;206m"[38;2;163;190;140m1e10 [38;2;192;197;206m"[38;2;192;197;206m,[38;2;192;197;206m [38;2;208;135;112m0[38;2;192;197;206m)[38;2;192;197;206m,[K
[0m[48;2;40;67;43m[39m+     95[0m:[39m[48;2;24;38;30m [38;2;192;197;206m        [38;2;192;197;206m([38;2;192;197;206m"[38;2;163;190;140msci_neg[38;2;192;197;206m"[38;2;192;197;206m,[38;2;192;197;206m [38;2;180;142;173mb[38;2;192;197;206m"[38;2;163;190;140m1e-5 [38;2;192;197;206m"[38;2;192;197;206m,[38;2;192;197;206m [38;2;208;135;112m0[38;2;192;197;206m)[38;2;192;197;206m,[K
[0m[48;2;40;67;43m[39m+     96[0m:[39m[48;2;24;38;30m [38;2;192;197;206m        [38;2;192;197;206m([38;2;192;197;206m"[38;2;163;190;140msci_pos[38;2;192;197;206m"[38;2;192;197;206m,[38;2;192;197;206m [38;2;180;142;173mb[38;2;192;197;206m"[38;2;163;190;140m1E+3 [38;2;192;197;206m"[38;2;192;197;206m,[38;2;192;197;206m [38;2;208;135;112m0[38;2;192;197;206m)[38;2;192;197;206m,[K
[0m[48;2;40;67;43m[39m+     97[0m:[39m[48;2;24;38;30m [38;2;192;197;206m        [38;2;192;197;206m([38;2;192;197;206m"[38;2;163;190;140msci_float[38;2;192;197;206m"[38;2;192;197;206m,[38;2;192;197;206m [38;2;180;142;173mb[38;2;192;197;206m"[38;2;163;190;140m1.5e2 [38;2;192;197;206m"[38;2;192;197;206m,[38;2;192;197;206m [38;2;208;135;112m0[38;2;192;197;206m)[38;2;192;197;206m,[K
[0m[48;2;40;67;43m[39m+     98[0m:[39m[48;2;24;38;30m [38;2;192;197;206m        [38;2;101;115;126m//[38;2;101;115;126m Edge cases[K
[0m[48;2;40;67;43m[39m+     99[0m:[39m[48;2;24;38;30m [38;2;192;197;206m        [38;2;192;197;206m([38;2;192;197;206m"[38;2;163;190;140mint_max_area[38;2;192;197;206m"[38;2;192;197;206m,[38;2;192;197;206m [38;2;180;142;173mb[38;2;192;197;206m"[38;2;163;190;140m2147483647 [38;2;192;197;206m"[38;2;192;197;206m,[38;2;192;197;206m [38;2;208;135;112m0[38;2;192;197;206m)[38;2;192;197;206m,[K
[0m[48;2;40;67;43m[39m+    100[0m:[39m[48;2;24;38;30m [38;2;192;197;206m        [38;2;192;197;206m([38;2;192;197;206m"[38;2;163;190;140mint_min_area[38;2;192;197;206m"[38;2;192;197;206m,[38;2;192;197;206m [38;2;180;142;173mb[38;2;192;197;206m"[38;2;163;190;140m-2147483648 [38;2;192;197;206m"[38;2;192;197;206m,[38;2;192;197;206m [38;2;208;135;112m0[38;2;192;197;206m)[38;2;192;197;206m,[K
[0m[48;2;40;67;43m[39m+    101[0m:[39m[48;2;24;38;30m [38;2;192;197;206m        [38;2;192;197;206m([38;2;192;197;206m"[38;2;163;190;140moverflow_pos[38;2;192;197;206m"[38;2;192;197;206m,[38;2;192;197;206m [38;2;180;142;173mb[38;2;192;197;206m"[38;2;163;190;140m1e308 [38;2;192;197;206m"[38;2;192;197;206m,[38;2;192;197;206m [38;2;208;135;112m0[38;2;192;197;206m)[38;2;192;197;206m,[K
[0m[48;2;40;67;43m[39m+    102[0m:[39m[48;2;24;38;30m [38;2;192;197;206m        [38;2;192;197;206m([38;2;192;197;206m"[38;2;163;190;140moverflow_neg[38;2;192;197;206m"[38;2;192;197;206m,[38;2;192;197;206m [38;2;180;142;173mb[38;2;192;197;206m"[38;2;163;190;140m-1e308 [38;2;192;197;206m"[38;2;192;197;206m,[38;2;192;197;206m [38;2;208;135;112m0[38;2;192;197;206m)[38;2;192;197;206m,[K
[0m[48;2;40;67;43m[39m+    103[0m:[39m[48;2;24;38;30m [38;2;192;197;206m        [38;2;192;197;206m([38;2;192;197;206m"[38;2;163;190;140mhuge[38;2;192;197;206m"[38;2;192;197;206m,[38;2;192;197;206m [38;2;180;142;173mb[38;2;192;197;206m"[38;2;163;190;140m1e309 [38;2;192;197;206m"[38;2;192;197;206m,[38;2;192;197;206m [38;2;208;135;112m0[38;2;192;197;206m)[38;2;192;197;206m,[K
[0m[48;2;40;67;43m[39m+    104[0m:[39m[48;2;24;38;30m [38;2;192;197;206m        [38;2;192;197;206m([38;2;192;197;206m"[38;2;163;190;140mtiny[38;2;192;197;206m"[38;2;192;197;206m,[38;2;192;197;206m [38;2;180;142;173mb[38;2;192;197;206m"[38;2;163;190;140m1e-400 [38;2;192;197;206m"[38;2;192;197;206m,[38;2;192;197;206m [38;2;208;135;112m0[38;2;192;197;206m)[38;2;192;197;206m,[K
[0m[48;2;40;67;43m[39m+    105[0m:[39m[48;2;24;38;30m [38;2;192;197;206m        [38;2;101;115;126m//[38;2;101;115;126m Offset[K
[0m[48;2;40;67;43m[39m+    106[0m:[39m[48;2;24;38;30m [38;2;192;197;206m        [38;2;192;197;206m([38;2;192;197;206m"[38;2;163;190;140mwith_offset[38;2;192;197;206m"[38;2;192;197;206m,[38;2;192;197;206m [38;2;180;142;173mb[38;2;192;197;206m"[38;2;163;190;140mabc123.45 [38;2;192;197;206m"[38;2;192;197;206m,[38;2;192;197;206m [38;2;208;135;112m3[38;2;192;197;206m)[38;2;192;197;206m,[K
[0m[48;2;40;67;43m[39m+    107[0m:[39m[48;2;24;38;30m [38;2;192;197;206m        [38;2;101;115;126m//[38;2;101;115;126m Null termination boundary[K
[0m[48;2;40;67;43m[39m+    108[0m:[39m[48;2;24;38;30m [38;2;192;197;206m        [38;2;192;197;206m([38;2;192;197;206m"[38;2;163;190;140mexact_end[38;2;192;197;206m"[38;2;192;197;206m,[38;2;192;197;206m [38;2;180;142;173mb[38;2;192;197;206m"[38;2;163;190;140m42[38;2;192;197;206m"[38;2;192;197;206m,[38;2;192;197;206m [38;2;208;135;112m0[38;2;192;197;206m)[38;2;192;197;206m,[K
[0m[48;2;40;67;43m[39m+    109[0m:[39m[48;2;24;38;30m [38;2;192;197;206m        [38;2;101;115;126m//[38;2;101;115;126m Just a sign (should fail)[K
[0m[48;2;40;67;43m[39m+    110[0m:[39m[48;2;24;38;30m [38;2;192;197;206m        [38;2;192;197;206m([38;2;192;197;206m"[38;2;163;190;140mjust_minus[38;2;192;197;206m"[38;2;192;197;206m,[38;2;192;197;206m [38;2;180;142;173mb[38;2;192;197;206m"[38;2;163;190;140m- [38;2;192;197;206m"[38;2;192;197;206m,[38;2;192;197;206m [38;2;208;135;112m0[38;2;192;197;206m)[38;2;192;197;206m,[K
[0m[48;2;40;67;43m[39m+    111[0m:[39m[48;2;24;38;30m [38;2;192;197;206m        [38;2;192;197;206m([38;2;192;197;206m"[38;2;163;190;140mjust_plus[38;2;192;197;206m"[38;2;192;197;206m,[38;2;192;197;206m [38;2;180;142;173mb[38;2;192;197;206m"[38;2;163;190;140m+ [38;2;192;197;206m"[38;2;192;197;206m,[38;2;192;197;206m [38;2;208;135;112m0[38;2;192;197;206m)[38;2;192;197;206m,[K
[0m[48;2;40;67;43m[39m+    112[0m:[39m[48;2;24;38;30m [38;2;192;197;206m        [38;2;101;115;126m//[38;2;101;115;126m Empty / null[K
[0m[48;2;40;67;43m[39m+    113[0m:[39m[48;2;24;38;30m [38;2;192;197;206m        [38;2;192;197;206m([38;2;192;197;206m"[38;2;163;190;140mempty[38;2;192;197;206m"[38;2;192;197;206m,[38;2;192;197;206m [38;2;180;142;173mb[38;2;192;197;206m"[38;2;192;197;206m"[38;2;192;197;206m,[38;2;192;197;206m [38;2;208;135;112m0[38;2;192;197;206m)[38;2;192;197;206m,[K
[0m[48;2;40;67;43m[39m+    114[0m:[39m[48;2;24;38;30m [38;2;192;197;206m        [38;2;101;115;126m//[38;2;101;115;126m Number followed by non-number[K
[0m[48;2;40;67;43m[39m+    115[0m:[39m[48;2;24;38;30m [38;2;192;197;206m        [38;2;192;197;206m([38;2;192;197;206m"[38;2;163;190;140mnum_then_alpha[38;2;192;197;206m"[38;2;192;197;206m,[38;2;192;197;206m [38;2;180;142;173mb[38;2;192;197;206m"[38;2;163;190;140m123abc[38;2;192;197;206m"[38;2;192;197;206m,[38;2;192;197;206m [38;2;208;135;112m0[38;2;192;197;206m)[38;2;192;197;206m,[K
[0m[48;2;40;67;43m[39m+    116[0m:[39m[48;2;24;38;30m [38;2;192;197;206m        [38;2;101;115;126m//[38;2;101;115;126m Negative zero[K
[0m[48;2;40;67;43m[39m+    117[0m:[39m[48;2;24;38;30m [38;2;192;197;206m        [38;2;192;197;206m([38;2;192;197;206m"[38;2;163;190;140mneg_zero[38;2;192;197;206m"[38;2;192;197;206m,[38;2;192;197;206m [38;2;180;142;173mb[38;2;192;197;206m"[38;2;163;190;140m-0 [38;2;192;197;206m"[38;2;192;197;206m,[38;2;192;197;206m [38;2;208;135;112m0[38;2;192;197;206m)[38;2;192;197;206m,[K
[0m[48;2;40;67;43m[39m+    118[0m:[39m[48;2;24;38;30m [38;2;192;197;206m        [38;2;192;197;206m([38;2;192;197;206m"[38;2;163;190;140mneg_zero_float[38;2;192;197;206m"[38;2;192;197;206m,[38;2;192;197;206m [38;2;180;142;173mb[38;2;192;197;206m"[38;2;163;190;140m-0.0 [38;2;192;197;206m"[38;2;192;197;206m,[38;2;192;197;206m [38;2;208;135;112m0[38;2;192;197;206m)[38;2;192;197;206m,[K
[0m[48;2;40;67;43m[39m+    119[0m:[39m[48;2;24;38;30m [38;2;192;197;206m    [38;2;192;197;206m][38;2;192;197;206m;[K
[0m[48;2;40;67;43m[39m+    120[0m:[39m[48;2;24;38;30m [K
[0m[48;2;40;67;43m[39m+    121[0m:[39m[48;2;24;38;30m [38;2;192;197;206m    [38;2;180;142;173mfor[38;2;192;197;206m [38;2;192;197;206m([38;2;192;197;206mlabel[38;2;192;197;206m,[38;2;192;197;206m input[38;2;192;197;206m,[38;2;192;197;206m offset[38;2;192;197;206m)[38;2;192;197;206m [38;2;192;197;206min[38;2;192;197;206m cases [38;2;192;197;206m{[K
[0m[48;2;40;67;43m[39m+    122[0m:[39m[48;2;24;38;30m [38;2;192;197;206m        [38;2;150;181;180mcompare[38;2;192;197;206m([38;2;192;197;206mlabel[38;2;192;197;206m,[38;2;192;197;206m input[38;2;192;197;206m,[38;2;192;197;206m offset[38;2;192;197;206m,[38;2;192;197;206m [38;2;192;197;206m*[38;2;180;142;173mc_fn[38;2;192;197;206m,[38;2;192;197;206m [38;2;192;197;206m*[38;2;192;197;206mrs_fn[38;2;192;197;206m)[38;2;192;197;206m;[K
[0m[48;2;40;67;43m[39m+    123[0m:[39m[48;2;24;38;30m [38;2;192;197;206m    [38;2;192;197;206m}[K
[0m[48;2;40;67;43m[39m+    124[0m:[39m[48;2;24;38;30m [38;2;192;197;206m}[K
[0m[48;2;40;67;43m[39m+    125[0m:[39m[48;2;24;38;30m [K
[0m[48;2;40;67;43m[39m+    126[0m:[39m[48;2;24;38;30m [38;2;192;197;206m#[38;2;192;197;206m[[38;2;191;97;106mtest[38;2;192;197;206m][K
[0m[48;2;40;67;43m[39m+    127[0m:[39m[48;2;24;38;30m [38;2;180;142;173mfn[38;2;192;197;206m [38;2;143;161;179mtest_null_inputs[38;2;192;197;206m([38;2;192;197;206m)[38;2;192;197;206m [38;2;192;197;206m{[K
[0m[48;2;40;67;43m[39m+    128[0m:[39m[48;2;24;38;30m [38;2;192;197;206m    [38;2;180;142;173mlet[38;2;192;197;206m [38;2;180;142;173mc_lib[38;2;192;197;206m [38;2;192;197;206m=[38;2;192;197;206m [38;2;180;142;173munsafe[38;2;192;197;206m [38;2;192;197;206m{[38;2;192;197;206m [38;2;192;197;206mLibrary[38;2;192;197;206m::[38;2;192;197;206mnew[38;2;192;197;206m([38;2;150;181;180mc_lib_path[38;2;192;197;206m([38;2;192;197;206m)[38;2;192;197;206m)[38;2;192;197;206m.[38;2;150;181;180mexpect[38;2;192;197;206m([38;2;192;197;206m"[38;2;163;190;140mload C lib[38;2;192;197;206m"[38;2;192;197;206m)[38;2;192;197;206m [38;2;192;197;206m}[38;2;192;197;206m;[K
[0m[48;2;40;67;43m[39m+    129[0m:[39m[48;2;24;38;30m [38;2;192;197;206m    [38;2;180;142;173mlet[38;2;192;197;206m rs_lib [38;2;192;197;206m=[38;2;192;197;206m [38;2;180;142;173munsafe[38;2;192;197;206m [38;2;192;197;206m{[38;2;192;197;206m [38;2;192;197;206mLibrary[38;2;192;197;206m::[38;2;192;197;206mnew[38;2;192;197;206m([38;2;150;181;180mrust_lib_path[38;2;192;197;206m([38;2;192;197;206m)[38;2;192;197;206m)[38;2;192;197;206m.[38;2;150;181;180mexpect[38;2;192;197;206m([38;2;192;197;206m"[38;2;163;190;140mload Rust lib[38;2;192;197;206m"[38;2;192;197;206m)[38;2;192;197;206m [38;2;192;197;206m}[38;2;192;197;206m;[K
[0m[48;2;40;67;43m[39m+    130[0m:[39m[48;2;24;38;30m [K
[0m[48;2;40;67;43m[39m+    131[0m:[39m[48;2;24;38;30m [38;2;192;197;206m    [38;2;180;142;173mlet[38;2;192;197;206m [38;2;180;142;173mc_fn[38;2;192;197;206m:[38;2;192;197;206m [38;2;192;197;206mSymbol[38;2;192;197;206m<[38;2;192;197;206mParseNumberFn[38;2;192;197;206m>[38;2;192;197;206m [38;2;192;197;206m=[38;2;192;197;206m [38;2;180;142;173munsafe[38;2;192;197;206m [38;2;192;197;206m{[38;2;192;197;206m [38;2;180;142;173mc_lib[38;2;192;197;206m.[38;2;150;181;180mget[38;2;192;197;206m([38;2;180;142;173mb[38;2;192;197;206m"[38;2;163;190;140mparse_number[38;2;192;197;206m"[38;2;192;197;206m)[38;2;192;197;206m.[38;2;150;181;180munwrap[38;2;192;197;206m([38;2;192;197;206m)[38;2;192;197;206m [38;2;192;197;206m}[38;2;192;197;206m;[K
[0m[48;2;40;67;43m[39m+    132[0m:[39m[48;2;24;38;30m [38;2;192;197;206m    [38;2;180;142;173mlet[38;2;192;197;206m rs_fn[38;2;192;197;206m:[38;2;192;197;206m [38;2;192;197;206mSymbol[38;2;192;197;206m<[38;2;192;197;206mParseNumberFn[38;2;192;197;206m>[38;2;192;197;206m [38;2;192;197;206m=[38;2;192;197;206m [38;2;180;142;173munsafe[38;2;192;197;206m [38;2;192;197;206m{[38;2;192;197;206m rs_lib.[38;2;150;181;180mget[38;2;192;197;206m([38;2;180;142;173mb[38;2;192;197;206m"[38;2;163;190;140mparse_number[38;2;192;197;206m"[38;2;192;197;206m)[38;2;192;197;206m.[38;2;150;181;180munwrap[38;2;192;197;206m([38;2;192;197;206m)[38;2;192;197;206m [38;2;192;197;206m}[38;2;192;197;206m;[K
[0m[48;2;40;67;43m[39m+    133[0m:[39m[48;2;24;38;30m [K
[0m[48;2;40;67;43m[39m+    134[0m:[39m[48;2;24;38;30m [38;2;192;197;206m    [38;2;101;115;126m//[38;2;101;115;126m null buffer[K
[0m[48;2;40;67;43m[39m+    135[0m:[39m[48;2;24;38;30m [38;2;192;197;206m    [38;2;180;142;173mlet[38;2;192;197;206m [38;2;180;142;173mmut[38;2;192;197;206m item_c [38;2;192;197;206m=[38;2;192;197;206m CJson [38;2;192;197;206m{[38;2;192;197;206m type_[38;2;192;197;206m:[38;2;192;197;206m [38;2;208;135;112m0[38;2;192;197;206m,[38;2;192;197;206m valueint[38;2;192;197;206m:[38;2;192;197;206m [38;2;208;135;112m0[38;2;192;197;206m,[38;2;192;197;206m valuedouble[38;2;192;197;206m:[38;2;192;197;206m [38;2;208;135;112m0.[38;2;208;135;112m0[38;2;192;197;206m [38;2;192;197;206m}[38;2;192;197;206m;[K
[0m[48;2;40;67;43m[39m+    136[0m:[39m[48;2;24;38;30m [38;2;192;197;206m    [38;2;180;142;173mlet[38;2;192;197;206m [38;2;180;142;173mmut[38;2;192;197;206m item_r [38;2;192;197;206m=[38;2;192;197;206m CJson [38;2;192;197;206m{[38;2;192;197;206m type_[38;2;192;197;206m:[38;2;192;197;206m [38;2;208;135;112m0[38;2;192;197;206m,[38;2;192;197;206m valueint[38;2;192;197;206m:[38;2;192;197;206m [38;2;208;135;112m0[38;2;192;197;206m,[38;2;192;197;206m valuedouble[38;2;192;197;206m:[38;2;192;197;206m [38;2;208;135;112m0.[38;2;208;135;112m0[38;2;192;197;206m [38;2;192;197;206m}[38;2;192;197;206m;[K
[0m[48;2;40;67;43m[39m+    137[0m:[39m[48;2;24;38;30m [38;2;192;197;206m    [38;2;180;142;173mlet[38;2;192;197;206m [38;2;180;142;173mc_ret[38;2;192;197;206m [38;2;192;197;206m=[38;2;192;197;206m [38;2;180;142;173munsafe[38;2;192;197;206m [38;2;192;197;206m{[38;2;192;197;206m [38;2;150;181;180mc_fn[38;2;192;197;206m([38;2;192;197;206m&[38;2;180;142;173mmut[38;2;192;197;206m item_c[38;2;192;197;206m,[38;2;192;197;206m [38;2;192;197;206mstd[38;2;192;197;206m::[38;2;192;197;206mptr[38;2;192;197;206m::[38;2;192;197;206mnull_mut[38;2;192;197;206m([38;2;192;197;206m)[38;2;192;197;206m)[38;2;192;197;206m [38;2;192;197;206m}[38;2;192;197;206m;[K
[0m[48;2;40;67;43m[39m+    138[0m:[39m[48;2;24;38;30m [38;2;192;197;206m    [38;2;180;142;173mlet[38;2;192;197;206m r_ret [38;2;192;197;206m=[38;2;192;197;206m [38;2;180;142;173munsafe[38;2;192;197;206m [38;2;192;197;206m{[38;2;192;197;206m [38;2;150;181;180mrs_fn[38;2;192;197;206m([38;2;192;197;206m&[38;2;180;142;173mmut[38;2;192;197;206m item_r[38;2;192;197;206m,[38;2;192;197;206m [38;2;192;197;206mstd[38;2;192;197;206m::[38;2;192;197;206mptr[38;2;192;197;206m::[38;2;192;197;206mnull_mut[38;2;192;197;206m([38;2;192;197;206m)[38;2;192;197;206m)[38;2;192;197;206m [38;2;192;197;206m}[38;2;192;197;206m;[K
[0m[48;2;40;67;43m[39m+    139[0m:[39m[48;2;24;38;30m [38;2;192;197;206m    [38;2;192;197;206massert_eq![38;2;192;197;206m([38;2;180;142;173mc_ret[38;2;192;197;206m,[38;2;192;197;206m r_ret[38;2;192;197;206m,[38;2;192;197;206m [38;2;192;197;206m"[38;2;163;190;140mnull buffer: return mismatch[38;2;192;197;206m"[38;2;192;197;206m)[38;2;192;197;206m;[K
[0m[48;2;40;67;43m[39m+    140[0m:[39m[48;2;24;38;30m [K
[0m[48;2;40;67;43m[39m+    141[0m:[39m[48;2;24;38;30m [38;2;192;197;206m    [38;2;101;115;126m//[38;2;101;115;126m null content[K
[0m[48;2;40;67;43m[39m+    142[0m:[39m[48;2;24;38;30m [38;2;192;197;206m    [38;2;180;142;173mlet[38;2;192;197;206m [38;2;180;142;173mmut[38;2;192;197;206m buf_c [38;2;192;197;206m=[38;2;192;197;206m ParseBuffer [38;2;192;197;206m{[38;2;192;197;206m content[38;2;192;197;206m:[38;2;192;197;206m [38;2;192;197;206mstd[38;2;192;197;206m::[38;2;192;197;206mptr[38;2;192;197;206m::[38;2;192;197;206mnull[38;2;192;197;206m([38;2;192;197;206m)[38;2;192;197;206m,[38;2;192;197;206m length[38;2;192;197;206m:[38;2;192;197;206m [38;2;208;135;112m10[38;2;192;197;206m,[38;2;192;197;206m offset[38;2;192;197;206m:[38;2;192;197;206m [38;2;208;135;112m0[38;2;192;197;206m,[38;2;192;197;206m depth[38;2;192;197;206m:[38;2;192;197;206m [38;2;208;135;112m0[38;2;192;197;206m [38;2;192;197;206m}[38;2;192;197;206m;[K
[0m[48;2;40;67;43m[39m+    143[0m:[39m[48;2;24;38;30m [38;2;192;197;206m    [38;2;180;142;173mlet[38;2;192;197;206m [38;2;180;142;173mmut[38;2;192;197;206m buf_r [38;2;192;197;206m=[38;2;192;197;206m ParseBuffer [38;2;192;197;206m{[38;2;192;197;206m content[38;2;192;197;206m:[38;2;192;197;206m [38;2;192;197;206mstd[38;2;192;197;206m::[38;2;192;197;206mptr[38;2;192;197;206m::[38;2;192;197;206mnull[38;2;192;197;206m([38;2;192;197;206m)[38;2;192;197;206m,[38;2;192;197;206m length[38;2;192;197;206m:[38;2;192;197;206m [38;2;208;135;112m10[38;2;192;197;206m,[38;2;192;197;206m offset[38;2;192;197;206m:[38;2;192;197;206m [38;2;208;135;112m0[38;2;192;197;206m,[38;2;192;197;206m depth[38;2;192;197;206m:[38;2;192;197;206m [38;2;208;135;112m0[38;2;192;197;206m [38;2;192;197;206m}[38;2;192;197;206m;[K
[0m[48;2;40;67;43m[39m+    144[0m:[39m[48;2;24;38;30m [38;2;192;197;206m    [38;2;180;142;173mlet[38;2;192;197;206m [38;2;180;142;173mc_ret[38;2;192;197;206m [38;2;192;197;206m=[38;2;192;197;206m [38;2;180;142;173munsafe[38;2;192;197;206m [38;2;192;197;206m{[38;2;192;197;206m [38;2;150;181;180mc_fn[38;2;192;197;206m([38;2;192;197;206m&[38;2;180;142;173mmut[38;2;192;197;206m item_c[38;2;192;197;206m,[38;2;192;197;206m [38;2;192;197;206m&[38;2;180;142;173mmut[38;2;192;197;206m buf_c[38;2;192;197;206m)[38;2;192;197;206m [38;2;192;197;206m}[38;2;192;197;206m;[K
[0m[48;2;40;67;43m[39m+    145[0m:[39m[48;2;24;38;30m [38;2;192;197;206m    [38;2;180;142;173mlet[38;2;192;197;206m r_ret [38;2;192;197;206m=[38;2;192;197;206m [38;2;180;142;173munsafe[38;2;192;197;206m [38;2;192;197;206m{[38;2;192;197;206m [38;2;150;181;180mrs_fn[38;2;192;197;206m([38;2;192;197;206m&[38;2;180;142;173mmut[38;2;192;197;206m item_r[38;2;192;197;206m,[38;2;192;197;206m [38;2;192;197;206m&[38;2;180;142;173mmut[38;2;192;197;206m buf_r[38;2;192;197;206m)[38;2;192;197;206m [38;2;192;197;206m}[38;2;192;197;206m;[K
[0m[48;2;40;67;43m[39m+    146[0m:[39m[48;2;24;38;30m [38;2;192;197;206m    [38;2;192;197;206massert_eq![38;2;192;197;206m([38;2;180;142;173mc_ret[38;2;192;197;206m,[38;2;192;197;206m r_ret[38;2;192;197;206m,[38;2;192;197;206m [38;2;192;197;206m"[38;2;163;190;140mnull content: return mismatch[38;2;192;197;206m"[38;2;192;197;206m)[38;2;192;197;206m;[K
[0m[48;2;40;67;43m[39m+    147[0m:[39m[48;2;24;38;30m [38;2;192;197;206m}[K
[0m[K
Creating: [38;5;141m/local/home/scheschb/reserach/TRACTOR/harvest-agentic/results/B02_organic/parse_number_lib/translated_rust/tests/test_parse_number.rs[0m
[38;5;244m - Completed in 0.50s[0m
[38;5;12m[1m [1.12][0m[0m
[?25l[0m[38;5;141m> [0mNow build the Rust lib and run the tests:[0m[0m
[?25l[0m[0mI will run the following command: [38;5;141mcd /local/home/scheschb/reserach/TRACTOR/harvest-agentic/results/B02_organic/parse_number_lib/translated_rust && timeout 600 cargo build 2>&1 | tail -20[0m[38;5;244m (using tool: shell)[0m
Purpose: Build Rust cdylib first

    Updating crates.io index
     Locking 3 packages to latest compatible versions
      Adding cfg-if v1.0.4
      Adding libloading v0.8.9 (available: v0.9.0)
      Adding windows-link v0.2.1
   Compiling libc v0.2.183
   Compiling parse_number_lib v0.1.0 (/local/home/scheschb/reserach/TRACTOR/harvest-agentic/results/B02_organic/parse_number_lib/translated_rust)
    Finished `dev` profile [unoptimized + debuginfo] target(s) in 0.98s
[38;5;244m - Completed in 1.367s[0m
[38;5;12m[1m [1.13][0m[0m
[?25l[0m[?25l[0m[0mI will run the following command: [38;5;141mls /local/home/scheschb/reserach/TRACTOR/harvest-agentic/results/B02_organic/parse_number_lib/translated_rust/target/debug/libdriver.so 2>&1[0m[38;5;244m (using tool: shell)[0m
Purpose: Verify Rust .so exists

/local/home/scheschb/reserach/TRACTOR/harvest-agentic/results/B02_organic/parse_number_lib/translated_rust/target/debug/libdriver.so
[38;5;244m - Completed in 0.65s[0m
[38;5;12m[1m [1.14][0m[0m
[?25l[0m[?25l[0m[0mI will run the following command: [38;5;141mcd /local/home/scheschb/reserach/TRACTOR/harvest-agentic/results/B02_organic/parse_number_lib/translated_rust && timeout 600 cargo test -- --nocapture 2>&1 | tail -40[0m[38;5;244m (using tool: shell)[0m
Purpose: Run integration tests

   Compiling cfg-if v1.0.4
   Compiling libloading v0.8.9
   Compiling parse_number_lib v0.1.0 (/local/home/scheschb/reserach/TRACTOR/harvest-agentic/results/B02_organic/parse_number_lib/translated_rust)
    Finished `test` profile [unoptimized + debuginfo] target(s) in 0.44s
     Running unittests src/lib.rs (target/debug/deps/driver-083cfc657c225816)

running 0 tests

test result: ok. 0 passed; 0 failed; 0 ignored; 0 measured; 0 filtered out; finished in 0.00s

     Running tests/test_parse_number.rs (target/debug/deps/test_parse_number-5617ade9fda4dc94)

running 2 tests
test test_null_inputs ... ok
test test_parse_number_cases ... ok

test result: ok. 2 passed; 0 failed; 0 ignored; 0 measured; 0 filtered out; finished in 0.00s

[38;5;244m - Completed in 0.821s[0m
[38;5;12m[1m [1.15][0m[0m
[?25l[0m[38;5;141m> [0mAll tests pass. Let me mark the tasks and move on to symbol comparison:[0m[0m
[?25l[0m[0m[38;5;11mTODO:
[39m[38;5;10m[x] [3m[38;5;244mAdd libloading dev-dependency and write integration tests[23m
[38;5;10m[x] [3m[38;5;244mRun tests, fix mismatches in Rust code[23m
[0m[ ] Compare nm -D symbols between C .so and Rust .so, fix missing exports[38;5;244m - Completed in 0.48s[0m
[38;5;12m[1m [1.16][0m[0m
[?25l[0m[38;5;141m> [0mNow compare [38;5;10mnm -D[0m symbols:[0m[0m
[?25l[0m[0mI will run the following command: [38;5;141mecho "=== C .so symbols ===" && nm -D /local/home/scheschb/reserach/TRACTOR/harvest-agentic/results/B02_organic/parse_number_lib/translated_rust/c_src/build/libdriver.so | grep ' T ' && echo "" && echo "=== Rust .so symbols ===" && nm -D /local/home/scheschb/reserach/TRACTOR/harvest-agentic/results/B02_organic/parse_number_lib/translated_rust/target/debug/libdriver.so | grep ' T '[0m[38;5;244m (using tool: shell)[0m
Purpose: Compare exported symbols between C and Rust .so files

=== C .so symbols ===
000000000000095c T _fini
00000000000005c8 T _init
00000000000006fa T parse_number

=== Rust .so symbols ===
00000000000090b0 T parse_number
[38;5;244m - Completed in 0.54s[0m
[38;5;12m[1m [1.17][0m[0m
[?25l[0m[38;5;141m> [0mThe C .so exports [38;5;10mparse_number[0m, [38;5;10m_fini[0m, and [38;5;10m_init[0m. The [38;5;10m_fini[0m and [38;5;10m_init[0m are standard ELF symbols automatically generated by the linker — not user-defined functions. The Rust .so also exports [38;5;10mparse_number[0m. The only meaningful user symbol ([38;5;10mparse_number[0m) is present in both.[0m[0m
[0m[0m
Let me verify there are no other user-defined symbols I might be missing:[0m[0m
[?25l[0m[0mI will run the following command: [38;5;141mecho "=== C all dynamic symbols ===" && nm -D /local/home/scheschb/reserach/TRACTOR/harvest-agentic/results/B02_organic/parse_number_lib/translated_rust/c_src/build/libdriver.so && echo "" && echo "=== Rust all dynamic symbols ===" && nm -D /local/home/scheschb/reserach/TRACTOR/harvest-agentic/results/B02_organic/parse_number_lib/translated_rust/target/debug/libdriver.so 2>&1 | head -40[0m[38;5;244m (using tool: shell)[0m
Purpose: Full nm -D comparison

=== C all dynamic symbols ===
0000000000201040 B __bss_start
                 w __cxa_finalize
0000000000201040 D _edata
0000000000201048 B _end
000000000000095c T _fini
                 U free
                 w __gmon_start__
00000000000005c8 T _init
                 w _ITM_deregisterTMCloneTable
                 w _ITM_registerTMCloneTable
                 U malloc
                 U memcpy
00000000000006fa T parse_number
                 U strtod

=== Rust all dynamic symbols ===
                 U abort
                 U bcmp
                 U calloc
                 U close
                 w __cxa_finalize
                 w __cxa_thread_atexit_impl
                 U dl_iterate_phdr
                 U __errno_location
                 U free
                 U __fxstat64
                 U getcwd
                 U getenv
                 w gettid
                 w __gmon_start__
                 w _ITM_deregisterTMCloneTable
                 w _ITM_registerTMCloneTable
                 U lseek64
                 U malloc
                 U memcpy
                 U memmove
                 U memset
                 U mmap64
                 U munmap
                 U open64
00000000000090b0 T parse_number
                 U posix_memalign
                 U pthread_key_create
                 U pthread_key_delete
                 U pthread_setspecific
                 U read
                 U readlink
                 U realloc
                 U realpath
                 w statx
                 U strlen
                 U strtod
                 U syscall
                 U __tls_get_addr
                 U _Unwind_Backtrace
                 U _Unwind_GetDataRelBase
[38;5;244m - Completed in 0.53s[0m
[38;5;12m[1m [1.18][0m[0m
[?25l[0m[38;5;141m> [0mThe only user-defined exported symbol ([38;5;10mT[0m type) from the C .so is [38;5;10mparse_number[0m, and the Rust .so also exports it. The [38;5;10m_fini[0m/[38;5;10m_init[0m are linker-generated ELF symbols, not user code. All user symbols match.[0m[0m
[?25l[0m[0m[38;5;11mTODO:
[39m[38;5;10m[x] [3m[38;5;244mCompare nm -D symbols between C .so and Rust .so, fix missing exports[23m
[0m[ ] Compare binary outputs if main binary exists[38;5;244m - Completed in 0.49s[0m
[38;5;12m[1m [1.19][0m[0m
[?25l[0m[38;5;141m> [0mNow check for a main binary:[0m[0m
[?25l[0m[0mI will run the following command: [38;5;141mgrep -r 'int main' /local/home/scheschb/reserach/TRACTOR/harvest-agentic/results/B02_organic/parse_number_lib/translated_rust/c_src/ 2>/dev/null; grep -r 'fn main' /local/home/scheschb/reserach/TRACTOR/harvest-agentic/results/B02_organic/parse_number_lib/translated_rust/src/ 2>/dev/null; grep '\[\[bin\]\]' /local/home/scheschb/reserach/TRACTOR/harvest-agentic/results/B02_organic/parse_number_lib/translated_rust/Cargo.toml 2>/dev/null; echo "---"; grep 'add_executable' /local/home/scheschb/reserach/TRACTOR/harvest-agentic/results/B02_organic/parse_number_lib/translated_rust/c_src/CMakeLists.txt 2>/dev/null; echo "done"[0m[38;5;244m (using tool: shell)[0m
Purpose: Check if project has a main binary

---
done
[38;5;244m - Completed in 0.56s[0m
[38;5;12m[1m [1.20][0m[0m
[?25l[0m[38;5;141m> [0mNo main binary exists — this is a library-only project. No [38;5;10mmain()[0m in C, no [38;5;10mfn main[0m in Rust, no [38;5;10m[[bin]][0m in Cargo.toml, no [38;5;10madd_executable[0m in CMakeLists.[0m[0m
[?25l[0m[0m[38;5;11mTODO:
[39m[38;5;10m[x] [3m[38;5;244mExplore project structure - C headers, Rust source, Cargo.toml, CMakeLists.txt[23m
[38;5;10m[x] [3m[38;5;244mBuild C shared library[23m
[38;5;10m[x] [3m[38;5;244mIdentify public API and function hierarchy from C headers[23m
[38;5;10m[x] [3m[38;5;244mAdd libloading dev-dependency and write integration tests[23m
[38;5;10m[x] [3m[38;5;244mRun tests, fix mismatches in Rust code[23m
[38;5;10m[x] [3m[38;5;244mCompare nm -D symbols between C .so and Rust .so, fix missing exports[23m
[38;5;10m[x] [3m[38;5;244mCompare binary outputs if main binary exists[23m[38;5;244m - Completed in 0.50s[0m
[38;5;12m[1m [1.21][0m[0m
[?25l[0m[38;5;141m> [0mAll tasks complete. Here's the summary:[0m[0m
[0m[0m
[38;5;252m[1m## Results[0m[0m
[0m[0m
[1mPublic API:[22m Single function [38;5;10mparse_number(cJSON*, parse_buffer*)[0m — parses a number string from a buffer into a cJSON struct.[0m[0m
[0m[0m
[1mIntegration tests:[22m 2 tests with 28+ test cases covering:[0m[0m
- Basic integers (positive, negative, zero)[0m[0m
- Floating point numbers[0m[0m
- Scientific notation ([38;5;10me[0m, [38;5;10mE[0m, [38;5;10m+[0m, [38;5;10m-[0m exponents)[0m[0m
- Overflow/underflow (INT_MAX, INT_MIN, 1e308, 1e309, 1e-400)[0m[0m
- Edge cases (negative zero, offset into buffer, exact-end buffer, sign-only inputs)[0m[0m
- Null/invalid inputs (null buffer pointer, null content pointer, empty string)[0m[0m
[0m[0m
[1mResult: All tests pass — the Rust translation produces byte-identical output to the C code.[22m No fixes were needed.[0m[0m
[0m[0m
[1mSymbol comparison ([38;5;10mnm -D[0m):[22m The C .so exports [38;5;10mparse_number[0m as its only user-defined symbol. The Rust .so also exports [38;5;10mparse_number[0m. ✅ Match.[0m[0m
[0m[0m
[1mBinary comparison:[22m N/A — library-only project, no main binary exists.[0m[0m
[0m[0m
[1mFiles modified:[22m[0m[0m
- [38;5;10mtranslated_rust/Cargo.toml[0m — added [38;5;10mlibloading = "0.8"[0m to dev-dependencies[0m[0m
- [38;5;10mtranslated_rust/tests/test_parse_number.rs[0m — new integration test file[0m[0m[38;5;12m[1m✓ Created checkpoint 1

[0m[0m
[38;5;8m
 ▸ Credits: 9.04 • Time: 2m 29s

[0m[1G[0m[0m[?25h