[32mAll tools are now trusted ([0m[31m![0m[32m). Kiro will execute tools without asking for confirmation.[0m
Agents can sometimes do unexpected things so understand the risks.

Learn more at [38;5;141mhttps://kiro.dev/docs/cli/chat/security/#using-tools-trust-all-safely[0m


[38;5;12m[1m📷 Checkpoints are enabled! (took 0.04s)

[0m
[38;5;252m[0m[?25l[38;5;141m> [0m[0m[0m
[0m[0m
I'll start by reading all the C source files and Rust source files to understand the project.[0m[0m
[?25l[0m[0mBatch fs_read operation with [38;5;141m3[0m operations[38;5;244m (using tool: read)[0m

↱ Operation 1: Reading directory: [38;5;141m/tmp/harvest-crust-JJ4A6K/project[0m
↱ Operation 2: Reading directory: [38;5;141m/tmp/harvest-crust-JJ4A6K/project/c_src[0m
↱ Operation 3: Reading directory: [38;5;141m/tmp/harvest-crust-JJ4A6K/project/src[0m
[38;5;10m ✓ [0mSuccessfully read directory [38;5;141m/tmp/harvest-crust-JJ4A6K/project[0m [38;5;244m(45 entries)[0m

[38;5;10m ✓ [0mSuccessfully read directory [38;5;141m/tmp/harvest-crust-JJ4A6K/project/c_src[0m [38;5;244m(38 entries)[0m

[38;5;10m ✓ [0mSuccessfully read directory [38;5;141m/tmp/harvest-crust-JJ4A6K/project/src[0m [38;5;244m(2 entries)[0m

 ⋮ 

[38;5;244m- [0mSummary: 3 operations processed, 3 successful, 0 failed
[38;5;244m - Completed in 0.47s[0m
[38;5;12m[1m [1.1][0m[0m
[?25l[0m[38;5;141m> [0mNow let me read the key source files:[0m[0m
[?25l[0m[0mBatch fs_read operation with [38;5;141m6[0m operations[38;5;244m (using tool: read)[0m

↱ Operation 1: Reading file: [38;5;141m/tmp/harvest-crust-JJ4A6K/project/c_src/src/hydra.h[0m, all lines
↱ Operation 2: Reading file: [38;5;141m/tmp/harvest-crust-JJ4A6K/project/c_src/src/hydra.c[0m, all lines
↱ Operation 3: Reading file: [38;5;141m/tmp/harvest-crust-JJ4A6K/project/src/hydra.rs[0m, all lines
↱ Operation 4: Reading file: [38;5;141m/tmp/harvest-crust-JJ4A6K/project/src/lib.rs[0m, all lines
↱ Operation 5: Reading file: [38;5;141m/tmp/harvest-crust-JJ4A6K/project/Cargo.toml[0m, all lines
↱ Operation 6: Reading file: [38;5;141m/tmp/harvest-crust-JJ4A6K/project/c_src/tests/test.c[0m, all lines
[38;5;10m ✓ [0mSuccessfully read [38;5;244m1042 bytes[0m from /tmp/harvest-crust-JJ4A6K/project/c_src/src/hydra.h

[38;5;10m ✓ [0mSuccessfully read [38;5;244m5298 bytes[0m from /tmp/harvest-crust-JJ4A6K/project/c_src/src/hydra.c

[38;5;10m ✓ [0mSuccessfully read [38;5;244m1706 bytes[0m from /tmp/harvest-crust-JJ4A6K/project/src/hydra.rs

[38;5;10m ✓ [0mSuccessfully read [38;5;244m14 bytes[0m from /tmp/harvest-crust-JJ4A6K/project/src/lib.rs

[38;5;10m ✓ [0mSuccessfully read [38;5;244m174 bytes[0m from /tmp/harvest-crust-JJ4A6K/project/Cargo.toml

[38;5;10m ✓ [0mSuccessfully read [38;5;244m1105 bytes[0m from /tmp/harvest-crust-JJ4A6K/project/c_src/tests/test.c

 ⋮ 

[38;5;244m- [0mSummary: 6 operations processed, 6 successful, 0 failed
[38;5;244m - Completed in 0.45s[0m
[38;5;12m[1m [1.2][0m[0m
[?25l[0m[38;5;141m> [0mNow I have a clear picture. Let me create a TODO list and implement the solution.[0m[0m
[?25l[0m[0m[38;5;11mTODO:
[39m[0m[ ] Implement all function bodies in src/hydra.rs
[0m[ ] Build and fix any compilation errors[38;5;244m - Completed in 0.46s[0m
[38;5;12m[1m [1.3][0m[0m
[?25l[0m[38;5;141m> [0mNow let me implement all the functions. I need to carefully translate each C function, noting that:[0m[0m
[0m[0m
- [38;5;10mfind_command[0m needs a mutable variant too (for [38;5;10mtree_add_command[0m)[0m[0m
- [38;5;10mgetch[0m uses termios for raw terminal input[0m[0m
- [38;5;10mprint_command[0m uses terminal width via ioctl[0m[0m
- [38;5;10mstart[0m needs mutable access to traverse and run commands[0m[0m
[0m[0m
Let me also check if [38;5;10mstart[0m and [38;5;10mfind_command[0m need mutable versions since [38;5;10mtree_add_command[0m modifies the tree:[0m[0m
[?25l[0m[0mReading file: [38;5;141m/tmp/harvest-crust-JJ4A6K/project/src/hydra.rs[0m, all lines[38;5;244m (using tool: read)[0m
[38;5;10m ✓ [0mSuccessfully read [38;5;244m1706 bytes[0m from /tmp/harvest-crust-JJ4A6K/project/src/hydra.rs
[38;5;244m - Completed in 0.46s[0m
[38;5;12m[1m [1.4][0m[0m
[?25l[0m[38;5;141m> [0mKey observations about the Rust signatures:[0m[0m
- [38;5;10mfind_command[0m returns [38;5;10mOption<&Command>[0m (immutable) — but [38;5;10mtree_add_command[0m needs to mutate found commands. I'll need a private mutable helper.[0m[0m
- [38;5;10mstart[0m takes [38;5;10m&Command[0m (immutable) — the C version traverses but only reads/prints, so this works.[0m[0m
- [38;5;10mgetch[0m needs termios — I'll use [38;5;10mlibc[0m... wait, no FFI. I need to use raw syscalls or a crate. Let me use the [38;5;10mtermios[0m or just do raw file I/O. Actually, I can use [38;5;10mstd::io::Read[0m on stdin and set terminal attributes via writing to [38;5;10m/dev/tty[0m. Hmm, but without libc we can't do [38;5;10mtcgetattr[0m/[38;5;10mtcsetattr[0m. Let me think...[0m[0m
[0m[0m
Actually, the rule says no [38;5;10mlibc[0m and no [38;5;10mextern "C"[0m. For [38;5;10mgetch()[0m, I'll need to either use a crate or use [38;5;10munsafe[0m with raw syscalls. Let me add a dependency on a terminal crate. Or I can implement it with the [38;5;10mnix[0m crate which provides safe Rust wrappers. But [38;5;10mnix[0m internally uses libc... The rule says "Do NOT use FFI calls to C (no [38;5;10mlibc[0m, no [38;5;10mextern "C"[0m)" — I think using a crate that wraps libc internally is fine since the rule is about direct FFI in our code.[0m[0m
[0m[0m
For terminal width in [38;5;10mprint_command[0m, I'll also need terminal size. Let me add [38;5;10mtermion[0m or [38;5;10mterminal_size[0m crate.[0m[0m
[0m[0m
Let me write the implementation:[0m[0m
[?25l[0m[0mI'll modify the following file: [38;5;141mCargo.toml[0m[38;5;244m (using tool: write)[0m

[49m[38;5;9m- 8    [0m:[38;5;9m[49m [dependencies]
[0m[49m[38;5;10m+     8[0m:[38;5;10m[49m [dependencies]
[0m[49m[38;5;10m+     9[0m:[38;5;10m[49m termion = "2"
[0m[49m[38;5;10m+    10[0m:[38;5;10m[49m terminal_size = "0.3"
[0m[K
Updating: [38;5;141mCargo.toml[0m
[38;5;244m - Completed in 0.47s[0m
[38;5;12m[1m [1.5][0m[0m
[?25l[0m[38;5;141m> [0mNow implement all the function bodies:[0m[0m
[?25l[0m[0mI'll create the following file: [38;5;141msrc/hydra.rs[0m[38;5;244m (using tool: write)[0m

[48;2;40;67;43m[39m+       1[0m:[39m[48;2;24;38;30m [38;2;180;142;173muse[38;2;192;197;206m [38;2;192;197;206mstd[38;2;192;197;206m::[38;2;192;197;206mio[38;2;192;197;206m::[38;2;192;197;206m{[38;2;191;97;106mself[38;2;192;197;206m,[38;2;192;197;206m Read[38;2;192;197;206m,[38;2;192;197;206m Write[38;2;192;197;206m}[38;2;192;197;206m;[K
[0m[48;2;40;67;43m[39m+       2[0m:[39m[48;2;24;38;30m [K
[0m[48;2;43;48;59m[39m   1,   3[0m:[39m[48;2;43;48;59m [38;2;180;142;173mpub[38;2;192;197;206m [38;2;180;142;173mconst[38;2;192;197;206m [38;2;208;135;112mRED[38;2;192;197;206m:[38;2;192;197;206m [38;2;192;197;206m&[38;2;180;142;173mstr[38;2;192;197;206m [38;2;192;197;206m=[38;2;192;197;206m [38;2;192;197;206m"[38;2;150;181;180m\x1b[38;2;163;190;140m[0;31m[38;2;192;197;206m"[38;2;192;197;206m;[K
[0m[48;2;43;48;59m[39m   2,   4[0m:[39m[48;2;43;48;59m [38;2;180;142;173mpub[38;2;192;197;206m [38;2;180;142;173mconst[38;2;192;197;206m [38;2;208;135;112mWHITE[38;2;192;197;206m:[38;2;192;197;206m [38;2;192;197;206m&[38;2;180;142;173mstr[38;2;192;197;206m [38;2;192;197;206m=[38;2;192;197;206m [38;2;192;197;206m"[38;2;150;181;180m\x1b[38;2;163;190;140m[0;37m[38;2;192;197;206m"[38;2;192;197;206m;[K
[0m[48;2;43;48;59m[39m   3,   5[0m:[39m[48;2;43;48;59m [38;2;180;142;173mpub[38;2;192;197;206m [38;2;180;142;173mconst[38;2;192;197;206m [38;2;208;135;112mCOLOR_OFF[38;2;192;197;206m:[38;2;192;197;206m [38;2;192;197;206m&[38;2;180;142;173mstr[38;2;192;197;206m [38;2;192;197;206m=[38;2;192;197;206m [38;2;192;197;206m"[38;2;150;181;180m\x1b[38;2;163;190;140m[0m[38;2;192;197;206m"[38;2;192;197;206m;[K
[0m[48;2;43;48;59m[39m   4,   6[0m:[39m[48;2;43;48;59m [38;2;180;142;173mpub[38;2;192;197;206m [38;2;180;142;173mconst[38;2;192;197;206m [38;2;208;135;112mPURPLE[38;2;192;197;206m:[38;2;192;197;206m [38;2;192;197;206m&[38;2;180;142;173mstr[38;2;192;197;206m [38;2;192;197;206m=[38;2;192;197;206m [38;2;192;197;206m"[38;2;150;181;180m\x1b[38;2;163;190;140m[0;35m[38;2;192;197;206m"[38;2;192;197;206m;[K
[0m[48;2;43;48;59m[39m   5,   7[0m:[39m[48;2;43;48;59m [38;2;180;142;173mpub[38;2;192;197;206m [38;2;180;142;173mconst[38;2;192;197;206m [38;2;208;135;112mGREEN[38;2;192;197;206m:[38;2;192;197;206m [38;2;192;197;206m&[38;2;180;142;173mstr[38;2;192;197;206m [38;2;192;197;206m=[38;2;192;197;206m [38;2;192;197;206m"[38;2;150;181;180m\x1b[38;2;163;190;140m[0;32m[38;2;192;197;206m"[38;2;192;197;206m;[K
[0m[48;2;43;48;59m[39m   6,   8[0m:[39m[48;2;43;48;59m [38;2;180;142;173mpub[38;2;192;197;206m [38;2;180;142;173mconst[38;2;192;197;206m [38;2;208;135;112mYELLOW[38;2;192;197;206m:[38;2;192;197;206m [38;2;192;197;206m&[38;2;180;142;173mstr[38;2;192;197;206m [38;2;192;197;206m=[38;2;192;197;206m [38;2;192;197;206m"[38;2;150;181;180m\x1b[38;2;163;190;140m[0;33m[38;2;192;197;206m"[38;2;192;197;206m;[K
[0m[48;2;43;48;59m[39m   7,   9[0m:[39m[48;2;43;48;59m [38;2;180;142;173mpub[38;2;192;197;206m [38;2;180;142;173mconst[38;2;192;197;206m [38;2;208;135;112mBLUE[38;2;192;197;206m:[38;2;192;197;206m [38;2;192;197;206m&[38;2;180;142;173mstr[38;2;192;197;206m [38;2;192;197;206m=[38;2;192;197;206m [38;2;192;197;206m"[38;2;150;181;180m\x1b[38;2;163;190;140m[0;34m[38;2;192;197;206m"[38;2;192;197;206m;[K
[0m[48;2;43;48;59m[39m   8,  10[0m:[39m[48;2;43;48;59m [38;2;180;142;173mpub[38;2;192;197;206m [38;2;180;142;173mconst[38;2;192;197;206m [38;2;208;135;112mRIGHT_MARGIN[38;2;192;197;206m:[38;2;192;197;206m [38;2;180;142;173musize[38;2;192;197;206m [38;2;192;197;206m=[38;2;192;197;206m [38;2;208;135;112m5[38;2;192;197;206m;[K
[0m[48;2;43;48;59m[39m   9,  11[0m:[39m[48;2;43;48;59m [38;2;180;142;173mpub[38;2;192;197;206m [38;2;180;142;173mconst[38;2;192;197;206m [38;2;208;135;112mCYAN[38;2;192;197;206m:[38;2;192;197;206m [38;2;192;197;206m&[38;2;180;142;173mstr[38;2;192;197;206m [38;2;192;197;206m=[38;2;192;197;206m [38;2;192;197;206m"[38;2;150;181;180m\x1b[38;2;163;190;140m[0;36m[38;2;192;197;206m"[38;2;192;197;206m;[K
[0m[48;2;43;48;59m[39m  10,  12[0m:[39m[48;2;43;48;59m [38;2;180;142;173mpub[38;2;192;197;206m [38;2;180;142;173mconst[38;2;192;197;206m [38;2;208;135;112mDEFAULT_NAME[38;2;192;197;206m:[38;2;192;197;206m [38;2;192;197;206m&[38;2;180;142;173mstr[38;2;192;197;206m [38;2;192;197;206m=[38;2;192;197;206m [38;2;192;197;206m"[38;2;163;190;140munnamed[38;2;192;197;206m"[38;2;192;197;206m;[K
[0m[48;2;43;48;59m[39m  11,  13[0m:[39m[48;2;43;48;59m [38;2;180;142;173mpub[38;2;192;197;206m [38;2;180;142;173mstruct[38;2;192;197;206m [38;2;192;197;206mCommand[38;2;192;197;206m [38;2;192;197;206m{[K
[0m[48;2;43;48;59m[39m  12,  14[0m:[39m[48;2;43;48;59m [38;2;192;197;206m    [38;2;180;142;173mpub[38;2;192;197;206m [38;2;191;97;106mkey[38;2;192;197;206m:[38;2;192;197;206m [38;2;180;142;173mchar[38;2;192;197;206m,[K
[0m[48;2;43;48;59m[39m  13,  15[0m:[39m[48;2;43;48;59m [38;2;192;197;206m    [38;2;180;142;173mpub[38;2;192;197;206m [38;2;191;97;106mname[38;2;192;197;206m:[38;2;192;197;206m String,[K
[0m[48;2;43;48;59m[39m  14,  16[0m:[39m[48;2;43;48;59m [38;2;192;197;206m    [38;2;180;142;173mpub[38;2;192;197;206m [38;2;191;97;106mcommand[38;2;192;197;206m:[38;2;192;197;206m String,[K
[0m[48;2;43;48;59m[39m  15,  17[0m:[39m[48;2;43;48;59m [38;2;192;197;206m    [38;2;180;142;173mpub[38;2;192;197;206m [38;2;191;97;106mchildren[38;2;192;197;206m:[38;2;192;197;206m [38;2;192;197;206mOption[38;2;192;197;206m<[38;2;192;197;206mBox[38;2;192;197;206m<[38;2;192;197;206mCommand[38;2;192;197;206m>[38;2;192;197;206m>[38;2;192;197;206m,[K
[0m[48;2;43;48;59m[39m  16,  18[0m:[39m[48;2;43;48;59m [38;2;192;197;206m    [38;2;180;142;173mpub[38;2;192;197;206m [38;2;191;97;106mnext[38;2;192;197;206m:[38;2;192;197;206m [38;2;192;197;206mOption[38;2;192;197;206m<[38;2;192;197;206mBox[38;2;192;197;206m<[38;2;192;197;206mCommand[38;2;192;197;206m>[38;2;192;197;206m>[38;2;192;197;206m,[K
[0m[48;2;43;48;59m[39m  17,  19[0m:[39m[48;2;43;48;59m [38;2;192;197;206m}[K
[0m[48;2;43;48;59m[39m  18,  20[0m:[39m[48;2;43;48;59m [38;2;180;142;173mimpl[38;2;192;197;206m [38;2;192;197;206mCommand[38;2;192;197;206m [38;2;192;197;206m{[K
[0m[48;2;43;48;59m[39m  19,  21[0m:[39m[48;2;43;48;59m [38;2;192;197;206m    [38;2;180;142;173mpub[38;2;192;197;206m [38;2;180;142;173mfn[38;2;192;197;206m [38;2;143;161;179mnew[38;2;192;197;206m([38;2;191;97;106mkey[38;2;192;197;206m:[38;2;192;197;206m [38;2;180;142;173mchar[38;2;192;197;206m, [38;2;191;97;106mname[38;2;192;197;206m:[38;2;192;197;206m String, [38;2;191;97;106mcommand[38;2;192;197;206m:[38;2;192;197;206m String[38;2;192;197;206m)[38;2;192;197;206m [38;2;192;197;206m->[38;2;192;197;206m [38;2;180;142;173mSelf[38;2;192;197;206m [38;2;192;197;206m{[K
[0m[48;2;43;48;59m[39m  20,  22[0m:[39m[48;2;43;48;59m [38;2;192;197;206m        Command [38;2;192;197;206m{[K
[0m[48;2;43;48;59m[39m  21,  23[0m:[39m[48;2;43;48;59m [38;2;192;197;206m            key[38;2;192;197;206m,[K
[0m[48;2;43;48;59m[39m  22,  24[0m:[39m[48;2;43;48;59m [38;2;192;197;206m            name[38;2;192;197;206m,[K
[0m[48;2;43;48;59m[39m  23,  25[0m:[39m[48;2;43;48;59m [38;2;192;197;206m            command[38;2;192;197;206m,[K
[0m[48;2;43;48;59m[39m  24,  26[0m:[39m[48;2;43;48;59m [38;2;192;197;206m            children[38;2;192;197;206m:[38;2;192;197;206m [38;2;192;197;206mNone[38;2;192;197;206m,[K
[0m[48;2;43;48;59m[39m  25,  27[0m:[39m[48;2;43;48;59m [38;2;192;197;206m            next[38;2;192;197;206m:[38;2;192;197;206m [38;2;192;197;206mNone[38;2;192;197;206m,[K
[0m[48;2;43;48;59m[39m  26,  28[0m:[39m[48;2;43;48;59m [38;2;192;197;206m        [38;2;192;197;206m}[K
[0m[48;2;43;48;59m[39m  27,  29[0m:[39m[48;2;43;48;59m [38;2;192;197;206m    [38;2;192;197;206m}[K
[0m[48;2;43;48;59m[39m  28,  30[0m:[39m[48;2;43;48;59m [38;2;192;197;206m}[K
[0m[48;2;40;67;43m[39m+      31[0m:[39m[48;2;24;38;30m [K
[0m[48;2;40;67;43m[39m+      32[0m:[39m[48;2;24;38;30m [38;2;180;142;173mfn[38;2;192;197;206m [38;2;143;161;179mfind_command_mut[38;2;192;197;206m([38;2;191;97;106mc[38;2;192;197;206m:[38;2;192;197;206m [38;2;192;197;206m&[38;2;180;142;173mmut[38;2;192;197;206m Command, [38;2;191;97;106mkey[38;2;192;197;206m:[38;2;192;197;206m [38;2;180;142;173mchar[38;2;192;197;206m)[38;2;192;197;206m [38;2;192;197;206m->[38;2;192;197;206m [38;2;192;197;206mOption[38;2;192;197;206m<[38;2;192;197;206m&[38;2;180;142;173mmut[38;2;192;197;206m Command[38;2;192;197;206m>[38;2;192;197;206m [38;2;192;197;206m{[K
[0m[48;2;40;67;43m[39m+      33[0m:[39m[48;2;24;38;30m [38;2;192;197;206m    [38;2;180;142;173mlet[38;2;192;197;206m [38;2;180;142;173mmut[38;2;192;197;206m child [38;2;192;197;206m=[38;2;192;197;206m c.children.[38;2;150;181;180mas_deref_mut[38;2;192;197;206m([38;2;192;197;206m)[38;2;192;197;206m;[K
[0m[48;2;40;67;43m[39m+      34[0m:[39m[48;2;24;38;30m [38;2;192;197;206m    [38;2;180;142;173mwhile[38;2;192;197;206m [38;2;180;142;173mlet[38;2;192;197;206m [38;2;192;197;206mSome[38;2;192;197;206m([38;2;192;197;206mnode[38;2;192;197;206m)[38;2;192;197;206m [38;2;192;197;206m=[38;2;192;197;206m child [38;2;192;197;206m{[K
[0m[48;2;40;67;43m[39m+      35[0m:[39m[48;2;24;38;30m [38;2;192;197;206m        [38;2;180;142;173mif[38;2;192;197;206m node.key [38;2;192;197;206m=[38;2;192;197;206m=[38;2;192;197;206m key [38;2;192;197;206m{[K
[0m[48;2;40;67;43m[39m+      36[0m:[39m[48;2;24;38;30m [38;2;192;197;206m            [38;2;180;142;173mreturn[38;2;192;197;206m [38;2;192;197;206mSome[38;2;192;197;206m([38;2;192;197;206mnode[38;2;192;197;206m)[38;2;192;197;206m;[K
[0m[48;2;40;67;43m[39m+      37[0m:[39m[48;2;24;38;30m [38;2;192;197;206m        [38;2;192;197;206m}[K
[0m[48;2;40;67;43m[39m+      38[0m:[39m[48;2;24;38;30m [38;2;192;197;206m        child [38;2;192;197;206m=[38;2;192;197;206m node.next.[38;2;150;181;180mas_deref_mut[38;2;192;197;206m([38;2;192;197;206m)[38;2;192;197;206m;[K
[0m[48;2;40;67;43m[39m+      39[0m:[39m[48;2;24;38;30m [38;2;192;197;206m    [38;2;192;197;206m}[K
[0m[48;2;40;67;43m[39m+      40[0m:[39m[48;2;24;38;30m [38;2;192;197;206m    [38;2;192;197;206mNone[K
[0m[48;2;40;67;43m[39m+      41[0m:[39m[48;2;24;38;30m [38;2;192;197;206m}[K
[0m[48;2;40;67;43m[39m+      42[0m:[39m[48;2;24;38;30m [K
[0m[48;2;43;48;59m[39m  29,  43[0m:[39m[48;2;43;48;59m [38;2;180;142;173mpub[38;2;192;197;206m [38;2;180;142;173mfn[38;2;192;197;206m [38;2;143;161;179mread_field[38;2;192;197;206m([38;2;191;97;106mfile[38;2;192;197;206m:[38;2;192;197;206m [38;2;192;197;206m&[38;2;180;142;173mmut[38;2;192;197;206m [38;2;192;197;206m&[38;2;192;197;206m[[38;2;180;142;173mu8[38;2;192;197;206m], [38;2;191;97;106mfield[38;2;192;197;206m:[38;2;192;197;206m [38;2;192;197;206m&[38;2;180;142;173mstr[38;2;192;197;206m)[38;2;192;197;206m [38;2;192;197;206m->[38;2;192;197;206m String[38;2;192;197;206m [38;2;192;197;206m{[K
[0m[48;2;79;40;40m[39m- 30     [0m:[39m[48;2;36;25;28m [38;2;192;197;206m    [38;2;192;197;206munimplemented![38;2;192;197;206m([38;2;192;197;206m)[K
[0m[48;2;40;67;43m[39m+      44[0m:[39m[48;2;24;38;30m [38;2;192;197;206m    [38;2;180;142;173mlet[38;2;192;197;206m start [38;2;192;197;206m=[38;2;192;197;206m [38;2;192;197;206m*[38;2;192;197;206mfile[38;2;192;197;206m;[K
[0m[48;2;40;67;43m[39m+      45[0m:[39m[48;2;24;38;30m [38;2;192;197;206m    [38;2;180;142;173mlet[38;2;192;197;206m [38;2;180;142;173mmut[38;2;192;197;206m i [38;2;192;197;206m=[38;2;192;197;206m [38;2;208;135;112m0[38;2;192;197;206m;[K
[0m[48;2;40;67;43m[39m+      46[0m:[39m[48;2;24;38;30m [38;2;192;197;206m    [38;2;180;142;173mwhile[38;2;192;197;206m i [38;2;192;197;206m<[38;2;192;197;206m file.[38;2;150;181;180mlen[38;2;192;197;206m([38;2;192;197;206m)[38;2;192;197;206m [38;2;192;197;206m&[38;2;192;197;206m&[38;2;192;197;206m file[38;2;192;197;206m[[38;2;192;197;206mi[38;2;192;197;206m][38;2;192;197;206m [38;2;192;197;206m![38;2;192;197;206m=[38;2;192;197;206m [38;2;180;142;173mb[38;2;192;197;206m'[38;2;163;190;140m,[38;2;192;197;206m'[38;2;192;197;206m [38;2;192;197;206m&[38;2;192;197;206m&[38;2;192;197;206m file[38;2;192;197;206m[[38;2;192;197;206mi[38;2;192;197;206m][38;2;192;197;206m [38;2;192;197;206m![38;2;192;197;206m=[38;2;192;197;206m [38;2;180;142;173mb[38;2;192;197;206m'[38;2;150;181;180m\n[38;2;192;197;206m'[38;2;192;197;206m [38;2;192;197;206m&[38;2;192;197;206m&[38;2;192;197;206m file[38;2;192;197;206m[[38;2;192;197;206mi[38;2;192;197;206m][38;2;192;197;206m [38;2;192;197;206m![38;2;192;197;206m=[38;2;192;197;206m [38;2;208;135;112m0[38;2;192;197;206m [38;2;192;197;206m{[K
[0m[48;2;40;67;43m[39m+      47[0m:[39m[48;2;24;38;30m [38;2;192;197;206m        i [38;2;192;197;206m+[38;2;192;197;206m=[38;2;192;197;206m [38;2;208;135;112m1[38;2;192;197;206m;[K
[0m[48;2;40;67;43m[39m+      48[0m:[39m[48;2;24;38;30m [38;2;192;197;206m    [38;2;192;197;206m}[K
[0m[48;2;40;67;43m[39m+      49[0m:[39m[48;2;24;38;30m [38;2;192;197;206m    [38;2;180;142;173mif[38;2;192;197;206m i [38;2;192;197;206m>[38;2;192;197;206m=[38;2;192;197;206m file.[38;2;150;181;180mlen[38;2;192;197;206m([38;2;192;197;206m)[38;2;192;197;206m [38;2;192;197;206m|[38;2;192;197;206m|[38;2;192;197;206m file[38;2;192;197;206m[[38;2;192;197;206mi[38;2;192;197;206m][38;2;192;197;206m [38;2;192;197;206m![38;2;192;197;206m=[38;2;192;197;206m [38;2;180;142;173mb[38;2;192;197;206m'[38;2;163;190;140m,[38;2;192;197;206m'[38;2;192;197;206m [38;2;192;197;206m{[K
[0m[48;2;40;67;43m[39m+      50[0m:[39m[48;2;24;38;30m [38;2;192;197;206m        [38;2;192;197;206meprintln![38;2;192;197;206m([38;2;192;197;206m"[38;2;163;190;140mFound incorrect end after {}, found: {}[38;2;192;197;206m"[38;2;192;197;206m,[38;2;192;197;206m field[38;2;192;197;206m,[K
[0m[48;2;40;67;43m[39m+      51[0m:[39m[48;2;24;38;30m [38;2;192;197;206m            [38;2;180;142;173mif[38;2;192;197;206m i [38;2;192;197;206m<[38;2;192;197;206m file.[38;2;150;181;180mlen[38;2;192;197;206m([38;2;192;197;206m)[38;2;192;197;206m [38;2;192;197;206m{[38;2;192;197;206m file[38;2;192;197;206m[[38;2;192;197;206mi[38;2;192;197;206m][38;2;192;197;206m [38;2;192;197;206mas[38;2;192;197;206m [38;2;180;142;173mchar[38;2;192;197;206m [38;2;192;197;206m}[38;2;192;197;206m [38;2;180;142;173melse[38;2;192;197;206m [38;2;192;197;206m{[38;2;192;197;206m [38;2;192;197;206m'[38;2;150;181;180m\0[38;2;192;197;206m'[38;2;192;197;206m [38;2;192;197;206m}[38;2;192;197;206m)[38;2;192;197;206m;[K
[0m[48;2;40;67;43m[39m+      52[0m:[39m[48;2;24;38;30m [38;2;192;197;206m        [38;2;192;197;206mstd[38;2;192;197;206m::[38;2;192;197;206mprocess[38;2;192;197;206m::[38;2;192;197;206mexit[38;2;192;197;206m([38;2;208;135;112m1[38;2;192;197;206m)[38;2;192;197;206m;[K
[0m[48;2;40;67;43m[39m+      53[0m:[39m[48;2;24;38;30m [38;2;192;197;206m    [38;2;192;197;206m}[K
[0m[48;2;40;67;43m[39m+      54[0m:[39m[48;2;24;38;30m [38;2;192;197;206m    [38;2;180;142;173mlet[38;2;192;197;206m key [38;2;192;197;206m=[38;2;192;197;206m [38;2;192;197;206mString[38;2;192;197;206m::[38;2;192;197;206mfrom_utf8_lossy[38;2;192;197;206m([38;2;192;197;206m&[38;2;192;197;206mstart[38;2;192;197;206m[[38;2;192;197;206m..[38;2;192;197;206mi[38;2;192;197;206m][38;2;192;197;206m)[38;2;192;197;206m.[38;2;150;181;180mto_string[38;2;192;197;206m([38;2;192;197;206m)[38;2;192;197;206m;[K
[0m[48;2;40;67;43m[39m+      55[0m:[39m[48;2;24;38;30m [38;2;192;197;206m    [38;2;192;197;206m*[38;2;192;197;206mfile [38;2;192;197;206m=[38;2;192;197;206m [38;2;192;197;206m&[38;2;192;197;206mfile[38;2;192;197;206m[[38;2;192;197;206mi [38;2;192;197;206m+[38;2;192;197;206m [38;2;208;135;112m1[38;2;192;197;206m..[38;2;192;197;206m][38;2;192;197;206m;[K
[0m[48;2;40;67;43m[39m+      56[0m:[39m[48;2;24;38;30m [38;2;192;197;206m    key[K
[0m[48;2;43;48;59m[39m  31,  57[0m:[39m[48;2;43;48;59m [38;2;192;197;206m}[K
[0m[48;2;40;67;43m[39m+      58[0m:[39m[48;2;24;38;30m [K
[0m[48;2;43;48;59m[39m  32,  59[0m:[39m[48;2;43;48;59m [38;2;180;142;173mpub[38;2;192;197;206m [38;2;180;142;173mfn[38;2;192;197;206m [38;2;143;161;179mload_file[38;2;192;197;206m([38;2;191;97;106mc[38;2;192;197;206m:[38;2;192;197;206m [38;2;192;197;206m&[38;2;180;142;173mmut[38;2;192;197;206m Command, [38;2;191;97;106mfile[38;2;192;197;206m:[38;2;192;197;206m [38;2;192;197;206m&[38;2;180;142;173mstr[38;2;192;197;206m)[38;2;192;197;206m [38;2;192;197;206m{[K
[0m[48;2;79;40;40m[39m- 33     [0m:[39m[48;2;36;25;28m [38;2;192;197;206m    [38;2;192;197;206munimplemented![38;2;192;197;206m([38;2;192;197;206m)[K
[0m[48;2;40;67;43m[39m+      60[0m:[39m[48;2;24;38;30m [38;2;192;197;206m    [38;2;180;142;173mlet[38;2;192;197;206m content [38;2;192;197;206m=[38;2;192;197;206m [38;2;150;181;180mread_file[38;2;192;197;206m([38;2;192;197;206mfile[38;2;192;197;206m)[38;2;192;197;206m;[K
[0m[48;2;40;67;43m[39m+      61[0m:[39m[48;2;24;38;30m [38;2;192;197;206m    [38;2;180;142;173mlet[38;2;192;197;206m bytes [38;2;192;197;206m=[38;2;192;197;206m content.[38;2;150;181;180minto_bytes[38;2;192;197;206m([38;2;192;197;206m)[38;2;192;197;206m;[K
[0m[48;2;40;67;43m[39m+      62[0m:[39m[48;2;24;38;30m [38;2;192;197;206m    [38;2;180;142;173mlet[38;2;192;197;206m [38;2;180;142;173mmut[38;2;192;197;206m slice[38;2;192;197;206m:[38;2;192;197;206m [38;2;192;197;206m&[38;2;192;197;206m[[38;2;180;142;173mu8[38;2;192;197;206m][38;2;192;197;206m [38;2;192;197;206m=[38;2;192;197;206m [38;2;192;197;206m&[38;2;192;197;206mbytes[38;2;192;197;206m;[K
[0m[48;2;40;67;43m[39m+      63[0m:[39m[48;2;24;38;30m [38;2;192;197;206m    [38;2;180;142;173mwhile[38;2;192;197;206m [38;2;192;197;206m![38;2;192;197;206mslice.[38;2;150;181;180mis_empty[38;2;192;197;206m([38;2;192;197;206m)[38;2;192;197;206m [38;2;192;197;206m{[K
[0m[48;2;40;67;43m[39m+      64[0m:[39m[48;2;24;38;30m [38;2;192;197;206m        [38;2;150;181;180mread_line[38;2;192;197;206m([38;2;192;197;206mc[38;2;192;197;206m,[38;2;192;197;206m [38;2;192;197;206m&[38;2;180;142;173mmut[38;2;192;197;206m slice[38;2;192;197;206m)[38;2;192;197;206m;[K
[0m[48;2;40;67;43m[39m+      65[0m:[39m[48;2;24;38;30m [38;2;192;197;206m    [38;2;192;197;206m}[K
[0m[48;2;43;48;59m[39m  34,  66[0m:[39m[48;2;43;48;59m [38;2;192;197;206m}[K
[0m[48;2;40;67;43m[39m+      67[0m:[39m[48;2;24;38;30m [K
[0m[48;2;43;48;59m[39m  35,  68[0m:[39m[48;2;43;48;59m [38;2;180;142;173mpub[38;2;192;197;206m [38;2;180;142;173mfn[38;2;192;197;206m [38;2;143;161;179mstart[38;2;192;197;206m([38;2;191;97;106mc[38;2;192;197;206m:[38;2;192;197;206m [38;2;192;197;206m&[38;2;192;197;206mCommand[38;2;192;197;206m)[38;2;192;197;206m [38;2;192;197;206m{[K
[0m[48;2;79;40;40m[39m- 36     [0m:[39m[48;2;36;25;28m [38;2;192;197;206m    [38;2;192;197;206munimplemented![38;2;192;197;206m([38;2;192;197;206m)[K
[0m[48;2;40;67;43m[39m+      69[0m:[39m[48;2;24;38;30m [38;2;192;197;206m    [38;2;180;142;173mlet[38;2;192;197;206m [38;2;180;142;173mmut[38;2;192;197;206m current [38;2;192;197;206m=[38;2;192;197;206m [38;2;192;197;206mSome[38;2;192;197;206m([38;2;192;197;206mc[38;2;192;197;206m)[38;2;192;197;206m;[K
[0m[48;2;40;67;43m[39m+      70[0m:[39m[48;2;24;38;30m [38;2;192;197;206m    [38;2;180;142;173mwhile[38;2;192;197;206m [38;2;180;142;173mlet[38;2;192;197;206m [38;2;192;197;206mSome[38;2;192;197;206m([38;2;192;197;206mcmd[38;2;192;197;206m)[38;2;192;197;206m [38;2;192;197;206m=[38;2;192;197;206m current [38;2;192;197;206m{[K
[0m[48;2;40;67;43m[39m+      71[0m:[39m[48;2;24;38;30m [38;2;192;197;206m        [38;2;180;142;173mif[38;2;192;197;206m cmd.children.[38;2;150;181;180mis_none[38;2;192;197;206m([38;2;192;197;206m)[38;2;192;197;206m [38;2;192;197;206m{[K
[0m[48;2;40;67;43m[39m+      72[0m:[39m[48;2;24;38;30m [38;2;192;197;206m            [38;2;180;142;173mbreak[38;2;192;197;206m;[K
[0m[48;2;40;67;43m[39m+      73[0m:[39m[48;2;24;38;30m [38;2;192;197;206m        [38;2;192;197;206m}[K
[0m[48;2;40;67;43m[39m+      74[0m:[39m[48;2;24;38;30m [38;2;192;197;206m        [38;2;180;142;173mlet[38;2;192;197;206m last_printed_lines [38;2;192;197;206m=[38;2;192;197;206m [38;2;150;181;180mprint_command[38;2;192;197;206m([38;2;192;197;206mcmd[38;2;192;197;206m)[38;2;192;197;206m;[K
[0m[48;2;40;67;43m[39m+      75[0m:[39m[48;2;24;38;30m [38;2;192;197;206m        [38;2;180;142;173mlet[38;2;192;197;206m ch [38;2;192;197;206m=[38;2;192;197;206m [38;2;150;181;180mgetch[38;2;192;197;206m([38;2;192;197;206m)[38;2;192;197;206m;[K
[0m[48;2;40;67;43m[39m+      76[0m:[39m[48;2;24;38;30m [38;2;192;197;206m        [38;2;180;142;173mlet[38;2;192;197;206m found [38;2;192;197;206m=[38;2;192;197;206m [38;2;150;181;180mfind_command[38;2;192;197;206m([38;2;192;197;206mcmd[38;2;192;197;206m,[38;2;192;197;206m ch[38;2;192;197;206m)[38;2;192;197;206m;[K
[0m[48;2;40;67;43m[39m+      77[0m:[39m[48;2;24;38;30m [38;2;192;197;206m        [38;2;150;181;180mclear_lines[38;2;192;197;206m([38;2;192;197;206mlast_printed_lines[38;2;192;197;206m)[38;2;192;197;206m;[K
[0m[48;2;40;67;43m[39m+      78[0m:[39m[48;2;24;38;30m [38;2;192;197;206m        [38;2;180;142;173mif[38;2;192;197;206m [38;2;180;142;173mlet[38;2;192;197;206m [38;2;192;197;206mSome[38;2;192;197;206m([38;2;192;197;206mfound_cmd[38;2;192;197;206m)[38;2;192;197;206m [38;2;192;197;206m=[38;2;192;197;206m found [38;2;192;197;206m{[K
[0m[48;2;40;67;43m[39m+      79[0m:[39m[48;2;24;38;30m [38;2;192;197;206m            [38;2;180;142;173mif[38;2;192;197;206m [38;2;150;181;180mcommand_run[38;2;192;197;206m([38;2;192;197;206mfound_cmd[38;2;192;197;206m)[38;2;192;197;206m [38;2;192;197;206m>[38;2;192;197;206m [38;2;208;135;112m0[38;2;192;197;206m [38;2;192;197;206m{[K
[0m[48;2;40;67;43m[39m+      80[0m:[39m[48;2;24;38;30m [38;2;192;197;206m                [38;2;180;142;173mreturn[38;2;192;197;206m;[K
[0m[48;2;40;67;43m[39m+      81[0m:[39m[48;2;24;38;30m [38;2;192;197;206m            [38;2;192;197;206m}[K
[0m[48;2;40;67;43m[39m+      82[0m:[39m[48;2;24;38;30m [38;2;192;197;206m            [38;2;101;115;126m//[38;2;101;115;126m Navigate into the found command's subtree[K
[0m[48;2;40;67;43m[39m+      83[0m:[39m[48;2;24;38;30m [38;2;192;197;206m            current [38;2;192;197;206m=[38;2;192;197;206m [38;2;192;197;206mSome[38;2;192;197;206m([38;2;192;197;206mfound_cmd[38;2;192;197;206m)[38;2;192;197;206m;[K
[0m[48;2;40;67;43m[39m+      84[0m:[39m[48;2;24;38;30m [38;2;192;197;206m        [38;2;192;197;206m}[38;2;192;197;206m [38;2;180;142;173melse[38;2;192;197;206m [38;2;192;197;206m{[K
[0m[48;2;40;67;43m[39m+      85[0m:[39m[48;2;24;38;30m [38;2;192;197;206m            current [38;2;192;197;206m=[38;2;192;197;206m [38;2;192;197;206mNone[38;2;192;197;206m;[K
[0m[48;2;40;67;43m[39m+      86[0m:[39m[48;2;24;38;30m [38;2;192;197;206m        [38;2;192;197;206m}[K
[0m[48;2;40;67;43m[39m+      87[0m:[39m[48;2;24;38;30m [38;2;192;197;206m    [38;2;192;197;206m}[K
[0m[48;2;43;48;59m[39m  37,  88[0m:[39m[48;2;43;48;59m [38;2;192;197;206m}[K
[0m[48;2;40;67;43m[39m+      89[0m:[39m[48;2;24;38;30m [K
[0m[48;2;43;48;59m[39m  38,  90[0m:[39m[48;2;43;48;59m [38;2;180;142;173mpub[38;2;192;197;206m [38;2;180;142;173mfn[38;2;192;197;206m [38;2;143;161;179mtree_add_command[38;2;192;197;206m([38;2;191;97;106mtree[38;2;192;197;206m:[38;2;192;197;206m [38;2;192;197;206m&[38;2;180;142;173mmut[38;2;192;197;206m Command, [38;2;191;97;106mkeys[38;2;192;197;206m:[38;2;192;197;206m [38;2;192;197;206m&[38;2;180;142;173mstr[38;2;192;197;206m, [38;2;191;97;106mname[38;2;192;197;206m:[38;2;192;197;206m [38;2;192;197;206m&[38;2;180;142;173mstr[38;2;192;197;206m, [38;2;191;97;106mcommand[38;2;192;197;206m:[38;2;192;197;206m [38;2;192;197;206m&[38;2;180;142;173mstr[38;2;192;197;206m)[38;2;192;197;206m [38;2;192;197;206m{[K
[0m[48;2;79;40;40m[39m- 39     [0m:[39m[48;2;36;25;28m [38;2;192;197;206m    [38;2;192;197;206munimplemented![38;2;192;197;206m([38;2;192;197;206m)[K
[0m[48;2;40;67;43m[39m+      91[0m:[39m[48;2;24;38;30m [38;2;192;197;206m    [38;2;180;142;173mlet[38;2;192;197;206m key_bytes [38;2;192;197;206m=[38;2;192;197;206m keys.[38;2;150;181;180mas_bytes[38;2;192;197;206m([38;2;192;197;206m)[38;2;192;197;206m;[K
[0m[48;2;40;67;43m[39m+      92[0m:[39m[48;2;24;38;30m [38;2;192;197;206m    [38;2;180;142;173mlet[38;2;192;197;206m first_key [38;2;192;197;206m=[38;2;192;197;206m key_bytes[38;2;192;197;206m[[38;2;208;135;112m0[38;2;192;197;206m][38;2;192;197;206m [38;2;192;197;206mas[38;2;192;197;206m [38;2;180;142;173mchar[38;2;192;197;206m;[K
[0m[48;2;40;67;43m[39m+      93[0m:[39m[48;2;24;38;30m [K
[0m[48;2;40;67;43m[39m+      94[0m:[39m[48;2;24;38;30m [38;2;192;197;206m    [38;2;180;142;173mif[38;2;192;197;206m key_bytes.[38;2;150;181;180mlen[38;2;192;197;206m([38;2;192;197;206m)[38;2;192;197;206m [38;2;192;197;206m=[38;2;192;197;206m=[38;2;192;197;206m [38;2;208;135;112m1[38;2;192;197;206m [38;2;192;197;206m{[K
[0m[48;2;40;67;43m[39m+      95[0m:[39m[48;2;24;38;30m [38;2;192;197;206m        [38;2;101;115;126m//[38;2;101;115;126m Check if command already exists[K
[0m[48;2;40;67;43m[39m+      96[0m:[39m[48;2;24;38;30m [38;2;192;197;206m        [38;2;180;142;173mif[38;2;192;197;206m [38;2;180;142;173mlet[38;2;192;197;206m [38;2;192;197;206mSome[38;2;192;197;206m([38;2;192;197;206mexisting[38;2;192;197;206m)[38;2;192;197;206m [38;2;192;197;206m=[38;2;192;197;206m [38;2;150;181;180mfind_command_mut[38;2;192;197;206m([38;2;192;197;206mtree[38;2;192;197;206m,[38;2;192;197;206m first_key[38;2;192;197;206m)[38;2;192;197;206m [38;2;192;197;206m{[K
[0m[48;2;40;67;43m[39m+      97[0m:[39m[48;2;24;38;30m [38;2;192;197;206m            existing.name [38;2;192;197;206m=[38;2;192;197;206m name.[38;2;150;181;180mto_string[38;2;192;197;206m([38;2;192;197;206m)[38;2;192;197;206m;[K
[0m[48;2;40;67;43m[39m+      98[0m:[39m[48;2;24;38;30m [38;2;192;197;206m            existing.command [38;2;192;197;206m=[38;2;192;197;206m command.[38;2;150;181;180mto_string[38;2;192;197;206m([38;2;192;197;206m)[38;2;192;197;206m;[K
[0m[48;2;40;67;43m[39m+      99[0m:[39m[48;2;24;38;30m [38;2;192;197;206m        [38;2;192;197;206m}[38;2;192;197;206m [38;2;180;142;173melse[38;2;192;197;206m [38;2;192;197;206m{[K
[0m[48;2;40;67;43m[39m+     100[0m:[39m[48;2;24;38;30m [38;2;192;197;206m            [38;2;150;181;180mcommand_add_child[38;2;192;197;206m([38;2;192;197;206mtree[38;2;192;197;206m,[38;2;192;197;206m [38;2;192;197;206mCommand[38;2;192;197;206m::[38;2;192;197;206mnew[38;2;192;197;206m([38;2;192;197;206mfirst_key[38;2;192;197;206m,[38;2;192;197;206m name.[38;2;150;181;180mto_string[38;2;192;197;206m([38;2;192;197;206m)[38;2;192;197;206m,[38;2;192;197;206m command.[38;2;150;181;180mto_string[38;2;192;197;206m([38;2;192;197;206m)[38;2;192;197;206m)[38;2;192;197;206m)[38;2;192;197;206m;[K
[0m[48;2;40;67;43m[39m+     101[0m:[39m[48;2;24;38;30m [38;2;192;197;206m        [38;2;192;197;206m}[K
[0m[48;2;40;67;43m[39m+     102[0m:[39m[48;2;24;38;30m [38;2;192;197;206m        [38;2;180;142;173mreturn[38;2;192;197;206m;[K
[0m[48;2;40;67;43m[39m+     103[0m:[39m[48;2;24;38;30m [38;2;192;197;206m    [38;2;192;197;206m}[K
[0m[48;2;40;67;43m[39m+     104[0m:[39m[48;2;24;38;30m [K
[0m[48;2;40;67;43m[39m+     105[0m:[39m[48;2;24;38;30m [38;2;192;197;206m    [38;2;101;115;126m//[38;2;101;115;126m Need to find or create intermediate node[K
[0m[48;2;40;67;43m[39m+     106[0m:[39m[48;2;24;38;30m [38;2;192;197;206m    [38;2;180;142;173mlet[38;2;192;197;206m has_child [38;2;192;197;206m=[38;2;192;197;206m [38;2;150;181;180mfind_command_mut[38;2;192;197;206m([38;2;192;197;206mtree[38;2;192;197;206m,[38;2;192;197;206m first_key[38;2;192;197;206m)[38;2;192;197;206m.[38;2;150;181;180mis_some[38;2;192;197;206m([38;2;192;197;206m)[38;2;192;197;206m;[K
[0m[48;2;40;67;43m[39m+     107[0m:[39m[48;2;24;38;30m [38;2;192;197;206m    [38;2;180;142;173mif[38;2;192;197;206m [38;2;192;197;206m![38;2;192;197;206mhas_child [38;2;192;197;206m{[K
[0m[48;2;40;67;43m[39m+     108[0m:[39m[48;2;24;38;30m [38;2;192;197;206m        [38;2;150;181;180mcommand_add_child[38;2;192;197;206m([38;2;192;197;206mtree[38;2;192;197;206m,[38;2;192;197;206m [38;2;192;197;206mCommand[38;2;192;197;206m::[38;2;192;197;206mnew[38;2;192;197;206m([38;2;192;197;206mfirst_key[38;2;192;197;206m,[38;2;192;197;206m [38;2;208;135;112mDEFAULT_NAME[38;2;192;197;206m.[38;2;150;181;180mto_string[38;2;192;197;206m([38;2;192;197;206m)[38;2;192;197;206m,[38;2;192;197;206m [38;2;192;197;206mString[38;2;192;197;206m::[38;2;192;197;206mnew[38;2;192;197;206m([38;2;192;197;206m)[38;2;192;197;206m)[38;2;192;197;206m)[38;2;192;197;206m;[K
[0m[48;2;40;67;43m[39m+     109[0m:[39m[48;2;24;38;30m [38;2;192;197;206m    [38;2;192;197;206m}[K
[0m[48;2;40;67;43m[39m+     110[0m:[39m[48;2;24;38;30m [38;2;192;197;206m    [38;2;180;142;173mlet[38;2;192;197;206m c [38;2;192;197;206m=[38;2;192;197;206m [38;2;150;181;180mfind_command_mut[38;2;192;197;206m([38;2;192;197;206mtree[38;2;192;197;206m,[38;2;192;197;206m first_key[38;2;192;197;206m)[38;2;192;197;206m.[38;2;150;181;180munwrap[38;2;192;197;206m([38;2;192;197;206m)[38;2;192;197;206m;[K
[0m[48;2;40;67;43m[39m+     111[0m:[39m[48;2;24;38;30m [38;2;192;197;206m    [38;2;150;181;180mtree_add_command[38;2;192;197;206m([38;2;192;197;206mc[38;2;192;197;206m,[38;2;192;197;206m [38;2;192;197;206m&[38;2;192;197;206mkeys[38;2;192;197;206m[[38;2;208;135;112m1[38;2;192;197;206m..[38;2;192;197;206m][38;2;192;197;206m,[38;2;192;197;206m name[38;2;192;197;206m,[38;2;192;197;206m command[38;2;192;197;206m)[38;2;192;197;206m;[K
[0m[48;2;43;48;59m[39m  40, 112[0m:[39m[48;2;43;48;59m [38;2;192;197;206m}[K
[0m[48;2;40;67;43m[39m+     113[0m:[39m[48;2;24;38;30m [K
[0m[48;2;43;48;59m[39m  41, 114[0m:[39m[48;2;43;48;59m [38;2;180;142;173mpub[38;2;192;197;206m [38;2;180;142;173mfn[38;2;192;197;206m [38;2;143;161;179mread_line[38;2;192;197;206m([38;2;191;97;106mc[38;2;192;197;206m:[38;2;192;197;206m [38;2;192;197;206m&[38;2;180;142;173mmut[38;2;192;197;206m Command, [38;2;191;97;106mfile[38;2;192;197;206m:[38;2;192;197;206m [38;2;192;197;206m&[38;2;180;142;173mmut[38;2;192;197;206m [38;2;192;197;206m&[38;2;192;197;206m[[38;2;180;142;173mu8[38;2;192;197;206m][38;2;192;197;206m)[38;2;192;197;206m [38;2;192;197;206m{[K
[0m[48;2;79;40;40m[39m- 42     [0m:[39m[48;2;36;25;28m [38;2;192;197;206m    [38;2;192;197;206munimplemented![38;2;192;197;206m([38;2;192;197;206m)[K
[0m[48;2;40;67;43m[39m+     115[0m:[39m[48;2;24;38;30m [38;2;192;197;206m    [38;2;180;142;173mlet[38;2;192;197;206m key [38;2;192;197;206m=[38;2;192;197;206m [38;2;150;181;180mread_field[38;2;192;197;206m([38;2;192;197;206mfile[38;2;192;197;206m,[38;2;192;197;206m [38;2;192;197;206m"[38;2;163;190;140mkey[38;2;192;197;206m"[38;2;192;197;206m)[38;2;192;197;206m;[K
[0m[48;2;40;67;43m[39m+     116[0m:[39m[48;2;24;38;30m [38;2;192;197;206m    [38;2;180;142;173mlet[38;2;192;197;206m name [38;2;192;197;206m=[38;2;192;197;206m [38;2;150;181;180mread_field[38;2;192;197;206m([38;2;192;197;206mfile[38;2;192;197;206m,[38;2;192;197;206m [38;2;192;197;206m"[38;2;163;190;140mname[38;2;192;197;206m"[38;2;192;197;206m)[38;2;192;197;206m;[K
[0m[48;2;40;67;43m[39m+     117[0m:[39m[48;2;24;38;30m [38;2;192;197;206m    [38;2;180;142;173mlet[38;2;192;197;206m command [38;2;192;197;206m=[38;2;192;197;206m [38;2;150;181;180mread_until_eol[38;2;192;197;206m([38;2;192;197;206mfile[38;2;192;197;206m)[38;2;192;197;206m;[K
[0m[48;2;40;67;43m[39m+     118[0m:[39m[48;2;24;38;30m [38;2;192;197;206m    [38;2;150;181;180mtree_add_command[38;2;192;197;206m([38;2;192;197;206mc[38;2;192;197;206m,[38;2;192;197;206m [38;2;192;197;206m&[38;2;192;197;206mkey[38;2;192;197;206m,[38;2;192;197;206m [38;2;192;197;206m&[38;2;192;197;206mname[38;2;192;197;206m,[38;2;192;197;206m [38;2;192;197;206m&[38;2;192;197;206mcommand[38;2;192;197;206m)[38;2;192;197;206m;[K
[0m[48;2;43;48;59m[39m  43, 119[0m:[39m[48;2;43;48;59m [38;2;192;197;206m}[K
[0m[48;2;79;40;40m[39m- 44     [0m:[39m[48;2;36;25;28m [38;2;180;142;173mpub[38;2;192;197;206m [38;2;180;142;173mfn[38;2;192;197;206m [38;2;143;161;179mcommand_add_child[38;2;192;197;206m([38;2;191;97;106mc[38;2;192;197;206m:[38;2;192;197;206m [38;2;192;197;206m&[38;2;180;142;173mmut[38;2;192;197;206m Command, [38;2;191;97;106mchild[38;2;192;197;206m:[38;2;192;197;206m Command[38;2;192;197;206m)[38;2;192;197;206m [38;2;192;197;206m{[K
[0m[48;2;79;40;40m[39m- 45     [0m:[39m[48;2;36;25;28m [38;2;192;197;206m    [38;2;192;197;206munimplemented![38;2;192;197;206m([38;2;192;197;206m)[K
[0m[48;2;40;67;43m[39m+     120[0m:[39m[48;2;24;38;30m [K
[0m[48;2;40;67;43m[39m+     121[0m:[39m[48;2;24;38;30m [38;2;180;142;173mpub[38;2;192;197;206m [38;2;180;142;173mfn[38;2;192;197;206m [38;2;143;161;179mcommand_add_child[38;2;192;197;206m([38;2;191;97;106mc[38;2;192;197;206m:[38;2;192;197;206m [38;2;192;197;206m&[38;2;180;142;173mmut[38;2;192;197;206m Command, [38;2;180;142;173mmut[38;2;192;197;206m [38;2;191;97;106mchild[38;2;192;197;206m:[38;2;192;197;206m Command[38;2;192;197;206m)[38;2;192;197;206m [38;2;192;197;206m{[K
[0m[48;2;40;67;43m[39m+     122[0m:[39m[48;2;24;38;30m [38;2;192;197;206m    [38;2;180;142;173mif[38;2;192;197;206m c.children.[38;2;150;181;180mis_none[38;2;192;197;206m([38;2;192;197;206m)[38;2;192;197;206m [38;2;192;197;206m{[K
[0m[48;2;40;67;43m[39m+     123[0m:[39m[48;2;24;38;30m [38;2;192;197;206m        c.children [38;2;192;197;206m=[38;2;192;197;206m [38;2;192;197;206mSome[38;2;192;197;206m([38;2;192;197;206mBox[38;2;192;197;206m::[38;2;192;197;206mnew[38;2;192;197;206m([38;2;192;197;206mchild[38;2;192;197;206m)[38;2;192;197;206m)[38;2;192;197;206m;[K
[0m[48;2;40;67;43m[39m+     124[0m:[39m[48;2;24;38;30m [38;2;192;197;206m        [38;2;180;142;173mreturn[38;2;192;197;206m;[K
[0m[48;2;40;67;43m[39m+     125[0m:[39m[48;2;24;38;30m [38;2;192;197;206m    [38;2;192;197;206m}[K
[0m[48;2;40;67;43m[39m+     126[0m:[39m[48;2;24;38;30m [K
[0m[48;2;40;67;43m[39m+     127[0m:[39m[48;2;24;38;30m [38;2;192;197;206m    [38;2;180;142;173mif[38;2;192;197;206m c.children.[38;2;150;181;180mas_ref[38;2;192;197;206m([38;2;192;197;206m)[38;2;192;197;206m.[38;2;150;181;180munwrap[38;2;192;197;206m([38;2;192;197;206m)[38;2;192;197;206m.key [38;2;192;197;206m>[38;2;192;197;206m child.key [38;2;192;197;206m{[K
[0m[48;2;40;67;43m[39m+     128[0m:[39m[48;2;24;38;30m [38;2;192;197;206m        child.next [38;2;192;197;206m=[38;2;192;197;206m c.children.[38;2;150;181;180mtake[38;2;192;197;206m([38;2;192;197;206m)[38;2;192;197;206m;[K
[0m[48;2;40;67;43m[39m+     129[0m:[39m[48;2;24;38;30m [38;2;192;197;206m        c.children [38;2;192;197;206m=[38;2;192;197;206m [38;2;192;197;206mSome[38;2;192;197;206m([38;2;192;197;206mBox[38;2;192;197;206m::[38;2;192;197;206mnew[38;2;192;197;206m([38;2;192;197;206mchild[38;2;192;197;206m)[38;2;192;197;206m)[38;2;192;197;206m;[K
[0m[48;2;40;67;43m[39m+     130[0m:[39m[48;2;24;38;30m [38;2;192;197;206m        [38;2;180;142;173mreturn[38;2;192;197;206m;[K
[0m[48;2;40;67;43m[39m+     131[0m:[39m[48;2;24;38;30m [38;2;192;197;206m    [38;2;192;197;206m}[K
[0m[48;2;40;67;43m[39m+     132[0m:[39m[48;2;24;38;30m [K
[0m[48;2;40;67;43m[39m+     133[0m:[39m[48;2;24;38;30m [38;2;192;197;206m    [38;2;180;142;173mlet[38;2;192;197;206m [38;2;180;142;173mmut[38;2;192;197;206m last [38;2;192;197;206m=[38;2;192;197;206m c.children.[38;2;150;181;180mas_deref_mut[38;2;192;197;206m([38;2;192;197;206m)[38;2;192;197;206m.[38;2;150;181;180munwrap[38;2;192;197;206m([38;2;192;197;206m)[38;2;192;197;206m;[K
[0m[48;2;40;67;43m[39m+     134[0m:[39m[48;2;24;38;30m [38;2;192;197;206m    [38;2;180;142;173mwhile[38;2;192;197;206m last.next.[38;2;150;181;180mis_some[38;2;192;197;206m([38;2;192;197;206m)[38;2;192;197;206m [38;2;192;197;206m&[38;2;192;197;206m&[38;2;192;197;206m last.next.[38;2;150;181;180mas_ref[38;2;192;197;206m([38;2;192;197;206m)[38;2;192;197;206m.[38;2;150;181;180munwrap[38;2;192;197;206m([38;2;192;197;206m)[38;2;192;197;206m.key [38;2;192;197;206m<[38;2;192;197;206m=[38;2;192;197;206m child.key [38;2;192;197;206m{[K
[0m[48;2;40;67;43m[39m+     135[0m:[39m[48;2;24;38;30m [38;2;192;197;206m        last [38;2;192;197;206m=[38;2;192;197;206m last.next.[38;2;150;181;180mas_deref_mut[38;2;192;197;206m([38;2;192;197;206m)[38;2;192;197;206m.[38;2;150;181;180munwrap[38;2;192;197;206m([38;2;192;197;206m)[38;2;192;197;206m;[K
[0m[48;2;40;67;43m[39m+     136[0m:[39m[48;2;24;38;30m [38;2;192;197;206m    [38;2;192;197;206m}[K
[0m[48;2;40;67;43m[39m+     137[0m:[39m[48;2;24;38;30m [38;2;192;197;206m    child.next [38;2;192;197;206m=[38;2;192;197;206m last.next.[38;2;150;181;180mtake[38;2;192;197;206m([38;2;192;197;206m)[38;2;192;197;206m;[K
[0m[48;2;40;67;43m[39m+     138[0m:[39m[48;2;24;38;30m [38;2;192;197;206m    last.next [38;2;192;197;206m=[38;2;192;197;206m [38;2;192;197;206mSome[38;2;192;197;206m([38;2;192;197;206mBox[38;2;192;197;206m::[38;2;192;197;206mnew[38;2;192;197;206m([38;2;192;197;206mchild[38;2;192;197;206m)[38;2;192;197;206m)[38;2;192;197;206m;[K
[0m[48;2;43;48;59m[39m  46, 139[0m:[39m[48;2;43;48;59m [38;2;192;197;206m}[K
[0m[48;2;40;67;43m[39m+     140[0m:[39m[48;2;24;38;30m [K
[0m[48;2;43;48;59m[39m  47, 141[0m:[39m[48;2;43;48;59m [38;2;180;142;173mpub[38;2;192;197;206m [38;2;180;142;173mfn[38;2;192;197;206m [38;2;143;161;179mgetch[38;2;192;197;206m([38;2;192;197;206m)[38;2;192;197;206m [38;2;192;197;206m->[38;2;192;197;206m [38;2;180;142;173mchar[38;2;192;197;206m [38;2;192;197;206m{[K
[0m[48;2;79;40;40m[39m- 48     [0m:[39m[48;2;36;25;28m [38;2;192;197;206m    [38;2;192;197;206munimplemented![38;2;192;197;206m([38;2;192;197;206m)[K
[0m[48;2;40;67;43m[39m+     142[0m:[39m[48;2;24;38;30m [38;2;192;197;206m    [38;2;180;142;173muse[38;2;192;197;206m [38;2;192;197;206mtermion[38;2;192;197;206m::[38;2;192;197;206mraw[38;2;192;197;206m::[38;2;192;197;206mIntoRawMode[38;2;192;197;206m;[K
[0m[48;2;40;67;43m[39m+     143[0m:[39m[48;2;24;38;30m [38;2;192;197;206m    [38;2;180;142;173mlet[38;2;192;197;206m _raw [38;2;192;197;206m=[38;2;192;197;206m [38;2;192;197;206mio[38;2;192;197;206m::[38;2;192;197;206mstdout[38;2;192;197;206m([38;2;192;197;206m)[38;2;192;197;206m.[38;2;150;181;180minto_raw_mode[38;2;192;197;206m([38;2;192;197;206m)[38;2;192;197;206m.[38;2;150;181;180munwrap[38;2;192;197;206m([38;2;192;197;206m)[38;2;192;197;206m;[K
[0m[48;2;40;67;43m[39m+     144[0m:[39m[48;2;24;38;30m [38;2;192;197;206m    [38;2;180;142;173mlet[38;2;192;197;206m [38;2;180;142;173mmut[38;2;192;197;206m buf [38;2;192;197;206m=[38;2;192;197;206m [38;2;192;197;206m[[38;2;208;135;112m0[38;2;180;142;173mu8[38;2;192;197;206m;[38;2;192;197;206m [38;2;208;135;112m1[38;2;192;197;206m][38;2;192;197;206m;[K
[0m[48;2;40;67;43m[39m+     145[0m:[39m[48;2;24;38;30m [38;2;192;197;206m    [38;2;192;197;206mio[38;2;192;197;206m::[38;2;192;197;206mstdin[38;2;192;197;206m([38;2;192;197;206m)[38;2;192;197;206m.[38;2;150;181;180mread_exact[38;2;192;197;206m([38;2;192;197;206m&[38;2;180;142;173mmut[38;2;192;197;206m buf[38;2;192;197;206m)[38;2;192;197;206m.[38;2;150;181;180munwrap_or[38;2;192;197;206m([38;2;192;197;206m([38;2;192;197;206m)[38;2;192;197;206m)[38;2;192;197;206m;[K
[0m[48;2;40;67;43m[39m+     146[0m:[39m[48;2;24;38;30m [38;2;192;197;206m    buf[38;2;192;197;206m[[38;2;208;135;112m0[38;2;192;197;206m][38;2;192;197;206m [38;2;192;197;206mas[38;2;192;197;206m [38;2;180;142;173mchar[K
[0m[48;2;43;48;59m[39m  49, 147[0m:[39m[48;2;43;48;59m [38;2;192;197;206m}[K
[0m[48;2;40;67;43m[39m+     148[0m:[39m[48;2;24;38;30m [K
[0m[48;2;43;48;59m[39m  50, 149[0m:[39m[48;2;43;48;59m [38;2;180;142;173mpub[38;2;192;197;206m [38;2;180;142;173mfn[38;2;192;197;206m [38;2;143;161;179mprint_command[38;2;192;197;206m([38;2;191;97;106mc[38;2;192;197;206m:[38;2;192;197;206m [38;2;192;197;206m&[38;2;192;197;206mCommand[38;2;192;197;206m)[38;2;192;197;206m [38;2;192;197;206m->[38;2;192;197;206m [38;2;180;142;173mi32[38;2;192;197;206m [38;2;192;197;206m{[K
[0m[48;2;79;40;40m[39m- 51     [0m:[39m[48;2;36;25;28m [38;2;192;197;206m    [38;2;192;197;206munimplemented![38;2;192;197;206m([38;2;192;197;206m)[K
[0m[48;2;40;67;43m[39m+     150[0m:[39m[48;2;24;38;30m [38;2;192;197;206m    [38;2;180;142;173mlet[38;2;192;197;206m width [38;2;192;197;206m=[38;2;192;197;206m [38;2;192;197;206mterminal_size[38;2;192;197;206m::[38;2;192;197;206mterminal_size[38;2;192;197;206m([38;2;192;197;206m)[K
[0m[48;2;40;67;43m[39m+     151[0m:[39m[48;2;24;38;30m [38;2;192;197;206m        .[38;2;150;181;180mmap[38;2;192;197;206m([38;2;192;197;206m|[38;2;192;197;206m([38;2;191;97;106mw[38;2;192;197;206m,[38;2;192;197;206m _[38;2;192;197;206m)[38;2;192;197;206m|[38;2;192;197;206m [38;2;192;197;206mw.[38;2;208;135;112m0[38;2;192;197;206m [38;2;192;197;206mas[38;2;192;197;206m [38;2;180;142;173musize[38;2;192;197;206m)[K
[0m[48;2;40;67;43m[39m+     152[0m:[39m[48;2;24;38;30m [38;2;192;197;206m        .[38;2;150;181;180munwrap_or[38;2;192;197;206m([38;2;208;135;112m80[38;2;192;197;206m)[38;2;192;197;206m;[K
[0m[48;2;40;67;43m[39m+     153[0m:[39m[48;2;24;38;30m [K
[0m[48;2;40;67;43m[39m+     154[0m:[39m[48;2;24;38;30m [38;2;192;197;206m    [38;2;180;142;173mlet[38;2;192;197;206m [38;2;180;142;173mmut[38;2;192;197;206m lines[38;2;192;197;206m:[38;2;192;197;206m [38;2;180;142;173mi32[38;2;192;197;206m [38;2;192;197;206m=[38;2;192;197;206m [38;2;208;135;112m0[38;2;192;197;206m;[K
[0m[48;2;40;67;43m[39m+     155[0m:[39m[48;2;24;38;30m [K
[0m[48;2;40;67;43m[39m+     156[0m:[39m[48;2;24;38;30m [38;2;192;197;206m    [38;2;180;142;173mif[38;2;192;197;206m [38;2;192;197;206m![38;2;192;197;206mc.name.[38;2;150;181;180mis_empty[38;2;192;197;206m([38;2;192;197;206m)[38;2;192;197;206m [38;2;192;197;206m{[K
[0m[48;2;40;67;43m[39m+     157[0m:[39m[48;2;24;38;30m [38;2;192;197;206m        [38;2;192;197;206meprint![38;2;192;197;206m([38;2;192;197;206m"[38;2;163;190;140m{}{}:{}[38;2;150;181;180m\n[38;2;192;197;206m"[38;2;192;197;206m,[38;2;192;197;206m [38;2;208;135;112mBLUE[38;2;192;197;206m,[38;2;192;197;206m c.name[38;2;192;197;206m,[38;2;192;197;206m [38;2;208;135;112mCOLOR_OFF[38;2;192;197;206m)[38;2;192;197;206m;[K
[0m[48;2;40;67;43m[39m+     158[0m:[39m[48;2;24;38;30m [38;2;192;197;206m        lines [38;2;192;197;206m+[38;2;192;197;206m=[38;2;192;197;206m [38;2;208;135;112m1[38;2;192;197;206m;[K
[0m[48;2;40;67;43m[39m+     159[0m:[39m[48;2;24;38;30m [38;2;192;197;206m    [38;2;192;197;206m}[K
[0m[48;2;40;67;43m[39m+     160[0m:[39m[48;2;24;38;30m [K
[0m[48;2;40;67;43m[39m+     161[0m:[39m[48;2;24;38;30m [38;2;192;197;206m    [38;2;101;115;126m//[38;2;101;115;126m Find longest item name[K
[0m[48;2;40;67;43m[39m+     162[0m:[39m[48;2;24;38;30m [38;2;192;197;206m    [38;2;180;142;173mlet[38;2;192;197;206m [38;2;180;142;173mmut[38;2;192;197;206m max_line_width[38;2;192;197;206m:[38;2;192;197;206m [38;2;180;142;173musize[38;2;192;197;206m [38;2;192;197;206m=[38;2;192;197;206m [38;2;208;135;112m0[38;2;192;197;206m;[K
[0m[48;2;40;67;43m[39m+     163[0m:[39m[48;2;24;38;30m [38;2;192;197;206m    [38;2;180;142;173mlet[38;2;192;197;206m [38;2;180;142;173mmut[38;2;192;197;206m child [38;2;192;197;206m=[38;2;192;197;206m c.children.[38;2;150;181;180mas_deref[38;2;192;197;206m([38;2;192;197;206m)[38;2;192;197;206m;[K
[0m[48;2;40;67;43m[39m+     164[0m:[39m[48;2;24;38;30m [38;2;192;197;206m    [38;2;180;142;173mwhile[38;2;192;197;206m [38;2;180;142;173mlet[38;2;192;197;206m [38;2;192;197;206mSome[38;2;192;197;206m([38;2;192;197;206mnode[38;2;192;197;206m)[38;2;192;197;206m [38;2;192;197;206m=[38;2;192;197;206m child [38;2;192;197;206m{[K
[0m[48;2;40;67;43m[39m+     165[0m:[39m[48;2;24;38;30m [38;2;192;197;206m        [38;2;180;142;173mlet[38;2;192;197;206m lw [38;2;192;197;206m=[38;2;192;197;206m node.name.[38;2;150;181;180mlen[38;2;192;197;206m([38;2;192;197;206m)[38;2;192;197;206m;[K
[0m[48;2;40;67;43m[39m+     166[0m:[39m[48;2;24;38;30m [38;2;192;197;206m        [38;2;180;142;173mif[38;2;192;197;206m lw [38;2;192;197;206m>[38;2;192;197;206m max_line_width [38;2;192;197;206m{[K
[0m[48;2;40;67;43m[39m+     167[0m:[39m[48;2;24;38;30m [38;2;192;197;206m            max_line_width [38;2;192;197;206m=[38;2;192;197;206m lw[38;2;192;197;206m;[K
[0m[48;2;40;67;43m[39m+     168[0m:[39m[48;2;24;38;30m [38;2;192;197;206m        [38;2;192;197;206m}[K
[0m[48;2;40;67;43m[39m+     169[0m:[39m[48;2;24;38;30m [38;2;192;197;206m        child [38;2;192;197;206m=[38;2;192;197;206m node.next.[38;2;150;181;180mas_deref[38;2;192;197;206m([38;2;192;197;206m)[38;2;192;197;206m;[K
[0m[48;2;40;67;43m[39m+     170[0m:[39m[48;2;24;38;30m [38;2;192;197;206m    [38;2;192;197;206m}[K
[0m[48;2;40;67;43m[39m+     171[0m:[39m[48;2;24;38;30m [K
[0m[48;2;40;67;43m[39m+     172[0m:[39m[48;2;24;38;30m [38;2;192;197;206m    max_line_width [38;2;192;197;206m+[38;2;192;197;206m=[38;2;192;197;206m [38;2;208;135;112mRIGHT_MARGIN[38;2;192;197;206m;[K
[0m[48;2;40;67;43m[39m+     173[0m:[39m[48;2;24;38;30m [38;2;192;197;206m    [38;2;180;142;173mif[38;2;192;197;206m max_line_width [38;2;192;197;206m>[38;2;192;197;206m width [38;2;192;197;206m{[K
[0m[48;2;40;67;43m[39m+     174[0m:[39m[48;2;24;38;30m [38;2;192;197;206m        max_line_width [38;2;192;197;206m=[38;2;192;197;206m width[38;2;192;197;206m;[K
[0m[48;2;40;67;43m[39m+     175[0m:[39m[48;2;24;38;30m [38;2;192;197;206m    [38;2;192;197;206m}[K
[0m[48;2;40;67;43m[39m+     176[0m:[39m[48;2;24;38;30m [K
[0m[48;2;40;67;43m[39m+     177[0m:[39m[48;2;24;38;30m [38;2;192;197;206m    [38;2;180;142;173mlet[38;2;192;197;206m items_per_row [38;2;192;197;206m=[38;2;192;197;206m width [38;2;192;197;206m/[38;2;192;197;206m [38;2;192;197;206m([38;2;192;197;206mmax_line_width [38;2;192;197;206m+[38;2;192;197;206m [38;2;208;135;112m5[38;2;192;197;206m)[38;2;192;197;206m;[K
[0m[48;2;40;67;43m[39m+     178[0m:[39m[48;2;24;38;30m [K
[0m[48;2;40;67;43m[39m+     179[0m:[39m[48;2;24;38;30m [38;2;192;197;206m    child [38;2;192;197;206m=[38;2;192;197;206m c.children.[38;2;150;181;180mas_deref[38;2;192;197;206m([38;2;192;197;206m)[38;2;192;197;206m;[K
[0m[48;2;40;67;43m[39m+     180[0m:[39m[48;2;24;38;30m [38;2;192;197;206m    [38;2;180;142;173mlet[38;2;192;197;206m [38;2;180;142;173mmut[38;2;192;197;206m current_item [38;2;192;197;206m=[38;2;192;197;206m [38;2;208;135;112m0[38;2;192;197;206m;[K
[0m[48;2;40;67;43m[39m+     181[0m:[39m[48;2;24;38;30m [38;2;192;197;206m    [38;2;180;142;173mwhile[38;2;192;197;206m [38;2;180;142;173mlet[38;2;192;197;206m [38;2;192;197;206mSome[38;2;192;197;206m([38;2;192;197;206mnode[38;2;192;197;206m)[38;2;192;197;206m [38;2;192;197;206m=[38;2;192;197;206m child [38;2;192;197;206m{[K
[0m[48;2;40;67;43m[39m+     182[0m:[39m[48;2;24;38;30m [38;2;192;197;206m        current_item [38;2;192;197;206m+[38;2;192;197;206m=[38;2;192;197;206m [38;2;208;135;112m1[38;2;192;197;206m;[K
[0m[48;2;40;67;43m[39m+     183[0m:[39m[48;2;24;38;30m [K
[0m[48;2;40;67;43m[39m+     184[0m:[39m[48;2;24;38;30m [38;2;192;197;206m        [38;2;180;142;173mif[38;2;192;197;206m node.children.[38;2;150;181;180mis_some[38;2;192;197;206m([38;2;192;197;206m)[38;2;192;197;206m [38;2;192;197;206m{[K
[0m[48;2;40;67;43m[39m+     185[0m:[39m[48;2;24;38;30m [38;2;192;197;206m            [38;2;192;197;206meprint![38;2;192;197;206m([38;2;192;197;206m"[38;2;163;190;140m{}{}{} {}➔{} {}+{:<width$}{}[38;2;192;197;206m"[38;2;192;197;206m,[K
[0m[48;2;40;67;43m[39m+     186[0m:[39m[48;2;24;38;30m [38;2;192;197;206m                [38;2;208;135;112mYELLOW[38;2;192;197;206m,[38;2;192;197;206m node.key[38;2;192;197;206m,[38;2;192;197;206m [38;2;208;135;112mCOLOR_OFF[38;2;192;197;206m,[K
[0m[48;2;40;67;43m[39m+     187[0m:[39m[48;2;24;38;30m [38;2;192;197;206m                [38;2;208;135;112mPURPLE[38;2;192;197;206m,[38;2;192;197;206m [38;2;208;135;112mCOLOR_OFF[38;2;192;197;206m,[K
[0m[48;2;40;67;43m[39m+     188[0m:[39m[48;2;24;38;30m [38;2;192;197;206m                [38;2;208;135;112mBLUE[38;2;192;197;206m,[38;2;192;197;206m node.name[38;2;192;197;206m,[38;2;192;197;206m [38;2;208;135;112mCOLOR_OFF[38;2;192;197;206m,[K
[0m[48;2;40;67;43m[39m+     189[0m:[39m[48;2;24;38;30m [38;2;192;197;206m                width [38;2;192;197;206m=[38;2;192;197;206m max_line_width[38;2;192;197;206m)[38;2;192;197;206m;[K
[0m[48;2;40;67;43m[39m+     190[0m:[39m[48;2;24;38;30m [38;2;192;197;206m        [38;2;192;197;206m}[38;2;192;197;206m [38;2;180;142;173melse[38;2;192;197;206m [38;2;192;197;206m{[K
[0m[48;2;40;67;43m[39m+     191[0m:[39m[48;2;24;38;30m [38;2;192;197;206m            [38;2;192;197;206meprint![38;2;192;197;206m([38;2;192;197;206m"[38;2;163;190;140m{}{}{} {}➔{}  {:<width$}[38;2;192;197;206m"[38;2;192;197;206m,[K
[0m[48;2;40;67;43m[39m+     192[0m:[39m[48;2;24;38;30m [38;2;192;197;206m                [38;2;208;135;112mYELLOW[38;2;192;197;206m,[38;2;192;197;206m node.key[38;2;192;197;206m,[38;2;192;197;206m [38;2;208;135;112mCOLOR_OFF[38;2;192;197;206m,[K
[0m[48;2;40;67;43m[39m+     193[0m:[39m[48;2;24;38;30m [38;2;192;197;206m                [38;2;208;135;112mPURPLE[38;2;192;197;206m,[38;2;192;197;206m [38;2;208;135;112mCOLOR_OFF[38;2;192;197;206m,[K
[0m[48;2;40;67;43m[39m+     194[0m:[39m[48;2;24;38;30m [38;2;192;197;206m                node.name[38;2;192;197;206m,[K
[0m[48;2;40;67;43m[39m+     195[0m:[39m[48;2;24;38;30m [38;2;192;197;206m                width [38;2;192;197;206m=[38;2;192;197;206m max_line_width[38;2;192;197;206m)[38;2;192;197;206m;[K
[0m[48;2;40;67;43m[39m+     196[0m:[39m[48;2;24;38;30m [38;2;192;197;206m        [38;2;192;197;206m}[K
[0m[48;2;40;67;43m[39m+     197[0m:[39m[48;2;24;38;30m [K
[0m[48;2;40;67;43m[39m+     198[0m:[39m[48;2;24;38;30m [38;2;192;197;206m        [38;2;180;142;173mif[38;2;192;197;206m items_per_row [38;2;192;197;206m>[38;2;192;197;206m [38;2;208;135;112m0[38;2;192;197;206m [38;2;192;197;206m&[38;2;192;197;206m&[38;2;192;197;206m current_item [38;2;192;197;206m%[38;2;192;197;206m items_per_row [38;2;192;197;206m=[38;2;192;197;206m=[38;2;192;197;206m [38;2;208;135;112m0[38;2;192;197;206m [38;2;192;197;206m{[K
[0m[48;2;40;67;43m[39m+     199[0m:[39m[48;2;24;38;30m [38;2;192;197;206m            [38;2;192;197;206meprint![38;2;192;197;206m([38;2;192;197;206m"[38;2;150;181;180m\n[38;2;192;197;206m"[38;2;192;197;206m)[38;2;192;197;206m;[K
[0m[48;2;40;67;43m[39m+     200[0m:[39m[48;2;24;38;30m [38;2;192;197;206m            lines [38;2;192;197;206m+[38;2;192;197;206m=[38;2;192;197;206m [38;2;208;135;112m1[38;2;192;197;206m;[K
[0m[48;2;40;67;43m[39m+     201[0m:[39m[48;2;24;38;30m [38;2;192;197;206m        [38;2;192;197;206m}[K
[0m[48;2;40;67;43m[39m+     202[0m:[39m[48;2;24;38;30m [K
[0m[48;2;40;67;43m[39m+     203[0m:[39m[48;2;24;38;30m [38;2;192;197;206m        child [38;2;192;197;206m=[38;2;192;197;206m node.next.[38;2;150;181;180mas_deref[38;2;192;197;206m([38;2;192;197;206m)[38;2;192;197;206m;[K
[0m[48;2;40;67;43m[39m+     204[0m:[39m[48;2;24;38;30m [38;2;192;197;206m    [38;2;192;197;206m}[K
[0m[48;2;40;67;43m[39m+     205[0m:[39m[48;2;24;38;30m [K
[0m[48;2;40;67;43m[39m+     206[0m:[39m[48;2;24;38;30m [38;2;192;197;206m    [38;2;192;197;206meprint![38;2;192;197;206m([38;2;192;197;206m"[38;2;150;181;180m\n[38;2;192;197;206m"[38;2;192;197;206m)[38;2;192;197;206m;[K
[0m[48;2;40;67;43m[39m+     207[0m:[39m[48;2;24;38;30m [38;2;192;197;206m    lines [38;2;192;197;206m+[38;2;192;197;206m=[38;2;192;197;206m [38;2;208;135;112m1[38;2;192;197;206m;[K
[0m[48;2;40;67;43m[39m+     208[0m:[39m[48;2;24;38;30m [K
[0m[48;2;40;67;43m[39m+     209[0m:[39m[48;2;24;38;30m [38;2;192;197;206m    lines[K
[0m[48;2;43;48;59m[39m  52, 210[0m:[39m[48;2;43;48;59m [38;2;192;197;206m}[K
[0m[48;2;40;67;43m[39m+     211[0m:[39m[48;2;24;38;30m [K
[0m[48;2;43;48;59m[39m  53, 212[0m:[39m[48;2;43;48;59m [38;2;180;142;173mpub[38;2;192;197;206m [38;2;180;142;173mfn[38;2;192;197;206m [38;2;143;161;179mclear_lines[38;2;192;197;206m([38;2;191;97;106mcount[38;2;192;197;206m:[38;2;192;197;206m [38;2;180;142;173mi32[38;2;192;197;206m)[38;2;192;197;206m [38;2;192;197;206m{[K
[0m[48;2;79;40;40m[39m- 54     [0m:[39m[48;2;36;25;28m [38;2;192;197;206m    [38;2;192;197;206munimplemented![38;2;192;197;206m([38;2;192;197;206m)[K
[0m[48;2;40;67;43m[39m+     213[0m:[39m[48;2;24;38;30m [38;2;192;197;206m    [38;2;180;142;173mlet[38;2;192;197;206m stdout [38;2;192;197;206m=[38;2;192;197;206m [38;2;192;197;206mio[38;2;192;197;206m::[38;2;192;197;206mstdout[38;2;192;197;206m([38;2;192;197;206m)[38;2;192;197;206m;[K
[0m[48;2;40;67;43m[39m+     214[0m:[39m[48;2;24;38;30m [38;2;192;197;206m    [38;2;180;142;173mlet[38;2;192;197;206m [38;2;180;142;173mmut[38;2;192;197;206m handle [38;2;192;197;206m=[38;2;192;197;206m stdout.[38;2;150;181;180mlock[38;2;192;197;206m([38;2;192;197;206m)[38;2;192;197;206m;[K
[0m[48;2;40;67;43m[39m+     215[0m:[39m[48;2;24;38;30m [38;2;192;197;206m    [38;2;180;142;173mfor[38;2;192;197;206m [38;2;192;197;206m_[38;2;192;197;206m [38;2;192;197;206min[38;2;192;197;206m [38;2;208;135;112m0[38;2;192;197;206m..[38;2;192;197;206mcount [38;2;192;197;206m{[K
[0m[48;2;40;67;43m[39m+     216[0m:[39m[48;2;24;38;30m [38;2;192;197;206m        [38;2;180;142;173mlet[38;2;192;197;206m [38;2;192;197;206m_[38;2;192;197;206m [38;2;192;197;206m=[38;2;192;197;206m handle.[38;2;150;181;180mwrite_all[38;2;192;197;206m([38;2;180;142;173mb[38;2;192;197;206m"[38;2;150;181;180m\x1b[38;2;163;190;140m[A[38;2;150;181;180m\r[38;2;150;181;180m\x1b[38;2;163;190;140m[2K[38;2;192;197;206m"[38;2;192;197;206m)[38;2;192;197;206m;[K
[0m[48;2;40;67;43m[39m+     217[0m:[39m[48;2;24;38;30m [38;2;192;197;206m    [38;2;192;197;206m}[K
[0m[48;2;40;67;43m[39m+     218[0m:[39m[48;2;24;38;30m [38;2;192;197;206m    [38;2;180;142;173mlet[38;2;192;197;206m [38;2;192;197;206m_[38;2;192;197;206m [38;2;192;197;206m=[38;2;192;197;206m handle.[38;2;150;181;180mflush[38;2;192;197;206m([38;2;192;197;206m)[38;2;192;197;206m;[K
[0m[48;2;43;48;59m[39m  55, 219[0m:[39m[48;2;43;48;59m [38;2;192;197;206m}[K
[0m[48;2;40;67;43m[39m+     220[0m:[39m[48;2;24;38;30m [K
[0m[48;2;43;48;59m[39m  56, 221[0m:[39m[48;2;43;48;59m [38;2;180;142;173mpub[38;2;192;197;206m [38;2;180;142;173mfn[38;2;192;197;206m [38;2;143;161;179mfind_command[38;2;192;197;206m([38;2;191;97;106mc[38;2;192;197;206m:[38;2;192;197;206m [38;2;192;197;206m&[38;2;192;197;206mCommand, [38;2;191;97;106mkey[38;2;192;197;206m:[38;2;192;197;206m [38;2;180;142;173mchar[38;2;192;197;206m)[38;2;192;197;206m [38;2;192;197;206m->[38;2;192;197;206m [38;2;192;197;206mOption[38;2;192;197;206m<[38;2;192;197;206m&[38;2;192;197;206mCommand[38;2;192;197;206m>[38;2;192;197;206m [38;2;192;197;206m{[K
[0m[48;2;79;40;40m[39m- 57     [0m:[39m[48;2;36;25;28m [38;2;192;197;206m    [38;2;192;197;206munimplemented![38;2;192;197;206m([38;2;192;197;206m)[K
[0m[48;2;40;67;43m[39m+     222[0m:[39m[48;2;24;38;30m [38;2;192;197;206m    [38;2;180;142;173mlet[38;2;192;197;206m [38;2;180;142;173mmut[38;2;192;197;206m child [38;2;192;197;206m=[38;2;192;197;206m c.children.[38;2;150;181;180mas_deref[38;2;192;197;206m([38;2;192;197;206m)[38;2;192;197;206m;[K
[0m[48;2;40;67;43m[39m+     223[0m:[39m[48;2;24;38;30m [38;2;192;197;206m    [38;2;180;142;173mwhile[38;2;192;197;206m [38;2;180;142;173mlet[38;2;192;197;206m [38;2;192;197;206mSome[38;2;192;197;206m([38;2;192;197;206mnode[38;2;192;197;206m)[38;2;192;197;206m [38;2;192;197;206m=[38;2;192;197;206m child [38;2;192;197;206m{[K
[0m[48;2;40;67;43m[39m+     224[0m:[39m[48;2;24;38;30m [38;2;192;197;206m        [38;2;180;142;173mif[38;2;192;197;206m node.key [38;2;192;197;206m=[38;2;192;197;206m=[38;2;192;197;206m key [38;2;192;197;206m{[K
[0m[48;2;40;67;43m[39m+     225[0m:[39m[48;2;24;38;30m [38;2;192;197;206m            [38;2;180;142;173mreturn[38;2;192;197;206m [38;2;192;197;206mSome[38;2;192;197;206m([38;2;192;197;206mnode[38;2;192;197;206m)[38;2;192;197;206m;[K
[0m[48;2;40;67;43m[39m+     226[0m:[39m[48;2;24;38;30m [38;2;192;197;206m        [38;2;192;197;206m}[K
[0m[48;2;40;67;43m[39m+     227[0m:[39m[48;2;24;38;30m [38;2;192;197;206m        child [38;2;192;197;206m=[38;2;192;197;206m node.next.[38;2;150;181;180mas_deref[38;2;192;197;206m([38;2;192;197;206m)[38;2;192;197;206m;[K
[0m[48;2;40;67;43m[39m+     228[0m:[39m[48;2;24;38;30m [38;2;192;197;206m    [38;2;192;197;206m}[K
[0m[48;2;40;67;43m[39m+     229[0m:[39m[48;2;24;38;30m [38;2;192;197;206m    [38;2;192;197;206mNone[K
[0m[48;2;43;48;59m[39m  58, 230[0m:[39m[48;2;43;48;59m [38;2;192;197;206m}[K
[0m[48;2;40;67;43m[39m+     231[0m:[39m[48;2;24;38;30m [K
[0m[48;2;43;48;59m[39m  59, 232[0m:[39m[48;2;43;48;59m [38;2;180;142;173mpub[38;2;192;197;206m [38;2;180;142;173mfn[38;2;192;197;206m [38;2;143;161;179mread_until_eol[38;2;192;197;206m([38;2;191;97;106mfile[38;2;192;197;206m:[38;2;192;197;206m [38;2;192;197;206m&[38;2;180;142;173mmut[38;2;192;197;206m [38;2;192;197;206m&[38;2;192;197;206m[[38;2;180;142;173mu8[38;2;192;197;206m][38;2;192;197;206m)[38;2;192;197;206m [38;2;192;197;206m->[38;2;192;197;206m String[38;2;192;197;206m [38;2;192;197;206m{[K
[0m[48;2;79;40;40m[39m- 60     [0m:[39m[48;2;36;25;28m [38;2;192;197;206m    [38;2;192;197;206munimplemented![38;2;192;197;206m([38;2;192;197;206m)[K
[0m[48;2;40;67;43m[39m+     233[0m:[39m[48;2;24;38;30m [38;2;192;197;206m    [38;2;180;142;173mlet[38;2;192;197;206m [38;2;180;142;173mmut[38;2;192;197;206m i [38;2;192;197;206m=[38;2;192;197;206m [38;2;208;135;112m0[38;2;192;197;206m;[K
[0m[48;2;40;67;43m[39m+     234[0m:[39m[48;2;24;38;30m [38;2;192;197;206m    [38;2;180;142;173mwhile[38;2;192;197;206m i [38;2;192;197;206m<[38;2;192;197;206m file.[38;2;150;181;180mlen[38;2;192;197;206m([38;2;192;197;206m)[38;2;192;197;206m [38;2;192;197;206m&[38;2;192;197;206m&[38;2;192;197;206m file[38;2;192;197;206m[[38;2;192;197;206mi[38;2;192;197;206m][38;2;192;197;206m [38;2;192;197;206m![38;2;192;197;206m=[38;2;192;197;206m [38;2;180;142;173mb[38;2;192;197;206m'[38;2;150;181;180m\n[38;2;192;197;206m'[38;2;192;197;206m [38;2;192;197;206m&[38;2;192;197;206m&[38;2;192;197;206m file[38;2;192;197;206m[[38;2;192;197;206mi[38;2;192;197;206m][38;2;192;197;206m [38;2;192;197;206m![38;2;192;197;206m=[38;2;192;197;206m [38;2;208;135;112m0[38;2;192;197;206m [38;2;192;197;206m{[K
[0m[48;2;40;67;43m[39m+     235[0m:[39m[48;2;24;38;30m [38;2;192;197;206m        i [38;2;192;197;206m+[38;2;192;197;206m=[38;2;192;197;206m [38;2;208;135;112m1[38;2;192;197;206m;[K
[0m[48;2;40;67;43m[39m+     236[0m:[39m[48;2;24;38;30m [38;2;192;197;206m    [38;2;192;197;206m}[K
[0m[48;2;40;67;43m[39m+     237[0m:[39m[48;2;24;38;30m [38;2;192;197;206m    [38;2;180;142;173mlet[38;2;192;197;206m s [38;2;192;197;206m=[38;2;192;197;206m [38;2;192;197;206mString[38;2;192;197;206m::[38;2;192;197;206mfrom_utf8_lossy[38;2;192;197;206m([38;2;192;197;206m&[38;2;192;197;206mfile[38;2;192;197;206m[[38;2;192;197;206m..[38;2;192;197;206mi[38;2;192;197;206m][38;2;192;197;206m)[38;2;192;197;206m.[38;2;150;181;180mto_string[38;2;192;197;206m([38;2;192;197;206m)[38;2;192;197;206m;[K
[0m[48;2;40;67;43m[39m+     238[0m:[39m[48;2;24;38;30m [38;2;192;197;206m    [38;2;180;142;173mif[38;2;192;197;206m i [38;2;192;197;206m<[38;2;192;197;206m file.[38;2;150;181;180mlen[38;2;192;197;206m([38;2;192;197;206m)[38;2;192;197;206m [38;2;192;197;206m&[38;2;192;197;206m&[38;2;192;197;206m file[38;2;192;197;206m[[38;2;192;197;206mi[38;2;192;197;206m][38;2;192;197;206m [38;2;192;197;206m=[38;2;192;197;206m=[38;2;192;197;206m [38;2;180;142;173mb[38;2;192;197;206m'[38;2;150;181;180m\n[38;2;192;197;206m'[38;2;192;197;206m [38;2;192;197;206m{[K
[0m[48;2;40;67;43m[39m+     239[0m:[39m[48;2;24;38;30m [38;2;192;197;206m        [38;2;192;197;206m*[38;2;192;197;206mfile [38;2;192;197;206m=[38;2;192;197;206m [38;2;192;197;206m&[38;2;192;197;206mfile[38;2;192;197;206m[[38;2;192;197;206mi [38;2;192;197;206m+[38;2;192;197;206m [38;2;208;135;112m1[38;2;192;197;206m..[38;2;192;197;206m][38;2;192;197;206m;[K
[0m[48;2;40;67;43m[39m+     240[0m:[39m[48;2;24;38;30m [38;2;192;197;206m    [38;2;192;197;206m}[38;2;192;197;206m [38;2;180;142;173melse[38;2;192;197;206m [38;2;192;197;206m{[K
[0m[48;2;40;67;43m[39m+     241[0m:[39m[48;2;24;38;30m [38;2;192;197;206m        [38;2;192;197;206m*[38;2;192;197;206mfile [38;2;192;197;206m=[38;2;192;197;206m [38;2;192;197;206m&[38;2;192;197;206mfile[38;2;192;197;206m[[38;2;192;197;206mi[38;2;192;197;206m..[38;2;192;197;206m][38;2;192;197;206m;[K
[0m[48;2;40;67;43m[39m+     242[0m:[39m[48;2;24;38;30m [38;2;192;197;206m    [38;2;192;197;206m}[K
[0m[48;2;40;67;43m[39m+     243[0m:[39m[48;2;24;38;30m [38;2;192;197;206m    s[K
[0m[48;2;43;48;59m[39m  61, 244[0m:[39m[48;2;43;48;59m [38;2;192;197;206m}[K
[0m[48;2;40;67;43m[39m+     245[0m:[39m[48;2;24;38;30m [K
[0m[48;2;43;48;59m[39m  62, 246[0m:[39m[48;2;43;48;59m [38;2;180;142;173mpub[38;2;192;197;206m [38;2;180;142;173mfn[38;2;192;197;206m [38;2;143;161;179mread_file[38;2;192;197;206m([38;2;191;97;106mfile[38;2;192;197;206m:[38;2;192;197;206m [38;2;192;197;206m&[38;2;180;142;173mstr[38;2;192;197;206m)[38;2;192;197;206m [38;2;192;197;206m->[38;2;192;197;206m String[38;2;192;197;206m [38;2;192;197;206m{[K
[0m[48;2;79;40;40m[39m- 63     [0m:[39m[48;2;36;25;28m [38;2;192;197;206m    [38;2;192;197;206munimplemented![38;2;192;197;206m([38;2;192;197;206m)[K
[0m[48;2;40;67;43m[39m+     247[0m:[39m[48;2;24;38;30m [38;2;192;197;206m    [38;2;180;142;173mmatch[38;2;192;197;206m [38;2;192;197;206mstd[38;2;192;197;206m::[38;2;192;197;206mfs[38;2;192;197;206m::[38;2;192;197;206mread_to_string[38;2;192;197;206m([38;2;192;197;206mfile[38;2;192;197;206m)[38;2;192;197;206m [38;2;192;197;206m{[K
[0m[48;2;40;67;43m[39m+     248[0m:[39m[48;2;24;38;30m [38;2;192;197;206m        [38;2;192;197;206mOk[38;2;192;197;206m([38;2;192;197;206mcontent[38;2;192;197;206m)[38;2;192;197;206m [38;2;192;197;206m=>[38;2;192;197;206m content[38;2;192;197;206m,[K
[0m[48;2;40;67;43m[39m+     249[0m:[39m[48;2;24;38;30m [38;2;192;197;206m        [38;2;192;197;206mErr[38;2;192;197;206m([38;2;192;197;206me[38;2;192;197;206m)[38;2;192;197;206m [38;2;192;197;206m=>[38;2;192;197;206m [38;2;192;197;206m{[K
[0m[48;2;40;67;43m[39m+     250[0m:[39m[48;2;24;38;30m [38;2;192;197;206m            [38;2;192;197;206meprintln![38;2;192;197;206m([38;2;192;197;206m"[38;2;163;190;140mFailed to open file: {}[38;2;192;197;206m"[38;2;192;197;206m,[38;2;192;197;206m e[38;2;192;197;206m)[38;2;192;197;206m;[K
[0m[48;2;40;67;43m[39m+     251[0m:[39m[48;2;24;38;30m [38;2;192;197;206m            [38;2;192;197;206mstd[38;2;192;197;206m::[38;2;192;197;206mprocess[38;2;192;197;206m::[38;2;192;197;206mexit[38;2;192;197;206m([38;2;208;135;112m1[38;2;192;197;206m)[38;2;192;197;206m;[K
[0m[48;2;40;67;43m[39m+     252[0m:[39m[48;2;24;38;30m [38;2;192;197;206m        [38;2;192;197;206m}[K
[0m[48;2;40;67;43m[39m+     253[0m:[39m[48;2;24;38;30m [38;2;192;197;206m    [38;2;192;197;206m}[K
[0m[48;2;43;48;59m[39m  64, 254[0m:[39m[48;2;43;48;59m [38;2;192;197;206m}[K
[0m[48;2;40;67;43m[39m+     255[0m:[39m[48;2;24;38;30m [K
[0m[48;2;43;48;59m[39m  65, 256[0m:[39m[48;2;43;48;59m [38;2;180;142;173mpub[38;2;192;197;206m [38;2;180;142;173mfn[38;2;192;197;206m [38;2;143;161;179mcommand_run[38;2;192;197;206m([38;2;191;97;106mc[38;2;192;197;206m:[38;2;192;197;206m [38;2;192;197;206m&[38;2;192;197;206mCommand[38;2;192;197;206m)[38;2;192;197;206m [38;2;192;197;206m->[38;2;192;197;206m [38;2;180;142;173mi32[38;2;192;197;206m [38;2;192;197;206m{[K
[0m[48;2;79;40;40m[39m- 66     [0m:[39m[48;2;36;25;28m [38;2;192;197;206m    [38;2;192;197;206munimplemented![38;2;192;197;206m([38;2;192;197;206m)[K
[0m[48;2;40;67;43m[39m+     257[0m:[39m[48;2;24;38;30m [38;2;192;197;206m    [38;2;180;142;173mif[38;2;192;197;206m [38;2;192;197;206m![38;2;192;197;206mc.command.[38;2;150;181;180mis_empty[38;2;192;197;206m([38;2;192;197;206m)[38;2;192;197;206m [38;2;192;197;206m{[K
[0m[48;2;40;67;43m[39m+     258[0m:[39m[48;2;24;38;30m [38;2;192;197;206m        [38;2;192;197;206mprint![38;2;192;197;206m([38;2;192;197;206m"[38;2;208;135;112m{}[38;2;192;197;206m"[38;2;192;197;206m,[38;2;192;197;206m c.command[38;2;192;197;206m)[38;2;192;197;206m;[K
[0m[48;2;40;67;43m[39m+     259[0m:[39m[48;2;24;38;30m [38;2;192;197;206m        [38;2;180;142;173mlet[38;2;192;197;206m [38;2;192;197;206m_[38;2;192;197;206m [38;2;192;197;206m=[38;2;192;197;206m [38;2;192;197;206mio[38;2;192;197;206m::[38;2;192;197;206mstdout[38;2;192;197;206m([38;2;192;197;206m)[38;2;192;197;206m.[38;2;150;181;180mflush[38;2;192;197;206m([38;2;192;197;206m)[38;2;192;197;206m;[K
[0m[48;2;40;67;43m[39m+     260[0m:[39m[48;2;24;38;30m [38;2;192;197;206m        c.command.[38;2;150;181;180mlen[38;2;192;197;206m([38;2;192;197;206m)[38;2;192;197;206m [38;2;192;197;206mas[38;2;192;197;206m [38;2;180;142;173mi32[K
[0m[48;2;40;67;43m[39m+     261[0m:[39m[48;2;24;38;30m [38;2;192;197;206m    [38;2;192;197;206m}[38;2;192;197;206m [38;2;180;142;173melse[38;2;192;197;206m [38;2;192;197;206m{[K
[0m[48;2;40;67;43m[39m+     262[0m:[39m[48;2;24;38;30m [38;2;192;197;206m        [38;2;208;135;112m0[K
[0m[48;2;40;67;43m[39m+     263[0m:[39m[48;2;24;38;30m [38;2;192;197;206m    [38;2;192;197;206m}[K
[0m[48;2;43;48;59m[39m  67, 264[0m:[39m[48;2;43;48;59m [38;2;192;197;206m}[K
[0m[K
Replacing: [38;5;141msrc/hydra.rs[0m
[38;5;244m - Completed in 0.51s[0m
[38;5;12m[1m [1.6][0m[0m
[?25l[0m[?25l[0m[0m[38;5;11mTODO:
[39m[38;5;10m[x] [3m[38;5;244mImplement all function bodies in src/hydra.rs[23m
[0m[ ] Build and fix any compilation errors[38;5;244m - Completed in 0.46s[0m
[38;5;12m[1m [1.7][0m[0m
[?25l[0m[38;5;141m> [0mNow let's build:[0m[0m
[?25l[0m[0mI will run the following command: [38;5;141mcd /tmp/harvest-crust-JJ4A6K/project && cargo build 2>&1[0m[38;5;244m (using tool: shell)[0m
Purpose: Build the Rust project to check for compilation errors

    Updating crates.io index
     Locking 33 packages to latest compatible versions
      Adding bitflags v1.3.2
      Adding bitflags v2.11.0
      Adding errno v0.3.14
      Adding libc v0.2.184
      Adding libredox v0.0.2
      Adding linux-raw-sys v0.4.15
      Adding numtoa v0.1.0
      Adding redox_syscall v0.4.1
      Adding redox_termios v0.1.3
      Adding rustix v0.38.44
      Adding terminal_size v0.3.0 (available: v0.4.4)
      Adding termion v2.0.3 (available: v4.0.6)
      Adding windows-link v0.2.1
      Adding windows-sys v0.48.0
      Adding windows-sys v0.59.0
      Adding windows-sys v0.61.2
      Adding windows-targets v0.48.5
      Adding windows-targets v0.52.6
      Adding windows_aarch64_gnullvm v0.48.5
      Adding windows_aarch64_gnullvm v0.52.6
      Adding windows_aarch64_msvc v0.48.5
      Adding windows_aarch64_msvc v0.52.6
      Adding windows_i686_gnu v0.48.5
      Adding windows_i686_gnu v0.52.6
      Adding windows_i686_gnullvm v0.52.6
      Adding windows_i686_msvc v0.48.5
      Adding windows_i686_msvc v0.52.6
      Adding windows_x86_64_gnu v0.48.5
      Adding windows_x86_64_gnu v0.52.6
      Adding windows_x86_64_gnullvm v0.48.5
      Adding windows_x86_64_gnullvm v0.52.6
      Adding windows_x86_64_msvc v0.48.5
      Adding windows_x86_64_msvc v0.52.6
 Downloading crates ...
  Downloaded terminal_size v0.3.0
  Downloaded numtoa v0.1.0
  Downloaded termion v2.0.3
   Compiling rustix v0.38.44
   Compiling libc v0.2.184
   Compiling linux-raw-sys v0.4.15
   Compiling bitflags v2.11.0
   Compiling numtoa v0.1.0
   Compiling terminal_size v0.3.0
   Compiling termion v2.0.3
   Compiling hydra v0.1.0 (/tmp/harvest-crust-JJ4A6K/project)
    Finished `dev` profile [unoptimized + debuginfo] target(s) in 1.46s
[38;5;244m - Completed in 1.562s[0m
[38;5;12m[1m [1.8][0m[0m
[?25l[0m[38;5;141m> [0mBuild succeeded with zero errors. Let me also quickly verify there are no remaining [38;5;10munimplemented!()[0m calls:[0m[0m
[?25l[0m[0mSearching for: [38;5;141munimplemented!|todo!|panic![0m in [38;5;141m/tmp/harvest-crust-JJ4A6K/project/src[0m[38;5;244m (using tool: grep)[0m
[38;5;9m ❗ [0mNo matches found for pattern: [38;5;244munimplemented!|todo!|panic![0m under /tmp/harvest-crust-JJ4A6K/project/src
[38;5;244m - Completed in 0.47s[0m
[38;5;12m[1m [1.9][0m[0m
[?25l[0m[38;5;141m> [0mWait — I need to double-check one thing. The C [38;5;10mclear_lines[0m writes to stderr, not stdout. Let me re-read the C code:[0m[0m
[0m[0m
[1mc
[0m[38;5;10mvoid ClearLines(int count) {
  setbuf(stdout, NULL);
  for (int i = 0; i < count; i++)
    fprintf(stderr, "\033[A\r\33[2K");
}
[0m[0m[0m
[0m[0m
It sets stdout to unbuffered, then writes escape codes to stderr. Let me fix my implementation:[0m[0m
[?25l[0m[0mI'll modify the following file: [38;5;141msrc/hydra.rs[0m[38;5;244m (using tool: write)[0m

[48;2;43;48;59m[39m  212, 212[0m:[39m[48;2;43;48;59m [38;2;180;142;173mpub[38;2;192;197;206m [38;2;180;142;173mfn[38;2;192;197;206m [38;2;143;161;179mclear_lines[38;2;192;197;206m([38;2;191;97;106mcount[38;2;192;197;206m:[38;2;192;197;206m [38;2;180;142;173mi32[38;2;192;197;206m)[38;2;192;197;206m [38;2;192;197;206m{[K
[0m[48;2;79;40;40m[39m- 213     [0m:[39m[48;2;36;25;28m [38;2;192;197;206m    [38;2;180;142;173mlet[38;2;192;197;206m stdout [38;2;192;197;206m=[38;2;192;197;206m [38;2;192;197;206mio[38;2;192;197;206m::[38;2;192;197;206mstdout[38;2;192;197;206m([38;2;192;197;206m)[38;2;192;197;206m;[K
[0m[48;2;79;40;40m[39m- 214     [0m:[39m[48;2;36;25;28m [38;2;192;197;206m    [38;2;180;142;173mlet[38;2;192;197;206m [38;2;180;142;173mmut[38;2;192;197;206m handle [38;2;192;197;206m=[38;2;192;197;206m stdout.[38;2;150;181;180mlock[38;2;192;197;206m([38;2;192;197;206m)[38;2;192;197;206m;[K
[0m[48;2;40;67;43m[39m+      213[0m:[39m[48;2;24;38;30m [38;2;192;197;206m    [38;2;180;142;173mlet[38;2;192;197;206m stderr [38;2;192;197;206m=[38;2;192;197;206m [38;2;192;197;206mio[38;2;192;197;206m::[38;2;192;197;206mstderr[38;2;192;197;206m([38;2;192;197;206m)[38;2;192;197;206m;[K
[0m[48;2;40;67;43m[39m+      214[0m:[39m[48;2;24;38;30m [38;2;192;197;206m    [38;2;180;142;173mlet[38;2;192;197;206m [38;2;180;142;173mmut[38;2;192;197;206m handle [38;2;192;197;206m=[38;2;192;197;206m stderr.[38;2;150;181;180mlock[38;2;192;197;206m([38;2;192;197;206m)[38;2;192;197;206m;[K
[0m[48;2;43;48;59m[39m  215, 215[0m:[39m[48;2;43;48;59m [38;2;192;197;206m    [38;2;180;142;173mfor[38;2;192;197;206m [38;2;192;197;206m_[38;2;192;197;206m [38;2;192;197;206min[38;2;192;197;206m [38;2;208;135;112m0[38;2;192;197;206m..[38;2;192;197;206mcount [38;2;192;197;206m{[K
[0m[48;2;43;48;59m[39m  216, 216[0m:[39m[48;2;43;48;59m [38;2;192;197;206m        [38;2;180;142;173mlet[38;2;192;197;206m [38;2;192;197;206m_[38;2;192;197;206m [38;2;192;197;206m=[38;2;192;197;206m handle.[38;2;150;181;180mwrite_all[38;2;192;197;206m([38;2;180;142;173mb[38;2;192;197;206m"[38;2;150;181;180m\x1b[38;2;163;190;140m[A[38;2;150;181;180m\r[38;2;150;181;180m\x1b[38;2;163;190;140m[2K[38;2;192;197;206m"[38;2;192;197;206m)[38;2;192;197;206m;[K
[0m[48;2;43;48;59m[39m  217, 217[0m:[39m[48;2;43;48;59m [38;2;192;197;206m    [38;2;192;197;206m}[K
[0m[48;2;43;48;59m[39m  218, 218[0m:[39m[48;2;43;48;59m [38;2;192;197;206m    [38;2;180;142;173mlet[38;2;192;197;206m [38;2;192;197;206m_[38;2;192;197;206m [38;2;192;197;206m=[38;2;192;197;206m handle.[38;2;150;181;180mflush[38;2;192;197;206m([38;2;192;197;206m)[38;2;192;197;206m;[K
[0m[48;2;43;48;59m[39m  219, 219[0m:[39m[48;2;43;48;59m [38;2;192;197;206m}[K
[0m[K
Updating: [38;5;141msrc/hydra.rs[0m
[38;5;244m - Completed in 0.48s[0m
[38;5;12m[1m [1.10][0m[0m
[?25l[0m[?25l[0m[0mI will run the following command: [38;5;141mcd /tmp/harvest-crust-JJ4A6K/project && cargo build 2>&1[0m[38;5;244m (using tool: shell)[0m
Purpose: Rebuild after fixing clear_lines to write to stderr

   Compiling hydra v0.1.0 (/tmp/harvest-crust-JJ4A6K/project)
    Finished `dev` profile [unoptimized + debuginfo] target(s) in 0.09s
[38;5;244m - Completed in 0.183s[0m
[38;5;12m[1m [1.11][0m[0m
[?25l[0m[?25l[0m[0m[38;5;11mTODO:
[39m[38;5;10m[x] [3m[38;5;244mImplement all function bodies in src/hydra.rs[23m
[38;5;10m[x] [3m[38;5;244mBuild and fix any compilation errors[23m[38;5;244m - Completed in 0.46s[0m
[38;5;12m[1m [1.12][0m[0m
[?25l[0m[38;5;141m> [0mAll done. Here's a summary of the translation:[0m[0m
[0m[0m
[1mFiles modified:[22m[0m[0m
- [38;5;10mCargo.toml[0m — added [38;5;10mtermion[0m (for raw terminal input in [38;5;10mgetch[0m) and [38;5;10mterminal_size[0m (for terminal width in [38;5;10mprint_command[0m)[0m[0m
- [38;5;10msrc/hydra.rs[0m — implemented all 13 function bodies[0m[0m
[0m[0m
[1mKey implementation decisions:[22m[0m[0m
[0m[0m
- [38;5;10mcommand_add_child[0m — sorted insertion into the linked list (children chain), matching the C logic that inserts by key order[0m[0m
- [38;5;10mfind_command[0m — walks the children linked list; added a private [38;5;10mfind_command_mut[0m helper for mutable access needed by [38;5;10mtree_add_command[0m[0m[0m
- [38;5;10mtree_add_command[0m — recursively finds/creates intermediate nodes, uses [38;5;10mfind_command_mut[0m to update existing commands or create new ones[0m[0m
- [38;5;10mread_field[0m / [38;5;10mread_until_eol[0m — parse byte slices advancing the cursor, matching the C pointer-advancing pattern[0m[0m
- [38;5;10mprint_command[0m — uses [38;5;10mterminal_size[0m crate for terminal width, formats output to stderr with ANSI colors matching the C format strings exactly[0m[0m
- [38;5;10mgetch[0m — uses [38;5;10mtermion::raw::IntoRawMode[0m to put the terminal in raw mode and reads a single byte from stdin[0m[0m
- [38;5;10mclear_lines[0m — writes ANSI escape sequences to stderr (matching the C code)[0m[0m
- [38;5;10mcommand_run[0m — prints the command string to stdout (matching [38;5;10mfprintf(stdout, ...)[0m in C), returns the length as the count[0m[0m
- [38;5;10mstart[0m — iterative loop that prints, reads a key, finds the matching command, clears lines, and either runs the command or descends into its subtree[0m[0m[38;5;12m[1m✓ Created checkpoint 1

[0m[0m
[38;5;8m
 ▸ Credits: 3.02 • Time: 1m 43s

[0m[1G[0m[0m[?25h