[32mAll tools are now trusted ([0m[31m![0m[32m). Kiro will execute tools without asking for confirmation.[0m
Agents can sometimes do unexpected things so understand the risks.

Learn more at [38;5;141mhttps://kiro.dev/docs/cli/chat/security/#using-tools-trust-all-safely[0m

[38;5;12m[1m📷 Checkpoints are enabled! (took 0.22s)

[0m
[38;5;252m[0m[?25l[38;5;141m> [0m[0m[0m
[0m[0m
I'll start by understanding the project structure, then systematically build, test, and fix the translation.[0m[0m
[?25l[0m[0m[38;5;11mTODO:
[39m[0m[ ] Explore project structure - understand C source, Rust translation, and public API
[0m[ ] Build C shared library
[0m[ ] Add libloading dev-dependency to Cargo.toml
[0m[ ] Identify public API functions and call hierarchy from C headers
[0m[ ] Write integration tests comparing C vs Rust outputs
[0m[ ] Run tests and fix any mismatches in Rust code
[0m[ ] Compare nm -D symbols between C .so and Rust .so, fix missing exports
[0m[ ] Check for main binary and compare stdout if applicable[38;5;244m - Completed in 0.42s[0m
[38;5;12m[1m [1.1][0m[0m
[?25l[0m[?25l[0m[0mBatch fs_read operation with [38;5;141m2[0m operations[38;5;244m (using tool: read)[0m

↱ Operation 1: Reading directory: [38;5;141m/local/home/scheschb/reserach/TRACTOR/harvest-agentic/results/B02_organic/strdup_lib[0m
↱ Operation 2: Reading directory: [38;5;141m/local/home/scheschb/reserach/TRACTOR/harvest-agentic/results/B02_organic/strdup_lib/translated_rust[0m
[38;5;10m ✓ [0mSuccessfully read directory [38;5;141m/local/home/scheschb/reserach/TRACTOR/harvest-agentic/results/B02_organic/strdup_lib[0m [38;5;244m(13 entries)[0m

[38;5;10m ✓ [0mSuccessfully read directory [38;5;141m/local/home/scheschb/reserach/TRACTOR/harvest-agentic/results/B02_organic/strdup_lib/translated_rust[0m [38;5;244m(10 entries)[0m

 ⋮ 

[38;5;244m- [0mSummary: 2 operations processed, 2 successful, 0 failed
[38;5;244m - Completed in 0.44s[0m
[38;5;12m[1m [1.2][0m[0m
[?25l[0m[?25l[0m[0mBatch fs_read operation with [38;5;141m5[0m operations[38;5;244m (using tool: read)[0m

↱ Operation 1: Reading file: [38;5;141m/local/home/scheschb/reserach/TRACTOR/harvest-agentic/results/B02_organic/strdup_lib/translated_rust/c_src/CMakeLists.txt[0m, all lines
↱ Operation 2: Reading file: [38;5;141m/local/home/scheschb/reserach/TRACTOR/harvest-agentic/results/B02_organic/strdup_lib/translated_rust/c_src/include/lib.h[0m, all lines
↱ Operation 3: Reading file: [38;5;141m/local/home/scheschb/reserach/TRACTOR/harvest-agentic/results/B02_organic/strdup_lib/translated_rust/c_src/src/lib.c[0m, all lines
↱ Operation 4: Reading file: [38;5;141m/local/home/scheschb/reserach/TRACTOR/harvest-agentic/results/B02_organic/strdup_lib/translated_rust/src/lib.rs[0m, all lines
↱ Operation 5: Reading file: [38;5;141m/local/home/scheschb/reserach/TRACTOR/harvest-agentic/results/B02_organic/strdup_lib/translated_rust/Cargo.toml[0m, all lines
[38;5;10m ✓ [0mSuccessfully read [38;5;244m405 bytes[0m from /local/home/scheschb/reserach/TRACTOR/harvest-agentic/results/B02_organic/strdup_lib/translated_rust/c_src/CMakeLists.txt

[38;5;10m ✓ [0mSuccessfully read [38;5;244m37 bytes[0m from /local/home/scheschb/reserach/TRACTOR/harvest-agentic/results/B02_organic/strdup_lib/translated_rust/c_src/include/lib.h

[38;5;10m ✓ [0mSuccessfully read [38;5;244m302 bytes[0m from /local/home/scheschb/reserach/TRACTOR/harvest-agentic/results/B02_organic/strdup_lib/translated_rust/c_src/src/lib.c

[38;5;10m ✓ [0mSuccessfully read [38;5;244m443 bytes[0m from /local/home/scheschb/reserach/TRACTOR/harvest-agentic/results/B02_organic/strdup_lib/translated_rust/src/lib.rs

[38;5;10m ✓ [0mSuccessfully read [38;5;244m153 bytes[0m from /local/home/scheschb/reserach/TRACTOR/harvest-agentic/results/B02_organic/strdup_lib/translated_rust/Cargo.toml

 ⋮ 

[38;5;244m- [0mSummary: 5 operations processed, 5 successful, 0 failed
[38;5;244m - Completed in 0.40s[0m
[38;5;12m[1m [1.3][0m[0m
[?25l[0m[38;5;141m> [0mGood — simple project with one function [38;5;10mcustom_strdup[0m. Let me complete the first task and proceed.[0m[0m
[?25l[0m[0m[38;5;11mTODO:
[39m[38;5;10m[x] [3m[38;5;244mExplore project structure - understand C source, Rust translation, and public API[23m
[0m[ ] Build C shared library[38;5;244m - Completed in 0.41s[0m
[38;5;12m[1m [1.4][0m[0m
[?25l[0m[38;5;141m> [0mNow build the C shared library:[0m[0m
[?25l[0m[0mI will run the following command: [38;5;141mcd /local/home/scheschb/reserach/TRACTOR/harvest-agentic/results/B02_organic/strdup_lib/translated_rust/c_src && mkdir -p build && cd build && timeout 600 cmake .. -DCMAKE_POSITION_INDEPENDENT_CODE=ON 2>&1 && timeout 600 cmake --build . 2>&1[0m[38;5;244m (using tool: shell)[0m
Purpose: Build C shared library

CMake Error at CMakeLists.txt:2 (cmake_path):
  Unknown CMake command "cmake_path".


-- Configuring incomplete, errors occurred!
[38;5;244m - Completed in 0.58s[0m
[38;5;12m[1m [1.5][0m[0m
[?25l[0m[38;5;141m> [0m[38;5;10mcmake_path[0m requires CMake 3.20+. Let me check the version and work around it:[0m[0m
[?25l[0m[0mI will run the following command: [38;5;141mcmake --version 2>&1 | head -1[0m[38;5;244m (using tool: shell)[0m
Purpose: Check cmake version

cmake3 version 3.17.5
[38;5;244m - Completed in 0.49s[0m
[38;5;12m[1m [1.6][0m[0m
[?25l[0m[38;5;141m> [0mCMake 3.17 doesn't support [38;5;10mcmake_path[0m. I can't modify c_src, so I'll pass the project name manually:[0m[0m
[?25l[0m[0mI will run the following command: [38;5;141mcd /local/home/scheschb/reserach/TRACTOR/harvest-agentic/results/B02_organic/strdup_lib/translated_rust/c_src && rm -rf build && mkdir -p build && cd build && timeout 600 cmake .. -DCMAKE_POSITION_INDEPENDENT_CODE=ON -DCMAKE_PROJECT_NAME=strdup_lib 2>&1[0m[38;5;244m (using tool: shell)[0m
Purpose: Try cmake with explicit project name

CMake Error at CMakeLists.txt:2 (cmake_path):
  Unknown CMake command "cmake_path".


-- Configuring incomplete, errors occurred!
[38;5;244m - Completed in 0.62s[0m
[38;5;12m[1m [1.7][0m[0m
[?25l[0m[38;5;141m> [0mThe [38;5;10mcmake_path[0m command itself is unknown. I'll just compile manually with gcc:[0m[0m
[?25l[0m[0mI will run the following command: [38;5;141mcd /local/home/scheschb/reserach/TRACTOR/harvest-agentic/results/B02_organic/strdup_lib/translated_rust/c_src && mkdir -p build && gcc -shared -fPIC -Iinclude -o build/libdriver.so src/lib.c 2>&1[0m[38;5;244m (using tool: shell)[0m
Purpose: Build C shared library manually with gcc

[38;5;244m - Completed in 0.85s[0m
[38;5;12m[1m [1.8][0m[0m
[?25l[0m[?25l[0m[0mI will run the following command: [38;5;141mls -la /local/home/scheschb/reserach/TRACTOR/harvest-agentic/results/B02_organic/strdup_lib/translated_rust/c_src/build/libdriver.so && nm -D /local/home/scheschb/reserach/TRACTOR/harvest-agentic/results/B02_organic/strdup_lib/translated_rust/c_src/build/libdriver.so | grep -i ' T '[0m[38;5;244m (using tool: shell)[0m
Purpose: Verify C .so was built and check exported symbols

-rwxr-xr-x 1 scheschb amazon 7832 Mar 27 01:28 /local/home/scheschb/reserach/TRACTOR/harvest-agentic/results/B02_organic/strdup_lib/translated_rust/c_src/build/libdriver.so
00000000000006ba T custom_strdup
0000000000000724 T _fini
0000000000000598 T _init
[38;5;244m - Completed in 0.48s[0m
[38;5;12m[1m [1.9][0m[0m
[?25l[0m[38;5;141m> [0mC .so built successfully, exports [38;5;10mcustom_strdup[0m.[0m[0m
[?25l[0m[0m[38;5;11mTODO:
[39m[38;5;10m[x] [3m[38;5;244mBuild C shared library[23m
[0m[ ] Add libloading dev-dependency to Cargo.toml[38;5;244m - Completed in 0.42s[0m
[38;5;12m[1m [1.10][0m[0m
[?25l[0m[38;5;141m> [0mNow add [38;5;10mlibloading[0m dev-dependency:[0m[0m
[?25l[0m[0mI'll modify the following file: [38;5;141mtranslated_rust/Cargo.toml[0m[38;5;244m (using tool: write)[0m
Purpose: Add libloading dev-dependency

[49m[38;5;10m+     13[0m:[38;5;10m[49m [dev-dependencies]
[0m[49m[38;5;10m+     14[0m:[38;5;10m[49m libloading = "0.8"
[0m[49m[38;5;10m+     15[0m:[38;5;10m[49m 
[0m[49m[39m  13, 16[0m:[39m[49m [workspace]
[0m[K
Updating: [38;5;141mtranslated_rust/Cargo.toml[0m
[38;5;244m - Completed in 0.43s[0m
[38;5;12m[1m [1.11][0m[0m
[?25l[0m[?25l[0m[0m[38;5;11mTODO:
[39m[38;5;10m[x] [3m[38;5;244mAdd libloading dev-dependency to Cargo.toml[23m
[38;5;10m[x] [3m[38;5;244mIdentify public API functions and call hierarchy from C headers[23m
[0m[ ] Write integration tests comparing C vs Rust outputs[38;5;244m - Completed in 0.42s[0m
[38;5;12m[1m [1.12][0m[0m
[?25l[0m[38;5;141m> [0mNow write the integration test:[0m[0m
[?25l[0m[0mI will run the following command: [38;5;141mmkdir -p /local/home/scheschb/reserach/TRACTOR/harvest-agentic/results/B02_organic/strdup_lib/translated_rust/tests[0m[38;5;244m (using tool: shell)[0m
Purpose: Create tests directory

[38;5;244m - Completed in 0.47s[0m
[38;5;12m[1m [1.13][0m[0m
[?25l[0m[?25l[0m[0mI'll create the following file: [38;5;141m/local/home/scheschb/reserach/TRACTOR/harvest-agentic/results/B02_organic/strdup_lib/translated_rust/tests/test_custom_strdup.rs[0m[38;5;244m (using tool: write)[0m
Purpose: Write integration tests comparing C vs Rust custom_strdup

[48;2;40;67;43m[39m+      1[0m:[39m[48;2;24;38;30m [38;2;180;142;173muse[38;2;192;197;206m [38;2;192;197;206mlibloading[38;2;192;197;206m::[38;2;192;197;206m{[38;2;192;197;206mLibrary[38;2;192;197;206m,[38;2;192;197;206m Symbol[38;2;192;197;206m}[38;2;192;197;206m;[K
[0m[48;2;40;67;43m[39m+      2[0m:[39m[48;2;24;38;30m [38;2;180;142;173muse[38;2;192;197;206m [38;2;192;197;206mstd[38;2;192;197;206m::[38;2;192;197;206mffi[38;2;192;197;206m::[38;2;192;197;206m{[38;2;192;197;206mCStr[38;2;192;197;206m,[38;2;192;197;206m CString[38;2;192;197;206m}[38;2;192;197;206m;[K
[0m[48;2;40;67;43m[39m+      3[0m:[39m[48;2;24;38;30m [38;2;180;142;173muse[38;2;192;197;206m [38;2;192;197;206mstd[38;2;192;197;206m::[38;2;192;197;206mos[38;2;192;197;206m::[38;2;192;197;206mraw[38;2;192;197;206m::[38;2;180;142;173mc_char[38;2;192;197;206m;[K
[0m[48;2;40;67;43m[39m+      4[0m:[39m[48;2;24;38;30m [38;2;180;142;173muse[38;2;192;197;206m [38;2;192;197;206mstd[38;2;192;197;206m::[38;2;192;197;206mptr[38;2;192;197;206m;[K
[0m[48;2;40;67;43m[39m+      5[0m:[39m[48;2;24;38;30m [K
[0m[48;2;40;67;43m[39m+      6[0m:[39m[48;2;24;38;30m [38;2;180;142;173mfn[38;2;192;197;206m [38;2;143;161;179mc_lib[38;2;192;197;206m([38;2;192;197;206m)[38;2;192;197;206m [38;2;192;197;206m->[38;2;192;197;206m Library[38;2;192;197;206m [38;2;192;197;206m{[K
[0m[48;2;40;67;43m[39m+      7[0m:[39m[48;2;24;38;30m [38;2;192;197;206m    [38;2;180;142;173mlet[38;2;192;197;206m path [38;2;192;197;206m=[38;2;192;197;206m [38;2;192;197;206mconcat![38;2;192;197;206m([K
[0m[48;2;40;67;43m[39m+      8[0m:[39m[48;2;24;38;30m [38;2;192;197;206m        [38;2;192;197;206menv![38;2;192;197;206m([38;2;192;197;206m"[38;2;163;190;140mCARGO_MANIFEST_DIR[38;2;192;197;206m"[38;2;192;197;206m)[38;2;192;197;206m,[K
[0m[48;2;40;67;43m[39m+      9[0m:[39m[48;2;24;38;30m [38;2;192;197;206m        [38;2;192;197;206m"[38;2;163;190;140m/c_src/build/libdriver.so[38;2;192;197;206m"[K
[0m[48;2;40;67;43m[39m+     10[0m:[39m[48;2;24;38;30m [38;2;192;197;206m    [38;2;192;197;206m)[38;2;192;197;206m;[K
[0m[48;2;40;67;43m[39m+     11[0m:[39m[48;2;24;38;30m [38;2;192;197;206m    [38;2;180;142;173munsafe[38;2;192;197;206m [38;2;192;197;206m{[38;2;192;197;206m [38;2;192;197;206mLibrary[38;2;192;197;206m::[38;2;192;197;206mnew[38;2;192;197;206m([38;2;192;197;206mpath[38;2;192;197;206m)[38;2;192;197;206m.[38;2;150;181;180mexpect[38;2;192;197;206m([38;2;192;197;206m"[38;2;163;190;140mFailed to load C libdriver.so[38;2;192;197;206m"[38;2;192;197;206m)[38;2;192;197;206m [38;2;192;197;206m}[K
[0m[48;2;40;67;43m[39m+     12[0m:[39m[48;2;24;38;30m [38;2;192;197;206m}[K
[0m[48;2;40;67;43m[39m+     13[0m:[39m[48;2;24;38;30m [K
[0m[48;2;40;67;43m[39m+     14[0m:[39m[48;2;24;38;30m [38;2;192;197;206m#[38;2;192;197;206m[[38;2;191;97;106mtest[38;2;192;197;206m][K
[0m[48;2;40;67;43m[39m+     15[0m:[39m[48;2;24;38;30m [38;2;180;142;173mfn[38;2;192;197;206m [38;2;143;161;179mtest_normal_string[38;2;192;197;206m([38;2;192;197;206m)[38;2;192;197;206m [38;2;192;197;206m{[K
[0m[48;2;40;67;43m[39m+     16[0m:[39m[48;2;24;38;30m [38;2;192;197;206m    [38;2;180;142;173mlet[38;2;192;197;206m lib [38;2;192;197;206m=[38;2;192;197;206m [38;2;150;181;180mc_lib[38;2;192;197;206m([38;2;192;197;206m)[38;2;192;197;206m;[K
[0m[48;2;40;67;43m[39m+     17[0m:[39m[48;2;24;38;30m [38;2;192;197;206m    [38;2;180;142;173mlet[38;2;192;197;206m [38;2;180;142;173mc_fn[38;2;192;197;206m:[38;2;192;197;206m [38;2;192;197;206mSymbol[38;2;192;197;206m<[38;2;192;197;206munsafe [38;2;180;142;173mextern[38;2;192;197;206m [38;2;192;197;206m"[38;2;163;190;140mC[38;2;192;197;206m"[38;2;192;197;206m [38;2;180;142;173mfn[38;2;192;197;206m([38;2;192;197;206m*const c_char[38;2;192;197;206m)[38;2;192;197;206m [38;2;192;197;206m->[38;2;192;197;206m [38;2;43;48;59m*[38;2;180;142;173mmut[38;2;192;197;206m [38;2;180;142;173mc_char[38;2;192;197;206m>[38;2;192;197;206m [38;2;192;197;206m=[K
[0m[48;2;40;67;43m[39m+     18[0m:[39m[48;2;24;38;30m [38;2;192;197;206m        [38;2;180;142;173munsafe[38;2;192;197;206m [38;2;192;197;206m{[38;2;192;197;206m lib.[38;2;150;181;180mget[38;2;192;197;206m([38;2;180;142;173mb[38;2;192;197;206m"[38;2;163;190;140mcustom_strdup[38;2;192;197;206m"[38;2;192;197;206m)[38;2;192;197;206m.[38;2;150;181;180munwrap[38;2;192;197;206m([38;2;192;197;206m)[38;2;192;197;206m [38;2;192;197;206m}[38;2;192;197;206m;[K
[0m[48;2;40;67;43m[39m+     19[0m:[39m[48;2;24;38;30m [K
[0m[48;2;40;67;43m[39m+     20[0m:[39m[48;2;24;38;30m [38;2;192;197;206m    [38;2;180;142;173mlet[38;2;192;197;206m input [38;2;192;197;206m=[38;2;192;197;206m [38;2;192;197;206mCString[38;2;192;197;206m::[38;2;192;197;206mnew[38;2;192;197;206m([38;2;192;197;206m"[38;2;163;190;140mhello world[38;2;192;197;206m"[38;2;192;197;206m)[38;2;192;197;206m.[38;2;150;181;180munwrap[38;2;192;197;206m([38;2;192;197;206m)[38;2;192;197;206m;[K
[0m[48;2;40;67;43m[39m+     21[0m:[39m[48;2;24;38;30m [K
[0m[48;2;40;67;43m[39m+     22[0m:[39m[48;2;24;38;30m [38;2;192;197;206m    [38;2;180;142;173mlet[38;2;192;197;206m [38;2;180;142;173mc_result[38;2;192;197;206m [38;2;192;197;206m=[38;2;192;197;206m [38;2;180;142;173munsafe[38;2;192;197;206m [38;2;192;197;206m{[38;2;192;197;206m [38;2;192;197;206m*[38;2;180;142;173mc_fn[38;2;192;197;206m [38;2;192;197;206m}[38;2;192;197;206m([38;2;192;197;206minput.[38;2;150;181;180mas_ptr[38;2;192;197;206m([38;2;192;197;206m)[38;2;192;197;206m)[38;2;192;197;206m;[K
[0m[48;2;40;67;43m[39m+     23[0m:[39m[48;2;24;38;30m [38;2;192;197;206m    [38;2;180;142;173mlet[38;2;192;197;206m rust_result [38;2;192;197;206m=[38;2;192;197;206m [38;2;180;142;173munsafe[38;2;192;197;206m [38;2;192;197;206m{[38;2;192;197;206m [38;2;192;197;206mstrdup_lib[38;2;192;197;206m::[38;2;192;197;206mcustom_strdup[38;2;192;197;206m([38;2;192;197;206minput.[38;2;150;181;180mas_ptr[38;2;192;197;206m([38;2;192;197;206m)[38;2;192;197;206m)[38;2;192;197;206m [38;2;192;197;206m}[38;2;192;197;206m;[K
[0m[48;2;40;67;43m[39m+     24[0m:[39m[48;2;24;38;30m [K
[0m[48;2;40;67;43m[39m+     25[0m:[39m[48;2;24;38;30m [38;2;192;197;206m    [38;2;192;197;206massert![38;2;192;197;206m([38;2;192;197;206m![38;2;180;142;173mc_result[38;2;192;197;206m.[38;2;150;181;180mis_null[38;2;192;197;206m([38;2;192;197;206m)[38;2;192;197;206m)[38;2;192;197;206m;[K
[0m[48;2;40;67;43m[39m+     26[0m:[39m[48;2;24;38;30m [38;2;192;197;206m    [38;2;192;197;206massert![38;2;192;197;206m([38;2;192;197;206m![38;2;192;197;206mrust_result.[38;2;150;181;180mis_null[38;2;192;197;206m([38;2;192;197;206m)[38;2;192;197;206m)[38;2;192;197;206m;[K
[0m[48;2;40;67;43m[39m+     27[0m:[39m[48;2;24;38;30m [K
[0m[48;2;40;67;43m[39m+     28[0m:[39m[48;2;24;38;30m [38;2;192;197;206m    [38;2;180;142;173mlet[38;2;192;197;206m [38;2;180;142;173mc_str[38;2;192;197;206m [38;2;192;197;206m=[38;2;192;197;206m [38;2;180;142;173munsafe[38;2;192;197;206m [38;2;192;197;206m{[38;2;192;197;206m [38;2;192;197;206mCStr[38;2;192;197;206m::[38;2;192;197;206mfrom_ptr[38;2;192;197;206m([38;2;180;142;173mc_result[38;2;192;197;206m)[38;2;192;197;206m [38;2;192;197;206m}[38;2;192;197;206m;[K
[0m[48;2;40;67;43m[39m+     29[0m:[39m[48;2;24;38;30m [38;2;192;197;206m    [38;2;180;142;173mlet[38;2;192;197;206m rust_str [38;2;192;197;206m=[38;2;192;197;206m [38;2;180;142;173munsafe[38;2;192;197;206m [38;2;192;197;206m{[38;2;192;197;206m [38;2;192;197;206mCStr[38;2;192;197;206m::[38;2;192;197;206mfrom_ptr[38;2;192;197;206m([38;2;192;197;206mrust_result[38;2;192;197;206m)[38;2;192;197;206m [38;2;192;197;206m}[38;2;192;197;206m;[K
[0m[48;2;40;67;43m[39m+     30[0m:[39m[48;2;24;38;30m [38;2;192;197;206m    [38;2;192;197;206massert_eq![38;2;192;197;206m([38;2;180;142;173mc_str[38;2;192;197;206m,[38;2;192;197;206m rust_str[38;2;192;197;206m,[38;2;192;197;206m [38;2;192;197;206m"[38;2;163;190;140mMismatch for [38;2;150;181;180m\"[38;2;163;190;140mhello world[38;2;150;181;180m\"[38;2;192;197;206m"[38;2;192;197;206m)[38;2;192;197;206m;[K
[0m[48;2;40;67;43m[39m+     31[0m:[39m[48;2;24;38;30m [K
[0m[48;2;40;67;43m[39m+     32[0m:[39m[48;2;24;38;30m [38;2;192;197;206m    [38;2;180;142;173munsafe[38;2;192;197;206m [38;2;192;197;206m{[K
[0m[48;2;40;67;43m[39m+     33[0m:[39m[48;2;24;38;30m [38;2;192;197;206m        [38;2;192;197;206mlibc[38;2;192;197;206m::[38;2;192;197;206mfree[38;2;192;197;206m([38;2;180;142;173mc_result[38;2;192;197;206m [38;2;192;197;206mas[38;2;192;197;206m [38;2;192;197;206m*[38;2;180;142;173mmut[38;2;192;197;206m [38;2;192;197;206m_[38;2;192;197;206m)[38;2;192;197;206m;[K
[0m[48;2;40;67;43m[39m+     34[0m:[39m[48;2;24;38;30m [38;2;192;197;206m        [38;2;192;197;206mlibc[38;2;192;197;206m::[38;2;192;197;206mfree[38;2;192;197;206m([38;2;192;197;206mrust_result [38;2;192;197;206mas[38;2;192;197;206m [38;2;192;197;206m*[38;2;180;142;173mmut[38;2;192;197;206m [38;2;192;197;206m_[38;2;192;197;206m)[38;2;192;197;206m;[K
[0m[48;2;40;67;43m[39m+     35[0m:[39m[48;2;24;38;30m [38;2;192;197;206m    [38;2;192;197;206m}[K
[0m[48;2;40;67;43m[39m+     36[0m:[39m[48;2;24;38;30m [38;2;192;197;206m}[K
[0m[48;2;40;67;43m[39m+     37[0m:[39m[48;2;24;38;30m [K
[0m[48;2;40;67;43m[39m+     38[0m:[39m[48;2;24;38;30m [38;2;192;197;206m#[38;2;192;197;206m[[38;2;191;97;106mtest[38;2;192;197;206m][K
[0m[48;2;40;67;43m[39m+     39[0m:[39m[48;2;24;38;30m [38;2;180;142;173mfn[38;2;192;197;206m [38;2;143;161;179mtest_empty_string[38;2;192;197;206m([38;2;192;197;206m)[38;2;192;197;206m [38;2;192;197;206m{[K
[0m[48;2;40;67;43m[39m+     40[0m:[39m[48;2;24;38;30m [38;2;192;197;206m    [38;2;180;142;173mlet[38;2;192;197;206m lib [38;2;192;197;206m=[38;2;192;197;206m [38;2;150;181;180mc_lib[38;2;192;197;206m([38;2;192;197;206m)[38;2;192;197;206m;[K
[0m[48;2;40;67;43m[39m+     41[0m:[39m[48;2;24;38;30m [38;2;192;197;206m    [38;2;180;142;173mlet[38;2;192;197;206m [38;2;180;142;173mc_fn[38;2;192;197;206m:[38;2;192;197;206m [38;2;192;197;206mSymbol[38;2;192;197;206m<[38;2;192;197;206munsafe [38;2;180;142;173mextern[38;2;192;197;206m [38;2;192;197;206m"[38;2;163;190;140mC[38;2;192;197;206m"[38;2;192;197;206m [38;2;180;142;173mfn[38;2;192;197;206m([38;2;192;197;206m*const c_char[38;2;192;197;206m)[38;2;192;197;206m [38;2;192;197;206m->[38;2;192;197;206m [38;2;43;48;59m*[38;2;180;142;173mmut[38;2;192;197;206m [38;2;180;142;173mc_char[38;2;192;197;206m>[38;2;192;197;206m [38;2;192;197;206m=[K
[0m[48;2;40;67;43m[39m+     42[0m:[39m[48;2;24;38;30m [38;2;192;197;206m        [38;2;180;142;173munsafe[38;2;192;197;206m [38;2;192;197;206m{[38;2;192;197;206m lib.[38;2;150;181;180mget[38;2;192;197;206m([38;2;180;142;173mb[38;2;192;197;206m"[38;2;163;190;140mcustom_strdup[38;2;192;197;206m"[38;2;192;197;206m)[38;2;192;197;206m.[38;2;150;181;180munwrap[38;2;192;197;206m([38;2;192;197;206m)[38;2;192;197;206m [38;2;192;197;206m}[38;2;192;197;206m;[K
[0m[48;2;40;67;43m[39m+     43[0m:[39m[48;2;24;38;30m [K
[0m[48;2;40;67;43m[39m+     44[0m:[39m[48;2;24;38;30m [38;2;192;197;206m    [38;2;180;142;173mlet[38;2;192;197;206m input [38;2;192;197;206m=[38;2;192;197;206m [38;2;192;197;206mCString[38;2;192;197;206m::[38;2;192;197;206mnew[38;2;192;197;206m([38;2;192;197;206m"[38;2;192;197;206m"[38;2;192;197;206m)[38;2;192;197;206m.[38;2;150;181;180munwrap[38;2;192;197;206m([38;2;192;197;206m)[38;2;192;197;206m;[K
[0m[48;2;40;67;43m[39m+     45[0m:[39m[48;2;24;38;30m [K
[0m[48;2;40;67;43m[39m+     46[0m:[39m[48;2;24;38;30m [38;2;192;197;206m    [38;2;180;142;173mlet[38;2;192;197;206m [38;2;180;142;173mc_result[38;2;192;197;206m [38;2;192;197;206m=[38;2;192;197;206m [38;2;180;142;173munsafe[38;2;192;197;206m [38;2;192;197;206m{[38;2;192;197;206m [38;2;192;197;206m*[38;2;180;142;173mc_fn[38;2;192;197;206m [38;2;192;197;206m}[38;2;192;197;206m([38;2;192;197;206minput.[38;2;150;181;180mas_ptr[38;2;192;197;206m([38;2;192;197;206m)[38;2;192;197;206m)[38;2;192;197;206m;[K
[0m[48;2;40;67;43m[39m+     47[0m:[39m[48;2;24;38;30m [38;2;192;197;206m    [38;2;180;142;173mlet[38;2;192;197;206m rust_result [38;2;192;197;206m=[38;2;192;197;206m [38;2;180;142;173munsafe[38;2;192;197;206m [38;2;192;197;206m{[38;2;192;197;206m [38;2;192;197;206mstrdup_lib[38;2;192;197;206m::[38;2;192;197;206mcustom_strdup[38;2;192;197;206m([38;2;192;197;206minput.[38;2;150;181;180mas_ptr[38;2;192;197;206m([38;2;192;197;206m)[38;2;192;197;206m)[38;2;192;197;206m [38;2;192;197;206m}[38;2;192;197;206m;[K
[0m[48;2;40;67;43m[39m+     48[0m:[39m[48;2;24;38;30m [K
[0m[48;2;40;67;43m[39m+     49[0m:[39m[48;2;24;38;30m [38;2;192;197;206m    [38;2;192;197;206massert![38;2;192;197;206m([38;2;192;197;206m![38;2;180;142;173mc_result[38;2;192;197;206m.[38;2;150;181;180mis_null[38;2;192;197;206m([38;2;192;197;206m)[38;2;192;197;206m)[38;2;192;197;206m;[K
[0m[48;2;40;67;43m[39m+     50[0m:[39m[48;2;24;38;30m [38;2;192;197;206m    [38;2;192;197;206massert![38;2;192;197;206m([38;2;192;197;206m![38;2;192;197;206mrust_result.[38;2;150;181;180mis_null[38;2;192;197;206m([38;2;192;197;206m)[38;2;192;197;206m)[38;2;192;197;206m;[K
[0m[48;2;40;67;43m[39m+     51[0m:[39m[48;2;24;38;30m [K
[0m[48;2;40;67;43m[39m+     52[0m:[39m[48;2;24;38;30m [38;2;192;197;206m    [38;2;180;142;173mlet[38;2;192;197;206m [38;2;180;142;173mc_str[38;2;192;197;206m [38;2;192;197;206m=[38;2;192;197;206m [38;2;180;142;173munsafe[38;2;192;197;206m [38;2;192;197;206m{[38;2;192;197;206m [38;2;192;197;206mCStr[38;2;192;197;206m::[38;2;192;197;206mfrom_ptr[38;2;192;197;206m([38;2;180;142;173mc_result[38;2;192;197;206m)[38;2;192;197;206m [38;2;192;197;206m}[38;2;192;197;206m;[K
[0m[48;2;40;67;43m[39m+     53[0m:[39m[48;2;24;38;30m [38;2;192;197;206m    [38;2;180;142;173mlet[38;2;192;197;206m rust_str [38;2;192;197;206m=[38;2;192;197;206m [38;2;180;142;173munsafe[38;2;192;197;206m [38;2;192;197;206m{[38;2;192;197;206m [38;2;192;197;206mCStr[38;2;192;197;206m::[38;2;192;197;206mfrom_ptr[38;2;192;197;206m([38;2;192;197;206mrust_result[38;2;192;197;206m)[38;2;192;197;206m [38;2;192;197;206m}[38;2;192;197;206m;[K
[0m[48;2;40;67;43m[39m+     54[0m:[39m[48;2;24;38;30m [38;2;192;197;206m    [38;2;192;197;206massert_eq![38;2;192;197;206m([38;2;180;142;173mc_str[38;2;192;197;206m,[38;2;192;197;206m rust_str[38;2;192;197;206m,[38;2;192;197;206m [38;2;192;197;206m"[38;2;163;190;140mMismatch for empty string[38;2;192;197;206m"[38;2;192;197;206m)[38;2;192;197;206m;[K
[0m[48;2;40;67;43m[39m+     55[0m:[39m[48;2;24;38;30m [K
[0m[48;2;40;67;43m[39m+     56[0m:[39m[48;2;24;38;30m [38;2;192;197;206m    [38;2;180;142;173munsafe[38;2;192;197;206m [38;2;192;197;206m{[K
[0m[48;2;40;67;43m[39m+     57[0m:[39m[48;2;24;38;30m [38;2;192;197;206m        [38;2;192;197;206mlibc[38;2;192;197;206m::[38;2;192;197;206mfree[38;2;192;197;206m([38;2;180;142;173mc_result[38;2;192;197;206m [38;2;192;197;206mas[38;2;192;197;206m [38;2;192;197;206m*[38;2;180;142;173mmut[38;2;192;197;206m [38;2;192;197;206m_[38;2;192;197;206m)[38;2;192;197;206m;[K
[0m[48;2;40;67;43m[39m+     58[0m:[39m[48;2;24;38;30m [38;2;192;197;206m        [38;2;192;197;206mlibc[38;2;192;197;206m::[38;2;192;197;206mfree[38;2;192;197;206m([38;2;192;197;206mrust_result [38;2;192;197;206mas[38;2;192;197;206m [38;2;192;197;206m*[38;2;180;142;173mmut[38;2;192;197;206m [38;2;192;197;206m_[38;2;192;197;206m)[38;2;192;197;206m;[K
[0m[48;2;40;67;43m[39m+     59[0m:[39m[48;2;24;38;30m [38;2;192;197;206m    [38;2;192;197;206m}[K
[0m[48;2;40;67;43m[39m+     60[0m:[39m[48;2;24;38;30m [38;2;192;197;206m}[K
[0m[48;2;40;67;43m[39m+     61[0m:[39m[48;2;24;38;30m [K
[0m[48;2;40;67;43m[39m+     62[0m:[39m[48;2;24;38;30m [38;2;192;197;206m#[38;2;192;197;206m[[38;2;191;97;106mtest[38;2;192;197;206m][K
[0m[48;2;40;67;43m[39m+     63[0m:[39m[48;2;24;38;30m [38;2;180;142;173mfn[38;2;192;197;206m [38;2;143;161;179mtest_null_input[38;2;192;197;206m([38;2;192;197;206m)[38;2;192;197;206m [38;2;192;197;206m{[K
[0m[48;2;40;67;43m[39m+     64[0m:[39m[48;2;24;38;30m [38;2;192;197;206m    [38;2;180;142;173mlet[38;2;192;197;206m lib [38;2;192;197;206m=[38;2;192;197;206m [38;2;150;181;180mc_lib[38;2;192;197;206m([38;2;192;197;206m)[38;2;192;197;206m;[K
[0m[48;2;40;67;43m[39m+     65[0m:[39m[48;2;24;38;30m [38;2;192;197;206m    [38;2;180;142;173mlet[38;2;192;197;206m [38;2;180;142;173mc_fn[38;2;192;197;206m:[38;2;192;197;206m [38;2;192;197;206mSymbol[38;2;192;197;206m<[38;2;192;197;206munsafe [38;2;180;142;173mextern[38;2;192;197;206m [38;2;192;197;206m"[38;2;163;190;140mC[38;2;192;197;206m"[38;2;192;197;206m [38;2;180;142;173mfn[38;2;192;197;206m([38;2;192;197;206m*const c_char[38;2;192;197;206m)[38;2;192;197;206m [38;2;192;197;206m->[38;2;192;197;206m [38;2;43;48;59m*[38;2;180;142;173mmut[38;2;192;197;206m [38;2;180;142;173mc_char[38;2;192;197;206m>[38;2;192;197;206m [38;2;192;197;206m=[K
[0m[48;2;40;67;43m[39m+     66[0m:[39m[48;2;24;38;30m [38;2;192;197;206m        [38;2;180;142;173munsafe[38;2;192;197;206m [38;2;192;197;206m{[38;2;192;197;206m lib.[38;2;150;181;180mget[38;2;192;197;206m([38;2;180;142;173mb[38;2;192;197;206m"[38;2;163;190;140mcustom_strdup[38;2;192;197;206m"[38;2;192;197;206m)[38;2;192;197;206m.[38;2;150;181;180munwrap[38;2;192;197;206m([38;2;192;197;206m)[38;2;192;197;206m [38;2;192;197;206m}[38;2;192;197;206m;[K
[0m[48;2;40;67;43m[39m+     67[0m:[39m[48;2;24;38;30m [K
[0m[48;2;40;67;43m[39m+     68[0m:[39m[48;2;24;38;30m [38;2;192;197;206m    [38;2;180;142;173mlet[38;2;192;197;206m [38;2;180;142;173mc_result[38;2;192;197;206m [38;2;192;197;206m=[38;2;192;197;206m [38;2;180;142;173munsafe[38;2;192;197;206m [38;2;192;197;206m{[38;2;192;197;206m [38;2;192;197;206m*[38;2;180;142;173mc_fn[38;2;192;197;206m [38;2;192;197;206m}[38;2;192;197;206m([38;2;192;197;206mptr[38;2;192;197;206m::[38;2;192;197;206mnull[38;2;192;197;206m([38;2;192;197;206m)[38;2;192;197;206m)[38;2;192;197;206m;[K
[0m[48;2;40;67;43m[39m+     69[0m:[39m[48;2;24;38;30m [38;2;192;197;206m    [38;2;180;142;173mlet[38;2;192;197;206m rust_result [38;2;192;197;206m=[38;2;192;197;206m [38;2;180;142;173munsafe[38;2;192;197;206m [38;2;192;197;206m{[38;2;192;197;206m [38;2;192;197;206mstrdup_lib[38;2;192;197;206m::[38;2;192;197;206mcustom_strdup[38;2;192;197;206m([38;2;192;197;206mptr[38;2;192;197;206m::[38;2;192;197;206mnull[38;2;192;197;206m([38;2;192;197;206m)[38;2;192;197;206m)[38;2;192;197;206m [38;2;192;197;206m}[38;2;192;197;206m;[K
[0m[48;2;40;67;43m[39m+     70[0m:[39m[48;2;24;38;30m [K
[0m[48;2;40;67;43m[39m+     71[0m:[39m[48;2;24;38;30m [38;2;192;197;206m    [38;2;192;197;206massert![38;2;192;197;206m([38;2;180;142;173mc_result[38;2;192;197;206m.[38;2;150;181;180mis_null[38;2;192;197;206m([38;2;192;197;206m)[38;2;192;197;206m,[38;2;192;197;206m [38;2;192;197;206m"[38;2;163;190;140mC should return NULL for NULL input[38;2;192;197;206m"[38;2;192;197;206m)[38;2;192;197;206m;[K
[0m[48;2;40;67;43m[39m+     72[0m:[39m[48;2;24;38;30m [38;2;192;197;206m    [38;2;192;197;206massert![38;2;192;197;206m([38;2;192;197;206mrust_result.[38;2;150;181;180mis_null[38;2;192;197;206m([38;2;192;197;206m)[38;2;192;197;206m,[38;2;192;197;206m [38;2;192;197;206m"[38;2;163;190;140mRust should return NULL for NULL input[38;2;192;197;206m"[38;2;192;197;206m)[38;2;192;197;206m;[K
[0m[48;2;40;67;43m[39m+     73[0m:[39m[48;2;24;38;30m [38;2;192;197;206m}[K
[0m[48;2;40;67;43m[39m+     74[0m:[39m[48;2;24;38;30m [K
[0m[48;2;40;67;43m[39m+     75[0m:[39m[48;2;24;38;30m [38;2;192;197;206m#[38;2;192;197;206m[[38;2;191;97;106mtest[38;2;192;197;206m][K
[0m[48;2;40;67;43m[39m+     76[0m:[39m[48;2;24;38;30m [38;2;180;142;173mfn[38;2;192;197;206m [38;2;143;161;179mtest_embedded_bytes[38;2;192;197;206m([38;2;192;197;206m)[38;2;192;197;206m [38;2;192;197;206m{[K
[0m[48;2;40;67;43m[39m+     77[0m:[39m[48;2;24;38;30m [38;2;192;197;206m    [38;2;180;142;173mlet[38;2;192;197;206m lib [38;2;192;197;206m=[38;2;192;197;206m [38;2;150;181;180mc_lib[38;2;192;197;206m([38;2;192;197;206m)[38;2;192;197;206m;[K
[0m[48;2;40;67;43m[39m+     78[0m:[39m[48;2;24;38;30m [38;2;192;197;206m    [38;2;180;142;173mlet[38;2;192;197;206m [38;2;180;142;173mc_fn[38;2;192;197;206m:[38;2;192;197;206m [38;2;192;197;206mSymbol[38;2;192;197;206m<[38;2;192;197;206munsafe [38;2;180;142;173mextern[38;2;192;197;206m [38;2;192;197;206m"[38;2;163;190;140mC[38;2;192;197;206m"[38;2;192;197;206m [38;2;180;142;173mfn[38;2;192;197;206m([38;2;192;197;206m*const c_char[38;2;192;197;206m)[38;2;192;197;206m [38;2;192;197;206m->[38;2;192;197;206m [38;2;43;48;59m*[38;2;180;142;173mmut[38;2;192;197;206m [38;2;180;142;173mc_char[38;2;192;197;206m>[38;2;192;197;206m [38;2;192;197;206m=[K
[0m[48;2;40;67;43m[39m+     79[0m:[39m[48;2;24;38;30m [38;2;192;197;206m        [38;2;180;142;173munsafe[38;2;192;197;206m [38;2;192;197;206m{[38;2;192;197;206m lib.[38;2;150;181;180mget[38;2;192;197;206m([38;2;180;142;173mb[38;2;192;197;206m"[38;2;163;190;140mcustom_strdup[38;2;192;197;206m"[38;2;192;197;206m)[38;2;192;197;206m.[38;2;150;181;180munwrap[38;2;192;197;206m([38;2;192;197;206m)[38;2;192;197;206m [38;2;192;197;206m}[38;2;192;197;206m;[K
[0m[48;2;40;67;43m[39m+     80[0m:[39m[48;2;24;38;30m [K
[0m[48;2;40;67;43m[39m+     81[0m:[39m[48;2;24;38;30m [38;2;192;197;206m    [38;2;101;115;126m//[38;2;101;115;126m String with special characters[K
[0m[48;2;40;67;43m[39m+     82[0m:[39m[48;2;24;38;30m [38;2;192;197;206m    [38;2;180;142;173mlet[38;2;192;197;206m input [38;2;192;197;206m=[38;2;192;197;206m [38;2;192;197;206mCString[38;2;192;197;206m::[38;2;192;197;206mnew[38;2;192;197;206m([38;2;192;197;206m"[38;2;163;190;140mabc[38;2;150;181;180m\x01[38;2;150;181;180m\x7f[38;2;150;181;180m\xff[38;2;192;197;206m"[38;2;192;197;206m)[38;2;192;197;206m.[38;2;150;181;180munwrap_or_else[38;2;192;197;206m([38;2;192;197;206m|[38;2;192;197;206m_[38;2;192;197;206m|[38;2;192;197;206m [38;2;192;197;206mCString[38;2;192;197;206m::[38;2;192;197;206mnew[38;2;192;197;206m([38;2;192;197;206m"[38;2;163;190;140mabc[38;2;192;197;206m"[38;2;192;197;206m)[38;2;192;197;206m.[38;2;150;181;180munwrap[38;2;192;197;206m([38;2;192;197;206m)[38;2;192;197;206m)[38;2;192;197;206m;[K
[0m[48;2;40;67;43m[39m+     83[0m:[39m[48;2;24;38;30m [K
[0m[48;2;40;67;43m[39m+     84[0m:[39m[48;2;24;38;30m [38;2;192;197;206m    [38;2;180;142;173mlet[38;2;192;197;206m [38;2;180;142;173mc_result[38;2;192;197;206m [38;2;192;197;206m=[38;2;192;197;206m [38;2;180;142;173munsafe[38;2;192;197;206m [38;2;192;197;206m{[38;2;192;197;206m [38;2;192;197;206m*[38;2;180;142;173mc_fn[38;2;192;197;206m [38;2;192;197;206m}[38;2;192;197;206m([38;2;192;197;206minput.[38;2;150;181;180mas_ptr[38;2;192;197;206m([38;2;192;197;206m)[38;2;192;197;206m)[38;2;192;197;206m;[K
[0m[48;2;40;67;43m[39m+     85[0m:[39m[48;2;24;38;30m [38;2;192;197;206m    [38;2;180;142;173mlet[38;2;192;197;206m rust_result [38;2;192;197;206m=[38;2;192;197;206m [38;2;180;142;173munsafe[38;2;192;197;206m [38;2;192;197;206m{[38;2;192;197;206m [38;2;192;197;206mstrdup_lib[38;2;192;197;206m::[38;2;192;197;206mcustom_strdup[38;2;192;197;206m([38;2;192;197;206minput.[38;2;150;181;180mas_ptr[38;2;192;197;206m([38;2;192;197;206m)[38;2;192;197;206m)[38;2;192;197;206m [38;2;192;197;206m}[38;2;192;197;206m;[K
[0m[48;2;40;67;43m[39m+     86[0m:[39m[48;2;24;38;30m [K
[0m[48;2;40;67;43m[39m+     87[0m:[39m[48;2;24;38;30m [38;2;192;197;206m    [38;2;192;197;206massert![38;2;192;197;206m([38;2;192;197;206m![38;2;180;142;173mc_result[38;2;192;197;206m.[38;2;150;181;180mis_null[38;2;192;197;206m([38;2;192;197;206m)[38;2;192;197;206m)[38;2;192;197;206m;[K
[0m[48;2;40;67;43m[39m+     88[0m:[39m[48;2;24;38;30m [38;2;192;197;206m    [38;2;192;197;206massert![38;2;192;197;206m([38;2;192;197;206m![38;2;192;197;206mrust_result.[38;2;150;181;180mis_null[38;2;192;197;206m([38;2;192;197;206m)[38;2;192;197;206m)[38;2;192;197;206m;[K
[0m[48;2;40;67;43m[39m+     89[0m:[39m[48;2;24;38;30m [K
[0m[48;2;40;67;43m[39m+     90[0m:[39m[48;2;24;38;30m [38;2;192;197;206m    [38;2;180;142;173mlet[38;2;192;197;206m [38;2;180;142;173mc_str[38;2;192;197;206m [38;2;192;197;206m=[38;2;192;197;206m [38;2;180;142;173munsafe[38;2;192;197;206m [38;2;192;197;206m{[38;2;192;197;206m [38;2;192;197;206mCStr[38;2;192;197;206m::[38;2;192;197;206mfrom_ptr[38;2;192;197;206m([38;2;180;142;173mc_result[38;2;192;197;206m)[38;2;192;197;206m [38;2;192;197;206m}[38;2;192;197;206m;[K
[0m[48;2;40;67;43m[39m+     91[0m:[39m[48;2;24;38;30m [38;2;192;197;206m    [38;2;180;142;173mlet[38;2;192;197;206m rust_str [38;2;192;197;206m=[38;2;192;197;206m [38;2;180;142;173munsafe[38;2;192;197;206m [38;2;192;197;206m{[38;2;192;197;206m [38;2;192;197;206mCStr[38;2;192;197;206m::[38;2;192;197;206mfrom_ptr[38;2;192;197;206m([38;2;192;197;206mrust_result[38;2;192;197;206m)[38;2;192;197;206m [38;2;192;197;206m}[38;2;192;197;206m;[K
[0m[48;2;40;67;43m[39m+     92[0m:[39m[48;2;24;38;30m [38;2;192;197;206m    [38;2;192;197;206massert_eq![38;2;192;197;206m([38;2;180;142;173mc_str[38;2;192;197;206m,[38;2;192;197;206m rust_str[38;2;192;197;206m,[38;2;192;197;206m [38;2;192;197;206m"[38;2;163;190;140mMismatch for special chars string[38;2;192;197;206m"[38;2;192;197;206m)[38;2;192;197;206m;[K
[0m[48;2;40;67;43m[39m+     93[0m:[39m[48;2;24;38;30m [K
[0m[48;2;40;67;43m[39m+     94[0m:[39m[48;2;24;38;30m [38;2;192;197;206m    [38;2;180;142;173munsafe[38;2;192;197;206m [38;2;192;197;206m{[K
[0m[48;2;40;67;43m[39m+     95[0m:[39m[48;2;24;38;30m [38;2;192;197;206m        [38;2;192;197;206mlibc[38;2;192;197;206m::[38;2;192;197;206mfree[38;2;192;197;206m([38;2;180;142;173mc_result[38;2;192;197;206m [38;2;192;197;206mas[38;2;192;197;206m [38;2;192;197;206m*[38;2;180;142;173mmut[38;2;192;197;206m [38;2;192;197;206m_[38;2;192;197;206m)[38;2;192;197;206m;[K
[0m[48;2;40;67;43m[39m+     96[0m:[39m[48;2;24;38;30m [38;2;192;197;206m        [38;2;192;197;206mlibc[38;2;192;197;206m::[38;2;192;197;206mfree[38;2;192;197;206m([38;2;192;197;206mrust_result [38;2;192;197;206mas[38;2;192;197;206m [38;2;192;197;206m*[38;2;180;142;173mmut[38;2;192;197;206m [38;2;192;197;206m_[38;2;192;197;206m)[38;2;192;197;206m;[K
[0m[48;2;40;67;43m[39m+     97[0m:[39m[48;2;24;38;30m [38;2;192;197;206m    [38;2;192;197;206m}[K
[0m[48;2;40;67;43m[39m+     98[0m:[39m[48;2;24;38;30m [38;2;192;197;206m}[K
[0m[48;2;40;67;43m[39m+     99[0m:[39m[48;2;24;38;30m [K
[0m[48;2;40;67;43m[39m+    100[0m:[39m[48;2;24;38;30m [38;2;192;197;206m#[38;2;192;197;206m[[38;2;191;97;106mtest[38;2;192;197;206m][K
[0m[48;2;40;67;43m[39m+    101[0m:[39m[48;2;24;38;30m [38;2;180;142;173mfn[38;2;192;197;206m [38;2;143;161;179mtest_long_string[38;2;192;197;206m([38;2;192;197;206m)[38;2;192;197;206m [38;2;192;197;206m{[K
[0m[48;2;40;67;43m[39m+    102[0m:[39m[48;2;24;38;30m [38;2;192;197;206m    [38;2;180;142;173mlet[38;2;192;197;206m lib [38;2;192;197;206m=[38;2;192;197;206m [38;2;150;181;180mc_lib[38;2;192;197;206m([38;2;192;197;206m)[38;2;192;197;206m;[K
[0m[48;2;40;67;43m[39m+    103[0m:[39m[48;2;24;38;30m [38;2;192;197;206m    [38;2;180;142;173mlet[38;2;192;197;206m [38;2;180;142;173mc_fn[38;2;192;197;206m:[38;2;192;197;206m [38;2;192;197;206mSymbol[38;2;192;197;206m<[38;2;192;197;206munsafe [38;2;180;142;173mextern[38;2;192;197;206m [38;2;192;197;206m"[38;2;163;190;140mC[38;2;192;197;206m"[38;2;192;197;206m [38;2;180;142;173mfn[38;2;192;197;206m([38;2;192;197;206m*const c_char[38;2;192;197;206m)[38;2;192;197;206m [38;2;192;197;206m->[38;2;192;197;206m [38;2;43;48;59m*[38;2;180;142;173mmut[38;2;192;197;206m [38;2;180;142;173mc_char[38;2;192;197;206m>[38;2;192;197;206m [38;2;192;197;206m=[K
[0m[48;2;40;67;43m[39m+    104[0m:[39m[48;2;24;38;30m [38;2;192;197;206m        [38;2;180;142;173munsafe[38;2;192;197;206m [38;2;192;197;206m{[38;2;192;197;206m lib.[38;2;150;181;180mget[38;2;192;197;206m([38;2;180;142;173mb[38;2;192;197;206m"[38;2;163;190;140mcustom_strdup[38;2;192;197;206m"[38;2;192;197;206m)[38;2;192;197;206m.[38;2;150;181;180munwrap[38;2;192;197;206m([38;2;192;197;206m)[38;2;192;197;206m [38;2;192;197;206m}[38;2;192;197;206m;[K
[0m[48;2;40;67;43m[39m+    105[0m:[39m[48;2;24;38;30m [K
[0m[48;2;40;67;43m[39m+    106[0m:[39m[48;2;24;38;30m [38;2;192;197;206m    [38;2;180;142;173mlet[38;2;192;197;206m long [38;2;192;197;206m=[38;2;192;197;206m [38;2;192;197;206m"[38;2;163;190;140mA[38;2;192;197;206m"[38;2;192;197;206m.[38;2;150;181;180mrepeat[38;2;192;197;206m([38;2;208;135;112m10000[38;2;192;197;206m)[38;2;192;197;206m;[K
[0m[48;2;40;67;43m[39m+    107[0m:[39m[48;2;24;38;30m [38;2;192;197;206m    [38;2;180;142;173mlet[38;2;192;197;206m input [38;2;192;197;206m=[38;2;192;197;206m [38;2;192;197;206mCString[38;2;192;197;206m::[38;2;192;197;206mnew[38;2;192;197;206m([38;2;192;197;206mlong[38;2;192;197;206m)[38;2;192;197;206m.[38;2;150;181;180munwrap[38;2;192;197;206m([38;2;192;197;206m)[38;2;192;197;206m;[K
[0m[48;2;40;67;43m[39m+    108[0m:[39m[48;2;24;38;30m [K
[0m[48;2;40;67;43m[39m+    109[0m:[39m[48;2;24;38;30m [38;2;192;197;206m    [38;2;180;142;173mlet[38;2;192;197;206m [38;2;180;142;173mc_result[38;2;192;197;206m [38;2;192;197;206m=[38;2;192;197;206m [38;2;180;142;173munsafe[38;2;192;197;206m [38;2;192;197;206m{[38;2;192;197;206m [38;2;192;197;206m*[38;2;180;142;173mc_fn[38;2;192;197;206m [38;2;192;197;206m}[38;2;192;197;206m([38;2;192;197;206minput.[38;2;150;181;180mas_ptr[38;2;192;197;206m([38;2;192;197;206m)[38;2;192;197;206m)[38;2;192;197;206m;[K
[0m[48;2;40;67;43m[39m+    110[0m:[39m[48;2;24;38;30m [38;2;192;197;206m    [38;2;180;142;173mlet[38;2;192;197;206m rust_result [38;2;192;197;206m=[38;2;192;197;206m [38;2;180;142;173munsafe[38;2;192;197;206m [38;2;192;197;206m{[38;2;192;197;206m [38;2;192;197;206mstrdup_lib[38;2;192;197;206m::[38;2;192;197;206mcustom_strdup[38;2;192;197;206m([38;2;192;197;206minput.[38;2;150;181;180mas_ptr[38;2;192;197;206m([38;2;192;197;206m)[38;2;192;197;206m)[38;2;192;197;206m [38;2;192;197;206m}[38;2;192;197;206m;[K
[0m[48;2;40;67;43m[39m+    111[0m:[39m[48;2;24;38;30m [K
[0m[48;2;40;67;43m[39m+    112[0m:[39m[48;2;24;38;30m [38;2;192;197;206m    [38;2;192;197;206massert![38;2;192;197;206m([38;2;192;197;206m![38;2;180;142;173mc_result[38;2;192;197;206m.[38;2;150;181;180mis_null[38;2;192;197;206m([38;2;192;197;206m)[38;2;192;197;206m)[38;2;192;197;206m;[K
[0m[48;2;40;67;43m[39m+    113[0m:[39m[48;2;24;38;30m [38;2;192;197;206m    [38;2;192;197;206massert![38;2;192;197;206m([38;2;192;197;206m![38;2;192;197;206mrust_result.[38;2;150;181;180mis_null[38;2;192;197;206m([38;2;192;197;206m)[38;2;192;197;206m)[38;2;192;197;206m;[K
[0m[48;2;40;67;43m[39m+    114[0m:[39m[48;2;24;38;30m [K
[0m[48;2;40;67;43m[39m+    115[0m:[39m[48;2;24;38;30m [38;2;192;197;206m    [38;2;101;115;126m//[38;2;101;115;126m Compare byte-for-byte including null terminator[K
[0m[48;2;40;67;43m[39m+    116[0m:[39m[48;2;24;38;30m [38;2;192;197;206m    [38;2;180;142;173mlet[38;2;192;197;206m [38;2;180;142;173mc_bytes[38;2;192;197;206m [38;2;192;197;206m=[38;2;192;197;206m [38;2;180;142;173munsafe[38;2;192;197;206m [38;2;192;197;206m{[38;2;192;197;206m [38;2;192;197;206mstd[38;2;192;197;206m::[38;2;192;197;206mslice[38;2;192;197;206m::[38;2;192;197;206mfrom_raw_parts[38;2;192;197;206m([38;2;180;142;173mc_result[38;2;192;197;206m [38;2;192;197;206mas[38;2;192;197;206m [38;2;192;197;206m*[38;2;180;142;173mconst[38;2;192;197;206m [38;2;180;142;173mu8[38;2;192;197;206m,[38;2;192;197;206m [38;2;208;135;112m10001[38;2;192;197;206m)[38;2;192;197;206m [38;2;192;197;206m}[38;2;192;197;206m;[K
[0m[48;2;40;67;43m[39m+    117[0m:[39m[48;2;24;38;30m [38;2;192;197;206m    [38;2;180;142;173mlet[38;2;192;197;206m rust_bytes [38;2;192;197;206m=[38;2;192;197;206m [38;2;180;142;173munsafe[38;2;192;197;206m [38;2;192;197;206m{[38;2;192;197;206m [38;2;192;197;206mstd[38;2;192;197;206m::[38;2;192;197;206mslice[38;2;192;197;206m::[38;2;192;197;206mfrom_raw_parts[38;2;192;197;206m([38;2;192;197;206mrust_result [38;2;192;197;206mas[38;2;192;197;206m [38;2;192;197;206m*[38;2;180;142;173mconst[38;2;192;197;206m [38;2;180;142;173mu8[38;2;192;197;206m,[38;2;192;197;206m [38;2;208;135;112m10001[38;2;192;197;206m)[38;2;192;197;206m [38;2;192;197;206m}[38;2;192;197;206m;[K
[0m[48;2;40;67;43m[39m+    118[0m:[39m[48;2;24;38;30m [38;2;192;197;206m    [38;2;192;197;206massert_eq![38;2;192;197;206m([38;2;180;142;173mc_bytes[38;2;192;197;206m,[38;2;192;197;206m rust_bytes[38;2;192;197;206m,[38;2;192;197;206m [38;2;192;197;206m"[38;2;163;190;140mByte mismatch for long string[38;2;192;197;206m"[38;2;192;197;206m)[38;2;192;197;206m;[K
[0m[48;2;40;67;43m[39m+    119[0m:[39m[48;2;24;38;30m [K
[0m[48;2;40;67;43m[39m+    120[0m:[39m[48;2;24;38;30m [38;2;192;197;206m    [38;2;180;142;173munsafe[38;2;192;197;206m [38;2;192;197;206m{[K
[0m[48;2;40;67;43m[39m+    121[0m:[39m[48;2;24;38;30m [38;2;192;197;206m        [38;2;192;197;206mlibc[38;2;192;197;206m::[38;2;192;197;206mfree[38;2;192;197;206m([38;2;180;142;173mc_result[38;2;192;197;206m [38;2;192;197;206mas[38;2;192;197;206m [38;2;192;197;206m*[38;2;180;142;173mmut[38;2;192;197;206m [38;2;192;197;206m_[38;2;192;197;206m)[38;2;192;197;206m;[K
[0m[48;2;40;67;43m[39m+    122[0m:[39m[48;2;24;38;30m [38;2;192;197;206m        [38;2;192;197;206mlibc[38;2;192;197;206m::[38;2;192;197;206mfree[38;2;192;197;206m([38;2;192;197;206mrust_result [38;2;192;197;206mas[38;2;192;197;206m [38;2;192;197;206m*[38;2;180;142;173mmut[38;2;192;197;206m [38;2;192;197;206m_[38;2;192;197;206m)[38;2;192;197;206m;[K
[0m[48;2;40;67;43m[39m+    123[0m:[39m[48;2;24;38;30m [38;2;192;197;206m    [38;2;192;197;206m}[K
[0m[48;2;40;67;43m[39m+    124[0m:[39m[48;2;24;38;30m [38;2;192;197;206m}[K
[0m[K
Creating: [38;5;141m/local/home/scheschb/reserach/TRACTOR/harvest-agentic/results/B02_organic/strdup_lib/translated_rust/tests/test_custom_strdup.rs[0m
[38;5;244m - Completed in 0.46s[0m
[38;5;12m[1m [1.14][0m[0m
[?25l[0m[?25l[0m[0m[38;5;11mTODO:
[39m[38;5;10m[x] [3m[38;5;244mWrite integration tests comparing C vs Rust outputs[23m
[0m[ ] Run tests and fix any mismatches in Rust code[38;5;244m - Completed in 0.43s[0m
[38;5;12m[1m [1.15][0m[0m
[?25l[0m[38;5;141m> [0mNow run the tests:[0m[0m
[?25l[0m[0mI will run the following command: [38;5;141mcd /local/home/scheschb/reserach/TRACTOR/harvest-agentic/results/B02_organic/strdup_lib/translated_rust && timeout 600 cargo test 2>&1 | tail -40[0m[38;5;244m (using tool: shell)[0m
Purpose: Run integration tests

23 | ...t = unsafe { strdup_lib::custom_strdup(in...
   |                 ^^^^^^^^^^ use of unresolved module or unlinked crate `strdup_lib`
   |
   = help: if you wanted to use a crate named `strdup_lib`, use `cargo add strdup_lib` to add it to your `Cargo.toml`

error[E0433]: failed to resolve: use of unresolved module or unlinked crate `strdup_lib`
  --> tests/test_custom_strdup.rs:47:32
   |
47 | ...t = unsafe { strdup_lib::custom_strdup(in...
   |                 ^^^^^^^^^^ use of unresolved module or unlinked crate `strdup_lib`
   |
   = help: if you wanted to use a crate named `strdup_lib`, use `cargo add strdup_lib` to add it to your `Cargo.toml`

error[E0433]: failed to resolve: use of unresolved module or unlinked crate `strdup_lib`
  --> tests/test_custom_strdup.rs:69:32
   |
69 | ...t = unsafe { strdup_lib::custom_strdup(pt...
   |                 ^^^^^^^^^^ use of unresolved module or unlinked crate `strdup_lib`
   |
   = help: if you wanted to use a crate named `strdup_lib`, use `cargo add strdup_lib` to add it to your `Cargo.toml`

error[E0433]: failed to resolve: use of unresolved module or unlinked crate `strdup_lib`
  --> tests/test_custom_strdup.rs:85:32
   |
85 | ...t = unsafe { strdup_lib::custom_strdup(in...
   |                 ^^^^^^^^^^ use of unresolved module or unlinked crate `strdup_lib`
   |
   = help: if you wanted to use a crate named `strdup_lib`, use `cargo add strdup_lib` to add it to your `Cargo.toml`

error[E0433]: failed to resolve: use of unresolved module or unlinked crate `strdup_lib`
   --> tests/test_custom_strdup.rs:110:32
    |
110 | ...= unsafe { strdup_lib::custom_strdup(inp...
    |               ^^^^^^^^^^ use of unresolved module or unlinked crate `strdup_lib`
    |
    = help: if you wanted to use a crate named `strdup_lib`, use `cargo add strdup_lib` to add it to your `Cargo.toml`

For more information about this error, try `rustc --explain E0433`.
error: could not compile `strdup_lib` (test "test_custom_strdup") due to 6 previous errors
warning: build failed, waiting for other jobs to finish...
[38;5;244m - Completed in 1.567s[0m
[38;5;12m[1m [1.16][0m[0m
[?25l[0m[38;5;141m> [0mThe crate name is [38;5;10mstrdup_lib[0m but the lib name is [38;5;10mdriver[0m. The crate name in Cargo.toml [38;5;10m[package][0m is [38;5;10mstrdup_lib[0m but [38;5;10m[lib] name = "driver"[0m. For integration tests, the crate is referenced by the [38;5;10m[lib] name[0m. Let me fix:[0m[0m
[?25l[0m[0mI will run the following command: [38;5;141mcd /local/home/scheschb/reserach/TRACTOR/harvest-agentic/results/B02_organic/strdup_lib/translated_rust && sed -i 's/strdup_lib::custom_strdup/driver::custom_strdup/g' tests/test_custom_strdup.rs[0m[38;5;244m (using tool: shell)[0m
Purpose: Fix crate name reference in tests from strdup_lib to driver

[38;5;244m - Completed in 0.68s[0m
[38;5;12m[1m [1.17][0m[0m
[?25l[0m[?25l[0m[0mI will run the following command: [38;5;141mcd /local/home/scheschb/reserach/TRACTOR/harvest-agentic/results/B02_organic/strdup_lib/translated_rust && timeout 600 cargo test 2>&1 | tail -30[0m[38;5;244m (using tool: shell)[0m
Purpose: Run tests again with fixed crate name

   |                 ^^^^^^ use of unresolved module or unlinked crate `driver`
   |
   = help: if you wanted to use a crate named `driver`, use `cargo add driver` to add it to your `Cargo.toml`

error[E0433]: failed to resolve: use of unresolved module or unlinked crate `driver`
  --> tests/test_custom_strdup.rs:69:32
   |
69 | ...t = unsafe { driver::custom_strdup(ptr::n...
   |                 ^^^^^^ use of unresolved module or unlinked crate `driver`
   |
   = help: if you wanted to use a crate named `driver`, use `cargo add driver` to add it to your `Cargo.toml`

error[E0433]: failed to resolve: use of unresolved module or unlinked crate `driver`
  --> tests/test_custom_strdup.rs:85:32
   |
85 | ...t = unsafe { driver::custom_strdup(input....
   |                 ^^^^^^ use of unresolved module or unlinked crate `driver`
   |
   = help: if you wanted to use a crate named `driver`, use `cargo add driver` to add it to your `Cargo.toml`

error[E0433]: failed to resolve: use of unresolved module or unlinked crate `driver`
   --> tests/test_custom_strdup.rs:110:32
    |
110 | ...t = unsafe { driver::custom_strdup(input...
    |                 ^^^^^^ use of unresolved module or unlinked crate `driver`
    |
    = help: if you wanted to use a crate named `driver`, use `cargo add driver` to add it to your `Cargo.toml`

For more information about this error, try `rustc --explain E0433`.
error: could not compile `strdup_lib` (test "test_custom_strdup") due to 6 previous errors
[38;5;244m - Completed in 0.217s[0m
[38;5;12m[1m [1.18][0m[0m
[?25l[0m[38;5;141m> [0mIntegration tests can't link to [38;5;10mcdylib[0m crates directly. I need to also load the Rust .so via libloading, or use the crate as an [38;5;10mrlib[0m. Let me check — the crate type is only [38;5;10mcdylib[0m, so integration tests can't link it. I'll add [38;5;10mrlib[0m to the crate types:[0m[0m
[?25l[0m[0mI'll modify the following file: [38;5;141mtranslated_rust/Cargo.toml[0m[38;5;244m (using tool: write)[0m
Purpose: Add rlib crate type so integration tests can link the Rust code

[49m[38;5;9m- 7   [0m:[38;5;9m[49m crate-type = ["cdylib"]
[0m[49m[38;5;10m+    7[0m:[38;5;10m[49m crate-type = ["cdylib", "rlib"]
[0m[K
Updating: [38;5;141mtranslated_rust/Cargo.toml[0m
[38;5;244m - Completed in 0.50s[0m
[38;5;12m[1m [1.19][0m[0m
[?25l[0m[?25l[0m[0mI will run the following command: [38;5;141mcd /local/home/scheschb/reserach/TRACTOR/harvest-agentic/results/B02_organic/strdup_lib/translated_rust && timeout 600 cargo test 2>&1 | tail -30[0m[38;5;244m (using tool: shell)[0m
Purpose: Run tests with rlib crate type added

   |
68 | ...lt = unsafe { *c_fn }(ptr::null());
   |         ^^^^^^^^^^^^^^^^^^^^^^^^^^^^^ call to unsafe function
   |
   = note: consult the function's documentation for information on how to avoid undefined behavior

warning: unnecessary `unsafe` block
  --> tests/test_custom_strdup.rs:68:20
   |
68 | ...t = unsafe { *c_fn }(ptr::null());
   |        ^^^^^^ unnecessary `unsafe` block

error[E0133]: call to unsafe function is unsafe and requires unsafe function or block
   --> tests/test_custom_strdup.rs:109:20
    |
109 | ... = unsafe { *c_fn }(input.as_ptr());
    |       ^^^^^^^^^^^^^^^^^^^^^^^^^^^^^^^^ call to unsafe function
    |
    = note: consult the function's documentation for information on how to avoid undefined behavior

warning: unnecessary `unsafe` block
   --> tests/test_custom_strdup.rs:109:20
    |
109 | ... = unsafe { *c_fn }(input.as_ptr());
    |       ^^^^^^ unnecessary `unsafe` block

For more information about this error, try `rustc --explain E0133`.
warning: `strdup_lib` (test "test_custom_strdup") generated 4 warnings
error: could not compile `strdup_lib` (test "test_custom_strdup") due to 5 previous errors; 4 warnings emitted
warning: build failed, waiting for other jobs to finish...
[38;5;244m - Completed in 0.609s[0m
[38;5;12m[1m [1.20][0m[0m
[?25l[0m[38;5;141m> [0mThe [38;5;10munsafe[0m block wraps only the dereference, not the call. Let me fix the pattern — the call needs to be inside [38;5;10munsafe[0m:[0m[0m
[?25l[0m[0mI will run the following command: [38;5;141mcd /local/home/scheschb/reserach/TRACTOR/harvest-agentic/results/B02_organic/strdup_lib/translated_rust && sed -i 's/unsafe { \*c_fn }(\(.*\));/unsafe { (*c_fn)(\1) };/g' tests/test_custom_strdup.rs[0m[38;5;244m (using tool: shell)[0m
Purpose: Fix unsafe block to wrap entire function call

[38;5;244m - Completed in 0.82s[0m
[38;5;12m[1m [1.21][0m[0m
[?25l[0m[?25l[0m[0mI will run the following command: [38;5;141mcd /local/home/scheschb/reserach/TRACTOR/harvest-agentic/results/B02_organic/strdup_lib/translated_rust && timeout 600 cargo test 2>&1 | tail -20[0m[38;5;244m (using tool: shell)[0m
Purpose: Run tests after fixing unsafe blocks

   Compiling strdup_lib v0.1.0 (/local/home/scheschb/reserach/TRACTOR/harvest-agentic/results/B02_organic/strdup_lib/translated_rust)
error: out of range hex escape
  --> tests/test_custom_strdup.rs:82:42
   |
82 | ...ew("abc\x01\x7f\xff").unwrap_or_else(|_| ...
   |                   ^^^^ must be a character in the range [\x00-\x7f]

error: could not compile `strdup_lib` (test "test_custom_strdup") due to 1 previous error
[38;5;244m - Completed in 0.172s[0m
[38;5;12m[1m [1.22][0m[0m
[?25l[0m[38;5;141m> [0m[38;5;10m\xff[0m is out of range for Rust string literals. Let me fix that test to use valid bytes:[0m[0m
[?25l[0m[0mReading file: [38;5;141m/local/home/scheschb/reserach/TRACTOR/harvest-agentic/results/B02_organic/strdup_lib/translated_rust/tests/test_custom_strdup.rs[0m, from line [38;5;141m75[0m to [38;5;141m95[0m[38;5;244m (using tool: read)[0m
[38;5;10m ✓ [0mSuccessfully read [38;5;244m761 bytes[0m from /local/home/scheschb/reserach/TRACTOR/harvest-agentic/results/B02_organic/strdup_lib/translated_rust/tests/test_custom_strdup.rs
[38;5;244m - Completed in 0.49s[0m
[38;5;12m[1m [1.23][0m[0m
[?25l[0m[?25l[0m[0mI'll modify the following file: [38;5;141mtranslated_rust/tests/test_custom_strdup.rs[0m[38;5;244m (using tool: write)[0m
Purpose: Fix special chars test to use byte vector instead of invalid hex escape

[48;2;79;40;40m[39m- 81    [0m:[39m[48;2;36;25;28m [38;2;192;197;206m    [38;2;101;115;126m//[38;2;101;115;126m String with special characters[K
[0m[48;2;79;40;40m[39m- 82    [0m:[39m[48;2;36;25;28m [38;2;192;197;206m    [38;2;180;142;173mlet[38;2;192;197;206m input [38;2;192;197;206m=[38;2;192;197;206m [38;2;192;197;206mCString[38;2;192;197;206m::[38;2;192;197;206mnew[38;2;192;197;206m([38;2;192;197;206m"[38;2;163;190;140mabc[38;2;150;181;180m\x01[38;2;150;181;180m\x7f[38;2;150;181;180m\xff[38;2;192;197;206m"[38;2;192;197;206m)[38;2;192;197;206m.[38;2;150;181;180munwrap_or_else[38;2;192;197;206m([38;2;192;197;206m|[38;2;192;197;206m_[38;2;192;197;206m|[38;2;192;197;206m [38;2;192;197;206mCString[38;2;192;197;206m::[38;2;192;197;206mnew[38;2;192;197;206m([38;2;192;197;206m"[38;2;163;190;140mabc[38;2;192;197;206m"[38;2;192;197;206m)[38;2;192;197;206m.[38;2;150;181;180munwrap[38;2;192;197;206m([38;2;192;197;206m)[38;2;192;197;206m)[38;2;192;197;206m;[K
[0m[48;2;40;67;43m[39m+     81[0m:[39m[48;2;24;38;30m [38;2;192;197;206m    [38;2;101;115;126m//[38;2;101;115;126m String with special characters (build from bytes to include high values)[K
[0m[48;2;40;67;43m[39m+     82[0m:[39m[48;2;24;38;30m [38;2;192;197;206m    [38;2;180;142;173mlet[38;2;192;197;206m bytes[38;2;192;197;206m:[38;2;192;197;206m [38;2;192;197;206mVec[38;2;192;197;206m<[38;2;180;142;173mu8[38;2;192;197;206m>[38;2;192;197;206m [38;2;192;197;206m=[38;2;192;197;206m [38;2;192;197;206mvec![38;2;192;197;206m[[38;2;180;142;173mb[38;2;192;197;206m'[38;2;163;190;140ma[38;2;192;197;206m'[38;2;192;197;206m,[38;2;192;197;206m [38;2;180;142;173mb[38;2;192;197;206m'[38;2;163;190;140mb[38;2;192;197;206m'[38;2;192;197;206m,[38;2;192;197;206m [38;2;180;142;173mb[38;2;192;197;206m'[38;2;163;190;140mc[38;2;192;197;206m'[38;2;192;197;206m,[38;2;192;197;206m [38;2;208;135;112m0x01[38;2;192;197;206m,[38;2;192;197;206m [38;2;208;135;112m0x7f[38;2;192;197;206m,[38;2;192;197;206m [38;2;208;135;112m0xfe[38;2;192;197;206m][38;2;192;197;206m;[K
[0m[48;2;40;67;43m[39m+     83[0m:[39m[48;2;24;38;30m [38;2;192;197;206m    [38;2;180;142;173mlet[38;2;192;197;206m input [38;2;192;197;206m=[38;2;192;197;206m [38;2;192;197;206mCString[38;2;192;197;206m::[38;2;192;197;206mnew[38;2;192;197;206m([38;2;192;197;206mbytes[38;2;192;197;206m)[38;2;192;197;206m.[38;2;150;181;180munwrap[38;2;192;197;206m([38;2;192;197;206m)[38;2;192;197;206m;[K
[0m[K
Updating: [38;5;141mtranslated_rust/tests/test_custom_strdup.rs[0m
[38;5;244m - Completed in 0.51s[0m
[38;5;12m[1m [1.24][0m[0m
[?25l[0m[?25l[0m[0mI will run the following command: [38;5;141mcd /local/home/scheschb/reserach/TRACTOR/harvest-agentic/results/B02_organic/strdup_lib/translated_rust && timeout 600 cargo test 2>&1 | tail -20[0m[38;5;244m (using tool: shell)[0m
Purpose: Run tests after fixing hex escape


test result: ok. 0 passed; 0 failed; 0 ignored; 0 measured; 0 filtered out; finished in 0.00s

     Running tests/test_custom_strdup.rs (target/debug/deps/test_custom_strdup-b6a76ab3aabdc69f)

running 5 tests
test test_embedded_bytes ... ok
test test_long_string ... ok
test test_empty_string ... ok
test test_normal_string ... ok
test test_null_input ... ok

test result: ok. 5 passed; 0 failed; 0 ignored; 0 measured; 0 filtered out; finished in 0.00s

   Doc-tests driver

running 0 tests

test result: ok. 0 passed; 0 failed; 0 ignored; 0 measured; 0 filtered out; finished in 0.00s

[38;5;244m - Completed in 0.609s[0m
[38;5;12m[1m [1.25][0m[0m
[?25l[0m[38;5;141m> [0mAll 5 tests pass — C and Rust produce identical results.[0m[0m
[?25l[0m[0m[38;5;11mTODO:
[39m[38;5;10m[x] [3m[38;5;244mRun tests and fix any mismatches in Rust code[23m
[0m[ ] Compare nm -D symbols between C .so and Rust .so, fix missing exports[38;5;244m - Completed in 0.49s[0m
[38;5;12m[1m [1.26][0m[0m
[?25l[0m[38;5;141m> [0mNow compare [38;5;10mnm -D[0m symbols between C and Rust .so files:[0m[0m
[?25l[0m[0mI will run the following command: [38;5;141mecho "=== C .so symbols ===" && nm -D /local/home/scheschb/reserach/TRACTOR/harvest-agentic/results/B02_organic/strdup_lib/translated_rust/c_src/build/libdriver.so | grep ' T ' && echo "" && echo "=== Rust .so symbols ===" && RUST_SO=$(find /local/home/scheschb/reserach/TRACTOR/harvest-agentic/results/B02_organic/strdup_lib/translated_rust/target -name "libdriver.so" -path "*/release/*" -o -name "libdriver.so" -path "*/debug/*" | head -1) && echo "Path: $RUST_SO" && nm -D "$RUST_SO" | grep ' T '[0m[38;5;244m (using tool: shell)[0m
Purpose: Compare nm -D symbols between C and Rust .so

=== C .so symbols ===
00000000000006ba T custom_strdup
0000000000000724 T _fini
0000000000000598 T _init

=== Rust .so symbols ===
Path: /local/home/scheschb/reserach/TRACTOR/harvest-agentic/results/B02_organic/strdup_lib/translated_rust/target/debug/deps/libdriver.so
0000000000008fe0 T custom_strdup
[38;5;244m - Completed in 0.60s[0m
[38;5;12m[1m [1.27][0m[0m
[?25l[0m[38;5;141m> [0mThe C .so exports [38;5;10mcustom_strdup[0m, [38;5;10m_fini[0m, and [38;5;10m_init[0m. The [38;5;10m_fini[0m and [38;5;10m_init[0m are standard ELF symbols added by the linker, not user-defined functions — they're present in every shared library. The Rust .so also exports [38;5;10mcustom_strdup[0m. Let me verify [38;5;10m_fini[0m and [38;5;10m_init[0m are in the Rust .so too (they might just not show with [38;5;10mT[0m):[0m[0m
[?25l[0m[0mI will run the following command: [38;5;141mRUST_SO=$(find /local/home/scheschb/reserach/TRACTOR/harvest-agentic/results/B02_organic/strdup_lib/translated_rust/target -name "libdriver.so" -path "*/debug/*" | head -1) && echo "All Rust dynamic symbols:" && nm -D "$RUST_SO" | grep -E '_fini|_init|custom_strdup'[0m[38;5;244m (using tool: shell)[0m
Purpose: Check if _fini and _init are in Rust .so

All Rust dynamic symbols:
0000000000008fe0 T custom_strdup
[38;5;244m - Completed in 0.59s[0m
[38;5;12m[1m [1.28][0m[0m
[?25l[0m[38;5;141m> [0mThe Rust .so doesn't export [38;5;10m_fini[0m and [38;5;10m_init[0m. These are standard ELF init/fini symbols. Let me check if the C .so has them because of explicit code or just the linker:[0m[0m
[?25l[0m[0mI will run the following command: [38;5;141m# Check if _init/_fini are in a minimal C shared lib - they're standard linker symbols
echo "int dummy;" | gcc -shared -fPIC -x c - -o /tmp/test_minimal.so && nm -D /tmp/test_minimal.so | grep -E '_fini|_init'[0m[38;5;244m (using tool: shell)[0m
Purpose: Check if _init/_fini are standard linker symbols

000000000000058c T _fini
0000000000000490 T _init
[38;5;244m - Completed in 0.81s[0m
[38;5;12m[1m [1.29][0m[0m
[?25l[0m[38;5;141m> [0mConfirmed — [38;5;10m_fini[0m and [38;5;10m_init[0m are standard linker-generated symbols present in every C shared library. They're not user-defined functions. The only user-defined export is [38;5;10mcustom_strdup[0m, which both .so files export. The symbol comparison is clean.[0m[0m
[?25l[0m[0m[38;5;11mTODO:
[39m[38;5;10m[x] [3m[38;5;244mCompare nm -D symbols between C .so and Rust .so, fix missing exports[23m
[0m[ ] Check for main binary and compare stdout if applicable[38;5;244m - Completed in 0.50s[0m
[38;5;12m[1m [1.30][0m[0m
[?25l[0m[38;5;141m> [0mNow check for a main binary:[0m[0m
[?25l[0m[0mI will run the following command: [38;5;141m# Check if there's a main.c or main function in C source, or a [[bin]] in Cargo.toml
grep -r "main" /local/home/scheschb/reserach/TRACTOR/harvest-agentic/results/B02_organic/strdup_lib/translated_rust/c_src/src/ 2>/dev/null
grep -r "\[\[bin\]\]" /local/home/scheschb/reserach/TRACTOR/harvest-agentic/results/B02_organic/strdup_lib/translated_rust/Cargo.toml 2>/dev/null
ls /local/home/scheschb/reserach/TRACTOR/harvest-agentic/results/B02_organic/strdup_lib/translated_rust/src/main.rs 2>/dev/null
echo "CMakeLists executables:" && grep -i "add_executable" /local/home/scheschb/reserach/TRACTOR/harvest-agentic/results/B02_organic/strdup_lib/translated_rust/c_src/CMakeLists.txt 2>/dev/null || echo "None"[0m[38;5;244m (using tool: shell)[0m
Purpose: Check for main binary in C or Rust

CMakeLists executables:
None
[38;5;244m - Completed in 0.58s[0m
[38;5;12m[1m [1.31][0m[0m
[?25l[0m[38;5;141m> [0mNo main binary — this is a library-only project. No [38;5;10mmain.c[0m, no [38;5;10mmain.rs[0m, no [38;5;10madd_executable[0m in CMakeLists, no [38;5;10m[[bin]][0m in Cargo.toml.[0m[0m
[?25l[0m[0m[38;5;11mTODO:
[39m[38;5;10m[x] [3m[38;5;244mExplore project structure - understand C source, Rust translation, and public API[23m
[38;5;10m[x] [3m[38;5;244mBuild C shared library[23m
[38;5;10m[x] [3m[38;5;244mAdd libloading dev-dependency to Cargo.toml[23m
[38;5;10m[x] [3m[38;5;244mIdentify public API functions and call hierarchy from C headers[23m
[38;5;10m[x] [3m[38;5;244mWrite integration tests comparing C vs Rust outputs[23m
[38;5;10m[x] [3m[38;5;244mRun tests and fix any mismatches in Rust code[23m
[38;5;10m[x] [3m[38;5;244mCompare nm -D symbols between C .so and Rust .so, fix missing exports[23m
[38;5;10m[x] [3m[38;5;244mCheck for main binary and compare stdout if applicable[23m[38;5;244m - Completed in 0.50s[0m
[38;5;12m[1m [1.32][0m[0m
[?25l[0m[38;5;141m> [0mAll tasks complete. Here's the summary:[0m[0m
[0m[0m
[38;5;252m[1m## Results[0m[0m
[0m[0m
[1mProject[22m: [38;5;10mstrdup_lib[0m — a single-function library implementing [38;5;10mcustom_strdup(const char *str) -> char*[0m[0m[0m
[0m[0m
[1mTests[22m: 5/5 passing ✅[0m[0m
- Normal string ([38;5;10m"hello world"[0m) — match[0m[0m
- Empty string ([38;5;10m""[0m) — match[0m[0m
- NULL input — both return NULL[0m[0m
- Special characters (bytes 0x01, 0x7f, 0xfe) — match[0m[0m
- Long string (10,000 chars) — byte-for-byte match[0m[0m
[0m[0m
[1mSymbol comparison[22m ([38;5;10mnm -D[0m): ✅[0m[0m
- C .so exports: [38;5;10mcustom_strdup[0m (+ standard [38;5;10m_fini[0m/[38;5;10m_init[0m linker symbols)[0m[0m
- Rust .so exports: [38;5;10mcustom_strdup[0m[0m[0m
- All user-defined symbols match[0m[0m
[0m[0m
[1mMain binary[22m: N/A — library-only project[0m[0m
[0m[0m
[1mRust fixes needed[22m: None — the translation was correct as-is.[0m[0m
[0m[0m
[1mFiles modified[22m:[0m[0m
- [38;5;10mCargo.toml[0m — added [38;5;10mlibloading = "0.8"[0m dev-dependency and [38;5;10mrlib[0m crate type[0m[0m
- [38;5;10mtests/test_custom_strdup.rs[0m — new integration test file[0m[0m[38;5;12m[1m✓ Created checkpoint 1

[0m[0m
[38;5;8m
 ▸ Credits: 12.72 • Time: 3m 17s

[0m[1G[0m[0m[?25h