[32mAll tools are now trusted ([0m[31m![0m[32m). Kiro will execute tools without asking for confirmation.[0m
Agents can sometimes do unexpected things so understand the risks.

Learn more at [38;5;141mhttps://kiro.dev/docs/cli/chat/security/#using-tools-trust-all-safely[0m


[38;5;12mCheckpoints are not available in this directory. Use '/checkpoint init' to enable checkpoints.

[39m
[38;5;252m[0m[?25l[38;5;141m> [0m[0m[0m
[0m[0m
I'll start by reading all the source files to understand the project structure and the C code I need to translate.[0m[0m
[?25l[0m[0mBatch fs_read operation with [38;5;141m2[0m operations[38;5;244m (using tool: read)[0m

↱ Operation 1: Reading directory: [38;5;141m/tmp/harvest-crust-3Yssfw/project[0m
↱ Operation 2: Reading file: [38;5;141m/tmp/harvest-crust-3Yssfw/project/Cargo.toml[0m, all lines
[38;5;10m ✓ [0mSuccessfully read directory [38;5;141m/tmp/harvest-crust-3Yssfw/project[0m [38;5;244m(22 entries)[0m

[38;5;10m ✓ [0mSuccessfully read [38;5;244m172 bytes[0m from /tmp/harvest-crust-3Yssfw/project/Cargo.toml

 ⋮ 

[38;5;244m- [0mSummary: 2 operations processed, 2 successful, 0 failed
[38;5;244m - Completed in 0.0s[0m

[?25l[0m[?25l[0m[0mBatch fs_read operation with [38;5;141m7[0m operations[38;5;244m (using tool: read)[0m

↱ Operation 1: Reading file: [38;5;141m/tmp/harvest-crust-3Yssfw/project/c_src/file2str.c[0m, all lines
↱ Operation 2: Reading file: [38;5;141m/tmp/harvest-crust-3Yssfw/project/c_src/file2str.h[0m, all lines
↱ Operation 3: Reading file: [38;5;141m/tmp/harvest-crust-3Yssfw/project/src/file2str.rs[0m, all lines
↱ Operation 4: Reading file: [38;5;141m/tmp/harvest-crust-3Yssfw/project/src/lib.rs[0m, all lines
↱ Operation 5: Reading file: [38;5;141m/tmp/harvest-crust-3Yssfw/project/src/bin/test_file2str.rs[0m, all lines
↱ Operation 6: Reading file: [38;5;141m/tmp/harvest-crust-3Yssfw/project/c_src/tests/test_file2str.c[0m, all lines
↱ Operation 7: Reading file: [38;5;141m/tmp/harvest-crust-3Yssfw/project/src/bin/test.txt[0m, all lines
[38;5;10m ✓ [0mSuccessfully read [38;5;244m1392 bytes[0m from /tmp/harvest-crust-3Yssfw/project/c_src/file2str.c

[38;5;10m ✓ [0mSuccessfully read [38;5;244m306 bytes[0m from /tmp/harvest-crust-3Yssfw/project/c_src/file2str.h

[38;5;10m ✓ [0mSuccessfully read [38;5;244m350 bytes[0m from /tmp/harvest-crust-3Yssfw/project/src/file2str.rs

[38;5;10m ✓ [0mSuccessfully read [38;5;244m17 bytes[0m from /tmp/harvest-crust-3Yssfw/project/src/lib.rs

[38;5;10m ✓ [0mSuccessfully read [38;5;244m360 bytes[0m from /tmp/harvest-crust-3Yssfw/project/src/bin/test_file2str.rs

[38;5;10m ✓ [0mSuccessfully read [38;5;244m395 bytes[0m from /tmp/harvest-crust-3Yssfw/project/c_src/tests/test_file2str.c

[38;5;10m ✓ [0mSuccessfully read [38;5;244m9 bytes[0m from /tmp/harvest-crust-3Yssfw/project/src/bin/test.txt

 ⋮ 

[38;5;244m- [0mSummary: 7 operations processed, 7 successful, 0 failed
[38;5;244m - Completed in 0.0s[0m

[?25l[0m[38;5;141m> [0mNow I understand the full picture. The C code reads a file into a string, with [38;5;10mfile2strl[0m also returning the length (file_len + 1, which includes the null terminator). In the Rust version, [38;5;10mlen[0m should be set to the file content length + 1 (to match the C behavior of including the null terminator in the count).[0m[0m
[0m[0m
Let me implement the Rust functions:[0m[0m
[?25l[0m[0mI'll modify the following file: [38;5;141msrc/file2str.rs[0m[38;5;244m (using tool: write)[0m

[48;2;43;48;59m[39m  1,  1[0m:[39m[48;2;43;48;59m [38;2;101;115;126m///[38;2;101;115;126m Returns the string contents of the file at `path` and sets the file length in `len`.[K
[0m[48;2;43;48;59m[39m  2,  2[0m:[39m[48;2;43;48;59m [38;2;101;115;126m///[38;2;101;115;126m Returns `None` on error.[K
[0m[48;2;43;48;59m[39m  3,  3[0m:[39m[48;2;43;48;59m [38;2;180;142;173mpub[38;2;192;197;206m [38;2;180;142;173mfn[38;2;192;197;206m [38;2;143;161;179mfile2strl[38;2;192;197;206m([38;2;191;97;106mpath[38;2;192;197;206m:[38;2;192;197;206m [38;2;192;197;206m&[38;2;180;142;173mstr[38;2;192;197;206m, [38;2;191;97;106mlen[38;2;192;197;206m:[38;2;192;197;206m [38;2;192;197;206m&[38;2;180;142;173mmut[38;2;192;197;206m [38;2;180;142;173mu32[38;2;192;197;206m)[38;2;192;197;206m [38;2;192;197;206m->[38;2;192;197;206m [38;2;192;197;206mOption[38;2;192;197;206m<[38;2;192;197;206mString[38;2;192;197;206m>[38;2;192;197;206m [38;2;192;197;206m{[K
[0m[48;2;79;40;40m[39m- 4    [0m:[39m[48;2;36;25;28m [38;2;192;197;206m    [38;2;192;197;206munimplemented![38;2;192;197;206m([38;2;192;197;206m)[K
[0m[48;2;40;67;43m[39m+     4[0m:[39m[48;2;24;38;30m [38;2;192;197;206m    [38;2;180;142;173mlet[38;2;192;197;206m contents [38;2;192;197;206m=[38;2;192;197;206m [38;2;192;197;206mstd[38;2;192;197;206m::[38;2;192;197;206mfs[38;2;192;197;206m::[38;2;192;197;206mread_to_string[38;2;192;197;206m([38;2;192;197;206mpath[38;2;192;197;206m)[38;2;192;197;206m.[38;2;150;181;180mok[38;2;192;197;206m([38;2;192;197;206m)[38;2;192;197;206m?[38;2;192;197;206m;[K
[0m[48;2;40;67;43m[39m+     5[0m:[39m[48;2;24;38;30m [38;2;192;197;206m    [38;2;192;197;206m*[38;2;192;197;206mlen [38;2;192;197;206m=[38;2;192;197;206m contents.[38;2;150;181;180mlen[38;2;192;197;206m([38;2;192;197;206m)[38;2;192;197;206m [38;2;192;197;206mas[38;2;192;197;206m [38;2;180;142;173mu32[38;2;192;197;206m [38;2;192;197;206m+[38;2;192;197;206m [38;2;208;135;112m1[38;2;192;197;206m;[K
[0m[48;2;40;67;43m[39m+     6[0m:[39m[48;2;24;38;30m [38;2;192;197;206m    [38;2;192;197;206mSome[38;2;192;197;206m([38;2;192;197;206mcontents[38;2;192;197;206m)[K
[0m[48;2;43;48;59m[39m  5,  7[0m:[39m[48;2;43;48;59m [38;2;192;197;206m}[K
[0m[48;2;43;48;59m[39m  6,  8[0m:[39m[48;2;43;48;59m [38;2;101;115;126m///[38;2;101;115;126m Returns the string contents of the file at `path`, or `None` on error.[K
[0m[48;2;43;48;59m[39m  7,  9[0m:[39m[48;2;43;48;59m [38;2;180;142;173mpub[38;2;192;197;206m [38;2;180;142;173mfn[38;2;192;197;206m [38;2;143;161;179mfile2str[38;2;192;197;206m([38;2;191;97;106mpath[38;2;192;197;206m:[38;2;192;197;206m [38;2;192;197;206m&[38;2;180;142;173mstr[38;2;192;197;206m)[38;2;192;197;206m [38;2;192;197;206m->[38;2;192;197;206m [38;2;192;197;206mOption[38;2;192;197;206m<[38;2;192;197;206mString[38;2;192;197;206m>[38;2;192;197;206m [38;2;192;197;206m{[K
[0m[48;2;79;40;40m[39m- 8    [0m:[39m[48;2;36;25;28m [38;2;192;197;206m    [38;2;192;197;206munimplemented![38;2;192;197;206m([38;2;192;197;206m)[K
[0m[48;2;40;67;43m[39m+    10[0m:[39m[48;2;24;38;30m [38;2;192;197;206m    [38;2;192;197;206mstd[38;2;192;197;206m::[38;2;192;197;206mfs[38;2;192;197;206m::[38;2;192;197;206mread_to_string[38;2;192;197;206m([38;2;192;197;206mpath[38;2;192;197;206m)[38;2;192;197;206m.[38;2;150;181;180mok[38;2;192;197;206m([38;2;192;197;206m)[K
[0m[48;2;43;48;59m[39m  9, 11[0m:[39m[48;2;43;48;59m [38;2;192;197;206m}[K
[0m[K
Updating: [38;5;141msrc/file2str.rs[0m
[38;5;244m - Completed in 0.0s[0m

[?25l[0m[?25l[0m[0mI will run the following command: [38;5;141mcd /tmp/harvest-crust-3Yssfw/project && cargo build 2>&1[0m[38;5;244m (using tool: shell)[0m

warning: file `/tmp/harvest-crust-3Yssfw/project/src/bin/test_file2str.rs` found to be present in multiple build targets:
  * `bin` target `test_file2str`
  * `integration-test` target `test_file2str`
   Compiling file2str v0.1.0 (/tmp/harvest-crust-3Yssfw/project)
warning: unused import: `file2str::file2str::*`
 --> src/bin/test_file2str.rs:1:5
  |
1 | use file2str::file2str::*;
  |     ^^^^^^^^^^^^^^^^^^^^^
  |
  = note: `#[warn(unused_imports)]` (part of `#[warn(unused)]`) on by default

warning: `file2str` (bin "test_file2str") generated 1 warning (run `cargo fix --bin "test_file2str" -p file2str` to apply 1 suggestion)
    Finished `dev` profile [unoptimized + debuginfo] target(s) in 0.25s
[38;5;244m - Completed in 0.307s[0m

[?25l[0m[?25l[0m[0mI will run the following command: [38;5;141mcd /tmp/harvest-crust-3Yssfw/project && timeout 60 cargo test 2>&1[0m[38;5;244m (using tool: shell)[0m

warning: file `/tmp/harvest-crust-3Yssfw/project/src/bin/test_file2str.rs` found to be present in multiple build targets:
  * `bin` target `test_file2str`
  * `integration-test` target `test_file2str`
   Compiling file2str v0.1.0 (/tmp/harvest-crust-3Yssfw/project)
warning: unused import: `file2str::file2str::*`
 --> src/bin/test_file2str.rs:1:5
  |
1 | use file2str::file2str::*;
  |     ^^^^^^^^^^^^^^^^^^^^^
  |
  = note: `#[warn(unused_imports)]` (part of `#[warn(unused)]`) on by default

warning: `file2str` (bin "test_file2str") generated 1 warning (run `cargo fix --bin "test_file2str" -p file2str` to apply 1 suggestion)
    Finished `test` profile [unoptimized + debuginfo] target(s) in 0.33s
     Running unittests src/lib.rs (target/debug/deps/file2str-f9842124d462a3b5)

running 0 tests

test result: ok. 0 passed; 0 failed; 0 ignored; 0 measured; 0 filtered out; finished in 0.00s

     Running unittests src/bin/test_file2str.rs (target/debug/deps/test_file2str-7ecda794c25ac5cf)

running 1 test
test test_file2str_file_read_properly ... ok

test result: ok. 1 passed; 0 failed; 0 ignored; 0 measured; 0 filtered out; finished in 0.00s

     Running src/bin/test_file2str.rs (target/debug/deps/test_file2str-2b87d2350f580ddf)

running 1 test
test test_file2str_file_read_properly ... ok

test result: ok. 1 passed; 0 failed; 0 ignored; 0 measured; 0 filtered out; finished in 0.00s

   Doc-tests file2str

running 0 tests

test result: ok. 0 passed; 0 failed; 0 ignored; 0 measured; 0 filtered out; finished in 0.00s

[38;5;244m - Completed in 0.409s[0m

[?25l[0m[38;5;141m> [0mAll tests pass. Here's what I implemented:[0m[0m
[0m[0m
- [38;5;10mfile2strl[0m — reads the file at [38;5;10mpath[0m into a [38;5;10mString[0m using [38;5;10mstd::fs::read_to_string[0m, sets [38;5;10m*len[0m to [38;5;10mcontents.len() + 1[0m (matching the C behavior where the length includes the null terminator), and returns [38;5;10mSome(contents)[0m. Returns [38;5;10mNone[0m on any I/O error.[0m[0m
- [38;5;10mfile2str[0m — simply delegates to [38;5;10mstd::fs::read_to_string[0m and converts the [38;5;10mResult[0m to an [38;5;10mOption[0m.[0m[0m
[38;5;8m
 ▸ Credits: 0.79 • Time: 27s

[0m[1G[0m[0m[?25h