[32mAll tools are now trusted ([0m[31m![0m[32m). Kiro will execute tools without asking for confirmation.[0m
Agents can sometimes do unexpected things so understand the risks.

Learn more at [38;5;141mhttps://kiro.dev/docs/cli/chat/security/#using-tools-trust-all-safely[0m

[38;5;12m[1m📷 Checkpoints are enabled! (took 0.03s)

[0m
[38;5;252m[0m[?25l[38;5;141m> [0m[0m[0m
[0m[0m
Let me start by examining the C source code to understand what needs to be translated.[0m[0m
[?25l[0m[0mReading directory: [38;5;141m/local/home/scheschb/reserach/TRACTOR/harvest-agentic/results/B01_synthetic/010_integer_overflow_lib/translated_rust/c_src[0m[38;5;244m (using tool: read, max depth: 2, max entries: 1000, excluding: defaults)[0m
[38;5;10m ✓ [0mSuccessfully read directory [38;5;141m/local/home/scheschb/reserach/TRACTOR/harvest-agentic/results/B01_synthetic/010_integer_overflow_lib/translated_rust/c_src[0m [38;5;244m(5 entries)[0m
[38;5;244m - Completed in 0.3s[0m

[?25l[0m[?25l[0m[0mBatch fs_read operation with [38;5;141m3[0m operations[38;5;244m (using tool: read)[0m

↱ Operation 1: Reading file: [38;5;141m/local/home/scheschb/reserach/TRACTOR/harvest-agentic/results/B01_synthetic/010_integer_overflow_lib/translated_rust/c_src/include/driver.h[0m, all lines
↱ Operation 2: Reading file: [38;5;141m/local/home/scheschb/reserach/TRACTOR/harvest-agentic/results/B01_synthetic/010_integer_overflow_lib/translated_rust/c_src/src/driver.c[0m, all lines
↱ Operation 3: Reading file: [38;5;141m/local/home/scheschb/reserach/TRACTOR/harvest-agentic/results/B01_synthetic/010_integer_overflow_lib/translated_rust/c_src/CMakeLists.txt[0m, all lines
[38;5;10m ✓ [0mSuccessfully read [38;5;244m1216 bytes[0m from /local/home/scheschb/reserach/TRACTOR/harvest-agentic/results/B01_synthetic/010_integer_overflow_lib/translated_rust/c_src/include/driver.h

[38;5;10m ✓ [0mSuccessfully read [38;5;244m1334 bytes[0m from /local/home/scheschb/reserach/TRACTOR/harvest-agentic/results/B01_synthetic/010_integer_overflow_lib/translated_rust/c_src/src/driver.c

[38;5;10m ✓ [0mSuccessfully read [38;5;244m1405 bytes[0m from /local/home/scheschb/reserach/TRACTOR/harvest-agentic/results/B01_synthetic/010_integer_overflow_lib/translated_rust/c_src/CMakeLists.txt

 ⋮ 

[38;5;244m- [0mSummary: 3 operations processed, 3 successful, 0 failed
[38;5;244m - Completed in 0.4s[0m

[?25l[0m[?25l[0m[0m[38;5;11mTODO:
[39m[0m[ ] Create Cargo.toml with cdylib crate type
[0m[ ] Create src/lib.rs with byte-identical translation of driver.c
[0m[ ] Build with cargo build --release and fix errors[38;5;244m - Completed in 0.4s[0m

[?25l[0m[38;5;141m> [0mNow I understand the code. Key observations:[0m[0m
[0m[0m
- [38;5;10mdriver(char data)[0m — takes a [38;5;10mchar[0m (signed on most platforms, i8), adds 1 (with wrapping/overflow behavior), prints as hex[0m[0m
- [38;5;10mprintHexCharLine(char charHex)[0m — prints with [38;5;10m%02x\n[0m. In C, [38;5;10m%02x[0m with a [38;5;10mchar[0m argument: the char gets promoted to [38;5;10mint[0m, and [38;5;10m%x[0m prints the unsigned hex of that int. For negative values this means sign-extension to 32-bit, e.g. [38;5;10m0xff[0m for [38;5;10m-1[0m.[0m[0m
- No namespace macros — the linker symbols are just [38;5;10mdriver[0m and [38;5;10mprintHexCharLine[0m[0m[0m
[?25l[0m[0mI'll create the following file: [38;5;141m/local/home/scheschb/reserach/TRACTOR/harvest-agentic/results/B01_synthetic/010_integer_overflow_lib/translated_rust/Cargo.toml[0m[38;5;244m (using tool: write)[0m

[49m[38;5;10m+    1[0m:[38;5;10m[49m [package]
[0m[49m[38;5;10m+    2[0m:[38;5;10m[49m name = "driver"
[0m[49m[38;5;10m+    3[0m:[38;5;10m[49m version = "0.1.0"
[0m[49m[38;5;10m+    4[0m:[38;5;10m[49m edition = "2021"
[0m[49m[38;5;10m+    5[0m:[38;5;10m[49m 
[0m[49m[38;5;10m+    6[0m:[38;5;10m[49m [lib]
[0m[49m[38;5;10m+    7[0m:[38;5;10m[49m crate-type = ["cdylib"]
[0m[K
Creating: [38;5;141m/local/home/scheschb/reserach/TRACTOR/harvest-agentic/results/B01_synthetic/010_integer_overflow_lib/translated_rust/Cargo.toml[0m
[38;5;244m - Completed in 0.36s[0m
[38;5;12m[1m [1.1][0m[0m
[?25l[0m[?25l[0m[0m[38;5;11mTODO:
[39m[38;5;10m[x] [3m[38;5;244mCreate Cargo.toml with cdylib crate type[23m
[0m[ ] Create src/lib.rs with byte-identical translation of driver.c[38;5;244m - Completed in 0.4s[0m

[?25l[0m[38;5;141m> [0mNow for the critical part — the [38;5;10msrc/lib.rs[0m. The C [38;5;10mprintf("%02x\n", charHex)[0m behavior with a [38;5;10mchar[0m argument:[0m[0m
- [38;5;10mchar[0m is promoted to [38;5;10mint[0m (sign-extended)[0m[0m
- [38;5;10m%x[0m prints the unsigned representation of that [38;5;10mint[0m[0m[0m
- So for [38;5;10mcharHex = -1[0m (0xff as signed char), it prints [38;5;10mffffffff[0m (sign-extended to 32-bit, then printed as unsigned hex)[0m[0m
- For [38;5;10mcharHex = 127[0m (0x7f), it prints [38;5;10m7f[0m[0m[0m
- [38;5;10m%02x[0m means minimum 2 hex digits, zero-padded[0m[0m
[0m[0m
The [38;5;10mdata + 1[0m in C uses signed [38;5;10mchar[0m arithmetic — on overflow (e.g., 127+1), it wraps to -128 in typical implementations (undefined behavior in C, but we reproduce it).[0m[0m
[?25l[0m[0mI'll create the following file: [38;5;141m/local/home/scheschb/reserach/TRACTOR/harvest-agentic/results/B01_synthetic/010_integer_overflow_lib/translated_rust/src/lib.rs[0m[38;5;244m (using tool: write)[0m

[48;2;40;67;43m[39m+     1[0m:[39m[48;2;24;38;30m [38;2;180;142;173muse[38;2;192;197;206m [38;2;192;197;206mstd[38;2;192;197;206m::[38;2;192;197;206mffi[38;2;192;197;206m::[38;2;180;142;173mc_char[38;2;192;197;206m;[K
[0m[48;2;40;67;43m[39m+     2[0m:[39m[48;2;24;38;30m [K
[0m[48;2;40;67;43m[39m+     3[0m:[39m[48;2;24;38;30m [38;2;101;115;126m///[38;2;101;115;126m Matches C: printf("%02x\n", charHex)[K
[0m[48;2;40;67;43m[39m+     4[0m:[39m[48;2;24;38;30m [38;2;101;115;126m///[38;2;101;115;126m char is promoted to int (sign-extended), then printed as unsigned hex.[K
[0m[48;2;40;67;43m[39m+     5[0m:[39m[48;2;24;38;30m [38;2;192;197;206m#[38;2;192;197;206m[[38;2;191;97;106munsafe[38;2;192;197;206m([38;2;192;197;206mno_mangle[38;2;192;197;206m)[38;2;192;197;206m][K
[0m[48;2;40;67;43m[39m+     6[0m:[39m[48;2;24;38;30m [38;2;180;142;173mpub[38;2;192;197;206m [38;2;180;142;173mextern[38;2;192;197;206m [38;2;192;197;206m"[38;2;163;190;140mC[38;2;192;197;206m"[38;2;192;197;206m [38;2;180;142;173mfn[38;2;192;197;206m [38;2;143;161;179mprintHexCharLine[38;2;192;197;206m([38;2;191;97;106mchar_hex[38;2;192;197;206m:[38;2;192;197;206m c_char[38;2;192;197;206m)[38;2;192;197;206m [38;2;192;197;206m{[K
[0m[48;2;40;67;43m[39m+     7[0m:[39m[48;2;24;38;30m [38;2;192;197;206m    [38;2;180;142;173mlet[38;2;192;197;206m promoted [38;2;192;197;206m=[38;2;192;197;206m char_hex [38;2;192;197;206mas[38;2;192;197;206m [38;2;180;142;173mi32[38;2;192;197;206m;[K
[0m[48;2;40;67;43m[39m+     8[0m:[39m[48;2;24;38;30m [38;2;192;197;206m    [38;2;180;142;173mlet[38;2;192;197;206m as_unsigned [38;2;192;197;206m=[38;2;192;197;206m promoted [38;2;192;197;206mas[38;2;192;197;206m [38;2;180;142;173mu32[38;2;192;197;206m;[K
[0m[48;2;40;67;43m[39m+     9[0m:[39m[48;2;24;38;30m [38;2;192;197;206m    [38;2;180;142;173mif[38;2;192;197;206m as_unsigned [38;2;192;197;206m<[38;2;192;197;206m=[38;2;192;197;206m [38;2;208;135;112m0xff[38;2;192;197;206m [38;2;192;197;206m{[K
[0m[48;2;40;67;43m[39m+    10[0m:[39m[48;2;24;38;30m [38;2;192;197;206m        [38;2;192;197;206mprintln![38;2;192;197;206m([38;2;192;197;206m"[38;2;208;135;112m{:02x}[38;2;192;197;206m"[38;2;192;197;206m,[38;2;192;197;206m as_unsigned[38;2;192;197;206m)[38;2;192;197;206m;[K
[0m[48;2;40;67;43m[39m+    11[0m:[39m[48;2;24;38;30m [38;2;192;197;206m    [38;2;192;197;206m}[38;2;192;197;206m [38;2;180;142;173melse[38;2;192;197;206m [38;2;192;197;206m{[K
[0m[48;2;40;67;43m[39m+    12[0m:[39m[48;2;24;38;30m [38;2;192;197;206m        [38;2;192;197;206mprintln![38;2;192;197;206m([38;2;192;197;206m"[38;2;208;135;112m{:x}[38;2;192;197;206m"[38;2;192;197;206m,[38;2;192;197;206m as_unsigned[38;2;192;197;206m)[38;2;192;197;206m;[K
[0m[48;2;40;67;43m[39m+    13[0m:[39m[48;2;24;38;30m [38;2;192;197;206m    [38;2;192;197;206m}[K
[0m[48;2;40;67;43m[39m+    14[0m:[39m[48;2;24;38;30m [38;2;192;197;206m}[K
[0m[48;2;40;67;43m[39m+    15[0m:[39m[48;2;24;38;30m [K
[0m[48;2;40;67;43m[39m+    16[0m:[39m[48;2;24;38;30m [38;2;101;115;126m///[38;2;101;115;126m Matches C: char result = data + 1; (wrapping signed addition)[K
[0m[48;2;40;67;43m[39m+    17[0m:[39m[48;2;24;38;30m [38;2;192;197;206m#[38;2;192;197;206m[[38;2;191;97;106munsafe[38;2;192;197;206m([38;2;192;197;206mno_mangle[38;2;192;197;206m)[38;2;192;197;206m][K
[0m[48;2;40;67;43m[39m+    18[0m:[39m[48;2;24;38;30m [38;2;180;142;173mpub[38;2;192;197;206m [38;2;180;142;173mextern[38;2;192;197;206m [38;2;192;197;206m"[38;2;163;190;140mC[38;2;192;197;206m"[38;2;192;197;206m [38;2;180;142;173mfn[38;2;192;197;206m [38;2;143;161;179mdriver[38;2;192;197;206m([38;2;191;97;106mdata[38;2;192;197;206m:[38;2;192;197;206m c_char[38;2;192;197;206m)[38;2;192;197;206m [38;2;192;197;206m{[K
[0m[48;2;40;67;43m[39m+    19[0m:[39m[48;2;24;38;30m [38;2;192;197;206m    [38;2;180;142;173mlet[38;2;192;197;206m result [38;2;192;197;206m=[38;2;192;197;206m [38;2;192;197;206m([38;2;192;197;206mdata [38;2;192;197;206mas[38;2;192;197;206m [38;2;180;142;173mi8[38;2;192;197;206m)[38;2;192;197;206m.[38;2;150;181;180mwrapping_add[38;2;192;197;206m([38;2;208;135;112m1[38;2;192;197;206m)[38;2;192;197;206m [38;2;192;197;206mas[38;2;192;197;206m [38;2;180;142;173mc_char[38;2;192;197;206m;[K
[0m[48;2;40;67;43m[39m+    20[0m:[39m[48;2;24;38;30m [38;2;192;197;206m    printHexCharLine[38;2;192;197;206m([38;2;192;197;206mresult[38;2;192;197;206m)[38;2;192;197;206m;[K
[0m[48;2;40;67;43m[39m+    21[0m:[39m[48;2;24;38;30m [38;2;192;197;206m}[K
[0m[K
Creating: [38;5;141m/local/home/scheschb/reserach/TRACTOR/harvest-agentic/results/B01_synthetic/010_integer_overflow_lib/translated_rust/src/lib.rs[0m
[38;5;244m - Completed in 0.37s[0m
[38;5;12m[1m [1.2][0m[0m
[?25l[0m[?25l[0m[0m[38;5;11mTODO:
[39m[38;5;10m[x] [3m[38;5;244mCreate src/lib.rs with byte-identical translation of driver.c[23m
[0m[ ] Build with cargo build --release and fix errors[38;5;244m - Completed in 0.4s[0m

[?25l[0m[?25l[0m[0mI will run the following command: [38;5;141mcd /local/home/scheschb/reserach/TRACTOR/harvest-agentic/results/B01_synthetic/010_integer_overflow_lib/translated_rust && cargo build --release 2>&1[0m[38;5;244m (using tool: shell)[0m
Purpose: Build the Rust cdylib

   Compiling driver v0.1.0 (/local/home/scheschb/reserach/TRACTOR/harvest-agentic/results/B01_synthetic/010_integer_overflow_lib/translated_rust)
    Finished `release` profile [optimized] target(s) in 0.15s
[38;5;244m - Completed in 0.260s[0m
[38;5;12m[1m [1.3][0m[0m
[?25l[0m[38;5;141m> [0mClean build. Let me verify the exported symbols match the C library:[0m[0m
[?25l[0m[0mI will run the following command: [38;5;141mnm -D /local/home/scheschb/reserach/TRACTOR/harvest-agentic/results/B01_synthetic/010_integer_overflow_lib/translated_rust/target/release/libdriver.so | grep -E 'printHexCharLine|driver'[0m[38;5;244m (using tool: shell)[0m
Purpose: Verify exported symbols match C library

00000000000098b0 T driver
0000000000009920 T printHexCharLine
[38;5;244m - Completed in 0.10s[0m

[?25l[0m[?25l[0m[0m[38;5;11mTODO:
[39m[38;5;10m[x] [3m[38;5;244mCreate Cargo.toml with cdylib crate type[23m
[38;5;10m[x] [3m[38;5;244mCreate src/lib.rs with byte-identical translation of driver.c[23m
[38;5;10m[x] [3m[38;5;244mBuild with cargo build --release and fix errors[23m[38;5;244m - Completed in 0.4s[0m

[?25l[0m[38;5;141m> [0mDone. The translation compiles cleanly and exports both symbols. Here's a summary of the key translation decisions:[0m[0m
[0m[0m
[1mC behavior preserved:[22m[0m[0m
[0m[0m
- [38;5;10mprintHexCharLine(char)[0m — C's [38;5;10mprintf("%02x\n", charHex)[0m promotes [38;5;10mchar[0m to [38;5;10mint[0m (sign-extension), then [38;5;10m%x[0m prints the unsigned hex of that [38;5;10mint[0m. So negative chars like [38;5;10m-1[0m print [38;5;10mffffffff[0m (8 digits), while positive chars like [38;5;10m0x0a[0m print [38;5;10m0a[0m (2 digits, zero-padded). The Rust code replicates this with [38;5;10mchar_hex as i32[0m then [38;5;10mas u32[0m, using [38;5;10m{:02x}[0m vs [38;5;10m{:x}[0m based on whether the value fits in one byte.[0m[0m
[0m[0m
- [38;5;10mdriver(char data)[0m — C's [38;5;10mdata + 1[0m on a signed [38;5;10mchar[0m is undefined behavior on overflow (127→-128), but in practice wraps. Rust uses [38;5;10mwrapping_add(1)[0m to match this behavior exactly.[0m[0m
[0m[0m
[1mExported symbols:[22m [38;5;10mdriver[0m and [38;5;10mprintHexCharLine[0m — both confirmed in the [38;5;10m.so[0m via [38;5;10mnm -D[0m.[0m[0m[38;5;12m[1m✓ Created checkpoint 1

[0m[0m
[38;5;8m
 ▸ Credits: 4.12 • Time: 1m 17s

[0m[1G[0m[0m[?25h