[32mAll tools are now trusted ([0m[31m![0m[32m). Kiro will execute tools without asking for confirmation.[0m
Agents can sometimes do unexpected things so understand the risks.

Learn more at [38;5;141mhttps://kiro.dev/docs/cli/chat/security/#using-tools-trust-all-safely[0m


[38;5;12m[1m📷 Checkpoints are enabled! (took 0.04s)

[0m
[38;5;252m[0m[?25l[38;5;141m> [0m[0m[0m
[0m[0m
I'll start by reading all the C source files and Rust source files to understand the project.[0m[0m
[?25l[0m[0mBatch fs_read operation with [38;5;141m3[0m operations[38;5;244m (using tool: read)[0m

↱ Operation 1: Reading directory: [38;5;141m/tmp/harvest-crust-cGSN8H/project[0m
↱ Operation 2: Reading directory: [38;5;141m/tmp/harvest-crust-cGSN8H/project/c_src[0m
↱ Operation 3: Reading directory: [38;5;141m/tmp/harvest-crust-cGSN8H/project/src[0m
[38;5;10m ✓ [0mSuccessfully read directory [38;5;141m/tmp/harvest-crust-cGSN8H/project[0m [38;5;244m(18 entries)[0m

[38;5;10m ✓ [0mSuccessfully read directory [38;5;141m/tmp/harvest-crust-cGSN8H/project/c_src[0m [38;5;244m(11 entries)[0m

[38;5;10m ✓ [0mSuccessfully read directory [38;5;141m/tmp/harvest-crust-cGSN8H/project/src[0m [38;5;244m(2 entries)[0m

 ⋮ 

[38;5;244m- [0mSummary: 3 operations processed, 3 successful, 0 failed
[38;5;244m - Completed in 0.48s[0m
[38;5;12m[1m [1.1][0m[0m
[?25l[0m[?25l[0m[0mBatch fs_read operation with [38;5;141m7[0m operations[38;5;244m (using tool: read)[0m

↱ Operation 1: Reading file: [38;5;141m/tmp/harvest-crust-cGSN8H/project/c_src/src/ft_printf.h[0m, all lines
↱ Operation 2: Reading file: [38;5;141m/tmp/harvest-crust-cGSN8H/project/c_src/src/ft_printf.c[0m, all lines
↱ Operation 3: Reading file: [38;5;141m/tmp/harvest-crust-cGSN8H/project/src/ft_printf.rs[0m, all lines
↱ Operation 4: Reading file: [38;5;141m/tmp/harvest-crust-cGSN8H/project/src/lib.rs[0m, all lines
↱ Operation 5: Reading file: [38;5;141m/tmp/harvest-crust-cGSN8H/project/Cargo.toml[0m, all lines
↱ Operation 6: Reading file: [38;5;141m/tmp/harvest-crust-cGSN8H/project/c_src/tests/writestring_test.c[0m, all lines
↱ Operation 7: Reading file: [38;5;141m/tmp/harvest-crust-cGSN8H/project/c_src/tests/writenumber_test.c[0m, all lines
[38;5;10m ✓ [0mSuccessfully read [38;5;244m1447 bytes[0m from /tmp/harvest-crust-cGSN8H/project/c_src/src/ft_printf.h

[38;5;10m ✓ [0mSuccessfully read [38;5;244m3412 bytes[0m from /tmp/harvest-crust-cGSN8H/project/c_src/src/ft_printf.c

[38;5;10m ✓ [0mSuccessfully read [38;5;244m1411 bytes[0m from /tmp/harvest-crust-cGSN8H/project/src/ft_printf.rs

[38;5;10m ✓ [0mSuccessfully read [38;5;244m18 bytes[0m from /tmp/harvest-crust-cGSN8H/project/src/lib.rs

[38;5;10m ✓ [0mSuccessfully read [38;5;244m228 bytes[0m from /tmp/harvest-crust-cGSN8H/project/Cargo.toml

[38;5;10m ✓ [0mSuccessfully read [38;5;244m1548 bytes[0m from /tmp/harvest-crust-cGSN8H/project/c_src/tests/writestring_test.c

[38;5;10m ✓ [0mSuccessfully read [38;5;244m3120 bytes[0m from /tmp/harvest-crust-cGSN8H/project/c_src/tests/writenumber_test.c

 ⋮ 

[38;5;244m- [0mSummary: 7 operations processed, 7 successful, 0 failed
[38;5;244m - Completed in 0.46s[0m
[38;5;12m[1m [1.2][0m[0m
[?25l[0m[38;5;141m> [0mNow I have a clear picture. Let me analyze the C code and implement the Rust equivalents. The key insight is that the Rust version writes to stdout (like the C version) and tracks length. The macro already handles argument iteration, but the [38;5;10mformat[0m function needs to consume args from a slice with an index.[0m[0m
[0m[0m
Looking at the macro more carefully, it passes all args as a slice but doesn't track an index — I need to handle that. The macro calls [38;5;10mformat(args, next_c, &mut len)[0m but doesn't pass an index. I'll need to use internal state to track which arg to consume next.[0m[0m
[0m[0m
Let me also note: [38;5;10mwritestring[0m takes [38;5;10m&str[0m (not [38;5;10mOption<&str>[0m), so the NULL case from C needs to be handled differently. The [38;5;10mwritepoint[0m takes a raw pointer.[0m[0m
[?25l[0m[0m[38;5;11mTODO:
[39m[0m[ ] Implement all function bodies in src/ft_printf.rs
[0m[ ] Build and fix any compilation errors[38;5;244m - Completed in 0.46s[0m
[38;5;12m[1m [1.3][0m[0m
[?25l[0m[38;5;141m> [0mNow let me look at the macro more carefully to understand how [38;5;10mformat[0m is called — it passes the full [38;5;10margs[0m slice each time but has no index tracking. I need to use a [38;5;10mstatic[0m or thread-local counter, or better yet, use [38;5;10mstd::cell::Cell[0m approach. Actually, looking at the macro again:[0m[0m
[0m[0m
[1mrust
[0m[38;5;10mlet args: &[Box<dyn Any>] = &[$(Box::new($arg) as Box<dyn Any>),*];
[0m[0m[0m
[0m[0m
It creates the args slice, then calls [38;5;10mformat(args, next_c, &mut len)[0m for each [38;5;10m%[0m specifier. But there's no argument index being tracked. I'll need to use a thread-local or atomic counter inside [38;5;10mformat[0m to track which argument to consume next. Let me use a [38;5;10mthread_local![0m with a [38;5;10mCell<usize>[0m.[0m[0m
[0m[0m
Wait — actually, looking more carefully at the macro, it doesn't reset any counter between calls. The simplest approach: use a [38;5;10mthread_local![0m counter that [38;5;10mformat[0m increments each time it consumes an arg. The macro would need to reset it... but I can't modify the macro.[0m[0m
[0m[0m
Let me re-read the macro:[0m[0m
[0m[0m
[1mrust
[0m[38;5;10mlet args: &[Box<dyn Any>] = &[$(Box::new($arg) as Box<dyn Any>),*];
[0m[0m[0m
[0m[0m
The macro creates the slice once, then iterates through the format string calling [38;5;10mformat(args, ...)[0m each time. Since I can't modify the macro, I'll use a thread-local index counter. The counter starts at whatever value it has, and [38;5;10mformat[0m increments it. Since each macro invocation creates a fresh scope, I need to reset the counter at the start... but I can't modify the macro.[0m[0m
[0m[0m
The cleanest solution: have [38;5;10mformat[0m use a thread-local counter, and have the macro's first call implicitly work. Actually, the issue is the macro doesn't reset the counter. But since each [38;5;10mft_printf![0m invocation is a fresh block expression, I could... hmm.[0m[0m
[0m[0m
Actually, I think the simplest approach is: [38;5;10mformat[0m uses a thread-local [38;5;10mCell<usize>[0m as an arg index. I'll add a helper that the macro doesn't call but... I can't modify the macro. [0m[0m
[0m[0m
Let me look at this differently. The macro iterates through the format string and calls [38;5;10mformat(args, next_c, &mut len)[0m. Each call to [38;5;10mformat[0m needs to know which arg index to use. Since I can't modify the macro, I'll use a thread-local counter that [38;5;10mformat[0m reads and increments. The counter needs to be reset before the loop starts. But the macro doesn't call any reset function...[0m[0m
[0m[0m
One approach: I can use [38;5;10mlen[0m as a signal. When [38;5;10mlen[0m is 0 at the start, reset the counter. But that's fragile.[0m[0m
[0m[0m
Better approach: use a thread-local that gets reset. Actually, let me just make [38;5;10mformat[0m track the index via a thread-local and accept that it needs to be reset. I'll add a helper function and... wait, I can't change the macro.[0m[0m
[0m[0m
Let me look at this pragmatically. The thread-local counter will work if it's reset to 0 at the beginning of each [38;5;10mft_printf![0m call. Since [38;5;10mlen[0m starts at 0 in the macro, I could check if [38;5;10mlen == 0[0m to reset. But what if the first format specifier is [38;5;10m%%[0m which doesn't consume an arg?[0m[0m
[0m[0m
Actually, the simplest correct approach: use a thread-local [38;5;10mCell<usize>[0m for the arg index. In [38;5;10mformat[0m, read and increment it. The counter will naturally start at 0 for the first invocation (thread-local default). For subsequent invocations, it'll be wherever it left off, but since each [38;5;10mft_printf![0m creates a new [38;5;10margs[0m slice, the counter needs resetting.[0m[0m
[0m[0m
I think the only reliable way without modifying the macro is to have [38;5;10mformat[0m reset the counter when it would go out of bounds, or... actually, let me just accept the thread-local approach and note that the counter resets at 0 by default. For multiple [38;5;10mft_printf![0m calls in sequence, the counter will keep incrementing past the args slice bounds. I need to handle that.[0m[0m
[0m[0m
Let me just implement it with the thread-local and handle the edge case by resetting when the index >= args.len() or by using modular arithmetic. Actually, the cleanest: reset to 0 whenever [38;5;10mformat[0m is called and the current index >= args.len().[0m[0m
[0m[0m
Hmm, that's still fragile. Let me take a different approach entirely — I'll just scan through the args sequentially. Since the macro calls [38;5;10mformat[0m once per [38;5;10m%[0m specifier, and args are in order, I'll use a thread-local counter that starts at 0 and increments. For [38;5;10m%%[0m, no arg is consumed. This will work correctly for a single [38;5;10mft_printf![0m call. For multiple calls, the counter will be wrong... unless I reset it.[0m[0m
[0m[0m
The best I can do without modifying the macro: use a thread-local counter, and in [38;5;10mformat[0m, if the index >= args.len(), reset to 0. This handles the common case of sequential [38;5;10mft_printf![0m calls.[0m[0m
[0m[0m
Let me just implement it:[0m[0m
[?25l[0m[0mI'll create the following file: [38;5;141msrc/ft_printf.rs[0m[38;5;244m (using tool: write)[0m

[48;2;43;48;59m[39m   1,   1[0m:[39m[48;2;43;48;59m [38;2;180;142;173muse[38;2;192;197;206m [38;2;192;197;206mstd[38;2;192;197;206m::[38;2;192;197;206many[38;2;192;197;206m::[38;2;192;197;206mAny[38;2;192;197;206m;[K
[0m[48;2;40;67;43m[39m+       2[0m:[39m[48;2;24;38;30m [38;2;180;142;173muse[38;2;192;197;206m [38;2;192;197;206mstd[38;2;192;197;206m::[38;2;192;197;206mcell[38;2;192;197;206m::[38;2;192;197;206mCell[38;2;192;197;206m;[K
[0m[48;2;40;67;43m[39m+       3[0m:[39m[48;2;24;38;30m [38;2;180;142;173muse[38;2;192;197;206m [38;2;192;197;206mstd[38;2;192;197;206m::[38;2;192;197;206mio[38;2;192;197;206m::[38;2;192;197;206mWrite[38;2;192;197;206m;[K
[0m[48;2;40;67;43m[39m+       4[0m:[39m[48;2;24;38;30m [K
[0m[48;2;43;48;59m[39m   2,   5[0m:[39m[48;2;43;48;59m [38;2;101;115;126m//[38;2;101;115;126m Constants[K
[0m[48;2;43;48;59m[39m   3,   6[0m:[39m[48;2;43;48;59m [38;2;180;142;173mpub[38;2;192;197;206m [38;2;180;142;173mconst[38;2;192;197;206m [38;2;208;135;112mHEXALOW[38;2;192;197;206m:[38;2;192;197;206m [38;2;192;197;206m&[38;2;180;142;173mstr[38;2;192;197;206m [38;2;192;197;206m=[38;2;192;197;206m [38;2;192;197;206m"[38;2;163;190;140m0123456789abcdef[38;2;192;197;206m"[38;2;192;197;206m;[K
[0m[48;2;43;48;59m[39m   4,   7[0m:[39m[48;2;43;48;59m [38;2;180;142;173mpub[38;2;192;197;206m [38;2;180;142;173mconst[38;2;192;197;206m [38;2;208;135;112mDECIMAL[38;2;192;197;206m:[38;2;192;197;206m [38;2;192;197;206m&[38;2;180;142;173mstr[38;2;192;197;206m [38;2;192;197;206m=[38;2;192;197;206m [38;2;192;197;206m"[38;2;163;190;140m0123456789[38;2;192;197;206m"[38;2;192;197;206m;[K
[0m[48;2;43;48;59m[39m   5,   8[0m:[39m[48;2;43;48;59m [38;2;180;142;173mpub[38;2;192;197;206m [38;2;180;142;173mconst[38;2;192;197;206m [38;2;208;135;112mHEXAUP[38;2;192;197;206m:[38;2;192;197;206m [38;2;192;197;206m&[38;2;180;142;173mstr[38;2;192;197;206m [38;2;192;197;206m=[38;2;192;197;206m [38;2;192;197;206m"[38;2;163;190;140m0123456789ABCDEF[38;2;192;197;206m"[38;2;192;197;206m;[K
[0m[48;2;43;48;59m[39m   6,   9[0m:[39m[48;2;43;48;59m [38;2;180;142;173mpub[38;2;192;197;206m [38;2;180;142;173mconst[38;2;192;197;206m [38;2;208;135;112mLOCATION[38;2;192;197;206m:[38;2;192;197;206m [38;2;180;142;173mi32[38;2;192;197;206m [38;2;192;197;206m=[38;2;192;197;206m [38;2;208;135;112m2[38;2;192;197;206m;[K
[0m[48;2;40;67;43m[39m+      10[0m:[39m[48;2;24;38;30m [K
[0m[48;2;40;67;43m[39m+      11[0m:[39m[48;2;24;38;30m [38;2;192;197;206mthread_local![38;2;192;197;206m [38;2;192;197;206m{[K
[0m[48;2;40;67;43m[39m+      12[0m:[39m[48;2;24;38;30m [38;2;192;197;206m    [38;2;180;142;173mstatic[38;2;192;197;206m [38;2;208;135;112mARG_INDEX[38;2;192;197;206m:[38;2;192;197;206m [38;2;192;197;206mCell[38;2;192;197;206m<[38;2;180;142;173musize[38;2;192;197;206m>[38;2;192;197;206m [38;2;192;197;206m=[38;2;192;197;206m [38;2;192;197;206mCell[38;2;192;197;206m::[38;2;192;197;206mnew[38;2;192;197;206m([38;2;208;135;112m0[38;2;192;197;206m)[38;2;192;197;206m;[K
[0m[48;2;40;67;43m[39m+      13[0m:[39m[48;2;24;38;30m [38;2;192;197;206m}[K
[0m[48;2;40;67;43m[39m+      14[0m:[39m[48;2;24;38;30m [K
[0m[48;2;40;67;43m[39m+      15[0m:[39m[48;2;24;38;30m [38;2;180;142;173mpub[38;2;192;197;206m [38;2;180;142;173mfn[38;2;192;197;206m [38;2;143;161;179mreset_arg_index[38;2;192;197;206m([38;2;192;197;206m)[38;2;192;197;206m [38;2;192;197;206m{[K
[0m[48;2;40;67;43m[39m+      16[0m:[39m[48;2;24;38;30m [38;2;192;197;206m    [38;2;208;135;112mARG_INDEX[38;2;192;197;206m.[38;2;150;181;180mwith[38;2;192;197;206m([38;2;192;197;206m|[38;2;191;97;106midx[38;2;192;197;206m|[38;2;192;197;206m [38;2;192;197;206midx.[38;2;150;181;180mset[38;2;192;197;206m([38;2;208;135;112m0[38;2;192;197;206m)[38;2;192;197;206m)[38;2;192;197;206m;[K
[0m[48;2;40;67;43m[39m+      17[0m:[39m[48;2;24;38;30m [38;2;192;197;206m}[K
[0m[48;2;40;67;43m[39m+      18[0m:[39m[48;2;24;38;30m [K
[0m[48;2;40;67;43m[39m+      19[0m:[39m[48;2;24;38;30m [38;2;180;142;173mfn[38;2;192;197;206m [38;2;143;161;179mnext_arg[38;2;192;197;206m<[38;2;180;142;173m'a[38;2;192;197;206m>[38;2;192;197;206m([38;2;191;97;106margs[38;2;192;197;206m:[38;2;192;197;206m [38;2;192;197;206m&[38;2;180;142;173m'a[38;2;192;197;206m [[38;2;192;197;206mBox[38;2;192;197;206m<[38;2;192;197;206mdyn Any[38;2;192;197;206m>[38;2;192;197;206m][38;2;192;197;206m)[38;2;192;197;206m [38;2;192;197;206m->[38;2;192;197;206m [38;2;192;197;206mOption[38;2;192;197;206m<[38;2;192;197;206m&[38;2;180;142;173m'a[38;2;192;197;206m [38;2;192;197;206mBox[38;2;192;197;206m<[38;2;192;197;206mdyn Any[38;2;192;197;206m>[38;2;192;197;206m>[38;2;192;197;206m [38;2;192;197;206m{[K
[0m[48;2;40;67;43m[39m+      20[0m:[39m[48;2;24;38;30m [38;2;192;197;206m    [38;2;208;135;112mARG_INDEX[38;2;192;197;206m.[38;2;150;181;180mwith[38;2;192;197;206m([38;2;192;197;206m|[38;2;191;97;106midx[38;2;192;197;206m|[38;2;192;197;206m [38;2;192;197;206m{[K
[0m[48;2;40;67;43m[39m+      21[0m:[39m[48;2;24;38;30m [38;2;192;197;206m        [38;2;180;142;173mlet[38;2;192;197;206m i [38;2;192;197;206m=[38;2;192;197;206m idx.[38;2;150;181;180mget[38;2;192;197;206m([38;2;192;197;206m)[38;2;192;197;206m;[K
[0m[48;2;40;67;43m[39m+      22[0m:[39m[48;2;24;38;30m [38;2;192;197;206m        [38;2;180;142;173mif[38;2;192;197;206m i [38;2;192;197;206m<[38;2;192;197;206m args.[38;2;150;181;180mlen[38;2;192;197;206m([38;2;192;197;206m)[38;2;192;197;206m [38;2;192;197;206m{[K
[0m[48;2;40;67;43m[39m+      23[0m:[39m[48;2;24;38;30m [38;2;192;197;206m            idx.[38;2;150;181;180mset[38;2;192;197;206m([38;2;192;197;206mi [38;2;192;197;206m+[38;2;192;197;206m [38;2;208;135;112m1[38;2;192;197;206m)[38;2;192;197;206m;[K
[0m[48;2;40;67;43m[39m+      24[0m:[39m[48;2;24;38;30m [38;2;192;197;206m            [38;2;192;197;206mSome[38;2;192;197;206m([38;2;192;197;206m&[38;2;192;197;206margs[38;2;192;197;206m[[38;2;192;197;206mi[38;2;192;197;206m][38;2;192;197;206m)[K
[0m[48;2;40;67;43m[39m+      25[0m:[39m[48;2;24;38;30m [38;2;192;197;206m        [38;2;192;197;206m}[38;2;192;197;206m [38;2;180;142;173melse[38;2;192;197;206m [38;2;192;197;206m{[K
[0m[48;2;40;67;43m[39m+      26[0m:[39m[48;2;24;38;30m [38;2;192;197;206m            [38;2;192;197;206mNone[K
[0m[48;2;40;67;43m[39m+      27[0m:[39m[48;2;24;38;30m [38;2;192;197;206m        [38;2;192;197;206m}[K
[0m[48;2;40;67;43m[39m+      28[0m:[39m[48;2;24;38;30m [38;2;192;197;206m    [38;2;192;197;206m}[38;2;192;197;206m)[K
[0m[48;2;40;67;43m[39m+      29[0m:[39m[48;2;24;38;30m [38;2;192;197;206m}[K
[0m[48;2;40;67;43m[39m+      30[0m:[39m[48;2;24;38;30m [K
[0m[48;2;43;48;59m[39m   7,  31[0m:[39m[48;2;43;48;59m [38;2;101;115;126m//[38;2;101;115;126m Function Declarations[K
[0m[48;2;43;48;59m[39m   8,  32[0m:[39m[48;2;43;48;59m [38;2;180;142;173mpub[38;2;192;197;206m [38;2;180;142;173mfn[38;2;192;197;206m [38;2;143;161;179mwriteuint[38;2;192;197;206m([38;2;191;97;106mn[38;2;192;197;206m:[38;2;192;197;206m [38;2;180;142;173mu64[38;2;192;197;206m, [38;2;191;97;106mlen[38;2;192;197;206m:[38;2;192;197;206m [38;2;192;197;206m&[38;2;180;142;173mmut[38;2;192;197;206m [38;2;180;142;173mi32[38;2;192;197;206m)[38;2;192;197;206m [38;2;192;197;206m->[38;2;192;197;206m [38;2;180;142;173mi32[38;2;192;197;206m [38;2;192;197;206m{[K
[0m[48;2;79;40;40m[39m-  9     [0m:[39m[48;2;36;25;28m [38;2;192;197;206m    [38;2;192;197;206munimplemented![38;2;192;197;206m([38;2;192;197;206m)[K
[0m[48;2;40;67;43m[39m+      33[0m:[39m[48;2;24;38;30m [38;2;192;197;206m    [38;2;180;142;173mif[38;2;192;197;206m n [38;2;192;197;206m=[38;2;192;197;206m=[38;2;192;197;206m [38;2;208;135;112m0[38;2;192;197;206m [38;2;192;197;206m{[K
[0m[48;2;40;67;43m[39m+      34[0m:[39m[48;2;24;38;30m [38;2;192;197;206m        [38;2;180;142;173mreturn[38;2;192;197;206m [38;2;150;181;180mwritechar[38;2;192;197;206m([38;2;192;197;206m'[38;2;163;190;140m0[38;2;192;197;206m'[38;2;192;197;206m,[38;2;192;197;206m len[38;2;192;197;206m)[38;2;192;197;206m;[K
[0m[48;2;40;67;43m[39m+      35[0m:[39m[48;2;24;38;30m [38;2;192;197;206m    [38;2;192;197;206m}[K
[0m[48;2;40;67;43m[39m+      36[0m:[39m[48;2;24;38;30m [38;2;192;197;206m    [38;2;180;142;173mlet[38;2;192;197;206m [38;2;180;142;173mmut[38;2;192;197;206m arr [38;2;192;197;206m=[38;2;192;197;206m [38;2;192;197;206m[[38;2;208;135;112m0[38;2;180;142;173mu8[38;2;192;197;206m;[38;2;192;197;206m [38;2;208;135;112m20[38;2;192;197;206m][38;2;192;197;206m;[K
[0m[48;2;40;67;43m[39m+      37[0m:[39m[48;2;24;38;30m [38;2;192;197;206m    [38;2;180;142;173mlet[38;2;192;197;206m [38;2;180;142;173mmut[38;2;192;197;206m i [38;2;192;197;206m=[38;2;192;197;206m [38;2;208;135;112m0[38;2;180;142;173musize[38;2;192;197;206m;[K
[0m[48;2;40;67;43m[39m+      38[0m:[39m[48;2;24;38;30m [38;2;192;197;206m    [38;2;180;142;173mlet[38;2;192;197;206m [38;2;180;142;173mmut[38;2;192;197;206m n [38;2;192;197;206m=[38;2;192;197;206m n[38;2;192;197;206m;[K
[0m[48;2;40;67;43m[39m+      39[0m:[39m[48;2;24;38;30m [38;2;192;197;206m    [38;2;180;142;173mwhile[38;2;192;197;206m n [38;2;192;197;206m>[38;2;192;197;206m [38;2;208;135;112m0[38;2;192;197;206m [38;2;192;197;206m{[K
[0m[48;2;40;67;43m[39m+      40[0m:[39m[48;2;24;38;30m [38;2;192;197;206m        arr[38;2;192;197;206m[[38;2;192;197;206mi[38;2;192;197;206m][38;2;192;197;206m [38;2;192;197;206m=[38;2;192;197;206m [38;2;208;135;112mDECIMAL[38;2;192;197;206m.[38;2;150;181;180mas_bytes[38;2;192;197;206m([38;2;192;197;206m)[38;2;192;197;206m[[38;2;192;197;206m([38;2;192;197;206mn [38;2;192;197;206m%[38;2;192;197;206m [38;2;208;135;112m10[38;2;192;197;206m)[38;2;192;197;206m [38;2;192;197;206mas[38;2;192;197;206m [38;2;180;142;173musize[38;2;192;197;206m][38;2;192;197;206m;[K
[0m[48;2;40;67;43m[39m+      41[0m:[39m[48;2;24;38;30m [38;2;192;197;206m        n [38;2;192;197;206m/[38;2;192;197;206m=[38;2;192;197;206m [38;2;208;135;112m10[38;2;192;197;206m;[K
[0m[48;2;40;67;43m[39m+      42[0m:[39m[48;2;24;38;30m [38;2;192;197;206m        i [38;2;192;197;206m+[38;2;192;197;206m=[38;2;192;197;206m [38;2;208;135;112m1[38;2;192;197;206m;[K
[0m[48;2;40;67;43m[39m+      43[0m:[39m[48;2;24;38;30m [38;2;192;197;206m    [38;2;192;197;206m}[K
[0m[48;2;40;67;43m[39m+      44[0m:[39m[48;2;24;38;30m [38;2;192;197;206m    [38;2;180;142;173mwhile[38;2;192;197;206m i [38;2;192;197;206m>[38;2;192;197;206m [38;2;208;135;112m0[38;2;192;197;206m [38;2;192;197;206m{[K
[0m[48;2;40;67;43m[39m+      45[0m:[39m[48;2;24;38;30m [38;2;192;197;206m        i [38;2;192;197;206m-[38;2;192;197;206m=[38;2;192;197;206m [38;2;208;135;112m1[38;2;192;197;206m;[K
[0m[48;2;40;67;43m[39m+      46[0m:[39m[48;2;24;38;30m [38;2;192;197;206m        [38;2;180;142;173mif[38;2;192;197;206m [38;2;150;181;180mwritechar[38;2;192;197;206m([38;2;192;197;206marr[38;2;192;197;206m[[38;2;192;197;206mi[38;2;192;197;206m][38;2;192;197;206m [38;2;192;197;206mas[38;2;192;197;206m [38;2;180;142;173mchar[38;2;192;197;206m,[38;2;192;197;206m len[38;2;192;197;206m)[38;2;192;197;206m [38;2;192;197;206m=[38;2;192;197;206m=[38;2;192;197;206m [38;2;192;197;206m-[38;2;208;135;112m1[38;2;192;197;206m [38;2;192;197;206m{[K
[0m[48;2;40;67;43m[39m+      47[0m:[39m[48;2;24;38;30m [38;2;192;197;206m            [38;2;180;142;173mreturn[38;2;192;197;206m [38;2;192;197;206m-[38;2;208;135;112m1[38;2;192;197;206m;[K
[0m[48;2;40;67;43m[39m+      48[0m:[39m[48;2;24;38;30m [38;2;192;197;206m        [38;2;192;197;206m}[K
[0m[48;2;40;67;43m[39m+      49[0m:[39m[48;2;24;38;30m [38;2;192;197;206m    [38;2;192;197;206m}[K
[0m[48;2;40;67;43m[39m+      50[0m:[39m[48;2;24;38;30m [38;2;192;197;206m    [38;2;208;135;112m1[K
[0m[48;2;43;48;59m[39m  10,  51[0m:[39m[48;2;43;48;59m [38;2;192;197;206m}[K
[0m[48;2;79;40;40m[39m- 11     [0m:[39m[48;2;36;25;28m [38;2;180;142;173mpub[38;2;192;197;206m [38;2;180;142;173mfn[38;2;192;197;206m [38;2;143;161;179mformat[38;2;192;197;206m([38;2;191;97;106margs[38;2;192;197;206m:[38;2;192;197;206m&[38;2;192;197;206m[[38;2;192;197;206mBox[38;2;192;197;206m<[38;2;192;197;206mdyn Any[38;2;192;197;206m>[38;2;192;197;206m], [38;2;191;97;106mc[38;2;192;197;206m:[38;2;192;197;206m [38;2;180;142;173mchar[38;2;192;197;206m, [38;2;191;97;106mlen[38;2;192;197;206m:[38;2;192;197;206m [38;2;192;197;206m&[38;2;180;142;173mmut[38;2;192;197;206m [38;2;180;142;173mi32[38;2;192;197;206m)[38;2;192;197;206m [38;2;192;197;206m->[38;2;192;197;206m [38;2;180;142;173mi32[38;2;192;197;206m [38;2;192;197;206m{[K
[0m[48;2;79;40;40m[39m- 12     [0m:[39m[48;2;36;25;28m [38;2;192;197;206m    [38;2;192;197;206munimplemented![38;2;192;197;206m([38;2;192;197;206m)[K
[0m[48;2;40;67;43m[39m+      52[0m:[39m[48;2;24;38;30m [K
[0m[48;2;40;67;43m[39m+      53[0m:[39m[48;2;24;38;30m [38;2;180;142;173mpub[38;2;192;197;206m [38;2;180;142;173mfn[38;2;192;197;206m [38;2;143;161;179mformat[38;2;192;197;206m([38;2;191;97;106margs[38;2;192;197;206m:[38;2;192;197;206m [38;2;192;197;206m&[38;2;192;197;206m[[38;2;192;197;206mBox[38;2;192;197;206m<[38;2;192;197;206mdyn Any[38;2;192;197;206m>[38;2;192;197;206m], [38;2;191;97;106mc[38;2;192;197;206m:[38;2;192;197;206m [38;2;180;142;173mchar[38;2;192;197;206m, [38;2;191;97;106mlen[38;2;192;197;206m:[38;2;192;197;206m [38;2;192;197;206m&[38;2;180;142;173mmut[38;2;192;197;206m [38;2;180;142;173mi32[38;2;192;197;206m)[38;2;192;197;206m [38;2;192;197;206m->[38;2;192;197;206m [38;2;180;142;173mi32[38;2;192;197;206m [38;2;192;197;206m{[K
[0m[48;2;40;67;43m[39m+      54[0m:[39m[48;2;24;38;30m [38;2;192;197;206m    [38;2;180;142;173mmatch[38;2;192;197;206m c [38;2;192;197;206m{[K
[0m[48;2;40;67;43m[39m+      55[0m:[39m[48;2;24;38;30m [38;2;192;197;206m        [38;2;192;197;206m'[38;2;163;190;140mc[38;2;192;197;206m'[38;2;192;197;206m [38;2;192;197;206m=>[38;2;192;197;206m [38;2;192;197;206m{[K
[0m[48;2;40;67;43m[39m+      56[0m:[39m[48;2;24;38;30m [38;2;192;197;206m            [38;2;180;142;173mif[38;2;192;197;206m [38;2;180;142;173mlet[38;2;192;197;206m [38;2;192;197;206mSome[38;2;192;197;206m([38;2;192;197;206marg[38;2;192;197;206m)[38;2;192;197;206m [38;2;192;197;206m=[38;2;192;197;206m [38;2;150;181;180mnext_arg[38;2;192;197;206m([38;2;192;197;206margs[38;2;192;197;206m)[38;2;192;197;206m [38;2;192;197;206m{[K
[0m[48;2;40;67;43m[39m+      57[0m:[39m[48;2;24;38;30m [38;2;192;197;206m                [38;2;180;142;173mif[38;2;192;197;206m [38;2;180;142;173mlet[38;2;192;197;206m [38;2;192;197;206mSome[38;2;192;197;206m([38;2;192;197;206m&[38;2;192;197;206mv[38;2;192;197;206m)[38;2;192;197;206m [38;2;192;197;206m=[38;2;192;197;206m arg.[38;2;192;197;206mdowncast_ref[38;2;192;197;206m::[38;2;192;197;206m<[38;2;180;142;173mi32[38;2;192;197;206m>[38;2;192;197;206m([38;2;192;197;206m)[38;2;192;197;206m [38;2;192;197;206m{[K
[0m[48;2;40;67;43m[39m+      58[0m:[39m[48;2;24;38;30m [38;2;192;197;206m                    [38;2;150;181;180mwritechar[38;2;192;197;206m([38;2;192;197;206mv [38;2;192;197;206mas[38;2;192;197;206m [38;2;180;142;173mu8[38;2;192;197;206m [38;2;192;197;206mas[38;2;192;197;206m [38;2;180;142;173mchar[38;2;192;197;206m,[38;2;192;197;206m len[38;2;192;197;206m)[K
[0m[48;2;40;67;43m[39m+      59[0m:[39m[48;2;24;38;30m [38;2;192;197;206m                [38;2;192;197;206m}[38;2;192;197;206m [38;2;180;142;173melse[38;2;192;197;206m [38;2;180;142;173mif[38;2;192;197;206m [38;2;180;142;173mlet[38;2;192;197;206m [38;2;192;197;206mSome[38;2;192;197;206m([38;2;192;197;206m&[38;2;192;197;206mv[38;2;192;197;206m)[38;2;192;197;206m [38;2;192;197;206m=[38;2;192;197;206m arg.[38;2;192;197;206mdowncast_ref[38;2;192;197;206m::[38;2;192;197;206m<[38;2;180;142;173mchar[38;2;192;197;206m>[38;2;192;197;206m([38;2;192;197;206m)[38;2;192;197;206m [38;2;192;197;206m{[K
[0m[48;2;40;67;43m[39m+      60[0m:[39m[48;2;24;38;30m [38;2;192;197;206m                    [38;2;150;181;180mwritechar[38;2;192;197;206m([38;2;192;197;206mv[38;2;192;197;206m,[38;2;192;197;206m len[38;2;192;197;206m)[K
[0m[48;2;40;67;43m[39m+      61[0m:[39m[48;2;24;38;30m [38;2;192;197;206m                [38;2;192;197;206m}[38;2;192;197;206m [38;2;180;142;173melse[38;2;192;197;206m [38;2;180;142;173mif[38;2;192;197;206m [38;2;180;142;173mlet[38;2;192;197;206m [38;2;192;197;206mSome[38;2;192;197;206m([38;2;192;197;206m&[38;2;192;197;206mv[38;2;192;197;206m)[38;2;192;197;206m [38;2;192;197;206m=[38;2;192;197;206m arg.[38;2;192;197;206mdowncast_ref[38;2;192;197;206m::[38;2;192;197;206m<[38;2;180;142;173mu8[38;2;192;197;206m>[38;2;192;197;206m([38;2;192;197;206m)[38;2;192;197;206m [38;2;192;197;206m{[K
[0m[48;2;40;67;43m[39m+      62[0m:[39m[48;2;24;38;30m [38;2;192;197;206m                    [38;2;150;181;180mwritechar[38;2;192;197;206m([38;2;192;197;206mv [38;2;192;197;206mas[38;2;192;197;206m [38;2;180;142;173mchar[38;2;192;197;206m,[38;2;192;197;206m len[38;2;192;197;206m)[K
[0m[48;2;40;67;43m[39m+      63[0m:[39m[48;2;24;38;30m [38;2;192;197;206m                [38;2;192;197;206m}[38;2;192;197;206m [38;2;180;142;173melse[38;2;192;197;206m [38;2;192;197;206m{[K
[0m[48;2;40;67;43m[39m+      64[0m:[39m[48;2;24;38;30m [38;2;192;197;206m                    [38;2;192;197;206m-[38;2;208;135;112m1[K
[0m[48;2;40;67;43m[39m+      65[0m:[39m[48;2;24;38;30m [38;2;192;197;206m                [38;2;192;197;206m}[K
[0m[48;2;40;67;43m[39m+      66[0m:[39m[48;2;24;38;30m [38;2;192;197;206m            [38;2;192;197;206m}[38;2;192;197;206m [38;2;180;142;173melse[38;2;192;197;206m [38;2;192;197;206m{[K
[0m[48;2;40;67;43m[39m+      67[0m:[39m[48;2;24;38;30m [38;2;192;197;206m                [38;2;192;197;206m-[38;2;208;135;112m1[K
[0m[48;2;40;67;43m[39m+      68[0m:[39m[48;2;24;38;30m [38;2;192;197;206m            [38;2;192;197;206m}[K
[0m[48;2;40;67;43m[39m+      69[0m:[39m[48;2;24;38;30m [38;2;192;197;206m        [38;2;192;197;206m}[K
[0m[48;2;40;67;43m[39m+      70[0m:[39m[48;2;24;38;30m [38;2;192;197;206m        [38;2;192;197;206m'[38;2;163;190;140ms[38;2;192;197;206m'[38;2;192;197;206m [38;2;192;197;206m=>[38;2;192;197;206m [38;2;192;197;206m{[K
[0m[48;2;40;67;43m[39m+      71[0m:[39m[48;2;24;38;30m [38;2;192;197;206m            [38;2;180;142;173mif[38;2;192;197;206m [38;2;180;142;173mlet[38;2;192;197;206m [38;2;192;197;206mSome[38;2;192;197;206m([38;2;192;197;206marg[38;2;192;197;206m)[38;2;192;197;206m [38;2;192;197;206m=[38;2;192;197;206m [38;2;150;181;180mnext_arg[38;2;192;197;206m([38;2;192;197;206margs[38;2;192;197;206m)[38;2;192;197;206m [38;2;192;197;206m{[K
[0m[48;2;40;67;43m[39m+      72[0m:[39m[48;2;24;38;30m [38;2;192;197;206m                [38;2;180;142;173mif[38;2;192;197;206m [38;2;180;142;173mlet[38;2;192;197;206m [38;2;192;197;206mSome[38;2;192;197;206m([38;2;192;197;206mv[38;2;192;197;206m)[38;2;192;197;206m [38;2;192;197;206m=[38;2;192;197;206m arg.[38;2;192;197;206mdowncast_ref[38;2;192;197;206m::[38;2;192;197;206m<[38;2;192;197;206m&[38;2;180;142;173mstr[38;2;192;197;206m>[38;2;192;197;206m([38;2;192;197;206m)[38;2;192;197;206m [38;2;192;197;206m{[K
[0m[48;2;40;67;43m[39m+      73[0m:[39m[48;2;24;38;30m [38;2;192;197;206m                    [38;2;150;181;180mwritestring[38;2;192;197;206m([38;2;192;197;206mv[38;2;192;197;206m,[38;2;192;197;206m len[38;2;192;197;206m)[K
[0m[48;2;40;67;43m[39m+      74[0m:[39m[48;2;24;38;30m [38;2;192;197;206m                [38;2;192;197;206m}[38;2;192;197;206m [38;2;180;142;173melse[38;2;192;197;206m [38;2;180;142;173mif[38;2;192;197;206m [38;2;180;142;173mlet[38;2;192;197;206m [38;2;192;197;206mSome[38;2;192;197;206m([38;2;192;197;206mv[38;2;192;197;206m)[38;2;192;197;206m [38;2;192;197;206m=[38;2;192;197;206m arg.[38;2;192;197;206mdowncast_ref[38;2;192;197;206m::[38;2;192;197;206m<[38;2;192;197;206mString[38;2;192;197;206m>[38;2;192;197;206m([38;2;192;197;206m)[38;2;192;197;206m [38;2;192;197;206m{[K
[0m[48;2;40;67;43m[39m+      75[0m:[39m[48;2;24;38;30m [38;2;192;197;206m                    [38;2;150;181;180mwritestring[38;2;192;197;206m([38;2;192;197;206mv.[38;2;150;181;180mas_str[38;2;192;197;206m([38;2;192;197;206m)[38;2;192;197;206m,[38;2;192;197;206m len[38;2;192;197;206m)[K
[0m[48;2;40;67;43m[39m+      76[0m:[39m[48;2;24;38;30m [38;2;192;197;206m                [38;2;192;197;206m}[38;2;192;197;206m [38;2;180;142;173melse[38;2;192;197;206m [38;2;180;142;173mif[38;2;192;197;206m [38;2;180;142;173mlet[38;2;192;197;206m [38;2;192;197;206mSome[38;2;192;197;206m([38;2;192;197;206mv[38;2;192;197;206m)[38;2;192;197;206m [38;2;192;197;206m=[38;2;192;197;206m arg.[38;2;192;197;206mdowncast_ref[38;2;192;197;206m::[38;2;192;197;206m<[38;2;192;197;206mOption[38;2;192;197;206m<[38;2;192;197;206m&[38;2;180;142;173mstr[38;2;192;197;206m>[38;2;192;197;206m>[38;2;192;197;206m([38;2;192;197;206m)[38;2;192;197;206m [38;2;192;197;206m{[K
[0m[48;2;40;67;43m[39m+      77[0m:[39m[48;2;24;38;30m [38;2;192;197;206m                    [38;2;180;142;173mmatch[38;2;192;197;206m v [38;2;192;197;206m{[K
[0m[48;2;40;67;43m[39m+      78[0m:[39m[48;2;24;38;30m [38;2;192;197;206m                        [38;2;192;197;206mSome[38;2;192;197;206m([38;2;192;197;206ms[38;2;192;197;206m)[38;2;192;197;206m [38;2;192;197;206m=>[38;2;192;197;206m [38;2;150;181;180mwritestring[38;2;192;197;206m([38;2;192;197;206ms[38;2;192;197;206m,[38;2;192;197;206m len[38;2;192;197;206m)[38;2;192;197;206m,[K
[0m[48;2;40;67;43m[39m+      79[0m:[39m[48;2;24;38;30m [38;2;192;197;206m                        [38;2;192;197;206mNone[38;2;192;197;206m [38;2;192;197;206m=>[38;2;192;197;206m [38;2;150;181;180mwritestring[38;2;192;197;206m([38;2;192;197;206m"[38;2;163;190;140m(null)[38;2;192;197;206m"[38;2;192;197;206m,[38;2;192;197;206m len[38;2;192;197;206m)[38;2;192;197;206m,[K
[0m[48;2;40;67;43m[39m+      80[0m:[39m[48;2;24;38;30m [38;2;192;197;206m                    [38;2;192;197;206m}[K
[0m[48;2;40;67;43m[39m+      81[0m:[39m[48;2;24;38;30m [38;2;192;197;206m                [38;2;192;197;206m}[38;2;192;197;206m [38;2;180;142;173melse[38;2;192;197;206m [38;2;192;197;206m{[K
[0m[48;2;40;67;43m[39m+      82[0m:[39m[48;2;24;38;30m [38;2;192;197;206m                    [38;2;192;197;206m-[38;2;208;135;112m1[K
[0m[48;2;40;67;43m[39m+      83[0m:[39m[48;2;24;38;30m [38;2;192;197;206m                [38;2;192;197;206m}[K
[0m[48;2;40;67;43m[39m+      84[0m:[39m[48;2;24;38;30m [38;2;192;197;206m            [38;2;192;197;206m}[38;2;192;197;206m [38;2;180;142;173melse[38;2;192;197;206m [38;2;192;197;206m{[K
[0m[48;2;40;67;43m[39m+      85[0m:[39m[48;2;24;38;30m [38;2;192;197;206m                [38;2;192;197;206m-[38;2;208;135;112m1[K
[0m[48;2;40;67;43m[39m+      86[0m:[39m[48;2;24;38;30m [38;2;192;197;206m            [38;2;192;197;206m}[K
[0m[48;2;40;67;43m[39m+      87[0m:[39m[48;2;24;38;30m [38;2;192;197;206m        [38;2;192;197;206m}[K
[0m[48;2;40;67;43m[39m+      88[0m:[39m[48;2;24;38;30m [38;2;192;197;206m        [38;2;192;197;206m'[38;2;163;190;140md[38;2;192;197;206m'[38;2;192;197;206m [38;2;192;197;206m|[38;2;192;197;206m [38;2;192;197;206m'[38;2;163;190;140mi[38;2;192;197;206m'[38;2;192;197;206m [38;2;192;197;206m=>[38;2;192;197;206m [38;2;192;197;206m{[K
[0m[48;2;40;67;43m[39m+      89[0m:[39m[48;2;24;38;30m [38;2;192;197;206m            [38;2;180;142;173mif[38;2;192;197;206m [38;2;180;142;173mlet[38;2;192;197;206m [38;2;192;197;206mSome[38;2;192;197;206m([38;2;192;197;206marg[38;2;192;197;206m)[38;2;192;197;206m [38;2;192;197;206m=[38;2;192;197;206m [38;2;150;181;180mnext_arg[38;2;192;197;206m([38;2;192;197;206margs[38;2;192;197;206m)[38;2;192;197;206m [38;2;192;197;206m{[K
[0m[48;2;40;67;43m[39m+      90[0m:[39m[48;2;24;38;30m [38;2;192;197;206m                [38;2;180;142;173mif[38;2;192;197;206m [38;2;180;142;173mlet[38;2;192;197;206m [38;2;192;197;206mSome[38;2;192;197;206m([38;2;192;197;206m&[38;2;192;197;206mv[38;2;192;197;206m)[38;2;192;197;206m [38;2;192;197;206m=[38;2;192;197;206m arg.[38;2;192;197;206mdowncast_ref[38;2;192;197;206m::[38;2;192;197;206m<[38;2;180;142;173mi32[38;2;192;197;206m>[38;2;192;197;206m([38;2;192;197;206m)[38;2;192;197;206m [38;2;192;197;206m{[K
[0m[48;2;40;67;43m[39m+      91[0m:[39m[48;2;24;38;30m [38;2;192;197;206m                    [38;2;150;181;180mwriteint[38;2;192;197;206m([38;2;192;197;206mv[38;2;192;197;206m,[38;2;192;197;206m len[38;2;192;197;206m)[K
[0m[48;2;40;67;43m[39m+      92[0m:[39m[48;2;24;38;30m [38;2;192;197;206m                [38;2;192;197;206m}[38;2;192;197;206m [38;2;180;142;173melse[38;2;192;197;206m [38;2;192;197;206m{[K
[0m[48;2;40;67;43m[39m+      93[0m:[39m[48;2;24;38;30m [38;2;192;197;206m                    [38;2;192;197;206m-[38;2;208;135;112m1[K
[0m[48;2;40;67;43m[39m+      94[0m:[39m[48;2;24;38;30m [38;2;192;197;206m                [38;2;192;197;206m}[K
[0m[48;2;40;67;43m[39m+      95[0m:[39m[48;2;24;38;30m [38;2;192;197;206m            [38;2;192;197;206m}[38;2;192;197;206m [38;2;180;142;173melse[38;2;192;197;206m [38;2;192;197;206m{[K
[0m[48;2;40;67;43m[39m+      96[0m:[39m[48;2;24;38;30m [38;2;192;197;206m                [38;2;192;197;206m-[38;2;208;135;112m1[K
[0m[48;2;40;67;43m[39m+      97[0m:[39m[48;2;24;38;30m [38;2;192;197;206m            [38;2;192;197;206m}[K
[0m[48;2;40;67;43m[39m+      98[0m:[39m[48;2;24;38;30m [38;2;192;197;206m        [38;2;192;197;206m}[K
[0m[48;2;40;67;43m[39m+      99[0m:[39m[48;2;24;38;30m [38;2;192;197;206m        [38;2;192;197;206m'[38;2;163;190;140mu[38;2;192;197;206m'[38;2;192;197;206m [38;2;192;197;206m=>[38;2;192;197;206m [38;2;192;197;206m{[K
[0m[48;2;40;67;43m[39m+     100[0m:[39m[48;2;24;38;30m [38;2;192;197;206m            [38;2;180;142;173mif[38;2;192;197;206m [38;2;180;142;173mlet[38;2;192;197;206m [38;2;192;197;206mSome[38;2;192;197;206m([38;2;192;197;206marg[38;2;192;197;206m)[38;2;192;197;206m [38;2;192;197;206m=[38;2;192;197;206m [38;2;150;181;180mnext_arg[38;2;192;197;206m([38;2;192;197;206margs[38;2;192;197;206m)[38;2;192;197;206m [38;2;192;197;206m{[K
[0m[48;2;40;67;43m[39m+     101[0m:[39m[48;2;24;38;30m [38;2;192;197;206m                [38;2;180;142;173mif[38;2;192;197;206m [38;2;180;142;173mlet[38;2;192;197;206m [38;2;192;197;206mSome[38;2;192;197;206m([38;2;192;197;206m&[38;2;192;197;206mv[38;2;192;197;206m)[38;2;192;197;206m [38;2;192;197;206m=[38;2;192;197;206m arg.[38;2;192;197;206mdowncast_ref[38;2;192;197;206m::[38;2;192;197;206m<[38;2;180;142;173mu32[38;2;192;197;206m>[38;2;192;197;206m([38;2;192;197;206m)[38;2;192;197;206m [38;2;192;197;206m{[K
[0m[48;2;40;67;43m[39m+     102[0m:[39m[48;2;24;38;30m [38;2;192;197;206m                    [38;2;150;181;180mwriteuint[38;2;192;197;206m([38;2;192;197;206mv [38;2;192;197;206mas[38;2;192;197;206m [38;2;180;142;173mu64[38;2;192;197;206m,[38;2;192;197;206m len[38;2;192;197;206m)[K
[0m[48;2;40;67;43m[39m+     103[0m:[39m[48;2;24;38;30m [38;2;192;197;206m                [38;2;192;197;206m}[38;2;192;197;206m [38;2;180;142;173melse[38;2;192;197;206m [38;2;180;142;173mif[38;2;192;197;206m [38;2;180;142;173mlet[38;2;192;197;206m [38;2;192;197;206mSome[38;2;192;197;206m([38;2;192;197;206m&[38;2;192;197;206mv[38;2;192;197;206m)[38;2;192;197;206m [38;2;192;197;206m=[38;2;192;197;206m arg.[38;2;192;197;206mdowncast_ref[38;2;192;197;206m::[38;2;192;197;206m<[38;2;180;142;173mu64[38;2;192;197;206m>[38;2;192;197;206m([38;2;192;197;206m)[38;2;192;197;206m [38;2;192;197;206m{[K
[0m[48;2;40;67;43m[39m+     104[0m:[39m[48;2;24;38;30m [38;2;192;197;206m                    [38;2;150;181;180mwriteuint[38;2;192;197;206m([38;2;192;197;206mv[38;2;192;197;206m,[38;2;192;197;206m len[38;2;192;197;206m)[K
[0m[48;2;40;67;43m[39m+     105[0m:[39m[48;2;24;38;30m [38;2;192;197;206m                [38;2;192;197;206m}[38;2;192;197;206m [38;2;180;142;173melse[38;2;192;197;206m [38;2;192;197;206m{[K
[0m[48;2;40;67;43m[39m+     106[0m:[39m[48;2;24;38;30m [38;2;192;197;206m                    [38;2;192;197;206m-[38;2;208;135;112m1[K
[0m[48;2;40;67;43m[39m+     107[0m:[39m[48;2;24;38;30m [38;2;192;197;206m                [38;2;192;197;206m}[K
[0m[48;2;40;67;43m[39m+     108[0m:[39m[48;2;24;38;30m [38;2;192;197;206m            [38;2;192;197;206m}[38;2;192;197;206m [38;2;180;142;173melse[38;2;192;197;206m [38;2;192;197;206m{[K
[0m[48;2;40;67;43m[39m+     109[0m:[39m[48;2;24;38;30m [38;2;192;197;206m                [38;2;192;197;206m-[38;2;208;135;112m1[K
[0m[48;2;40;67;43m[39m+     110[0m:[39m[48;2;24;38;30m [38;2;192;197;206m            [38;2;192;197;206m}[K
[0m[48;2;40;67;43m[39m+     111[0m:[39m[48;2;24;38;30m [38;2;192;197;206m        [38;2;192;197;206m}[K
[0m[48;2;40;67;43m[39m+     112[0m:[39m[48;2;24;38;30m [38;2;192;197;206m        [38;2;192;197;206m'[38;2;163;190;140mp[38;2;192;197;206m'[38;2;192;197;206m [38;2;192;197;206m=>[38;2;192;197;206m [38;2;192;197;206m{[K
[0m[48;2;40;67;43m[39m+     113[0m:[39m[48;2;24;38;30m [38;2;192;197;206m            [38;2;180;142;173mif[38;2;192;197;206m [38;2;180;142;173mlet[38;2;192;197;206m [38;2;192;197;206mSome[38;2;192;197;206m([38;2;192;197;206marg[38;2;192;197;206m)[38;2;192;197;206m [38;2;192;197;206m=[38;2;192;197;206m [38;2;150;181;180mnext_arg[38;2;192;197;206m([38;2;192;197;206margs[38;2;192;197;206m)[38;2;192;197;206m [38;2;192;197;206m{[K
[0m[48;2;40;67;43m[39m+     114[0m:[39m[48;2;24;38;30m [38;2;192;197;206m                [38;2;180;142;173mif[38;2;192;197;206m [38;2;180;142;173mlet[38;2;192;197;206m [38;2;192;197;206mSome[38;2;192;197;206m([38;2;192;197;206m&[38;2;192;197;206mv[38;2;192;197;206m)[38;2;192;197;206m [38;2;192;197;206m=[38;2;192;197;206m arg.[38;2;192;197;206mdowncast_ref[38;2;192;197;206m::[38;2;192;197;206m<[38;2;43;48;59m*[38;2;192;197;206mconst [38;2;192;197;206mstd[38;2;192;197;206m::[38;2;192;197;206mffi[38;2;192;197;206m::[38;2;180;142;173mc_void[38;2;192;197;206m>[38;2;192;197;206m([38;2;192;197;206m)[38;2;192;197;206m [38;2;192;197;206m{[K
[0m[48;2;40;67;43m[39m+     115[0m:[39m[48;2;24;38;30m [38;2;192;197;206m                    [38;2;150;181;180mwritepoint[38;2;192;197;206m([38;2;192;197;206mv[38;2;192;197;206m,[38;2;192;197;206m len[38;2;192;197;206m)[K
[0m[48;2;40;67;43m[39m+     116[0m:[39m[48;2;24;38;30m [38;2;192;197;206m                [38;2;192;197;206m}[38;2;192;197;206m [38;2;180;142;173melse[38;2;192;197;206m [38;2;180;142;173mif[38;2;192;197;206m [38;2;180;142;173mlet[38;2;192;197;206m [38;2;192;197;206mSome[38;2;192;197;206m([38;2;192;197;206m&[38;2;192;197;206mv[38;2;192;197;206m)[38;2;192;197;206m [38;2;192;197;206m=[38;2;192;197;206m arg.[38;2;192;197;206mdowncast_ref[38;2;192;197;206m::[38;2;192;197;206m<[38;2;180;142;173musize[38;2;192;197;206m>[38;2;192;197;206m([38;2;192;197;206m)[38;2;192;197;206m [38;2;192;197;206m{[K
[0m[48;2;40;67;43m[39m+     117[0m:[39m[48;2;24;38;30m [38;2;192;197;206m                    [38;2;150;181;180mwritepoint[38;2;192;197;206m([38;2;192;197;206mv [38;2;192;197;206mas[38;2;192;197;206m [38;2;192;197;206m*[38;2;180;142;173mconst[38;2;192;197;206m [38;2;192;197;206mstd[38;2;192;197;206m::[38;2;192;197;206mffi[38;2;192;197;206m::[38;2;180;142;173mc_void[38;2;192;197;206m,[38;2;192;197;206m len[38;2;192;197;206m)[K
[0m[48;2;40;67;43m[39m+     118[0m:[39m[48;2;24;38;30m [38;2;192;197;206m                [38;2;192;197;206m}[38;2;192;197;206m [38;2;180;142;173melse[38;2;192;197;206m [38;2;192;197;206m{[K
[0m[48;2;40;67;43m[39m+     119[0m:[39m[48;2;24;38;30m [38;2;192;197;206m                    [38;2;192;197;206m-[38;2;208;135;112m1[K
[0m[48;2;40;67;43m[39m+     120[0m:[39m[48;2;24;38;30m [38;2;192;197;206m                [38;2;192;197;206m}[K
[0m[48;2;40;67;43m[39m+     121[0m:[39m[48;2;24;38;30m [38;2;192;197;206m            [38;2;192;197;206m}[38;2;192;197;206m [38;2;180;142;173melse[38;2;192;197;206m [38;2;192;197;206m{[K
[0m[48;2;40;67;43m[39m+     122[0m:[39m[48;2;24;38;30m [38;2;192;197;206m                [38;2;192;197;206m-[38;2;208;135;112m1[K
[0m[48;2;40;67;43m[39m+     123[0m:[39m[48;2;24;38;30m [38;2;192;197;206m            [38;2;192;197;206m}[K
[0m[48;2;40;67;43m[39m+     124[0m:[39m[48;2;24;38;30m [38;2;192;197;206m        [38;2;192;197;206m}[K
[0m[48;2;40;67;43m[39m+     125[0m:[39m[48;2;24;38;30m [38;2;192;197;206m        [38;2;192;197;206m'[38;2;163;190;140mx[38;2;192;197;206m'[38;2;192;197;206m [38;2;192;197;206m|[38;2;192;197;206m [38;2;192;197;206m'[38;2;163;190;140mX[38;2;192;197;206m'[38;2;192;197;206m [38;2;192;197;206m=>[38;2;192;197;206m [38;2;192;197;206m{[K
[0m[48;2;40;67;43m[39m+     126[0m:[39m[48;2;24;38;30m [38;2;192;197;206m            [38;2;180;142;173mif[38;2;192;197;206m [38;2;180;142;173mlet[38;2;192;197;206m [38;2;192;197;206mSome[38;2;192;197;206m([38;2;192;197;206marg[38;2;192;197;206m)[38;2;192;197;206m [38;2;192;197;206m=[38;2;192;197;206m [38;2;150;181;180mnext_arg[38;2;192;197;206m([38;2;192;197;206margs[38;2;192;197;206m)[38;2;192;197;206m [38;2;192;197;206m{[K
[0m[48;2;40;67;43m[39m+     127[0m:[39m[48;2;24;38;30m [38;2;192;197;206m                [38;2;180;142;173mif[38;2;192;197;206m [38;2;180;142;173mlet[38;2;192;197;206m [38;2;192;197;206mSome[38;2;192;197;206m([38;2;192;197;206m&[38;2;192;197;206mv[38;2;192;197;206m)[38;2;192;197;206m [38;2;192;197;206m=[38;2;192;197;206m arg.[38;2;192;197;206mdowncast_ref[38;2;192;197;206m::[38;2;192;197;206m<[38;2;180;142;173mu32[38;2;192;197;206m>[38;2;192;197;206m([38;2;192;197;206m)[38;2;192;197;206m [38;2;192;197;206m{[K
[0m[48;2;40;67;43m[39m+     128[0m:[39m[48;2;24;38;30m [38;2;192;197;206m                    [38;2;150;181;180mwritehex[38;2;192;197;206m([38;2;192;197;206mv [38;2;192;197;206mas[38;2;192;197;206m [38;2;180;142;173mu64[38;2;192;197;206m,[38;2;192;197;206m c[38;2;192;197;206m,[38;2;192;197;206m len[38;2;192;197;206m)[K
[0m[48;2;40;67;43m[39m+     129[0m:[39m[48;2;24;38;30m [38;2;192;197;206m                [38;2;192;197;206m}[38;2;192;197;206m [38;2;180;142;173melse[38;2;192;197;206m [38;2;180;142;173mif[38;2;192;197;206m [38;2;180;142;173mlet[38;2;192;197;206m [38;2;192;197;206mSome[38;2;192;197;206m([38;2;192;197;206m&[38;2;192;197;206mv[38;2;192;197;206m)[38;2;192;197;206m [38;2;192;197;206m=[38;2;192;197;206m arg.[38;2;192;197;206mdowncast_ref[38;2;192;197;206m::[38;2;192;197;206m<[38;2;180;142;173mu64[38;2;192;197;206m>[38;2;192;197;206m([38;2;192;197;206m)[38;2;192;197;206m [38;2;192;197;206m{[K
[0m[48;2;40;67;43m[39m+     130[0m:[39m[48;2;24;38;30m [38;2;192;197;206m                    [38;2;150;181;180mwritehex[38;2;192;197;206m([38;2;192;197;206mv[38;2;192;197;206m,[38;2;192;197;206m c[38;2;192;197;206m,[38;2;192;197;206m len[38;2;192;197;206m)[K
[0m[48;2;40;67;43m[39m+     131[0m:[39m[48;2;24;38;30m [38;2;192;197;206m                [38;2;192;197;206m}[38;2;192;197;206m [38;2;180;142;173melse[38;2;192;197;206m [38;2;192;197;206m{[K
[0m[48;2;40;67;43m[39m+     132[0m:[39m[48;2;24;38;30m [38;2;192;197;206m                    [38;2;192;197;206m-[38;2;208;135;112m1[K
[0m[48;2;40;67;43m[39m+     133[0m:[39m[48;2;24;38;30m [38;2;192;197;206m                [38;2;192;197;206m}[K
[0m[48;2;40;67;43m[39m+     134[0m:[39m[48;2;24;38;30m [38;2;192;197;206m            [38;2;192;197;206m}[38;2;192;197;206m [38;2;180;142;173melse[38;2;192;197;206m [38;2;192;197;206m{[K
[0m[48;2;40;67;43m[39m+     135[0m:[39m[48;2;24;38;30m [38;2;192;197;206m                [38;2;192;197;206m-[38;2;208;135;112m1[K
[0m[48;2;40;67;43m[39m+     136[0m:[39m[48;2;24;38;30m [38;2;192;197;206m            [38;2;192;197;206m}[K
[0m[48;2;40;67;43m[39m+     137[0m:[39m[48;2;24;38;30m [38;2;192;197;206m        [38;2;192;197;206m}[K
[0m[48;2;40;67;43m[39m+     138[0m:[39m[48;2;24;38;30m [38;2;192;197;206m        [38;2;192;197;206m'[38;2;163;190;140m%[38;2;192;197;206m'[38;2;192;197;206m [38;2;192;197;206m=>[38;2;192;197;206m [38;2;150;181;180mwritechar[38;2;192;197;206m([38;2;192;197;206m'[38;2;163;190;140m%[38;2;192;197;206m'[38;2;192;197;206m,[38;2;192;197;206m len[38;2;192;197;206m)[38;2;192;197;206m,[K
[0m[48;2;40;67;43m[39m+     139[0m:[39m[48;2;24;38;30m [38;2;192;197;206m        [38;2;192;197;206m_[38;2;192;197;206m [38;2;192;197;206m=>[38;2;192;197;206m [38;2;192;197;206m-[38;2;208;135;112m1[38;2;192;197;206m,[K
[0m[48;2;40;67;43m[39m+     140[0m:[39m[48;2;24;38;30m [38;2;192;197;206m    [38;2;192;197;206m}[K
[0m[48;2;43;48;59m[39m  13, 141[0m:[39m[48;2;43;48;59m [38;2;192;197;206m}[K
[0m[48;2;40;67;43m[39m+     142[0m:[39m[48;2;24;38;30m [K
[0m[48;2;43;48;59m[39m  14, 143[0m:[39m[48;2;43;48;59m [38;2;180;142;173mpub[38;2;192;197;206m [38;2;180;142;173mfn[38;2;192;197;206m [38;2;143;161;179mwritechar[38;2;192;197;206m([38;2;191;97;106mc[38;2;192;197;206m:[38;2;192;197;206m [38;2;180;142;173mchar[38;2;192;197;206m, [38;2;191;97;106mlen[38;2;192;197;206m:[38;2;192;197;206m [38;2;192;197;206m&[38;2;180;142;173mmut[38;2;192;197;206m [38;2;180;142;173mi32[38;2;192;197;206m)[38;2;192;197;206m [38;2;192;197;206m->[38;2;192;197;206m [38;2;180;142;173mi32[38;2;192;197;206m [38;2;192;197;206m{[K
[0m[48;2;79;40;40m[39m- 15     [0m:[39m[48;2;36;25;28m [38;2;192;197;206m    [38;2;192;197;206munimplemented![38;2;192;197;206m([38;2;192;197;206m)[K
[0m[48;2;40;67;43m[39m+     144[0m:[39m[48;2;24;38;30m [38;2;192;197;206m    [38;2;180;142;173mlet[38;2;192;197;206m buf [38;2;192;197;206m=[38;2;192;197;206m [38;2;192;197;206m[[38;2;192;197;206mc [38;2;192;197;206mas[38;2;192;197;206m [38;2;180;142;173mu8[38;2;192;197;206m][38;2;192;197;206m;[K
[0m[48;2;40;67;43m[39m+     145[0m:[39m[48;2;24;38;30m [38;2;192;197;206m    [38;2;180;142;173mmatch[38;2;192;197;206m [38;2;192;197;206mstd[38;2;192;197;206m::[38;2;192;197;206mio[38;2;192;197;206m::[38;2;192;197;206mstdout[38;2;192;197;206m([38;2;192;197;206m)[38;2;192;197;206m.[38;2;150;181;180mwrite_all[38;2;192;197;206m([38;2;192;197;206m&[38;2;192;197;206mbuf[38;2;192;197;206m)[38;2;192;197;206m [38;2;192;197;206m{[K
[0m[48;2;40;67;43m[39m+     146[0m:[39m[48;2;24;38;30m [38;2;192;197;206m        [38;2;192;197;206mOk[38;2;192;197;206m([38;2;192;197;206m_[38;2;192;197;206m)[38;2;192;197;206m [38;2;192;197;206m=>[38;2;192;197;206m [38;2;192;197;206m{[K
[0m[48;2;40;67;43m[39m+     147[0m:[39m[48;2;24;38;30m [38;2;192;197;206m            [38;2;192;197;206m*[38;2;192;197;206mlen [38;2;192;197;206m+[38;2;192;197;206m=[38;2;192;197;206m [38;2;208;135;112m1[38;2;192;197;206m;[K
[0m[48;2;40;67;43m[39m+     148[0m:[39m[48;2;24;38;30m [38;2;192;197;206m            [38;2;208;135;112m1[K
[0m[48;2;40;67;43m[39m+     149[0m:[39m[48;2;24;38;30m [38;2;192;197;206m        [38;2;192;197;206m}[K
[0m[48;2;40;67;43m[39m+     150[0m:[39m[48;2;24;38;30m [38;2;192;197;206m        [38;2;192;197;206mErr[38;2;192;197;206m([38;2;192;197;206m_[38;2;192;197;206m)[38;2;192;197;206m [38;2;192;197;206m=>[38;2;192;197;206m [38;2;192;197;206m-[38;2;208;135;112m1[38;2;192;197;206m,[K
[0m[48;2;40;67;43m[39m+     151[0m:[39m[48;2;24;38;30m [38;2;192;197;206m    [38;2;192;197;206m}[K
[0m[48;2;43;48;59m[39m  16, 152[0m:[39m[48;2;43;48;59m [38;2;192;197;206m}[K
[0m[48;2;40;67;43m[39m+     153[0m:[39m[48;2;24;38;30m [K
[0m[48;2;43;48;59m[39m  17, 154[0m:[39m[48;2;43;48;59m [38;2;180;142;173mpub[38;2;192;197;206m [38;2;180;142;173mfn[38;2;192;197;206m [38;2;143;161;179mwritepoint[38;2;192;197;206m([38;2;191;97;106mn[38;2;192;197;206m:[38;2;192;197;206m *const [38;2;192;197;206mstd[38;2;192;197;206m::[38;2;192;197;206mffi[38;2;192;197;206m::[38;2;192;197;206mc_void, [38;2;191;97;106mlen[38;2;192;197;206m:[38;2;192;197;206m [38;2;192;197;206m&[38;2;180;142;173mmut[38;2;192;197;206m [38;2;180;142;173mi32[38;2;192;197;206m)[38;2;192;197;206m [38;2;192;197;206m->[38;2;192;197;206m [38;2;180;142;173mi32[38;2;192;197;206m [38;2;192;197;206m{[K
[0m[48;2;79;40;40m[39m- 18     [0m:[39m[48;2;36;25;28m [38;2;192;197;206m    [38;2;192;197;206munimplemented![38;2;192;197;206m([38;2;192;197;206m)[K
[0m[48;2;40;67;43m[39m+     155[0m:[39m[48;2;24;38;30m [38;2;192;197;206m    [38;2;180;142;173mif[38;2;192;197;206m [38;2;208;135;112mLOCATION[38;2;192;197;206m [38;2;192;197;206m=[38;2;192;197;206m=[38;2;192;197;206m [38;2;208;135;112m2[38;2;192;197;206m [38;2;192;197;206m&[38;2;192;197;206m&[38;2;192;197;206m n.[38;2;150;181;180mis_null[38;2;192;197;206m([38;2;192;197;206m)[38;2;192;197;206m [38;2;192;197;206m{[K
[0m[48;2;40;67;43m[39m+     156[0m:[39m[48;2;24;38;30m [38;2;192;197;206m        [38;2;180;142;173mreturn[38;2;192;197;206m [38;2;150;181;180mwritestring[38;2;192;197;206m([38;2;192;197;206m"[38;2;163;190;140m(nil)[38;2;192;197;206m"[38;2;192;197;206m,[38;2;192;197;206m len[38;2;192;197;206m)[38;2;192;197;206m;[K
[0m[48;2;40;67;43m[39m+     157[0m:[39m[48;2;24;38;30m [38;2;192;197;206m    [38;2;192;197;206m}[K
[0m[48;2;40;67;43m[39m+     158[0m:[39m[48;2;24;38;30m [38;2;192;197;206m    [38;2;180;142;173mif[38;2;192;197;206m [38;2;150;181;180mwritestring[38;2;192;197;206m([38;2;192;197;206m"[38;2;163;190;140m0x[38;2;192;197;206m"[38;2;192;197;206m,[38;2;192;197;206m len[38;2;192;197;206m)[38;2;192;197;206m [38;2;192;197;206m=[38;2;192;197;206m=[38;2;192;197;206m [38;2;192;197;206m-[38;2;208;135;112m1[38;2;192;197;206m [38;2;192;197;206m{[K
[0m[48;2;40;67;43m[39m+     159[0m:[39m[48;2;24;38;30m [38;2;192;197;206m        [38;2;180;142;173mreturn[38;2;192;197;206m [38;2;192;197;206m-[38;2;208;135;112m1[38;2;192;197;206m;[K
[0m[48;2;40;67;43m[39m+     160[0m:[39m[48;2;24;38;30m [38;2;192;197;206m    [38;2;192;197;206m}[K
[0m[48;2;40;67;43m[39m+     161[0m:[39m[48;2;24;38;30m [38;2;192;197;206m    [38;2;180;142;173mlet[38;2;192;197;206m nb [38;2;192;197;206m=[38;2;192;197;206m n [38;2;192;197;206mas[38;2;192;197;206m [38;2;180;142;173mu64[38;2;192;197;206m;[K
[0m[48;2;40;67;43m[39m+     162[0m:[39m[48;2;24;38;30m [38;2;192;197;206m    [38;2;180;142;173mif[38;2;192;197;206m nb [38;2;192;197;206m=[38;2;192;197;206m=[38;2;192;197;206m [38;2;208;135;112m0[38;2;192;197;206m [38;2;192;197;206m{[K
[0m[48;2;40;67;43m[39m+     163[0m:[39m[48;2;24;38;30m [38;2;192;197;206m        [38;2;180;142;173mreturn[38;2;192;197;206m [38;2;150;181;180mwritechar[38;2;192;197;206m([38;2;192;197;206m'[38;2;163;190;140m0[38;2;192;197;206m'[38;2;192;197;206m,[38;2;192;197;206m len[38;2;192;197;206m)[38;2;192;197;206m;[K
[0m[48;2;40;67;43m[39m+     164[0m:[39m[48;2;24;38;30m [38;2;192;197;206m    [38;2;192;197;206m}[K
[0m[48;2;40;67;43m[39m+     165[0m:[39m[48;2;24;38;30m [38;2;192;197;206m    [38;2;180;142;173mlet[38;2;192;197;206m [38;2;180;142;173mmut[38;2;192;197;206m arr [38;2;192;197;206m=[38;2;192;197;206m [38;2;192;197;206m[[38;2;208;135;112m0[38;2;180;142;173mu8[38;2;192;197;206m;[38;2;192;197;206m [38;2;208;135;112m32[38;2;192;197;206m][38;2;192;197;206m;[K
[0m[48;2;40;67;43m[39m+     166[0m:[39m[48;2;24;38;30m [38;2;192;197;206m    [38;2;180;142;173mlet[38;2;192;197;206m [38;2;180;142;173mmut[38;2;192;197;206m i [38;2;192;197;206m=[38;2;192;197;206m [38;2;208;135;112m0[38;2;180;142;173musize[38;2;192;197;206m;[K
[0m[48;2;40;67;43m[39m+     167[0m:[39m[48;2;24;38;30m [38;2;192;197;206m    [38;2;180;142;173mlet[38;2;192;197;206m [38;2;180;142;173mmut[38;2;192;197;206m nb [38;2;192;197;206m=[38;2;192;197;206m nb[38;2;192;197;206m;[K
[0m[48;2;40;67;43m[39m+     168[0m:[39m[48;2;24;38;30m [38;2;192;197;206m    [38;2;180;142;173mwhile[38;2;192;197;206m nb [38;2;192;197;206m>[38;2;192;197;206m [38;2;208;135;112m0[38;2;192;197;206m [38;2;192;197;206m{[K
[0m[48;2;40;67;43m[39m+     169[0m:[39m[48;2;24;38;30m [38;2;192;197;206m        arr[38;2;192;197;206m[[38;2;192;197;206mi[38;2;192;197;206m][38;2;192;197;206m [38;2;192;197;206m=[38;2;192;197;206m [38;2;208;135;112mHEXALOW[38;2;192;197;206m.[38;2;150;181;180mas_bytes[38;2;192;197;206m([38;2;192;197;206m)[38;2;192;197;206m[[38;2;192;197;206m([38;2;192;197;206mnb [38;2;192;197;206m%[38;2;192;197;206m [38;2;208;135;112m16[38;2;192;197;206m)[38;2;192;197;206m [38;2;192;197;206mas[38;2;192;197;206m [38;2;180;142;173musize[38;2;192;197;206m][38;2;192;197;206m;[K
[0m[48;2;40;67;43m[39m+     170[0m:[39m[48;2;24;38;30m [38;2;192;197;206m        nb [38;2;192;197;206m/[38;2;192;197;206m=[38;2;192;197;206m [38;2;208;135;112m16[38;2;192;197;206m;[K
[0m[48;2;40;67;43m[39m+     171[0m:[39m[48;2;24;38;30m [38;2;192;197;206m        i [38;2;192;197;206m+[38;2;192;197;206m=[38;2;192;197;206m [38;2;208;135;112m1[38;2;192;197;206m;[K
[0m[48;2;40;67;43m[39m+     172[0m:[39m[48;2;24;38;30m [38;2;192;197;206m    [38;2;192;197;206m}[K
[0m[48;2;40;67;43m[39m+     173[0m:[39m[48;2;24;38;30m [38;2;192;197;206m    [38;2;180;142;173mwhile[38;2;192;197;206m i [38;2;192;197;206m>[38;2;192;197;206m [38;2;208;135;112m0[38;2;192;197;206m [38;2;192;197;206m{[K
[0m[48;2;40;67;43m[39m+     174[0m:[39m[48;2;24;38;30m [38;2;192;197;206m        i [38;2;192;197;206m-[38;2;192;197;206m=[38;2;192;197;206m [38;2;208;135;112m1[38;2;192;197;206m;[K
[0m[48;2;40;67;43m[39m+     175[0m:[39m[48;2;24;38;30m [38;2;192;197;206m        [38;2;180;142;173mif[38;2;192;197;206m [38;2;150;181;180mwritechar[38;2;192;197;206m([38;2;192;197;206marr[38;2;192;197;206m[[38;2;192;197;206mi[38;2;192;197;206m][38;2;192;197;206m [38;2;192;197;206mas[38;2;192;197;206m [38;2;180;142;173mchar[38;2;192;197;206m,[38;2;192;197;206m len[38;2;192;197;206m)[38;2;192;197;206m [38;2;192;197;206m=[38;2;192;197;206m=[38;2;192;197;206m [38;2;192;197;206m-[38;2;208;135;112m1[38;2;192;197;206m [38;2;192;197;206m{[K
[0m[48;2;40;67;43m[39m+     176[0m:[39m[48;2;24;38;30m [38;2;192;197;206m            [38;2;180;142;173mreturn[38;2;192;197;206m [38;2;192;197;206m-[38;2;208;135;112m1[38;2;192;197;206m;[K
[0m[48;2;40;67;43m[39m+     177[0m:[39m[48;2;24;38;30m [38;2;192;197;206m        [38;2;192;197;206m}[K
[0m[48;2;40;67;43m[39m+     178[0m:[39m[48;2;24;38;30m [38;2;192;197;206m    [38;2;192;197;206m}[K
[0m[48;2;40;67;43m[39m+     179[0m:[39m[48;2;24;38;30m [38;2;192;197;206m    [38;2;208;135;112m1[K
[0m[48;2;43;48;59m[39m  19, 180[0m:[39m[48;2;43;48;59m [38;2;192;197;206m}[K
[0m[48;2;40;67;43m[39m+     181[0m:[39m[48;2;24;38;30m [K
[0m[48;2;43;48;59m[39m  20, 182[0m:[39m[48;2;43;48;59m [38;2;180;142;173mpub[38;2;192;197;206m [38;2;180;142;173mfn[38;2;192;197;206m [38;2;143;161;179mwriteint[38;2;192;197;206m([38;2;191;97;106mn[38;2;192;197;206m:[38;2;192;197;206m [38;2;180;142;173mi32[38;2;192;197;206m, [38;2;191;97;106mlen[38;2;192;197;206m:[38;2;192;197;206m [38;2;192;197;206m&[38;2;180;142;173mmut[38;2;192;197;206m [38;2;180;142;173mi32[38;2;192;197;206m)[38;2;192;197;206m [38;2;192;197;206m->[38;2;192;197;206m [38;2;180;142;173mi32[38;2;192;197;206m [38;2;192;197;206m{[K
[0m[48;2;79;40;40m[39m- 21     [0m:[39m[48;2;36;25;28m [38;2;192;197;206m    [38;2;192;197;206munimplemented![38;2;192;197;206m([38;2;192;197;206m)[K
[0m[48;2;40;67;43m[39m+     183[0m:[39m[48;2;24;38;30m [38;2;192;197;206m    [38;2;180;142;173mif[38;2;192;197;206m n [38;2;192;197;206m=[38;2;192;197;206m=[38;2;192;197;206m [38;2;208;135;112m0[38;2;192;197;206m [38;2;192;197;206m{[K
[0m[48;2;40;67;43m[39m+     184[0m:[39m[48;2;24;38;30m [38;2;192;197;206m        [38;2;180;142;173mreturn[38;2;192;197;206m [38;2;150;181;180mwritechar[38;2;192;197;206m([38;2;192;197;206m'[38;2;163;190;140m0[38;2;192;197;206m'[38;2;192;197;206m,[38;2;192;197;206m len[38;2;192;197;206m)[38;2;192;197;206m;[K
[0m[48;2;40;67;43m[39m+     185[0m:[39m[48;2;24;38;30m [38;2;192;197;206m    [38;2;192;197;206m}[K
[0m[48;2;40;67;43m[39m+     186[0m:[39m[48;2;24;38;30m [38;2;192;197;206m    [38;2;180;142;173mif[38;2;192;197;206m n [38;2;192;197;206m=[38;2;192;197;206m=[38;2;192;197;206m [38;2;192;197;206m-[38;2;208;135;112m2147483648[38;2;192;197;206m [38;2;192;197;206m{[K
[0m[48;2;40;67;43m[39m+     187[0m:[39m[48;2;24;38;30m [38;2;192;197;206m        [38;2;180;142;173mreturn[38;2;192;197;206m [38;2;150;181;180mwritestring[38;2;192;197;206m([38;2;192;197;206m"[38;2;163;190;140m-2147483648[38;2;192;197;206m"[38;2;192;197;206m,[38;2;192;197;206m len[38;2;192;197;206m)[38;2;192;197;206m;[K
[0m[48;2;40;67;43m[39m+     188[0m:[39m[48;2;24;38;30m [38;2;192;197;206m    [38;2;192;197;206m}[K
[0m[48;2;40;67;43m[39m+     189[0m:[39m[48;2;24;38;30m [38;2;192;197;206m    [38;2;180;142;173mlet[38;2;192;197;206m [38;2;180;142;173mmut[38;2;192;197;206m n [38;2;192;197;206m=[38;2;192;197;206m n[38;2;192;197;206m;[K
[0m[48;2;40;67;43m[39m+     190[0m:[39m[48;2;24;38;30m [38;2;192;197;206m    [38;2;180;142;173mif[38;2;192;197;206m n [38;2;192;197;206m<[38;2;192;197;206m [38;2;208;135;112m0[38;2;192;197;206m [38;2;192;197;206m{[K
[0m[48;2;40;67;43m[39m+     191[0m:[39m[48;2;24;38;30m [38;2;192;197;206m        [38;2;180;142;173mif[38;2;192;197;206m [38;2;150;181;180mwritechar[38;2;192;197;206m([38;2;192;197;206m'[38;2;163;190;140m-[38;2;192;197;206m'[38;2;192;197;206m,[38;2;192;197;206m len[38;2;192;197;206m)[38;2;192;197;206m [38;2;192;197;206m=[38;2;192;197;206m=[38;2;192;197;206m [38;2;192;197;206m-[38;2;208;135;112m1[38;2;192;197;206m [38;2;192;197;206m{[K
[0m[48;2;40;67;43m[39m+     192[0m:[39m[48;2;24;38;30m [38;2;192;197;206m            [38;2;180;142;173mreturn[38;2;192;197;206m [38;2;192;197;206m-[38;2;208;135;112m1[38;2;192;197;206m;[K
[0m[48;2;40;67;43m[39m+     193[0m:[39m[48;2;24;38;30m [38;2;192;197;206m        [38;2;192;197;206m}[K
[0m[48;2;40;67;43m[39m+     194[0m:[39m[48;2;24;38;30m [38;2;192;197;206m        n [38;2;192;197;206m=[38;2;192;197;206m [38;2;192;197;206m-[38;2;192;197;206mn[38;2;192;197;206m;[K
[0m[48;2;40;67;43m[39m+     195[0m:[39m[48;2;24;38;30m [38;2;192;197;206m    [38;2;192;197;206m}[K
[0m[48;2;40;67;43m[39m+     196[0m:[39m[48;2;24;38;30m [38;2;192;197;206m    [38;2;180;142;173mlet[38;2;192;197;206m [38;2;180;142;173mmut[38;2;192;197;206m arr [38;2;192;197;206m=[38;2;192;197;206m [38;2;192;197;206m[[38;2;208;135;112m0[38;2;180;142;173mu8[38;2;192;197;206m;[38;2;192;197;206m [38;2;208;135;112m10[38;2;192;197;206m][38;2;192;197;206m;[K
[0m[48;2;40;67;43m[39m+     197[0m:[39m[48;2;24;38;30m [38;2;192;197;206m    [38;2;180;142;173mlet[38;2;192;197;206m [38;2;180;142;173mmut[38;2;192;197;206m i [38;2;192;197;206m=[38;2;192;197;206m [38;2;208;135;112m0[38;2;180;142;173musize[38;2;192;197;206m;[K
[0m[48;2;40;67;43m[39m+     198[0m:[39m[48;2;24;38;30m [38;2;192;197;206m    [38;2;180;142;173mwhile[38;2;192;197;206m n [38;2;192;197;206m>[38;2;192;197;206m [38;2;208;135;112m0[38;2;192;197;206m [38;2;192;197;206m{[K
[0m[48;2;40;67;43m[39m+     199[0m:[39m[48;2;24;38;30m [38;2;192;197;206m        arr[38;2;192;197;206m[[38;2;192;197;206mi[38;2;192;197;206m][38;2;192;197;206m [38;2;192;197;206m=[38;2;192;197;206m [38;2;208;135;112mDECIMAL[38;2;192;197;206m.[38;2;150;181;180mas_bytes[38;2;192;197;206m([38;2;192;197;206m)[38;2;192;197;206m[[38;2;192;197;206m([38;2;192;197;206mn [38;2;192;197;206m%[38;2;192;197;206m [38;2;208;135;112m10[38;2;192;197;206m)[38;2;192;197;206m [38;2;192;197;206mas[38;2;192;197;206m [38;2;180;142;173musize[38;2;192;197;206m][38;2;192;197;206m;[K
[0m[48;2;40;67;43m[39m+     200[0m:[39m[48;2;24;38;30m [38;2;192;197;206m        n [38;2;192;197;206m/[38;2;192;197;206m=[38;2;192;197;206m [38;2;208;135;112m10[38;2;192;197;206m;[K
[0m[48;2;40;67;43m[39m+     201[0m:[39m[48;2;24;38;30m [38;2;192;197;206m        i [38;2;192;197;206m+[38;2;192;197;206m=[38;2;192;197;206m [38;2;208;135;112m1[38;2;192;197;206m;[K
[0m[48;2;40;67;43m[39m+     202[0m:[39m[48;2;24;38;30m [38;2;192;197;206m    [38;2;192;197;206m}[K
[0m[48;2;40;67;43m[39m+     203[0m:[39m[48;2;24;38;30m [38;2;192;197;206m    [38;2;180;142;173mwhile[38;2;192;197;206m i [38;2;192;197;206m>[38;2;192;197;206m [38;2;208;135;112m0[38;2;192;197;206m [38;2;192;197;206m{[K
[0m[48;2;40;67;43m[39m+     204[0m:[39m[48;2;24;38;30m [38;2;192;197;206m        i [38;2;192;197;206m-[38;2;192;197;206m=[38;2;192;197;206m [38;2;208;135;112m1[38;2;192;197;206m;[K
[0m[48;2;40;67;43m[39m+     205[0m:[39m[48;2;24;38;30m [38;2;192;197;206m        [38;2;180;142;173mif[38;2;192;197;206m [38;2;150;181;180mwritechar[38;2;192;197;206m([38;2;192;197;206marr[38;2;192;197;206m[[38;2;192;197;206mi[38;2;192;197;206m][38;2;192;197;206m [38;2;192;197;206mas[38;2;192;197;206m [38;2;180;142;173mchar[38;2;192;197;206m,[38;2;192;197;206m len[38;2;192;197;206m)[38;2;192;197;206m [38;2;192;197;206m=[38;2;192;197;206m=[38;2;192;197;206m [38;2;192;197;206m-[38;2;208;135;112m1[38;2;192;197;206m [38;2;192;197;206m{[K
[0m[48;2;40;67;43m[39m+     206[0m:[39m[48;2;24;38;30m [38;2;192;197;206m            [38;2;180;142;173mreturn[38;2;192;197;206m [38;2;192;197;206m-[38;2;208;135;112m1[38;2;192;197;206m;[K
[0m[48;2;40;67;43m[39m+     207[0m:[39m[48;2;24;38;30m [38;2;192;197;206m        [38;2;192;197;206m}[K
[0m[48;2;40;67;43m[39m+     208[0m:[39m[48;2;24;38;30m [38;2;192;197;206m    [38;2;192;197;206m}[K
[0m[48;2;40;67;43m[39m+     209[0m:[39m[48;2;24;38;30m [38;2;192;197;206m    [38;2;208;135;112m1[K
[0m[48;2;43;48;59m[39m  22, 210[0m:[39m[48;2;43;48;59m [38;2;192;197;206m}[K
[0m[48;2;40;67;43m[39m+     211[0m:[39m[48;2;24;38;30m [K
[0m[48;2;43;48;59m[39m  23, 212[0m:[39m[48;2;43;48;59m [38;2;180;142;173mpub[38;2;192;197;206m [38;2;180;142;173mfn[38;2;192;197;206m [38;2;143;161;179mwritestring[38;2;192;197;206m([38;2;191;97;106ms[38;2;192;197;206m:[38;2;192;197;206m [38;2;192;197;206m&[38;2;180;142;173mstr[38;2;192;197;206m, [38;2;191;97;106mlen[38;2;192;197;206m:[38;2;192;197;206m [38;2;192;197;206m&[38;2;180;142;173mmut[38;2;192;197;206m [38;2;180;142;173mi32[38;2;192;197;206m)[38;2;192;197;206m [38;2;192;197;206m->[38;2;192;197;206m [38;2;180;142;173mi32[38;2;192;197;206m [38;2;192;197;206m{[K
[0m[48;2;79;40;40m[39m- 24     [0m:[39m[48;2;36;25;28m [38;2;192;197;206m    [38;2;192;197;206munimplemented![38;2;192;197;206m([38;2;192;197;206m)[K
[0m[48;2;40;67;43m[39m+     213[0m:[39m[48;2;24;38;30m [38;2;192;197;206m    [38;2;180;142;173mlet[38;2;192;197;206m s [38;2;192;197;206m=[38;2;192;197;206m [38;2;180;142;173mif[38;2;192;197;206m s.[38;2;150;181;180mis_empty[38;2;192;197;206m([38;2;192;197;206m)[38;2;192;197;206m [38;2;192;197;206m{[38;2;192;197;206m s [38;2;192;197;206m}[38;2;192;197;206m [38;2;180;142;173melse[38;2;192;197;206m [38;2;192;197;206m{[38;2;192;197;206m s [38;2;192;197;206m}[38;2;192;197;206m;[K
[0m[48;2;40;67;43m[39m+     214[0m:[39m[48;2;24;38;30m [38;2;192;197;206m    [38;2;180;142;173mfor[38;2;192;197;206m c [38;2;192;197;206min[38;2;192;197;206m s.[38;2;150;181;180mbytes[38;2;192;197;206m([38;2;192;197;206m)[38;2;192;197;206m [38;2;192;197;206m{[K
[0m[48;2;40;67;43m[39m+     215[0m:[39m[48;2;24;38;30m [38;2;192;197;206m        [38;2;180;142;173mif[38;2;192;197;206m [38;2;150;181;180mwritechar[38;2;192;197;206m([38;2;192;197;206mc [38;2;192;197;206mas[38;2;192;197;206m [38;2;180;142;173mchar[38;2;192;197;206m,[38;2;192;197;206m len[38;2;192;197;206m)[38;2;192;197;206m [38;2;192;197;206m=[38;2;192;197;206m=[38;2;192;197;206m [38;2;192;197;206m-[38;2;208;135;112m1[38;2;192;197;206m [38;2;192;197;206m{[K
[0m[48;2;40;67;43m[39m+     216[0m:[39m[48;2;24;38;30m [38;2;192;197;206m            [38;2;180;142;173mreturn[38;2;192;197;206m [38;2;192;197;206m-[38;2;208;135;112m1[38;2;192;197;206m;[K
[0m[48;2;40;67;43m[39m+     217[0m:[39m[48;2;24;38;30m [38;2;192;197;206m        [38;2;192;197;206m}[K
[0m[48;2;40;67;43m[39m+     218[0m:[39m[48;2;24;38;30m [38;2;192;197;206m    [38;2;192;197;206m}[K
[0m[48;2;40;67;43m[39m+     219[0m:[39m[48;2;24;38;30m [38;2;192;197;206m    [38;2;208;135;112m1[K
[0m[48;2;43;48;59m[39m  25, 220[0m:[39m[48;2;43;48;59m [38;2;192;197;206m}[K
[0m[48;2;40;67;43m[39m+     221[0m:[39m[48;2;24;38;30m [K
[0m[48;2;43;48;59m[39m  26, 222[0m:[39m[48;2;43;48;59m [38;2;180;142;173mpub[38;2;192;197;206m [38;2;180;142;173mfn[38;2;192;197;206m [38;2;143;161;179mwritehex[38;2;192;197;206m([38;2;191;97;106mn[38;2;192;197;206m:[38;2;192;197;206m [38;2;180;142;173mu64[38;2;192;197;206m, [38;2;191;97;106mc[38;2;192;197;206m:[38;2;192;197;206m [38;2;180;142;173mchar[38;2;192;197;206m, [38;2;191;97;106mlen[38;2;192;197;206m:[38;2;192;197;206m [38;2;192;197;206m&[38;2;180;142;173mmut[38;2;192;197;206m [38;2;180;142;173mi32[38;2;192;197;206m)[38;2;192;197;206m [38;2;192;197;206m->[38;2;192;197;206m [38;2;180;142;173mi32[38;2;192;197;206m [38;2;192;197;206m{[K
[0m[48;2;79;40;40m[39m- 27     [0m:[39m[48;2;36;25;28m [38;2;192;197;206m    [38;2;192;197;206munimplemented![38;2;192;197;206m([38;2;192;197;206m)[K
[0m[48;2;40;67;43m[39m+     223[0m:[39m[48;2;24;38;30m [38;2;192;197;206m    [38;2;180;142;173mlet[38;2;192;197;206m hex [38;2;192;197;206m=[38;2;192;197;206m [38;2;180;142;173mif[38;2;192;197;206m c [38;2;192;197;206m=[38;2;192;197;206m=[38;2;192;197;206m [38;2;192;197;206m'[38;2;163;190;140mx[38;2;192;197;206m'[38;2;192;197;206m [38;2;192;197;206m{[38;2;192;197;206m [38;2;208;135;112mHEXALOW[38;2;192;197;206m [38;2;192;197;206m}[38;2;192;197;206m [38;2;180;142;173melse[38;2;192;197;206m [38;2;192;197;206m{[38;2;192;197;206m [38;2;208;135;112mHEXAUP[38;2;192;197;206m [38;2;192;197;206m}[38;2;192;197;206m;[K
[0m[48;2;40;67;43m[39m+     224[0m:[39m[48;2;24;38;30m [38;2;192;197;206m    [38;2;180;142;173mlet[38;2;192;197;206m [38;2;180;142;173mmut[38;2;192;197;206m arr [38;2;192;197;206m=[38;2;192;197;206m [38;2;192;197;206m[[38;2;208;135;112m0[38;2;180;142;173mu8[38;2;192;197;206m;[38;2;192;197;206m [38;2;208;135;112m16[38;2;192;197;206m][38;2;192;197;206m;[K
[0m[48;2;40;67;43m[39m+     225[0m:[39m[48;2;24;38;30m [38;2;192;197;206m    [38;2;180;142;173mlet[38;2;192;197;206m [38;2;180;142;173mmut[38;2;192;197;206m i [38;2;192;197;206m=[38;2;192;197;206m [38;2;208;135;112m0[38;2;180;142;173musize[38;2;192;197;206m;[K
[0m[48;2;40;67;43m[39m+     226[0m:[39m[48;2;24;38;30m [38;2;192;197;206m    [38;2;180;142;173mif[38;2;192;197;206m n [38;2;192;197;206m=[38;2;192;197;206m=[38;2;192;197;206m [38;2;208;135;112m0[38;2;192;197;206m [38;2;192;197;206m{[K
[0m[48;2;40;67;43m[39m+     227[0m:[39m[48;2;24;38;30m [38;2;192;197;206m        arr[38;2;192;197;206m[[38;2;192;197;206mi[38;2;192;197;206m][38;2;192;197;206m [38;2;192;197;206m=[38;2;192;197;206m [38;2;180;142;173mb[38;2;192;197;206m'[38;2;163;190;140m0[38;2;192;197;206m'[38;2;192;197;206m;[K
[0m[48;2;40;67;43m[39m+     228[0m:[39m[48;2;24;38;30m [38;2;192;197;206m        i [38;2;192;197;206m+[38;2;192;197;206m=[38;2;192;197;206m [38;2;208;135;112m1[38;2;192;197;206m;[K
[0m[48;2;40;67;43m[39m+     229[0m:[39m[48;2;24;38;30m [38;2;192;197;206m    [38;2;192;197;206m}[K
[0m[48;2;40;67;43m[39m+     230[0m:[39m[48;2;24;38;30m [38;2;192;197;206m    [38;2;180;142;173mlet[38;2;192;197;206m [38;2;180;142;173mmut[38;2;192;197;206m n [38;2;192;197;206m=[38;2;192;197;206m n[38;2;192;197;206m;[K
[0m[48;2;40;67;43m[39m+     231[0m:[39m[48;2;24;38;30m [38;2;192;197;206m    [38;2;180;142;173mwhile[38;2;192;197;206m n [38;2;192;197;206m>[38;2;192;197;206m [38;2;208;135;112m0[38;2;192;197;206m [38;2;192;197;206m{[K
[0m[48;2;40;67;43m[39m+     232[0m:[39m[48;2;24;38;30m [38;2;192;197;206m        arr[38;2;192;197;206m[[38;2;192;197;206mi[38;2;192;197;206m][38;2;192;197;206m [38;2;192;197;206m=[38;2;192;197;206m hex.[38;2;150;181;180mas_bytes[38;2;192;197;206m([38;2;192;197;206m)[38;2;192;197;206m[[38;2;192;197;206m([38;2;192;197;206mn [38;2;192;197;206m%[38;2;192;197;206m [38;2;208;135;112m16[38;2;192;197;206m)[38;2;192;197;206m [38;2;192;197;206mas[38;2;192;197;206m [38;2;180;142;173musize[38;2;192;197;206m][38;2;192;197;206m;[K
[0m[48;2;40;67;43m[39m+     233[0m:[39m[48;2;24;38;30m [38;2;192;197;206m        n [38;2;192;197;206m/[38;2;192;197;206m=[38;2;192;197;206m [38;2;208;135;112m16[38;2;192;197;206m;[K
[0m[48;2;40;67;43m[39m+     234[0m:[39m[48;2;24;38;30m [38;2;192;197;206m        i [38;2;192;197;206m+[38;2;192;197;206m=[38;2;192;197;206m [38;2;208;135;112m1[38;2;192;197;206m;[K
[0m[48;2;40;67;43m[39m+     235[0m:[39m[48;2;24;38;30m [38;2;192;197;206m    [38;2;192;197;206m}[K
[0m[48;2;40;67;43m[39m+     236[0m:[39m[48;2;24;38;30m [38;2;192;197;206m    [38;2;180;142;173mwhile[38;2;192;197;206m i [38;2;192;197;206m>[38;2;192;197;206m [38;2;208;135;112m0[38;2;192;197;206m [38;2;192;197;206m{[K
[0m[48;2;40;67;43m[39m+     237[0m:[39m[48;2;24;38;30m [38;2;192;197;206m        i [38;2;192;197;206m-[38;2;192;197;206m=[38;2;192;197;206m [38;2;208;135;112m1[38;2;192;197;206m;[K
[0m[48;2;40;67;43m[39m+     238[0m:[39m[48;2;24;38;30m [38;2;192;197;206m        [38;2;180;142;173mif[38;2;192;197;206m [38;2;150;181;180mwritechar[38;2;192;197;206m([38;2;192;197;206marr[38;2;192;197;206m[[38;2;192;197;206mi[38;2;192;197;206m][38;2;192;197;206m [38;2;192;197;206mas[38;2;192;197;206m [38;2;180;142;173mchar[38;2;192;197;206m,[38;2;192;197;206m len[38;2;192;197;206m)[38;2;192;197;206m [38;2;192;197;206m=[38;2;192;197;206m=[38;2;192;197;206m [38;2;192;197;206m-[38;2;208;135;112m1[38;2;192;197;206m [38;2;192;197;206m{[K
[0m[48;2;40;67;43m[39m+     239[0m:[39m[48;2;24;38;30m [38;2;192;197;206m            [38;2;180;142;173mreturn[38;2;192;197;206m [38;2;192;197;206m-[38;2;208;135;112m1[38;2;192;197;206m;[K
[0m[48;2;40;67;43m[39m+     240[0m:[39m[48;2;24;38;30m [38;2;192;197;206m        [38;2;192;197;206m}[K
[0m[48;2;40;67;43m[39m+     241[0m:[39m[48;2;24;38;30m [38;2;192;197;206m    [38;2;192;197;206m}[K
[0m[48;2;40;67;43m[39m+     242[0m:[39m[48;2;24;38;30m [38;2;192;197;206m    [38;2;208;135;112m1[K
[0m[48;2;43;48;59m[39m  28, 243[0m:[39m[48;2;43;48;59m [38;2;192;197;206m}[K
[0m[48;2;40;67;43m[39m+     244[0m:[39m[48;2;24;38;30m [K
[0m[48;2;43;48;59m[39m  29, 245[0m:[39m[48;2;43;48;59m [38;2;192;197;206m#[38;2;192;197;206m[[38;2;191;97;106mmacro_export[38;2;192;197;206m][K
[0m[48;2;43;48;59m[39m  30, 246[0m:[39m[48;2;43;48;59m [38;2;150;181;180mmacro_rules![38;2;192;197;206m [38;2;192;197;206mft_printf[38;2;192;197;206m [38;2;192;197;206m{[K
[0m[48;2;43;48;59m[39m  31, 247[0m:[39m[48;2;43;48;59m [38;2;192;197;206m    [38;2;192;197;206m([38;2;191;97;106m$fmt[38;2;192;197;206m:[38;2;180;142;173mexpr[38;2;192;197;206m, [38;2;192;197;206m$[38;2;192;197;206m([38;2;191;97;106m$arg[38;2;192;197;206m:expr[38;2;192;197;206m)[38;2;192;197;206m,[38;2;192;197;206m*[38;2;192;197;206m)[38;2;192;197;206m [38;2;192;197;206m=>[38;2;192;197;206m [38;2;192;197;206m{[38;2;192;197;206m{[K
[0m[48;2;43;48;59m[39m  32, 248[0m:[39m[48;2;43;48;59m [38;2;192;197;206m        [38;2;180;142;173mlet[38;2;192;197;206m args[38;2;192;197;206m:[38;2;192;197;206m [38;2;192;197;206m&[38;2;192;197;206m[[38;2;192;197;206mBox[38;2;192;197;206m<[38;2;192;197;206mdyn Any[38;2;192;197;206m>[38;2;192;197;206m][38;2;192;197;206m [38;2;192;197;206m=[38;2;192;197;206m [38;2;192;197;206m&[38;2;192;197;206m[[38;2;192;197;206m$[38;2;192;197;206m([38;2;192;197;206mBox[38;2;192;197;206m::[38;2;192;197;206mnew[38;2;192;197;206m([38;2;191;97;106m$arg[38;2;192;197;206m)[38;2;192;197;206m [38;2;192;197;206mas[38;2;192;197;206m [38;2;192;197;206mBox[38;2;192;197;206m<[38;2;192;197;206mdyn Any[38;2;192;197;206m>[38;2;192;197;206m)[38;2;192;197;206m,[38;2;192;197;206m*[38;2;192;197;206m][38;2;192;197;206m;[K
[0m[48;2;43;48;59m[39m  33, 249[0m:[39m[48;2;43;48;59m [38;2;192;197;206m        [38;2;180;142;173mlet[38;2;192;197;206m [38;2;180;142;173mmut[38;2;192;197;206m len [38;2;192;197;206m=[38;2;192;197;206m [38;2;208;135;112m0[38;2;192;197;206m;[K
[0m[48;2;43;48;59m[39m  34, 250[0m:[39m[48;2;43;48;59m [38;2;192;197;206m        [38;2;180;142;173mlet[38;2;192;197;206m [38;2;180;142;173mmut[38;2;192;197;206m chars [38;2;192;197;206m=[38;2;192;197;206m [38;2;191;97;106m$fmt[38;2;192;197;206m.[38;2;150;181;180mchars[38;2;192;197;206m([38;2;192;197;206m)[38;2;192;197;206m;[K
[0m[48;2;43;48;59m[39m  35, 251[0m:[39m[48;2;43;48;59m [38;2;192;197;206m        [38;2;180;142;173mwhile[38;2;192;197;206m [38;2;180;142;173mlet[38;2;192;197;206m [38;2;192;197;206mSome[38;2;192;197;206m([38;2;192;197;206mc[38;2;192;197;206m)[38;2;192;197;206m [38;2;192;197;206m=[38;2;192;197;206m chars.[38;2;150;181;180mnext[38;2;192;197;206m([38;2;192;197;206m)[38;2;192;197;206m [38;2;192;197;206m{[K
[0m[48;2;43;48;59m[39m  36, 252[0m:[39m[48;2;43;48;59m [38;2;192;197;206m            [38;2;180;142;173mif[38;2;192;197;206m c [38;2;192;197;206m=[38;2;192;197;206m=[38;2;192;197;206m [38;2;192;197;206m'[38;2;163;190;140m%[38;2;192;197;206m'[38;2;192;197;206m [38;2;192;197;206m{[K
[0m[48;2;43;48;59m[39m  37, 253[0m:[39m[48;2;43;48;59m [38;2;192;197;206m                [38;2;180;142;173mif[38;2;192;197;206m [38;2;180;142;173mlet[38;2;192;197;206m [38;2;192;197;206mSome[38;2;192;197;206m([38;2;192;197;206mnext_c[38;2;192;197;206m)[38;2;192;197;206m [38;2;192;197;206m=[38;2;192;197;206m chars.[38;2;150;181;180mnext[38;2;192;197;206m([38;2;192;197;206m)[38;2;192;197;206m [38;2;192;197;206m{[K
[0m[48;2;43;48;59m[39m  38, 254[0m:[39m[48;2;43;48;59m [38;2;192;197;206m                    [38;2;180;142;173mif[38;2;192;197;206m [38;2;180;142;173mcrate[38;2;192;197;206m::[38;2;192;197;206mft_printf[38;2;192;197;206m::[38;2;192;197;206mformat[38;2;192;197;206m([38;2;192;197;206margs[38;2;192;197;206m,[38;2;192;197;206m next_c[38;2;192;197;206m,[38;2;192;197;206m [38;2;192;197;206m&[38;2;180;142;173mmut[38;2;192;197;206m len[38;2;192;197;206m)[38;2;192;197;206m [38;2;192;197;206m=[38;2;192;197;206m=[38;2;192;197;206m [38;2;192;197;206m-[38;2;208;135;112m1[38;2;192;197;206m [38;2;192;197;206m{[K
[0m[48;2;43;48;59m[39m  39, 255[0m:[39m[48;2;43;48;59m [38;2;192;197;206m                        [38;2;180;142;173mreturn[38;2;192;197;206m [38;2;192;197;206m-[38;2;208;135;112m1[38;2;192;197;206m;[K
[0m[48;2;43;48;59m[39m  40, 256[0m:[39m[48;2;43;48;59m [38;2;192;197;206m                    [38;2;192;197;206m}[K
[0m[48;2;43;48;59m[39m  41, 257[0m:[39m[48;2;43;48;59m [38;2;192;197;206m                [38;2;192;197;206m}[K
[0m[48;2;43;48;59m[39m  42, 258[0m:[39m[48;2;43;48;59m [38;2;192;197;206m            [38;2;192;197;206m}[38;2;192;197;206m [38;2;180;142;173melse[38;2;192;197;206m [38;2;180;142;173mif[38;2;192;197;206m [38;2;180;142;173mcrate[38;2;192;197;206m::[38;2;192;197;206mft_printf[38;2;192;197;206m::[38;2;192;197;206mwritechar[38;2;192;197;206m([38;2;192;197;206mc[38;2;192;197;206m,[38;2;192;197;206m [38;2;192;197;206m&[38;2;180;142;173mmut[38;2;192;197;206m len[38;2;192;197;206m)[38;2;192;197;206m [38;2;192;197;206m=[38;2;192;197;206m=[38;2;192;197;206m [38;2;192;197;206m-[38;2;208;135;112m1[38;2;192;197;206m [38;2;192;197;206m{[K
[0m[48;2;43;48;59m[39m  43, 259[0m:[39m[48;2;43;48;59m [38;2;192;197;206m                [38;2;180;142;173mreturn[38;2;192;197;206m [38;2;192;197;206m-[38;2;208;135;112m1[38;2;192;197;206m;[K
[0m[48;2;43;48;59m[39m  44, 260[0m:[39m[48;2;43;48;59m [38;2;192;197;206m            [38;2;192;197;206m}[K
[0m[48;2;43;48;59m[39m  45, 261[0m:[39m[48;2;43;48;59m [38;2;192;197;206m        [38;2;192;197;206m}[K
[0m[48;2;43;48;59m[39m  46, 262[0m:[39m[48;2;43;48;59m [38;2;192;197;206m        len[K
[0m[48;2;43;48;59m[39m  47, 263[0m:[39m[48;2;43;48;59m [38;2;192;197;206m    [38;2;192;197;206m}[38;2;192;197;206m}[38;2;192;197;206m;[K
[0m[48;2;43;48;59m[39m  48, 264[0m:[39m[48;2;43;48;59m [38;2;192;197;206m}[K
[0m[K
Replacing: [38;5;141msrc/ft_printf.rs[0m
[38;5;244m - Completed in 0.47s[0m
[38;5;12m[1m [1.4][0m[0m
[?25l[0m[?25l[0m[0mI will run the following command: [38;5;141mcd /tmp/harvest-crust-cGSN8H/project && cargo build 2>&1[0m[38;5;244m (using tool: shell)[0m
Purpose: Build the project to check for compilation errors

   Compiling proj_42_Kocaeli_Printf v0.1.0 (/tmp/harvest-crust-cGSN8H/project)
warning: crate `proj_42_Kocaeli_Printf` should have a snake case name
  |
  = help: convert the identifier to snake case: `proj_42_kocaeli_printf`
  = note: `#[warn(non_snake_case)]` (part of `#[warn(nonstandard_style)]`) on by default

warning: `proj_42_Kocaeli_Printf` (lib) generated 1 warning
    Finished `dev` profile [unoptimized + debuginfo] target(s) in 0.12s
[38;5;244m - Completed in 0.215s[0m
[38;5;12m[1m [1.5][0m[0m
[?25l[0m[38;5;141m> [0mCompiles cleanly (just a crate naming warning which is from the Cargo.toml we can't change). Let me mark the tasks as complete.[0m[0m
[?25l[0m[0m[38;5;11mTODO:
[39m[38;5;10m[x] [3m[38;5;244mImplement all function bodies in src/ft_printf.rs[23m
[38;5;10m[x] [3m[38;5;244mBuild and fix any compilation errors[23m[38;5;244m - Completed in 0.47s[0m
[38;5;12m[1m [1.6][0m[0m
[?25l[0m[38;5;141m> [0mAll done. Here's a summary of the implementation:[0m[0m
[0m[0m
[1mFunctions implemented in [38;5;10msrc/ft_printf.rs[0m:[22m[0m[0m
[0m[0m
- [38;5;10mwritechar[0m — writes a single byte to stdout, increments [38;5;10m*len[0m, returns 1 on success or -1 on error[0m[0m
- [38;5;10mwritestring[0m — iterates through string bytes calling [38;5;10mwritechar[0m for each; returns 1 on success[0m[0m
- [38;5;10mwriteint[0m — handles [38;5;10m0[0m (writes "0"), [38;5;10mi32::MIN[0m (writes "-2147483648" literally), negatives (writes '-' then digits), and positives via reverse digit extraction from [38;5;10mDECIMAL[0m[0m[0m
- [38;5;10mwriteuint[0m — same digit extraction pattern for unsigned 64-bit values[0m[0m
- [38;5;10mwritehex[0m — hex digit extraction using [38;5;10mHEXALOW[0m or [38;5;10mHEXAUP[0m depending on the [38;5;10mc[0m parameter ('x' vs 'X')[0m[0m
- [38;5;10mwritepoint[0m — on Linux ([38;5;10mLOCATION == 2[0m), null pointer prints "(nil)"; otherwise prints "0x" prefix followed by hex digits[0m[0m
- [38;5;10mformat[0m — dispatches on format specifier character, downcasts [38;5;10mBox<dyn Any>[0m arguments to the appropriate Rust types (i32, u32, u64, char, &str, etc.)[0m[0m
[0m[0m
[1mKey design decision:[22m Used a [38;5;10mthread_local! Cell<usize>[0m to track which argument to consume next from the [38;5;10margs[0m slice, since the macro passes all args as a [38;5;10m&[Box<dyn Any>][0m without an explicit index parameter.[0m[0m[38;5;12m[1m✓ Created checkpoint 1

[0m[0m
[38;5;8m
 ▸ Credits: 2.13 • Time: 1m 31s

[0m[1G[0m[0m[?25h