[38;5;9mError: [0mFile URI not found: file://./harold-prompt.md (resolved to /home/scheschb/.kiro/agents/./harold-prompt.md)
[32mAll tools are now trusted ([0m[31m![0m[32m). Kiro will execute tools without asking for confirmation.[0m
Agents can sometimes do unexpected things so understand the risks.

Learn more at [38;5;141mhttps://kiro.dev/docs/cli/chat/security/#using-tools-trust-all-safely[0m


[38;5;12m[1m📷 Checkpoints are enabled! (took 0.04s)

[0m
[38;5;252m[0m[?25l[38;5;141m> [0m[0m[0m
[0m[0m
I'll start by understanding the C source code structure, then translate it to Rust.[0m[0m
[?25l[0m[0mBatch fs_read operation with [38;5;141m2[0m operations[38;5;244m (using tool: read)[0m

↱ Operation 1: Reading directory: [38;5;141m/local/home/scheschb/Git/harvest-agentic-translate-results/B01_organic/bitwriter_add_lib/translated_rust[0m
↱ Operation 2: Reading directory: [38;5;141m/local/home/scheschb/Git/harvest-agentic-translate-results/B01_organic/bitwriter_add_lib/translated_rust/c_src[0m
[38;5;10m ✓ [0mSuccessfully read directory [38;5;141m/local/home/scheschb/Git/harvest-agentic-translate-results/B01_organic/bitwriter_add_lib/translated_rust[0m [38;5;244m(6 entries)[0m

[38;5;10m ✓ [0mSuccessfully read directory [38;5;141m/local/home/scheschb/Git/harvest-agentic-translate-results/B01_organic/bitwriter_add_lib/translated_rust/c_src[0m [38;5;244m(5 entries)[0m

 ⋮ 

[38;5;244m- [0mSummary: 2 operations processed, 2 successful, 0 failed
[38;5;244m - Completed in 0.4s[0m

[?25l[0m[?25l[0m[0mBatch fs_read operation with [38;5;141m3[0m operations[38;5;244m (using tool: read)[0m

↱ Operation 1: Reading file: [38;5;141m/local/home/scheschb/Git/harvest-agentic-translate-results/B01_organic/bitwriter_add_lib/translated_rust/c_src/include/lib.h[0m, all lines
↱ Operation 2: Reading file: [38;5;141m/local/home/scheschb/Git/harvest-agentic-translate-results/B01_organic/bitwriter_add_lib/translated_rust/c_src/src/lib.c[0m, all lines
↱ Operation 3: Reading file: [38;5;141m/local/home/scheschb/Git/harvest-agentic-translate-results/B01_organic/bitwriter_add_lib/translated_rust/c_src/CMakeLists.txt[0m, all lines
[38;5;10m ✓ [0mSuccessfully read [38;5;244m439 bytes[0m from /local/home/scheschb/Git/harvest-agentic-translate-results/B01_organic/bitwriter_add_lib/translated_rust/c_src/include/lib.h

[38;5;10m ✓ [0mSuccessfully read [38;5;244m670 bytes[0m from /local/home/scheschb/Git/harvest-agentic-translate-results/B01_organic/bitwriter_add_lib/translated_rust/c_src/src/lib.c

[38;5;10m ✓ [0mSuccessfully read [38;5;244m439 bytes[0m from /local/home/scheschb/Git/harvest-agentic-translate-results/B01_organic/bitwriter_add_lib/translated_rust/c_src/CMakeLists.txt

 ⋮ 

[38;5;244m- [0mSummary: 3 operations processed, 3 successful, 0 failed
[38;5;244m - Completed in 0.3s[0m

[?25l[0m[38;5;141m> [0mNow I have a clear picture. Let me extract the project name and create the Rust files.[0m[0m
[?25l[0m[0mI will run the following command: [38;5;141mbasename "$(dirname /local/home/scheschb/Git/harvest-agentic-translate-results/B01_organic/bitwriter_add_lib/translated_rust/c_src)"[0m[38;5;244m (using tool: shell)[0m
Purpose: Get the project name from the parent directory

translated_rust
[38;5;244m - Completed in 0.12s[0m

[?25l[0m[38;5;141m> [0mThe project name is [38;5;10mtranslated_rust[0m. Now let me check what [38;5;10msizeof(tflac_uint)[0m is — it's [38;5;10mu64[0m, so [38;5;10m8 * sizeof(tflac_uint) = 64[0m.[0m[0m
[0m[0m
Let me create the Cargo.toml and src/lib.rs:[0m[0m
[?25l[0m[0mI'll create the following file: [38;5;141m/local/home/scheschb/Git/harvest-agentic-translate-results/B01_organic/bitwriter_add_lib/translated_rust/Cargo.toml[0m[38;5;244m (using tool: write)[0m

[49m[38;5;10m+    1[0m:[38;5;10m[49m [package]
[0m[49m[38;5;10m+    2[0m:[38;5;10m[49m name = "translated_rust"
[0m[49m[38;5;10m+    3[0m:[38;5;10m[49m version = "0.1.0"
[0m[49m[38;5;10m+    4[0m:[38;5;10m[49m edition = "2021"
[0m[49m[38;5;10m+    5[0m:[38;5;10m[49m 
[0m[49m[38;5;10m+    6[0m:[38;5;10m[49m [lib]
[0m[49m[38;5;10m+    7[0m:[38;5;10m[49m crate-type = ["cdylib"]
[0m[K
Creating: [38;5;141m/local/home/scheschb/Git/harvest-agentic-translate-results/B01_organic/bitwriter_add_lib/translated_rust/Cargo.toml[0m
[38;5;244m - Completed in 0.38s[0m
[38;5;12m[1m [1.1][0m[0m
[?25l[0m[?25l[0m[0mI will run the following command: [38;5;141mmkdir -p /local/home/scheschb/Git/harvest-agentic-translate-results/B01_organic/bitwriter_add_lib/translated_rust/src[0m[38;5;244m (using tool: shell)[0m
Purpose: Create src directory

[38;5;244m - Completed in 0.11s[0m

[?25l[0m[?25l[0m[0mI'll create the following file: [38;5;141m/local/home/scheschb/Git/harvest-agentic-translate-results/B01_organic/bitwriter_add_lib/translated_rust/src/lib.rs[0m[38;5;244m (using tool: write)[0m

[48;2;40;67;43m[39m+     1[0m:[39m[48;2;24;38;30m [38;2;180;142;173muse[38;2;192;197;206m [38;2;192;197;206mstd[38;2;192;197;206m::[38;2;192;197;206mos[38;2;192;197;206m::[38;2;192;197;206mraw[38;2;192;197;206m::[38;2;180;142;173mc_int[38;2;192;197;206m;[K
[0m[48;2;40;67;43m[39m+     2[0m:[39m[48;2;24;38;30m [K
[0m[48;2;40;67;43m[39m+     3[0m:[39m[48;2;24;38;30m [38;2;180;142;173mtype[38;2;192;197;206m [38;2;192;197;206mTflacU8[38;2;192;197;206m [38;2;192;197;206m=[38;2;192;197;206m [38;2;180;142;173mu8[38;2;192;197;206m;[K
[0m[48;2;40;67;43m[39m+     4[0m:[39m[48;2;24;38;30m [38;2;180;142;173mtype[38;2;192;197;206m [38;2;192;197;206mTflacU32[38;2;192;197;206m [38;2;192;197;206m=[38;2;192;197;206m [38;2;180;142;173mu32[38;2;192;197;206m;[K
[0m[48;2;40;67;43m[39m+     5[0m:[39m[48;2;24;38;30m [38;2;180;142;173mtype[38;2;192;197;206m [38;2;192;197;206mTflacU64[38;2;192;197;206m [38;2;192;197;206m=[38;2;192;197;206m [38;2;180;142;173mu64[38;2;192;197;206m;[K
[0m[48;2;40;67;43m[39m+     6[0m:[39m[48;2;24;38;30m [38;2;180;142;173mtype[38;2;192;197;206m [38;2;192;197;206mTflacUint[38;2;192;197;206m [38;2;192;197;206m=[38;2;192;197;206m TflacU64[38;2;192;197;206m;[K
[0m[48;2;40;67;43m[39m+     7[0m:[39m[48;2;24;38;30m [K
[0m[48;2;40;67;43m[39m+     8[0m:[39m[48;2;24;38;30m [38;2;180;142;173mconst[38;2;192;197;206m [38;2;208;135;112mUINT_BITS[38;2;192;197;206m:[38;2;192;197;206m [38;2;180;142;173mu32[38;2;192;197;206m [38;2;192;197;206m=[38;2;192;197;206m [38;2;208;135;112m8[38;2;192;197;206m [38;2;192;197;206m*[38;2;192;197;206m [38;2;192;197;206mstd[38;2;192;197;206m::[38;2;192;197;206mmem[38;2;192;197;206m::[38;2;192;197;206msize_of[38;2;192;197;206m::[38;2;192;197;206m<[38;2;192;197;206mTflacUint[38;2;192;197;206m>[38;2;192;197;206m([38;2;192;197;206m)[38;2;192;197;206m [38;2;192;197;206mas[38;2;192;197;206m [38;2;180;142;173mu32[38;2;192;197;206m;[38;2;192;197;206m [38;2;101;115;126m//[38;2;101;115;126m 64[K
[0m[48;2;40;67;43m[39m+     9[0m:[39m[48;2;24;38;30m [K
[0m[48;2;40;67;43m[39m+    10[0m:[39m[48;2;24;38;30m [38;2;192;197;206m#[38;2;192;197;206m[[38;2;191;97;106mrepr[38;2;192;197;206m([38;2;192;197;206mC[38;2;192;197;206m)[38;2;192;197;206m][K
[0m[48;2;40;67;43m[39m+    11[0m:[39m[48;2;24;38;30m [38;2;180;142;173mpub[38;2;192;197;206m [38;2;180;142;173mstruct[38;2;192;197;206m [38;2;192;197;206mTflacBitwriter[38;2;192;197;206m [38;2;192;197;206m{[K
[0m[48;2;40;67;43m[39m+    12[0m:[39m[48;2;24;38;30m [38;2;192;197;206m    [38;2;180;142;173mpub[38;2;192;197;206m [38;2;191;97;106mval[38;2;192;197;206m:[38;2;192;197;206m TflacUint,[K
[0m[48;2;40;67;43m[39m+    13[0m:[39m[48;2;24;38;30m [38;2;192;197;206m    [38;2;180;142;173mpub[38;2;192;197;206m [38;2;191;97;106mbits[38;2;192;197;206m:[38;2;192;197;206m TflacU32,[K
[0m[48;2;40;67;43m[39m+    14[0m:[39m[48;2;24;38;30m [38;2;192;197;206m    [38;2;180;142;173mpub[38;2;192;197;206m [38;2;191;97;106mpos[38;2;192;197;206m:[38;2;192;197;206m TflacU32,[K
[0m[48;2;40;67;43m[39m+    15[0m:[39m[48;2;24;38;30m [38;2;192;197;206m    [38;2;180;142;173mpub[38;2;192;197;206m [38;2;191;97;106mlen[38;2;192;197;206m:[38;2;192;197;206m TflacU32,[K
[0m[48;2;40;67;43m[39m+    16[0m:[39m[48;2;24;38;30m [38;2;192;197;206m    [38;2;180;142;173mpub[38;2;192;197;206m [38;2;191;97;106mtot[38;2;192;197;206m:[38;2;192;197;206m TflacU32,[K
[0m[48;2;40;67;43m[39m+    17[0m:[39m[48;2;24;38;30m [38;2;192;197;206m    [38;2;180;142;173mpub[38;2;192;197;206m [38;2;191;97;106mbuffer[38;2;192;197;206m:[38;2;192;197;206m *[38;2;180;142;173mmut[38;2;192;197;206m TflacU8,[K
[0m[48;2;40;67;43m[39m+    18[0m:[39m[48;2;24;38;30m [38;2;192;197;206m}[K
[0m[48;2;40;67;43m[39m+    19[0m:[39m[48;2;24;38;30m [K
[0m[48;2;40;67;43m[39m+    20[0m:[39m[48;2;24;38;30m [38;2;192;197;206m#[38;2;192;197;206m[[38;2;191;97;106munsafe[38;2;192;197;206m([38;2;192;197;206mno_mangle[38;2;192;197;206m)[38;2;192;197;206m][K
[0m[48;2;40;67;43m[39m+    21[0m:[39m[48;2;24;38;30m [38;2;180;142;173mpub[38;2;192;197;206m [38;2;180;142;173mextern[38;2;192;197;206m [38;2;192;197;206m"[38;2;163;190;140mC[38;2;192;197;206m"[38;2;192;197;206m [38;2;180;142;173mfn[38;2;192;197;206m [38;2;143;161;179mbitwriter_add[38;2;192;197;206m([K
[0m[48;2;40;67;43m[39m+    22[0m:[39m[48;2;24;38;30m [38;2;192;197;206m    [38;2;191;97;106mbw[38;2;192;197;206m:[38;2;192;197;206m *[38;2;180;142;173mmut[38;2;192;197;206m TflacBitwriter,[K
[0m[48;2;40;67;43m[39m+    23[0m:[39m[48;2;24;38;30m [38;2;192;197;206m    [38;2;180;142;173mmut[38;2;192;197;206m [38;2;191;97;106mbits[38;2;192;197;206m:[38;2;192;197;206m TflacU32,[K
[0m[48;2;40;67;43m[39m+    24[0m:[39m[48;2;24;38;30m [38;2;192;197;206m    [38;2;180;142;173mmut[38;2;192;197;206m [38;2;191;97;106mval[38;2;192;197;206m:[38;2;192;197;206m TflacUint,[K
[0m[48;2;40;67;43m[39m+    25[0m:[39m[48;2;24;38;30m [38;2;192;197;206m)[38;2;192;197;206m [38;2;192;197;206m->[38;2;192;197;206m c_int[38;2;192;197;206m [38;2;192;197;206m{[K
[0m[48;2;40;67;43m[39m+    26[0m:[39m[48;2;24;38;30m [38;2;192;197;206m    [38;2;180;142;173mlet[38;2;192;197;206m bw [38;2;192;197;206m=[38;2;192;197;206m [38;2;180;142;173munsafe[38;2;192;197;206m [38;2;192;197;206m{[38;2;192;197;206m [38;2;192;197;206m&[38;2;180;142;173mmut[38;2;192;197;206m [38;2;192;197;206m*[38;2;192;197;206mbw [38;2;192;197;206m}[38;2;192;197;206m;[K
[0m[48;2;40;67;43m[39m+    27[0m:[39m[48;2;24;38;30m [38;2;192;197;206m    [38;2;180;142;173mlet[38;2;192;197;206m mask[38;2;192;197;206m:[38;2;192;197;206m TflacUint [38;2;192;197;206m=[38;2;192;197;206m [38;2;208;135;112m18446744073709551615[38;2;180;142;173mu64[38;2;192;197;206m [38;2;192;197;206m<[38;2;192;197;206m<[38;2;192;197;206m [38;2;208;135;112m1[38;2;192;197;206m;[K
[0m[48;2;40;67;43m[39m+    28[0m:[39m[48;2;24;38;30m [K
[0m[48;2;40;67;43m[39m+    29[0m:[39m[48;2;24;38;30m [38;2;192;197;206m    val [38;2;192;197;206m=[38;2;192;197;206m val.[38;2;150;181;180mwrapping_shl[38;2;192;197;206m([38;2;208;135;112mUINT_BITS[38;2;192;197;206m.[38;2;150;181;180mwrapping_sub[38;2;192;197;206m([38;2;192;197;206mbits[38;2;192;197;206m)[38;2;192;197;206m)[38;2;192;197;206m;[K
[0m[48;2;40;67;43m[39m+    30[0m:[39m[48;2;24;38;30m [38;2;192;197;206m    bw.tot [38;2;192;197;206m=[38;2;192;197;206m bw.tot.[38;2;150;181;180mwrapping_add[38;2;192;197;206m([38;2;192;197;206mbits[38;2;192;197;206m)[38;2;192;197;206m;[K
[0m[48;2;40;67;43m[39m+    31[0m:[39m[48;2;24;38;30m [K
[0m[48;2;40;67;43m[39m+    32[0m:[39m[48;2;24;38;30m [38;2;192;197;206m    [38;2;180;142;173mlet[38;2;192;197;206m [38;2;180;142;173mmut[38;2;192;197;206m i[38;2;192;197;206m:[38;2;192;197;206m [38;2;180;142;173mc_int[38;2;192;197;206m [38;2;192;197;206m=[38;2;192;197;206m [38;2;208;135;112m0[38;2;192;197;206m;[K
[0m[48;2;40;67;43m[39m+    33[0m:[39m[48;2;24;38;30m [38;2;192;197;206m    [38;2;180;142;173mwhile[38;2;192;197;206m bw.bits.[38;2;150;181;180mwrapping_add[38;2;192;197;206m([38;2;192;197;206mbits[38;2;192;197;206m)[38;2;192;197;206m [38;2;192;197;206m>[38;2;192;197;206m=[38;2;192;197;206m [38;2;208;135;112mUINT_BITS[38;2;192;197;206m [38;2;192;197;206m&[38;2;192;197;206m&[38;2;192;197;206m i [38;2;192;197;206m<[38;2;192;197;206m [38;2;208;135;112m100[38;2;192;197;206m [38;2;192;197;206m{[K
[0m[48;2;40;67;43m[39m+    34[0m:[39m[48;2;24;38;30m [38;2;192;197;206m        [38;2;180;142;173mlet[38;2;192;197;206m [38;2;180;142;173mmut[38;2;192;197;206m b[38;2;192;197;206m:[38;2;192;197;206m TflacU32 [38;2;192;197;206m=[38;2;192;197;206m [38;2;208;135;112mUINT_BITS[38;2;192;197;206m [38;2;192;197;206m-[38;2;192;197;206m bw.bits [38;2;192;197;206m-[38;2;192;197;206m [38;2;208;135;112m1[38;2;192;197;206m;[K
[0m[48;2;40;67;43m[39m+    35[0m:[39m[48;2;24;38;30m [38;2;192;197;206m        b [38;2;192;197;206m=[38;2;192;197;206m [38;2;180;142;173mif[38;2;192;197;206m b [38;2;192;197;206m>[38;2;192;197;206m bits [38;2;192;197;206m{[38;2;192;197;206m bits [38;2;192;197;206m}[38;2;192;197;206m [38;2;180;142;173melse[38;2;192;197;206m [38;2;192;197;206m{[38;2;192;197;206m b [38;2;192;197;206m}[38;2;192;197;206m;[K
[0m[48;2;40;67;43m[39m+    36[0m:[39m[48;2;24;38;30m [38;2;192;197;206m        bw.val [38;2;192;197;206m|[38;2;192;197;206m=[38;2;192;197;206m val.[38;2;150;181;180mwrapping_shr[38;2;192;197;206m([38;2;192;197;206mbw.bits[38;2;192;197;206m)[38;2;192;197;206m;[K
[0m[48;2;40;67;43m[39m+    37[0m:[39m[48;2;24;38;30m [38;2;192;197;206m        bw.bits [38;2;192;197;206m=[38;2;192;197;206m bw.bits.[38;2;150;181;180mwrapping_add[38;2;192;197;206m([38;2;192;197;206mb[38;2;192;197;206m)[38;2;192;197;206m;[K
[0m[48;2;40;67;43m[39m+    38[0m:[39m[48;2;24;38;30m [38;2;192;197;206m        bw.val [38;2;192;197;206m&[38;2;192;197;206m=[38;2;192;197;206m mask[38;2;192;197;206m;[K
[0m[48;2;40;67;43m[39m+    39[0m:[39m[48;2;24;38;30m [38;2;192;197;206m        val [38;2;192;197;206m=[38;2;192;197;206m val.[38;2;150;181;180mwrapping_shl[38;2;192;197;206m([38;2;192;197;206mb[38;2;192;197;206m)[38;2;192;197;206m;[K
[0m[48;2;40;67;43m[39m+    40[0m:[39m[48;2;24;38;30m [38;2;192;197;206m        bits [38;2;192;197;206m-[38;2;192;197;206m=[38;2;192;197;206m b[38;2;192;197;206m;[K
[0m[48;2;40;67;43m[39m+    41[0m:[39m[48;2;24;38;30m [38;2;192;197;206m        i [38;2;192;197;206m+[38;2;192;197;206m=[38;2;192;197;206m [38;2;208;135;112m1[38;2;192;197;206m;[K
[0m[48;2;40;67;43m[39m+    42[0m:[39m[48;2;24;38;30m [38;2;192;197;206m    [38;2;192;197;206m}[K
[0m[48;2;40;67;43m[39m+    43[0m:[39m[48;2;24;38;30m [K
[0m[48;2;40;67;43m[39m+    44[0m:[39m[48;2;24;38;30m [38;2;192;197;206m    bw.val [38;2;192;197;206m|[38;2;192;197;206m=[38;2;192;197;206m val.[38;2;150;181;180mwrapping_shr[38;2;192;197;206m([38;2;192;197;206mbw.bits[38;2;192;197;206m)[38;2;192;197;206m;[K
[0m[48;2;40;67;43m[39m+    45[0m:[39m[48;2;24;38;30m [38;2;192;197;206m    bw.bits [38;2;192;197;206m=[38;2;192;197;206m bw.bits.[38;2;150;181;180mwrapping_add[38;2;192;197;206m([38;2;192;197;206mbits[38;2;192;197;206m)[38;2;192;197;206m;[K
[0m[48;2;40;67;43m[39m+    46[0m:[39m[48;2;24;38;30m [K
[0m[48;2;40;67;43m[39m+    47[0m:[39m[48;2;24;38;30m [38;2;192;197;206m    [38;2;208;135;112m0[K
[0m[48;2;40;67;43m[39m+    48[0m:[39m[48;2;24;38;30m [38;2;192;197;206m}[K
[0m[K
Creating: [38;5;141m/local/home/scheschb/Git/harvest-agentic-translate-results/B01_organic/bitwriter_add_lib/translated_rust/src/lib.rs[0m
[38;5;244m - Completed in 0.40s[0m
[38;5;12m[1m [1.2][0m[0m
[?25l[0m[?25l[0m[0mI will run the following command: [38;5;141mcd /local/home/scheschb/Git/harvest-agentic-translate-results/B01_organic/bitwriter_add_lib/translated_rust && cargo build --release 2>&1[0m[38;5;244m (using tool: shell)[0m
Purpose: Build the Rust library

   Compiling translated_rust v0.1.0 (/local/home/scheschb/Git/harvest-agentic-translate-results/B01_organic/bitwriter_add_lib/translated_rust)
    Finished `release` profile [optimized] target(s) in 0.17s
[38;5;244m - Completed in 0.295s[0m
[38;5;12m[1m [1.3][0m[0m
[?25l[0m[38;5;141m> [0mCompiles cleanly. Here's a summary of the translation:[0m[0m
[0m[0m
- [38;5;10mtflac_bitwriter[0m struct → [38;5;10mTflacBitwriter[0m with [38;5;10m#[repr(C)][0m to match C memory layout[0m[0m
- [38;5;10mbitwriter_add[0m → [38;5;10mextern "C"[0m with [38;5;10m#[unsafe(no_mangle)][0m preserving the exact signature[0m[0m
- The constant [38;5;10m18446744073709551615UL << 1[0m (which is [38;5;10mu64::MAX << 1[0m) is preserved literally[0m[0m
- All arithmetic uses [38;5;10mwrapping_*[0m methods to match C's unsigned overflow/shift semantics exactly[0m[0m
- The loop logic, variable ordering, and error check order are identical to the C source[0m[0m
- [38;5;10msizeof(tflac_uint)[0m = 8 bytes → [38;5;10mUINT_BITS = 64[0m, matching the C behavior[0m[0m[38;5;12m[1m✓ Created checkpoint 1

[0m[0m
[38;5;8m
 ▸ Credits: 2.90 • Time: 37s

[0m[1G[0m[0m[?25h