[38;5;9mError: [0mFile URI not found: file://./harold-prompt.md (resolved to /home/scheschb/.kiro/agents/./harold-prompt.md)
[32mAll tools are now trusted ([0m[31m![0m[32m). Kiro will execute tools without asking for confirmation.[0m
Agents can sometimes do unexpected things so understand the risks.

Learn more at [38;5;141mhttps://kiro.dev/docs/cli/chat/security/#using-tools-trust-all-safely[0m


[38;5;12m[1m📷 Checkpoints are enabled! (took 0.04s)

[0m
[38;5;252m[0m[?25l[38;5;141m> [0m[0m[0m
[0m[0m
Let me start by understanding the C source code and the project structure.[0m[0m
[?25l[0m[0mReading directory: [38;5;141m/local/home/scheschb/Git/harvest-agentic-translate-results/B01_organic/contrast_ratio_lib/translated_rust[0m[38;5;244m (using tool: read, max depth: 2, max entries: 1000, excluding: defaults)[0m
[38;5;10m ✓ [0mSuccessfully read directory [38;5;141m/local/home/scheschb/Git/harvest-agentic-translate-results/B01_organic/contrast_ratio_lib/translated_rust[0m [38;5;244m(6 entries)[0m
[38;5;244m - Completed in 0.4s[0m

[?25l[0m[?25l[0m[0mBatch fs_read operation with [38;5;141m3[0m operations[38;5;244m (using tool: read)[0m

↱ Operation 1: Reading file: [38;5;141m/local/home/scheschb/Git/harvest-agentic-translate-results/B01_organic/contrast_ratio_lib/translated_rust/c_src/include/lib.h[0m, all lines
↱ Operation 2: Reading file: [38;5;141m/local/home/scheschb/Git/harvest-agentic-translate-results/B01_organic/contrast_ratio_lib/translated_rust/c_src/src/lib.c[0m, all lines
↱ Operation 3: Reading file: [38;5;141m/local/home/scheschb/Git/harvest-agentic-translate-results/B01_organic/contrast_ratio_lib/translated_rust/c_src/CMakeLists.txt[0m, all lines
[38;5;10m ✓ [0mSuccessfully read [38;5;244m155 bytes[0m from /local/home/scheschb/Git/harvest-agentic-translate-results/B01_organic/contrast_ratio_lib/translated_rust/c_src/include/lib.h

[38;5;10m ✓ [0mSuccessfully read [38;5;244m1023 bytes[0m from /local/home/scheschb/Git/harvest-agentic-translate-results/B01_organic/contrast_ratio_lib/translated_rust/c_src/src/lib.c

[38;5;10m ✓ [0mSuccessfully read [38;5;244m489 bytes[0m from /local/home/scheschb/Git/harvest-agentic-translate-results/B01_organic/contrast_ratio_lib/translated_rust/c_src/CMakeLists.txt

 ⋮ 

[38;5;244m- [0mSummary: 3 operations processed, 3 successful, 0 failed
[38;5;244m - Completed in 0.3s[0m

[?25l[0m[?25l[0m[0m[38;5;11mTODO:
[39m[0m[ ] Create Cargo.toml with package name contrast_ratio_lib and cdylib crate-type
[0m[ ] Create src/lib.rs with translated Rust code
[0m[ ] Build with cargo build --release and fix errors[38;5;244m - Completed in 0.4s[0m

[?25l[0m[38;5;141m> [0mNow let me create both files:[0m[0m
[?25l[0m[0mI'll create the following file: [38;5;141m/local/home/scheschb/Git/harvest-agentic-translate-results/B01_organic/contrast_ratio_lib/translated_rust/Cargo.toml[0m[38;5;244m (using tool: write)[0m

[49m[38;5;10m+    1[0m:[38;5;10m[49m [package]
[0m[49m[38;5;10m+    2[0m:[38;5;10m[49m name = "contrast_ratio_lib"
[0m[49m[38;5;10m+    3[0m:[38;5;10m[49m version = "0.1.0"
[0m[49m[38;5;10m+    4[0m:[38;5;10m[49m edition = "2021"
[0m[49m[38;5;10m+    5[0m:[38;5;10m[49m 
[0m[49m[38;5;10m+    6[0m:[38;5;10m[49m [lib]
[0m[49m[38;5;10m+    7[0m:[38;5;10m[49m crate-type = ["cdylib"]
[0m[K
Creating: [38;5;141m/local/home/scheschb/Git/harvest-agentic-translate-results/B01_organic/contrast_ratio_lib/translated_rust/Cargo.toml[0m
[38;5;244m - Completed in 0.38s[0m
[38;5;12m[1m [1.1][0m[0m
[?25l[0m[?25l[0m[0m[38;5;11mTODO:
[39m[38;5;10m[x] [3m[38;5;244mCreate Cargo.toml with package name contrast_ratio_lib and cdylib crate-type[23m
[0m[ ] Create src/lib.rs with translated Rust code[38;5;244m - Completed in 0.4s[0m

[?25l[0m[38;5;141m> [0mNow the Rust translation. The C code has:[0m[0m
- A [38;5;10mcb_rgb_255[0m struct with [38;5;10mR[0m, [38;5;10mG[0m, [38;5;10mB[0m as [38;5;10munsigned char[0m[0m[0m
- A static [38;5;10mcbLuminance[0m function doing sRGB linearization then weighted sum[0m[0m
- A static [38;5;10mcbContrastRatio[0m that computes luminance ratio (note: no [38;5;10m+0.05[0m offset — this is a bug in the C code but we must reproduce it)[0m[0m
- A public [38;5;10mcontrast_ratio[0m function taking two structs by value[0m[0m
[?25l[0m[0mI'll create the following file: [38;5;141m/local/home/scheschb/Git/harvest-agentic-translate-results/B01_organic/contrast_ratio_lib/translated_rust/src/lib.rs[0m[38;5;244m (using tool: write)[0m

[48;2;40;67;43m[39m+     1[0m:[39m[48;2;24;38;30m [38;2;192;197;206m#[38;2;192;197;206m[[38;2;191;97;106mrepr[38;2;192;197;206m([38;2;192;197;206mC[38;2;192;197;206m)[38;2;192;197;206m][K
[0m[48;2;40;67;43m[39m+     2[0m:[39m[48;2;24;38;30m [38;2;180;142;173mpub[38;2;192;197;206m [38;2;180;142;173mstruct[38;2;192;197;206m [38;2;192;197;206mcb_rgb_255[38;2;192;197;206m [38;2;192;197;206m{[K
[0m[48;2;40;67;43m[39m+     3[0m:[39m[48;2;24;38;30m [38;2;192;197;206m    [38;2;180;142;173mpub[38;2;192;197;206m [38;2;191;97;106mR[38;2;192;197;206m:[38;2;192;197;206m [38;2;180;142;173mu8[38;2;192;197;206m,[K
[0m[48;2;40;67;43m[39m+     4[0m:[39m[48;2;24;38;30m [38;2;192;197;206m    [38;2;180;142;173mpub[38;2;192;197;206m [38;2;191;97;106mG[38;2;192;197;206m:[38;2;192;197;206m [38;2;180;142;173mu8[38;2;192;197;206m,[K
[0m[48;2;40;67;43m[39m+     5[0m:[39m[48;2;24;38;30m [38;2;192;197;206m    [38;2;180;142;173mpub[38;2;192;197;206m [38;2;191;97;106mB[38;2;192;197;206m:[38;2;192;197;206m [38;2;180;142;173mu8[38;2;192;197;206m,[K
[0m[48;2;40;67;43m[39m+     6[0m:[39m[48;2;24;38;30m [38;2;192;197;206m}[K
[0m[48;2;40;67;43m[39m+     7[0m:[39m[48;2;24;38;30m [K
[0m[48;2;40;67;43m[39m+     8[0m:[39m[48;2;24;38;30m [38;2;180;142;173mfn[38;2;192;197;206m [38;2;143;161;179mcb_luminance[38;2;192;197;206m([38;2;180;142;173mmut[38;2;192;197;206m [38;2;191;97;106mr[38;2;192;197;206m:[38;2;192;197;206m [38;2;180;142;173mf32[38;2;192;197;206m, [38;2;180;142;173mmut[38;2;192;197;206m [38;2;191;97;106mg[38;2;192;197;206m:[38;2;192;197;206m [38;2;180;142;173mf32[38;2;192;197;206m, [38;2;180;142;173mmut[38;2;192;197;206m [38;2;191;97;106mb[38;2;192;197;206m:[38;2;192;197;206m [38;2;180;142;173mf32[38;2;192;197;206m)[38;2;192;197;206m [38;2;192;197;206m->[38;2;192;197;206m [38;2;180;142;173mf32[38;2;192;197;206m [38;2;192;197;206m{[K
[0m[48;2;40;67;43m[39m+     9[0m:[39m[48;2;24;38;30m [38;2;192;197;206m    r [38;2;192;197;206m=[38;2;192;197;206m [38;2;180;142;173mif[38;2;192;197;206m r [38;2;192;197;206m>[38;2;192;197;206m [38;2;208;135;112m0.[38;2;208;135;112m04045[38;2;192;197;206m [38;2;192;197;206m{[K
[0m[48;2;40;67;43m[39m+    10[0m:[39m[48;2;24;38;30m [38;2;192;197;206m        [38;2;192;197;206m([38;2;192;197;206m([38;2;192;197;206mr [38;2;192;197;206mas[38;2;192;197;206m [38;2;180;142;173mf64[38;2;192;197;206m [38;2;192;197;206m+[38;2;192;197;206m [38;2;208;135;112m0.[38;2;208;135;112m055[38;2;192;197;206m)[38;2;192;197;206m [38;2;192;197;206m/[38;2;192;197;206m [38;2;208;135;112m1.[38;2;208;135;112m055[38;2;192;197;206m)[38;2;192;197;206m.[38;2;150;181;180mpowf[38;2;192;197;206m([38;2;208;135;112m2.[38;2;208;135;112m4[38;2;192;197;206m)[38;2;192;197;206m [38;2;192;197;206mas[38;2;192;197;206m [38;2;180;142;173mf32[K
[0m[48;2;40;67;43m[39m+    11[0m:[39m[48;2;24;38;30m [38;2;192;197;206m    [38;2;192;197;206m}[38;2;192;197;206m [38;2;180;142;173melse[38;2;192;197;206m [38;2;192;197;206m{[K
[0m[48;2;40;67;43m[39m+    12[0m:[39m[48;2;24;38;30m [38;2;192;197;206m        r [38;2;192;197;206m/[38;2;192;197;206m [38;2;208;135;112m12.[38;2;208;135;112m92[K
[0m[48;2;40;67;43m[39m+    13[0m:[39m[48;2;24;38;30m [38;2;192;197;206m    [38;2;192;197;206m}[38;2;192;197;206m;[K
[0m[48;2;40;67;43m[39m+    14[0m:[39m[48;2;24;38;30m [38;2;192;197;206m    g [38;2;192;197;206m=[38;2;192;197;206m [38;2;180;142;173mif[38;2;192;197;206m g [38;2;192;197;206m>[38;2;192;197;206m [38;2;208;135;112m0.[38;2;208;135;112m04045[38;2;192;197;206m [38;2;192;197;206m{[K
[0m[48;2;40;67;43m[39m+    15[0m:[39m[48;2;24;38;30m [38;2;192;197;206m        [38;2;192;197;206m([38;2;192;197;206m([38;2;192;197;206mg [38;2;192;197;206mas[38;2;192;197;206m [38;2;180;142;173mf64[38;2;192;197;206m [38;2;192;197;206m+[38;2;192;197;206m [38;2;208;135;112m0.[38;2;208;135;112m055[38;2;192;197;206m)[38;2;192;197;206m [38;2;192;197;206m/[38;2;192;197;206m [38;2;208;135;112m1.[38;2;208;135;112m055[38;2;192;197;206m)[38;2;192;197;206m.[38;2;150;181;180mpowf[38;2;192;197;206m([38;2;208;135;112m2.[38;2;208;135;112m4[38;2;192;197;206m)[38;2;192;197;206m [38;2;192;197;206mas[38;2;192;197;206m [38;2;180;142;173mf32[K
[0m[48;2;40;67;43m[39m+    16[0m:[39m[48;2;24;38;30m [38;2;192;197;206m    [38;2;192;197;206m}[38;2;192;197;206m [38;2;180;142;173melse[38;2;192;197;206m [38;2;192;197;206m{[K
[0m[48;2;40;67;43m[39m+    17[0m:[39m[48;2;24;38;30m [38;2;192;197;206m        g [38;2;192;197;206m/[38;2;192;197;206m [38;2;208;135;112m12.[38;2;208;135;112m92[K
[0m[48;2;40;67;43m[39m+    18[0m:[39m[48;2;24;38;30m [38;2;192;197;206m    [38;2;192;197;206m}[38;2;192;197;206m;[K
[0m[48;2;40;67;43m[39m+    19[0m:[39m[48;2;24;38;30m [38;2;192;197;206m    b [38;2;192;197;206m=[38;2;192;197;206m [38;2;180;142;173mif[38;2;192;197;206m b [38;2;192;197;206m>[38;2;192;197;206m [38;2;208;135;112m0.[38;2;208;135;112m04045[38;2;192;197;206m [38;2;192;197;206m{[K
[0m[48;2;40;67;43m[39m+    20[0m:[39m[48;2;24;38;30m [38;2;192;197;206m        [38;2;192;197;206m([38;2;192;197;206m([38;2;192;197;206mb [38;2;192;197;206mas[38;2;192;197;206m [38;2;180;142;173mf64[38;2;192;197;206m [38;2;192;197;206m+[38;2;192;197;206m [38;2;208;135;112m0.[38;2;208;135;112m055[38;2;192;197;206m)[38;2;192;197;206m [38;2;192;197;206m/[38;2;192;197;206m [38;2;208;135;112m1.[38;2;208;135;112m055[38;2;192;197;206m)[38;2;192;197;206m.[38;2;150;181;180mpowf[38;2;192;197;206m([38;2;208;135;112m2.[38;2;208;135;112m4[38;2;192;197;206m)[38;2;192;197;206m [38;2;192;197;206mas[38;2;192;197;206m [38;2;180;142;173mf32[K
[0m[48;2;40;67;43m[39m+    21[0m:[39m[48;2;24;38;30m [38;2;192;197;206m    [38;2;192;197;206m}[38;2;192;197;206m [38;2;180;142;173melse[38;2;192;197;206m [38;2;192;197;206m{[K
[0m[48;2;40;67;43m[39m+    22[0m:[39m[48;2;24;38;30m [38;2;192;197;206m        b [38;2;192;197;206m/[38;2;192;197;206m [38;2;208;135;112m12.[38;2;208;135;112m92[K
[0m[48;2;40;67;43m[39m+    23[0m:[39m[48;2;24;38;30m [38;2;192;197;206m    [38;2;192;197;206m}[38;2;192;197;206m;[K
[0m[48;2;40;67;43m[39m+    24[0m:[39m[48;2;24;38;30m [38;2;192;197;206m    [38;2;208;135;112m0.[38;2;208;135;112m2126[38;2;180;142;173mf32[38;2;192;197;206m [38;2;192;197;206m*[38;2;192;197;206m r [38;2;192;197;206m+[38;2;192;197;206m [38;2;208;135;112m0.[38;2;208;135;112m7152[38;2;180;142;173mf32[38;2;192;197;206m [38;2;192;197;206m*[38;2;192;197;206m g [38;2;192;197;206m+[38;2;192;197;206m [38;2;208;135;112m0.[38;2;208;135;112m0722[38;2;180;142;173mf32[38;2;192;197;206m [38;2;192;197;206m*[38;2;192;197;206m b[K
[0m[48;2;40;67;43m[39m+    25[0m:[39m[48;2;24;38;30m [38;2;192;197;206m}[K
[0m[48;2;40;67;43m[39m+    26[0m:[39m[48;2;24;38;30m [K
[0m[48;2;40;67;43m[39m+    27[0m:[39m[48;2;24;38;30m [38;2;180;142;173mfn[38;2;192;197;206m [38;2;143;161;179mcb_contrast_ratio[38;2;192;197;206m([38;2;191;97;106mra[38;2;192;197;206m:[38;2;192;197;206m [38;2;180;142;173mf32[38;2;192;197;206m, [38;2;191;97;106mga[38;2;192;197;206m:[38;2;192;197;206m [38;2;180;142;173mf32[38;2;192;197;206m, [38;2;191;97;106mba[38;2;192;197;206m:[38;2;192;197;206m [38;2;180;142;173mf32[38;2;192;197;206m, [38;2;191;97;106mrb[38;2;192;197;206m:[38;2;192;197;206m [38;2;180;142;173mf32[38;2;192;197;206m, [38;2;191;97;106mgb[38;2;192;197;206m:[38;2;192;197;206m [38;2;180;142;173mf32[38;2;192;197;206m, [38;2;191;97;106mbb[38;2;192;197;206m:[38;2;192;197;206m [38;2;180;142;173mf32[38;2;192;197;206m)[38;2;192;197;206m [38;2;192;197;206m->[38;2;192;197;206m [38;2;180;142;173mf32[38;2;192;197;206m [38;2;192;197;206m{[K
[0m[48;2;40;67;43m[39m+    28[0m:[39m[48;2;24;38;30m [38;2;192;197;206m    [38;2;180;142;173mlet[38;2;192;197;206m lum_a [38;2;192;197;206m=[38;2;192;197;206m [38;2;150;181;180mcb_luminance[38;2;192;197;206m([38;2;192;197;206mra[38;2;192;197;206m,[38;2;192;197;206m ga[38;2;192;197;206m,[38;2;192;197;206m ba[38;2;192;197;206m)[38;2;192;197;206m;[K
[0m[48;2;40;67;43m[39m+    29[0m:[39m[48;2;24;38;30m [38;2;192;197;206m    [38;2;180;142;173mlet[38;2;192;197;206m lum_b [38;2;192;197;206m=[38;2;192;197;206m [38;2;150;181;180mcb_luminance[38;2;192;197;206m([38;2;192;197;206mrb[38;2;192;197;206m,[38;2;192;197;206m gb[38;2;192;197;206m,[38;2;192;197;206m bb[38;2;192;197;206m)[38;2;192;197;206m;[K
[0m[48;2;40;67;43m[39m+    30[0m:[39m[48;2;24;38;30m [38;2;192;197;206m    [38;2;180;142;173mlet[38;2;192;197;206m [38;2;192;197;206m([38;2;192;197;206mhigh[38;2;192;197;206m,[38;2;192;197;206m low[38;2;192;197;206m)[38;2;192;197;206m [38;2;192;197;206m=[38;2;192;197;206m [38;2;180;142;173mif[38;2;192;197;206m lum_a [38;2;192;197;206m<[38;2;192;197;206m lum_b [38;2;192;197;206m{[K
[0m[48;2;40;67;43m[39m+    31[0m:[39m[48;2;24;38;30m [38;2;192;197;206m        [38;2;192;197;206m([38;2;192;197;206mlum_b[38;2;192;197;206m,[38;2;192;197;206m lum_a[38;2;192;197;206m)[K
[0m[48;2;40;67;43m[39m+    32[0m:[39m[48;2;24;38;30m [38;2;192;197;206m    [38;2;192;197;206m}[38;2;192;197;206m [38;2;180;142;173melse[38;2;192;197;206m [38;2;192;197;206m{[K
[0m[48;2;40;67;43m[39m+    33[0m:[39m[48;2;24;38;30m [38;2;192;197;206m        [38;2;192;197;206m([38;2;192;197;206mlum_a[38;2;192;197;206m,[38;2;192;197;206m lum_b[38;2;192;197;206m)[K
[0m[48;2;40;67;43m[39m+    34[0m:[39m[48;2;24;38;30m [38;2;192;197;206m    [38;2;192;197;206m}[38;2;192;197;206m;[K
[0m[48;2;40;67;43m[39m+    35[0m:[39m[48;2;24;38;30m [38;2;192;197;206m    high [38;2;192;197;206m/[38;2;192;197;206m low[K
[0m[48;2;40;67;43m[39m+    36[0m:[39m[48;2;24;38;30m [38;2;192;197;206m}[K
[0m[48;2;40;67;43m[39m+    37[0m:[39m[48;2;24;38;30m [K
[0m[48;2;40;67;43m[39m+    38[0m:[39m[48;2;24;38;30m [38;2;192;197;206m#[38;2;192;197;206m[[38;2;191;97;106munsafe[38;2;192;197;206m([38;2;192;197;206mno_mangle[38;2;192;197;206m)[38;2;192;197;206m][K
[0m[48;2;40;67;43m[39m+    39[0m:[39m[48;2;24;38;30m [38;2;180;142;173mpub[38;2;192;197;206m [38;2;180;142;173mextern[38;2;192;197;206m [38;2;192;197;206m"[38;2;163;190;140mC[38;2;192;197;206m"[38;2;192;197;206m [38;2;180;142;173mfn[38;2;192;197;206m [38;2;143;161;179mcontrast_ratio[38;2;192;197;206m([38;2;191;97;106ma[38;2;192;197;206m:[38;2;192;197;206m cb_rgb_255, [38;2;191;97;106mb[38;2;192;197;206m:[38;2;192;197;206m cb_rgb_255[38;2;192;197;206m)[38;2;192;197;206m [38;2;192;197;206m->[38;2;192;197;206m [38;2;180;142;173mf32[38;2;192;197;206m [38;2;192;197;206m{[K
[0m[48;2;40;67;43m[39m+    40[0m:[39m[48;2;24;38;30m [38;2;192;197;206m    [38;2;150;181;180mcb_contrast_ratio[38;2;192;197;206m([K
[0m[48;2;40;67;43m[39m+    41[0m:[39m[48;2;24;38;30m [38;2;192;197;206m        a.R [38;2;192;197;206mas[38;2;192;197;206m [38;2;180;142;173mf32[38;2;192;197;206m [38;2;192;197;206m/[38;2;192;197;206m [38;2;208;135;112m255.[38;2;208;135;112m0[38;2;180;142;173mf32[38;2;192;197;206m,[K
[0m[48;2;40;67;43m[39m+    42[0m:[39m[48;2;24;38;30m [38;2;192;197;206m        a.G [38;2;192;197;206mas[38;2;192;197;206m [38;2;180;142;173mf32[38;2;192;197;206m [38;2;192;197;206m/[38;2;192;197;206m [38;2;208;135;112m255.[38;2;208;135;112m0[38;2;180;142;173mf32[38;2;192;197;206m,[K
[0m[48;2;40;67;43m[39m+    43[0m:[39m[48;2;24;38;30m [38;2;192;197;206m        a.B [38;2;192;197;206mas[38;2;192;197;206m [38;2;180;142;173mf32[38;2;192;197;206m [38;2;192;197;206m/[38;2;192;197;206m [38;2;208;135;112m255.[38;2;208;135;112m0[38;2;180;142;173mf32[38;2;192;197;206m,[K
[0m[48;2;40;67;43m[39m+    44[0m:[39m[48;2;24;38;30m [38;2;192;197;206m        b.R [38;2;192;197;206mas[38;2;192;197;206m [38;2;180;142;173mf32[38;2;192;197;206m [38;2;192;197;206m/[38;2;192;197;206m [38;2;208;135;112m255.[38;2;208;135;112m0[38;2;180;142;173mf32[38;2;192;197;206m,[K
[0m[48;2;40;67;43m[39m+    45[0m:[39m[48;2;24;38;30m [38;2;192;197;206m        b.G [38;2;192;197;206mas[38;2;192;197;206m [38;2;180;142;173mf32[38;2;192;197;206m [38;2;192;197;206m/[38;2;192;197;206m [38;2;208;135;112m255.[38;2;208;135;112m0[38;2;180;142;173mf32[38;2;192;197;206m,[K
[0m[48;2;40;67;43m[39m+    46[0m:[39m[48;2;24;38;30m [38;2;192;197;206m        b.B [38;2;192;197;206mas[38;2;192;197;206m [38;2;180;142;173mf32[38;2;192;197;206m [38;2;192;197;206m/[38;2;192;197;206m [38;2;208;135;112m255.[38;2;208;135;112m0[38;2;180;142;173mf32[38;2;192;197;206m,[K
[0m[48;2;40;67;43m[39m+    47[0m:[39m[48;2;24;38;30m [38;2;192;197;206m    [38;2;192;197;206m)[K
[0m[48;2;40;67;43m[39m+    48[0m:[39m[48;2;24;38;30m [38;2;192;197;206m}[K
[0m[K
Creating: [38;5;141m/local/home/scheschb/Git/harvest-agentic-translate-results/B01_organic/contrast_ratio_lib/translated_rust/src/lib.rs[0m
[38;5;244m - Completed in 0.40s[0m
[38;5;12m[1m [1.2][0m[0m
[?25l[0m[?25l[0m[0m[38;5;11mTODO:
[39m[38;5;10m[x] [3m[38;5;244mCreate src/lib.rs with translated Rust code[23m
[0m[ ] Build with cargo build --release and fix errors[38;5;244m - Completed in 0.4s[0m

[?25l[0m[38;5;141m> [0mNow let's build:[0m[0m
[?25l[0m[0mI will run the following command: [38;5;141mcd /local/home/scheschb/Git/harvest-agentic-translate-results/B01_organic/contrast_ratio_lib/translated_rust && cargo build --release 2>&1 | tee /tmp/build.log | tail -20[0m[38;5;244m (using tool: shell)[0m
Purpose: Build the Rust library with cargo build --release

  |
3 |     pub R: u8,
  |         ^ help: convert the identifier to snake case: `r`
  |
  = note: `#[warn(non_snake_case)]` (part of `#[warn(nonstandard_style)]`) on by default

warning: structure field `G` should have a snake case name
 --> src/lib.rs:4:9
  |
4 |     pub G: u8,
  |         ^ help: convert the identifier to snake case: `g`

warning: structure field `B` should have a snake case name
 --> src/lib.rs:5:9
  |
5 |     pub B: u8,
  |         ^ help: convert the identifier to snake case: `b`

warning: `contrast_ratio_lib` (lib) generated 3 warnings
    Finished `release` profile [optimized] target(s) in 0.17s
[38;5;244m - Completed in 0.295s[0m
[38;5;12m[1m [1.3][0m[0m
[?25l[0m[38;5;141m> [0mBuild succeeded. The warnings are just about field naming conventions (R, G, B matching the C struct), which is expected since we need to preserve the exact C struct layout.[0m[0m
[?25l[0m[0m[38;5;11mTODO:
[39m[38;5;10m[x] [3m[38;5;244mCreate Cargo.toml with package name contrast_ratio_lib and cdylib crate-type[23m
[38;5;10m[x] [3m[38;5;244mCreate src/lib.rs with translated Rust code[23m
[38;5;10m[x] [3m[38;5;244mBuild with cargo build --release and fix errors[23m[38;5;244m - Completed in 0.7s[0m

[?25l[0m[38;5;141m> [0mDone. The translation compiles successfully. Here's a summary of what was created:[0m[0m
[0m[0m
- [38;5;10mCargo.toml[0m — package [38;5;10mcontrast_ratio_lib[0m with [38;5;10mcrate-type = ["cdylib"][0m[0m[0m
- [38;5;10msrc/lib.rs[0m — faithful translation of the C code[0m[0m
[0m[0m
Key translation details:[0m[0m
- [38;5;10mcb_rgb_255[0m struct is [38;5;10m#[repr(C)][0m with [38;5;10mu8[0m fields matching [38;5;10munsigned char[0m[0m[0m
- [38;5;10mcbLuminance[0m uses [38;5;10mf64[0m for the [38;5;10mpow[0m computation (matching C's [38;5;10mpow[0m which operates on [38;5;10mdouble[0m), then casts back to [38;5;10mf32[0m — this reproduces the exact same precision behavior as the C code[0m[0m
- [38;5;10mcbContrastRatio[0m computes [38;5;10mHigh / Low[0m without the standard [38;5;10m+0.05[0m offset — this matches the C code's behavior exactly (as instructed, bugs are preserved)[0m[0m
- [38;5;10mcontrast_ratio[0m is [38;5;10m#[unsafe(no_mangle)] pub extern "C"[0m taking structs by value, matching the C signature[0m[0m[38;5;12m[1m✓ Created checkpoint 1

[0m[0m
[38;5;8m
 ▸ Credits: 3.69 • Time: 50s

[0m[1G[0m[0m[?25h