[38;5;9mError: [0mFile URI not found: file://./harold-prompt.md (resolved to /home/scheschb/.kiro/agents/./harold-prompt.md)
[32mAll tools are now trusted ([0m[31m![0m[32m). Kiro will execute tools without asking for confirmation.[0m
Agents can sometimes do unexpected things so understand the risks.

Learn more at [38;5;141mhttps://kiro.dev/docs/cli/chat/security/#using-tools-trust-all-safely[0m


[38;5;12m[1m📷 Checkpoints are enabled! (took 0.04s)

[0m
[38;5;252m[0m[?25l[38;5;141m> [0m[0m[0m
[0m[0m
Let me start by understanding the C source code structure.[0m[0m
[?25l[0m[0mBatch fs_read operation with [38;5;141m2[0m operations[38;5;244m (using tool: read)[0m

↱ Operation 1: Reading directory: [38;5;141m/local/home/scheschb/Git/harvest-agentic-translate-results/B01_organic/hdr_bitrate_lib/translated_rust[0m
↱ Operation 2: Reading directory: [38;5;141m/local/home/scheschb/Git/harvest-agentic-translate-results/B01_organic/hdr_bitrate_lib/translated_rust/c_src[0m
[38;5;10m ✓ [0mSuccessfully read directory [38;5;141m/local/home/scheschb/Git/harvest-agentic-translate-results/B01_organic/hdr_bitrate_lib/translated_rust[0m [38;5;244m(6 entries)[0m

[38;5;10m ✓ [0mSuccessfully read directory [38;5;141m/local/home/scheschb/Git/harvest-agentic-translate-results/B01_organic/hdr_bitrate_lib/translated_rust/c_src[0m [38;5;244m(5 entries)[0m

 ⋮ 

[38;5;244m- [0mSummary: 2 operations processed, 2 successful, 0 failed
[38;5;244m - Completed in 0.4s[0m

[?25l[0m[?25l[0m[0mBatch fs_read operation with [38;5;141m3[0m operations[38;5;244m (using tool: read)[0m

↱ Operation 1: Reading file: [38;5;141m/local/home/scheschb/Git/harvest-agentic-translate-results/B01_organic/hdr_bitrate_lib/translated_rust/c_src/include/lib.h[0m, all lines
↱ Operation 2: Reading file: [38;5;141m/local/home/scheschb/Git/harvest-agentic-translate-results/B01_organic/hdr_bitrate_lib/translated_rust/c_src/src/lib.c[0m, all lines
↱ Operation 3: Reading file: [38;5;141m/local/home/scheschb/Git/harvest-agentic-translate-results/B01_organic/hdr_bitrate_lib/translated_rust/c_src/CMakeLists.txt[0m, all lines
[38;5;10m ✓ [0mSuccessfully read [38;5;244m60 bytes[0m from /local/home/scheschb/Git/harvest-agentic-translate-results/B01_organic/hdr_bitrate_lib/translated_rust/c_src/include/lib.h

[38;5;10m ✓ [0mSuccessfully read [38;5;244m644 bytes[0m from /local/home/scheschb/Git/harvest-agentic-translate-results/B01_organic/hdr_bitrate_lib/translated_rust/c_src/src/lib.c

[38;5;10m ✓ [0mSuccessfully read [38;5;244m439 bytes[0m from /local/home/scheschb/Git/harvest-agentic-translate-results/B01_organic/hdr_bitrate_lib/translated_rust/c_src/CMakeLists.txt

 ⋮ 

[38;5;244m- [0mSummary: 3 operations processed, 3 successful, 0 failed
[38;5;244m - Completed in 0.3s[0m

[?25l[0m[38;5;141m> [0mNow I have the full picture. The project name from CMakeLists.txt is derived from the parent directory name, which is [38;5;10mhdr_bitrate_lib[0m. Let me create the Rust translation.[0m[0m
[?25l[0m[0m[38;5;11mTODO:
[39m[0m[ ] Create Cargo.toml with package name hdr_bitrate_lib and cdylib crate-type
[0m[ ] Create src/lib.rs with byte-identical translation of hdr_bitrate
[0m[ ] Build with cargo build --release and fix errors[38;5;244m - Completed in 0.4s[0m

[?25l[0m[?25l[?25l[0m[0mI'll create the following file: [38;5;141m/local/home/scheschb/Git/harvest-agentic-translate-results/B01_organic/hdr_bitrate_lib/translated_rust/Cargo.toml[0m[38;5;244m (using tool: write)[0m

[49m[38;5;10m+    1[0m:[38;5;10m[49m [package]
[0m[49m[38;5;10m+    2[0m:[38;5;10m[49m name = "hdr_bitrate_lib"
[0m[49m[38;5;10m+    3[0m:[38;5;10m[49m version = "0.1.0"
[0m[49m[38;5;10m+    4[0m:[38;5;10m[49m edition = "2021"
[0m[49m[38;5;10m+    5[0m:[38;5;10m[49m 
[0m[49m[38;5;10m+    6[0m:[38;5;10m[49m [lib]
[0m[49m[38;5;10m+    7[0m:[38;5;10m[49m crate-type = ["cdylib"]
[0m[K
I'll create the following file: [38;5;141m/local/home/scheschb/Git/harvest-agentic-translate-results/B01_organic/hdr_bitrate_lib/translated_rust/src/lib.rs[0m[38;5;244m (using tool: write)[0m

[48;2;40;67;43m[39m+     1[0m:[39m[48;2;24;38;30m [38;2;180;142;173muse[38;2;192;197;206m [38;2;192;197;206mstd[38;2;192;197;206m::[38;2;192;197;206mos[38;2;192;197;206m::[38;2;192;197;206mraw[38;2;192;197;206m::[38;2;180;142;173mc_uint[38;2;192;197;206m;[K
[0m[48;2;40;67;43m[39m+     2[0m:[39m[48;2;24;38;30m [K
[0m[48;2;40;67;43m[39m+     3[0m:[39m[48;2;24;38;30m [38;2;180;142;173mstatic[38;2;192;197;206m [38;2;208;135;112mHALFRATE[38;2;192;197;206m:[38;2;192;197;206m [38;2;192;197;206m[[38;2;192;197;206m[[38;2;192;197;206m[[38;2;180;142;173mu8[38;2;192;197;206m;[38;2;192;197;206m [38;2;208;135;112m15[38;2;192;197;206m][38;2;192;197;206m;[38;2;192;197;206m [38;2;208;135;112m3[38;2;192;197;206m][38;2;192;197;206m;[38;2;192;197;206m [38;2;208;135;112m2[38;2;192;197;206m][38;2;192;197;206m [38;2;192;197;206m=[38;2;192;197;206m [38;2;192;197;206m[[K
[0m[48;2;40;67;43m[39m+     4[0m:[39m[48;2;24;38;30m [38;2;192;197;206m    [38;2;192;197;206m[[K
[0m[48;2;40;67;43m[39m+     5[0m:[39m[48;2;24;38;30m [38;2;192;197;206m        [38;2;192;197;206m[[38;2;208;135;112m0[38;2;192;197;206m,[38;2;192;197;206m [38;2;208;135;112m4[38;2;192;197;206m,[38;2;192;197;206m [38;2;208;135;112m8[38;2;192;197;206m,[38;2;192;197;206m [38;2;208;135;112m12[38;2;192;197;206m,[38;2;192;197;206m [38;2;208;135;112m16[38;2;192;197;206m,[38;2;192;197;206m [38;2;208;135;112m20[38;2;192;197;206m,[38;2;192;197;206m [38;2;208;135;112m24[38;2;192;197;206m,[38;2;192;197;206m [38;2;208;135;112m28[38;2;192;197;206m,[38;2;192;197;206m [38;2;208;135;112m32[38;2;192;197;206m,[38;2;192;197;206m [38;2;208;135;112m40[38;2;192;197;206m,[38;2;192;197;206m [38;2;208;135;112m48[38;2;192;197;206m,[38;2;192;197;206m [38;2;208;135;112m56[38;2;192;197;206m,[38;2;192;197;206m [38;2;208;135;112m64[38;2;192;197;206m,[38;2;192;197;206m [38;2;208;135;112m72[38;2;192;197;206m,[38;2;192;197;206m [38;2;208;135;112m80[38;2;192;197;206m][38;2;192;197;206m,[K
[0m[48;2;40;67;43m[39m+     6[0m:[39m[48;2;24;38;30m [38;2;192;197;206m        [38;2;192;197;206m[[38;2;208;135;112m0[38;2;192;197;206m,[38;2;192;197;206m [38;2;208;135;112m4[38;2;192;197;206m,[38;2;192;197;206m [38;2;208;135;112m8[38;2;192;197;206m,[38;2;192;197;206m [38;2;208;135;112m12[38;2;192;197;206m,[38;2;192;197;206m [38;2;208;135;112m16[38;2;192;197;206m,[38;2;192;197;206m [38;2;208;135;112m20[38;2;192;197;206m,[38;2;192;197;206m [38;2;208;135;112m24[38;2;192;197;206m,[38;2;192;197;206m [38;2;208;135;112m28[38;2;192;197;206m,[38;2;192;197;206m [38;2;208;135;112m32[38;2;192;197;206m,[38;2;192;197;206m [38;2;208;135;112m40[38;2;192;197;206m,[38;2;192;197;206m [38;2;208;135;112m48[38;2;192;197;206m,[38;2;192;197;206m [38;2;208;135;112m56[38;2;192;197;206m,[38;2;192;197;206m [38;2;208;135;112m64[38;2;192;197;206m,[38;2;192;197;206m [38;2;208;135;112m72[38;2;192;197;206m,[38;2;192;197;206m [38;2;208;135;112m80[38;2;192;197;206m][38;2;192;197;206m,[K
[0m[48;2;40;67;43m[39m+     7[0m:[39m[48;2;24;38;30m [38;2;192;197;206m        [38;2;192;197;206m[[38;2;208;135;112m0[38;2;192;197;206m,[38;2;192;197;206m [38;2;208;135;112m16[38;2;192;197;206m,[38;2;192;197;206m [38;2;208;135;112m24[38;2;192;197;206m,[38;2;192;197;206m [38;2;208;135;112m28[38;2;192;197;206m,[38;2;192;197;206m [38;2;208;135;112m32[38;2;192;197;206m,[38;2;192;197;206m [38;2;208;135;112m40[38;2;192;197;206m,[38;2;192;197;206m [38;2;208;135;112m48[38;2;192;197;206m,[38;2;192;197;206m [38;2;208;135;112m56[38;2;192;197;206m,[38;2;192;197;206m [38;2;208;135;112m64[38;2;192;197;206m,[38;2;192;197;206m [38;2;208;135;112m72[38;2;192;197;206m,[38;2;192;197;206m [38;2;208;135;112m80[38;2;192;197;206m,[38;2;192;197;206m [38;2;208;135;112m88[38;2;192;197;206m,[38;2;192;197;206m [38;2;208;135;112m96[38;2;192;197;206m,[38;2;192;197;206m [38;2;208;135;112m112[38;2;192;197;206m,[38;2;192;197;206m [38;2;208;135;112m128[38;2;192;197;206m][38;2;192;197;206m,[K
[0m[48;2;40;67;43m[39m+     8[0m:[39m[48;2;24;38;30m [38;2;192;197;206m    [38;2;192;197;206m][38;2;192;197;206m,[K
[0m[48;2;40;67;43m[39m+     9[0m:[39m[48;2;24;38;30m [38;2;192;197;206m    [38;2;192;197;206m[[K
[0m[48;2;40;67;43m[39m+    10[0m:[39m[48;2;24;38;30m [38;2;192;197;206m        [38;2;192;197;206m[[38;2;208;135;112m0[38;2;192;197;206m,[38;2;192;197;206m [38;2;208;135;112m16[38;2;192;197;206m,[38;2;192;197;206m [38;2;208;135;112m20[38;2;192;197;206m,[38;2;192;197;206m [38;2;208;135;112m24[38;2;192;197;206m,[38;2;192;197;206m [38;2;208;135;112m28[38;2;192;197;206m,[38;2;192;197;206m [38;2;208;135;112m32[38;2;192;197;206m,[38;2;192;197;206m [38;2;208;135;112m40[38;2;192;197;206m,[38;2;192;197;206m [38;2;208;135;112m48[38;2;192;197;206m,[38;2;192;197;206m [38;2;208;135;112m56[38;2;192;197;206m,[38;2;192;197;206m [38;2;208;135;112m64[38;2;192;197;206m,[38;2;192;197;206m [38;2;208;135;112m80[38;2;192;197;206m,[38;2;192;197;206m [38;2;208;135;112m96[38;2;192;197;206m,[38;2;192;197;206m [38;2;208;135;112m112[38;2;192;197;206m,[38;2;192;197;206m [38;2;208;135;112m128[38;2;192;197;206m,[38;2;192;197;206m [38;2;208;135;112m160[38;2;192;197;206m][38;2;192;197;206m,[K
[0m[48;2;40;67;43m[39m+    11[0m:[39m[48;2;24;38;30m [38;2;192;197;206m        [38;2;192;197;206m[[38;2;208;135;112m0[38;2;192;197;206m,[38;2;192;197;206m [38;2;208;135;112m16[38;2;192;197;206m,[38;2;192;197;206m [38;2;208;135;112m24[38;2;192;197;206m,[38;2;192;197;206m [38;2;208;135;112m28[38;2;192;197;206m,[38;2;192;197;206m [38;2;208;135;112m32[38;2;192;197;206m,[38;2;192;197;206m [38;2;208;135;112m40[38;2;192;197;206m,[38;2;192;197;206m [38;2;208;135;112m48[38;2;192;197;206m,[38;2;192;197;206m [38;2;208;135;112m56[38;2;192;197;206m,[38;2;192;197;206m [38;2;208;135;112m64[38;2;192;197;206m,[38;2;192;197;206m [38;2;208;135;112m80[38;2;192;197;206m,[38;2;192;197;206m [38;2;208;135;112m96[38;2;192;197;206m,[38;2;192;197;206m [38;2;208;135;112m112[38;2;192;197;206m,[38;2;192;197;206m [38;2;208;135;112m128[38;2;192;197;206m,[38;2;192;197;206m [38;2;208;135;112m160[38;2;192;197;206m,[38;2;192;197;206m [38;2;208;135;112m192[38;2;192;197;206m][38;2;192;197;206m,[K
[0m[48;2;40;67;43m[39m+    12[0m:[39m[48;2;24;38;30m [38;2;192;197;206m        [38;2;192;197;206m[[38;2;208;135;112m0[38;2;192;197;206m,[38;2;192;197;206m [38;2;208;135;112m16[38;2;192;197;206m,[38;2;192;197;206m [38;2;208;135;112m32[38;2;192;197;206m,[38;2;192;197;206m [38;2;208;135;112m48[38;2;192;197;206m,[38;2;192;197;206m [38;2;208;135;112m64[38;2;192;197;206m,[38;2;192;197;206m [38;2;208;135;112m80[38;2;192;197;206m,[38;2;192;197;206m [38;2;208;135;112m96[38;2;192;197;206m,[38;2;192;197;206m [38;2;208;135;112m112[38;2;192;197;206m,[38;2;192;197;206m [38;2;208;135;112m128[38;2;192;197;206m,[38;2;192;197;206m [38;2;208;135;112m144[38;2;192;197;206m,[38;2;192;197;206m [38;2;208;135;112m160[38;2;192;197;206m,[38;2;192;197;206m [38;2;208;135;112m176[38;2;192;197;206m,[38;2;192;197;206m [38;2;208;135;112m192[38;2;192;197;206m,[38;2;192;197;206m [38;2;208;135;112m208[38;2;192;197;206m,[38;2;192;197;206m [38;2;208;135;112m224[38;2;192;197;206m][38;2;192;197;206m,[K
[0m[48;2;40;67;43m[39m+    13[0m:[39m[48;2;24;38;30m [38;2;192;197;206m    [38;2;192;197;206m][38;2;192;197;206m,[K
[0m[48;2;40;67;43m[39m+    14[0m:[39m[48;2;24;38;30m [38;2;192;197;206m][38;2;192;197;206m;[K
[0m[48;2;40;67;43m[39m+    15[0m:[39m[48;2;24;38;30m [K
[0m[48;2;40;67;43m[39m+    16[0m:[39m[48;2;24;38;30m [38;2;192;197;206m#[38;2;192;197;206m[[38;2;191;97;106munsafe[38;2;192;197;206m([38;2;192;197;206mno_mangle[38;2;192;197;206m)[38;2;192;197;206m][K
[0m[48;2;40;67;43m[39m+    17[0m:[39m[48;2;24;38;30m [38;2;180;142;173mpub[38;2;192;197;206m [38;2;180;142;173mextern[38;2;192;197;206m [38;2;192;197;206m"[38;2;163;190;140mC[38;2;192;197;206m"[38;2;192;197;206m [38;2;180;142;173mfn[38;2;192;197;206m [38;2;143;161;179mhdr_bitrate[38;2;192;197;206m([38;2;191;97;106mh[38;2;192;197;206m:[38;2;192;197;206m *const [38;2;180;142;173mu8[38;2;192;197;206m)[38;2;192;197;206m [38;2;192;197;206m->[38;2;192;197;206m c_uint[38;2;192;197;206m [38;2;192;197;206m{[K
[0m[48;2;40;67;43m[39m+    18[0m:[39m[48;2;24;38;30m [38;2;192;197;206m    [38;2;180;142;173munsafe[38;2;192;197;206m [38;2;192;197;206m{[K
[0m[48;2;40;67;43m[39m+    19[0m:[39m[48;2;24;38;30m [38;2;192;197;206m        [38;2;180;142;173mlet[38;2;192;197;206m h1 [38;2;192;197;206m=[38;2;192;197;206m [38;2;192;197;206m*[38;2;192;197;206mh.[38;2;150;181;180madd[38;2;192;197;206m([38;2;208;135;112m1[38;2;192;197;206m)[38;2;192;197;206m;[K
[0m[48;2;40;67;43m[39m+    20[0m:[39m[48;2;24;38;30m [38;2;192;197;206m        [38;2;180;142;173mlet[38;2;192;197;206m h2 [38;2;192;197;206m=[38;2;192;197;206m [38;2;192;197;206m*[38;2;192;197;206mh.[38;2;150;181;180madd[38;2;192;197;206m([38;2;208;135;112m2[38;2;192;197;206m)[38;2;192;197;206m;[K
[0m[48;2;40;67;43m[39m+    21[0m:[39m[48;2;24;38;30m [38;2;192;197;206m        [38;2;180;142;173mlet[38;2;192;197;206m i0 [38;2;192;197;206m=[38;2;192;197;206m [38;2;180;142;173mif[38;2;192;197;206m [38;2;192;197;206m([38;2;192;197;206mh1 [38;2;192;197;206m&[38;2;192;197;206m [38;2;208;135;112m0x8[38;2;192;197;206m)[38;2;192;197;206m [38;2;192;197;206m![38;2;192;197;206m=[38;2;192;197;206m [38;2;208;135;112m0[38;2;192;197;206m [38;2;192;197;206m{[38;2;192;197;206m [38;2;208;135;112m1[38;2;180;142;173musize[38;2;192;197;206m [38;2;192;197;206m}[38;2;192;197;206m [38;2;180;142;173melse[38;2;192;197;206m [38;2;192;197;206m{[38;2;192;197;206m [38;2;208;135;112m0[38;2;180;142;173musize[38;2;192;197;206m [38;2;192;197;206m}[38;2;192;197;206m;[K
[0m[48;2;40;67;43m[39m+    22[0m:[39m[48;2;24;38;30m [38;2;192;197;206m        [38;2;180;142;173mlet[38;2;192;197;206m i1 [38;2;192;197;206m=[38;2;192;197;206m [38;2;192;197;206m([38;2;192;197;206m([38;2;192;197;206m([38;2;192;197;206mh1 [38;2;192;197;206m>[38;2;192;197;206m>[38;2;192;197;206m [38;2;208;135;112m1[38;2;192;197;206m)[38;2;192;197;206m [38;2;192;197;206m&[38;2;192;197;206m [38;2;208;135;112m3[38;2;192;197;206m)[38;2;192;197;206m [38;2;192;197;206m-[38;2;192;197;206m [38;2;208;135;112m1[38;2;192;197;206m)[38;2;192;197;206m [38;2;192;197;206mas[38;2;192;197;206m [38;2;180;142;173musize[38;2;192;197;206m;[K
[0m[48;2;40;67;43m[39m+    23[0m:[39m[48;2;24;38;30m [38;2;192;197;206m        [38;2;180;142;173mlet[38;2;192;197;206m i2 [38;2;192;197;206m=[38;2;192;197;206m [38;2;192;197;206m([38;2;192;197;206mh2 [38;2;192;197;206m>[38;2;192;197;206m>[38;2;192;197;206m [38;2;208;135;112m4[38;2;192;197;206m)[38;2;192;197;206m [38;2;192;197;206mas[38;2;192;197;206m [38;2;180;142;173musize[38;2;192;197;206m;[K
[0m[48;2;40;67;43m[39m+    24[0m:[39m[48;2;24;38;30m [38;2;192;197;206m        [38;2;208;135;112m2[38;2;192;197;206m [38;2;192;197;206m*[38;2;192;197;206m [38;2;208;135;112mHALFRATE[38;2;192;197;206m[[38;2;192;197;206mi0[38;2;192;197;206m][38;2;192;197;206m[[38;2;192;197;206mi1[38;2;192;197;206m][38;2;192;197;206m[[38;2;192;197;206mi2[38;2;192;197;206m][38;2;192;197;206m [38;2;192;197;206mas[38;2;192;197;206m [38;2;180;142;173mc_uint[K
[0m[48;2;40;67;43m[39m+    25[0m:[39m[48;2;24;38;30m [38;2;192;197;206m    [38;2;192;197;206m}[K
[0m[48;2;40;67;43m[39m+    26[0m:[39m[48;2;24;38;30m [38;2;192;197;206m}[K
[0m[K
Creating: [38;5;141m/local/home/scheschb/Git/harvest-agentic-translate-results/B01_organic/hdr_bitrate_lib/translated_rust/Cargo.toml[0m
[38;5;244m - Completed in 0.38s[0m
[38;5;12m[1m [1.1][0m[0m
Creating: [38;5;141m/local/home/scheschb/Git/harvest-agentic-translate-results/B01_organic/hdr_bitrate_lib/translated_rust/src/lib.rs[0m
[38;5;244m - Completed in 0.40s[0m
[38;5;12m[1m [1.2][0m[0m
[?25l[0m[?25l[0m[0m[38;5;11mTODO:
[39m[38;5;10m[x] [3m[38;5;244mCreate Cargo.toml with package name hdr_bitrate_lib and cdylib crate-type[23m
[38;5;10m[x] [3m[38;5;244mCreate src/lib.rs with byte-identical translation of hdr_bitrate[23m
[0m[ ] Build with cargo build --release and fix errors[38;5;244m - Completed in 0.4s[0m

[?25l[0m[38;5;141m> [0mNow let's build:[0m[0m
[?25l[0m[0mI will run the following command: [38;5;141mcargo build --release 2>&1 | tee /tmp/build.log | tail -20[0m[38;5;244m (using tool: shell)[0m
Purpose: Build the Rust cdylib with cargo

   Compiling hdr_bitrate_lib v0.1.0 (/local/home/scheschb/Git/harvest-agentic-translate-results/B01_organic/hdr_bitrate_lib/translated_rust)
    Finished `release` profile [optimized] target(s) in 0.17s
[38;5;244m - Completed in 0.288s[0m
[38;5;12m[1m [1.3][0m[0m
[?25l[0m[38;5;141m> [0mClean build on the first try.[0m[0m
[?25l[0m[0m[38;5;11mTODO:
[39m[38;5;10m[x] [3m[38;5;244mCreate Cargo.toml with package name hdr_bitrate_lib and cdylib crate-type[23m
[38;5;10m[x] [3m[38;5;244mCreate src/lib.rs with byte-identical translation of hdr_bitrate[23m
[38;5;10m[x] [3m[38;5;244mBuild with cargo build --release and fix errors[23m[38;5;244m - Completed in 0.7s[0m

[?25l[0m[38;5;141m> [0mDone. The translation is complete and compiles cleanly. Here's a summary of what was created:[0m[0m
[0m[0m
- [38;5;10mCargo.toml[0m — package [38;5;10mhdr_bitrate_lib[0m with [38;5;10mcrate-type = ["cdylib"][0m[0m[0m
- [38;5;10msrc/lib.rs[0m — exports [38;5;10mhdr_bitrate[0m as [38;5;10mextern "C"[0m with [38;5;10m#[unsafe(no_mangle)][0m[0m[0m
[0m[0m
Key translation details:[0m[0m
- The C [38;5;10m!!((h[1]) & 0x8)[0m (double-negation for bool→int) maps to [38;5;10mif (h1 & 0x8) != 0 { 1 } else { 0 }[0m[0m[0m
- The [38;5;10mstatic[0m 3D [38;5;10mhalfrate[0m lookup table is preserved exactly[0m[0m
- The subtraction [38;5;10m(((h[1]) >> 1) & 3) - 1[0m is kept as-is (note: this can underflow/wrap for certain inputs — matching the C behavior)[0m[0m
- Pointer arithmetic via [38;5;10munsafe[0m for the raw [38;5;10m*const u8[0m parameter, matching the C signature[0m[0m[38;5;12m[1m✓ Created checkpoint 1

[0m[0m
[38;5;8m
 ▸ Credits: 3.02 • Time: 43s

[0m[1G[0m[0m[?25h