[38;5;9mError: [0mFile URI not found: file://./harold-prompt.md (resolved to /home/scheschb/.kiro/agents/./harold-prompt.md)
[32mAll tools are now trusted ([0m[31m![0m[32m). Kiro will execute tools without asking for confirmation.[0m
Agents can sometimes do unexpected things so understand the risks.

Learn more at [38;5;141mhttps://kiro.dev/docs/cli/chat/security/#using-tools-trust-all-safely[0m


[38;5;12m[1m📷 Checkpoints are enabled! (took 0.04s)

[0m
[38;5;252m[0m[?25l[38;5;141m> [0m[0m[0m
[0m[0m
Let me start by understanding the C source code and the project structure.[0m[0m
[?25l[0m[0mReading directory: [38;5;141m/local/home/scheschb/Git/harvest-agentic-translate-results/B01_organic/hdr_compare_lib/translated_rust[0m[38;5;244m (using tool: read, max depth: 2, max entries: 1000, excluding: defaults)[0m
[38;5;10m ✓ [0mSuccessfully read directory [38;5;141m/local/home/scheschb/Git/harvest-agentic-translate-results/B01_organic/hdr_compare_lib/translated_rust[0m [38;5;244m(6 entries)[0m
[38;5;244m - Completed in 0.4s[0m

[?25l[0m[?25l[0m[0mBatch fs_read operation with [38;5;141m3[0m operations[38;5;244m (using tool: read)[0m

↱ Operation 1: Reading file: [38;5;141m/local/home/scheschb/Git/harvest-agentic-translate-results/B01_organic/hdr_compare_lib/translated_rust/c_src/include/lib.h[0m, all lines
↱ Operation 2: Reading file: [38;5;141m/local/home/scheschb/Git/harvest-agentic-translate-results/B01_organic/hdr_compare_lib/translated_rust/c_src/src/lib.c[0m, all lines
↱ Operation 3: Reading file: [38;5;141m/local/home/scheschb/Git/harvest-agentic-translate-results/B01_organic/hdr_compare_lib/translated_rust/c_src/CMakeLists.txt[0m, all lines
[38;5;10m ✓ [0mSuccessfully read [38;5;244m75 bytes[0m from /local/home/scheschb/Git/harvest-agentic-translate-results/B01_organic/hdr_compare_lib/translated_rust/c_src/include/lib.h

[38;5;10m ✓ [0mSuccessfully read [38;5;244m473 bytes[0m from /local/home/scheschb/Git/harvest-agentic-translate-results/B01_organic/hdr_compare_lib/translated_rust/c_src/src/lib.c

[38;5;10m ✓ [0mSuccessfully read [38;5;244m439 bytes[0m from /local/home/scheschb/Git/harvest-agentic-translate-results/B01_organic/hdr_compare_lib/translated_rust/c_src/CMakeLists.txt

 ⋮ 

[38;5;244m- [0mSummary: 3 operations processed, 3 successful, 0 failed
[38;5;244m - Completed in 0.3s[0m

[?25l[0m[38;5;141m> [0mThe C code is straightforward — a header validation function and a header comparison function for what looks like MPEG audio frame headers. Let me figure out the project name from the directory structure and create the Rust translation.[0m[0m
[?25l[0m[0m[38;5;11mTODO:
[39m[0m[ ] Create Cargo.toml with package name hdr_compare_lib and cdylib crate-type
[0m[ ] Create src/lib.rs with exact C behavior translation
[0m[ ] Build with cargo build --release and fix any errors[38;5;244m - Completed in 0.4s[0m

[?25l[0m[?25l[?25l[0m[0mI'll create the following file: [38;5;141m/local/home/scheschb/Git/harvest-agentic-translate-results/B01_organic/hdr_compare_lib/translated_rust/Cargo.toml[0m[38;5;244m (using tool: write)[0m

[49m[38;5;10m+    1[0m:[38;5;10m[49m [package]
[0m[49m[38;5;10m+    2[0m:[38;5;10m[49m name = "hdr_compare_lib"
[0m[49m[38;5;10m+    3[0m:[38;5;10m[49m version = "0.1.0"
[0m[49m[38;5;10m+    4[0m:[38;5;10m[49m edition = "2021"
[0m[49m[38;5;10m+    5[0m:[38;5;10m[49m 
[0m[49m[38;5;10m+    6[0m:[38;5;10m[49m [lib]
[0m[49m[38;5;10m+    7[0m:[38;5;10m[49m crate-type = ["cdylib"]
[0m[K
I'll create the following file: [38;5;141m/local/home/scheschb/Git/harvest-agentic-translate-results/B01_organic/hdr_compare_lib/translated_rust/src/lib.rs[0m[38;5;244m (using tool: write)[0m

[48;2;40;67;43m[39m+     1[0m:[39m[48;2;24;38;30m [38;2;180;142;173muse[38;2;192;197;206m [38;2;192;197;206mstd[38;2;192;197;206m::[38;2;192;197;206mos[38;2;192;197;206m::[38;2;192;197;206mraw[38;2;192;197;206m::[38;2;180;142;173mc_int[38;2;192;197;206m;[K
[0m[48;2;40;67;43m[39m+     2[0m:[39m[48;2;24;38;30m [K
[0m[48;2;40;67;43m[39m+     3[0m:[39m[48;2;24;38;30m [38;2;180;142;173mfn[38;2;192;197;206m [38;2;143;161;179mhdr_valid[38;2;192;197;206m([38;2;191;97;106mh[38;2;192;197;206m:[38;2;192;197;206m *const [38;2;180;142;173mu8[38;2;192;197;206m)[38;2;192;197;206m [38;2;192;197;206m->[38;2;192;197;206m [38;2;180;142;173mbool[38;2;192;197;206m [38;2;192;197;206m{[K
[0m[48;2;40;67;43m[39m+     4[0m:[39m[48;2;24;38;30m [38;2;192;197;206m    [38;2;180;142;173munsafe[38;2;192;197;206m [38;2;192;197;206m{[K
[0m[48;2;40;67;43m[39m+     5[0m:[39m[48;2;24;38;30m [38;2;192;197;206m        [38;2;192;197;206m*[38;2;192;197;206mh.[38;2;150;181;180madd[38;2;192;197;206m([38;2;208;135;112m0[38;2;192;197;206m)[38;2;192;197;206m [38;2;192;197;206m=[38;2;192;197;206m=[38;2;192;197;206m [38;2;208;135;112m0xff[K
[0m[48;2;40;67;43m[39m+     6[0m:[39m[48;2;24;38;30m [38;2;192;197;206m            [38;2;192;197;206m&[38;2;192;197;206m&[38;2;192;197;206m [38;2;192;197;206m([38;2;192;197;206m([38;2;192;197;206m*[38;2;192;197;206mh.[38;2;150;181;180madd[38;2;192;197;206m([38;2;208;135;112m1[38;2;192;197;206m)[38;2;192;197;206m [38;2;192;197;206m&[38;2;192;197;206m [38;2;208;135;112m0xF0[38;2;192;197;206m)[38;2;192;197;206m [38;2;192;197;206m=[38;2;192;197;206m=[38;2;192;197;206m [38;2;208;135;112m0xf0[38;2;192;197;206m [38;2;192;197;206m|[38;2;192;197;206m|[38;2;192;197;206m [38;2;192;197;206m([38;2;192;197;206m*[38;2;192;197;206mh.[38;2;150;181;180madd[38;2;192;197;206m([38;2;208;135;112m1[38;2;192;197;206m)[38;2;192;197;206m [38;2;192;197;206m&[38;2;192;197;206m [38;2;208;135;112m0xFE[38;2;192;197;206m)[38;2;192;197;206m [38;2;192;197;206m=[38;2;192;197;206m=[38;2;192;197;206m [38;2;208;135;112m0xe2[38;2;192;197;206m)[K
[0m[48;2;40;67;43m[39m+     7[0m:[39m[48;2;24;38;30m [38;2;192;197;206m            [38;2;192;197;206m&[38;2;192;197;206m&[38;2;192;197;206m [38;2;192;197;206m([38;2;192;197;206m([38;2;192;197;206m([38;2;192;197;206m*[38;2;192;197;206mh.[38;2;150;181;180madd[38;2;192;197;206m([38;2;208;135;112m1[38;2;192;197;206m)[38;2;192;197;206m)[38;2;192;197;206m [38;2;192;197;206m>[38;2;192;197;206m>[38;2;192;197;206m [38;2;208;135;112m1[38;2;192;197;206m)[38;2;192;197;206m [38;2;192;197;206m&[38;2;192;197;206m [38;2;208;135;112m3[38;2;192;197;206m)[38;2;192;197;206m [38;2;192;197;206m![38;2;192;197;206m=[38;2;192;197;206m [38;2;208;135;112m0[K
[0m[48;2;40;67;43m[39m+     8[0m:[39m[48;2;24;38;30m [38;2;192;197;206m            [38;2;192;197;206m&[38;2;192;197;206m&[38;2;192;197;206m [38;2;192;197;206m([38;2;192;197;206m([38;2;192;197;206m*[38;2;192;197;206mh.[38;2;150;181;180madd[38;2;192;197;206m([38;2;208;135;112m2[38;2;192;197;206m)[38;2;192;197;206m)[38;2;192;197;206m [38;2;192;197;206m>[38;2;192;197;206m>[38;2;192;197;206m [38;2;208;135;112m4[38;2;192;197;206m)[38;2;192;197;206m [38;2;192;197;206m![38;2;192;197;206m=[38;2;192;197;206m [38;2;208;135;112m15[K
[0m[48;2;40;67;43m[39m+     9[0m:[39m[48;2;24;38;30m [38;2;192;197;206m            [38;2;192;197;206m&[38;2;192;197;206m&[38;2;192;197;206m [38;2;192;197;206m([38;2;192;197;206m([38;2;192;197;206m([38;2;192;197;206m*[38;2;192;197;206mh.[38;2;150;181;180madd[38;2;192;197;206m([38;2;208;135;112m2[38;2;192;197;206m)[38;2;192;197;206m)[38;2;192;197;206m [38;2;192;197;206m>[38;2;192;197;206m>[38;2;192;197;206m [38;2;208;135;112m2[38;2;192;197;206m)[38;2;192;197;206m [38;2;192;197;206m&[38;2;192;197;206m [38;2;208;135;112m3[38;2;192;197;206m)[38;2;192;197;206m [38;2;192;197;206m![38;2;192;197;206m=[38;2;192;197;206m [38;2;208;135;112m3[K
[0m[48;2;40;67;43m[39m+    10[0m:[39m[48;2;24;38;30m [38;2;192;197;206m    [38;2;192;197;206m}[K
[0m[48;2;40;67;43m[39m+    11[0m:[39m[48;2;24;38;30m [38;2;192;197;206m}[K
[0m[48;2;40;67;43m[39m+    12[0m:[39m[48;2;24;38;30m [K
[0m[48;2;40;67;43m[39m+    13[0m:[39m[48;2;24;38;30m [38;2;192;197;206m#[38;2;192;197;206m[[38;2;191;97;106munsafe[38;2;192;197;206m([38;2;192;197;206mno_mangle[38;2;192;197;206m)[38;2;192;197;206m][K
[0m[48;2;40;67;43m[39m+    14[0m:[39m[48;2;24;38;30m [38;2;180;142;173mpub[38;2;192;197;206m [38;2;180;142;173mextern[38;2;192;197;206m [38;2;192;197;206m"[38;2;163;190;140mC[38;2;192;197;206m"[38;2;192;197;206m [38;2;180;142;173mfn[38;2;192;197;206m [38;2;143;161;179mhdr_compare[38;2;192;197;206m([38;2;191;97;106mh1[38;2;192;197;206m:[38;2;192;197;206m *const [38;2;180;142;173mu8[38;2;192;197;206m, [38;2;191;97;106mh2[38;2;192;197;206m:[38;2;192;197;206m *const [38;2;180;142;173mu8[38;2;192;197;206m)[38;2;192;197;206m [38;2;192;197;206m->[38;2;192;197;206m c_int[38;2;192;197;206m [38;2;192;197;206m{[K
[0m[48;2;40;67;43m[39m+    15[0m:[39m[48;2;24;38;30m [38;2;192;197;206m    [38;2;180;142;173munsafe[38;2;192;197;206m [38;2;192;197;206m{[K
[0m[48;2;40;67;43m[39m+    16[0m:[39m[48;2;24;38;30m [38;2;192;197;206m        [38;2;192;197;206m([38;2;150;181;180mhdr_valid[38;2;192;197;206m([38;2;192;197;206mh2[38;2;192;197;206m)[K
[0m[48;2;40;67;43m[39m+    17[0m:[39m[48;2;24;38;30m [38;2;192;197;206m            [38;2;192;197;206m&[38;2;192;197;206m&[38;2;192;197;206m [38;2;192;197;206m([38;2;192;197;206m([38;2;192;197;206m*[38;2;192;197;206mh1.[38;2;150;181;180madd[38;2;192;197;206m([38;2;208;135;112m1[38;2;192;197;206m)[38;2;192;197;206m [38;2;192;197;206m^[38;2;192;197;206m [38;2;192;197;206m*[38;2;192;197;206mh2.[38;2;150;181;180madd[38;2;192;197;206m([38;2;208;135;112m1[38;2;192;197;206m)[38;2;192;197;206m)[38;2;192;197;206m [38;2;192;197;206m&[38;2;192;197;206m [38;2;208;135;112m0xFE[38;2;192;197;206m)[38;2;192;197;206m [38;2;192;197;206m=[38;2;192;197;206m=[38;2;192;197;206m [38;2;208;135;112m0[K
[0m[48;2;40;67;43m[39m+    18[0m:[39m[48;2;24;38;30m [38;2;192;197;206m            [38;2;192;197;206m&[38;2;192;197;206m&[38;2;192;197;206m [38;2;192;197;206m([38;2;192;197;206m([38;2;192;197;206m*[38;2;192;197;206mh1.[38;2;150;181;180madd[38;2;192;197;206m([38;2;208;135;112m2[38;2;192;197;206m)[38;2;192;197;206m [38;2;192;197;206m^[38;2;192;197;206m [38;2;192;197;206m*[38;2;192;197;206mh2.[38;2;150;181;180madd[38;2;192;197;206m([38;2;208;135;112m2[38;2;192;197;206m)[38;2;192;197;206m)[38;2;192;197;206m [38;2;192;197;206m&[38;2;192;197;206m [38;2;208;135;112m0x0C[38;2;192;197;206m)[38;2;192;197;206m [38;2;192;197;206m=[38;2;192;197;206m=[38;2;192;197;206m [38;2;208;135;112m0[K
[0m[48;2;40;67;43m[39m+    19[0m:[39m[48;2;24;38;30m [38;2;192;197;206m            [38;2;192;197;206m&[38;2;192;197;206m&[38;2;192;197;206m [38;2;192;197;206m![38;2;192;197;206m([38;2;192;197;206m([38;2;192;197;206m([38;2;192;197;206m*[38;2;192;197;206mh1.[38;2;150;181;180madd[38;2;192;197;206m([38;2;208;135;112m2[38;2;192;197;206m)[38;2;192;197;206m)[38;2;192;197;206m [38;2;192;197;206m&[38;2;192;197;206m [38;2;208;135;112m0xF0[38;2;192;197;206m)[38;2;192;197;206m [38;2;192;197;206m=[38;2;192;197;206m=[38;2;192;197;206m [38;2;208;135;112m0[38;2;192;197;206m)[38;2;192;197;206m [38;2;192;197;206m^[38;2;192;197;206m [38;2;192;197;206m([38;2;192;197;206m([38;2;192;197;206m([38;2;192;197;206m*[38;2;192;197;206mh2.[38;2;150;181;180madd[38;2;192;197;206m([38;2;208;135;112m2[38;2;192;197;206m)[38;2;192;197;206m)[38;2;192;197;206m [38;2;192;197;206m&[38;2;192;197;206m [38;2;208;135;112m0xF0[38;2;192;197;206m)[38;2;192;197;206m [38;2;192;197;206m=[38;2;192;197;206m=[38;2;192;197;206m [38;2;208;135;112m0[38;2;192;197;206m)[38;2;192;197;206m)[K
[0m[48;2;40;67;43m[39m+    20[0m:[39m[48;2;24;38;30m [38;2;192;197;206m            [38;2;192;197;206mas[38;2;192;197;206m [38;2;180;142;173mc_int[K
[0m[48;2;40;67;43m[39m+    21[0m:[39m[48;2;24;38;30m [38;2;192;197;206m    [38;2;192;197;206m}[K
[0m[48;2;40;67;43m[39m+    22[0m:[39m[48;2;24;38;30m [38;2;192;197;206m}[K
[0m[K
Creating: [38;5;141m/local/home/scheschb/Git/harvest-agentic-translate-results/B01_organic/hdr_compare_lib/translated_rust/Cargo.toml[0m
[38;5;244m - Completed in 0.39s[0m
[38;5;12m[1m [1.1][0m[0m
Creating: [38;5;141m/local/home/scheschb/Git/harvest-agentic-translate-results/B01_organic/hdr_compare_lib/translated_rust/src/lib.rs[0m
[38;5;244m - Completed in 0.40s[0m
[38;5;12m[1m [1.2][0m[0m
[?25l[0m[?25l[0m[0m[38;5;11mTODO:
[39m[38;5;10m[x] [3m[38;5;244mCreate Cargo.toml with package name hdr_compare_lib and cdylib crate-type[23m
[38;5;10m[x] [3m[38;5;244mCreate src/lib.rs with exact C behavior translation[23m
[0m[ ] Build with cargo build --release and fix any errors[38;5;244m - Completed in 0.4s[0m

[?25l[0m[38;5;141m> [0mNow let's build:[0m[0m
[?25l[0m[0mI will run the following command: [38;5;141mcd /local/home/scheschb/Git/harvest-agentic-translate-results/B01_organic/hdr_compare_lib/translated_rust && cargo build --release 2>&1 | tee /tmp/build.log | tail -30[0m[38;5;244m (using tool: shell)[0m
Purpose: Build the Rust cdylib with cargo

   Compiling hdr_compare_lib v0.1.0 (/local/home/scheschb/Git/harvest-agentic-translate-results/B01_organic/hdr_compare_lib/translated_rust)
    Finished `release` profile [optimized] target(s) in 0.17s
[38;5;244m - Completed in 0.289s[0m
[38;5;12m[1m [1.3][0m[0m
[?25l[0m[38;5;141m> [0mCompiled cleanly on the first try. Let me verify the exported symbol:[0m[0m
[?25l[0m[0mI will run the following command: [38;5;141mnm -D /local/home/scheschb/Git/harvest-agentic-translate-results/B01_organic/hdr_compare_lib/translated_rust/target/release/libhdr_compare_lib.so | grep hdr_compare[0m[38;5;244m (using tool: shell)[0m
Purpose: Verify the hdr_compare symbol is exported

nm: warning: /local/home/scheschb/Git/harvest-agentic-translate-results/B01_organic/hdr_compare_lib/translated_rust/target/release/libhdr_compare_lib.so: unsupported GNU_PROPERTY_TYPE (5) type: 0xc0000000
00000000000071f0 T hdr_compare
[38;5;244m - Completed in 0.16s[0m

[?25l[0m[?25l[0m[0m[38;5;11mTODO:
[39m[38;5;10m[x] [3m[38;5;244mCreate Cargo.toml with package name hdr_compare_lib and cdylib crate-type[23m
[38;5;10m[x] [3m[38;5;244mCreate src/lib.rs with exact C behavior translation[23m
[38;5;10m[x] [3m[38;5;244mBuild with cargo build --release and fix any errors[23m[38;5;244m - Completed in 0.4s[0m

[?25l[0m[38;5;141m> [0mDone. Here's what was created:[0m[0m
[0m[0m
- [38;5;10mCargo.toml[0m — package [38;5;10mhdr_compare_lib[0m with [38;5;10mcrate-type = ["cdylib"][0m[0m[0m
- [38;5;10msrc/lib.rs[0m — direct translation of the C code[0m[0m
[0m[0m
Key translation details:[0m[0m
- [38;5;10mhdr_valid[0m is a private [38;5;10mfn[0m (matching C's [38;5;10mstatic[0m), taking [38;5;10m*const u8[0m and using [38;5;10munsafe[0m pointer arithmetic via [38;5;10m.add()[0m to mirror the C array indexing[0m[0m
- [38;5;10mhdr_compare[0m is [38;5;10m#[unsafe(no_mangle)] pub extern "C"[0m returning [38;5;10mc_int[0m[0m[0m
- The tricky last condition [38;5;10m!((h1[2] & 0xF0) == 0) ^ ((h2[2] & 0xF0) == 0)[0m preserves C's operator precedence where [38;5;10m^[0m (bitwise XOR) binds looser than [38;5;10m==[0m, so [38;5;10m![0m applies to the first comparison, then XOR with the second — Rust's [38;5;10m^[0m on [38;5;10mbool[0m behaves identically[0m[0m
- The final [38;5;10mbool[0m result is cast to [38;5;10mc_int[0m via [38;5;10mas c_int[0m, matching C's implicit int conversion[0m[0m
[0m[0m
The shared library exports exactly one symbol: [38;5;10mhdr_compare[0m.[0m[0m[38;5;12m[1m✓ Created checkpoint 1

[0m[0m
[38;5;8m
 ▸ Credits: 3.32 • Time: 46s

[0m[1G[0m[0m[?25h