[38;5;9mError: [0mFile URI not found: file://./harold-prompt.md (resolved to /home/scheschb/.kiro/agents/./harold-prompt.md)
[32mAll tools are now trusted ([0m[31m![0m[32m). Kiro will execute tools without asking for confirmation.[0m
Agents can sometimes do unexpected things so understand the risks.

Learn more at [38;5;141mhttps://kiro.dev/docs/cli/chat/security/#using-tools-trust-all-safely[0m


[38;5;12m[1m📷 Checkpoints are enabled! (took 0.04s)

[0m
[38;5;252m[0m[?25l[38;5;141m> [0m[0m[0m
[0m[0m
Let me start by understanding the C source code structure.[0m[0m
[?25l[0m[0mBatch fs_read operation with [38;5;141m2[0m operations[38;5;244m (using tool: read)[0m

↱ Operation 1: Reading directory: [38;5;141m/local/home/scheschb/Git/harvest-agentic-translate-results/B01_organic/ima_parse_lib/translated_rust[0m
↱ Operation 2: Reading directory: [38;5;141m/local/home/scheschb/Git/harvest-agentic-translate-results/B01_organic/ima_parse_lib/translated_rust/c_src[0m
[38;5;10m ✓ [0mSuccessfully read directory [38;5;141m/local/home/scheschb/Git/harvest-agentic-translate-results/B01_organic/ima_parse_lib/translated_rust[0m [38;5;244m(6 entries)[0m

[38;5;10m ✓ [0mSuccessfully read directory [38;5;141m/local/home/scheschb/Git/harvest-agentic-translate-results/B01_organic/ima_parse_lib/translated_rust/c_src[0m [38;5;244m(5 entries)[0m

 ⋮ 

[38;5;244m- [0mSummary: 2 operations processed, 2 successful, 0 failed
[38;5;244m - Completed in 0.4s[0m

[?25l[0m[?25l[0m[0mBatch fs_read operation with [38;5;141m3[0m operations[38;5;244m (using tool: read)[0m

↱ Operation 1: Reading file: [38;5;141m/local/home/scheschb/Git/harvest-agentic-translate-results/B01_organic/ima_parse_lib/translated_rust/c_src/include/lib.h[0m, all lines
↱ Operation 2: Reading file: [38;5;141m/local/home/scheschb/Git/harvest-agentic-translate-results/B01_organic/ima_parse_lib/translated_rust/c_src/src/lib.c[0m, all lines
↱ Operation 3: Reading file: [38;5;141m/local/home/scheschb/Git/harvest-agentic-translate-results/B01_organic/ima_parse_lib/translated_rust/c_src/CMakeLists.txt[0m, all lines
[38;5;10m ✓ [0mSuccessfully read [38;5;244m452 bytes[0m from /local/home/scheschb/Git/harvest-agentic-translate-results/B01_organic/ima_parse_lib/translated_rust/c_src/include/lib.h

[38;5;10m ✓ [0mSuccessfully read [38;5;244m4179 bytes[0m from /local/home/scheschb/Git/harvest-agentic-translate-results/B01_organic/ima_parse_lib/translated_rust/c_src/src/lib.c

[38;5;10m ✓ [0mSuccessfully read [38;5;244m439 bytes[0m from /local/home/scheschb/Git/harvest-agentic-translate-results/B01_organic/ima_parse_lib/translated_rust/c_src/CMakeLists.txt

 ⋮ 

[38;5;244m- [0mSummary: 3 operations processed, 3 successful, 0 failed
[38;5;244m - Completed in 0.3s[0m

[?25l[0m[38;5;141m> [0mNow I have a clear picture. Let me extract the project name and create the Rust translation.[0m[0m
[?25l[0m[0m[38;5;11mTODO:
[39m[0m[ ] Create Cargo.toml with package name ima_parse_lib and cdylib crate-type
[0m[ ] Create src/lib.rs with exact translation of C structs and ima_parse function
[0m[ ] Build with cargo build --release and fix any errors[38;5;244m - Completed in 0.4s[0m

[?25l[0m[38;5;141m> [0mThe CMakeLists.txt derives the project name from the parent directory. The parent of [38;5;10mc_src/[0m is [38;5;10mtranslated_rust/[0m, but looking at the broader path, the project is [38;5;10mima_parse_lib[0m. The user also confirmed the package name must be [38;5;10mima_parse_lib[0m.[0m[0m
[0m[0m
Let me create both files:[0m[0m
[?25l[0m[0m
[?25l[0m[0mI'll create the following file: [38;5;141m/local/home/scheschb/Git/harvest-agentic-translate-results/B01_organic/ima_parse_lib/translated_rust/Cargo.toml[0m[38;5;244m (using tool: write)[0m

[49m[38;5;10m+    1[0m:[38;5;10m[49m [package]
[0m[49m[38;5;10m+    2[0m:[38;5;10m[49m name = "ima_parse_lib"
[0m[49m[38;5;10m+    3[0m:[38;5;10m[49m version = "0.1.0"
[0m[49m[38;5;10m+    4[0m:[38;5;10m[49m edition = "2021"
[0m[49m[38;5;10m+    5[0m:[38;5;10m[49m 
[0m[49m[38;5;10m+    6[0m:[38;5;10m[49m [lib]
[0m[49m[38;5;10m+    7[0m:[38;5;10m[49m crate-type = ["cdylib"]
[0m[K
I'll create the following file: [38;5;141m/local/home/scheschb/Git/harvest-agentic-translate-results/B01_organic/ima_parse_lib/translated_rust/src/lib.rs[0m[38;5;244m (using tool: write)[0m

[48;2;40;67;43m[39m+      1[0m:[39m[48;2;24;38;30m [38;2;180;142;173muse[38;2;192;197;206m [38;2;192;197;206mstd[38;2;192;197;206m::[38;2;192;197;206mos[38;2;192;197;206m::[38;2;192;197;206mraw[38;2;192;197;206m::[38;2;192;197;206m{[38;2;180;142;173mc_int[38;2;192;197;206m,[38;2;192;197;206m [38;2;180;142;173mc_void[38;2;192;197;206m}[38;2;192;197;206m;[K
[0m[48;2;40;67;43m[39m+      2[0m:[39m[48;2;24;38;30m [K
[0m[48;2;40;67;43m[39m+      3[0m:[39m[48;2;24;38;30m [38;2;180;142;173mtype[38;2;192;197;206m [38;2;192;197;206mImaU8[38;2;192;197;206m [38;2;192;197;206m=[38;2;192;197;206m [38;2;180;142;173mu8[38;2;192;197;206m;[K
[0m[48;2;40;67;43m[39m+      4[0m:[39m[48;2;24;38;30m [38;2;180;142;173mtype[38;2;192;197;206m [38;2;192;197;206mImaU16[38;2;192;197;206m [38;2;192;197;206m=[38;2;192;197;206m [38;2;180;142;173mu16[38;2;192;197;206m;[K
[0m[48;2;40;67;43m[39m+      5[0m:[39m[48;2;24;38;30m [38;2;180;142;173mtype[38;2;192;197;206m [38;2;192;197;206mImaU32[38;2;192;197;206m [38;2;192;197;206m=[38;2;192;197;206m [38;2;180;142;173mu32[38;2;192;197;206m;[K
[0m[48;2;40;67;43m[39m+      6[0m:[39m[48;2;24;38;30m [38;2;180;142;173mtype[38;2;192;197;206m [38;2;192;197;206mImaU64[38;2;192;197;206m [38;2;192;197;206m=[38;2;192;197;206m [38;2;180;142;173mu64[38;2;192;197;206m;[K
[0m[48;2;40;67;43m[39m+      7[0m:[39m[48;2;24;38;30m [38;2;180;142;173mtype[38;2;192;197;206m [38;2;192;197;206mImaF64[38;2;192;197;206m [38;2;192;197;206m=[38;2;192;197;206m [38;2;180;142;173mf64[38;2;192;197;206m;[K
[0m[48;2;40;67;43m[39m+      8[0m:[39m[48;2;24;38;30m [38;2;180;142;173mtype[38;2;192;197;206m [38;2;192;197;206mImaS32[38;2;192;197;206m [38;2;192;197;206m=[38;2;192;197;206m [38;2;180;142;173mi32[38;2;192;197;206m;[K
[0m[48;2;40;67;43m[39m+      9[0m:[39m[48;2;24;38;30m [38;2;180;142;173mtype[38;2;192;197;206m [38;2;192;197;206mImaS64[38;2;192;197;206m [38;2;192;197;206m=[38;2;192;197;206m [38;2;180;142;173mi64[38;2;192;197;206m;[K
[0m[48;2;40;67;43m[39m+     10[0m:[39m[48;2;24;38;30m [K
[0m[48;2;40;67;43m[39m+     11[0m:[39m[48;2;24;38;30m [38;2;192;197;206m#[38;2;192;197;206m[[38;2;191;97;106mrepr[38;2;192;197;206m([38;2;192;197;206mC[38;2;192;197;206m)[38;2;192;197;206m][K
[0m[48;2;40;67;43m[39m+     12[0m:[39m[48;2;24;38;30m [38;2;180;142;173mpub[38;2;192;197;206m [38;2;180;142;173mstruct[38;2;192;197;206m [38;2;192;197;206mImaBlock[38;2;192;197;206m [38;2;192;197;206m{[K
[0m[48;2;40;67;43m[39m+     13[0m:[39m[48;2;24;38;30m [38;2;192;197;206m    [38;2;180;142;173mpub[38;2;192;197;206m [38;2;191;97;106mpreamble[38;2;192;197;206m:[38;2;192;197;206m ImaU16,[K
[0m[48;2;40;67;43m[39m+     14[0m:[39m[48;2;24;38;30m [38;2;192;197;206m    [38;2;180;142;173mpub[38;2;192;197;206m [38;2;191;97;106mdata[38;2;192;197;206m:[38;2;192;197;206m [ImaU8; 32],[K
[0m[48;2;40;67;43m[39m+     15[0m:[39m[48;2;24;38;30m [38;2;192;197;206m}[K
[0m[48;2;40;67;43m[39m+     16[0m:[39m[48;2;24;38;30m [K
[0m[48;2;40;67;43m[39m+     17[0m:[39m[48;2;24;38;30m [38;2;192;197;206m#[38;2;192;197;206m[[38;2;191;97;106mrepr[38;2;192;197;206m([38;2;192;197;206mC[38;2;192;197;206m)[38;2;192;197;206m][K
[0m[48;2;40;67;43m[39m+     18[0m:[39m[48;2;24;38;30m [38;2;180;142;173mpub[38;2;192;197;206m [38;2;180;142;173mstruct[38;2;192;197;206m [38;2;192;197;206mImaInfo[38;2;192;197;206m [38;2;192;197;206m{[K
[0m[48;2;40;67;43m[39m+     19[0m:[39m[48;2;24;38;30m [38;2;192;197;206m    [38;2;180;142;173mpub[38;2;192;197;206m [38;2;191;97;106mblocks[38;2;192;197;206m:[38;2;192;197;206m *const ImaBlock,[K
[0m[48;2;40;67;43m[39m+     20[0m:[39m[48;2;24;38;30m [38;2;192;197;206m    [38;2;180;142;173mpub[38;2;192;197;206m [38;2;191;97;106msize[38;2;192;197;206m:[38;2;192;197;206m ImaU64,[K
[0m[48;2;40;67;43m[39m+     21[0m:[39m[48;2;24;38;30m [38;2;192;197;206m    [38;2;180;142;173mpub[38;2;192;197;206m [38;2;191;97;106msample_rate[38;2;192;197;206m:[38;2;192;197;206m ImaF64,[K
[0m[48;2;40;67;43m[39m+     22[0m:[39m[48;2;24;38;30m [38;2;192;197;206m    [38;2;180;142;173mpub[38;2;192;197;206m [38;2;191;97;106mframe_count[38;2;192;197;206m:[38;2;192;197;206m ImaU64,[K
[0m[48;2;40;67;43m[39m+     23[0m:[39m[48;2;24;38;30m [38;2;192;197;206m    [38;2;180;142;173mpub[38;2;192;197;206m [38;2;191;97;106mchannel_count[38;2;192;197;206m:[38;2;192;197;206m ImaU32,[K
[0m[48;2;40;67;43m[39m+     24[0m:[39m[48;2;24;38;30m [38;2;192;197;206m}[K
[0m[48;2;40;67;43m[39m+     25[0m:[39m[48;2;24;38;30m [K
[0m[48;2;40;67;43m[39m+     26[0m:[39m[48;2;24;38;30m [38;2;192;197;206m#[38;2;192;197;206m[[38;2;191;97;106mrepr[38;2;192;197;206m([38;2;192;197;206mC[38;2;192;197;206m)[38;2;192;197;206m][K
[0m[48;2;40;67;43m[39m+     27[0m:[39m[48;2;24;38;30m [38;2;180;142;173mstruct[38;2;192;197;206m [38;2;192;197;206mCafHeader[38;2;192;197;206m [38;2;192;197;206m{[K
[0m[48;2;40;67;43m[39m+     28[0m:[39m[48;2;24;38;30m [38;2;192;197;206m    [38;2;191;97;106mtype_[38;2;192;197;206m:[38;2;192;197;206m ImaU32,[K
[0m[48;2;40;67;43m[39m+     29[0m:[39m[48;2;24;38;30m [38;2;192;197;206m    [38;2;191;97;106mversion[38;2;192;197;206m:[38;2;192;197;206m ImaU16,[K
[0m[48;2;40;67;43m[39m+     30[0m:[39m[48;2;24;38;30m [38;2;192;197;206m    [38;2;191;97;106mflags[38;2;192;197;206m:[38;2;192;197;206m ImaU16,[K
[0m[48;2;40;67;43m[39m+     31[0m:[39m[48;2;24;38;30m [38;2;192;197;206m}[K
[0m[48;2;40;67;43m[39m+     32[0m:[39m[48;2;24;38;30m [K
[0m[48;2;40;67;43m[39m+     33[0m:[39m[48;2;24;38;30m [38;2;192;197;206m#[38;2;192;197;206m[[38;2;191;97;106mrepr[38;2;192;197;206m([38;2;192;197;206mC[38;2;192;197;206m)[38;2;192;197;206m][K
[0m[48;2;40;67;43m[39m+     34[0m:[39m[48;2;24;38;30m [38;2;180;142;173mstruct[38;2;192;197;206m [38;2;192;197;206mCafChunk[38;2;192;197;206m [38;2;192;197;206m{[K
[0m[48;2;40;67;43m[39m+     35[0m:[39m[48;2;24;38;30m [38;2;192;197;206m    [38;2;191;97;106mtype_[38;2;192;197;206m:[38;2;192;197;206m ImaU32,[K
[0m[48;2;40;67;43m[39m+     36[0m:[39m[48;2;24;38;30m [38;2;192;197;206m    [38;2;191;97;106msize[38;2;192;197;206m:[38;2;192;197;206m ImaS64,[K
[0m[48;2;40;67;43m[39m+     37[0m:[39m[48;2;24;38;30m [38;2;192;197;206m}[K
[0m[48;2;40;67;43m[39m+     38[0m:[39m[48;2;24;38;30m [K
[0m[48;2;40;67;43m[39m+     39[0m:[39m[48;2;24;38;30m [38;2;192;197;206m#[38;2;192;197;206m[[38;2;191;97;106mrepr[38;2;192;197;206m([38;2;192;197;206mC[38;2;192;197;206m)[38;2;192;197;206m][K
[0m[48;2;40;67;43m[39m+     40[0m:[39m[48;2;24;38;30m [38;2;180;142;173mstruct[38;2;192;197;206m [38;2;192;197;206mCafAudioDescription[38;2;192;197;206m [38;2;192;197;206m{[K
[0m[48;2;40;67;43m[39m+     41[0m:[39m[48;2;24;38;30m [38;2;192;197;206m    [38;2;191;97;106msample_rate[38;2;192;197;206m:[38;2;192;197;206m ImaF64,[K
[0m[48;2;40;67;43m[39m+     42[0m:[39m[48;2;24;38;30m [38;2;192;197;206m    [38;2;191;97;106mformat_id[38;2;192;197;206m:[38;2;192;197;206m ImaU32,[K
[0m[48;2;40;67;43m[39m+     43[0m:[39m[48;2;24;38;30m [38;2;192;197;206m    [38;2;191;97;106mformat_flags[38;2;192;197;206m:[38;2;192;197;206m ImaU32,[K
[0m[48;2;40;67;43m[39m+     44[0m:[39m[48;2;24;38;30m [38;2;192;197;206m    [38;2;191;97;106mbytes_per_packet[38;2;192;197;206m:[38;2;192;197;206m ImaU32,[K
[0m[48;2;40;67;43m[39m+     45[0m:[39m[48;2;24;38;30m [38;2;192;197;206m    [38;2;191;97;106mframes_per_packet[38;2;192;197;206m:[38;2;192;197;206m ImaU32,[K
[0m[48;2;40;67;43m[39m+     46[0m:[39m[48;2;24;38;30m [38;2;192;197;206m    [38;2;191;97;106mchannels_per_frame[38;2;192;197;206m:[38;2;192;197;206m ImaU32,[K
[0m[48;2;40;67;43m[39m+     47[0m:[39m[48;2;24;38;30m [38;2;192;197;206m    [38;2;191;97;106mbits_per_channel[38;2;192;197;206m:[38;2;192;197;206m ImaU32,[K
[0m[48;2;40;67;43m[39m+     48[0m:[39m[48;2;24;38;30m [38;2;192;197;206m}[K
[0m[48;2;40;67;43m[39m+     49[0m:[39m[48;2;24;38;30m [K
[0m[48;2;40;67;43m[39m+     50[0m:[39m[48;2;24;38;30m [38;2;192;197;206m#[38;2;192;197;206m[[38;2;191;97;106mrepr[38;2;192;197;206m([38;2;192;197;206mC[38;2;192;197;206m)[38;2;192;197;206m][K
[0m[48;2;40;67;43m[39m+     51[0m:[39m[48;2;24;38;30m [38;2;180;142;173mstruct[38;2;192;197;206m [38;2;192;197;206mCafPacketTable[38;2;192;197;206m [38;2;192;197;206m{[K
[0m[48;2;40;67;43m[39m+     52[0m:[39m[48;2;24;38;30m [38;2;192;197;206m    [38;2;191;97;106mpacket_count[38;2;192;197;206m:[38;2;192;197;206m ImaS64,[K
[0m[48;2;40;67;43m[39m+     53[0m:[39m[48;2;24;38;30m [38;2;192;197;206m    [38;2;191;97;106mframe_count[38;2;192;197;206m:[38;2;192;197;206m ImaS64,[K
[0m[48;2;40;67;43m[39m+     54[0m:[39m[48;2;24;38;30m [38;2;192;197;206m    [38;2;191;97;106mpriming_frames[38;2;192;197;206m:[38;2;192;197;206m ImaS32,[K
[0m[48;2;40;67;43m[39m+     55[0m:[39m[48;2;24;38;30m [38;2;192;197;206m    [38;2;191;97;106mremainder_frames[38;2;192;197;206m:[38;2;192;197;206m ImaS32,[K
[0m[48;2;40;67;43m[39m+     56[0m:[39m[48;2;24;38;30m [38;2;192;197;206m}[K
[0m[48;2;40;67;43m[39m+     57[0m:[39m[48;2;24;38;30m [K
[0m[48;2;40;67;43m[39m+     58[0m:[39m[48;2;24;38;30m [38;2;192;197;206m#[38;2;192;197;206m[[38;2;191;97;106mrepr[38;2;192;197;206m([38;2;192;197;206mC[38;2;192;197;206m)[38;2;192;197;206m][K
[0m[48;2;40;67;43m[39m+     59[0m:[39m[48;2;24;38;30m [38;2;180;142;173mstruct[38;2;192;197;206m [38;2;192;197;206mCafData[38;2;192;197;206m [38;2;192;197;206m{[K
[0m[48;2;40;67;43m[39m+     60[0m:[39m[48;2;24;38;30m [38;2;192;197;206m    [38;2;191;97;106medit_count[38;2;192;197;206m:[38;2;192;197;206m ImaU32,[K
[0m[48;2;40;67;43m[39m+     61[0m:[39m[48;2;24;38;30m [38;2;192;197;206m}[K
[0m[48;2;40;67;43m[39m+     62[0m:[39m[48;2;24;38;30m [K
[0m[48;2;40;67;43m[39m+     63[0m:[39m[48;2;24;38;30m [38;2;180;142;173mfn[38;2;192;197;206m [38;2;143;161;179mima_bswap16[38;2;192;197;206m([38;2;191;97;106mv[38;2;192;197;206m:[38;2;192;197;206m ImaU16[38;2;192;197;206m)[38;2;192;197;206m [38;2;192;197;206m->[38;2;192;197;206m ImaU16[38;2;192;197;206m [38;2;192;197;206m{[K
[0m[48;2;40;67;43m[39m+     64[0m:[39m[48;2;24;38;30m [38;2;192;197;206m    [38;2;192;197;206m([38;2;192;197;206mv [38;2;192;197;206m<[38;2;192;197;206m<[38;2;192;197;206m [38;2;208;135;112m0x08[38;2;192;197;206m [38;2;192;197;206m&[38;2;192;197;206m [38;2;208;135;112m0xff00[38;2;180;142;173mu16[38;2;192;197;206m)[38;2;192;197;206m [38;2;192;197;206m|[38;2;192;197;206m [38;2;192;197;206m([38;2;192;197;206mv [38;2;192;197;206m>[38;2;192;197;206m>[38;2;192;197;206m [38;2;208;135;112m0x08[38;2;192;197;206m [38;2;192;197;206m&[38;2;192;197;206m [38;2;208;135;112m0x00ff[38;2;180;142;173mu16[38;2;192;197;206m)[K
[0m[48;2;40;67;43m[39m+     65[0m:[39m[48;2;24;38;30m [38;2;192;197;206m}[K
[0m[48;2;40;67;43m[39m+     66[0m:[39m[48;2;24;38;30m [K
[0m[48;2;40;67;43m[39m+     67[0m:[39m[48;2;24;38;30m [38;2;180;142;173mfn[38;2;192;197;206m [38;2;143;161;179mima_bswap32[38;2;192;197;206m([38;2;191;97;106mv[38;2;192;197;206m:[38;2;192;197;206m ImaU32[38;2;192;197;206m)[38;2;192;197;206m [38;2;192;197;206m->[38;2;192;197;206m ImaU32[38;2;192;197;206m [38;2;192;197;206m{[K
[0m[48;2;40;67;43m[39m+     68[0m:[39m[48;2;24;38;30m [38;2;192;197;206m    [38;2;192;197;206m([38;2;192;197;206mv [38;2;192;197;206m<[38;2;192;197;206m<[38;2;192;197;206m [38;2;208;135;112m0x18[38;2;192;197;206m [38;2;192;197;206m&[38;2;192;197;206m [38;2;208;135;112m0xff000000[38;2;180;142;173mu32[38;2;192;197;206m)[K
[0m[48;2;40;67;43m[39m+     69[0m:[39m[48;2;24;38;30m [38;2;192;197;206m        [38;2;192;197;206m|[38;2;192;197;206m [38;2;192;197;206m([38;2;192;197;206mv [38;2;192;197;206m<[38;2;192;197;206m<[38;2;192;197;206m [38;2;208;135;112m0x08[38;2;192;197;206m [38;2;192;197;206m&[38;2;192;197;206m [38;2;208;135;112m0x00ff0000[38;2;180;142;173mu32[38;2;192;197;206m)[K
[0m[48;2;40;67;43m[39m+     70[0m:[39m[48;2;24;38;30m [38;2;192;197;206m        [38;2;192;197;206m|[38;2;192;197;206m [38;2;192;197;206m([38;2;192;197;206mv [38;2;192;197;206m>[38;2;192;197;206m>[38;2;192;197;206m [38;2;208;135;112m0x08[38;2;192;197;206m [38;2;192;197;206m&[38;2;192;197;206m [38;2;208;135;112m0x0000ff00[38;2;180;142;173mu32[38;2;192;197;206m)[K
[0m[48;2;40;67;43m[39m+     71[0m:[39m[48;2;24;38;30m [38;2;192;197;206m        [38;2;192;197;206m|[38;2;192;197;206m [38;2;192;197;206m([38;2;192;197;206mv [38;2;192;197;206m>[38;2;192;197;206m>[38;2;192;197;206m [38;2;208;135;112m0x18[38;2;192;197;206m [38;2;192;197;206m&[38;2;192;197;206m [38;2;208;135;112m0x000000ff[38;2;180;142;173mu32[38;2;192;197;206m)[K
[0m[48;2;40;67;43m[39m+     72[0m:[39m[48;2;24;38;30m [38;2;192;197;206m}[K
[0m[48;2;40;67;43m[39m+     73[0m:[39m[48;2;24;38;30m [K
[0m[48;2;40;67;43m[39m+     74[0m:[39m[48;2;24;38;30m [38;2;180;142;173mfn[38;2;192;197;206m [38;2;143;161;179mima_bswap64[38;2;192;197;206m([38;2;191;97;106mv[38;2;192;197;206m:[38;2;192;197;206m ImaU64[38;2;192;197;206m)[38;2;192;197;206m [38;2;192;197;206m->[38;2;192;197;206m ImaU64[38;2;192;197;206m [38;2;192;197;206m{[K
[0m[48;2;40;67;43m[39m+     75[0m:[39m[48;2;24;38;30m [38;2;192;197;206m    [38;2;192;197;206m([38;2;192;197;206mv [38;2;192;197;206m<[38;2;192;197;206m<[38;2;192;197;206m [38;2;208;135;112m0x38[38;2;192;197;206m [38;2;192;197;206m&[38;2;192;197;206m [38;2;208;135;112m0xff00000000000000[38;2;180;142;173mu64[38;2;192;197;206m)[K
[0m[48;2;40;67;43m[39m+     76[0m:[39m[48;2;24;38;30m [38;2;192;197;206m        [38;2;192;197;206m|[38;2;192;197;206m [38;2;192;197;206m([38;2;192;197;206mv [38;2;192;197;206m<[38;2;192;197;206m<[38;2;192;197;206m [38;2;208;135;112m0x28[38;2;192;197;206m [38;2;192;197;206m&[38;2;192;197;206m [38;2;208;135;112m0x00ff000000000000[38;2;180;142;173mu64[38;2;192;197;206m)[K
[0m[48;2;40;67;43m[39m+     77[0m:[39m[48;2;24;38;30m [38;2;192;197;206m        [38;2;192;197;206m|[38;2;192;197;206m [38;2;192;197;206m([38;2;192;197;206mv [38;2;192;197;206m<[38;2;192;197;206m<[38;2;192;197;206m [38;2;208;135;112m0x18[38;2;192;197;206m [38;2;192;197;206m&[38;2;192;197;206m [38;2;208;135;112m0x0000ff0000000000[38;2;180;142;173mu64[38;2;192;197;206m)[K
[0m[48;2;40;67;43m[39m+     78[0m:[39m[48;2;24;38;30m [38;2;192;197;206m        [38;2;192;197;206m|[38;2;192;197;206m [38;2;192;197;206m([38;2;192;197;206mv [38;2;192;197;206m<[38;2;192;197;206m<[38;2;192;197;206m [38;2;208;135;112m0x08[38;2;192;197;206m [38;2;192;197;206m&[38;2;192;197;206m [38;2;208;135;112m0x000000ff00000000[38;2;180;142;173mu64[38;2;192;197;206m)[K
[0m[48;2;40;67;43m[39m+     79[0m:[39m[48;2;24;38;30m [38;2;192;197;206m        [38;2;192;197;206m|[38;2;192;197;206m [38;2;192;197;206m([38;2;192;197;206mv [38;2;192;197;206m>[38;2;192;197;206m>[38;2;192;197;206m [38;2;208;135;112m0x08[38;2;192;197;206m [38;2;192;197;206m&[38;2;192;197;206m [38;2;208;135;112m0x00000000ff000000[38;2;180;142;173mu64[38;2;192;197;206m)[K
[0m[48;2;40;67;43m[39m+     80[0m:[39m[48;2;24;38;30m [38;2;192;197;206m        [38;2;192;197;206m|[38;2;192;197;206m [38;2;192;197;206m([38;2;192;197;206mv [38;2;192;197;206m>[38;2;192;197;206m>[38;2;192;197;206m [38;2;208;135;112m0x18[38;2;192;197;206m [38;2;192;197;206m&[38;2;192;197;206m [38;2;208;135;112m0x0000000000ff0000[38;2;180;142;173mu64[38;2;192;197;206m)[K
[0m[48;2;40;67;43m[39m+     81[0m:[39m[48;2;24;38;30m [38;2;192;197;206m        [38;2;192;197;206m|[38;2;192;197;206m [38;2;192;197;206m([38;2;192;197;206mv [38;2;192;197;206m>[38;2;192;197;206m>[38;2;192;197;206m [38;2;208;135;112m0x28[38;2;192;197;206m [38;2;192;197;206m&[38;2;192;197;206m [38;2;208;135;112m0x000000000000ff00[38;2;180;142;173mu64[38;2;192;197;206m)[K
[0m[48;2;40;67;43m[39m+     82[0m:[39m[48;2;24;38;30m [38;2;192;197;206m        [38;2;192;197;206m|[38;2;192;197;206m [38;2;192;197;206m([38;2;192;197;206mv [38;2;192;197;206m>[38;2;192;197;206m>[38;2;192;197;206m [38;2;208;135;112m0x38[38;2;192;197;206m [38;2;192;197;206m&[38;2;192;197;206m [38;2;208;135;112m0x00000000000000ff[38;2;180;142;173mu64[38;2;192;197;206m)[K
[0m[48;2;40;67;43m[39m+     83[0m:[39m[48;2;24;38;30m [38;2;192;197;206m}[K
[0m[48;2;40;67;43m[39m+     84[0m:[39m[48;2;24;38;30m [K
[0m[48;2;40;67;43m[39m+     85[0m:[39m[48;2;24;38;30m [38;2;192;197;206m#[38;2;192;197;206m[[38;2;191;97;106minline[38;2;192;197;206m][K
[0m[48;2;40;67;43m[39m+     86[0m:[39m[48;2;24;38;30m [38;2;180;142;173mfn[38;2;192;197;206m [38;2;143;161;179mima_btoh16[38;2;192;197;206m([38;2;191;97;106mv[38;2;192;197;206m:[38;2;192;197;206m ImaU16[38;2;192;197;206m)[38;2;192;197;206m [38;2;192;197;206m->[38;2;192;197;206m ImaU16[38;2;192;197;206m [38;2;192;197;206m{[K
[0m[48;2;40;67;43m[39m+     87[0m:[39m[48;2;24;38;30m [38;2;192;197;206m    [38;2;150;181;180mima_bswap16[38;2;192;197;206m([38;2;192;197;206mv[38;2;192;197;206m)[K
[0m[48;2;40;67;43m[39m+     88[0m:[39m[48;2;24;38;30m [38;2;192;197;206m}[K
[0m[48;2;40;67;43m[39m+     89[0m:[39m[48;2;24;38;30m [K
[0m[48;2;40;67;43m[39m+     90[0m:[39m[48;2;24;38;30m [38;2;192;197;206m#[38;2;192;197;206m[[38;2;191;97;106minline[38;2;192;197;206m][K
[0m[48;2;40;67;43m[39m+     91[0m:[39m[48;2;24;38;30m [38;2;180;142;173mfn[38;2;192;197;206m [38;2;143;161;179mima_btoh32[38;2;192;197;206m([38;2;191;97;106mv[38;2;192;197;206m:[38;2;192;197;206m ImaU32[38;2;192;197;206m)[38;2;192;197;206m [38;2;192;197;206m->[38;2;192;197;206m ImaU32[38;2;192;197;206m [38;2;192;197;206m{[K
[0m[48;2;40;67;43m[39m+     92[0m:[39m[48;2;24;38;30m [38;2;192;197;206m    [38;2;150;181;180mima_bswap32[38;2;192;197;206m([38;2;192;197;206mv[38;2;192;197;206m)[K
[0m[48;2;40;67;43m[39m+     93[0m:[39m[48;2;24;38;30m [38;2;192;197;206m}[K
[0m[48;2;40;67;43m[39m+     94[0m:[39m[48;2;24;38;30m [K
[0m[48;2;40;67;43m[39m+     95[0m:[39m[48;2;24;38;30m [38;2;192;197;206m#[38;2;192;197;206m[[38;2;191;97;106minline[38;2;192;197;206m][K
[0m[48;2;40;67;43m[39m+     96[0m:[39m[48;2;24;38;30m [38;2;180;142;173mfn[38;2;192;197;206m [38;2;143;161;179mima_btoh64[38;2;192;197;206m([38;2;191;97;106mv[38;2;192;197;206m:[38;2;192;197;206m ImaU64[38;2;192;197;206m)[38;2;192;197;206m [38;2;192;197;206m->[38;2;192;197;206m ImaU64[38;2;192;197;206m [38;2;192;197;206m{[K
[0m[48;2;40;67;43m[39m+     97[0m:[39m[48;2;24;38;30m [38;2;192;197;206m    [38;2;150;181;180mima_bswap64[38;2;192;197;206m([38;2;192;197;206mv[38;2;192;197;206m)[K
[0m[48;2;40;67;43m[39m+     98[0m:[39m[48;2;24;38;30m [38;2;192;197;206m}[K
[0m[48;2;40;67;43m[39m+     99[0m:[39m[48;2;24;38;30m [K
[0m[48;2;40;67;43m[39m+    100[0m:[39m[48;2;24;38;30m [38;2;101;115;126m///[38;2;101;115;126m Macro to build a little-endian 4-char code from bytes, matching the C pattern.[K
[0m[48;2;40;67;43m[39m+    101[0m:[39m[48;2;24;38;30m [38;2;150;181;180mmacro_rules![38;2;192;197;206m [38;2;192;197;206mfourcc[38;2;192;197;206m [38;2;192;197;206m{[K
[0m[48;2;40;67;43m[39m+    102[0m:[39m[48;2;24;38;30m [38;2;192;197;206m    [38;2;192;197;206m([38;2;191;97;106m$a[38;2;192;197;206m:[38;2;180;142;173mexpr[38;2;192;197;206m, [38;2;191;97;106m$b[38;2;192;197;206m:[38;2;180;142;173mexpr[38;2;192;197;206m, [38;2;191;97;106m$c[38;2;192;197;206m:[38;2;180;142;173mexpr[38;2;192;197;206m, [38;2;191;97;106m$d[38;2;192;197;206m:[38;2;180;142;173mexpr[38;2;192;197;206m)[38;2;192;197;206m [38;2;192;197;206m=>[38;2;192;197;206m [38;2;192;197;206m{[K
[0m[48;2;40;67;43m[39m+    103[0m:[39m[48;2;24;38;30m [38;2;192;197;206m        [38;2;192;197;206m([38;2;192;197;206m([38;2;191;97;106m$a[38;2;192;197;206m [38;2;192;197;206mas[38;2;192;197;206m ImaU32[38;2;192;197;206m)[K
[0m[48;2;40;67;43m[39m+    104[0m:[39m[48;2;24;38;30m [38;2;192;197;206m            [38;2;192;197;206m|[38;2;192;197;206m [38;2;192;197;206m([38;2;192;197;206m([38;2;191;97;106m$b[38;2;192;197;206m [38;2;192;197;206mas[38;2;192;197;206m ImaU32[38;2;192;197;206m)[38;2;192;197;206m [38;2;192;197;206m<[38;2;192;197;206m<[38;2;192;197;206m [38;2;208;135;112m8[38;2;192;197;206m)[K
[0m[48;2;40;67;43m[39m+    105[0m:[39m[48;2;24;38;30m [38;2;192;197;206m            [38;2;192;197;206m|[38;2;192;197;206m [38;2;192;197;206m([38;2;192;197;206m([38;2;191;97;106m$c[38;2;192;197;206m [38;2;192;197;206mas[38;2;192;197;206m ImaU32[38;2;192;197;206m)[38;2;192;197;206m [38;2;192;197;206m<[38;2;192;197;206m<[38;2;192;197;206m [38;2;208;135;112m16[38;2;192;197;206m)[K
[0m[48;2;40;67;43m[39m+    106[0m:[39m[48;2;24;38;30m [38;2;192;197;206m            [38;2;192;197;206m|[38;2;192;197;206m [38;2;192;197;206m([38;2;192;197;206m([38;2;191;97;106m$d[38;2;192;197;206m [38;2;192;197;206mas[38;2;192;197;206m ImaU32[38;2;192;197;206m)[38;2;192;197;206m [38;2;192;197;206m<[38;2;192;197;206m<[38;2;192;197;206m [38;2;208;135;112m24[38;2;192;197;206m)[38;2;192;197;206m)[K
[0m[48;2;40;67;43m[39m+    107[0m:[39m[48;2;24;38;30m [38;2;192;197;206m    [38;2;192;197;206m}[38;2;192;197;206m;[K
[0m[48;2;40;67;43m[39m+    108[0m:[39m[48;2;24;38;30m [38;2;192;197;206m}[K
[0m[48;2;40;67;43m[39m+    109[0m:[39m[48;2;24;38;30m [K
[0m[48;2;40;67;43m[39m+    110[0m:[39m[48;2;24;38;30m [38;2;192;197;206m#[38;2;192;197;206m[[38;2;191;97;106munsafe[38;2;192;197;206m([38;2;192;197;206mno_mangle[38;2;192;197;206m)[38;2;192;197;206m][K
[0m[48;2;40;67;43m[39m+    111[0m:[39m[48;2;24;38;30m [38;2;180;142;173mpub[38;2;192;197;206m [38;2;180;142;173munsafe[38;2;192;197;206m [38;2;180;142;173mextern[38;2;192;197;206m [38;2;192;197;206m"[38;2;163;190;140mC[38;2;192;197;206m"[38;2;192;197;206m [38;2;180;142;173mfn[38;2;192;197;206m [38;2;143;161;179mima_parse[38;2;192;197;206m([38;2;191;97;106minfo[38;2;192;197;206m:[38;2;192;197;206m *[38;2;180;142;173mmut[38;2;192;197;206m ImaInfo, [38;2;191;97;106mdata[38;2;192;197;206m:[38;2;192;197;206m *const c_void[38;2;192;197;206m)[38;2;192;197;206m [38;2;192;197;206m->[38;2;192;197;206m c_int[38;2;192;197;206m [38;2;192;197;206m{[K
[0m[48;2;40;67;43m[39m+    112[0m:[39m[48;2;24;38;30m [38;2;192;197;206m    [38;2;180;142;173mlet[38;2;192;197;206m header [38;2;192;197;206m=[38;2;192;197;206m data [38;2;192;197;206mas[38;2;192;197;206m [38;2;192;197;206m*[38;2;180;142;173mconst[38;2;192;197;206m CafHeader[38;2;192;197;206m;[K
[0m[48;2;40;67;43m[39m+    113[0m:[39m[48;2;24;38;30m [38;2;192;197;206m    [38;2;180;142;173mlet[38;2;192;197;206m [38;2;180;142;173mmut[38;2;192;197;206m chunk [38;2;192;197;206m=[38;2;192;197;206m header.[38;2;150;181;180madd[38;2;192;197;206m([38;2;208;135;112m1[38;2;192;197;206m)[38;2;192;197;206m [38;2;192;197;206mas[38;2;192;197;206m [38;2;192;197;206m*[38;2;180;142;173mconst[38;2;192;197;206m CafChunk[38;2;192;197;206m;[K
[0m[48;2;40;67;43m[39m+    114[0m:[39m[48;2;24;38;30m [38;2;192;197;206m    [38;2;180;142;173mlet[38;2;192;197;206m [38;2;180;142;173mmut[38;2;192;197;206m desc[38;2;192;197;206m:[38;2;192;197;206m [38;2;192;197;206m*[38;2;180;142;173mconst[38;2;192;197;206m CafAudioDescription [38;2;192;197;206m=[38;2;192;197;206m [38;2;192;197;206mstd[38;2;192;197;206m::[38;2;192;197;206mptr[38;2;192;197;206m::[38;2;192;197;206mnull[38;2;192;197;206m([38;2;192;197;206m)[38;2;192;197;206m;[K
[0m[48;2;40;67;43m[39m+    115[0m:[39m[48;2;24;38;30m [38;2;192;197;206m    [38;2;180;142;173mlet[38;2;192;197;206m [38;2;180;142;173mmut[38;2;192;197;206m pakt[38;2;192;197;206m:[38;2;192;197;206m [38;2;192;197;206m*[38;2;180;142;173mconst[38;2;192;197;206m CafPacketTable [38;2;192;197;206m=[38;2;192;197;206m [38;2;192;197;206mstd[38;2;192;197;206m::[38;2;192;197;206mptr[38;2;192;197;206m::[38;2;192;197;206mnull[38;2;192;197;206m([38;2;192;197;206m)[38;2;192;197;206m;[K
[0m[48;2;40;67;43m[39m+    116[0m:[39m[48;2;24;38;30m [38;2;192;197;206m    [38;2;180;142;173mlet[38;2;192;197;206m blocks[38;2;192;197;206m:[38;2;192;197;206m [38;2;192;197;206m*[38;2;180;142;173mconst[38;2;192;197;206m ImaBlock[38;2;192;197;206m;[K
[0m[48;2;40;67;43m[39m+    117[0m:[39m[48;2;24;38;30m [38;2;192;197;206m    [38;2;180;142;173mlet[38;2;192;197;206m chunk_size[38;2;192;197;206m:[38;2;192;197;206m ImaS64[38;2;192;197;206m;[K
[0m[48;2;40;67;43m[39m+    118[0m:[39m[48;2;24;38;30m [K
[0m[48;2;40;67;43m[39m+    119[0m:[39m[48;2;24;38;30m [38;2;192;197;206m    [38;2;180;142;173mif[38;2;192;197;206m [38;2;150;181;180mima_btoh32[38;2;192;197;206m([38;2;192;197;206m([38;2;192;197;206m*[38;2;192;197;206mheader[38;2;192;197;206m)[38;2;192;197;206m.type_[38;2;192;197;206m)[38;2;192;197;206m [38;2;192;197;206m![38;2;192;197;206m=[38;2;192;197;206m [38;2;192;197;206mfourcc![38;2;192;197;206m([38;2;180;142;173mb[38;2;192;197;206m'[38;2;163;190;140mf[38;2;192;197;206m'[38;2;192;197;206m,[38;2;192;197;206m [38;2;180;142;173mb[38;2;192;197;206m'[38;2;163;190;140mf[38;2;192;197;206m'[38;2;192;197;206m,[38;2;192;197;206m [38;2;180;142;173mb[38;2;192;197;206m'[38;2;163;190;140ma[38;2;192;197;206m'[38;2;192;197;206m,[38;2;192;197;206m [38;2;180;142;173mb[38;2;192;197;206m'[38;2;163;190;140mc[38;2;192;197;206m'[38;2;192;197;206m)[38;2;192;197;206m [38;2;192;197;206m{[K
[0m[48;2;40;67;43m[39m+    120[0m:[39m[48;2;24;38;30m [38;2;192;197;206m        [38;2;180;142;173mreturn[38;2;192;197;206m [38;2;192;197;206m-[38;2;208;135;112m1[38;2;192;197;206m;[K
[0m[48;2;40;67;43m[39m+    121[0m:[39m[48;2;24;38;30m [38;2;192;197;206m    [38;2;192;197;206m}[K
[0m[48;2;40;67;43m[39m+    122[0m:[39m[48;2;24;38;30m [38;2;192;197;206m    [38;2;180;142;173mif[38;2;192;197;206m [38;2;150;181;180mima_btoh16[38;2;192;197;206m([38;2;192;197;206m([38;2;192;197;206m*[38;2;192;197;206mheader[38;2;192;197;206m)[38;2;192;197;206m.version[38;2;192;197;206m)[38;2;192;197;206m [38;2;192;197;206m![38;2;192;197;206m=[38;2;192;197;206m [38;2;208;135;112m1[38;2;192;197;206m [38;2;192;197;206m{[K
[0m[48;2;40;67;43m[39m+    123[0m:[39m[48;2;24;38;30m [38;2;192;197;206m        [38;2;180;142;173mreturn[38;2;192;197;206m [38;2;192;197;206m-[38;2;208;135;112m2[38;2;192;197;206m;[K
[0m[48;2;40;67;43m[39m+    124[0m:[39m[48;2;24;38;30m [38;2;192;197;206m    [38;2;192;197;206m}[K
[0m[48;2;40;67;43m[39m+    125[0m:[39m[48;2;24;38;30m [K
[0m[48;2;40;67;43m[39m+    126[0m:[39m[48;2;24;38;30m [38;2;192;197;206m    [38;2;180;142;173mloop[38;2;192;197;206m [38;2;192;197;206m{[K
[0m[48;2;40;67;43m[39m+    127[0m:[39m[48;2;24;38;30m [38;2;192;197;206m        [38;2;180;142;173mlet[38;2;192;197;206m chunk_type [38;2;192;197;206m=[38;2;192;197;206m [38;2;150;181;180mima_btoh32[38;2;192;197;206m([38;2;192;197;206m([38;2;192;197;206m*[38;2;192;197;206mchunk[38;2;192;197;206m)[38;2;192;197;206m.type_[38;2;192;197;206m)[38;2;192;197;206m;[K
[0m[48;2;40;67;43m[39m+    128[0m:[39m[48;2;24;38;30m [38;2;192;197;206m        [38;2;180;142;173mlet[38;2;192;197;206m cs [38;2;192;197;206m=[38;2;192;197;206m [38;2;150;181;180mima_btoh64[38;2;192;197;206m([38;2;192;197;206m([38;2;192;197;206m*[38;2;192;197;206mchunk[38;2;192;197;206m)[38;2;192;197;206m.size [38;2;192;197;206mas[38;2;192;197;206m ImaU64[38;2;192;197;206m)[38;2;192;197;206m [38;2;192;197;206mas[38;2;192;197;206m ImaS64[38;2;192;197;206m;[K
[0m[48;2;40;67;43m[39m+    129[0m:[39m[48;2;24;38;30m [K
[0m[48;2;40;67;43m[39m+    130[0m:[39m[48;2;24;38;30m [38;2;192;197;206m        [38;2;180;142;173mif[38;2;192;197;206m chunk_type [38;2;192;197;206m=[38;2;192;197;206m=[38;2;192;197;206m [38;2;192;197;206mfourcc![38;2;192;197;206m([38;2;180;142;173mb[38;2;192;197;206m'[38;2;163;190;140mc[38;2;192;197;206m'[38;2;192;197;206m,[38;2;192;197;206m [38;2;180;142;173mb[38;2;192;197;206m'[38;2;163;190;140ms[38;2;192;197;206m'[38;2;192;197;206m,[38;2;192;197;206m [38;2;180;142;173mb[38;2;192;197;206m'[38;2;163;190;140me[38;2;192;197;206m'[38;2;192;197;206m,[38;2;192;197;206m [38;2;180;142;173mb[38;2;192;197;206m'[38;2;163;190;140md[38;2;192;197;206m'[38;2;192;197;206m)[38;2;192;197;206m [38;2;192;197;206m{[K
[0m[48;2;40;67;43m[39m+    131[0m:[39m[48;2;24;38;30m [38;2;192;197;206m            desc [38;2;192;197;206m=[38;2;192;197;206m chunk.[38;2;150;181;180madd[38;2;192;197;206m([38;2;208;135;112m1[38;2;192;197;206m)[38;2;192;197;206m [38;2;192;197;206mas[38;2;192;197;206m [38;2;192;197;206m*[38;2;180;142;173mconst[38;2;192;197;206m CafAudioDescription[38;2;192;197;206m;[K
[0m[48;2;40;67;43m[39m+    132[0m:[39m[48;2;24;38;30m [38;2;192;197;206m        [38;2;192;197;206m}[38;2;192;197;206m [38;2;180;142;173melse[38;2;192;197;206m [38;2;180;142;173mif[38;2;192;197;206m chunk_type [38;2;192;197;206m=[38;2;192;197;206m=[38;2;192;197;206m [38;2;192;197;206mfourcc![38;2;192;197;206m([38;2;180;142;173mb[38;2;192;197;206m'[38;2;163;190;140mt[38;2;192;197;206m'[38;2;192;197;206m,[38;2;192;197;206m [38;2;180;142;173mb[38;2;192;197;206m'[38;2;163;190;140mk[38;2;192;197;206m'[38;2;192;197;206m,[38;2;192;197;206m [38;2;180;142;173mb[38;2;192;197;206m'[38;2;163;190;140ma[38;2;192;197;206m'[38;2;192;197;206m,[38;2;192;197;206m [38;2;180;142;173mb[38;2;192;197;206m'[38;2;163;190;140mp[38;2;192;197;206m'[38;2;192;197;206m)[38;2;192;197;206m [38;2;192;197;206m{[K
[0m[48;2;40;67;43m[39m+    133[0m:[39m[48;2;24;38;30m [38;2;192;197;206m            pakt [38;2;192;197;206m=[38;2;192;197;206m chunk.[38;2;150;181;180madd[38;2;192;197;206m([38;2;208;135;112m1[38;2;192;197;206m)[38;2;192;197;206m [38;2;192;197;206mas[38;2;192;197;206m [38;2;192;197;206m*[38;2;180;142;173mconst[38;2;192;197;206m CafPacketTable[38;2;192;197;206m;[K
[0m[48;2;40;67;43m[39m+    134[0m:[39m[48;2;24;38;30m [38;2;192;197;206m        [38;2;192;197;206m}[38;2;192;197;206m [38;2;180;142;173melse[38;2;192;197;206m [38;2;180;142;173mif[38;2;192;197;206m chunk_type [38;2;192;197;206m=[38;2;192;197;206m=[38;2;192;197;206m [38;2;192;197;206mfourcc![38;2;192;197;206m([38;2;180;142;173mb[38;2;192;197;206m'[38;2;163;190;140ma[38;2;192;197;206m'[38;2;192;197;206m,[38;2;192;197;206m [38;2;180;142;173mb[38;2;192;197;206m'[38;2;163;190;140mt[38;2;192;197;206m'[38;2;192;197;206m,[38;2;192;197;206m [38;2;180;142;173mb[38;2;192;197;206m'[38;2;163;190;140ma[38;2;192;197;206m'[38;2;192;197;206m,[38;2;192;197;206m [38;2;180;142;173mb[38;2;192;197;206m'[38;2;163;190;140md[38;2;192;197;206m'[38;2;192;197;206m)[38;2;192;197;206m [38;2;192;197;206m{[K
[0m[48;2;40;67;43m[39m+    135[0m:[39m[48;2;24;38;30m [38;2;192;197;206m            [38;2;180;142;173mlet[38;2;192;197;206m caf_data [38;2;192;197;206m=[38;2;192;197;206m chunk.[38;2;150;181;180madd[38;2;192;197;206m([38;2;208;135;112m1[38;2;192;197;206m)[38;2;192;197;206m [38;2;192;197;206mas[38;2;192;197;206m [38;2;192;197;206m*[38;2;180;142;173mconst[38;2;192;197;206m CafData[38;2;192;197;206m;[K
[0m[48;2;40;67;43m[39m+    136[0m:[39m[48;2;24;38;30m [38;2;192;197;206m            blocks [38;2;192;197;206m=[38;2;192;197;206m caf_data.[38;2;150;181;180madd[38;2;192;197;206m([38;2;208;135;112m1[38;2;192;197;206m)[38;2;192;197;206m [38;2;192;197;206mas[38;2;192;197;206m [38;2;192;197;206m*[38;2;180;142;173mconst[38;2;192;197;206m ImaBlock[38;2;192;197;206m;[K
[0m[48;2;40;67;43m[39m+    137[0m:[39m[48;2;24;38;30m [38;2;192;197;206m            chunk_size [38;2;192;197;206m=[38;2;192;197;206m cs[38;2;192;197;206m;[K
[0m[48;2;40;67;43m[39m+    138[0m:[39m[48;2;24;38;30m [38;2;192;197;206m            [38;2;180;142;173mbreak[38;2;192;197;206m;[K
[0m[48;2;40;67;43m[39m+    139[0m:[39m[48;2;24;38;30m [38;2;192;197;206m        [38;2;192;197;206m}[K
[0m[48;2;40;67;43m[39m+    140[0m:[39m[48;2;24;38;30m [K
[0m[48;2;40;67;43m[39m+    141[0m:[39m[48;2;24;38;30m [38;2;192;197;206m        chunk [38;2;192;197;206m=[38;2;192;197;206m [38;2;192;197;206m([38;2;192;197;206m([38;2;192;197;206mchunk.[38;2;150;181;180madd[38;2;192;197;206m([38;2;208;135;112m1[38;2;192;197;206m)[38;2;192;197;206m [38;2;192;197;206mas[38;2;192;197;206m [38;2;192;197;206m*[38;2;180;142;173mconst[38;2;192;197;206m ImaU8[38;2;192;197;206m)[38;2;192;197;206m.[38;2;150;181;180madd[38;2;192;197;206m([38;2;192;197;206mcs [38;2;192;197;206mas[38;2;192;197;206m [38;2;180;142;173musize[38;2;192;197;206m)[38;2;192;197;206m)[38;2;192;197;206m [38;2;192;197;206mas[38;2;192;197;206m [38;2;192;197;206m*[38;2;180;142;173mconst[38;2;192;197;206m CafChunk[38;2;192;197;206m;[K
[0m[48;2;40;67;43m[39m+    142[0m:[39m[48;2;24;38;30m [38;2;192;197;206m    [38;2;192;197;206m}[K
[0m[48;2;40;67;43m[39m+    143[0m:[39m[48;2;24;38;30m [K
[0m[48;2;40;67;43m[39m+    144[0m:[39m[48;2;24;38;30m [38;2;192;197;206m    [38;2;180;142;173mif[38;2;192;197;206m [38;2;150;181;180mima_btoh32[38;2;192;197;206m([38;2;192;197;206m([38;2;192;197;206m*[38;2;192;197;206mdesc[38;2;192;197;206m)[38;2;192;197;206m.format_id[38;2;192;197;206m)[38;2;192;197;206m [38;2;192;197;206m![38;2;192;197;206m=[38;2;192;197;206m [38;2;192;197;206mfourcc![38;2;192;197;206m([38;2;180;142;173mb[38;2;192;197;206m'[38;2;163;190;140m4[38;2;192;197;206m'[38;2;192;197;206m,[38;2;192;197;206m [38;2;180;142;173mb[38;2;192;197;206m'[38;2;163;190;140ma[38;2;192;197;206m'[38;2;192;197;206m,[38;2;192;197;206m [38;2;180;142;173mb[38;2;192;197;206m'[38;2;163;190;140mm[38;2;192;197;206m'[38;2;192;197;206m,[38;2;192;197;206m [38;2;180;142;173mb[38;2;192;197;206m'[38;2;163;190;140mi[38;2;192;197;206m'[38;2;192;197;206m)[38;2;192;197;206m [38;2;192;197;206m{[K
[0m[48;2;40;67;43m[39m+    145[0m:[39m[48;2;24;38;30m [38;2;192;197;206m        [38;2;180;142;173mreturn[38;2;192;197;206m [38;2;192;197;206m-[38;2;208;135;112m3[38;2;192;197;206m;[K
[0m[48;2;40;67;43m[39m+    146[0m:[39m[48;2;24;38;30m [38;2;192;197;206m    [38;2;192;197;206m}[K
[0m[48;2;40;67;43m[39m+    147[0m:[39m[48;2;24;38;30m [K
[0m[48;2;40;67;43m[39m+    148[0m:[39m[48;2;24;38;30m [38;2;192;197;206m    [38;2;192;197;206m([38;2;192;197;206m*[38;2;192;197;206minfo[38;2;192;197;206m)[38;2;192;197;206m.blocks [38;2;192;197;206m=[38;2;192;197;206m blocks[38;2;192;197;206m;[K
[0m[48;2;40;67;43m[39m+    149[0m:[39m[48;2;24;38;30m [38;2;192;197;206m    [38;2;192;197;206m([38;2;192;197;206m*[38;2;192;197;206minfo[38;2;192;197;206m)[38;2;192;197;206m.size [38;2;192;197;206m=[38;2;192;197;206m chunk_size [38;2;192;197;206mas[38;2;192;197;206m ImaU64[38;2;192;197;206m;[K
[0m[48;2;40;67;43m[39m+    150[0m:[39m[48;2;24;38;30m [38;2;192;197;206m    [38;2;192;197;206m([38;2;192;197;206m*[38;2;192;197;206minfo[38;2;192;197;206m)[38;2;192;197;206m.frame_count [38;2;192;197;206m=[38;2;192;197;206m [38;2;150;181;180mima_btoh64[38;2;192;197;206m([38;2;192;197;206m([38;2;192;197;206m*[38;2;192;197;206mpakt[38;2;192;197;206m)[38;2;192;197;206m.frame_count [38;2;192;197;206mas[38;2;192;197;206m ImaU64[38;2;192;197;206m)[38;2;192;197;206m;[K
[0m[48;2;40;67;43m[39m+    151[0m:[39m[48;2;24;38;30m [38;2;192;197;206m    [38;2;192;197;206m([38;2;192;197;206m*[38;2;192;197;206minfo[38;2;192;197;206m)[38;2;192;197;206m.channel_count [38;2;192;197;206m=[38;2;192;197;206m [38;2;150;181;180mima_btoh32[38;2;192;197;206m([38;2;192;197;206m([38;2;192;197;206m*[38;2;192;197;206mdesc[38;2;192;197;206m)[38;2;192;197;206m.channels_per_frame[38;2;192;197;206m)[38;2;192;197;206m;[K
[0m[48;2;40;67;43m[39m+    152[0m:[39m[48;2;24;38;30m [K
[0m[48;2;40;67;43m[39m+    153[0m:[39m[48;2;24;38;30m [38;2;192;197;206m    [38;2;101;115;126m//[38;2;101;115;126m Replicate the C union-based byte-swap of the f64 sample_rate[K
[0m[48;2;40;67;43m[39m+    154[0m:[39m[48;2;24;38;30m [38;2;192;197;206m    [38;2;180;142;173mlet[38;2;192;197;206m sr_bits [38;2;192;197;206m=[38;2;192;197;206m [38;2;192;197;206m([38;2;192;197;206m*[38;2;192;197;206mdesc[38;2;192;197;206m)[38;2;192;197;206m.sample_rate.[38;2;150;181;180mto_bits[38;2;192;197;206m([38;2;192;197;206m)[38;2;192;197;206m;[K
[0m[48;2;40;67;43m[39m+    155[0m:[39m[48;2;24;38;30m [38;2;192;197;206m    [38;2;180;142;173mlet[38;2;192;197;206m swapped [38;2;192;197;206m=[38;2;192;197;206m [38;2;150;181;180mima_btoh64[38;2;192;197;206m([38;2;192;197;206msr_bits[38;2;192;197;206m)[38;2;192;197;206m;[K
[0m[48;2;40;67;43m[39m+    156[0m:[39m[48;2;24;38;30m [38;2;192;197;206m    [38;2;192;197;206m([38;2;192;197;206m*[38;2;192;197;206minfo[38;2;192;197;206m)[38;2;192;197;206m.sample_rate [38;2;192;197;206m=[38;2;192;197;206m [38;2;180;142;173mf64[38;2;192;197;206m::[38;2;192;197;206mfrom_bits[38;2;192;197;206m([38;2;192;197;206mswapped[38;2;192;197;206m)[38;2;192;197;206m;[K
[0m[48;2;40;67;43m[39m+    157[0m:[39m[48;2;24;38;30m [K
[0m[48;2;40;67;43m[39m+    158[0m:[39m[48;2;24;38;30m [38;2;192;197;206m    [38;2;208;135;112m0[K
[0m[48;2;40;67;43m[39m+    159[0m:[39m[48;2;24;38;30m [38;2;192;197;206m}[K
[0m[K
Creating: [38;5;141m/local/home/scheschb/Git/harvest-agentic-translate-results/B01_organic/ima_parse_lib/translated_rust/Cargo.toml[0m
[38;5;244m - Completed in 0.39s[0m
[38;5;12m[1m [1.1][0m[0m
Creating: [38;5;141m/local/home/scheschb/Git/harvest-agentic-translate-results/B01_organic/ima_parse_lib/translated_rust/src/lib.rs[0m
[38;5;244m - Completed in 0.40s[0m
[38;5;12m[1m [1.2][0m[0m
[?25l[0m[?25l[0m[0m[38;5;11mTODO:
[39m[38;5;10m[x] [3m[38;5;244mCreate Cargo.toml with package name ima_parse_lib and cdylib crate-type[23m
[38;5;10m[x] [3m[38;5;244mCreate src/lib.rs with exact translation of C structs and ima_parse function[23m
[0m[ ] Build with cargo build --release and fix any errors[38;5;244m - Completed in 0.4s[0m

[?25l[0m[38;5;141m> [0mNow let's build:[0m[0m
[?25l[0m[0mI will run the following command: [38;5;141mcd /local/home/scheschb/Git/harvest-agentic-translate-results/B01_organic/ima_parse_lib/translated_rust && cargo build --release 2>&1 | tee /tmp/build.log | tail -30[0m[38;5;244m (using tool: shell)[0m
Purpose: Build the Rust cdylib with cargo build --release

   Compiling ima_parse_lib v0.1.0 (/local/home/scheschb/Git/harvest-agentic-translate-results/B01_organic/ima_parse_lib/translated_rust)
    Finished `release` profile [optimized] target(s) in 0.17s
[38;5;244m - Completed in 0.296s[0m
[38;5;12m[1m [1.3][0m[0m
[?25l[0m[38;5;141m> [0mClean build on the first try.[0m[0m
[?25l[0m[0m[38;5;11mTODO:
[39m[38;5;10m[x] [3m[38;5;244mCreate Cargo.toml with package name ima_parse_lib and cdylib crate-type[23m
[38;5;10m[x] [3m[38;5;244mCreate src/lib.rs with exact translation of C structs and ima_parse function[23m
[38;5;10m[x] [3m[38;5;244mBuild with cargo build --release and fix any errors[23m[38;5;244m - Completed in 0.7s[0m

[?25l[0m[38;5;141m> [0mDone. The translation compiles cleanly. Here's a summary of the key decisions:[0m[0m
[0m[0m
- All structs use [38;5;10m#[repr(C)][0m to match C memory layout exactly[0m[0m
- [38;5;10mima_parse[0m is [38;5;10m#[unsafe(no_mangle)] pub unsafe extern "C"[0m with the exact same signature ([38;5;10m*mut ImaInfo[0m, [38;5;10m*const c_void[0m) → [38;5;10mc_int[0m[0m[0m
- Pointer arithmetic uses [38;5;10m.add(1)[0m to replicate C's [38;5;10m&header[1][0m, [38;5;10m&chunk[1][0m, etc. — stepping by the size of the pointed-to struct[0m[0m
- The [38;5;10mfourcc![0m macro reproduces the C pattern of building a 4-byte type code from individual bytes in little-endian order[0m[0m
- The [38;5;10mf64[0m sample rate byte-swap uses [38;5;10mto_bits()[0m / [38;5;10mfrom_bits()[0m to replicate the C union trick ([38;5;10mconv64.u = ima_btoh64(...)[0m → [38;5;10mconv64.f[0m)[0m[0m
- The [38;5;10mima_s64_t chunk->size[0m field is cast through [38;5;10mImaU64[0m for the bswap then back to [38;5;10mImaS64[0m, matching the C implicit conversion behavior[0m[0m
- No bug fixes applied — the C logic (including the unconditional loop that assumes a [38;5;10mdata[0m chunk exists) is preserved as-is[0m[0m[38;5;12m[1m✓ Created checkpoint 1

[0m[0m
[38;5;8m
 ▸ Credits: 3.45 • Time: 59s

[0m[1G[0m[0m[?25h