[38;5;9mError: [0mFile URI not found: file://./harold-prompt.md (resolved to /home/scheschb/.kiro/agents/./harold-prompt.md)
[32mAll tools are now trusted ([0m[31m![0m[32m). Kiro will execute tools without asking for confirmation.[0m
Agents can sometimes do unexpected things so understand the risks.

Learn more at [38;5;141mhttps://kiro.dev/docs/cli/chat/security/#using-tools-trust-all-safely[0m


[38;5;12m[1m📷 Checkpoints are enabled! (took 0.04s)

[0m
[38;5;252m[0m[?25l[38;5;141m> [0m[0m[0m
[0m[0m
Let me start by understanding the C source code and the project structure.[0m[0m
[?25l[0m[0mReading directory: [38;5;141m/local/home/scheschb/Git/harvest-agentic-translate-results/B01_organic/rev16_lib/translated_rust[0m[38;5;244m (using tool: read, max depth: 2, max entries: 1000, excluding: defaults)[0m
[38;5;10m ✓ [0mSuccessfully read directory [38;5;141m/local/home/scheschb/Git/harvest-agentic-translate-results/B01_organic/rev16_lib/translated_rust[0m [38;5;244m(6 entries)[0m
[38;5;244m - Completed in 0.4s[0m

[?25l[0m[?25l[0m[0mBatch fs_read operation with [38;5;141m3[0m operations[38;5;244m (using tool: read)[0m

↱ Operation 1: Reading file: [38;5;141m/local/home/scheschb/Git/harvest-agentic-translate-results/B01_organic/rev16_lib/translated_rust/c_src/include/lib.h[0m, all lines
↱ Operation 2: Reading file: [38;5;141m/local/home/scheschb/Git/harvest-agentic-translate-results/B01_organic/rev16_lib/translated_rust/c_src/src/lib.c[0m, all lines
↱ Operation 3: Reading file: [38;5;141m/local/home/scheschb/Git/harvest-agentic-translate-results/B01_organic/rev16_lib/translated_rust/c_src/CMakeLists.txt[0m, all lines
[38;5;10m ✓ [0mSuccessfully read [38;5;244m48 bytes[0m from /local/home/scheschb/Git/harvest-agentic-translate-results/B01_organic/rev16_lib/translated_rust/c_src/include/lib.h

[38;5;10m ✓ [0mSuccessfully read [38;5;244m266 bytes[0m from /local/home/scheschb/Git/harvest-agentic-translate-results/B01_organic/rev16_lib/translated_rust/c_src/src/lib.c

[38;5;10m ✓ [0mSuccessfully read [38;5;244m439 bytes[0m from /local/home/scheschb/Git/harvest-agentic-translate-results/B01_organic/rev16_lib/translated_rust/c_src/CMakeLists.txt

 ⋮ 

[38;5;244m- [0mSummary: 3 operations processed, 3 successful, 0 failed
[38;5;244m - Completed in 0.3s[0m

[?25l[0m[38;5;141m> [0mThe C code implements a [38;5;10mrev16[0m function that reverses bits within each 16-bit half of a 32-bit integer. The project name is derived from the parent directory name, which is [38;5;10mtranslated_rust[0m.[0m[0m
[?25l[0m[0mI will run the following command: [38;5;141mbasename "$(dirname /local/home/scheschb/Git/harvest-agentic-translate-results/B01_organic/rev16_lib/translated_rust/c_src)"[0m[38;5;244m (using tool: shell)[0m
Purpose: Get the parent directory name to determine project_name

translated_rust
[38;5;244m - Completed in 0.12s[0m

[?25l[0m[38;5;141m> [0mWait — the CMake uses [38;5;10mPARENT_PATH[0m of [38;5;10mc_src[0m, which is [38;5;10mtranslated_rust[0m. But looking more carefully, the CMake gets the parent of [38;5;10mCMAKE_CURRENT_SOURCE_DIR[0m (which is [38;5;10mc_src[0m), so the parent is [38;5;10mrev16_lib[0m. Let me verify:[0m[0m
[?25l[0m[0mI will run the following command: [38;5;141mcd /local/home/scheschb/Git/harvest-agentic-translate-results/B01_organic/rev16_lib/translated_rust/c_src && python3 -c "from pathlib import Path; p = Path.cwd(); print('current:', p); print('parent:', p.parent); print('parent filename:', p.parent.name)"[0m[38;5;244m (using tool: shell)[0m
Purpose: Verify what project_name resolves to from CMake perspective

current: /local/home/scheschb/Git/harvest-agentic-translate-results/B01_organic/rev16_lib/translated_rust/c_src
parent: /local/home/scheschb/Git/harvest-agentic-translate-results/B01_organic/rev16_lib/translated_rust
parent filename: translated_rust
[38;5;244m - Completed in 0.36s[0m

[?25l[0m[38;5;141m> [0mSo [38;5;10m${project_name}[0m = [38;5;10mtranslated_rust[0m. Now let me create the Rust files:[0m[0m
[?25l[0m[0m
[?25l[0m[0mI'll create the following file: [38;5;141m/local/home/scheschb/Git/harvest-agentic-translate-results/B01_organic/rev16_lib/translated_rust/Cargo.toml[0m[38;5;244m (using tool: write)[0m

[49m[38;5;10m+    1[0m:[38;5;10m[49m [package]
[0m[49m[38;5;10m+    2[0m:[38;5;10m[49m name = "translated_rust"
[0m[49m[38;5;10m+    3[0m:[38;5;10m[49m version = "0.1.0"
[0m[49m[38;5;10m+    4[0m:[38;5;10m[49m edition = "2021"
[0m[49m[38;5;10m+    5[0m:[38;5;10m[49m 
[0m[49m[38;5;10m+    6[0m:[38;5;10m[49m [lib]
[0m[49m[38;5;10m+    7[0m:[38;5;10m[49m crate-type = ["cdylib"]
[0m[K
I'll create the following file: [38;5;141m/local/home/scheschb/Git/harvest-agentic-translate-results/B01_organic/rev16_lib/translated_rust/src/lib.rs[0m[38;5;244m (using tool: write)[0m

[48;2;40;67;43m[39m+    1[0m:[39m[48;2;24;38;30m [38;2;192;197;206m#[38;2;192;197;206m[[38;2;191;97;106munsafe[38;2;192;197;206m([38;2;192;197;206mno_mangle[38;2;192;197;206m)[38;2;192;197;206m][K
[0m[48;2;40;67;43m[39m+    2[0m:[39m[48;2;24;38;30m [38;2;180;142;173mpub[38;2;192;197;206m [38;2;180;142;173mextern[38;2;192;197;206m [38;2;192;197;206m"[38;2;163;190;140mC[38;2;192;197;206m"[38;2;192;197;206m [38;2;180;142;173mfn[38;2;192;197;206m [38;2;143;161;179mrev16[38;2;192;197;206m([38;2;180;142;173mmut[38;2;192;197;206m [38;2;191;97;106ma[38;2;192;197;206m:[38;2;192;197;206m [38;2;180;142;173mu32[38;2;192;197;206m)[38;2;192;197;206m [38;2;192;197;206m->[38;2;192;197;206m [38;2;180;142;173mu32[38;2;192;197;206m [38;2;192;197;206m{[K
[0m[48;2;40;67;43m[39m+    3[0m:[39m[48;2;24;38;30m [38;2;192;197;206m    a [38;2;192;197;206m=[38;2;192;197;206m [38;2;192;197;206m([38;2;192;197;206m([38;2;192;197;206ma [38;2;192;197;206m&[38;2;192;197;206m [38;2;208;135;112m0xAAAA[38;2;192;197;206m)[38;2;192;197;206m [38;2;192;197;206m>[38;2;192;197;206m>[38;2;192;197;206m [38;2;208;135;112m1[38;2;192;197;206m)[38;2;192;197;206m [38;2;192;197;206m|[38;2;192;197;206m [38;2;192;197;206m([38;2;192;197;206m([38;2;192;197;206ma [38;2;192;197;206m&[38;2;192;197;206m [38;2;208;135;112m0x5555[38;2;192;197;206m)[38;2;192;197;206m [38;2;192;197;206m<[38;2;192;197;206m<[38;2;192;197;206m [38;2;208;135;112m1[38;2;192;197;206m)[38;2;192;197;206m;[K
[0m[48;2;40;67;43m[39m+    4[0m:[39m[48;2;24;38;30m [38;2;192;197;206m    a [38;2;192;197;206m=[38;2;192;197;206m [38;2;192;197;206m([38;2;192;197;206m([38;2;192;197;206ma [38;2;192;197;206m&[38;2;192;197;206m [38;2;208;135;112m0xCCCC[38;2;192;197;206m)[38;2;192;197;206m [38;2;192;197;206m>[38;2;192;197;206m>[38;2;192;197;206m [38;2;208;135;112m2[38;2;192;197;206m)[38;2;192;197;206m [38;2;192;197;206m|[38;2;192;197;206m [38;2;192;197;206m([38;2;192;197;206m([38;2;192;197;206ma [38;2;192;197;206m&[38;2;192;197;206m [38;2;208;135;112m0x3333[38;2;192;197;206m)[38;2;192;197;206m [38;2;192;197;206m<[38;2;192;197;206m<[38;2;192;197;206m [38;2;208;135;112m2[38;2;192;197;206m)[38;2;192;197;206m;[K
[0m[48;2;40;67;43m[39m+    5[0m:[39m[48;2;24;38;30m [38;2;192;197;206m    a [38;2;192;197;206m=[38;2;192;197;206m [38;2;192;197;206m([38;2;192;197;206m([38;2;192;197;206ma [38;2;192;197;206m&[38;2;192;197;206m [38;2;208;135;112m0xF0F0[38;2;192;197;206m)[38;2;192;197;206m [38;2;192;197;206m>[38;2;192;197;206m>[38;2;192;197;206m [38;2;208;135;112m4[38;2;192;197;206m)[38;2;192;197;206m [38;2;192;197;206m|[38;2;192;197;206m [38;2;192;197;206m([38;2;192;197;206m([38;2;192;197;206ma [38;2;192;197;206m&[38;2;192;197;206m [38;2;208;135;112m0x0F0F[38;2;192;197;206m)[38;2;192;197;206m [38;2;192;197;206m<[38;2;192;197;206m<[38;2;192;197;206m [38;2;208;135;112m4[38;2;192;197;206m)[38;2;192;197;206m;[K
[0m[48;2;40;67;43m[39m+    6[0m:[39m[48;2;24;38;30m [38;2;192;197;206m    a [38;2;192;197;206m=[38;2;192;197;206m [38;2;192;197;206m([38;2;192;197;206m([38;2;192;197;206ma [38;2;192;197;206m&[38;2;192;197;206m [38;2;208;135;112m0xFF00[38;2;192;197;206m)[38;2;192;197;206m [38;2;192;197;206m>[38;2;192;197;206m>[38;2;192;197;206m [38;2;208;135;112m8[38;2;192;197;206m)[38;2;192;197;206m [38;2;192;197;206m|[38;2;192;197;206m [38;2;192;197;206m([38;2;192;197;206m([38;2;192;197;206ma [38;2;192;197;206m&[38;2;192;197;206m [38;2;208;135;112m0x00FF[38;2;192;197;206m)[38;2;192;197;206m [38;2;192;197;206m<[38;2;192;197;206m<[38;2;192;197;206m [38;2;208;135;112m8[38;2;192;197;206m)[38;2;192;197;206m;[K
[0m[48;2;40;67;43m[39m+    7[0m:[39m[48;2;24;38;30m [38;2;192;197;206m    a[K
[0m[48;2;40;67;43m[39m+    8[0m:[39m[48;2;24;38;30m [38;2;192;197;206m}[K
[0m[K
Creating: [38;5;141m/local/home/scheschb/Git/harvest-agentic-translate-results/B01_organic/rev16_lib/translated_rust/Cargo.toml[0m
[38;5;244m - Completed in 0.38s[0m
[38;5;12m[1m [1.1][0m[0m
Creating: [38;5;141m/local/home/scheschb/Git/harvest-agentic-translate-results/B01_organic/rev16_lib/translated_rust/src/lib.rs[0m
[38;5;244m - Completed in 0.40s[0m
[38;5;12m[1m [1.2][0m[0m
[?25l[0m[?25l[0m[0mI will run the following command: [38;5;141mcd /local/home/scheschb/Git/harvest-agentic-translate-results/B01_organic/rev16_lib/translated_rust && cargo build --release 2>&1 | tail -20[0m[38;5;244m (using tool: shell)[0m
Purpose: Build the Rust library

   Compiling translated_rust v0.1.0 (/local/home/scheschb/Git/harvest-agentic-translate-results/B01_organic/rev16_lib/translated_rust)
    Finished `release` profile [optimized] target(s) in 0.16s
[38;5;244m - Completed in 0.285s[0m
[38;5;12m[1m [1.3][0m[0m
[?25l[0m[38;5;141m> [0mBuilds cleanly. The translation is straightforward since the C code is a pure bitwise function:[0m[0m
[0m[0m
- [38;5;10mrev16[0m reverses bits within each 16-bit half of a [38;5;10mu32[0m using the standard swap-by-masks approach (1-bit, 2-bit, 4-bit, 8-bit swaps)[0m[0m
- The Rust version uses the same masks and shifts, producing byte-identical results for all inputs[0m[0m
- [38;5;10m#[unsafe(no_mangle)][0m + [38;5;10mextern "C"[0m preserves the C ABI and symbol name[0m[0m[38;5;12m[1m✓ Created checkpoint 1

[0m[0m
[38;5;8m
 ▸ Credits: 2.46 • Time: 31s

[0m[1G[0m[0m[?25h