[32mAll tools are now trusted ([0m[31m![0m[32m). Kiro will execute tools without asking for confirmation.[0m
Agents can sometimes do unexpected things so understand the risks.

Learn more at [38;5;141mhttps://kiro.dev/docs/cli/chat/security/#using-tools-trust-all-safely[0m


[38;5;12mCheckpoints are not available in this directory. Use '/checkpoint init' to enable checkpoints.

[39m
[38;5;252m[0m[?25l[38;5;141m> [0m[0m[0m
[0m[0m
I'll start by understanding the project structure, then read all source files to build comprehensive tests.[0m[0m
[?25l[0m[0m[38;5;11mTODO:
[39m[0m[ ] Read project structure, Cargo.toml, lib.rs, all C sources, all Rust sources
[0m[ ] Build and run C code to get ground truth outputs
[0m[ ] Create test files in src/bin/ for every module
[0m[ ] Run cargo test and iterate until all tests pass[38;5;244m - Completed in 0.0s[0m

[?25l[0m[?25l[0m[0mReading directory: [38;5;141m/tmp/harvest-crust-verify-8F9l3t/project[0m[38;5;244m (using tool: read, max depth: 3, max entries: 1000, excluding: defaults)[0m
[38;5;10m ✓ [0mSuccessfully read directory [38;5;141m/tmp/harvest-crust-verify-8F9l3t/project[0m [38;5;244m(27 entries)[0m
[38;5;244m - Completed in 0.1s[0m

[?25l[0m[?25l[0m[0mBatch fs_read operation with [38;5;141m7[0m operations[38;5;244m (using tool: read)[0m

↱ Operation 1: Reading file: [38;5;141m/tmp/harvest-crust-verify-8F9l3t/project/Cargo.toml[0m, all lines
↱ Operation 2: Reading file: [38;5;141m/tmp/harvest-crust-verify-8F9l3t/project/src/lib.rs[0m, all lines
↱ Operation 3: Reading file: [38;5;141m/tmp/harvest-crust-verify-8F9l3t/project/c_src/ljmm.h[0m, all lines
↱ Operation 4: Reading file: [38;5;141m/tmp/harvest-crust-verify-8F9l3t/project/c_src/ljmm.c[0m, all lines
↱ Operation 5: Reading file: [38;5;141m/tmp/harvest-crust-verify-8F9l3t/project/src/ljmm.rs[0m, all lines
↱ Operation 6: Reading file: [38;5;141m/tmp/harvest-crust-verify-8F9l3t/project/c_src/test/test_001.c[0m, all lines
↱ Operation 7: Reading file: [38;5;141m/tmp/harvest-crust-verify-8F9l3t/project/c_src/test/test_002.c[0m, all lines
[38;5;10m ✓ [0mSuccessfully read [38;5;244m215 bytes[0m from /tmp/harvest-crust-verify-8F9l3t/project/Cargo.toml

[38;5;10m ✓ [0mSuccessfully read [38;5;244m13 bytes[0m from /tmp/harvest-crust-verify-8F9l3t/project/src/lib.rs

[38;5;10m ✓ [0mSuccessfully read [38;5;244m249 bytes[0m from /tmp/harvest-crust-verify-8F9l3t/project/c_src/ljmm.h

[38;5;10m ✓ [0mSuccessfully read [38;5;244m9041 bytes[0m from /tmp/harvest-crust-verify-8F9l3t/project/c_src/ljmm.c

[38;5;10m ✓ [0mSuccessfully read [38;5;244m5799 bytes[0m from /tmp/harvest-crust-verify-8F9l3t/project/src/ljmm.rs

[38;5;10m ✓ [0mSuccessfully read [38;5;244m2472 bytes[0m from /tmp/harvest-crust-verify-8F9l3t/project/c_src/test/test_001.c

[38;5;10m ✓ [0mSuccessfully read [38;5;244m1096 bytes[0m from /tmp/harvest-crust-verify-8F9l3t/project/c_src/test/test_002.c

 ⋮ 

[38;5;244m- [0mSummary: 7 operations processed, 7 successful, 0 failed
[38;5;244m - Completed in 0.0s[0m

[?25l[0m[38;5;141m> [0mNow let me read the test input files to understand the data:[0m[0m
[?25l[0m[0mBatch fs_read operation with [38;5;141m4[0m operations[38;5;244m (using tool: read)[0m

↱ Operation 1: Reading file: [38;5;141m/tmp/harvest-crust-verify-8F9l3t/project/c_src/test/test_input/input_001_003.txt[0m, all lines
↱ Operation 2: Reading file: [38;5;141m/tmp/harvest-crust-verify-8F9l3t/project/c_src/test/test_input/input_001_004.txt[0m, all lines
↱ Operation 3: Reading file: [38;5;141m/tmp/harvest-crust-verify-8F9l3t/project/c_src/test/test_input/input_001_002.txt[0m, all lines
↱ Operation 4: Reading file: [38;5;141m/tmp/harvest-crust-verify-8F9l3t/project/c_src/test/test_input/input_001_001.txt[0m, from line [38;5;141m1[0m to [38;5;141m30[0m
[38;5;10m ✓ [0mSuccessfully read [38;5;244m102 bytes[0m from /tmp/harvest-crust-verify-8F9l3t/project/c_src/test/test_input/input_001_003.txt

[38;5;10m ✓ [0mSuccessfully read [38;5;244m169 bytes[0m from /tmp/harvest-crust-verify-8F9l3t/project/c_src/test/test_input/input_001_004.txt

[38;5;10m ✓ [0mSuccessfully read [38;5;244m283 bytes[0m from /tmp/harvest-crust-verify-8F9l3t/project/c_src/test/test_input/input_001_002.txt

[38;5;10m ✓ [0mSuccessfully read [38;5;244m1640 bytes[0m from /tmp/harvest-crust-verify-8F9l3t/project/c_src/test/test_input/input_001_001.txt

 ⋮ 

[38;5;244m- [0mSummary: 4 operations processed, 4 successful, 0 failed
[38;5;244m - Completed in 0.0s[0m

[?25l[0m[38;5;141m> [0mNow I need to understand the Rust public API more carefully. The Rust code has [38;5;10mfind_best_fit[0m as a private function. Let me check what's actually public:[0m[0m
[?25l[0m[0mSearching for: [38;5;141m^pub fn[0m in [38;5;141m/tmp/harvest-crust-verify-8F9l3t/project/src/ljmm.rs[0m[38;5;244m (using tool: grep)[0m
[38;5;10m ✓ [0mSuccessfully found [38;5;244m3 matches[0m in [38;5;244m1 files[0m under /tmp/harvest-crust-verify-8F9l3t/project/src/ljmm.rs
[38;5;244m - Completed in 0.0s[0m

[?25l[0m[38;5;141m> [0mThe public API is: [38;5;10mljmm_init()[0m, [38;5;10mljmm_let_os_take_care_1g_2g()[0m, and [38;5;10mljmm_test_set_test_param()[0m. The key function [38;5;10mfind_best_fit[0m is private. Let me check if there's any public way to invoke it:[0m[0m
[?25l[0m[0mSearching for: [38;5;141mfind_best_fit|pub[0m in [38;5;141m/tmp/harvest-crust-verify-8F9l3t/project/src/ljmm.rs[0m[38;5;244m (using tool: grep)[0m
[38;5;10m ✓ [0mSuccessfully found [38;5;244m4 matches[0m in [38;5;244m1 files[0m under /tmp/harvest-crust-verify-8F9l3t/project/src/ljmm.rs
[38;5;244m - Completed in 0.0s[0m

[?25l[0m[38;5;141m> [0m[38;5;10mfind_best_fit[0m is private. The C test_001 tests the full mmap wrapper flow which relies on [38;5;10mfind_best_fit[0m internally. In the Rust translation, there's no [38;5;10mWRAP_MMAP[0m equivalent exposed publicly. The core testable logic is [38;5;10mfind_best_fit[0m + [38;5;10mparse_addr[0m + [38;5;10mpage_align_addr[0m, but they're all private.[0m[0m
[0m[0m
To properly test the behavior, I need to make [38;5;10mfind_best_fit[0m and [38;5;10mparse_addr[0m public, since the C tests fundamentally test those functions (through the mmap wrapper). Let me also check what the C test actually verifies — it's the address returned by [38;5;10mfind_best_fit[0m for given inputs.[0m[0m
[0m[0m
Let me first make the key functions public so they can be tested, then write C programs to get ground truth values.[0m[0m
[?25l[0m[0m[38;5;11mTODO:
[39m[38;5;10m[x] [3m[38;5;244mRead project structure, Cargo.toml, lib.rs, all C sources, all Rust sources[23m
[0m[ ] Build and run C code to get ground truth outputs[38;5;244m - Completed in 0.0s[0m

[?25l[0m[38;5;141m> [0mNow let me build a C test program to get ground truth values for [38;5;10mfind_best_fit[0m and [38;5;10mparse_addr[0m:[0m[0m
[?25l[0m[0mI'll create the following file: [38;5;141m/tmp/harvest-crust-verify-8F9l3t/project/c_src/test_ground_truth.c[0m[38;5;244m (using tool: write)[0m

[48;2;40;67;43m[39m+      1[0m:[39m[48;2;24;38;30m [38;2;101;115;126m/*[38;2;101;115;126m Ground truth extraction: test parse_addr, page_align_addr, and find_best_fit [38;2;101;115;126m*/[K
[0m[48;2;40;67;43m[39m+      2[0m:[39m[48;2;24;38;30m [38;2;180;142;173m#include[38;2;192;197;206m [38;2;192;197;206m<[38;2;163;190;140mstdio.h[38;2;192;197;206m>[K
[0m[48;2;40;67;43m[39m+      3[0m:[39m[48;2;24;38;30m [38;2;192;197;206m#include [38;2;192;197;206m<[38;2;163;190;140mstdint.h[38;2;192;197;206m>[K
[0m[48;2;40;67;43m[39m+      4[0m:[39m[48;2;24;38;30m [38;2;192;197;206m#include [38;2;192;197;206m<[38;2;163;190;140mstring.h[38;2;192;197;206m>[K
[0m[48;2;40;67;43m[39m+      5[0m:[39m[48;2;24;38;30m [38;2;192;197;206m#include [38;2;192;197;206m<[38;2;163;190;140mstdlib.h[38;2;192;197;206m>[K
[0m[48;2;40;67;43m[39m+      6[0m:[39m[48;2;24;38;30m [38;2;192;197;206m#include [38;2;192;197;206m<[38;2;163;190;140mfcntl.h[38;2;192;197;206m>[K
[0m[48;2;40;67;43m[39m+      7[0m:[39m[48;2;24;38;30m [38;2;192;197;206m#include [38;2;192;197;206m<[38;2;163;190;140munistd.h[38;2;192;197;206m>[K
[0m[48;2;40;67;43m[39m+      8[0m:[39m[48;2;24;38;30m [K
[0m[48;2;40;67;43m[39m+      9[0m:[39m[48;2;24;38;30m [38;2;101;115;126m/*[38;2;101;115;126m Inline the relevant parts from ljmm.c to test them directly [38;2;101;115;126m*/[K
[0m[48;2;40;67;43m[39m+     10[0m:[39m[48;2;24;38;30m [K
[0m[48;2;40;67;43m[39m+     11[0m:[39m[48;2;24;38;30m [38;2;192;197;206m#define BUFFER_SZ 8192[K
[0m[48;2;40;67;43m[39m+     12[0m:[39m[48;2;24;38;30m [K
[0m[48;2;40;67;43m[39m+     13[0m:[39m[48;2;24;38;30m [38;2;192;197;206mtypedef struct {[K
[0m[48;2;40;67;43m[39m+     14[0m:[39m[48;2;24;38;30m [38;2;192;197;206m    uintptr_t   page_size;[K
[0m[48;2;40;67;43m[39m+     15[0m:[39m[48;2;24;38;30m [38;2;192;197;206m    uintptr_t   page_mask;[K
[0m[48;2;40;67;43m[39m+     16[0m:[39m[48;2;24;38;30m [38;2;192;197;206m    uintptr_t   addr_upbound;[K
[0m[48;2;40;67;43m[39m+     17[0m:[39m[48;2;24;38;30m [38;2;192;197;206m    uintptr_t   addr_lowbound;[K
[0m[48;2;40;67;43m[39m+     18[0m:[39m[48;2;24;38;30m [38;2;192;197;206m    const char  *map_file;[K
[0m[48;2;40;67;43m[39m+     19[0m:[39m[48;2;24;38;30m [38;2;192;197;206m    char        *buffer;[K
[0m[48;2;40;67;43m[39m+     20[0m:[39m[48;2;24;38;30m [38;2;192;197;206m    int          buf_len;[K
[0m[48;2;40;67;43m[39m+     21[0m:[39m[48;2;24;38;30m [38;2;192;197;206m    char         OS_take_care_1G_2G;[K
[0m[48;2;40;67;43m[39m+     22[0m:[39m[48;2;24;38;30m [38;2;192;197;206m    char         init_succ;[K
[0m[48;2;40;67;43m[39m+     23[0m:[39m[48;2;24;38;30m [38;2;192;197;206m} ljmm_t;[K
[0m[48;2;40;67;43m[39m+     24[0m:[39m[48;2;24;38;30m [K
[0m[48;2;40;67;43m[39m+     25[0m:[39m[48;2;24;38;30m [38;2;192;197;206mstatic ljmm_t ljmm;[K
[0m[48;2;40;67;43m[39m+     26[0m:[39m[48;2;24;38;30m [K
[0m[48;2;40;67;43m[39m+     27[0m:[39m[48;2;24;38;30m [38;2;192;197;206menum {[K
[0m[48;2;40;67;43m[39m+     28[0m:[39m[48;2;24;38;30m [38;2;192;197;206m    ADDR_2G = 0x80000000,[K
[0m[48;2;40;67;43m[39m+     29[0m:[39m[48;2;24;38;30m [38;2;192;197;206m    ADDR_1G = 0x40000000,[K
[0m[48;2;40;67;43m[39m+     30[0m:[39m[48;2;24;38;30m [38;2;192;197;206m};[K
[0m[48;2;40;67;43m[39m+     31[0m:[39m[48;2;24;38;30m [K
[0m[48;2;40;67;43m[39m+     32[0m:[39m[48;2;24;38;30m [38;2;192;197;206mstatic inline uintptr_t[K
[0m[48;2;40;67;43m[39m+     33[0m:[39m[48;2;24;38;30m [38;2;192;197;206mpage_align_addr(uintptr_t addr) {[K
[0m[48;2;40;67;43m[39m+     34[0m:[39m[48;2;24;38;30m [38;2;192;197;206m    return (addr + ljmm.page_size - 1) & ~ljmm.page_mask;[K
[0m[48;2;40;67;43m[39m+     35[0m:[39m[48;2;24;38;30m [38;2;192;197;206m}[K
[0m[48;2;40;67;43m[39m+     36[0m:[39m[48;2;24;38;30m [K
[0m[48;2;40;67;43m[39m+     37[0m:[39m[48;2;24;38;30m [38;2;192;197;206mstatic int[K
[0m[48;2;40;67;43m[39m+     38[0m:[39m[48;2;24;38;30m [38;2;192;197;206mparse_addr(const char* addr_str, uintptr_t *addr_val) {[K
[0m[48;2;40;67;43m[39m+     39[0m:[39m[48;2;24;38;30m [38;2;192;197;206m    uintptr_t addr = 0;[K
[0m[48;2;40;67;43m[39m+     40[0m:[39m[48;2;24;38;30m [38;2;192;197;206m    const char* p = addr_str;[K
[0m[48;2;40;67;43m[39m+     41[0m:[39m[48;2;24;38;30m [38;2;192;197;206m    while (1) {[K
[0m[48;2;40;67;43m[39m+     42[0m:[39m[48;2;24;38;30m [38;2;192;197;206m        char c = *p++;[K
[0m[48;2;40;67;43m[39m+     43[0m:[39m[48;2;24;38;30m [38;2;192;197;206m        if (c >= '0' && c [38;2;192;197;206m<[38;2;163;190;140m= '9') {[K
[0m[48;2;40;67;43m[39m+     44[0m:[39m[48;2;24;38;30m [38;2;163;190;140m            addr = addr * 16 + c - '0';[K
[0m[48;2;40;67;43m[39m+     45[0m:[39m[48;2;24;38;30m [38;2;163;190;140m            continue;[K
[0m[48;2;40;67;43m[39m+     46[0m:[39m[48;2;24;38;30m [38;2;163;190;140m        }[K
[0m[48;2;40;67;43m[39m+     47[0m:[39m[48;2;24;38;30m [38;2;163;190;140m        c |= 0x20;[K
[0m[48;2;40;67;43m[39m+     48[0m:[39m[48;2;24;38;30m [38;2;163;190;140m        if (c [38;2;192;197;206m>[38;2;192;197;206m= 'a' && c [38;2;192;197;206m<[38;2;163;190;140m= 'f') {[K
[0m[48;2;40;67;43m[39m+     49[0m:[39m[48;2;24;38;30m [38;2;163;190;140m            addr = addr * 16 + 10 + c - 'a';[K
[0m[48;2;40;67;43m[39m+     50[0m:[39m[48;2;24;38;30m [38;2;163;190;140m            continue;[K
[0m[48;2;40;67;43m[39m+     51[0m:[39m[48;2;24;38;30m [38;2;163;190;140m        }[K
[0m[48;2;40;67;43m[39m+     52[0m:[39m[48;2;24;38;30m [38;2;163;190;140m        *addr_val = addr;[K
[0m[48;2;40;67;43m[39m+     53[0m:[39m[48;2;24;38;30m [38;2;163;190;140m        return p - 1 - addr_str;[K
[0m[48;2;40;67;43m[39m+     54[0m:[39m[48;2;24;38;30m [38;2;163;190;140m    }[K
[0m[48;2;40;67;43m[39m+     55[0m:[39m[48;2;24;38;30m [38;2;163;190;140m    return 0;[K
[0m[48;2;40;67;43m[39m+     56[0m:[39m[48;2;24;38;30m [38;2;163;190;140m}[K
[0m[48;2;40;67;43m[39m+     57[0m:[39m[48;2;24;38;30m [K
[0m[48;2;40;67;43m[39m+     58[0m:[39m[48;2;24;38;30m [38;2;163;190;140mtypedef struct {[K
[0m[48;2;40;67;43m[39m+     59[0m:[39m[48;2;24;38;30m [38;2;163;190;140m    uintptr_t start;[K
[0m[48;2;40;67;43m[39m+     60[0m:[39m[48;2;24;38;30m [38;2;163;190;140m    size_t size;[K
[0m[48;2;40;67;43m[39m+     61[0m:[39m[48;2;24;38;30m [38;2;163;190;140m} mem_blk_t;[K
[0m[48;2;40;67;43m[39m+     62[0m:[39m[48;2;24;38;30m [K
[0m[48;2;40;67;43m[39m+     63[0m:[39m[48;2;24;38;30m [38;2;163;190;140mstatic int[K
[0m[48;2;40;67;43m[39m+     64[0m:[39m[48;2;24;38;30m [38;2;163;190;140mread_maps_to_buffer(void) {[K
[0m[48;2;40;67;43m[39m+     65[0m:[39m[48;2;24;38;30m [38;2;163;190;140m    int fd = open(ljmm.map_file, 0);[K
[0m[48;2;40;67;43m[39m+     66[0m:[39m[48;2;24;38;30m [38;2;163;190;140m    if (fd == -1) return -1;[K
[0m[48;2;40;67;43m[39m+     67[0m:[39m[48;2;24;38;30m [38;2;163;190;140m    int len = read(fd, ljmm.buffer, BUFFER_SZ - 1);[K
[0m[48;2;40;67;43m[39m+     68[0m:[39m[48;2;24;38;30m [38;2;163;190;140m    if (len [38;2;192;197;206m>[38;2;192;197;206m= 0 && ljmm.buffer[len-1] != '\n') {[K
[0m[48;2;40;67;43m[39m+     69[0m:[39m[48;2;24;38;30m [38;2;192;197;206m        ljmm.buffer[len++] = '\n';[K
[0m[48;2;40;67;43m[39m+     70[0m:[39m[48;2;24;38;30m [38;2;192;197;206m    }[K
[0m[48;2;40;67;43m[39m+     71[0m:[39m[48;2;24;38;30m [38;2;192;197;206m    close(fd);[K
[0m[48;2;40;67;43m[39m+     72[0m:[39m[48;2;24;38;30m [38;2;192;197;206m    ljmm.buf_len = len;[K
[0m[48;2;40;67;43m[39m+     73[0m:[39m[48;2;24;38;30m [38;2;192;197;206m    return len;[K
[0m[48;2;40;67;43m[39m+     74[0m:[39m[48;2;24;38;30m [38;2;192;197;206m}[K
[0m[48;2;40;67;43m[39m+     75[0m:[39m[48;2;24;38;30m [K
[0m[48;2;40;67;43m[39m+     76[0m:[39m[48;2;24;38;30m [38;2;192;197;206mstatic uintptr_t[K
[0m[48;2;40;67;43m[39m+     77[0m:[39m[48;2;24;38;30m [38;2;192;197;206mfind_best_fit(size_t length) {[K
[0m[48;2;40;67;43m[39m+     78[0m:[39m[48;2;24;38;30m [38;2;192;197;206m    if (read_maps_to_buffer() [38;2;192;197;206m<[38;2;163;190;140m 0) return 0;[K
[0m[48;2;40;67;43m[39m+     79[0m:[39m[48;2;24;38;30m [38;2;163;190;140m    length = page_align_addr(length);[K
[0m[48;2;40;67;43m[39m+     80[0m:[39m[48;2;24;38;30m [K
[0m[48;2;40;67;43m[39m+     81[0m:[39m[48;2;24;38;30m [38;2;163;190;140m    mem_blk_t best_fit, prev_blk;[K
[0m[48;2;40;67;43m[39m+     82[0m:[39m[48;2;24;38;30m [38;2;163;190;140m    const char* buffer;[K
[0m[48;2;40;67;43m[39m+     83[0m:[39m[48;2;24;38;30m [38;2;163;190;140m    int ofst, buf_len;[K
[0m[48;2;40;67;43m[39m+     84[0m:[39m[48;2;24;38;30m [38;2;163;190;140m    uintptr_t upbound, lowbound;[K
[0m[48;2;40;67;43m[39m+     85[0m:[39m[48;2;24;38;30m [K
[0m[48;2;40;67;43m[39m+     86[0m:[39m[48;2;24;38;30m [38;2;163;190;140m    lowbound = ljmm.addr_lowbound;[K
[0m[48;2;40;67;43m[39m+     87[0m:[39m[48;2;24;38;30m [38;2;163;190;140m    upbound = ljmm.addr_upbound;[K
[0m[48;2;40;67;43m[39m+     88[0m:[39m[48;2;24;38;30m [38;2;163;190;140m    best_fit.size = -1;[K
[0m[48;2;40;67;43m[39m+     89[0m:[39m[48;2;24;38;30m [38;2;163;190;140m    best_fit.start = upbound;[K
[0m[48;2;40;67;43m[39m+     90[0m:[39m[48;2;24;38;30m [38;2;163;190;140m    prev_blk.size = prev_blk.start = 0;[K
[0m[48;2;40;67;43m[39m+     91[0m:[39m[48;2;24;38;30m [38;2;163;190;140m    ofst = 0;[K
[0m[48;2;40;67;43m[39m+     92[0m:[39m[48;2;24;38;30m [38;2;163;190;140m    buffer = ljmm.buffer;[K
[0m[48;2;40;67;43m[39m+     93[0m:[39m[48;2;24;38;30m [38;2;163;190;140m    buf_len = ljmm.buf_len;[K
[0m[48;2;40;67;43m[39m+     94[0m:[39m[48;2;24;38;30m [K
[0m[48;2;40;67;43m[39m+     95[0m:[39m[48;2;24;38;30m [38;2;163;190;140m    while (ofst < buf_len) {[K
[0m[48;2;40;67;43m[39m+     96[0m:[39m[48;2;24;38;30m [38;2;163;190;140m        uintptr_t start_addr, end_addr;[K
[0m[48;2;40;67;43m[39m+     97[0m:[39m[48;2;24;38;30m [38;2;163;190;140m        int advance = parse_addr(ljmm.buffer + ofst, &start_addr);[K
[0m[48;2;40;67;43m[39m+     98[0m:[39m[48;2;24;38;30m [38;2;163;190;140m        if (advance && (buffer[ofst + advance] == '-')) {[K
[0m[48;2;40;67;43m[39m+     99[0m:[39m[48;2;24;38;30m [38;2;163;190;140m            ofst += advance + 1;[K
[0m[48;2;40;67;43m[39m+    100[0m:[39m[48;2;24;38;30m [38;2;163;190;140m        } else {[K
[0m[48;2;40;67;43m[39m+    101[0m:[39m[48;2;24;38;30m [38;2;163;190;140m            break;[K
[0m[48;2;40;67;43m[39m+    102[0m:[39m[48;2;24;38;30m [38;2;163;190;140m        }[K
[0m[48;2;40;67;43m[39m+    103[0m:[39m[48;2;24;38;30m [38;2;163;190;140m        advance = parse_addr(buffer + ofst, &end_addr);[K
[0m[48;2;40;67;43m[39m+    104[0m:[39m[48;2;24;38;30m [38;2;163;190;140m        if (advance && buffer[ofst + advance] == ' ') {[K
[0m[48;2;40;67;43m[39m+    105[0m:[39m[48;2;24;38;30m [38;2;163;190;140m            ofst += advance + 1;[K
[0m[48;2;40;67;43m[39m+    106[0m:[39m[48;2;24;38;30m [38;2;163;190;140m            while (buffer[ofst++] != '\n') {}[K
[0m[48;2;40;67;43m[39m+    107[0m:[39m[48;2;24;38;30m [38;2;163;190;140m        } else {[K
[0m[48;2;40;67;43m[39m+    108[0m:[39m[48;2;24;38;30m [38;2;163;190;140m            end_addr = upbound [38;2;192;197;206m>[38;2;192;197;206m= start_addr ? upbound : start_addr;[K
[0m[48;2;40;67;43m[39m+    109[0m:[39m[48;2;24;38;30m [38;2;192;197;206m        }[K
[0m[48;2;40;67;43m[39m+    110[0m:[39m[48;2;24;38;30m [38;2;192;197;206m        end_addr = page_align_addr(end_addr);[K
[0m[48;2;40;67;43m[39m+    111[0m:[39m[48;2;24;38;30m [K
[0m[48;2;40;67;43m[39m+    112[0m:[39m[48;2;24;38;30m [38;2;192;197;206m        uintptr_t hole_start = prev_blk.start + prev_blk.size;[K
[0m[48;2;40;67;43m[39m+    113[0m:[39m[48;2;24;38;30m [38;2;192;197;206m        uintptr_t hole_size = start_addr - hole_start;[K
[0m[48;2;40;67;43m[39m+    114[0m:[39m[48;2;24;38;30m [K
[0m[48;2;40;67;43m[39m+    115[0m:[39m[48;2;24;38;30m [38;2;192;197;206m        if (hole_size >= length &&[K
[0m[48;2;40;67;43m[39m+    116[0m:[39m[48;2;24;38;30m [38;2;192;197;206m            (hole_start >= lowbound && (hole_start + length) [38;2;192;197;206m<[38;2;163;190;140m= upbound) &&[K
[0m[48;2;40;67;43m[39m+    117[0m:[39m[48;2;24;38;30m [38;2;163;190;140m            hole_size < best_fit.size) {[K
[0m[48;2;40;67;43m[39m+    118[0m:[39m[48;2;24;38;30m [38;2;163;190;140m            best_fit.start = hole_start;[K
[0m[48;2;40;67;43m[39m+    119[0m:[39m[48;2;24;38;30m [38;2;163;190;140m            best_fit.size = hole_size;[K
[0m[48;2;40;67;43m[39m+    120[0m:[39m[48;2;24;38;30m [38;2;163;190;140m            if (best_fit.size == length) break;[K
[0m[48;2;40;67;43m[39m+    121[0m:[39m[48;2;24;38;30m [38;2;163;190;140m        }[K
[0m[48;2;40;67;43m[39m+    122[0m:[39m[48;2;24;38;30m [K
[0m[48;2;40;67;43m[39m+    123[0m:[39m[48;2;24;38;30m [38;2;163;190;140m        if (start_addr [38;2;192;197;206m>[38;2;192;197;206m= ADDR_1G) {[K
[0m[48;2;40;67;43m[39m+    124[0m:[39m[48;2;24;38;30m [38;2;192;197;206m            if (!ljmm.OS_take_care_1G_2G || start_addr >= upbound) break;[K
[0m[48;2;40;67;43m[39m+    125[0m:[39m[48;2;24;38;30m [38;2;192;197;206m        }[K
[0m[48;2;40;67;43m[39m+    126[0m:[39m[48;2;24;38;30m [38;2;192;197;206m        if (end_addr >= upbound) break;[K
[0m[48;2;40;67;43m[39m+    127[0m:[39m[48;2;24;38;30m [K
[0m[48;2;40;67;43m[39m+    128[0m:[39m[48;2;24;38;30m [38;2;192;197;206m        prev_blk.start = start_addr;[K
[0m[48;2;40;67;43m[39m+    129[0m:[39m[48;2;24;38;30m [38;2;192;197;206m        prev_blk.size = end_addr - start_addr;[K
[0m[48;2;40;67;43m[39m+    130[0m:[39m[48;2;24;38;30m [38;2;192;197;206m    }[K
[0m[48;2;40;67;43m[39m+    131[0m:[39m[48;2;24;38;30m [K
[0m[48;2;40;67;43m[39m+    132[0m:[39m[48;2;24;38;30m [38;2;192;197;206m    return (best_fit.size != (uintptr_t)-1) ? best_fit.start : 0;[K
[0m[48;2;40;67;43m[39m+    133[0m:[39m[48;2;24;38;30m [38;2;192;197;206m}[K
[0m[48;2;40;67;43m[39m+    134[0m:[39m[48;2;24;38;30m [K
[0m[48;2;40;67;43m[39m+    135[0m:[39m[48;2;24;38;30m [38;2;192;197;206mint main() {[K
[0m[48;2;40;67;43m[39m+    136[0m:[39m[48;2;24;38;30m [38;2;192;197;206m    [38;2;101;115;126m/*[38;2;101;115;126m Allocate buffer [38;2;101;115;126m*/[K
[0m[48;2;40;67;43m[39m+    137[0m:[39m[48;2;24;38;30m [38;2;192;197;206m    ljmm.buffer = malloc(BUFFER_SZ);[K
[0m[48;2;40;67;43m[39m+    138[0m:[39m[48;2;24;38;30m [K
[0m[48;2;40;67;43m[39m+    139[0m:[39m[48;2;24;38;30m [38;2;192;197;206m    [38;2;101;115;126m/*[38;2;101;115;126m ===== Test parse_addr ===== [38;2;101;115;126m*/[K
[0m[48;2;40;67;43m[39m+    140[0m:[39m[48;2;24;38;30m [38;2;192;197;206m    printf([38;2;192;197;206m"[38;2;163;190;140m=== parse_addr tests ===\n[38;2;192;197;206m"[38;2;192;197;206m);[K
[0m[48;2;40;67;43m[39m+    141[0m:[39m[48;2;24;38;30m [38;2;192;197;206m    {[K
[0m[48;2;40;67;43m[39m+    142[0m:[39m[48;2;24;38;30m [38;2;192;197;206m        const char* tests[] = {[K
[0m[48;2;40;67;43m[39m+    143[0m:[39m[48;2;24;38;30m [38;2;192;197;206m            [38;2;192;197;206m"[38;2;163;190;140m00400000-[38;2;192;197;206m"[38;2;192;197;206m, [38;2;192;197;206m"[38;2;163;190;140m00618000-[38;2;192;197;206m"[38;2;192;197;206m, [38;2;192;197;206m"[38;2;163;190;140m7f2b4b200000-[38;2;192;197;206m"[38;2;192;197;206m,[K
[0m[48;2;40;67;43m[39m+    144[0m:[39m[48;2;24;38;30m [38;2;192;197;206m            [38;2;192;197;206m"[38;2;163;190;140mDEADBEEF [38;2;192;197;206m"[38;2;192;197;206m, [38;2;192;197;206m"[38;2;163;190;140m0 [38;2;192;197;206m"[38;2;192;197;206m, [38;2;192;197;206m"[38;2;163;190;140mabcdef01-[38;2;192;197;206m"[38;2;192;197;206m, [38;2;192;197;206m"[38;2;192;197;206m"[K
[0m[48;2;40;67;43m[39m+    145[0m:[39m[48;2;24;38;30m [38;2;192;197;206m        };[K
[0m[48;2;40;67;43m[39m+    146[0m:[39m[48;2;24;38;30m [38;2;192;197;206m        int n = sizeof(tests)/sizeof(tests[0]);[K
[0m[48;2;40;67;43m[39m+    147[0m:[39m[48;2;24;38;30m [38;2;192;197;206m        for (int i = 0; i [38;2;192;197;206m<[38;2;163;190;140m n; i++) {[K
[0m[48;2;40;67;43m[39m+    148[0m:[39m[48;2;24;38;30m [38;2;163;190;140m            uintptr_t val;[K
[0m[48;2;40;67;43m[39m+    149[0m:[39m[48;2;24;38;30m [38;2;163;190;140m            int len = parse_addr(tests[i], &val);[K
[0m[48;2;40;67;43m[39m+    150[0m:[39m[48;2;24;38;30m [38;2;163;190;140m            printf("parse_addr(\"%s\"): val=0x%lx, len=%d\n", tests[i], (unsigned long)val, len);[K
[0m[48;2;40;67;43m[39m+    151[0m:[39m[48;2;24;38;30m [38;2;163;190;140m        }[K
[0m[48;2;40;67;43m[39m+    152[0m:[39m[48;2;24;38;30m [38;2;163;190;140m    }[K
[0m[48;2;40;67;43m[39m+    153[0m:[39m[48;2;24;38;30m [K
[0m[48;2;40;67;43m[39m+    154[0m:[39m[48;2;24;38;30m [38;2;163;190;140m    /* ===== Test page_align_addr ===== */[K
[0m[48;2;40;67;43m[39m+    155[0m:[39m[48;2;24;38;30m [38;2;163;190;140m    printf("\n=== page_align_addr tests ===\n");[K
[0m[48;2;40;67;43m[39m+    156[0m:[39m[48;2;24;38;30m [38;2;163;190;140m    ljmm.page_size = 4096;[K
[0m[48;2;40;67;43m[39m+    157[0m:[39m[48;2;24;38;30m [38;2;163;190;140m    ljmm.page_mask = 4095;[K
[0m[48;2;40;67;43m[39m+    158[0m:[39m[48;2;24;38;30m [38;2;163;190;140m    {[K
[0m[48;2;40;67;43m[39m+    159[0m:[39m[48;2;24;38;30m [38;2;163;190;140m        uintptr_t addrs[] = {0, 1, 4095, 4096, 4097, 8191, 8192, 0x619000, 32*1024-1, 32*1024};[K
[0m[48;2;40;67;43m[39m+    160[0m:[39m[48;2;24;38;30m [38;2;163;190;140m        int n = sizeof(addrs)/sizeof(addrs[0]);[K
[0m[48;2;40;67;43m[39m+    161[0m:[39m[48;2;24;38;30m [38;2;163;190;140m        for (int i = 0; i < n; i++) {[K
[0m[48;2;40;67;43m[39m+    162[0m:[39m[48;2;24;38;30m [38;2;163;190;140m            printf("page_align_addr(0x%lx) = 0x%lx\n",[K
[0m[48;2;40;67;43m[39m+    163[0m:[39m[48;2;24;38;30m [38;2;163;190;140m                   (unsigned long)addrs[i], (unsigned long)page_align_addr(addrs[i]));[K
[0m[48;2;40;67;43m[39m+    164[0m:[39m[48;2;24;38;30m [38;2;163;190;140m        }[K
[0m[48;2;40;67;43m[39m+    165[0m:[39m[48;2;24;38;30m [38;2;163;190;140m    }[K
[0m[48;2;40;67;43m[39m+    166[0m:[39m[48;2;24;38;30m [K
[0m[48;2;40;67;43m[39m+    167[0m:[39m[48;2;24;38;30m [38;2;163;190;140m    /* ===== Test find_best_fit (mirrors test_001.c test_data) ===== */[K
[0m[48;2;40;67;43m[39m+    168[0m:[39m[48;2;24;38;30m [38;2;163;190;140m    printf("\n=== find_best_fit tests ===\n");[K
[0m[48;2;40;67;43m[39m+    169[0m:[39m[48;2;24;38;30m [38;2;163;190;140m    ljmm.page_size = 4096;[K
[0m[48;2;40;67;43m[39m+    170[0m:[39m[48;2;24;38;30m [38;2;163;190;140m    ljmm.page_mask = 4095;[K
[0m[48;2;40;67;43m[39m+    171[0m:[39m[48;2;24;38;30m [38;2;163;190;140m    ljmm.addr_upbound = ADDR_2G;[K
[0m[48;2;40;67;43m[39m+    172[0m:[39m[48;2;24;38;30m [K
[0m[48;2;40;67;43m[39m+    173[0m:[39m[48;2;24;38;30m [38;2;163;190;140m    struct {[K
[0m[48;2;40;67;43m[39m+    174[0m:[39m[48;2;24;38;30m [38;2;163;190;140m        const char* map_file;[K
[0m[48;2;40;67;43m[39m+    175[0m:[39m[48;2;24;38;30m [38;2;163;190;140m        size_t alloc_sz;[K
[0m[48;2;40;67;43m[39m+    176[0m:[39m[48;2;24;38;30m [38;2;163;190;140m        uintptr_t low_bound;[K
[0m[48;2;40;67;43m[39m+    177[0m:[39m[48;2;24;38;30m [38;2;163;190;140m        int os_take_care;[K
[0m[48;2;40;67;43m[39m+    178[0m:[39m[48;2;24;38;30m [38;2;163;190;140m    } tests[] = {[K
[0m[48;2;40;67;43m[39m+    179[0m:[39m[48;2;24;38;30m [38;2;163;190;140m        {"test/test_input/input_001_001.txt", 32*1024-1,   0,        0},[K
[0m[48;2;40;67;43m[39m+    180[0m:[39m[48;2;24;38;30m [38;2;163;190;140m        {"test/test_input/input_001_001.txt", 32*1024-100, 0x619000, 0},[K
[0m[48;2;40;67;43m[39m+    181[0m:[39m[48;2;24;38;30m [38;2;163;190;140m        {"test/test_input/input_001_001.txt", 32*1024-10,  0,        1},[K
[0m[48;2;40;67;43m[39m+    182[0m:[39m[48;2;24;38;30m [38;2;163;190;140m        {"test/test_input/input_001_002.txt", 32*1024-10,  0x619000, 0},[K
[0m[48;2;40;67;43m[39m+    183[0m:[39m[48;2;24;38;30m [38;2;163;190;140m        {"test/test_input/input_001_003.txt", 32*1024-10,  0x619000, 0},[K
[0m[48;2;40;67;43m[39m+    184[0m:[39m[48;2;24;38;30m [38;2;163;190;140m        {"test/test_input/input_001_004.txt", 32*1024,     0x619000, 0},[K
[0m[48;2;40;67;43m[39m+    185[0m:[39m[48;2;24;38;30m [38;2;163;190;140m    };[K
[0m[48;2;40;67;43m[39m+    186[0m:[39m[48;2;24;38;30m [38;2;163;190;140m    int n = sizeof(tests)/sizeof(tests[0]);[K
[0m[48;2;40;67;43m[39m+    187[0m:[39m[48;2;24;38;30m [38;2;163;190;140m    for (int i = 0; i < n; i++) {[K
[0m[48;2;40;67;43m[39m+    188[0m:[39m[48;2;24;38;30m [38;2;163;190;140m        ljmm.map_file = tests[i].map_file;[K
[0m[48;2;40;67;43m[39m+    189[0m:[39m[48;2;24;38;30m [38;2;163;190;140m        ljmm.addr_lowbound = tests[i].low_bound;[K
[0m[48;2;40;67;43m[39m+    190[0m:[39m[48;2;24;38;30m [38;2;163;190;140m        ljmm.OS_take_care_1G_2G = tests[i].os_take_care;[K
[0m[48;2;40;67;43m[39m+    191[0m:[39m[48;2;24;38;30m [38;2;163;190;140m        uintptr_t result = find_best_fit(tests[i].alloc_sz);[K
[0m[48;2;40;67;43m[39m+    192[0m:[39m[48;2;24;38;30m [38;2;163;190;140m        printf("find_best_fit(alloc=%zu, low=0x%lx, os=%d, file=%s) = 0x%lx\n",[K
[0m[48;2;40;67;43m[39m+    193[0m:[39m[48;2;24;38;30m [38;2;163;190;140m               tests[i].alloc_sz, (unsigned long)tests[i].low_bound,[K
[0m[48;2;40;67;43m[39m+    194[0m:[39m[48;2;24;38;30m [38;2;163;190;140m               tests[i].os_take_care, tests[i].map_file, (unsigned long)result);[K
[0m[48;2;40;67;43m[39m+    195[0m:[39m[48;2;24;38;30m [38;2;163;190;140m    }[K
[0m[48;2;40;67;43m[39m+    196[0m:[39m[48;2;24;38;30m [K
[0m[48;2;40;67;43m[39m+    197[0m:[39m[48;2;24;38;30m [38;2;163;190;140m    free(ljmm.buffer);[K
[0m[48;2;40;67;43m[39m+    198[0m:[39m[48;2;24;38;30m [38;2;163;190;140m    return 0;[K
[0m[48;2;40;67;43m[39m+    199[0m:[39m[48;2;24;38;30m [38;2;163;190;140m}[K
[0m[K
Creating: [38;5;141m/tmp/harvest-crust-verify-8F9l3t/project/c_src/test_ground_truth.c[0m
[38;5;244m - Completed in 0.0s[0m

[?25l[0m[?25l[0m[0mI will run the following command: [38;5;141mcd /tmp/harvest-crust-verify-8F9l3t/project/c_src && gcc -o test_ground_truth test_ground_truth.c -lm 2>&1 && ./test_ground_truth[0m[38;5;244m (using tool: shell)[0m
Purpose: Compile and run the ground truth C program to get expected values

=== parse_addr tests ===
parse_addr("00400000-"): val=0x400000, len=8
parse_addr("00618000-"): val=0x618000, len=8
parse_addr("7f2b4b200000-"): val=0x7f2b4b200000, len=12
parse_addr("DEADBEEF "): val=0xdeadbeef, len=8
parse_addr("0 "): val=0x0, len=1
parse_addr("abcdef01-"): val=0xabcdef01, len=8
parse_addr(""): val=0x0, len=0

=== page_align_addr tests ===
page_align_addr(0x0) = 0x0
page_align_addr(0x1) = 0x1000
page_align_addr(0xfff) = 0x1000
page_align_addr(0x1000) = 0x1000
page_align_addr(0x1001) = 0x2000
page_align_addr(0x1fff) = 0x2000
page_align_addr(0x2000) = 0x2000
page_align_addr(0x619000) = 0x619000
page_align_addr(0x7fff) = 0x8000
page_align_addr(0x8000) = 0x8000

=== find_best_fit tests ===
find_best_fit(alloc=32767, low=0x0, os=0, file=test/test_input/input_001_001.txt) = 0x418000
find_best_fit(alloc=32668, low=0x619000, os=0, file=test/test_input/input_001_001.txt) = 0x619000
find_best_fit(alloc=32758, low=0x0, os=1, file=test/test_input/input_001_001.txt) = 0x418000
find_best_fit(alloc=32758, low=0x619000, os=0, file=test/test_input/input_001_002.txt) = 0x619000
find_best_fit(alloc=32758, low=0x619000, os=0, file=test/test_input/input_001_003.txt) = 0x0
find_best_fit(alloc=32768, low=0x619000, os=0, file=test/test_input/input_001_004.txt) = 0x3ffff000
[38;5;244m - Completed in 0.55s[0m

[?25l[0m[38;5;141m> [0mExcellent! Now I have all the ground truth values. Let me mark this step complete and proceed to create the tests.[0m[0m
[?25l[0m[0m[38;5;11mTODO:
[39m[38;5;10m[x] [3m[38;5;244mBuild and run C code to get ground truth outputs[23m
[0m[ ] Create test files in src/bin/ for every module[38;5;244m - Completed in 0.0s[0m

[?25l[0m[38;5;141m> [0mNow I need to make [38;5;10mparse_addr[0m, [38;5;10mpage_align_addr[0m, and [38;5;10mfind_best_fit[0m public in the Rust code so they can be tested. The C test_001 fundamentally tests [38;5;10mfind_best_fit[0m (through the mmap wrapper), and test_002 tests the fork/child behavior which isn't applicable in Rust. Let me also check the note about test3 — the C test says [38;5;10mOS_take_care_1G_2G=1[0m with expected range [38;5;10m[ADDR_1G, ADDR_2G][0m, but the ground truth shows [38;5;10mfind_best_fit[0m returns [38;5;10m0x418000[0m for that case. That's because [38;5;10mfind_best_fit[0m still finds the best fit; the OS_take_care flag just changes when the loop breaks.[0m[0m
[0m[0m
Let me make the internal functions public and create the test files:[0m[0m
[?25l[0m[0mI'll modify the following file: [38;5;141msrc/ljmm.rs[0m[38;5;244m (using tool: write)[0m
Purpose: Make page_align_addr public for testing

[48;2;79;40;40m[39m- 34    [0m:[39m[48;2;36;25;28m [38;2;180;142;173mfn[38;2;192;197;206m [38;2;143;161;179mpage_align_addr[38;2;192;197;206m([38;2;191;97;106maddr[38;2;192;197;206m:[38;2;192;197;206m [38;2;180;142;173musize[38;2;192;197;206m, [38;2;191;97;106mpage_size[38;2;192;197;206m:[38;2;192;197;206m [38;2;180;142;173musize[38;2;192;197;206m, [38;2;191;97;106mpage_mask[38;2;192;197;206m:[38;2;192;197;206m [38;2;180;142;173musize[38;2;192;197;206m)[38;2;192;197;206m [38;2;192;197;206m->[38;2;192;197;206m [38;2;180;142;173musize[38;2;192;197;206m [38;2;192;197;206m{[K
[0m[48;2;40;67;43m[39m+     34[0m:[39m[48;2;24;38;30m [38;2;180;142;173mpub[38;2;192;197;206m [38;2;180;142;173mfn[38;2;192;197;206m [38;2;143;161;179mpage_align_addr[38;2;192;197;206m([38;2;191;97;106maddr[38;2;192;197;206m:[38;2;192;197;206m [38;2;180;142;173musize[38;2;192;197;206m, [38;2;191;97;106mpage_size[38;2;192;197;206m:[38;2;192;197;206m [38;2;180;142;173musize[38;2;192;197;206m, [38;2;191;97;106mpage_mask[38;2;192;197;206m:[38;2;192;197;206m [38;2;180;142;173musize[38;2;192;197;206m)[38;2;192;197;206m [38;2;192;197;206m->[38;2;192;197;206m [38;2;180;142;173musize[38;2;192;197;206m [38;2;192;197;206m{[K
[0m[K
Updating: [38;5;141msrc/ljmm.rs[0m
[38;5;244m - Completed in 0.0s[0m

[?25l[0m[?25l[0m[0mI'll modify the following file: [38;5;141msrc/ljmm.rs[0m[38;5;244m (using tool: write)[0m
Purpose: Make parse_addr public for testing

[48;2;79;40;40m[39m- 38    [0m:[39m[48;2;36;25;28m [38;2;180;142;173mfn[38;2;192;197;206m [38;2;143;161;179mparse_addr[38;2;192;197;206m([38;2;191;97;106ms[38;2;192;197;206m:[38;2;192;197;206m [38;2;192;197;206m&[38;2;192;197;206m[[38;2;180;142;173mu8[38;2;192;197;206m][38;2;192;197;206m)[38;2;192;197;206m [38;2;192;197;206m->[38;2;192;197;206m [38;2;192;197;206m([38;2;180;142;173musize[38;2;192;197;206m, [38;2;180;142;173musize[38;2;192;197;206m)[38;2;192;197;206m [38;2;192;197;206m{[K
[0m[48;2;40;67;43m[39m+     38[0m:[39m[48;2;24;38;30m [38;2;180;142;173mpub[38;2;192;197;206m [38;2;180;142;173mfn[38;2;192;197;206m [38;2;143;161;179mparse_addr[38;2;192;197;206m([38;2;191;97;106ms[38;2;192;197;206m:[38;2;192;197;206m [38;2;192;197;206m&[38;2;192;197;206m[[38;2;180;142;173mu8[38;2;192;197;206m][38;2;192;197;206m)[38;2;192;197;206m [38;2;192;197;206m->[38;2;192;197;206m [38;2;192;197;206m([38;2;180;142;173musize[38;2;192;197;206m, [38;2;180;142;173musize[38;2;192;197;206m)[38;2;192;197;206m [38;2;192;197;206m{[K
[0m[K
Updating: [38;5;141msrc/ljmm.rs[0m
[38;5;244m - Completed in 0.0s[0m

[?25l[0m[38;5;141m> [0mNow I need to make [38;5;10mfind_best_fit[0m testable. It takes a [38;5;10m&LjmmState[0m which is private. I need to either make [38;5;10mLjmmState[0m public or provide a public wrapper. Looking at the C test approach: it uses [38;5;10mljmm_test_set_test_param[0m to set up state, then calls [38;5;10mfind_best_fit[0m through [38;5;10mmmap[0m. In Rust, I can expose [38;5;10mfind_best_fit[0m publicly and make [38;5;10mLjmmState[0m public too, or I can create a public test helper that calls [38;5;10mfind_best_fit[0m using the global state.[0m[0m
[0m[0m
Let me take the simpler approach — make [38;5;10mfind_best_fit[0m work through the global state like the C code does, and expose a public wrapper:[0m[0m
[?25l[0m[0mReading file: [38;5;141m/tmp/harvest-crust-verify-8F9l3t/project/src/ljmm.rs[0m, from line [38;5;141m60[0m to [38;5;141m70[0m[38;5;244m (using tool: read)[0m
[38;5;10m ✓ [0mSuccessfully read [38;5;244m293 bytes[0m from /tmp/harvest-crust-verify-8F9l3t/project/src/ljmm.rs
[38;5;244m - Completed in 0.0s[0m

[?25l[0m[38;5;141m> [0mI'll add a public wrapper that uses the global state, matching how the C code works:[0m[0m
[?25l[0m[0mReading file: [38;5;141m/tmp/harvest-crust-verify-8F9l3t/project/src/ljmm.rs[0m, from line [38;5;141m185[0m to [38;5;141m205[0m[38;5;244m (using tool: read)[0m
[38;5;10m ✓ [0mSuccessfully read [38;5;244m709 bytes[0m from /tmp/harvest-crust-verify-8F9l3t/project/src/ljmm.rs
[38;5;244m - Completed in 0.0s[0m

[?25l[0m[?25l[0m[0mI'll append content to file: [38;5;141msrc/ljmm.rs[0m[38;5;244m (using tool: write)[0m
Purpose: Add public wrapper for find_best_fit that uses global state, matching C test pattern

[48;2;40;67;43m[39m+    205[0m:[39m[48;2;24;38;30m [K
[0m[48;2;40;67;43m[39m+    206[0m:[39m[48;2;24;38;30m [38;2;180;142;173mpub[38;2;192;197;206m [38;2;180;142;173mfn[38;2;192;197;206m [38;2;143;161;179mljmm_find_best_fit[38;2;192;197;206m([38;2;191;97;106mlength[38;2;192;197;206m:[38;2;192;197;206m [38;2;180;142;173musize[38;2;192;197;206m)[38;2;192;197;206m [38;2;192;197;206m->[38;2;192;197;206m [38;2;180;142;173musize[38;2;192;197;206m [38;2;192;197;206m{[K
[0m[48;2;40;67;43m[39m+    207[0m:[39m[48;2;24;38;30m [38;2;192;197;206m    [38;2;180;142;173mlet[38;2;192;197;206m guard [38;2;192;197;206m=[38;2;192;197;206m [38;2;208;135;112mLJMM[38;2;192;197;206m.[38;2;150;181;180mlock[38;2;192;197;206m([38;2;192;197;206m)[38;2;192;197;206m.[38;2;150;181;180munwrap[38;2;192;197;206m([38;2;192;197;206m)[38;2;192;197;206m;[K
[0m[48;2;40;67;43m[39m+    208[0m:[39m[48;2;24;38;30m [38;2;192;197;206m    [38;2;180;142;173mif[38;2;192;197;206m [38;2;180;142;173mlet[38;2;192;197;206m [38;2;192;197;206mSome[38;2;192;197;206m([38;2;180;142;173mref[38;2;192;197;206m state[38;2;192;197;206m)[38;2;192;197;206m [38;2;192;197;206m=[38;2;192;197;206m [38;2;192;197;206m*[38;2;192;197;206mguard [38;2;192;197;206m{[K
[0m[48;2;40;67;43m[39m+    209[0m:[39m[48;2;24;38;30m [38;2;192;197;206m        [38;2;150;181;180mfind_best_fit[38;2;192;197;206m([38;2;192;197;206mstate[38;2;192;197;206m,[38;2;192;197;206m length[38;2;192;197;206m)[K
[0m[48;2;40;67;43m[39m+    210[0m:[39m[48;2;24;38;30m [38;2;192;197;206m    [38;2;192;197;206m}[38;2;192;197;206m [38;2;180;142;173melse[38;2;192;197;206m [38;2;192;197;206m{[K
[0m[48;2;40;67;43m[39m+    211[0m:[39m[48;2;24;38;30m [38;2;192;197;206m        [38;2;208;135;112m0[K
[0m[48;2;40;67;43m[39m+    212[0m:[39m[48;2;24;38;30m [38;2;192;197;206m    [38;2;192;197;206m}[K
[0m[48;2;40;67;43m[39m+    213[0m:[39m[48;2;24;38;30m [38;2;192;197;206m}[K
[0m[K
Appending to: [38;5;141msrc/ljmm.rs[0m
[38;5;244m - Completed in 0.0s[0m

[?25l[0m[38;5;141m> [0mNow create the [38;5;10msrc/bin/[0m directory and test files. The Cargo.toml already defines [38;5;10mtest_001[0m and [38;5;10mtest_002[0m:[0m[0m
[?25l[0m[0mI will run the following command: [38;5;141mmkdir -p /tmp/harvest-crust-verify-8F9l3t/project/src/bin[0m[38;5;244m (using tool: shell)[0m
Purpose: Create src/bin directory for test files

[38;5;244m - Completed in 0.4s[0m

[?25l[0m[38;5;141m> [0mNow I need to figure out the test input file paths relative to where [38;5;10mcargo test[0m runs. The C code uses [38;5;10mtest_input/input_001_001.txt[0m relative to [38;5;10mc_src/test/[0m. The Rust code reads [38;5;10mmap_file[0m as a path. Let me check where cargo test runs from:[0m[0m
[?25l[0m[0mI will run the following command: [38;5;141mcd /tmp/harvest-crust-verify-8F9l3t/project && pwd[0m[38;5;244m (using tool: shell)[0m
Purpose: Check project root directory

/tmp/harvest-crust-verify-8F9l3t/project
[38;5;244m - Completed in 0.3s[0m

[?25l[0m[38;5;141m> [0mCargo test runs from the project root. The test input files are at [38;5;10mc_src/test/test_input/[0m. Now let me create the test files:[0m[0m
[?25l[0m[0mI'll create the following file: [38;5;141m/tmp/harvest-crust-verify-8F9l3t/project/src/bin/test_001.rs[0m[38;5;244m (using tool: write)[0m
Purpose: Create test_001.rs testing parse_addr and page_align_addr with ground truth values

[48;2;40;67;43m[39m+      1[0m:[39m[48;2;24;38;30m [38;2;180;142;173muse[38;2;192;197;206m [38;2;192;197;206mljmm[38;2;192;197;206m::[38;2;192;197;206mljmm[38;2;192;197;206m;[K
[0m[48;2;40;67;43m[39m+      2[0m:[39m[48;2;24;38;30m [K
[0m[48;2;40;67;43m[39m+      3[0m:[39m[48;2;24;38;30m [38;2;192;197;206m#[38;2;192;197;206m[[38;2;191;97;106mtest[38;2;192;197;206m][K
[0m[48;2;40;67;43m[39m+      4[0m:[39m[48;2;24;38;30m [38;2;180;142;173mfn[38;2;192;197;206m [38;2;143;161;179mtest_parse_addr_hex_lower[38;2;192;197;206m([38;2;192;197;206m)[38;2;192;197;206m [38;2;192;197;206m{[K
[0m[48;2;40;67;43m[39m+      5[0m:[39m[48;2;24;38;30m [38;2;192;197;206m    [38;2;180;142;173mlet[38;2;192;197;206m [38;2;192;197;206m([38;2;192;197;206mval[38;2;192;197;206m,[38;2;192;197;206m len[38;2;192;197;206m)[38;2;192;197;206m [38;2;192;197;206m=[38;2;192;197;206m [38;2;192;197;206mljmm[38;2;192;197;206m::[38;2;192;197;206mparse_addr[38;2;192;197;206m([38;2;180;142;173mb[38;2;192;197;206m"[38;2;163;190;140m00400000-[38;2;192;197;206m"[38;2;192;197;206m)[38;2;192;197;206m;[K
[0m[48;2;40;67;43m[39m+      6[0m:[39m[48;2;24;38;30m [38;2;192;197;206m    [38;2;192;197;206massert_eq![38;2;192;197;206m([38;2;192;197;206mval[38;2;192;197;206m,[38;2;192;197;206m [38;2;208;135;112m0x400000[38;2;192;197;206m)[38;2;192;197;206m;[K
[0m[48;2;40;67;43m[39m+      7[0m:[39m[48;2;24;38;30m [38;2;192;197;206m    [38;2;192;197;206massert_eq![38;2;192;197;206m([38;2;192;197;206mlen[38;2;192;197;206m,[38;2;192;197;206m [38;2;208;135;112m8[38;2;192;197;206m)[38;2;192;197;206m;[K
[0m[48;2;40;67;43m[39m+      8[0m:[39m[48;2;24;38;30m [38;2;192;197;206m}[K
[0m[48;2;40;67;43m[39m+      9[0m:[39m[48;2;24;38;30m [K
[0m[48;2;40;67;43m[39m+     10[0m:[39m[48;2;24;38;30m [38;2;192;197;206m#[38;2;192;197;206m[[38;2;191;97;106mtest[38;2;192;197;206m][K
[0m[48;2;40;67;43m[39m+     11[0m:[39m[48;2;24;38;30m [38;2;180;142;173mfn[38;2;192;197;206m [38;2;143;161;179mtest_parse_addr_hex_618[38;2;192;197;206m([38;2;192;197;206m)[38;2;192;197;206m [38;2;192;197;206m{[K
[0m[48;2;40;67;43m[39m+     12[0m:[39m[48;2;24;38;30m [38;2;192;197;206m    [38;2;180;142;173mlet[38;2;192;197;206m [38;2;192;197;206m([38;2;192;197;206mval[38;2;192;197;206m,[38;2;192;197;206m len[38;2;192;197;206m)[38;2;192;197;206m [38;2;192;197;206m=[38;2;192;197;206m [38;2;192;197;206mljmm[38;2;192;197;206m::[38;2;192;197;206mparse_addr[38;2;192;197;206m([38;2;180;142;173mb[38;2;192;197;206m"[38;2;163;190;140m00618000-[38;2;192;197;206m"[38;2;192;197;206m)[38;2;192;197;206m;[K
[0m[48;2;40;67;43m[39m+     13[0m:[39m[48;2;24;38;30m [38;2;192;197;206m    [38;2;192;197;206massert_eq![38;2;192;197;206m([38;2;192;197;206mval[38;2;192;197;206m,[38;2;192;197;206m [38;2;208;135;112m0x618000[38;2;192;197;206m)[38;2;192;197;206m;[K
[0m[48;2;40;67;43m[39m+     14[0m:[39m[48;2;24;38;30m [38;2;192;197;206m    [38;2;192;197;206massert_eq![38;2;192;197;206m([38;2;192;197;206mlen[38;2;192;197;206m,[38;2;192;197;206m [38;2;208;135;112m8[38;2;192;197;206m)[38;2;192;197;206m;[K
[0m[48;2;40;67;43m[39m+     15[0m:[39m[48;2;24;38;30m [38;2;192;197;206m}[K
[0m[48;2;40;67;43m[39m+     16[0m:[39m[48;2;24;38;30m [K
[0m[48;2;40;67;43m[39m+     17[0m:[39m[48;2;24;38;30m [38;2;192;197;206m#[38;2;192;197;206m[[38;2;191;97;106mtest[38;2;192;197;206m][K
[0m[48;2;40;67;43m[39m+     18[0m:[39m[48;2;24;38;30m [38;2;180;142;173mfn[38;2;192;197;206m [38;2;143;161;179mtest_parse_addr_long[38;2;192;197;206m([38;2;192;197;206m)[38;2;192;197;206m [38;2;192;197;206m{[K
[0m[48;2;40;67;43m[39m+     19[0m:[39m[48;2;24;38;30m [38;2;192;197;206m    [38;2;180;142;173mlet[38;2;192;197;206m [38;2;192;197;206m([38;2;192;197;206mval[38;2;192;197;206m,[38;2;192;197;206m len[38;2;192;197;206m)[38;2;192;197;206m [38;2;192;197;206m=[38;2;192;197;206m [38;2;192;197;206mljmm[38;2;192;197;206m::[38;2;192;197;206mparse_addr[38;2;192;197;206m([38;2;180;142;173mb[38;2;192;197;206m"[38;2;163;190;140m7f2b4b200000-[38;2;192;197;206m"[38;2;192;197;206m)[38;2;192;197;206m;[K
[0m[48;2;40;67;43m[39m+     20[0m:[39m[48;2;24;38;30m [38;2;192;197;206m    [38;2;192;197;206massert_eq![38;2;192;197;206m([38;2;192;197;206mval[38;2;192;197;206m,[38;2;192;197;206m [38;2;208;135;112m0x7f2b4b200000[38;2;192;197;206m)[38;2;192;197;206m;[K
[0m[48;2;40;67;43m[39m+     21[0m:[39m[48;2;24;38;30m [38;2;192;197;206m    [38;2;192;197;206massert_eq![38;2;192;197;206m([38;2;192;197;206mlen[38;2;192;197;206m,[38;2;192;197;206m [38;2;208;135;112m12[38;2;192;197;206m)[38;2;192;197;206m;[K
[0m[48;2;40;67;43m[39m+     22[0m:[39m[48;2;24;38;30m [38;2;192;197;206m}[K
[0m[48;2;40;67;43m[39m+     23[0m:[39m[48;2;24;38;30m [K
[0m[48;2;40;67;43m[39m+     24[0m:[39m[48;2;24;38;30m [38;2;192;197;206m#[38;2;192;197;206m[[38;2;191;97;106mtest[38;2;192;197;206m][K
[0m[48;2;40;67;43m[39m+     25[0m:[39m[48;2;24;38;30m [38;2;180;142;173mfn[38;2;192;197;206m [38;2;143;161;179mtest_parse_addr_uppercase[38;2;192;197;206m([38;2;192;197;206m)[38;2;192;197;206m [38;2;192;197;206m{[K
[0m[48;2;40;67;43m[39m+     26[0m:[39m[48;2;24;38;30m [38;2;192;197;206m    [38;2;180;142;173mlet[38;2;192;197;206m [38;2;192;197;206m([38;2;192;197;206mval[38;2;192;197;206m,[38;2;192;197;206m len[38;2;192;197;206m)[38;2;192;197;206m [38;2;192;197;206m=[38;2;192;197;206m [38;2;192;197;206mljmm[38;2;192;197;206m::[38;2;192;197;206mparse_addr[38;2;192;197;206m([38;2;180;142;173mb[38;2;192;197;206m"[38;2;163;190;140mDEADBEEF [38;2;192;197;206m"[38;2;192;197;206m)[38;2;192;197;206m;[K
[0m[48;2;40;67;43m[39m+     27[0m:[39m[48;2;24;38;30m [38;2;192;197;206m    [38;2;192;197;206massert_eq![38;2;192;197;206m([38;2;192;197;206mval[38;2;192;197;206m,[38;2;192;197;206m [38;2;208;135;112m0xdeadbeef[38;2;192;197;206m)[38;2;192;197;206m;[K
[0m[48;2;40;67;43m[39m+     28[0m:[39m[48;2;24;38;30m [38;2;192;197;206m    [38;2;192;197;206massert_eq![38;2;192;197;206m([38;2;192;197;206mlen[38;2;192;197;206m,[38;2;192;197;206m [38;2;208;135;112m8[38;2;192;197;206m)[38;2;192;197;206m;[K
[0m[48;2;40;67;43m[39m+     29[0m:[39m[48;2;24;38;30m [38;2;192;197;206m}[K
[0m[48;2;40;67;43m[39m+     30[0m:[39m[48;2;24;38;30m [K
[0m[48;2;40;67;43m[39m+     31[0m:[39m[48;2;24;38;30m [38;2;192;197;206m#[38;2;192;197;206m[[38;2;191;97;106mtest[38;2;192;197;206m][K
[0m[48;2;40;67;43m[39m+     32[0m:[39m[48;2;24;38;30m [38;2;180;142;173mfn[38;2;192;197;206m [38;2;143;161;179mtest_parse_addr_zero[38;2;192;197;206m([38;2;192;197;206m)[38;2;192;197;206m [38;2;192;197;206m{[K
[0m[48;2;40;67;43m[39m+     33[0m:[39m[48;2;24;38;30m [38;2;192;197;206m    [38;2;180;142;173mlet[38;2;192;197;206m [38;2;192;197;206m([38;2;192;197;206mval[38;2;192;197;206m,[38;2;192;197;206m len[38;2;192;197;206m)[38;2;192;197;206m [38;2;192;197;206m=[38;2;192;197;206m [38;2;192;197;206mljmm[38;2;192;197;206m::[38;2;192;197;206mparse_addr[38;2;192;197;206m([38;2;180;142;173mb[38;2;192;197;206m"[38;2;163;190;140m0 [38;2;192;197;206m"[38;2;192;197;206m)[38;2;192;197;206m;[K
[0m[48;2;40;67;43m[39m+     34[0m:[39m[48;2;24;38;30m [38;2;192;197;206m    [38;2;192;197;206massert_eq![38;2;192;197;206m([38;2;192;197;206mval[38;2;192;197;206m,[38;2;192;197;206m [38;2;208;135;112m0x0[38;2;192;197;206m)[38;2;192;197;206m;[K
[0m[48;2;40;67;43m[39m+     35[0m:[39m[48;2;24;38;30m [38;2;192;197;206m    [38;2;192;197;206massert_eq![38;2;192;197;206m([38;2;192;197;206mlen[38;2;192;197;206m,[38;2;192;197;206m [38;2;208;135;112m1[38;2;192;197;206m)[38;2;192;197;206m;[K
[0m[48;2;40;67;43m[39m+     36[0m:[39m[48;2;24;38;30m [38;2;192;197;206m}[K
[0m[48;2;40;67;43m[39m+     37[0m:[39m[48;2;24;38;30m [K
[0m[48;2;40;67;43m[39m+     38[0m:[39m[48;2;24;38;30m [38;2;192;197;206m#[38;2;192;197;206m[[38;2;191;97;106mtest[38;2;192;197;206m][K
[0m[48;2;40;67;43m[39m+     39[0m:[39m[48;2;24;38;30m [38;2;180;142;173mfn[38;2;192;197;206m [38;2;143;161;179mtest_parse_addr_lowercase_af[38;2;192;197;206m([38;2;192;197;206m)[38;2;192;197;206m [38;2;192;197;206m{[K
[0m[48;2;40;67;43m[39m+     40[0m:[39m[48;2;24;38;30m [38;2;192;197;206m    [38;2;180;142;173mlet[38;2;192;197;206m [38;2;192;197;206m([38;2;192;197;206mval[38;2;192;197;206m,[38;2;192;197;206m len[38;2;192;197;206m)[38;2;192;197;206m [38;2;192;197;206m=[38;2;192;197;206m [38;2;192;197;206mljmm[38;2;192;197;206m::[38;2;192;197;206mparse_addr[38;2;192;197;206m([38;2;180;142;173mb[38;2;192;197;206m"[38;2;163;190;140mabcdef01-[38;2;192;197;206m"[38;2;192;197;206m)[38;2;192;197;206m;[K
[0m[48;2;40;67;43m[39m+     41[0m:[39m[48;2;24;38;30m [38;2;192;197;206m    [38;2;192;197;206massert_eq![38;2;192;197;206m([38;2;192;197;206mval[38;2;192;197;206m,[38;2;192;197;206m [38;2;208;135;112m0xabcdef01[38;2;192;197;206m)[38;2;192;197;206m;[K
[0m[48;2;40;67;43m[39m+     42[0m:[39m[48;2;24;38;30m [38;2;192;197;206m    [38;2;192;197;206massert_eq![38;2;192;197;206m([38;2;192;197;206mlen[38;2;192;197;206m,[38;2;192;197;206m [38;2;208;135;112m8[38;2;192;197;206m)[38;2;192;197;206m;[K
[0m[48;2;40;67;43m[39m+     43[0m:[39m[48;2;24;38;30m [38;2;192;197;206m}[K
[0m[48;2;40;67;43m[39m+     44[0m:[39m[48;2;24;38;30m [K
[0m[48;2;40;67;43m[39m+     45[0m:[39m[48;2;24;38;30m [38;2;192;197;206m#[38;2;192;197;206m[[38;2;191;97;106mtest[38;2;192;197;206m][K
[0m[48;2;40;67;43m[39m+     46[0m:[39m[48;2;24;38;30m [38;2;180;142;173mfn[38;2;192;197;206m [38;2;143;161;179mtest_parse_addr_empty[38;2;192;197;206m([38;2;192;197;206m)[38;2;192;197;206m [38;2;192;197;206m{[K
[0m[48;2;40;67;43m[39m+     47[0m:[39m[48;2;24;38;30m [38;2;192;197;206m    [38;2;180;142;173mlet[38;2;192;197;206m [38;2;192;197;206m([38;2;192;197;206mval[38;2;192;197;206m,[38;2;192;197;206m len[38;2;192;197;206m)[38;2;192;197;206m [38;2;192;197;206m=[38;2;192;197;206m [38;2;192;197;206mljmm[38;2;192;197;206m::[38;2;192;197;206mparse_addr[38;2;192;197;206m([38;2;180;142;173mb[38;2;192;197;206m"[38;2;192;197;206m"[38;2;192;197;206m)[38;2;192;197;206m;[K
[0m[48;2;40;67;43m[39m+     48[0m:[39m[48;2;24;38;30m [38;2;192;197;206m    [38;2;192;197;206massert_eq![38;2;192;197;206m([38;2;192;197;206mval[38;2;192;197;206m,[38;2;192;197;206m [38;2;208;135;112m0x0[38;2;192;197;206m)[38;2;192;197;206m;[K
[0m[48;2;40;67;43m[39m+     49[0m:[39m[48;2;24;38;30m [38;2;192;197;206m    [38;2;192;197;206massert_eq![38;2;192;197;206m([38;2;192;197;206mlen[38;2;192;197;206m,[38;2;192;197;206m [38;2;208;135;112m0[38;2;192;197;206m)[38;2;192;197;206m;[K
[0m[48;2;40;67;43m[39m+     50[0m:[39m[48;2;24;38;30m [38;2;192;197;206m}[K
[0m[48;2;40;67;43m[39m+     51[0m:[39m[48;2;24;38;30m [K
[0m[48;2;40;67;43m[39m+     52[0m:[39m[48;2;24;38;30m [38;2;192;197;206m#[38;2;192;197;206m[[38;2;191;97;106mtest[38;2;192;197;206m][K
[0m[48;2;40;67;43m[39m+     53[0m:[39m[48;2;24;38;30m [38;2;180;142;173mfn[38;2;192;197;206m [38;2;143;161;179mtest_page_align_zero[38;2;192;197;206m([38;2;192;197;206m)[38;2;192;197;206m [38;2;192;197;206m{[K
[0m[48;2;40;67;43m[39m+     54[0m:[39m[48;2;24;38;30m [38;2;192;197;206m    [38;2;192;197;206massert_eq![38;2;192;197;206m([38;2;192;197;206mljmm[38;2;192;197;206m::[38;2;192;197;206mpage_align_addr[38;2;192;197;206m([38;2;208;135;112m0[38;2;192;197;206m,[38;2;192;197;206m [38;2;208;135;112m4096[38;2;192;197;206m,[38;2;192;197;206m [38;2;208;135;112m4095[38;2;192;197;206m)[38;2;192;197;206m,[38;2;192;197;206m [38;2;208;135;112m0[38;2;192;197;206m)[38;2;192;197;206m;[K
[0m[48;2;40;67;43m[39m+     55[0m:[39m[48;2;24;38;30m [38;2;192;197;206m}[K
[0m[48;2;40;67;43m[39m+     56[0m:[39m[48;2;24;38;30m [K
[0m[48;2;40;67;43m[39m+     57[0m:[39m[48;2;24;38;30m [38;2;192;197;206m#[38;2;192;197;206m[[38;2;191;97;106mtest[38;2;192;197;206m][K
[0m[48;2;40;67;43m[39m+     58[0m:[39m[48;2;24;38;30m [38;2;180;142;173mfn[38;2;192;197;206m [38;2;143;161;179mtest_page_align_one[38;2;192;197;206m([38;2;192;197;206m)[38;2;192;197;206m [38;2;192;197;206m{[K
[0m[48;2;40;67;43m[39m+     59[0m:[39m[48;2;24;38;30m [38;2;192;197;206m    [38;2;192;197;206massert_eq![38;2;192;197;206m([38;2;192;197;206mljmm[38;2;192;197;206m::[38;2;192;197;206mpage_align_addr[38;2;192;197;206m([38;2;208;135;112m1[38;2;192;197;206m,[38;2;192;197;206m [38;2;208;135;112m4096[38;2;192;197;206m,[38;2;192;197;206m [38;2;208;135;112m4095[38;2;192;197;206m)[38;2;192;197;206m,[38;2;192;197;206m [38;2;208;135;112m0x1000[38;2;192;197;206m)[38;2;192;197;206m;[K
[0m[48;2;40;67;43m[39m+     60[0m:[39m[48;2;24;38;30m [38;2;192;197;206m}[K
[0m[48;2;40;67;43m[39m+     61[0m:[39m[48;2;24;38;30m [K
[0m[48;2;40;67;43m[39m+     62[0m:[39m[48;2;24;38;30m [38;2;192;197;206m#[38;2;192;197;206m[[38;2;191;97;106mtest[38;2;192;197;206m][K
[0m[48;2;40;67;43m[39m+     63[0m:[39m[48;2;24;38;30m [38;2;180;142;173mfn[38;2;192;197;206m [38;2;143;161;179mtest_page_align_just_below_page[38;2;192;197;206m([38;2;192;197;206m)[38;2;192;197;206m [38;2;192;197;206m{[K
[0m[48;2;40;67;43m[39m+     64[0m:[39m[48;2;24;38;30m [38;2;192;197;206m    [38;2;192;197;206massert_eq![38;2;192;197;206m([38;2;192;197;206mljmm[38;2;192;197;206m::[38;2;192;197;206mpage_align_addr[38;2;192;197;206m([38;2;208;135;112m0xfff[38;2;192;197;206m,[38;2;192;197;206m [38;2;208;135;112m4096[38;2;192;197;206m,[38;2;192;197;206m [38;2;208;135;112m4095[38;2;192;197;206m)[38;2;192;197;206m,[38;2;192;197;206m [38;2;208;135;112m0x1000[38;2;192;197;206m)[38;2;192;197;206m;[K
[0m[48;2;40;67;43m[39m+     65[0m:[39m[48;2;24;38;30m [38;2;192;197;206m}[K
[0m[48;2;40;67;43m[39m+     66[0m:[39m[48;2;24;38;30m [K
[0m[48;2;40;67;43m[39m+     67[0m:[39m[48;2;24;38;30m [38;2;192;197;206m#[38;2;192;197;206m[[38;2;191;97;106mtest[38;2;192;197;206m][K
[0m[48;2;40;67;43m[39m+     68[0m:[39m[48;2;24;38;30m [38;2;180;142;173mfn[38;2;192;197;206m [38;2;143;161;179mtest_page_align_exact_page[38;2;192;197;206m([38;2;192;197;206m)[38;2;192;197;206m [38;2;192;197;206m{[K
[0m[48;2;40;67;43m[39m+     69[0m:[39m[48;2;24;38;30m [38;2;192;197;206m    [38;2;192;197;206massert_eq![38;2;192;197;206m([38;2;192;197;206mljmm[38;2;192;197;206m::[38;2;192;197;206mpage_align_addr[38;2;192;197;206m([38;2;208;135;112m0x1000[38;2;192;197;206m,[38;2;192;197;206m [38;2;208;135;112m4096[38;2;192;197;206m,[38;2;192;197;206m [38;2;208;135;112m4095[38;2;192;197;206m)[38;2;192;197;206m,[38;2;192;197;206m [38;2;208;135;112m0x1000[38;2;192;197;206m)[38;2;192;197;206m;[K
[0m[48;2;40;67;43m[39m+     70[0m:[39m[48;2;24;38;30m [38;2;192;197;206m}[K
[0m[48;2;40;67;43m[39m+     71[0m:[39m[48;2;24;38;30m [K
[0m[48;2;40;67;43m[39m+     72[0m:[39m[48;2;24;38;30m [38;2;192;197;206m#[38;2;192;197;206m[[38;2;191;97;106mtest[38;2;192;197;206m][K
[0m[48;2;40;67;43m[39m+     73[0m:[39m[48;2;24;38;30m [38;2;180;142;173mfn[38;2;192;197;206m [38;2;143;161;179mtest_page_align_one_over[38;2;192;197;206m([38;2;192;197;206m)[38;2;192;197;206m [38;2;192;197;206m{[K
[0m[48;2;40;67;43m[39m+     74[0m:[39m[48;2;24;38;30m [38;2;192;197;206m    [38;2;192;197;206massert_eq![38;2;192;197;206m([38;2;192;197;206mljmm[38;2;192;197;206m::[38;2;192;197;206mpage_align_addr[38;2;192;197;206m([38;2;208;135;112m0x1001[38;2;192;197;206m,[38;2;192;197;206m [38;2;208;135;112m4096[38;2;192;197;206m,[38;2;192;197;206m [38;2;208;135;112m4095[38;2;192;197;206m)[38;2;192;197;206m,[38;2;192;197;206m [38;2;208;135;112m0x2000[38;2;192;197;206m)[38;2;192;197;206m;[K
[0m[48;2;40;67;43m[39m+     75[0m:[39m[48;2;24;38;30m [38;2;192;197;206m}[K
[0m[48;2;40;67;43m[39m+     76[0m:[39m[48;2;24;38;30m [K
[0m[48;2;40;67;43m[39m+     77[0m:[39m[48;2;24;38;30m [38;2;192;197;206m#[38;2;192;197;206m[[38;2;191;97;106mtest[38;2;192;197;206m][K
[0m[48;2;40;67;43m[39m+     78[0m:[39m[48;2;24;38;30m [38;2;180;142;173mfn[38;2;192;197;206m [38;2;143;161;179mtest_page_align_two_pages_minus_one[38;2;192;197;206m([38;2;192;197;206m)[38;2;192;197;206m [38;2;192;197;206m{[K
[0m[48;2;40;67;43m[39m+     79[0m:[39m[48;2;24;38;30m [38;2;192;197;206m    [38;2;192;197;206massert_eq![38;2;192;197;206m([38;2;192;197;206mljmm[38;2;192;197;206m::[38;2;192;197;206mpage_align_addr[38;2;192;197;206m([38;2;208;135;112m0x1fff[38;2;192;197;206m,[38;2;192;197;206m [38;2;208;135;112m4096[38;2;192;197;206m,[38;2;192;197;206m [38;2;208;135;112m4095[38;2;192;197;206m)[38;2;192;197;206m,[38;2;192;197;206m [38;2;208;135;112m0x2000[38;2;192;197;206m)[38;2;192;197;206m;[K
[0m[48;2;40;67;43m[39m+     80[0m:[39m[48;2;24;38;30m [38;2;192;197;206m}[K
[0m[48;2;40;67;43m[39m+     81[0m:[39m[48;2;24;38;30m [K
[0m[48;2;40;67;43m[39m+     82[0m:[39m[48;2;24;38;30m [38;2;192;197;206m#[38;2;192;197;206m[[38;2;191;97;106mtest[38;2;192;197;206m][K
[0m[48;2;40;67;43m[39m+     83[0m:[39m[48;2;24;38;30m [38;2;180;142;173mfn[38;2;192;197;206m [38;2;143;161;179mtest_page_align_two_pages[38;2;192;197;206m([38;2;192;197;206m)[38;2;192;197;206m [38;2;192;197;206m{[K
[0m[48;2;40;67;43m[39m+     84[0m:[39m[48;2;24;38;30m [38;2;192;197;206m    [38;2;192;197;206massert_eq![38;2;192;197;206m([38;2;192;197;206mljmm[38;2;192;197;206m::[38;2;192;197;206mpage_align_addr[38;2;192;197;206m([38;2;208;135;112m0x2000[38;2;192;197;206m,[38;2;192;197;206m [38;2;208;135;112m4096[38;2;192;197;206m,[38;2;192;197;206m [38;2;208;135;112m4095[38;2;192;197;206m)[38;2;192;197;206m,[38;2;192;197;206m [38;2;208;135;112m0x2000[38;2;192;197;206m)[38;2;192;197;206m;[K
[0m[48;2;40;67;43m[39m+     85[0m:[39m[48;2;24;38;30m [38;2;192;197;206m}[K
[0m[48;2;40;67;43m[39m+     86[0m:[39m[48;2;24;38;30m [K
[0m[48;2;40;67;43m[39m+     87[0m:[39m[48;2;24;38;30m [38;2;192;197;206m#[38;2;192;197;206m[[38;2;191;97;106mtest[38;2;192;197;206m][K
[0m[48;2;40;67;43m[39m+     88[0m:[39m[48;2;24;38;30m [38;2;180;142;173mfn[38;2;192;197;206m [38;2;143;161;179mtest_page_align_already_aligned[38;2;192;197;206m([38;2;192;197;206m)[38;2;192;197;206m [38;2;192;197;206m{[K
[0m[48;2;40;67;43m[39m+     89[0m:[39m[48;2;24;38;30m [38;2;192;197;206m    [38;2;192;197;206massert_eq![38;2;192;197;206m([38;2;192;197;206mljmm[38;2;192;197;206m::[38;2;192;197;206mpage_align_addr[38;2;192;197;206m([38;2;208;135;112m0x619000[38;2;192;197;206m,[38;2;192;197;206m [38;2;208;135;112m4096[38;2;192;197;206m,[38;2;192;197;206m [38;2;208;135;112m4095[38;2;192;197;206m)[38;2;192;197;206m,[38;2;192;197;206m [38;2;208;135;112m0x619000[38;2;192;197;206m)[38;2;192;197;206m;[K
[0m[48;2;40;67;43m[39m+     90[0m:[39m[48;2;24;38;30m [38;2;192;197;206m}[K
[0m[48;2;40;67;43m[39m+     91[0m:[39m[48;2;24;38;30m [K
[0m[48;2;40;67;43m[39m+     92[0m:[39m[48;2;24;38;30m [38;2;192;197;206m#[38;2;192;197;206m[[38;2;191;97;106mtest[38;2;192;197;206m][K
[0m[48;2;40;67;43m[39m+     93[0m:[39m[48;2;24;38;30m [38;2;180;142;173mfn[38;2;192;197;206m [38;2;143;161;179mtest_page_align_32k_minus_1[38;2;192;197;206m([38;2;192;197;206m)[38;2;192;197;206m [38;2;192;197;206m{[K
[0m[48;2;40;67;43m[39m+     94[0m:[39m[48;2;24;38;30m [38;2;192;197;206m    [38;2;192;197;206massert_eq![38;2;192;197;206m([38;2;192;197;206mljmm[38;2;192;197;206m::[38;2;192;197;206mpage_align_addr[38;2;192;197;206m([38;2;208;135;112m0x7fff[38;2;192;197;206m,[38;2;192;197;206m [38;2;208;135;112m4096[38;2;192;197;206m,[38;2;192;197;206m [38;2;208;135;112m4095[38;2;192;197;206m)[38;2;192;197;206m,[38;2;192;197;206m [38;2;208;135;112m0x8000[38;2;192;197;206m)[38;2;192;197;206m;[K
[0m[48;2;40;67;43m[39m+     95[0m:[39m[48;2;24;38;30m [38;2;192;197;206m}[K
[0m[48;2;40;67;43m[39m+     96[0m:[39m[48;2;24;38;30m [K
[0m[48;2;40;67;43m[39m+     97[0m:[39m[48;2;24;38;30m [38;2;192;197;206m#[38;2;192;197;206m[[38;2;191;97;106mtest[38;2;192;197;206m][K
[0m[48;2;40;67;43m[39m+     98[0m:[39m[48;2;24;38;30m [38;2;180;142;173mfn[38;2;192;197;206m [38;2;143;161;179mtest_page_align_32k[38;2;192;197;206m([38;2;192;197;206m)[38;2;192;197;206m [38;2;192;197;206m{[K
[0m[48;2;40;67;43m[39m+     99[0m:[39m[48;2;24;38;30m [38;2;192;197;206m    [38;2;192;197;206massert_eq![38;2;192;197;206m([38;2;192;197;206mljmm[38;2;192;197;206m::[38;2;192;197;206mpage_align_addr[38;2;192;197;206m([38;2;208;135;112m0x8000[38;2;192;197;206m,[38;2;192;197;206m [38;2;208;135;112m4096[38;2;192;197;206m,[38;2;192;197;206m [38;2;208;135;112m4095[38;2;192;197;206m)[38;2;192;197;206m,[38;2;192;197;206m [38;2;208;135;112m0x8000[38;2;192;197;206m)[38;2;192;197;206m;[K
[0m[48;2;40;67;43m[39m+    100[0m:[39m[48;2;24;38;30m [38;2;192;197;206m}[K
[0m[48;2;40;67;43m[39m+    101[0m:[39m[48;2;24;38;30m [K
[0m[48;2;40;67;43m[39m+    102[0m:[39m[48;2;24;38;30m [38;2;180;142;173mfn[38;2;192;197;206m [38;2;143;161;179mmain[38;2;192;197;206m([38;2;192;197;206m)[38;2;192;197;206m [38;2;192;197;206m{[38;2;192;197;206m}[K
[0m[K
Creating: [38;5;141m/tmp/harvest-crust-verify-8F9l3t/project/src/bin/test_001.rs[0m
[38;5;244m - Completed in 0.0s[0m

[?25l[0m[38;5;141m> [0mNow create test_002 for [38;5;10mfind_best_fit[0m and the public API functions. Since tests share a global mutex, I need to be careful about test ordering. I'll use a single test function for find_best_fit to avoid mutex contention:[0m[0m
[?25l[0m[0mI'll create the following file: [38;5;141m/tmp/harvest-crust-verify-8F9l3t/project/src/bin/test_002.rs[0m[38;5;244m (using tool: write)[0m
Purpose: Create test_002.rs testing find_best_fit and public API functions with ground truth values

[48;2;40;67;43m[39m+     1[0m:[39m[48;2;24;38;30m [38;2;180;142;173muse[38;2;192;197;206m [38;2;192;197;206mljmm[38;2;192;197;206m::[38;2;192;197;206mljmm[38;2;192;197;206m;[K
[0m[48;2;40;67;43m[39m+     2[0m:[39m[48;2;24;38;30m [K
[0m[48;2;40;67;43m[39m+     3[0m:[39m[48;2;24;38;30m [38;2;192;197;206m#[38;2;192;197;206m[[38;2;191;97;106mtest[38;2;192;197;206m][K
[0m[48;2;40;67;43m[39m+     4[0m:[39m[48;2;24;38;30m [38;2;180;142;173mfn[38;2;192;197;206m [38;2;143;161;179mtest_ljmm_init[38;2;192;197;206m([38;2;192;197;206m)[38;2;192;197;206m [38;2;192;197;206m{[K
[0m[48;2;40;67;43m[39m+     5[0m:[39m[48;2;24;38;30m [38;2;192;197;206m    [38;2;180;142;173mlet[38;2;192;197;206m ret [38;2;192;197;206m=[38;2;192;197;206m [38;2;192;197;206mljmm[38;2;192;197;206m::[38;2;192;197;206mljmm_init[38;2;192;197;206m([38;2;192;197;206m)[38;2;192;197;206m;[K
[0m[48;2;40;67;43m[39m+     6[0m:[39m[48;2;24;38;30m [38;2;192;197;206m    [38;2;192;197;206massert_eq![38;2;192;197;206m([38;2;192;197;206mret[38;2;192;197;206m,[38;2;192;197;206m [38;2;208;135;112m1[38;2;192;197;206m)[38;2;192;197;206m;[K
[0m[48;2;40;67;43m[39m+     7[0m:[39m[48;2;24;38;30m [38;2;192;197;206m}[K
[0m[48;2;40;67;43m[39m+     8[0m:[39m[48;2;24;38;30m [K
[0m[48;2;40;67;43m[39m+     9[0m:[39m[48;2;24;38;30m [38;2;192;197;206m#[38;2;192;197;206m[[38;2;191;97;106mtest[38;2;192;197;206m][K
[0m[48;2;40;67;43m[39m+    10[0m:[39m[48;2;24;38;30m [38;2;180;142;173mfn[38;2;192;197;206m [38;2;143;161;179mtest_find_best_fit_all_cases[38;2;192;197;206m([38;2;192;197;206m)[38;2;192;197;206m [38;2;192;197;206m{[K
[0m[48;2;40;67;43m[39m+    11[0m:[39m[48;2;24;38;30m [38;2;192;197;206m    [38;2;101;115;126m//[38;2;101;115;126m Test 1: basic find_best_fit, lowbound=0, os_take_care=false[K
[0m[48;2;40;67;43m[39m+    12[0m:[39m[48;2;24;38;30m [38;2;192;197;206m    [38;2;192;197;206mljmm[38;2;192;197;206m::[38;2;192;197;206mljmm_init[38;2;192;197;206m([38;2;192;197;206m)[38;2;192;197;206m;[K
[0m[48;2;40;67;43m[39m+    13[0m:[39m[48;2;24;38;30m [38;2;192;197;206m    [38;2;192;197;206mljmm[38;2;192;197;206m::[38;2;192;197;206mljmm_let_os_take_care_1g_2g[38;2;192;197;206m([38;2;208;135;112m0[38;2;192;197;206m)[38;2;192;197;206m;[K
[0m[48;2;40;67;43m[39m+    14[0m:[39m[48;2;24;38;30m [38;2;192;197;206m    [38;2;192;197;206mljmm[38;2;192;197;206m::[38;2;192;197;206mljmm_test_set_test_param[38;2;192;197;206m([K
[0m[48;2;40;67;43m[39m+    15[0m:[39m[48;2;24;38;30m [38;2;192;197;206m        [38;2;192;197;206m"[38;2;163;190;140mc_src/test/test_input/input_001_001.txt[38;2;192;197;206m"[38;2;192;197;206m,[38;2;192;197;206m [38;2;208;135;112m0[38;2;192;197;206m,[38;2;192;197;206m [38;2;208;135;112m4096[38;2;192;197;206m,[K
[0m[48;2;40;67;43m[39m+    16[0m:[39m[48;2;24;38;30m [38;2;192;197;206m    [38;2;192;197;206m)[38;2;192;197;206m;[K
[0m[48;2;40;67;43m[39m+    17[0m:[39m[48;2;24;38;30m [38;2;192;197;206m    [38;2;192;197;206massert_eq![38;2;192;197;206m([38;2;192;197;206mljmm[38;2;192;197;206m::[38;2;192;197;206mljmm_find_best_fit[38;2;192;197;206m([38;2;208;135;112m32[38;2;192;197;206m [38;2;192;197;206m*[38;2;192;197;206m [38;2;208;135;112m1024[38;2;192;197;206m [38;2;192;197;206m-[38;2;192;197;206m [38;2;208;135;112m1[38;2;192;197;206m)[38;2;192;197;206m,[38;2;192;197;206m [38;2;208;135;112m0x418000[38;2;192;197;206m)[38;2;192;197;206m;[K
[0m[48;2;40;67;43m[39m+    18[0m:[39m[48;2;24;38;30m [K
[0m[48;2;40;67;43m[39m+    19[0m:[39m[48;2;24;38;30m [38;2;192;197;206m    [38;2;101;115;126m//[38;2;101;115;126m Test 2: considering low-bound=0x619000[K
[0m[48;2;40;67;43m[39m+    20[0m:[39m[48;2;24;38;30m [38;2;192;197;206m    [38;2;192;197;206mljmm[38;2;192;197;206m::[38;2;192;197;206mljmm_let_os_take_care_1g_2g[38;2;192;197;206m([38;2;208;135;112m0[38;2;192;197;206m)[38;2;192;197;206m;[K
[0m[48;2;40;67;43m[39m+    21[0m:[39m[48;2;24;38;30m [38;2;192;197;206m    [38;2;192;197;206mljmm[38;2;192;197;206m::[38;2;192;197;206mljmm_test_set_test_param[38;2;192;197;206m([K
[0m[48;2;40;67;43m[39m+    22[0m:[39m[48;2;24;38;30m [38;2;192;197;206m        [38;2;192;197;206m"[38;2;163;190;140mc_src/test/test_input/input_001_001.txt[38;2;192;197;206m"[38;2;192;197;206m,[38;2;192;197;206m [38;2;208;135;112m0x619000[38;2;192;197;206m,[38;2;192;197;206m [38;2;208;135;112m4096[38;2;192;197;206m,[K
[0m[48;2;40;67;43m[39m+    23[0m:[39m[48;2;24;38;30m [38;2;192;197;206m    [38;2;192;197;206m)[38;2;192;197;206m;[K
[0m[48;2;40;67;43m[39m+    24[0m:[39m[48;2;24;38;30m [38;2;192;197;206m    [38;2;192;197;206massert_eq![38;2;192;197;206m([38;2;192;197;206mljmm[38;2;192;197;206m::[38;2;192;197;206mljmm_find_best_fit[38;2;192;197;206m([38;2;208;135;112m32[38;2;192;197;206m [38;2;192;197;206m*[38;2;192;197;206m [38;2;208;135;112m1024[38;2;192;197;206m [38;2;192;197;206m-[38;2;192;197;206m [38;2;208;135;112m100[38;2;192;197;206m)[38;2;192;197;206m,[38;2;192;197;206m [38;2;208;135;112m0x619000[38;2;192;197;206m)[38;2;192;197;206m;[K
[0m[48;2;40;67;43m[39m+    25[0m:[39m[48;2;24;38;30m [K
[0m[48;2;40;67;43m[39m+    26[0m:[39m[48;2;24;38;30m [38;2;192;197;206m    [38;2;101;115;126m//[38;2;101;115;126m Test 3: OS takes care of [1G,2G], still finds best fit below 1G[K
[0m[48;2;40;67;43m[39m+    27[0m:[39m[48;2;24;38;30m [38;2;192;197;206m    [38;2;192;197;206mljmm[38;2;192;197;206m::[38;2;192;197;206mljmm_let_os_take_care_1g_2g[38;2;192;197;206m([38;2;208;135;112m1[38;2;192;197;206m)[38;2;192;197;206m;[K
[0m[48;2;40;67;43m[39m+    28[0m:[39m[48;2;24;38;30m [38;2;192;197;206m    [38;2;192;197;206mljmm[38;2;192;197;206m::[38;2;192;197;206mljmm_test_set_test_param[38;2;192;197;206m([K
[0m[48;2;40;67;43m[39m+    29[0m:[39m[48;2;24;38;30m [38;2;192;197;206m        [38;2;192;197;206m"[38;2;163;190;140mc_src/test/test_input/input_001_001.txt[38;2;192;197;206m"[38;2;192;197;206m,[38;2;192;197;206m [38;2;208;135;112m0[38;2;192;197;206m,[38;2;192;197;206m [38;2;208;135;112m4096[38;2;192;197;206m,[K
[0m[48;2;40;67;43m[39m+    30[0m:[39m[48;2;24;38;30m [38;2;192;197;206m    [38;2;192;197;206m)[38;2;192;197;206m;[K
[0m[48;2;40;67;43m[39m+    31[0m:[39m[48;2;24;38;30m [38;2;192;197;206m    [38;2;192;197;206massert_eq![38;2;192;197;206m([38;2;192;197;206mljmm[38;2;192;197;206m::[38;2;192;197;206mljmm_find_best_fit[38;2;192;197;206m([38;2;208;135;112m32[38;2;192;197;206m [38;2;192;197;206m*[38;2;192;197;206m [38;2;208;135;112m1024[38;2;192;197;206m [38;2;192;197;206m-[38;2;192;197;206m [38;2;208;135;112m10[38;2;192;197;206m)[38;2;192;197;206m,[38;2;192;197;206m [38;2;208;135;112m0x418000[38;2;192;197;206m)[38;2;192;197;206m;[K
[0m[48;2;40;67;43m[39m+    32[0m:[39m[48;2;24;38;30m [K
[0m[48;2;40;67;43m[39m+    33[0m:[39m[48;2;24;38;30m [38;2;192;197;206m    [38;2;101;115;126m//[38;2;101;115;126m Test 4: buffer not large enough, incomplete last line with end addr[K
[0m[48;2;40;67;43m[39m+    34[0m:[39m[48;2;24;38;30m [38;2;192;197;206m    [38;2;192;197;206mljmm[38;2;192;197;206m::[38;2;192;197;206mljmm_let_os_take_care_1g_2g[38;2;192;197;206m([38;2;208;135;112m0[38;2;192;197;206m)[38;2;192;197;206m;[K
[0m[48;2;40;67;43m[39m+    35[0m:[39m[48;2;24;38;30m [38;2;192;197;206m    [38;2;192;197;206mljmm[38;2;192;197;206m::[38;2;192;197;206mljmm_test_set_test_param[38;2;192;197;206m([K
[0m[48;2;40;67;43m[39m+    36[0m:[39m[48;2;24;38;30m [38;2;192;197;206m        [38;2;192;197;206m"[38;2;163;190;140mc_src/test/test_input/input_001_002.txt[38;2;192;197;206m"[38;2;192;197;206m,[38;2;192;197;206m [38;2;208;135;112m0x619000[38;2;192;197;206m,[38;2;192;197;206m [38;2;208;135;112m4096[38;2;192;197;206m,[K
[0m[48;2;40;67;43m[39m+    37[0m:[39m[48;2;24;38;30m [38;2;192;197;206m    [38;2;192;197;206m)[38;2;192;197;206m;[K
[0m[48;2;40;67;43m[39m+    38[0m:[39m[48;2;24;38;30m [38;2;192;197;206m    [38;2;192;197;206massert_eq![38;2;192;197;206m([38;2;192;197;206mljmm[38;2;192;197;206m::[38;2;192;197;206mljmm_find_best_fit[38;2;192;197;206m([38;2;208;135;112m32[38;2;192;197;206m [38;2;192;197;206m*[38;2;192;197;206m [38;2;208;135;112m1024[38;2;192;197;206m [38;2;192;197;206m-[38;2;192;197;206m [38;2;208;135;112m10[38;2;192;197;206m)[38;2;192;197;206m,[38;2;192;197;206m [38;2;208;135;112m0x619000[38;2;192;197;206m)[38;2;192;197;206m;[K
[0m[48;2;40;67;43m[39m+    39[0m:[39m[48;2;24;38;30m [K
[0m[48;2;40;67;43m[39m+    40[0m:[39m[48;2;24;38;30m [38;2;192;197;206m    [38;2;101;115;126m//[38;2;101;115;126m Test 5: incomplete start addr on last line, no fit found[K
[0m[48;2;40;67;43m[39m+    41[0m:[39m[48;2;24;38;30m [38;2;192;197;206m    [38;2;192;197;206mljmm[38;2;192;197;206m::[38;2;192;197;206mljmm_let_os_take_care_1g_2g[38;2;192;197;206m([38;2;208;135;112m0[38;2;192;197;206m)[38;2;192;197;206m;[K
[0m[48;2;40;67;43m[39m+    42[0m:[39m[48;2;24;38;30m [38;2;192;197;206m    [38;2;192;197;206mljmm[38;2;192;197;206m::[38;2;192;197;206mljmm_test_set_test_param[38;2;192;197;206m([K
[0m[48;2;40;67;43m[39m+    43[0m:[39m[48;2;24;38;30m [38;2;192;197;206m        [38;2;192;197;206m"[38;2;163;190;140mc_src/test/test_input/input_001_003.txt[38;2;192;197;206m"[38;2;192;197;206m,[38;2;192;197;206m [38;2;208;135;112m0x619000[38;2;192;197;206m,[38;2;192;197;206m [38;2;208;135;112m4096[38;2;192;197;206m,[K
[0m[48;2;40;67;43m[39m+    44[0m:[39m[48;2;24;38;30m [38;2;192;197;206m    [38;2;192;197;206m)[38;2;192;197;206m;[K
[0m[48;2;40;67;43m[39m+    45[0m:[39m[48;2;24;38;30m [38;2;192;197;206m    [38;2;192;197;206massert_eq![38;2;192;197;206m([38;2;192;197;206mljmm[38;2;192;197;206m::[38;2;192;197;206mljmm_find_best_fit[38;2;192;197;206m([38;2;208;135;112m32[38;2;192;197;206m [38;2;192;197;206m*[38;2;192;197;206m [38;2;208;135;112m1024[38;2;192;197;206m [38;2;192;197;206m-[38;2;192;197;206m [38;2;208;135;112m10[38;2;192;197;206m)[38;2;192;197;206m,[38;2;192;197;206m [38;2;208;135;112m0x0[38;2;192;197;206m)[38;2;192;197;206m;[K
[0m[48;2;40;67;43m[39m+    46[0m:[39m[48;2;24;38;30m [K
[0m[48;2;40;67;43m[39m+    47[0m:[39m[48;2;24;38;30m [38;2;192;197;206m    [38;2;101;115;126m//[38;2;101;115;126m Test 6: fit at high address[K
[0m[48;2;40;67;43m[39m+    48[0m:[39m[48;2;24;38;30m [38;2;192;197;206m    [38;2;192;197;206mljmm[38;2;192;197;206m::[38;2;192;197;206mljmm_let_os_take_care_1g_2g[38;2;192;197;206m([38;2;208;135;112m0[38;2;192;197;206m)[38;2;192;197;206m;[K
[0m[48;2;40;67;43m[39m+    49[0m:[39m[48;2;24;38;30m [38;2;192;197;206m    [38;2;192;197;206mljmm[38;2;192;197;206m::[38;2;192;197;206mljmm_test_set_test_param[38;2;192;197;206m([K
[0m[48;2;40;67;43m[39m+    50[0m:[39m[48;2;24;38;30m [38;2;192;197;206m        [38;2;192;197;206m"[38;2;163;190;140mc_src/test/test_input/input_001_004.txt[38;2;192;197;206m"[38;2;192;197;206m,[38;2;192;197;206m [38;2;208;135;112m0x619000[38;2;192;197;206m,[38;2;192;197;206m [38;2;208;135;112m4096[38;2;192;197;206m,[K
[0m[48;2;40;67;43m[39m+    51[0m:[39m[48;2;24;38;30m [38;2;192;197;206m    [38;2;192;197;206m)[38;2;192;197;206m;[K
[0m[48;2;40;67;43m[39m+    52[0m:[39m[48;2;24;38;30m [38;2;192;197;206m    [38;2;192;197;206massert_eq![38;2;192;197;206m([38;2;192;197;206mljmm[38;2;192;197;206m::[38;2;192;197;206mljmm_find_best_fit[38;2;192;197;206m([38;2;208;135;112m32[38;2;192;197;206m [38;2;192;197;206m*[38;2;192;197;206m [38;2;208;135;112m1024[38;2;192;197;206m)[38;2;192;197;206m,[38;2;192;197;206m [38;2;208;135;112m0x3ffff000[38;2;192;197;206m)[38;2;192;197;206m;[K
[0m[48;2;40;67;43m[39m+    53[0m:[39m[48;2;24;38;30m [38;2;192;197;206m}[K
[0m[48;2;40;67;43m[39m+    54[0m:[39m[48;2;24;38;30m [K
[0m[48;2;40;67;43m[39m+    55[0m:[39m[48;2;24;38;30m [38;2;192;197;206m#[38;2;192;197;206m[[38;2;191;97;106mtest[38;2;192;197;206m][K
[0m[48;2;40;67;43m[39m+    56[0m:[39m[48;2;24;38;30m [38;2;180;142;173mfn[38;2;192;197;206m [38;2;143;161;179mtest_ljmm_let_os_take_care[38;2;192;197;206m([38;2;192;197;206m)[38;2;192;197;206m [38;2;192;197;206m{[K
[0m[48;2;40;67;43m[39m+    57[0m:[39m[48;2;24;38;30m [38;2;192;197;206m    [38;2;192;197;206mljmm[38;2;192;197;206m::[38;2;192;197;206mljmm_init[38;2;192;197;206m([38;2;192;197;206m)[38;2;192;197;206m;[K
[0m[48;2;40;67;43m[39m+    58[0m:[39m[48;2;24;38;30m [38;2;192;197;206m    [38;2;101;115;126m//[38;2;101;115;126m Should not panic when called with 0 or 1[K
[0m[48;2;40;67;43m[39m+    59[0m:[39m[48;2;24;38;30m [38;2;192;197;206m    [38;2;192;197;206mljmm[38;2;192;197;206m::[38;2;192;197;206mljmm_let_os_take_care_1g_2g[38;2;192;197;206m([38;2;208;135;112m0[38;2;192;197;206m)[38;2;192;197;206m;[K
[0m[48;2;40;67;43m[39m+    60[0m:[39m[48;2;24;38;30m [38;2;192;197;206m    [38;2;192;197;206mljmm[38;2;192;197;206m::[38;2;192;197;206mljmm_let_os_take_care_1g_2g[38;2;192;197;206m([38;2;208;135;112m1[38;2;192;197;206m)[38;2;192;197;206m;[K
[0m[48;2;40;67;43m[39m+    61[0m:[39m[48;2;24;38;30m [38;2;192;197;206m}[K
[0m[48;2;40;67;43m[39m+    62[0m:[39m[48;2;24;38;30m [K
[0m[48;2;40;67;43m[39m+    63[0m:[39m[48;2;24;38;30m [38;2;192;197;206m#[38;2;192;197;206m[[38;2;191;97;106mtest[38;2;192;197;206m][K
[0m[48;2;40;67;43m[39m+    64[0m:[39m[48;2;24;38;30m [38;2;180;142;173mfn[38;2;192;197;206m [38;2;143;161;179mtest_ljmm_test_set_test_param[38;2;192;197;206m([38;2;192;197;206m)[38;2;192;197;206m [38;2;192;197;206m{[K
[0m[48;2;40;67;43m[39m+    65[0m:[39m[48;2;24;38;30m [38;2;192;197;206m    [38;2;192;197;206mljmm[38;2;192;197;206m::[38;2;192;197;206mljmm_init[38;2;192;197;206m([38;2;192;197;206m)[38;2;192;197;206m;[K
[0m[48;2;40;67;43m[39m+    66[0m:[39m[48;2;24;38;30m [38;2;192;197;206m    [38;2;101;115;126m//[38;2;101;115;126m Should not panic[K
[0m[48;2;40;67;43m[39m+    67[0m:[39m[48;2;24;38;30m [38;2;192;197;206m    [38;2;192;197;206mljmm[38;2;192;197;206m::[38;2;192;197;206mljmm_test_set_test_param[38;2;192;197;206m([38;2;192;197;206m"[38;2;163;190;140mnonexistent_file.txt[38;2;192;197;206m"[38;2;192;197;206m,[38;2;192;197;206m [38;2;208;135;112m0x400000[38;2;192;197;206m,[38;2;192;197;206m [38;2;208;135;112m4096[38;2;192;197;206m)[38;2;192;197;206m;[K
[0m[48;2;40;67;43m[39m+    68[0m:[39m[48;2;24;38;30m [38;2;192;197;206m}[K
[0m[48;2;40;67;43m[39m+    69[0m:[39m[48;2;24;38;30m [K
[0m[48;2;40;67;43m[39m+    70[0m:[39m[48;2;24;38;30m [38;2;192;197;206m#[38;2;192;197;206m[[38;2;191;97;106mtest[38;2;192;197;206m][K
[0m[48;2;40;67;43m[39m+    71[0m:[39m[48;2;24;38;30m [38;2;180;142;173mfn[38;2;192;197;206m [38;2;143;161;179mtest_find_best_fit_nonexistent_file[38;2;192;197;206m([38;2;192;197;206m)[38;2;192;197;206m [38;2;192;197;206m{[K
[0m[48;2;40;67;43m[39m+    72[0m:[39m[48;2;24;38;30m [38;2;192;197;206m    [38;2;192;197;206mljmm[38;2;192;197;206m::[38;2;192;197;206mljmm_init[38;2;192;197;206m([38;2;192;197;206m)[38;2;192;197;206m;[K
[0m[48;2;40;67;43m[39m+    73[0m:[39m[48;2;24;38;30m [38;2;192;197;206m    [38;2;192;197;206mljmm[38;2;192;197;206m::[38;2;192;197;206mljmm_test_set_test_param[38;2;192;197;206m([38;2;192;197;206m"[38;2;163;190;140mnonexistent_file.txt[38;2;192;197;206m"[38;2;192;197;206m,[38;2;192;197;206m [38;2;208;135;112m0[38;2;192;197;206m,[38;2;192;197;206m [38;2;208;135;112m4096[38;2;192;197;206m)[38;2;192;197;206m;[K
[0m[48;2;40;67;43m[39m+    74[0m:[39m[48;2;24;38;30m [38;2;192;197;206m    [38;2;192;197;206massert_eq![38;2;192;197;206m([38;2;192;197;206mljmm[38;2;192;197;206m::[38;2;192;197;206mljmm_find_best_fit[38;2;192;197;206m([38;2;208;135;112m4096[38;2;192;197;206m)[38;2;192;197;206m,[38;2;192;197;206m [38;2;208;135;112m0[38;2;192;197;206m)[38;2;192;197;206m;[K
[0m[48;2;40;67;43m[39m+    75[0m:[39m[48;2;24;38;30m [38;2;192;197;206m}[K
[0m[48;2;40;67;43m[39m+    76[0m:[39m[48;2;24;38;30m [K
[0m[48;2;40;67;43m[39m+    77[0m:[39m[48;2;24;38;30m [38;2;180;142;173mfn[38;2;192;197;206m [38;2;143;161;179mmain[38;2;192;197;206m([38;2;192;197;206m)[38;2;192;197;206m [38;2;192;197;206m{[38;2;192;197;206m}[K
[0m[K
Creating: [38;5;141m/tmp/harvest-crust-verify-8F9l3t/project/src/bin/test_002.rs[0m
[38;5;244m - Completed in 0.0s[0m

[?25l[0m[?25l[0m[0m[38;5;11mTODO:
[39m[38;5;10m[x] [3m[38;5;244mCreate test files in src/bin/ for every module[23m
[0m[ ] Run cargo test and iterate until all tests pass[38;5;244m - Completed in 0.0s[0m

[?25l[0m[38;5;141m> [0mNow let's run the tests:[0m[0m
[?25l[0m[0mI will run the following command: [38;5;141mcd /tmp/harvest-crust-verify-8F9l3t/project && cargo test 2>&1[0m[38;5;244m (using tool: shell)[0m
Purpose: Run cargo test to verify all tests pass

warning: file `/tmp/harvest-crust-verify-8F9l3t/project/src/bin/test_002.rs` found to be present in multiple build targets:
  * `bin` target `test_002`
  * `integration-test` target `test_002`
warning: file `/tmp/harvest-crust-verify-8F9l3t/project/src/bin/test_001.rs` found to be present in multiple build targets:
  * `bin` target `test_001`
  * `integration-test` target `test_001`
   Compiling ljmm v0.1.0 (/tmp/harvest-crust-verify-8F9l3t/project)
warning: field `init_succ` is never read
  --> src/ljmm.rs:15:5
   |
 8 | struct LjmmState {
   |        --------- field in this struct
...
15 |     init_succ: bool,
   |     ^^^^^^^^^
   |
   = note: `#[warn(dead_code)]` (part of `#[warn(unused)]`) on by default

warning: `ljmm` (lib) generated 1 warning
warning: unused import: `ljmm::ljmm`
 --> src/bin/test_002.rs:1:5
  |
1 | use ljmm::ljmm;
  |     ^^^^^^^^^^
  |
  = note: `#[warn(unused_imports)]` (part of `#[warn(unused)]`) on by default

warning: unused import: `ljmm::ljmm`
 --> src/bin/test_001.rs:1:5
  |
1 | use ljmm::ljmm;
  |     ^^^^^^^^^^
  |
  = note: `#[warn(unused_imports)]` (part of `#[warn(unused)]`) on by default

warning: `ljmm` (lib test) generated 1 warning (1 duplicate)
warning: `ljmm` (bin "test_002") generated 1 warning (run `cargo fix --bin "test_002" -p ljmm` to apply 1 suggestion)
warning: `ljmm` (bin "test_001") generated 1 warning (run `cargo fix --bin "test_001" -p ljmm` to apply 1 suggestion)
    Finished `test` profile [unoptimized + debuginfo] target(s) in 0.54s
     Running unittests src/lib.rs (target/debug/deps/ljmm-56b1675f1406209d)

running 0 tests

test result: ok. 0 passed; 0 failed; 0 ignored; 0 measured; 0 filtered out; finished in 0.00s

     Running unittests src/bin/test_001.rs (target/debug/deps/test_001-301c1268561cacf8)

running 17 tests
test test_page_align_32k ... ok
test test_page_align_32k_minus_1 ... ok
test test_page_align_already_aligned ... ok
test test_page_align_exact_page ... ok
test test_page_align_just_below_page ... ok
test test_page_align_one ... ok
test test_page_align_one_over ... ok
test test_page_align_two_pages ... ok
test test_page_align_two_pages_minus_one ... ok
test test_page_align_zero ... ok
test test_parse_addr_empty ... ok
test test_parse_addr_hex_618 ... ok
test test_parse_addr_hex_lower ... ok
test test_parse_addr_long ... ok
test test_parse_addr_lowercase_af ... ok
test test_parse_addr_uppercase ... ok
test test_parse_addr_zero ... ok

test result: ok. 17 passed; 0 failed; 0 ignored; 0 measured; 0 filtered out; finished in 0.00s

     Running unittests src/bin/test_002.rs (target/debug/deps/test_002-626cf9a5d9408567)

running 5 tests
test test_ljmm_test_set_test_param ... ok
test test_find_best_fit_all_cases ... ok
test test_find_best_fit_nonexistent_file ... ok
test test_ljmm_let_os_take_care ... ok
test test_ljmm_init ... ok

test result: ok. 5 passed; 0 failed; 0 ignored; 0 measured; 0 filtered out; finished in 0.00s

     Running src/bin/test_001.rs (target/debug/deps/test_001-709873c8465c14df)

running 17 tests
test test_page_align_32k ... ok
test test_page_align_32k_minus_1 ... ok
test test_page_align_exact_page ... ok
test test_page_align_just_below_page ... ok
test test_page_align_one ... ok
test test_page_align_one_over ... ok
test test_page_align_two_pages ... ok
test test_page_align_two_pages_minus_one ... ok
test test_parse_addr_empty ... ok
test test_parse_addr_long ... ok
test test_parse_addr_zero ... ok
test test_page_align_zero ... ok
test test_page_align_already_aligned ... ok
test test_parse_addr_lowercase_af ... ok
test test_parse_addr_uppercase ... ok
test test_parse_addr_hex_618 ... ok
test test_parse_addr_hex_lower ... ok

test result: ok. 17 passed; 0 failed; 0 ignored; 0 measured; 0 filtered out; finished in 0.01s

     Running src/bin/test_002.rs (target/debug/deps/test_002-90137db20d0abb3d)

running 5 tests
test test_find_best_fit_all_cases ... ok
test test_ljmm_init ... ok
test test_find_best_fit_nonexistent_file ... ok
test test_ljmm_let_os_take_care ... ok
test test_ljmm_test_set_test_param ... ok

test result: ok. 5 passed; 0 failed; 0 ignored; 0 measured; 0 filtered out; finished in 0.00s

   Doc-tests ljmm

running 0 tests

test result: ok. 0 passed; 0 failed; 0 ignored; 0 measured; 0 filtered out; finished in 0.00s

[38;5;244m - Completed in 0.636s[0m

[?25l[0m[38;5;141m> [0mAll 22 tests pass (17 in test_001 + 5 in test_002). Let me mark the final task complete:[0m[0m
[?25l[0m[0m[38;5;11mTODO:
[39m[38;5;10m[x] [3m[38;5;244mRead project structure, Cargo.toml, lib.rs, all C sources, all Rust sources[23m
[38;5;10m[x] [3m[38;5;244mBuild and run C code to get ground truth outputs[23m
[38;5;10m[x] [3m[38;5;244mCreate test files in src/bin/ for every module[23m
[38;5;10m[x] [3m[38;5;244mRun cargo test and iterate until all tests pass[23m[38;5;244m - Completed in 0.0s[0m

[?25l[0m[38;5;141m> [0mAll 22 tests pass. Here's a summary of what was done:[0m[0m
[0m[0m
[38;5;252m[1m## Changes Made[0m[0m
[0m[0m
[38;5;252m[1m### [38;5;10msrc/ljmm.rs[0m — made internal functions testable[0m[0m
- Made [38;5;10mparse_addr[0m and [38;5;10mpage_align_addr[0m public (were private)[0m[0m
- Added [38;5;10mljmm_find_best_fit(length: usize) -> usize[0m — a public wrapper around the private [38;5;10mfind_best_fit[0m that uses the global state, mirroring how the C tests exercise [38;5;10mfind_best_fit[0m through the mmap wrapper[0m[0m
[0m[0m
[38;5;252m[1m### [38;5;10msrc/bin/test_001.rs[0m — 17 tests for [38;5;10mparse_addr[0m and [38;5;10mpage_align_addr[0m[0m[0m
- 7 [38;5;10mparse_addr[0m tests: hex digits (lower, upper, mixed), long addresses, zero, empty string — all expected values obtained by running the C code[0m[0m
- 10 [38;5;10mpage_align_addr[0m tests: zero, boundary values (page-1, page, page+1), already-aligned addresses, 32K boundaries[0m[0m
[0m[0m
[38;5;252m[1m### [38;5;10msrc/bin/test_002.rs[0m — 5 tests for [38;5;10mfind_best_fit[0m and public API[0m[0m
- [38;5;10mtest_find_best_fit_all_cases[0m: 6 sub-cases matching the C test_001.c test data — varying low bounds, OS_take_care flags, and all 4 input files (including truncated buffer edge cases)[0m[0m
- [38;5;10mtest_find_best_fit_nonexistent_file[0m: verifies graceful handling of missing map file (returns 0)[0m[0m
- [38;5;10mtest_ljmm_init[0m, [38;5;10mtest_ljmm_let_os_take_care[0m, [38;5;10mtest_ljmm_test_set_test_param[0m: verify the public API functions work without panicking[0m[0m
[0m[0m
No translation bugs were found — the Rust code matches the C behavior for all tested cases.[0m[0m
[38;5;8m
 ▸ Credits: 5.79 • Time: 2m 50s

[0m[1G[0m[0m[?25h