[32mAll tools are now trusted ([0m[31m![0m[32m). Kiro will execute tools without asking for confirmation.[0m
Agents can sometimes do unexpected things so understand the risks.

Learn more at [38;5;141mhttps://kiro.dev/docs/cli/chat/security/#using-tools-trust-all-safely[0m


[38;5;12m[1m📷 Checkpoints are enabled! (took 0.04s)

[0m
[38;5;252m[0m[?25l[38;5;141m> [0m[0m[0m
[0m[0m
I'll start by understanding the project structure, then systematically build, test, and fix the translation.[0m[0m
[?25l[0m[0m[38;5;11mTODO:
[39m[0m[ ] Explore project structure - understand C source, Rust translation, and public API
[0m[ ] Build C shared library
[0m[ ] Add libloading dev-dependency to Cargo.toml
[0m[ ] Identify public API and function hierarchy from C headers
[0m[ ] Write integration tests comparing C vs Rust outputs
[0m[ ] Run tests and fix any mismatches in Rust code
[0m[ ] Compare nm -D symbols between C .so and Rust .so, fix missing exports
[0m[ ] Check for main binary and compare stdout if applicable[38;5;244m - Completed in 0.37s[0m
[38;5;12m[1m [1.1][0m[0m
[?25l[0m[?25l[0m[0mReading directory: [38;5;141m/local/home/scheschb/reserach/TRACTOR/harvest-agentic/results/B01_organic/premultiply_lib/translated_rust[0m[38;5;244m (using tool: read, max depth: 3, max entries: 1000, excluding: defaults)[0m
[38;5;10m ✓ [0mSuccessfully read directory [38;5;141m/local/home/scheschb/reserach/TRACTOR/harvest-agentic/results/B01_organic/premultiply_lib/translated_rust[0m [38;5;244m(10 entries)[0m
[38;5;244m - Completed in 0.40s[0m
[38;5;12m[1m [1.2][0m[0m
[?25l[0m[?25l[0m[0mBatch fs_read operation with [38;5;141m5[0m operations[38;5;244m (using tool: read)[0m

↱ Operation 1: Reading file: [38;5;141m/local/home/scheschb/reserach/TRACTOR/harvest-agentic/results/B01_organic/premultiply_lib/translated_rust/c_src/CMakeLists.txt[0m, all lines
↱ Operation 2: Reading file: [38;5;141m/local/home/scheschb/reserach/TRACTOR/harvest-agentic/results/B01_organic/premultiply_lib/translated_rust/c_src/include/lib.h[0m, all lines
↱ Operation 3: Reading file: [38;5;141m/local/home/scheschb/reserach/TRACTOR/harvest-agentic/results/B01_organic/premultiply_lib/translated_rust/c_src/src/lib.c[0m, all lines
↱ Operation 4: Reading file: [38;5;141m/local/home/scheschb/reserach/TRACTOR/harvest-agentic/results/B01_organic/premultiply_lib/translated_rust/src/lib.rs[0m, all lines
↱ Operation 5: Reading file: [38;5;141m/local/home/scheschb/reserach/TRACTOR/harvest-agentic/results/B01_organic/premultiply_lib/translated_rust/Cargo.toml[0m, all lines
[38;5;10m ✓ [0mSuccessfully read [38;5;244m439 bytes[0m from /local/home/scheschb/reserach/TRACTOR/harvest-agentic/results/B01_organic/premultiply_lib/translated_rust/c_src/CMakeLists.txt

[38;5;10m ✓ [0mSuccessfully read [38;5;244m244 bytes[0m from /local/home/scheschb/reserach/TRACTOR/harvest-agentic/results/B01_organic/premultiply_lib/translated_rust/c_src/include/lib.h

[38;5;10m ✓ [0mSuccessfully read [38;5;244m622 bytes[0m from /local/home/scheschb/reserach/TRACTOR/harvest-agentic/results/B01_organic/premultiply_lib/translated_rust/c_src/src/lib.c

[38;5;10m ✓ [0mSuccessfully read [38;5;244m1157 bytes[0m from /local/home/scheschb/reserach/TRACTOR/harvest-agentic/results/B01_organic/premultiply_lib/translated_rust/src/lib.rs

[38;5;10m ✓ [0mSuccessfully read [38;5;244m138 bytes[0m from /local/home/scheschb/reserach/TRACTOR/harvest-agentic/results/B01_organic/premultiply_lib/translated_rust/Cargo.toml

 ⋮ 

[38;5;244m- [0mSummary: 5 operations processed, 5 successful, 0 failed
[38;5;244m - Completed in 0.39s[0m
[38;5;12m[1m [1.3][0m[0m
[?25l[0m[38;5;141m> [0mGood, I have a clear picture. One public function [38;5;10mpremultiply[0m, simple structs. Let me build the C library and set up tests.[0m[0m
[?25l[0m[0m[38;5;11mTODO:
[39m[38;5;10m[x] [3m[38;5;244mExplore project structure - understand C source, Rust translation, and public API[23m
[0m[ ] Build C shared library[38;5;244m - Completed in 0.39s[0m
[38;5;12m[1m [1.4][0m[0m
[?25l[0m[38;5;141m> [0mNow let me build the C shared library:[0m[0m
[?25l[0m[0mI will run the following command: [38;5;141mcd /local/home/scheschb/reserach/TRACTOR/harvest-agentic/results/B01_organic/premultiply_lib/translated_rust/c_src && mkdir -p build && cd build && cmake .. -DCMAKE_POSITION_INDEPENDENT_CODE=ON 2>&1 && cmake --build . 2>&1[0m (in [38;5;141mtranslated_rust/c_src[0m)[38;5;244m (using tool: shell)[0m
Purpose: Build C shared library

CMake Error at CMakeLists.txt:2 (cmake_path):
  Unknown CMake command "cmake_path".


-- Configuring incomplete, errors occurred!
[38;5;244m - Completed in 0.55s[0m
[38;5;12m[1m [1.5][0m[0m
[?25l[0m[38;5;141m> [0m[38;5;10mcmake_path[0m requires CMake 3.20+. Let me check the version and work around it:[0m[0m
[?25l[0m[0mI will run the following command: [38;5;141mcmake --version 2>&1 | head -1[0m[38;5;244m (using tool: shell)[0m
Purpose: Check cmake version

cmake3 version 3.17.5
[38;5;244m - Completed in 0.49s[0m
[38;5;12m[1m [1.6][0m[0m
[?25l[0m[38;5;141m> [0mCMake 3.17 doesn't support [38;5;10mcmake_path[0m. I can't modify c_src, so I'll invoke cmake with the project name set manually:[0m[0m
[?25l[0m[0mI will run the following command: [38;5;141mcd /local/home/scheschb/reserach/TRACTOR/harvest-agentic/results/B01_organic/premultiply_lib/translated_rust/c_src && rm -rf build && mkdir -p build && cd build && cmake .. -DCMAKE_POSITION_INDEPENDENT_CODE=ON -DCMAKE_MINIMUM_REQUIRED_VERSION=3.10 2>&1 | tail -20[0m[38;5;244m (using tool: shell)[0m
Purpose: Try cmake with version override

CMake Error at CMakeLists.txt:2 (cmake_path):
  Unknown CMake command "cmake_path".


-- Configuring incomplete, errors occurred!
[38;5;244m - Completed in 0.63s[0m
[38;5;12m[1m [1.7][0m[0m
[?25l[0m[38;5;141m> [0mI can't modify CMakeLists.txt. Let me just compile the C code directly with gcc:[0m[0m
[?25l[0m[0mI will run the following command: [38;5;141mcd /local/home/scheschb/reserach/TRACTOR/harvest-agentic/results/B01_organic/premultiply_lib/translated_rust/c_src && mkdir -p build && gcc -shared -fPIC -O2 -I include -o build/libpremultiply_lib.so src/lib.c 2>&1[0m[38;5;244m (using tool: shell)[0m
Purpose: Build C shared library directly with gcc

[38;5;244m - Completed in 0.83s[0m
[38;5;12m[1m [1.8][0m[0m
[?25l[0m[?25l[0m[0mI will run the following command: [38;5;141mls -la /local/home/scheschb/reserach/TRACTOR/harvest-agentic/results/B01_organic/premultiply_lib/translated_rust/c_src/build/libpremultiply_lib.so && nm -D /local/home/scheschb/reserach/TRACTOR/harvest-agentic/results/B01_organic/premultiply_lib/translated_rust/c_src/build/libpremultiply_lib.so | grep -i ' T '[0m[38;5;244m (using tool: shell)[0m
Purpose: Verify C .so was built and check exported symbols

-rwxr-xr-x 1 scheschb amazon 7768 Mar 26 14:52 /local/home/scheschb/reserach/TRACTOR/harvest-agentic/results/B01_organic/premultiply_lib/translated_rust/c_src/build/libpremultiply_lib.so
0000000000000680 T _fini
00000000000004d0 T _init
00000000000005d0 T premultiply
[38;5;244m - Completed in 0.46s[0m
[38;5;12m[1m [1.9][0m[0m
[?25l[0m[38;5;141m> [0mC .so built successfully, exports [38;5;10mpremultiply[0m. Now add libloading and write the test:[0m[0m
[?25l[0m[0m[38;5;11mTODO:
[39m[38;5;10m[x] [3m[38;5;244mBuild C shared library[23m
[0m[ ] Add libloading dev-dependency to Cargo.toml[38;5;244m - Completed in 0.39s[0m
[38;5;12m[1m [1.10][0m[0m
[?25l[0m[?25l[0m[0mI'll modify the following file: [38;5;141mtranslated_rust/Cargo.toml[0m[38;5;244m (using tool: write)[0m
Purpose: Add libloading dev-dependency

[49m[38;5;10m+     10[0m:[38;5;10m[49m [dev-dependencies]
[0m[49m[38;5;10m+     11[0m:[38;5;10m[49m libloading = "0.8"
[0m[49m[38;5;10m+     12[0m:[38;5;10m[49m 
[0m[49m[39m  10, 13[0m:[39m[49m [workspace]
[0m[K
Updating: [38;5;141mtranslated_rust/Cargo.toml[0m
[38;5;244m - Completed in 0.41s[0m
[38;5;12m[1m [1.11][0m[0m
[?25l[0m[?25l[0m[0m[38;5;11mTODO:
[39m[38;5;10m[x] [3m[38;5;244mAdd libloading dev-dependency to Cargo.toml[23m
[38;5;10m[x] [3m[38;5;244mIdentify public API and function hierarchy from C headers[23m
[0m[ ] Write integration tests comparing C vs Rust outputs[38;5;244m - Completed in 0.41s[0m
[38;5;12m[1m [1.12][0m[0m
[?25l[0m[38;5;141m> [0mNow let me write the integration test:[0m[0m
[?25l[0m[0mI will run the following command: [38;5;141mmkdir -p /local/home/scheschb/reserach/TRACTOR/harvest-agentic/results/B01_organic/premultiply_lib/translated_rust/tests[0m[38;5;244m (using tool: shell)[0m
Purpose: Create tests directory

[38;5;244m - Completed in 0.44s[0m
[38;5;12m[1m [1.13][0m[0m
[?25l[0m[?25l[0m[0mI'll create the following file: [38;5;141m/local/home/scheschb/reserach/TRACTOR/harvest-agentic/results/B01_organic/premultiply_lib/translated_rust/tests/compare.rs[0m[38;5;244m (using tool: write)[0m
Purpose: Write integration tests comparing C vs Rust premultiply outputs

[48;2;40;67;43m[39m+      1[0m:[39m[48;2;24;38;30m [38;2;180;142;173muse[38;2;192;197;206m [38;2;192;197;206mlibloading[38;2;192;197;206m::[38;2;192;197;206m{[38;2;192;197;206mLibrary[38;2;192;197;206m,[38;2;192;197;206m Symbol[38;2;192;197;206m}[38;2;192;197;206m;[K
[0m[48;2;40;67;43m[39m+      2[0m:[39m[48;2;24;38;30m [38;2;180;142;173muse[38;2;192;197;206m [38;2;192;197;206mpremultiply_lib[38;2;192;197;206m::[38;2;192;197;206m{[38;2;180;142;173mcp_image_t[38;2;192;197;206m,[38;2;192;197;206m [38;2;180;142;173mcp_pixel_t[38;2;192;197;206m,[38;2;192;197;206m premultiply[38;2;192;197;206m}[38;2;192;197;206m;[K
[0m[48;2;40;67;43m[39m+      3[0m:[39m[48;2;24;38;30m [38;2;180;142;173muse[38;2;192;197;206m [38;2;192;197;206mstd[38;2;192;197;206m::[38;2;192;197;206mos[38;2;192;197;206m::[38;2;192;197;206mraw[38;2;192;197;206m::[38;2;180;142;173mc_int[38;2;192;197;206m;[K
[0m[48;2;40;67;43m[39m+      4[0m:[39m[48;2;24;38;30m [K
[0m[48;2;40;67;43m[39m+      5[0m:[39m[48;2;24;38;30m [38;2;180;142;173mfn[38;2;192;197;206m [38;2;143;161;179mc_lib_path[38;2;192;197;206m([38;2;192;197;206m)[38;2;192;197;206m [38;2;192;197;206m->[38;2;192;197;206m String[38;2;192;197;206m [38;2;192;197;206m{[K
[0m[48;2;40;67;43m[39m+      6[0m:[39m[48;2;24;38;30m [38;2;192;197;206m    [38;2;180;142;173mlet[38;2;192;197;206m manifest [38;2;192;197;206m=[38;2;192;197;206m [38;2;192;197;206mstd[38;2;192;197;206m::[38;2;192;197;206menv[38;2;192;197;206m::[38;2;192;197;206mvar[38;2;192;197;206m([38;2;192;197;206m"[38;2;163;190;140mCARGO_MANIFEST_DIR[38;2;192;197;206m"[38;2;192;197;206m)[38;2;192;197;206m.[38;2;150;181;180munwrap[38;2;192;197;206m([38;2;192;197;206m)[38;2;192;197;206m;[K
[0m[48;2;40;67;43m[39m+      7[0m:[39m[48;2;24;38;30m [38;2;192;197;206m    [38;2;192;197;206mformat![38;2;192;197;206m([38;2;192;197;206m"[38;2;208;135;112m{}[38;2;163;190;140m/c_src/build/libpremultiply_lib.so[38;2;192;197;206m"[38;2;192;197;206m,[38;2;192;197;206m manifest[38;2;192;197;206m)[K
[0m[48;2;40;67;43m[39m+      8[0m:[39m[48;2;24;38;30m [38;2;192;197;206m}[K
[0m[48;2;40;67;43m[39m+      9[0m:[39m[48;2;24;38;30m [K
[0m[48;2;40;67;43m[39m+     10[0m:[39m[48;2;24;38;30m [38;2;101;115;126m///[38;2;101;115;126m Test pixels covering key alpha values: 0, 1, 127, 128, 254, 255[K
[0m[48;2;40;67;43m[39m+     11[0m:[39m[48;2;24;38;30m [38;2;101;115;126m///[38;2;101;115;126m and various RGB combos including edge cases.[K
[0m[48;2;40;67;43m[39m+     12[0m:[39m[48;2;24;38;30m [38;2;180;142;173mfn[38;2;192;197;206m [38;2;143;161;179mtest_pixels[38;2;192;197;206m([38;2;192;197;206m)[38;2;192;197;206m [38;2;192;197;206m->[38;2;192;197;206m [38;2;192;197;206mVec[38;2;192;197;206m<[38;2;192;197;206mcp_pixel_t[38;2;192;197;206m>[38;2;192;197;206m [38;2;192;197;206m{[K
[0m[48;2;40;67;43m[39m+     13[0m:[39m[48;2;24;38;30m [38;2;192;197;206m    [38;2;180;142;173mlet[38;2;192;197;206m [38;2;180;142;173mmut[38;2;192;197;206m pixels [38;2;192;197;206m=[38;2;192;197;206m [38;2;192;197;206mVec[38;2;192;197;206m::[38;2;192;197;206mnew[38;2;192;197;206m([38;2;192;197;206m)[38;2;192;197;206m;[K
[0m[48;2;40;67;43m[39m+     14[0m:[39m[48;2;24;38;30m [38;2;192;197;206m    [38;2;180;142;173mlet[38;2;192;197;206m vals[38;2;192;197;206m:[38;2;192;197;206m [38;2;192;197;206m&[38;2;192;197;206m[[38;2;180;142;173mu8[38;2;192;197;206m][38;2;192;197;206m [38;2;192;197;206m=[38;2;192;197;206m [38;2;192;197;206m&[38;2;192;197;206m[[38;2;208;135;112m0[38;2;192;197;206m,[38;2;192;197;206m [38;2;208;135;112m1[38;2;192;197;206m,[38;2;192;197;206m [38;2;208;135;112m2[38;2;192;197;206m,[38;2;192;197;206m [38;2;208;135;112m127[38;2;192;197;206m,[38;2;192;197;206m [38;2;208;135;112m128[38;2;192;197;206m,[38;2;192;197;206m [38;2;208;135;112m200[38;2;192;197;206m,[38;2;192;197;206m [38;2;208;135;112m254[38;2;192;197;206m,[38;2;192;197;206m [38;2;208;135;112m255[38;2;192;197;206m][38;2;192;197;206m;[K
[0m[48;2;40;67;43m[39m+     15[0m:[39m[48;2;24;38;30m [38;2;192;197;206m    [38;2;180;142;173mfor[38;2;192;197;206m [38;2;192;197;206m&[38;2;192;197;206ma [38;2;192;197;206min[38;2;192;197;206m vals [38;2;192;197;206m{[K
[0m[48;2;40;67;43m[39m+     16[0m:[39m[48;2;24;38;30m [38;2;192;197;206m        [38;2;180;142;173mfor[38;2;192;197;206m [38;2;192;197;206m&[38;2;192;197;206mr [38;2;192;197;206min[38;2;192;197;206m vals [38;2;192;197;206m{[K
[0m[48;2;40;67;43m[39m+     17[0m:[39m[48;2;24;38;30m [38;2;192;197;206m            [38;2;180;142;173mfor[38;2;192;197;206m [38;2;192;197;206m&[38;2;192;197;206mg [38;2;192;197;206min[38;2;192;197;206m [38;2;192;197;206m&[38;2;192;197;206m[[38;2;208;135;112m0[38;2;180;142;173mu8[38;2;192;197;206m,[38;2;192;197;206m [38;2;208;135;112m128[38;2;192;197;206m,[38;2;192;197;206m [38;2;208;135;112m255[38;2;192;197;206m][38;2;192;197;206m [38;2;192;197;206m{[K
[0m[48;2;40;67;43m[39m+     18[0m:[39m[48;2;24;38;30m [38;2;192;197;206m                [38;2;180;142;173mfor[38;2;192;197;206m [38;2;192;197;206m&[38;2;192;197;206mb [38;2;192;197;206min[38;2;192;197;206m [38;2;192;197;206m&[38;2;192;197;206m[[38;2;208;135;112m0[38;2;180;142;173mu8[38;2;192;197;206m,[38;2;192;197;206m [38;2;208;135;112m128[38;2;192;197;206m,[38;2;192;197;206m [38;2;208;135;112m255[38;2;192;197;206m][38;2;192;197;206m [38;2;192;197;206m{[K
[0m[48;2;40;67;43m[39m+     19[0m:[39m[48;2;24;38;30m [38;2;192;197;206m                    pixels.[38;2;150;181;180mpush[38;2;192;197;206m([38;2;180;142;173mcp_pixel_t[38;2;192;197;206m [38;2;192;197;206m{[38;2;192;197;206m r[38;2;192;197;206m,[38;2;192;197;206m g[38;2;192;197;206m,[38;2;192;197;206m b[38;2;192;197;206m,[38;2;192;197;206m a [38;2;192;197;206m}[38;2;192;197;206m)[38;2;192;197;206m;[K
[0m[48;2;40;67;43m[39m+     20[0m:[39m[48;2;24;38;30m [38;2;192;197;206m                [38;2;192;197;206m}[K
[0m[48;2;40;67;43m[39m+     21[0m:[39m[48;2;24;38;30m [38;2;192;197;206m            [38;2;192;197;206m}[K
[0m[48;2;40;67;43m[39m+     22[0m:[39m[48;2;24;38;30m [38;2;192;197;206m        [38;2;192;197;206m}[K
[0m[48;2;40;67;43m[39m+     23[0m:[39m[48;2;24;38;30m [38;2;192;197;206m    [38;2;192;197;206m}[K
[0m[48;2;40;67;43m[39m+     24[0m:[39m[48;2;24;38;30m [38;2;192;197;206m    pixels[K
[0m[48;2;40;67;43m[39m+     25[0m:[39m[48;2;24;38;30m [38;2;192;197;206m}[K
[0m[48;2;40;67;43m[39m+     26[0m:[39m[48;2;24;38;30m [K
[0m[48;2;40;67;43m[39m+     27[0m:[39m[48;2;24;38;30m [38;2;192;197;206m#[38;2;192;197;206m[[38;2;191;97;106mtest[38;2;192;197;206m][K
[0m[48;2;40;67;43m[39m+     28[0m:[39m[48;2;24;38;30m [38;2;180;142;173mfn[38;2;192;197;206m [38;2;143;161;179mtest_premultiply_matches_c[38;2;192;197;206m([38;2;192;197;206m)[38;2;192;197;206m [38;2;192;197;206m{[K
[0m[48;2;40;67;43m[39m+     29[0m:[39m[48;2;24;38;30m [38;2;192;197;206m    [38;2;180;142;173mlet[38;2;192;197;206m lib [38;2;192;197;206m=[38;2;192;197;206m [38;2;180;142;173munsafe[38;2;192;197;206m [38;2;192;197;206m{[38;2;192;197;206m [38;2;192;197;206mLibrary[38;2;192;197;206m::[38;2;192;197;206mnew[38;2;192;197;206m([38;2;150;181;180mc_lib_path[38;2;192;197;206m([38;2;192;197;206m)[38;2;192;197;206m)[38;2;192;197;206m.[38;2;150;181;180mexpect[38;2;192;197;206m([38;2;192;197;206m"[38;2;163;190;140mFailed to load C .so[38;2;192;197;206m"[38;2;192;197;206m)[38;2;192;197;206m [38;2;192;197;206m}[38;2;192;197;206m;[K
[0m[48;2;40;67;43m[39m+     30[0m:[39m[48;2;24;38;30m [38;2;192;197;206m    [38;2;180;142;173mlet[38;2;192;197;206m [38;2;180;142;173mc_premultiply[38;2;192;197;206m:[38;2;192;197;206m [38;2;192;197;206mSymbol[38;2;192;197;206m<[38;2;192;197;206munsafe [38;2;180;142;173mextern[38;2;192;197;206m [38;2;192;197;206m"[38;2;163;190;140mC[38;2;192;197;206m"[38;2;192;197;206m [38;2;180;142;173mfn[38;2;192;197;206m([38;2;192;197;206m*[38;2;180;142;173mmut[38;2;192;197;206m cp_image_t[38;2;192;197;206m)[38;2;192;197;206m>[38;2;192;197;206m [38;2;192;197;206m=[K
[0m[48;2;40;67;43m[39m+     31[0m:[39m[48;2;24;38;30m [38;2;192;197;206m        [38;2;180;142;173munsafe[38;2;192;197;206m [38;2;192;197;206m{[38;2;192;197;206m lib.[38;2;150;181;180mget[38;2;192;197;206m([38;2;180;142;173mb[38;2;192;197;206m"[38;2;163;190;140mpremultiply[38;2;192;197;206m"[38;2;192;197;206m)[38;2;192;197;206m.[38;2;150;181;180mexpect[38;2;192;197;206m([38;2;192;197;206m"[38;2;163;190;140mFailed to find premultiply[38;2;192;197;206m"[38;2;192;197;206m)[38;2;192;197;206m [38;2;192;197;206m}[38;2;192;197;206m;[K
[0m[48;2;40;67;43m[39m+     32[0m:[39m[48;2;24;38;30m [K
[0m[48;2;40;67;43m[39m+     33[0m:[39m[48;2;24;38;30m [38;2;192;197;206m    [38;2;180;142;173mlet[38;2;192;197;206m pixels [38;2;192;197;206m=[38;2;192;197;206m [38;2;150;181;180mtest_pixels[38;2;192;197;206m([38;2;192;197;206m)[38;2;192;197;206m;[K
[0m[48;2;40;67;43m[39m+     34[0m:[39m[48;2;24;38;30m [38;2;192;197;206m    [38;2;180;142;173mlet[38;2;192;197;206m w [38;2;192;197;206m=[38;2;192;197;206m pixels.[38;2;150;181;180mlen[38;2;192;197;206m([38;2;192;197;206m)[38;2;192;197;206m [38;2;192;197;206mas[38;2;192;197;206m [38;2;180;142;173mc_int[38;2;192;197;206m;[K
[0m[48;2;40;67;43m[39m+     35[0m:[39m[48;2;24;38;30m [38;2;192;197;206m    [38;2;180;142;173mlet[38;2;192;197;206m h [38;2;192;197;206m=[38;2;192;197;206m [38;2;208;135;112m1[38;2;192;197;206m [38;2;192;197;206mas[38;2;192;197;206m [38;2;180;142;173mc_int[38;2;192;197;206m;[K
[0m[48;2;40;67;43m[39m+     36[0m:[39m[48;2;24;38;30m [K
[0m[48;2;40;67;43m[39m+     37[0m:[39m[48;2;24;38;30m [38;2;192;197;206m    [38;2;101;115;126m//[38;2;101;115;126m Clone for C and Rust separately[K
[0m[48;2;40;67;43m[39m+     38[0m:[39m[48;2;24;38;30m [38;2;192;197;206m    [38;2;180;142;173mlet[38;2;192;197;206m [38;2;180;142;173mmut[38;2;192;197;206m [38;2;180;142;173mc_pixels[38;2;192;197;206m:[38;2;192;197;206m [38;2;192;197;206mVec[38;2;192;197;206m<[38;2;192;197;206mcp_pixel_t[38;2;192;197;206m>[38;2;192;197;206m [38;2;192;197;206m=[38;2;192;197;206m pixels[K
[0m[48;2;40;67;43m[39m+     39[0m:[39m[48;2;24;38;30m [38;2;192;197;206m        .[38;2;150;181;180miter[38;2;192;197;206m([38;2;192;197;206m)[K
[0m[48;2;40;67;43m[39m+     40[0m:[39m[48;2;24;38;30m [38;2;192;197;206m        .[38;2;150;181;180mmap[38;2;192;197;206m([38;2;192;197;206m|[38;2;191;97;106mp[38;2;192;197;206m|[38;2;192;197;206m [38;2;180;142;173mcp_pixel_t[38;2;192;197;206m [38;2;192;197;206m{[38;2;192;197;206m r[38;2;192;197;206m:[38;2;192;197;206m p.r[38;2;192;197;206m,[38;2;192;197;206m g[38;2;192;197;206m:[38;2;192;197;206m p.g[38;2;192;197;206m,[38;2;192;197;206m b[38;2;192;197;206m:[38;2;192;197;206m p.b[38;2;192;197;206m,[38;2;192;197;206m a[38;2;192;197;206m:[38;2;192;197;206m p.a [38;2;192;197;206m}[38;2;192;197;206m)[K
[0m[48;2;40;67;43m[39m+     41[0m:[39m[48;2;24;38;30m [38;2;192;197;206m        .[38;2;150;181;180mcollect[38;2;192;197;206m([38;2;192;197;206m)[38;2;192;197;206m;[K
[0m[48;2;40;67;43m[39m+     42[0m:[39m[48;2;24;38;30m [38;2;192;197;206m    [38;2;180;142;173mlet[38;2;192;197;206m [38;2;180;142;173mmut[38;2;192;197;206m rust_pixels[38;2;192;197;206m:[38;2;192;197;206m [38;2;192;197;206mVec[38;2;192;197;206m<[38;2;192;197;206mcp_pixel_t[38;2;192;197;206m>[38;2;192;197;206m [38;2;192;197;206m=[38;2;192;197;206m pixels[K
[0m[48;2;40;67;43m[39m+     43[0m:[39m[48;2;24;38;30m [38;2;192;197;206m        .[38;2;150;181;180miter[38;2;192;197;206m([38;2;192;197;206m)[K
[0m[48;2;40;67;43m[39m+     44[0m:[39m[48;2;24;38;30m [38;2;192;197;206m        .[38;2;150;181;180mmap[38;2;192;197;206m([38;2;192;197;206m|[38;2;191;97;106mp[38;2;192;197;206m|[38;2;192;197;206m [38;2;180;142;173mcp_pixel_t[38;2;192;197;206m [38;2;192;197;206m{[38;2;192;197;206m r[38;2;192;197;206m:[38;2;192;197;206m p.r[38;2;192;197;206m,[38;2;192;197;206m g[38;2;192;197;206m:[38;2;192;197;206m p.g[38;2;192;197;206m,[38;2;192;197;206m b[38;2;192;197;206m:[38;2;192;197;206m p.b[38;2;192;197;206m,[38;2;192;197;206m a[38;2;192;197;206m:[38;2;192;197;206m p.a [38;2;192;197;206m}[38;2;192;197;206m)[K
[0m[48;2;40;67;43m[39m+     45[0m:[39m[48;2;24;38;30m [38;2;192;197;206m        .[38;2;150;181;180mcollect[38;2;192;197;206m([38;2;192;197;206m)[38;2;192;197;206m;[K
[0m[48;2;40;67;43m[39m+     46[0m:[39m[48;2;24;38;30m [K
[0m[48;2;40;67;43m[39m+     47[0m:[39m[48;2;24;38;30m [38;2;192;197;206m    [38;2;180;142;173mlet[38;2;192;197;206m [38;2;180;142;173mmut[38;2;192;197;206m [38;2;180;142;173mc_img[38;2;192;197;206m [38;2;192;197;206m=[38;2;192;197;206m [38;2;180;142;173mcp_image_t[38;2;192;197;206m [38;2;192;197;206m{[38;2;192;197;206m w[38;2;192;197;206m,[38;2;192;197;206m h[38;2;192;197;206m,[38;2;192;197;206m pix[38;2;192;197;206m:[38;2;192;197;206m [38;2;180;142;173mc_pixels[38;2;192;197;206m.[38;2;150;181;180mas_mut_ptr[38;2;192;197;206m([38;2;192;197;206m)[38;2;192;197;206m [38;2;192;197;206m}[38;2;192;197;206m;[K
[0m[48;2;40;67;43m[39m+     48[0m:[39m[48;2;24;38;30m [38;2;192;197;206m    [38;2;180;142;173mlet[38;2;192;197;206m [38;2;180;142;173mmut[38;2;192;197;206m rust_img [38;2;192;197;206m=[38;2;192;197;206m [38;2;180;142;173mcp_image_t[38;2;192;197;206m [38;2;192;197;206m{[38;2;192;197;206m w[38;2;192;197;206m,[38;2;192;197;206m h[38;2;192;197;206m,[38;2;192;197;206m pix[38;2;192;197;206m:[38;2;192;197;206m rust_pixels.[38;2;150;181;180mas_mut_ptr[38;2;192;197;206m([38;2;192;197;206m)[38;2;192;197;206m [38;2;192;197;206m}[38;2;192;197;206m;[K
[0m[48;2;40;67;43m[39m+     49[0m:[39m[48;2;24;38;30m [K
[0m[48;2;40;67;43m[39m+     50[0m:[39m[48;2;24;38;30m [38;2;192;197;206m    [38;2;180;142;173munsafe[38;2;192;197;206m [38;2;192;197;206m{[K
[0m[48;2;40;67;43m[39m+     51[0m:[39m[48;2;24;38;30m [38;2;192;197;206m        [38;2;150;181;180mc_premultiply[38;2;192;197;206m([38;2;192;197;206m&[38;2;180;142;173mmut[38;2;192;197;206m [38;2;180;142;173mc_img[38;2;192;197;206m)[38;2;192;197;206m;[K
[0m[48;2;40;67;43m[39m+     52[0m:[39m[48;2;24;38;30m [38;2;192;197;206m        [38;2;150;181;180mpremultiply[38;2;192;197;206m([38;2;192;197;206m&[38;2;180;142;173mmut[38;2;192;197;206m rust_img[38;2;192;197;206m)[38;2;192;197;206m;[K
[0m[48;2;40;67;43m[39m+     53[0m:[39m[48;2;24;38;30m [38;2;192;197;206m    [38;2;192;197;206m}[K
[0m[48;2;40;67;43m[39m+     54[0m:[39m[48;2;24;38;30m [K
[0m[48;2;40;67;43m[39m+     55[0m:[39m[48;2;24;38;30m [38;2;192;197;206m    [38;2;180;142;173mfor[38;2;192;197;206m [38;2;192;197;206m([38;2;192;197;206mi[38;2;192;197;206m,[38;2;192;197;206m [38;2;192;197;206m([38;2;192;197;206mc[38;2;192;197;206m,[38;2;192;197;206m r[38;2;192;197;206m)[38;2;192;197;206m)[38;2;192;197;206m [38;2;192;197;206min[38;2;192;197;206m [38;2;180;142;173mc_pixels[38;2;192;197;206m.[38;2;150;181;180miter[38;2;192;197;206m([38;2;192;197;206m)[38;2;192;197;206m.[38;2;150;181;180mzip[38;2;192;197;206m([38;2;192;197;206mrust_pixels.[38;2;150;181;180miter[38;2;192;197;206m([38;2;192;197;206m)[38;2;192;197;206m)[38;2;192;197;206m.[38;2;150;181;180menumerate[38;2;192;197;206m([38;2;192;197;206m)[38;2;192;197;206m [38;2;192;197;206m{[K
[0m[48;2;40;67;43m[39m+     56[0m:[39m[48;2;24;38;30m [38;2;192;197;206m        [38;2;180;142;173mlet[38;2;192;197;206m orig [38;2;192;197;206m=[38;2;192;197;206m [38;2;192;197;206m&[38;2;192;197;206mpixels[38;2;192;197;206m[[38;2;192;197;206mi[38;2;192;197;206m][38;2;192;197;206m;[K
[0m[48;2;40;67;43m[39m+     57[0m:[39m[48;2;24;38;30m [38;2;192;197;206m        [38;2;192;197;206massert_eq![38;2;192;197;206m([K
[0m[48;2;40;67;43m[39m+     58[0m:[39m[48;2;24;38;30m [38;2;192;197;206m            [38;2;192;197;206m([38;2;192;197;206mc.r[38;2;192;197;206m,[38;2;192;197;206m c.g[38;2;192;197;206m,[38;2;192;197;206m c.b[38;2;192;197;206m,[38;2;192;197;206m c.a[38;2;192;197;206m)[38;2;192;197;206m,[K
[0m[48;2;40;67;43m[39m+     59[0m:[39m[48;2;24;38;30m [38;2;192;197;206m            [38;2;192;197;206m([38;2;192;197;206mr.r[38;2;192;197;206m,[38;2;192;197;206m r.g[38;2;192;197;206m,[38;2;192;197;206m r.b[38;2;192;197;206m,[38;2;192;197;206m r.a[38;2;192;197;206m)[38;2;192;197;206m,[K
[0m[48;2;40;67;43m[39m+     60[0m:[39m[48;2;24;38;30m [38;2;192;197;206m            [38;2;192;197;206m"[38;2;163;190;140mMismatch at pixel {}: input=({},{},{},{}), C=({},{},{},{}), Rust=({},{},{},{})[38;2;192;197;206m"[38;2;192;197;206m,[K
[0m[48;2;40;67;43m[39m+     61[0m:[39m[48;2;24;38;30m [38;2;192;197;206m            i[38;2;192;197;206m,[38;2;192;197;206m orig.r[38;2;192;197;206m,[38;2;192;197;206m orig.g[38;2;192;197;206m,[38;2;192;197;206m orig.b[38;2;192;197;206m,[38;2;192;197;206m orig.a[38;2;192;197;206m,[K
[0m[48;2;40;67;43m[39m+     62[0m:[39m[48;2;24;38;30m [38;2;192;197;206m            c.r[38;2;192;197;206m,[38;2;192;197;206m c.g[38;2;192;197;206m,[38;2;192;197;206m c.b[38;2;192;197;206m,[38;2;192;197;206m c.a[38;2;192;197;206m,[K
[0m[48;2;40;67;43m[39m+     63[0m:[39m[48;2;24;38;30m [38;2;192;197;206m            r.r[38;2;192;197;206m,[38;2;192;197;206m r.g[38;2;192;197;206m,[38;2;192;197;206m r.b[38;2;192;197;206m,[38;2;192;197;206m r.a[38;2;192;197;206m,[K
[0m[48;2;40;67;43m[39m+     64[0m:[39m[48;2;24;38;30m [38;2;192;197;206m        [38;2;192;197;206m)[38;2;192;197;206m;[K
[0m[48;2;40;67;43m[39m+     65[0m:[39m[48;2;24;38;30m [38;2;192;197;206m    [38;2;192;197;206m}[K
[0m[48;2;40;67;43m[39m+     66[0m:[39m[48;2;24;38;30m [38;2;192;197;206m}[K
[0m[48;2;40;67;43m[39m+     67[0m:[39m[48;2;24;38;30m [K
[0m[48;2;40;67;43m[39m+     68[0m:[39m[48;2;24;38;30m [38;2;101;115;126m///[38;2;101;115;126m Test with a multi-row image to verify stride handling[K
[0m[48;2;40;67;43m[39m+     69[0m:[39m[48;2;24;38;30m [38;2;192;197;206m#[38;2;192;197;206m[[38;2;191;97;106mtest[38;2;192;197;206m][K
[0m[48;2;40;67;43m[39m+     70[0m:[39m[48;2;24;38;30m [38;2;180;142;173mfn[38;2;192;197;206m [38;2;143;161;179mtest_premultiply_multirow[38;2;192;197;206m([38;2;192;197;206m)[38;2;192;197;206m [38;2;192;197;206m{[K
[0m[48;2;40;67;43m[39m+     71[0m:[39m[48;2;24;38;30m [38;2;192;197;206m    [38;2;180;142;173mlet[38;2;192;197;206m lib [38;2;192;197;206m=[38;2;192;197;206m [38;2;180;142;173munsafe[38;2;192;197;206m [38;2;192;197;206m{[38;2;192;197;206m [38;2;192;197;206mLibrary[38;2;192;197;206m::[38;2;192;197;206mnew[38;2;192;197;206m([38;2;150;181;180mc_lib_path[38;2;192;197;206m([38;2;192;197;206m)[38;2;192;197;206m)[38;2;192;197;206m.[38;2;150;181;180mexpect[38;2;192;197;206m([38;2;192;197;206m"[38;2;163;190;140mFailed to load C .so[38;2;192;197;206m"[38;2;192;197;206m)[38;2;192;197;206m [38;2;192;197;206m}[38;2;192;197;206m;[K
[0m[48;2;40;67;43m[39m+     72[0m:[39m[48;2;24;38;30m [38;2;192;197;206m    [38;2;180;142;173mlet[38;2;192;197;206m [38;2;180;142;173mc_premultiply[38;2;192;197;206m:[38;2;192;197;206m [38;2;192;197;206mSymbol[38;2;192;197;206m<[38;2;192;197;206munsafe [38;2;180;142;173mextern[38;2;192;197;206m [38;2;192;197;206m"[38;2;163;190;140mC[38;2;192;197;206m"[38;2;192;197;206m [38;2;180;142;173mfn[38;2;192;197;206m([38;2;192;197;206m*[38;2;180;142;173mmut[38;2;192;197;206m cp_image_t[38;2;192;197;206m)[38;2;192;197;206m>[38;2;192;197;206m [38;2;192;197;206m=[K
[0m[48;2;40;67;43m[39m+     73[0m:[39m[48;2;24;38;30m [38;2;192;197;206m        [38;2;180;142;173munsafe[38;2;192;197;206m [38;2;192;197;206m{[38;2;192;197;206m lib.[38;2;150;181;180mget[38;2;192;197;206m([38;2;180;142;173mb[38;2;192;197;206m"[38;2;163;190;140mpremultiply[38;2;192;197;206m"[38;2;192;197;206m)[38;2;192;197;206m.[38;2;150;181;180mexpect[38;2;192;197;206m([38;2;192;197;206m"[38;2;163;190;140mFailed to find premultiply[38;2;192;197;206m"[38;2;192;197;206m)[38;2;192;197;206m [38;2;192;197;206m}[38;2;192;197;206m;[K
[0m[48;2;40;67;43m[39m+     74[0m:[39m[48;2;24;38;30m [K
[0m[48;2;40;67;43m[39m+     75[0m:[39m[48;2;24;38;30m [38;2;192;197;206m    [38;2;180;142;173mlet[38;2;192;197;206m w [38;2;192;197;206m=[38;2;192;197;206m [38;2;208;135;112m3[38;2;180;142;173mi32[38;2;192;197;206m;[K
[0m[48;2;40;67;43m[39m+     76[0m:[39m[48;2;24;38;30m [38;2;192;197;206m    [38;2;180;142;173mlet[38;2;192;197;206m h [38;2;192;197;206m=[38;2;192;197;206m [38;2;208;135;112m2[38;2;180;142;173mi32[38;2;192;197;206m;[K
[0m[48;2;40;67;43m[39m+     77[0m:[39m[48;2;24;38;30m [38;2;192;197;206m    [38;2;180;142;173mlet[38;2;192;197;206m base[38;2;192;197;206m:[38;2;192;197;206m [38;2;192;197;206mVec[38;2;192;197;206m<[38;2;192;197;206mcp_pixel_t[38;2;192;197;206m>[38;2;192;197;206m [38;2;192;197;206m=[38;2;192;197;206m [38;2;192;197;206m([38;2;208;135;112m0[38;2;192;197;206m..[38;2;208;135;112m6[38;2;192;197;206m)[K
[0m[48;2;40;67;43m[39m+     78[0m:[39m[48;2;24;38;30m [38;2;192;197;206m        .[38;2;150;181;180mmap[38;2;192;197;206m([38;2;192;197;206m|[38;2;191;97;106mi[38;2;192;197;206m|[38;2;192;197;206m [38;2;180;142;173mcp_pixel_t[38;2;192;197;206m [38;2;192;197;206m{[K
[0m[48;2;40;67;43m[39m+     79[0m:[39m[48;2;24;38;30m [38;2;192;197;206m            r[38;2;192;197;206m:[38;2;192;197;206m [38;2;192;197;206m([38;2;192;197;206mi [38;2;192;197;206m*[38;2;192;197;206m [38;2;208;135;112m40[38;2;192;197;206m [38;2;192;197;206m+[38;2;192;197;206m [38;2;208;135;112m10[38;2;192;197;206m)[38;2;192;197;206m [38;2;192;197;206mas[38;2;192;197;206m [38;2;180;142;173mu8[38;2;192;197;206m,[K
[0m[48;2;40;67;43m[39m+     80[0m:[39m[48;2;24;38;30m [38;2;192;197;206m            g[38;2;192;197;206m:[38;2;192;197;206m [38;2;192;197;206m([38;2;192;197;206mi [38;2;192;197;206m*[38;2;192;197;206m [38;2;208;135;112m30[38;2;192;197;206m [38;2;192;197;206m+[38;2;192;197;206m [38;2;208;135;112m20[38;2;192;197;206m)[38;2;192;197;206m [38;2;192;197;206mas[38;2;192;197;206m [38;2;180;142;173mu8[38;2;192;197;206m,[K
[0m[48;2;40;67;43m[39m+     81[0m:[39m[48;2;24;38;30m [38;2;192;197;206m            b[38;2;192;197;206m:[38;2;192;197;206m [38;2;192;197;206m([38;2;192;197;206mi [38;2;192;197;206m*[38;2;192;197;206m [38;2;208;135;112m20[38;2;192;197;206m [38;2;192;197;206m+[38;2;192;197;206m [38;2;208;135;112m30[38;2;192;197;206m)[38;2;192;197;206m [38;2;192;197;206mas[38;2;192;197;206m [38;2;180;142;173mu8[38;2;192;197;206m,[K
[0m[48;2;40;67;43m[39m+     82[0m:[39m[48;2;24;38;30m [38;2;192;197;206m            a[38;2;192;197;206m:[38;2;192;197;206m [38;2;192;197;206m([38;2;192;197;206mi [38;2;192;197;206m*[38;2;192;197;206m [38;2;208;135;112m50[38;2;192;197;206m)[38;2;192;197;206m [38;2;192;197;206mas[38;2;192;197;206m [38;2;180;142;173mu8[38;2;192;197;206m,[K
[0m[48;2;40;67;43m[39m+     83[0m:[39m[48;2;24;38;30m [38;2;192;197;206m        [38;2;192;197;206m}[38;2;192;197;206m)[K
[0m[48;2;40;67;43m[39m+     84[0m:[39m[48;2;24;38;30m [38;2;192;197;206m        .[38;2;150;181;180mcollect[38;2;192;197;206m([38;2;192;197;206m)[38;2;192;197;206m;[K
[0m[48;2;40;67;43m[39m+     85[0m:[39m[48;2;24;38;30m [K
[0m[48;2;40;67;43m[39m+     86[0m:[39m[48;2;24;38;30m [38;2;192;197;206m    [38;2;180;142;173mlet[38;2;192;197;206m [38;2;180;142;173mmut[38;2;192;197;206m [38;2;180;142;173mc_pix[38;2;192;197;206m:[38;2;192;197;206m [38;2;192;197;206mVec[38;2;192;197;206m<[38;2;192;197;206mcp_pixel_t[38;2;192;197;206m>[38;2;192;197;206m [38;2;192;197;206m=[38;2;192;197;206m base.[38;2;150;181;180miter[38;2;192;197;206m([38;2;192;197;206m)[38;2;192;197;206m.[38;2;150;181;180mmap[38;2;192;197;206m([38;2;192;197;206m|[38;2;191;97;106mp[38;2;192;197;206m|[38;2;192;197;206m [38;2;180;142;173mcp_pixel_t[38;2;192;197;206m [38;2;192;197;206m{[38;2;192;197;206m r[38;2;192;197;206m:[38;2;192;197;206m p.r[38;2;192;197;206m,[38;2;192;197;206m g[38;2;192;197;206m:[38;2;192;197;206m p.g[38;2;192;197;206m,[38;2;192;197;206m b[38;2;192;197;206m:[38;2;192;197;206m p.b[38;2;192;197;206m,[38;2;192;197;206m a[38;2;192;197;206m:[38;2;192;197;206m p.a [38;2;192;197;206m}[38;2;192;197;206m)[38;2;192;197;206m.[38;2;150;181;180mcollect[38;2;192;197;206m([38;2;192;197;206m)[38;2;192;197;206m;[K
[0m[48;2;40;67;43m[39m+     87[0m:[39m[48;2;24;38;30m [38;2;192;197;206m    [38;2;180;142;173mlet[38;2;192;197;206m [38;2;180;142;173mmut[38;2;192;197;206m r_pix[38;2;192;197;206m:[38;2;192;197;206m [38;2;192;197;206mVec[38;2;192;197;206m<[38;2;192;197;206mcp_pixel_t[38;2;192;197;206m>[38;2;192;197;206m [38;2;192;197;206m=[38;2;192;197;206m base.[38;2;150;181;180miter[38;2;192;197;206m([38;2;192;197;206m)[38;2;192;197;206m.[38;2;150;181;180mmap[38;2;192;197;206m([38;2;192;197;206m|[38;2;191;97;106mp[38;2;192;197;206m|[38;2;192;197;206m [38;2;180;142;173mcp_pixel_t[38;2;192;197;206m [38;2;192;197;206m{[38;2;192;197;206m r[38;2;192;197;206m:[38;2;192;197;206m p.r[38;2;192;197;206m,[38;2;192;197;206m g[38;2;192;197;206m:[38;2;192;197;206m p.g[38;2;192;197;206m,[38;2;192;197;206m b[38;2;192;197;206m:[38;2;192;197;206m p.b[38;2;192;197;206m,[38;2;192;197;206m a[38;2;192;197;206m:[38;2;192;197;206m p.a [38;2;192;197;206m}[38;2;192;197;206m)[38;2;192;197;206m.[38;2;150;181;180mcollect[38;2;192;197;206m([38;2;192;197;206m)[38;2;192;197;206m;[K
[0m[48;2;40;67;43m[39m+     88[0m:[39m[48;2;24;38;30m [K
[0m[48;2;40;67;43m[39m+     89[0m:[39m[48;2;24;38;30m [38;2;192;197;206m    [38;2;180;142;173mlet[38;2;192;197;206m [38;2;180;142;173mmut[38;2;192;197;206m [38;2;180;142;173mc_img[38;2;192;197;206m [38;2;192;197;206m=[38;2;192;197;206m [38;2;180;142;173mcp_image_t[38;2;192;197;206m [38;2;192;197;206m{[38;2;192;197;206m w[38;2;192;197;206m,[38;2;192;197;206m h[38;2;192;197;206m,[38;2;192;197;206m pix[38;2;192;197;206m:[38;2;192;197;206m [38;2;180;142;173mc_pix[38;2;192;197;206m.[38;2;150;181;180mas_mut_ptr[38;2;192;197;206m([38;2;192;197;206m)[38;2;192;197;206m [38;2;192;197;206m}[38;2;192;197;206m;[K
[0m[48;2;40;67;43m[39m+     90[0m:[39m[48;2;24;38;30m [38;2;192;197;206m    [38;2;180;142;173mlet[38;2;192;197;206m [38;2;180;142;173mmut[38;2;192;197;206m r_img [38;2;192;197;206m=[38;2;192;197;206m [38;2;180;142;173mcp_image_t[38;2;192;197;206m [38;2;192;197;206m{[38;2;192;197;206m w[38;2;192;197;206m,[38;2;192;197;206m h[38;2;192;197;206m,[38;2;192;197;206m pix[38;2;192;197;206m:[38;2;192;197;206m r_pix.[38;2;150;181;180mas_mut_ptr[38;2;192;197;206m([38;2;192;197;206m)[38;2;192;197;206m [38;2;192;197;206m}[38;2;192;197;206m;[K
[0m[48;2;40;67;43m[39m+     91[0m:[39m[48;2;24;38;30m [K
[0m[48;2;40;67;43m[39m+     92[0m:[39m[48;2;24;38;30m [38;2;192;197;206m    [38;2;180;142;173munsafe[38;2;192;197;206m [38;2;192;197;206m{[K
[0m[48;2;40;67;43m[39m+     93[0m:[39m[48;2;24;38;30m [38;2;192;197;206m        [38;2;150;181;180mc_premultiply[38;2;192;197;206m([38;2;192;197;206m&[38;2;180;142;173mmut[38;2;192;197;206m [38;2;180;142;173mc_img[38;2;192;197;206m)[38;2;192;197;206m;[K
[0m[48;2;40;67;43m[39m+     94[0m:[39m[48;2;24;38;30m [38;2;192;197;206m        [38;2;150;181;180mpremultiply[38;2;192;197;206m([38;2;192;197;206m&[38;2;180;142;173mmut[38;2;192;197;206m r_img[38;2;192;197;206m)[38;2;192;197;206m;[K
[0m[48;2;40;67;43m[39m+     95[0m:[39m[48;2;24;38;30m [38;2;192;197;206m    [38;2;192;197;206m}[K
[0m[48;2;40;67;43m[39m+     96[0m:[39m[48;2;24;38;30m [K
[0m[48;2;40;67;43m[39m+     97[0m:[39m[48;2;24;38;30m [38;2;192;197;206m    [38;2;180;142;173mfor[38;2;192;197;206m [38;2;192;197;206m([38;2;192;197;206mi[38;2;192;197;206m,[38;2;192;197;206m [38;2;192;197;206m([38;2;192;197;206mc[38;2;192;197;206m,[38;2;192;197;206m r[38;2;192;197;206m)[38;2;192;197;206m)[38;2;192;197;206m [38;2;192;197;206min[38;2;192;197;206m [38;2;180;142;173mc_pix[38;2;192;197;206m.[38;2;150;181;180miter[38;2;192;197;206m([38;2;192;197;206m)[38;2;192;197;206m.[38;2;150;181;180mzip[38;2;192;197;206m([38;2;192;197;206mr_pix.[38;2;150;181;180miter[38;2;192;197;206m([38;2;192;197;206m)[38;2;192;197;206m)[38;2;192;197;206m.[38;2;150;181;180menumerate[38;2;192;197;206m([38;2;192;197;206m)[38;2;192;197;206m [38;2;192;197;206m{[K
[0m[48;2;40;67;43m[39m+     98[0m:[39m[48;2;24;38;30m [38;2;192;197;206m        [38;2;192;197;206massert_eq![38;2;192;197;206m([K
[0m[48;2;40;67;43m[39m+     99[0m:[39m[48;2;24;38;30m [38;2;192;197;206m            [38;2;192;197;206m([38;2;192;197;206mc.r[38;2;192;197;206m,[38;2;192;197;206m c.g[38;2;192;197;206m,[38;2;192;197;206m c.b[38;2;192;197;206m,[38;2;192;197;206m c.a[38;2;192;197;206m)[38;2;192;197;206m,[K
[0m[48;2;40;67;43m[39m+    100[0m:[39m[48;2;24;38;30m [38;2;192;197;206m            [38;2;192;197;206m([38;2;192;197;206mr.r[38;2;192;197;206m,[38;2;192;197;206m r.g[38;2;192;197;206m,[38;2;192;197;206m r.b[38;2;192;197;206m,[38;2;192;197;206m r.a[38;2;192;197;206m)[38;2;192;197;206m,[K
[0m[48;2;40;67;43m[39m+    101[0m:[39m[48;2;24;38;30m [38;2;192;197;206m            [38;2;192;197;206m"[38;2;163;190;140mMultirow mismatch at pixel {}[38;2;192;197;206m"[38;2;192;197;206m,[38;2;192;197;206m i[K
[0m[48;2;40;67;43m[39m+    102[0m:[39m[48;2;24;38;30m [38;2;192;197;206m        [38;2;192;197;206m)[38;2;192;197;206m;[K
[0m[48;2;40;67;43m[39m+    103[0m:[39m[48;2;24;38;30m [38;2;192;197;206m    [38;2;192;197;206m}[K
[0m[48;2;40;67;43m[39m+    104[0m:[39m[48;2;24;38;30m [38;2;192;197;206m}[K
[0m[K
Creating: [38;5;141m/local/home/scheschb/reserach/TRACTOR/harvest-agentic/results/B01_organic/premultiply_lib/translated_rust/tests/compare.rs[0m
[38;5;244m - Completed in 0.42s[0m
[38;5;12m[1m [1.14][0m[0m
[?25l[0m[?25l[0m[0m[38;5;11mTODO:
[39m[38;5;10m[x] [3m[38;5;244mWrite integration tests comparing C vs Rust outputs[23m
[0m[ ] Run tests and fix any mismatches in Rust code[38;5;244m - Completed in 0.40s[0m
[38;5;12m[1m [1.15][0m[0m
[?25l[0m[38;5;141m> [0mNow let's run the tests:[0m[0m
[?25l[0m[0mI will run the following command: [38;5;141mcd /local/home/scheschb/reserach/TRACTOR/harvest-agentic/results/B01_organic/premultiply_lib/translated_rust && timeout 600 cargo test 2>&1 | tail -40[0m (in [38;5;141mtranslated_rust[0m)[38;5;244m (using tool: shell)[0m
Purpose: Run integration tests

    Updating crates.io index
     Locking 3 packages to latest compatible versions
      Adding cfg-if v1.0.4
      Adding libloading v0.8.9 (available: v0.9.0)
      Adding windows-link v0.2.1
   Compiling cfg-if v1.0.4
   Compiling libloading v0.8.9
   Compiling premultiply_lib v0.1.0 (/local/home/scheschb/reserach/TRACTOR/harvest-agentic/results/B01_organic/premultiply_lib/translated_rust)
error[E0432]: unresolved import `premultiply_lib`
 --> tests/compare.rs:2:5
  |
2 | use premultiply_lib::{cp_image_t, cp_pixel_t, premultiply};
  |     ^^^^^^^^^^^^^^^ use of unresolved module or unlinked crate `premultiply_lib`
  |
  = help: if you wanted to use a crate named `premultiply_lib`, use `cargo add premultiply_lib` to add it to your `Cargo.toml`

For more information about this error, try `rustc --explain E0432`.
error: could not compile `premultiply_lib` (test "compare") due to 1 previous error
warning: build failed, waiting for other jobs to finish...
[38;5;244m - Completed in 0.590s[0m
[38;5;12m[1m [1.16][0m[0m
[?25l[0m[38;5;141m> [0mThe cdylib crate type doesn't produce an rlib for integration tests to link against. I need to add [38;5;10m"lib"[0m to crate-type:[0m[0m
[?25l[0m[0mI'll modify the following file: [38;5;141mtranslated_rust/Cargo.toml[0m[38;5;244m (using tool: write)[0m
Purpose: Add lib crate-type so integration tests can link against the crate

[49m[38;5;9m- 7   [0m:[38;5;9m[49m crate-type = ["cdylib"]
[0m[49m[38;5;10m+    7[0m:[38;5;10m[49m crate-type = ["cdylib", "lib"]
[0m[K
Updating: [38;5;141mtranslated_rust/Cargo.toml[0m
[38;5;244m - Completed in 0.44s[0m
[38;5;12m[1m [1.17][0m[0m
[?25l[0m[?25l[0m[0mI will run the following command: [38;5;141mcd /local/home/scheschb/reserach/TRACTOR/harvest-agentic/results/B01_organic/premultiply_lib/translated_rust && timeout 600 cargo test 2>&1 | tail -30[0m (in [38;5;141mtranslated_rust[0m)[38;5;244m (using tool: shell)[0m
Purpose: Run tests again after fixing crate-type

   Compiling premultiply_lib v0.1.0 (/local/home/scheschb/reserach/TRACTOR/harvest-agentic/results/B01_organic/premultiply_lib/translated_rust)
    Finished `test` profile [unoptimized + debuginfo] target(s) in 0.48s
     Running unittests src/lib.rs (target/debug/deps/premultiply_lib-4748f715873c9ba8)

running 0 tests

test result: ok. 0 passed; 0 failed; 0 ignored; 0 measured; 0 filtered out; finished in 0.00s

     Running tests/compare.rs (target/debug/deps/compare-a24791d3b3016685)

running 2 tests
test test_premultiply_multirow ... ok
test test_premultiply_matches_c ... ok

test result: ok. 2 passed; 0 failed; 0 ignored; 0 measured; 0 filtered out; finished in 0.00s

   Doc-tests premultiply_lib

running 0 tests

test result: ok. 0 passed; 0 failed; 0 ignored; 0 measured; 0 filtered out; finished in 0.00s

[38;5;244m - Completed in 0.993s[0m
[38;5;12m[1m [1.18][0m[0m
[?25l[0m[38;5;141m> [0mAll tests pass — the Rust translation produces byte-identical output to the C code. Now let me compare the exported symbols:[0m[0m
[?25l[0m[0m[38;5;11mTODO:
[39m[38;5;10m[x] [3m[38;5;244mRun tests and fix any mismatches in Rust code[23m
[0m[ ] Compare nm -D symbols between C .so and Rust .so, fix missing exports[38;5;244m - Completed in 0.46s[0m
[38;5;12m[1m [1.19][0m[0m
[?25l[0m[38;5;141m> [0mNow let's compare [38;5;10mnm -D[0m symbols between C and Rust .so files:[0m[0m
[?25l[0m[0mI will run the following command: [38;5;141mcd /local/home/scheschb/reserach/TRACTOR/harvest-agentic/results/B01_organic/premultiply_lib/translated_rust && timeout 60 cargo build 2>&1 | tail -5[0m (in [38;5;141mtranslated_rust[0m)[38;5;244m (using tool: shell)[0m
Purpose: Build Rust cdylib

    Finished `dev` profile [unoptimized + debuginfo] target(s) in 0.01s
[38;5;244m - Completed in 0.127s[0m
[38;5;12m[1m [1.20][0m[0m
[?25l[0m[?25l[0m[0mI will run the following command: [38;5;141mRUST_SO=$(find /local/home/scheschb/reserach/TRACTOR/harvest-agentic/results/B01_organic/premultiply_lib/translated_rust/target/debug -name 'libpremultiply_lib.so' -type f 2>/dev/null | head -1)
C_SO=/local/home/scheschb/reserach/TRACTOR/harvest-agentic/results/B01_organic/premultiply_lib/translated_rust/c_src/build/libpremultiply_lib.so

echo "=== C .so exported symbols (T only) ==="
nm -D "$C_SO" | grep ' T ' | awk '{print $3}' | sort

echo ""
echo "=== Rust .so exported symbols (T only) ==="
nm -D "$RUST_SO" | grep ' T ' | awk '{print $3}' | sort

echo ""
echo "=== C symbols missing from Rust ==="
comm -23 <(nm -D "$C_SO" | grep ' T ' | awk '{print $3}' | sort) <(nm -D "$RUST_SO" | grep ' T ' | awk '{print $3}' | sort)[0m[38;5;244m (using tool: shell)[0m
Purpose: Compare nm -D symbols between C and Rust .so files

=== C .so exported symbols (T only) ===
_fini
_init
premultiply

=== Rust .so exported symbols (T only) ===
premultiply

=== C symbols missing from Rust ===
_fini
_init
[38;5;244m - Completed in 0.65s[0m
[38;5;12m[1m [1.21][0m[0m
[?25l[0m[38;5;141m> [0m[38;5;10m_fini[0m and [38;5;10m_init[0m are standard ELF linker-generated symbols, not user-defined C functions. They're automatically created by the linker for shared library initialization/finalization. The Rust linker handles these differently but they're not part of the project's API. The only meaningful exported symbol is [38;5;10mpremultiply[0m, which is present in both.[0m[0m
[0m[0m
Let me verify there are no other symbols I might be missing by checking all dynamic symbols (not just [38;5;10mT[0m):[0m[0m
[?25l[0m[0mI will run the following command: [38;5;141mRUST_SO=$(find /local/home/scheschb/reserach/TRACTOR/harvest-agentic/results/B01_organic/premultiply_lib/translated_rust/target/debug -name 'libpremultiply_lib.so' -type f | head -1)
C_SO=/local/home/scheschb/reserach/TRACTOR/harvest-agentic/results/B01_organic/premultiply_lib/translated_rust/c_src/build/libpremultiply_lib.so

echo "=== Full C nm -D ==="
nm -D "$C_SO"
echo ""
echo "=== Full Rust nm -D ==="
nm -D "$RUST_SO"[0m[38;5;244m (using tool: shell)[0m
Purpose: Full nm -D comparison

=== Full C nm -D ===
0000000000201020 B __bss_start
                 w __cxa_finalize
0000000000201020 D _edata
0000000000201028 B _end
0000000000000680 T _fini
                 w __gmon_start__
00000000000004d0 T _init
                 w _ITM_deregisterTMCloneTable
                 w _ITM_registerTMCloneTable
00000000000005d0 T premultiply

=== Full Rust nm -D ===
                 U abort
                 U bcmp
                 U calloc
                 U close
                 w __cxa_finalize
                 w __cxa_thread_atexit_impl
                 U dl_iterate_phdr
                 U __errno_location
                 U free
                 U __fxstat64
                 U getcwd
                 U getenv
                 w gettid
                 w __gmon_start__
                 w _ITM_deregisterTMCloneTable
                 w _ITM_registerTMCloneTable
                 U lseek64
                 U malloc
                 U memcpy
                 U memmove
                 U memset
                 U mmap64
                 U munmap
                 U open64
                 U posix_memalign
0000000000009120 T premultiply
                 U pthread_key_create
                 U pthread_key_delete
                 U pthread_setspecific
                 U read
                 U readlink
                 U realloc
                 U realpath
                 w statx
                 U strlen
                 U syscall
                 U __tls_get_addr
                 U _Unwind_Backtrace
                 U _Unwind_GetDataRelBase
                 U _Unwind_GetIP
                 U _Unwind_GetIPInfo
                 U _Unwind_GetLanguageSpecificData
                 U _Unwind_GetRegionStart
                 U _Unwind_GetTextRelBase
                 U _Unwind_RaiseException
                 U _Unwind_Resume
                 U _Unwind_SetGR
                 U _Unwind_SetIP
                 U write
                 U writev
                 U __xstat64
[38;5;244m - Completed in 0.55s[0m
[38;5;12m[1m [1.22][0m[0m
[?25l[0m[38;5;141m> [0mThe C .so exports exactly one user-defined function: [38;5;10mpremultiply[0m (the [38;5;10m_fini[0m/[38;5;10m_init[0m are linker-generated). The Rust .so also exports [38;5;10mpremultiply[0m. All user-defined symbols match.[0m[0m
[?25l[0m[0m[38;5;11mTODO:
[39m[38;5;10m[x] [3m[38;5;244mCompare nm -D symbols between C .so and Rust .so, fix missing exports[23m
[0m[ ] Check for main binary and compare stdout if applicable[38;5;244m - Completed in 0.47s[0m
[38;5;12m[1m [1.23][0m[0m
[?25l[0m[38;5;141m> [0mNow let me check for a main binary:[0m[0m
[?25l[0m[0mI will run the following command: [38;5;141m# Check for main.c in C source or main.rs in Rust source
find /local/home/scheschb/reserach/TRACTOR/harvest-agentic/results/B01_organic/premultiply_lib -name 'main.*' -o -name '*.bin' 2>/dev/null
# Also check CMakeLists.txt for any executable targets
grep -i 'add_executable' /local/home/scheschb/reserach/TRACTOR/harvest-agentic/results/B01_organic/premultiply_lib/translated_rust/c_src/CMakeLists.txt 2>/dev/null || echo "No executable targets in CMakeLists.txt"
# Check Cargo.toml for [[bin]] sections
grep -A2 'bin' /local/home/scheschb/reserach/TRACTOR/harvest-agentic/results/B01_organic/premultiply_lib/translated_rust/Cargo.toml 2>/dev/null[0m[38;5;244m (using tool: shell)[0m
Purpose: Check for main binary in C or Rust

/local/home/scheschb/reserach/TRACTOR/harvest-agentic/results/B01_organic/premultiply_lib/translated_rust/target/debug/incremental/compare-3bjzjg9w2c30l/s-hh0qy9e589-17qbeoj-working/dep-graph.part.bin
/local/home/scheschb/reserach/TRACTOR/harvest-agentic/results/B01_organic/premultiply_lib/translated_rust/target/debug/incremental/premultiply_lib-2ya7eav2vx88y/s-hh0qyg6j39-0k5a925-8zh3abur1z5i7nga4unp3n45v/work-products.bin
/local/home/scheschb/reserach/TRACTOR/harvest-agentic/results/B01_organic/premultiply_lib/translated_rust/target/debug/incremental/premultiply_lib-2ya7eav2vx88y/s-hh0qyg6j39-0k5a925-8zh3abur1z5i7nga4unp3n45v/query-cache.bin
/local/home/scheschb/reserach/TRACTOR/harvest-agentic/results/B01_organic/premultiply_lib/translated_rust/target/debug/incremental/premultiply_lib-2ya7eav2vx88y/s-hh0qyg6j39-0k5a925-8zh3abur1z5i7nga4unp3n45v/dep-graph.bin
/local/home/scheschb/reserach/TRACTOR/harvest-agentic/results/B01_organic/premultiply_lib/translated_rust/target/debug/incremental/premultiply_lib-0co5j9fcj4zrr/s-hh0qy9e56e-145fw4m-5fv6qfpmamqlaftpkenwgdq6c/work-products.bin
/local/home/scheschb/reserach/TRACTOR/harvest-agentic/results/B01_organic/premultiply_lib/translated_rust/target/debug/incremental/premultiply_lib-0co5j9fcj4zrr/s-hh0qy9e56e-145fw4m-5fv6qfpmamqlaftpkenwgdq6c/query-cache.bin
/local/home/scheschb/reserach/TRACTOR/harvest-agentic/results/B01_organic/premultiply_lib/translated_rust/target/debug/incremental/premultiply_lib-0co5j9fcj4zrr/s-hh0qy9e56e-145fw4m-5fv6qfpmamqlaftpkenwgdq6c/dep-graph.bin
/local/home/scheschb/reserach/TRACTOR/harvest-agentic/results/B01_organic/premultiply_lib/translated_rust/target/debug/incremental/compare-312165xwepgva/s-hh0qyg9q4t-0kitmv3-bgheiztljcx8nk8xn4pdf1n7r/work-products.bin
/local/home/scheschb/reserach/TRACTOR/harvest-agentic/results/B01_organic/premultiply_lib/translated_rust/target/debug/incremental/compare-312165xwepgva/s-hh0qyg9q4t-0kitmv3-bgheiztljcx8nk8xn4pdf1n7r/query-cache.bin
/local/home/scheschb/reserach/TRACTOR/harvest-agentic/results/B01_organic/premultiply_lib/translated_rust/target/debug/incremental/compare-312165xwepgva/s-hh0qyg9q4t-0kitmv3-bgheiztljcx8nk8xn4pdf1n7r/dep-graph.bin
/local/home/scheschb/reserach/TRACTOR/harvest-agentic/results/B01_organic/premultiply_lib/translated_rust/target/debug/incremental/premultiply_lib-0iazsfkyrreef/s-hh0qyg6j24-1ir3eqz-5awvvi0eg41gyvo4cb4kefq19/work-products.bin
/local/home/scheschb/reserach/TRACTOR/harvest-agentic/results/B01_organic/premultiply_lib/translated_rust/target/debug/incremental/premultiply_lib-0iazsfkyrreef/s-hh0qyg6j24-1ir3eqz-5awvvi0eg41gyvo4cb4kefq19/query-cache.bin
/local/home/scheschb/reserach/TRACTOR/harvest-agentic/results/B01_organic/premultiply_lib/translated_rust/target/debug/incremental/premultiply_lib-0iazsfkyrreef/s-hh0qyg6j24-1ir3eqz-5awvvi0eg41gyvo4cb4kefq19/dep-graph.bin
No executable targets in CMakeLists.txt
[38;5;244m - Completed in 0.56s[0m
[38;5;12m[1m [1.24][0m[0m
[?25l[0m[38;5;141m> [0mNo main binary exists — this is a library-only project. No [38;5;10mmain.c[0m, no [38;5;10mmain.rs[0m, no [38;5;10madd_executable[0m in CMake, no [38;5;10m[[bin]][0m in Cargo.toml.[0m[0m
[?25l[0m[0m[38;5;11mTODO:
[39m[38;5;10m[x] [3m[38;5;244mExplore project structure - understand C source, Rust translation, and public API[23m
[38;5;10m[x] [3m[38;5;244mBuild C shared library[23m
[38;5;10m[x] [3m[38;5;244mAdd libloading dev-dependency to Cargo.toml[23m
[38;5;10m[x] [3m[38;5;244mIdentify public API and function hierarchy from C headers[23m
[38;5;10m[x] [3m[38;5;244mWrite integration tests comparing C vs Rust outputs[23m
[38;5;10m[x] [3m[38;5;244mRun tests and fix any mismatches in Rust code[23m
[38;5;10m[x] [3m[38;5;244mCompare nm -D symbols between C .so and Rust .so, fix missing exports[23m
[38;5;10m[x] [3m[38;5;244mCheck for main binary and compare stdout if applicable[23m[38;5;244m - Completed in 0.47s[0m
[38;5;12m[1m [1.25][0m[0m
[?25l[0m[38;5;141m> [0mAll tasks complete. Here's the summary:[0m[0m
[0m[0m
[38;5;252m[1m## Results[0m[0m
[0m[0m
[1mFunction tested:[22m [38;5;10mpremultiply(cp_image_t*)[0m — the only public API function[0m[0m
[0m[0m
[1mTests written[22m ([38;5;10mtranslated_rust/tests/compare.rs[0m):[0m[0m
- [38;5;10mtest_premultiply_matches_c[0m — 576 pixel combinations covering edge cases (alpha 0/1/127/128/254/255, various RGB values). Loads C .so via [38;5;10mlibloading[0m, calls both C and Rust versions on identical input, asserts byte-identical output.[0m[0m
- [38;5;10mtest_premultiply_multirow[0m — 3×2 multi-row image to verify stride handling.[0m[0m
[0m[0m
[1mTest result:[22m ✅ All 2 tests pass. Rust output is byte-identical to C.[0m[0m
[0m[0m
[1mSymbol comparison ([38;5;10mnm -D[0m):[22m ✅ The C .so exports [38;5;10mpremultiply[0m — the Rust .so also exports [38;5;10mpremultiply[0m. The only other C symbols ([38;5;10m_fini[0m/[38;5;10m_init[0m) are ELF linker-generated artifacts, not user code.[0m[0m
[0m[0m
[1mMain binary:[22m N/A — library-only project, no executables.[0m[0m
[0m[0m
[1mFiles modified:[22m[0m[0m
- [38;5;10mtranslated_rust/Cargo.toml[0m — added [38;5;10mlibloading = "0.8"[0m to dev-dependencies, added [38;5;10m"lib"[0m to crate-type[0m[0m
- [38;5;10mtranslated_rust/tests/compare.rs[0m — new integration test file[0m[0m
[0m[0m
[1mNo Rust code fixes were needed[22m — the translation was already correct.[0m[0m[38;5;12m[1m✓ Created checkpoint 1

[0m[0m
[38;5;8m
 ▸ Credits: 10.92 • Time: 3m 6s

[0m[1G[0m[0m[?25h