[32mAll tools are now trusted ([0m[31m![0m[32m). Kiro will execute tools without asking for confirmation.[0m
Agents can sometimes do unexpected things so understand the risks.

Learn more at [38;5;141mhttps://kiro.dev/docs/cli/chat/security/#using-tools-trust-all-safely[0m


[38;5;12mCheckpoints are not available in this directory. Use '/checkpoint init' to enable checkpoints.

[39m
[38;5;252m[0m[?25l[38;5;141m> [0m[0m[0m
[0m[0m
I'll start by understanding the project structure, then read all source files to build comprehensive tests.[0m[0m
[?25l[0m[0m[38;5;11mTODO:
[39m[0m[ ] Read project structure, Cargo.toml, lib.rs, all C sources, and all Rust sources
[0m[ ] Build and run C code to get ground truth outputs
[0m[ ] Create test files in src/bin/ for every module
[0m[ ] Run cargo test and iterate until all tests pass[38;5;244m - Completed in 0.0s[0m

[?25l[0m[?25l[0m[0mReading directory: [38;5;141m/tmp/harvest-crust-verify-Ic8MW3/project[0m[38;5;244m (using tool: read, max depth: 3, max entries: 1000, excluding: defaults)[0m
[38;5;10m ✓ [0mSuccessfully read directory [38;5;141m/tmp/harvest-crust-verify-Ic8MW3/project[0m [38;5;244m(20 entries)[0m
[38;5;244m - Completed in 0.0s[0m

[?25l[0m[?25l[0m[0mBatch fs_read operation with [38;5;141m9[0m operations[38;5;244m (using tool: read)[0m

↱ Operation 1: Reading file: [38;5;141m/tmp/harvest-crust-verify-Ic8MW3/project/Cargo.toml[0m, all lines
↱ Operation 2: Reading file: [38;5;141m/tmp/harvest-crust-verify-Ic8MW3/project/src/lib.rs[0m, all lines
↱ Operation 3: Reading file: [38;5;141m/tmp/harvest-crust-verify-Ic8MW3/project/src/file2str.rs[0m, all lines
↱ Operation 4: Reading file: [38;5;141m/tmp/harvest-crust-verify-Ic8MW3/project/c_src/file2str.c[0m, all lines
↱ Operation 5: Reading file: [38;5;141m/tmp/harvest-crust-verify-Ic8MW3/project/c_src/file2str.h[0m, all lines
↱ Operation 6: Reading file: [38;5;141m/tmp/harvest-crust-verify-Ic8MW3/project/c_src/tests/test_file2str.c[0m, all lines
↱ Operation 7: Reading file: [38;5;141m/tmp/harvest-crust-verify-Ic8MW3/project/c_src/tests/test.txt[0m, all lines
↱ Operation 8: Reading file: [38;5;141m/tmp/harvest-crust-verify-Ic8MW3/project/c_src/tests/make-tests.sh[0m, all lines
↱ Operation 9: Reading file: [38;5;141m/tmp/harvest-crust-verify-Ic8MW3/project/c_src/Makefile[0m, all lines
[38;5;10m ✓ [0mSuccessfully read [38;5;244m172 bytes[0m from /tmp/harvest-crust-verify-Ic8MW3/project/Cargo.toml

[38;5;10m ✓ [0mSuccessfully read [38;5;244m17 bytes[0m from /tmp/harvest-crust-verify-Ic8MW3/project/src/lib.rs

[38;5;10m ✓ [0mSuccessfully read [38;5;244m625 bytes[0m from /tmp/harvest-crust-verify-Ic8MW3/project/src/file2str.rs

[38;5;10m ✓ [0mSuccessfully read [38;5;244m1392 bytes[0m from /tmp/harvest-crust-verify-Ic8MW3/project/c_src/file2str.c

[38;5;10m ✓ [0mSuccessfully read [38;5;244m306 bytes[0m from /tmp/harvest-crust-verify-Ic8MW3/project/c_src/file2str.h

[38;5;10m ✓ [0mSuccessfully read [38;5;244m395 bytes[0m from /tmp/harvest-crust-verify-Ic8MW3/project/c_src/tests/test_file2str.c

[38;5;10m ✓ [0mSuccessfully read [38;5;244m9 bytes[0m from /tmp/harvest-crust-verify-Ic8MW3/project/c_src/tests/test.txt

[38;5;10m ✓ [0mSuccessfully read [38;5;244m931 bytes[0m from /tmp/harvest-crust-verify-Ic8MW3/project/c_src/tests/make-tests.sh

[38;5;10m ✓ [0mSuccessfully read [38;5;244m494 bytes[0m from /tmp/harvest-crust-verify-Ic8MW3/project/c_src/Makefile

 ⋮ 

[38;5;244m- [0mSummary: 9 operations processed, 9 successful, 0 failed
[38;5;244m - Completed in 0.1s[0m

[?25l[0m[38;5;141m> [0mNow I have a clear picture. Let me build and run the C code to get ground truth outputs.[0m[0m
[?25l[0m[0m[38;5;11mTODO:
[39m[38;5;10m[x] [3m[38;5;244mRead project structure, Cargo.toml, lib.rs, all C sources, and all Rust sources[23m
[0m[ ] Build and run C code to get ground truth outputs[38;5;244m - Completed in 0.0s[0m

[?25l[0m[38;5;141m> [0mNow let me write a small C program to get ground truth values for various test cases:[0m[0m
[?25l[0m[0mI'll create the following file: [38;5;141m/tmp/harvest-crust-verify-Ic8MW3/project/c_src/ground_truth.c[0m[38;5;244m (using tool: write)[0m

[48;2;40;67;43m[39m+     1[0m:[39m[48;2;24;38;30m [38;2;180;142;173m#include[38;2;192;197;206m [38;2;192;197;206m<[38;2;163;190;140mstdio.h[38;2;192;197;206m>[K
[0m[48;2;40;67;43m[39m+     2[0m:[39m[48;2;24;38;30m [38;2;192;197;206m#include [38;2;192;197;206m<[38;2;163;190;140mstring.h[38;2;192;197;206m>[K
[0m[48;2;40;67;43m[39m+     3[0m:[39m[48;2;24;38;30m [38;2;192;197;206m#include [38;2;192;197;206m"[38;2;163;190;140mfile2str.h[38;2;192;197;206m"[K
[0m[48;2;40;67;43m[39m+     4[0m:[39m[48;2;24;38;30m [K
[0m[48;2;40;67;43m[39m+     5[0m:[39m[48;2;24;38;30m [38;2;192;197;206mint main() {[K
[0m[48;2;40;67;43m[39m+     6[0m:[39m[48;2;24;38;30m [38;2;192;197;206m    [38;2;101;115;126m//[38;2;101;115;126m Test 1: file2strl with valid file[K
[0m[48;2;40;67;43m[39m+     7[0m:[39m[48;2;24;38;30m [38;2;101;115;126m    unsigned int len = 0;[K
[0m[48;2;40;67;43m[39m+     8[0m:[39m[48;2;24;38;30m [38;2;101;115;126m    char *buf = file2strl("tests/test.txt", &len);[K
[0m[48;2;40;67;43m[39m+     9[0m:[39m[48;2;24;38;30m [38;2;101;115;126m    printf("file2strl valid: buf='%s' len=%u strcmp=%d\n", buf ? buf : "NULL", len, buf ? strcmp(buf, "Text file\n") : -1);[K
[0m[48;2;40;67;43m[39m+    10[0m:[39m[48;2;24;38;30m [38;2;101;115;126m    if (buf) free(buf);[K
[0m[48;2;40;67;43m[39m+    11[0m:[39m[48;2;24;38;30m [K
[0m[48;2;40;67;43m[39m+    12[0m:[39m[48;2;24;38;30m [38;2;101;115;126m    // Test 2: file2str with valid file[K
[0m[48;2;40;67;43m[39m+    13[0m:[39m[48;2;24;38;30m [38;2;101;115;126m    char *buf2 = file2str("tests/test.txt");[K
[0m[48;2;40;67;43m[39m+    14[0m:[39m[48;2;24;38;30m [38;2;101;115;126m    printf("file2str valid: buf='%s' strcmp=%d\n", buf2 ? buf2 : "NULL", buf2 ? strcmp(buf2, "Text file\n") : -1);[K
[0m[48;2;40;67;43m[39m+    15[0m:[39m[48;2;24;38;30m [38;2;101;115;126m    if (buf2) free(buf2);[K
[0m[48;2;40;67;43m[39m+    16[0m:[39m[48;2;24;38;30m [K
[0m[48;2;40;67;43m[39m+    17[0m:[39m[48;2;24;38;30m [38;2;101;115;126m    // Test 3: file2strl with nonexistent file[K
[0m[48;2;40;67;43m[39m+    18[0m:[39m[48;2;24;38;30m [38;2;101;115;126m    unsigned int len3 = 999;[K
[0m[48;2;40;67;43m[39m+    19[0m:[39m[48;2;24;38;30m [38;2;101;115;126m    char *buf3 = file2strl("nonexistent.txt", &len3);[K
[0m[48;2;40;67;43m[39m+    20[0m:[39m[48;2;24;38;30m [38;2;101;115;126m    printf("file2strl nonexistent: buf=%s len=%u\n", buf3 ? buf3 : "NULL", len3);[K
[0m[48;2;40;67;43m[39m+    21[0m:[39m[48;2;24;38;30m [K
[0m[48;2;40;67;43m[39m+    22[0m:[39m[48;2;24;38;30m [38;2;101;115;126m    // Test 4: file2str with nonexistent file[K
[0m[48;2;40;67;43m[39m+    23[0m:[39m[48;2;24;38;30m [38;2;101;115;126m    char *buf4 = file2str("nonexistent.txt");[K
[0m[48;2;40;67;43m[39m+    24[0m:[39m[48;2;24;38;30m [38;2;101;115;126m    printf("file2str nonexistent: buf=%s\n", buf4 ? buf4 : "NULL");[K
[0m[48;2;40;67;43m[39m+    25[0m:[39m[48;2;24;38;30m [K
[0m[48;2;40;67;43m[39m+    26[0m:[39m[48;2;24;38;30m [38;2;101;115;126m    // Test 5: empty file[K
[0m[48;2;40;67;43m[39m+    27[0m:[39m[48;2;24;38;30m [38;2;101;115;126m    FILE *f = fopen("tests/empty.txt", "w");[K
[0m[48;2;40;67;43m[39m+    28[0m:[39m[48;2;24;38;30m [38;2;101;115;126m    fclose(f);[K
[0m[48;2;40;67;43m[39m+    29[0m:[39m[48;2;24;38;30m [38;2;101;115;126m    unsigned int len5 = 999;[K
[0m[48;2;40;67;43m[39m+    30[0m:[39m[48;2;24;38;30m [38;2;101;115;126m    char *buf5 = file2strl("tests/empty.txt", &len5);[K
[0m[48;2;40;67;43m[39m+    31[0m:[39m[48;2;24;38;30m [38;2;101;115;126m    printf("file2strl empty: buf='%s' len=%u\n", buf5 ? buf5 : "NULL", len5);[K
[0m[48;2;40;67;43m[39m+    32[0m:[39m[48;2;24;38;30m [38;2;101;115;126m    if (buf5) free(buf5);[K
[0m[48;2;40;67;43m[39m+    33[0m:[39m[48;2;24;38;30m [K
[0m[48;2;40;67;43m[39m+    34[0m:[39m[48;2;24;38;30m [38;2;101;115;126m    return 0;[K
[0m[48;2;40;67;43m[39m+    35[0m:[39m[48;2;24;38;30m [38;2;101;115;126m}[K
[0m[K
Creating: [38;5;141m/tmp/harvest-crust-verify-Ic8MW3/project/c_src/ground_truth.c[0m
[38;5;244m - Completed in 0.0s[0m

[?25l[0m[?25l[0m[0mI will run the following command: [38;5;141mcd /tmp/harvest-crust-verify-Ic8MW3/project/c_src && gcc -o ground_truth ground_truth.c file2str.c -I. -Itests && ./ground_truth[0m[38;5;244m (using tool: shell)[0m
Purpose: Build and run C ground truth program

ground_truth.c: In function ‘main’:
ground_truth.c:10:14: warning: implicit declaration of function ‘free’ [-Wimplicit-function-declaration]
     if (buf) free(buf);
              ^~~~
ground_truth.c:10:14: warning: incompatible implicit declaration of built-in function ‘free’
ground_truth.c:10:14: note: include ‘<stdlib.h>’ or provide a declaration of ‘free’
ground_truth.c:15:15: warning: incompatible implicit declaration of built-in function ‘free’
     if (buf2) free(buf2);
               ^~~~
ground_truth.c:15:15: note: include ‘<stdlib.h>’ or provide a declaration of ‘free’
ground_truth.c:32:15: warning: incompatible implicit declaration of built-in function ‘free’
     if (buf5) free(buf5);
               ^~~~
ground_truth.c:32:15: note: include ‘<stdlib.h>’ or provide a declaration of ‘free’
Unable to open file nonexistent.txt
Unable to open file nonexistent.txt
file2strl valid: buf='Text file
' len=11 strcmp=0
file2str valid: buf='Text file
' strcmp=0
file2strl nonexistent: buf=NULL len=999
file2str nonexistent: buf=NULL
file2strl empty: buf='' len=1
[38;5;244m - Completed in 0.65s[0m

[?25l[0m[38;5;141m> [0mGround truth confirmed:[0m[0m
- [38;5;10mfile2strl("tests/test.txt")[0m → content = [38;5;10m"Text file\n"[0m, len = 11[0m[0m
- [38;5;10mfile2str("tests/test.txt")[0m → content = [38;5;10m"Text file\n"[0m[0m[0m
- Nonexistent file → NULL (None), len unchanged (999)[0m[0m
- Empty file → content = [38;5;10m""[0m, len = 1[0m[0m
[?25l[0m[0m[38;5;11mTODO:
[39m[38;5;10m[x] [3m[38;5;244mBuild and run C code to get ground truth outputs[23m
[0m[ ] Create test files in src/bin/ for every module[38;5;244m - Completed in 0.0s[0m

[?25l[0m[38;5;141m> [0mNow I need to create the test file. I need to ensure the [38;5;10mtests/[0m directory with [38;5;10mtest.txt[0m is accessible from the Rust test's working directory. Let me check where [38;5;10mcargo test[0m runs from and ensure the test file exists:[0m[0m
[?25l[0m[0mI will run the following command: [38;5;141mls -la /tmp/harvest-crust-verify-Ic8MW3/project/c_src/tests/test.txt && xxd /tmp/harvest-crust-verify-Ic8MW3/project/c_src/tests/test.txt[0m[38;5;244m (using tool: shell)[0m
Purpose: Check test.txt location and exact contents

-rw------- 1 scheschb amazon 10 Apr  8 10:15 /tmp/harvest-crust-verify-Ic8MW3/project/c_src/tests/test.txt
00000000: 5465 7874 2066 696c 650a                 Text file.
[38;5;244m - Completed in 0.9s[0m

[?25l[0m[38;5;141m> [0mThe test.txt is in [38;5;10mc_src/tests/[0m. Cargo test runs from the project root, so I need to reference the file relative to that. Let me create the test file and also ensure there's a test.txt accessible from the project root:[0m[0m
[?25l[0m[0mI will run the following command: [38;5;141mmkdir -p /tmp/harvest-crust-verify-Ic8MW3/project/src/bin /tmp/harvest-crust-verify-Ic8MW3/project/tests && cp /tmp/harvest-crust-verify-Ic8MW3/project/c_src/tests/test.txt /tmp/harvest-crust-verify-Ic8MW3/project/tests/test.txt[0m[38;5;244m (using tool: shell)[0m
Purpose: Create bin dir and copy test.txt to project root tests/ dir

[38;5;244m - Completed in 0.8s[0m

[?25l[0m[?25l[0m[0mI'll create the following file: [38;5;141m/tmp/harvest-crust-verify-Ic8MW3/project/src/bin/test_file2str.rs[0m[38;5;244m (using tool: write)[0m
Purpose: Create test file for file2str module

[48;2;40;67;43m[39m+     1[0m:[39m[48;2;24;38;30m [38;2;180;142;173muse[38;2;192;197;206m [38;2;192;197;206mfile2str[38;2;192;197;206m::[38;2;192;197;206mfile2str[38;2;192;197;206m::[38;2;192;197;206m{[38;2;192;197;206mfile2str[38;2;192;197;206m,[38;2;192;197;206m file2strl[38;2;192;197;206m}[38;2;192;197;206m;[K
[0m[48;2;40;67;43m[39m+     2[0m:[39m[48;2;24;38;30m [38;2;180;142;173muse[38;2;192;197;206m [38;2;192;197;206mstd[38;2;192;197;206m::[38;2;192;197;206mio[38;2;192;197;206m::[38;2;192;197;206mWrite[38;2;192;197;206m;[K
[0m[48;2;40;67;43m[39m+     3[0m:[39m[48;2;24;38;30m [K
[0m[48;2;40;67;43m[39m+     4[0m:[39m[48;2;24;38;30m [38;2;192;197;206m#[38;2;192;197;206m[[38;2;191;97;106mtest[38;2;192;197;206m][K
[0m[48;2;40;67;43m[39m+     5[0m:[39m[48;2;24;38;30m [38;2;180;142;173mfn[38;2;192;197;206m [38;2;143;161;179mtest_file2strl_valid_file[38;2;192;197;206m([38;2;192;197;206m)[38;2;192;197;206m [38;2;192;197;206m{[K
[0m[48;2;40;67;43m[39m+     6[0m:[39m[48;2;24;38;30m [38;2;192;197;206m    [38;2;180;142;173mlet[38;2;192;197;206m [38;2;180;142;173mmut[38;2;192;197;206m len[38;2;192;197;206m:[38;2;192;197;206m [38;2;180;142;173mu32[38;2;192;197;206m [38;2;192;197;206m=[38;2;192;197;206m [38;2;208;135;112m0[38;2;192;197;206m;[K
[0m[48;2;40;67;43m[39m+     7[0m:[39m[48;2;24;38;30m [38;2;192;197;206m    [38;2;180;142;173mlet[38;2;192;197;206m result [38;2;192;197;206m=[38;2;192;197;206m [38;2;150;181;180mfile2strl[38;2;192;197;206m([38;2;192;197;206m"[38;2;163;190;140mtests/test.txt[38;2;192;197;206m"[38;2;192;197;206m,[38;2;192;197;206m [38;2;192;197;206m&[38;2;180;142;173mmut[38;2;192;197;206m len[38;2;192;197;206m)[38;2;192;197;206m;[K
[0m[48;2;40;67;43m[39m+     8[0m:[39m[48;2;24;38;30m [38;2;192;197;206m    [38;2;192;197;206massert![38;2;192;197;206m([38;2;192;197;206mresult.[38;2;150;181;180mis_some[38;2;192;197;206m([38;2;192;197;206m)[38;2;192;197;206m)[38;2;192;197;206m;[K
[0m[48;2;40;67;43m[39m+     9[0m:[39m[48;2;24;38;30m [38;2;192;197;206m    [38;2;192;197;206massert_eq![38;2;192;197;206m([38;2;192;197;206mresult.[38;2;150;181;180munwrap[38;2;192;197;206m([38;2;192;197;206m)[38;2;192;197;206m,[38;2;192;197;206m [38;2;192;197;206m"[38;2;163;190;140mText file[38;2;150;181;180m\n[38;2;192;197;206m"[38;2;192;197;206m)[38;2;192;197;206m;[K
[0m[48;2;40;67;43m[39m+    10[0m:[39m[48;2;24;38;30m [38;2;192;197;206m    [38;2;192;197;206massert_eq![38;2;192;197;206m([38;2;192;197;206mlen[38;2;192;197;206m,[38;2;192;197;206m [38;2;208;135;112m11[38;2;192;197;206m)[38;2;192;197;206m;[K
[0m[48;2;40;67;43m[39m+    11[0m:[39m[48;2;24;38;30m [38;2;192;197;206m}[K
[0m[48;2;40;67;43m[39m+    12[0m:[39m[48;2;24;38;30m [K
[0m[48;2;40;67;43m[39m+    13[0m:[39m[48;2;24;38;30m [38;2;192;197;206m#[38;2;192;197;206m[[38;2;191;97;106mtest[38;2;192;197;206m][K
[0m[48;2;40;67;43m[39m+    14[0m:[39m[48;2;24;38;30m [38;2;180;142;173mfn[38;2;192;197;206m [38;2;143;161;179mtest_file2str_valid_file[38;2;192;197;206m([38;2;192;197;206m)[38;2;192;197;206m [38;2;192;197;206m{[K
[0m[48;2;40;67;43m[39m+    15[0m:[39m[48;2;24;38;30m [38;2;192;197;206m    [38;2;180;142;173mlet[38;2;192;197;206m result [38;2;192;197;206m=[38;2;192;197;206m [38;2;150;181;180mfile2str[38;2;192;197;206m([38;2;192;197;206m"[38;2;163;190;140mtests/test.txt[38;2;192;197;206m"[38;2;192;197;206m)[38;2;192;197;206m;[K
[0m[48;2;40;67;43m[39m+    16[0m:[39m[48;2;24;38;30m [38;2;192;197;206m    [38;2;192;197;206massert![38;2;192;197;206m([38;2;192;197;206mresult.[38;2;150;181;180mis_some[38;2;192;197;206m([38;2;192;197;206m)[38;2;192;197;206m)[38;2;192;197;206m;[K
[0m[48;2;40;67;43m[39m+    17[0m:[39m[48;2;24;38;30m [38;2;192;197;206m    [38;2;192;197;206massert_eq![38;2;192;197;206m([38;2;192;197;206mresult.[38;2;150;181;180munwrap[38;2;192;197;206m([38;2;192;197;206m)[38;2;192;197;206m,[38;2;192;197;206m [38;2;192;197;206m"[38;2;163;190;140mText file[38;2;150;181;180m\n[38;2;192;197;206m"[38;2;192;197;206m)[38;2;192;197;206m;[K
[0m[48;2;40;67;43m[39m+    18[0m:[39m[48;2;24;38;30m [38;2;192;197;206m}[K
[0m[48;2;40;67;43m[39m+    19[0m:[39m[48;2;24;38;30m [K
[0m[48;2;40;67;43m[39m+    20[0m:[39m[48;2;24;38;30m [38;2;192;197;206m#[38;2;192;197;206m[[38;2;191;97;106mtest[38;2;192;197;206m][K
[0m[48;2;40;67;43m[39m+    21[0m:[39m[48;2;24;38;30m [38;2;180;142;173mfn[38;2;192;197;206m [38;2;143;161;179mtest_file2strl_nonexistent_file[38;2;192;197;206m([38;2;192;197;206m)[38;2;192;197;206m [38;2;192;197;206m{[K
[0m[48;2;40;67;43m[39m+    22[0m:[39m[48;2;24;38;30m [38;2;192;197;206m    [38;2;180;142;173mlet[38;2;192;197;206m [38;2;180;142;173mmut[38;2;192;197;206m len[38;2;192;197;206m:[38;2;192;197;206m [38;2;180;142;173mu32[38;2;192;197;206m [38;2;192;197;206m=[38;2;192;197;206m [38;2;208;135;112m999[38;2;192;197;206m;[K
[0m[48;2;40;67;43m[39m+    23[0m:[39m[48;2;24;38;30m [38;2;192;197;206m    [38;2;180;142;173mlet[38;2;192;197;206m result [38;2;192;197;206m=[38;2;192;197;206m [38;2;150;181;180mfile2strl[38;2;192;197;206m([38;2;192;197;206m"[38;2;163;190;140mnonexistent.txt[38;2;192;197;206m"[38;2;192;197;206m,[38;2;192;197;206m [38;2;192;197;206m&[38;2;180;142;173mmut[38;2;192;197;206m len[38;2;192;197;206m)[38;2;192;197;206m;[K
[0m[48;2;40;67;43m[39m+    24[0m:[39m[48;2;24;38;30m [38;2;192;197;206m    [38;2;192;197;206massert![38;2;192;197;206m([38;2;192;197;206mresult.[38;2;150;181;180mis_none[38;2;192;197;206m([38;2;192;197;206m)[38;2;192;197;206m)[38;2;192;197;206m;[K
[0m[48;2;40;67;43m[39m+    25[0m:[39m[48;2;24;38;30m [38;2;192;197;206m    [38;2;192;197;206massert_eq![38;2;192;197;206m([38;2;192;197;206mlen[38;2;192;197;206m,[38;2;192;197;206m [38;2;208;135;112m999[38;2;192;197;206m)[38;2;192;197;206m;[38;2;192;197;206m [38;2;101;115;126m//[38;2;101;115;126m len unchanged on error[K
[0m[48;2;40;67;43m[39m+    26[0m:[39m[48;2;24;38;30m [38;2;192;197;206m}[K
[0m[48;2;40;67;43m[39m+    27[0m:[39m[48;2;24;38;30m [K
[0m[48;2;40;67;43m[39m+    28[0m:[39m[48;2;24;38;30m [38;2;192;197;206m#[38;2;192;197;206m[[38;2;191;97;106mtest[38;2;192;197;206m][K
[0m[48;2;40;67;43m[39m+    29[0m:[39m[48;2;24;38;30m [38;2;180;142;173mfn[38;2;192;197;206m [38;2;143;161;179mtest_file2str_nonexistent_file[38;2;192;197;206m([38;2;192;197;206m)[38;2;192;197;206m [38;2;192;197;206m{[K
[0m[48;2;40;67;43m[39m+    30[0m:[39m[48;2;24;38;30m [38;2;192;197;206m    [38;2;180;142;173mlet[38;2;192;197;206m result [38;2;192;197;206m=[38;2;192;197;206m [38;2;150;181;180mfile2str[38;2;192;197;206m([38;2;192;197;206m"[38;2;163;190;140mnonexistent.txt[38;2;192;197;206m"[38;2;192;197;206m)[38;2;192;197;206m;[K
[0m[48;2;40;67;43m[39m+    31[0m:[39m[48;2;24;38;30m [38;2;192;197;206m    [38;2;192;197;206massert![38;2;192;197;206m([38;2;192;197;206mresult.[38;2;150;181;180mis_none[38;2;192;197;206m([38;2;192;197;206m)[38;2;192;197;206m)[38;2;192;197;206m;[K
[0m[48;2;40;67;43m[39m+    32[0m:[39m[48;2;24;38;30m [38;2;192;197;206m}[K
[0m[48;2;40;67;43m[39m+    33[0m:[39m[48;2;24;38;30m [K
[0m[48;2;40;67;43m[39m+    34[0m:[39m[48;2;24;38;30m [38;2;192;197;206m#[38;2;192;197;206m[[38;2;191;97;106mtest[38;2;192;197;206m][K
[0m[48;2;40;67;43m[39m+    35[0m:[39m[48;2;24;38;30m [38;2;180;142;173mfn[38;2;192;197;206m [38;2;143;161;179mtest_file2strl_empty_file[38;2;192;197;206m([38;2;192;197;206m)[38;2;192;197;206m [38;2;192;197;206m{[K
[0m[48;2;40;67;43m[39m+    36[0m:[39m[48;2;24;38;30m [38;2;192;197;206m    [38;2;180;142;173mlet[38;2;192;197;206m path [38;2;192;197;206m=[38;2;192;197;206m [38;2;192;197;206m"[38;2;163;190;140mtests/empty_test.txt[38;2;192;197;206m"[38;2;192;197;206m;[K
[0m[48;2;40;67;43m[39m+    37[0m:[39m[48;2;24;38;30m [38;2;192;197;206m    [38;2;101;115;126m//[38;2;101;115;126m Create empty file[K
[0m[48;2;40;67;43m[39m+    38[0m:[39m[48;2;24;38;30m [38;2;192;197;206m    [38;2;192;197;206mstd[38;2;192;197;206m::[38;2;192;197;206mfs[38;2;192;197;206m::[38;2;192;197;206mFile[38;2;192;197;206m::[38;2;192;197;206mcreate[38;2;192;197;206m([38;2;192;197;206mpath[38;2;192;197;206m)[38;2;192;197;206m.[38;2;150;181;180munwrap[38;2;192;197;206m([38;2;192;197;206m)[38;2;192;197;206m;[K
[0m[48;2;40;67;43m[39m+    39[0m:[39m[48;2;24;38;30m [38;2;192;197;206m    [38;2;180;142;173mlet[38;2;192;197;206m [38;2;180;142;173mmut[38;2;192;197;206m len[38;2;192;197;206m:[38;2;192;197;206m [38;2;180;142;173mu32[38;2;192;197;206m [38;2;192;197;206m=[38;2;192;197;206m [38;2;208;135;112m999[38;2;192;197;206m;[K
[0m[48;2;40;67;43m[39m+    40[0m:[39m[48;2;24;38;30m [38;2;192;197;206m    [38;2;180;142;173mlet[38;2;192;197;206m result [38;2;192;197;206m=[38;2;192;197;206m [38;2;150;181;180mfile2strl[38;2;192;197;206m([38;2;192;197;206mpath[38;2;192;197;206m,[38;2;192;197;206m [38;2;192;197;206m&[38;2;180;142;173mmut[38;2;192;197;206m len[38;2;192;197;206m)[38;2;192;197;206m;[K
[0m[48;2;40;67;43m[39m+    41[0m:[39m[48;2;24;38;30m [38;2;192;197;206m    [38;2;192;197;206massert![38;2;192;197;206m([38;2;192;197;206mresult.[38;2;150;181;180mis_some[38;2;192;197;206m([38;2;192;197;206m)[38;2;192;197;206m)[38;2;192;197;206m;[K
[0m[48;2;40;67;43m[39m+    42[0m:[39m[48;2;24;38;30m [38;2;192;197;206m    [38;2;192;197;206massert_eq![38;2;192;197;206m([38;2;192;197;206mresult.[38;2;150;181;180munwrap[38;2;192;197;206m([38;2;192;197;206m)[38;2;192;197;206m,[38;2;192;197;206m [38;2;192;197;206m"[38;2;192;197;206m"[38;2;192;197;206m)[38;2;192;197;206m;[K
[0m[48;2;40;67;43m[39m+    43[0m:[39m[48;2;24;38;30m [38;2;192;197;206m    [38;2;192;197;206massert_eq![38;2;192;197;206m([38;2;192;197;206mlen[38;2;192;197;206m,[38;2;192;197;206m [38;2;208;135;112m1[38;2;192;197;206m)[38;2;192;197;206m;[K
[0m[48;2;40;67;43m[39m+    44[0m:[39m[48;2;24;38;30m [38;2;192;197;206m    [38;2;192;197;206mstd[38;2;192;197;206m::[38;2;192;197;206mfs[38;2;192;197;206m::[38;2;192;197;206mremove_file[38;2;192;197;206m([38;2;192;197;206mpath[38;2;192;197;206m)[38;2;192;197;206m.[38;2;150;181;180mok[38;2;192;197;206m([38;2;192;197;206m)[38;2;192;197;206m;[K
[0m[48;2;40;67;43m[39m+    45[0m:[39m[48;2;24;38;30m [38;2;192;197;206m}[K
[0m[48;2;40;67;43m[39m+    46[0m:[39m[48;2;24;38;30m [K
[0m[48;2;40;67;43m[39m+    47[0m:[39m[48;2;24;38;30m [38;2;180;142;173mfn[38;2;192;197;206m [38;2;143;161;179mmain[38;2;192;197;206m([38;2;192;197;206m)[38;2;192;197;206m [38;2;192;197;206m{[38;2;192;197;206m}[K
[0m[K
Creating: [38;5;141m/tmp/harvest-crust-verify-Ic8MW3/project/src/bin/test_file2str.rs[0m
[38;5;244m - Completed in 0.0s[0m

[?25l[0m[?25l[0m[0m[38;5;11mTODO:
[39m[38;5;10m[x] [3m[38;5;244mCreate test files in src/bin/ for every module[23m
[0m[ ] Run cargo test and iterate until all tests pass[38;5;244m - Completed in 0.0s[0m

[?25l[0m[38;5;141m> [0mNow let's run the tests:[0m[0m
[?25l[0m[0mI will run the following command: [38;5;141mcd /tmp/harvest-crust-verify-Ic8MW3/project && cargo test 2>&1[0m[38;5;244m (using tool: shell)[0m
Purpose: Run cargo test to verify all tests pass

warning: file `/tmp/harvest-crust-verify-Ic8MW3/project/src/bin/test_file2str.rs` found to be present in multiple build targets:
  * `bin` target `test_file2str`
  * `integration-test` target `test_file2str`
   Compiling file2str v0.1.0 (/tmp/harvest-crust-verify-Ic8MW3/project)
warning: unused imports: `file2str` and `file2strl`
 --> src/bin/test_file2str.rs:1:26
  |
1 | use file2str::file2str::{file2str, file2strl};
  |                          ^^^^^^^^  ^^^^^^^^^
  |
  = note: `#[warn(unused_imports)]` (part of `#[warn(unused)]`) on by default

warning: unused import: `std::io::Write`
 --> src/bin/test_file2str.rs:2:5
  |
2 | use std::io::Write;
  |     ^^^^^^^^^^^^^^

warning: unused import: `std::io::Write`
 --> src/bin/test_file2str.rs:2:5
  |
2 | use std::io::Write;
  |     ^^^^^^^^^^^^^^
  |
  = note: `#[warn(unused_imports)]` (part of `#[warn(unused)]`) on by default

warning: `file2str` (bin "test_file2str") generated 2 warnings (run `cargo fix --bin "test_file2str" -p file2str` to apply 2 suggestions)
warning: `file2str` (test "test_file2str") generated 1 warning (run `cargo fix --test "test_file2str" -p file2str` to apply 1 suggestion)
warning: `file2str` (bin "test_file2str" test) generated 1 warning (1 duplicate)
    Finished `test` profile [unoptimized + debuginfo] target(s) in 0.45s
     Running unittests src/lib.rs (target/debug/deps/file2str-f9842124d462a3b5)

running 0 tests

test result: ok. 0 passed; 0 failed; 0 ignored; 0 measured; 0 filtered out; finished in 0.00s

     Running unittests src/bin/test_file2str.rs (target/debug/deps/test_file2str-7ecda794c25ac5cf)

running 5 tests
test test_file2str_nonexistent_file ... ok
test test_file2str_valid_file ... ok
test test_file2strl_nonexistent_file ... ok
test test_file2strl_valid_file ... ok
test test_file2strl_empty_file ... ok

test result: ok. 5 passed; 0 failed; 0 ignored; 0 measured; 0 filtered out; finished in 0.00s

     Running src/bin/test_file2str.rs (target/debug/deps/test_file2str-2b87d2350f580ddf)

running 5 tests
test test_file2str_nonexistent_file ... ok
test test_file2str_valid_file ... ok
test test_file2strl_nonexistent_file ... ok
test test_file2strl_valid_file ... ok
test test_file2strl_empty_file ... ok

test result: ok. 5 passed; 0 failed; 0 ignored; 0 measured; 0 filtered out; finished in 0.00s

   Doc-tests file2str

running 0 tests

test result: ok. 0 passed; 0 failed; 0 ignored; 0 measured; 0 filtered out; finished in 0.00s

[38;5;244m - Completed in 0.530s[0m

[?25l[0m[38;5;141m> [0mAll 5 tests pass. Let me clean up the unused import warning:[0m[0m
[?25l[0m[0mI'll modify the following file: [38;5;141msrc/bin/test_file2str.rs[0m[38;5;244m (using tool: write)[0m

[48;2;43;48;59m[39m  1, 1[0m:[39m[48;2;43;48;59m [38;2;180;142;173muse[38;2;192;197;206m [38;2;192;197;206mfile2str[38;2;192;197;206m::[38;2;192;197;206mfile2str[38;2;192;197;206m::[38;2;192;197;206m{[38;2;192;197;206mfile2str[38;2;192;197;206m,[38;2;192;197;206m file2strl[38;2;192;197;206m}[38;2;192;197;206m;[K
[0m[48;2;79;40;40m[39m- 2   [0m:[39m[48;2;36;25;28m [38;2;180;142;173muse[38;2;192;197;206m [38;2;192;197;206mstd[38;2;192;197;206m::[38;2;192;197;206mio[38;2;192;197;206m::[38;2;192;197;206mWrite[38;2;192;197;206m;[K
[0m[K
Updating: [38;5;141msrc/bin/test_file2str.rs[0m
[38;5;244m - Completed in 0.0s[0m

[?25l[0m[?25l[0m[0mI will run the following command: [38;5;141mcd /tmp/harvest-crust-verify-Ic8MW3/project && cargo test 2>&1[0m[38;5;244m (using tool: shell)[0m
Purpose: Re-run tests after cleanup

warning: file `/tmp/harvest-crust-verify-Ic8MW3/project/src/bin/test_file2str.rs` found to be present in multiple build targets:
  * `bin` target `test_file2str`
  * `integration-test` target `test_file2str`
   Compiling file2str v0.1.0 (/tmp/harvest-crust-verify-Ic8MW3/project)
warning: unused imports: `file2str` and `file2strl`
 --> src/bin/test_file2str.rs:1:26
  |
1 | use file2str::file2str::{file2str, file2strl};
  |                          ^^^^^^^^  ^^^^^^^^^
  |
  = note: `#[warn(unused_imports)]` (part of `#[warn(unused)]`) on by default

warning: `file2str` (bin "test_file2str") generated 1 warning (run `cargo fix --bin "test_file2str" -p file2str` to apply 1 suggestion)
    Finished `test` profile [unoptimized + debuginfo] target(s) in 0.33s
     Running unittests src/lib.rs (target/debug/deps/file2str-f9842124d462a3b5)

running 0 tests

test result: ok. 0 passed; 0 failed; 0 ignored; 0 measured; 0 filtered out; finished in 0.00s

     Running unittests src/bin/test_file2str.rs (target/debug/deps/test_file2str-7ecda794c25ac5cf)

running 5 tests
test test_file2strl_nonexistent_file ... ok
test test_file2strl_valid_file ... ok
test test_file2strl_empty_file ... ok
test test_file2str_valid_file ... ok
test test_file2str_nonexistent_file ... ok

test result: ok. 5 passed; 0 failed; 0 ignored; 0 measured; 0 filtered out; finished in 0.00s

     Running src/bin/test_file2str.rs (target/debug/deps/test_file2str-2b87d2350f580ddf)

running 5 tests
test test_file2str_valid_file ... ok
test test_file2strl_nonexistent_file ... ok
test test_file2str_nonexistent_file ... ok
test test_file2strl_empty_file ... ok
test test_file2strl_valid_file ... ok

test result: ok. 5 passed; 0 failed; 0 ignored; 0 measured; 0 filtered out; finished in 0.00s

   Doc-tests file2str

running 0 tests

test result: ok. 0 passed; 0 failed; 0 ignored; 0 measured; 0 filtered out; finished in 0.00s

[38;5;244m - Completed in 0.415s[0m

[?25l[0m[38;5;141m> [0mAll 5 tests pass cleanly. The "unused imports" warning is just because the binary target doesn't use them in [38;5;10mmain()[0m — the test target uses them fine.[0m[0m
[?25l[0m[0m[38;5;11mTODO:
[39m[38;5;10m[x] [3m[38;5;244mRead project structure, Cargo.toml, lib.rs, all C sources, and all Rust sources[23m
[38;5;10m[x] [3m[38;5;244mBuild and run C code to get ground truth outputs[23m
[38;5;10m[x] [3m[38;5;244mCreate test files in src/bin/ for every module[23m
[38;5;10m[x] [3m[38;5;244mRun cargo test and iterate until all tests pass[23m[38;5;244m - Completed in 0.0s[0m

[?25l[0m[38;5;141m> [0mAll done. Here's a summary:[0m[0m
[0m[0m
[1mModule covered:[22m [38;5;10mfile2str[0m (the only module in [38;5;10msrc/lib.rs[0m)[0m[0m
[0m[0m
[1mTest file:[22m [38;5;10msrc/bin/test_file2str.rs[0m — 5 tests, all passing:[0m[0m
[0m[0m
| Test | What it verifies |[0m[0m
|---|---|[0m[0m
| [38;5;10mtest_file2strl_valid_file[0m | Reads [38;5;10mtests/test.txt[0m, checks content = [38;5;10m"Text file\n"[0m and len = 11 (file_len + 1 for null terminator, matching C behavior) |[0m[0m
| [38;5;10mtest_file2str_valid_file[0m | Reads same file via [38;5;10mfile2str[0m, checks content = [38;5;10m"Text file\n"[0m |[0m[0m
| [38;5;10mtest_file2strl_nonexistent_file[0m | Returns [38;5;10mNone[0m for missing file, [38;5;10mlen[0m stays unchanged at 999 |[0m[0m
| [38;5;10mtest_file2str_nonexistent_file[0m | Returns [38;5;10mNone[0m for missing file |[0m[0m
| [38;5;10mtest_file2strl_empty_file[0m | Creates empty file, checks content = [38;5;10m""[0m and len = 1 |[0m[0m
[0m[0m
All expected values were derived by running the C code, not by reading it. The Rust translation correctly matches C behavior — no fixes were needed.[0m[0m
[38;5;8m
 ▸ Credits: 2.69 • Time: 1m 29s

[0m[1G[0m[0m[?25h