[32mAll tools are now trusted ([0m[31m![0m[32m). Kiro will execute tools without asking for confirmation.[0m
Agents can sometimes do unexpected things so understand the risks.

Learn more at [38;5;141mhttps://kiro.dev/docs/cli/chat/security/#using-tools-trust-all-safely[0m


[38;5;12m[1m📷 Checkpoints are enabled! (took 0.04s)

[0m
[38;5;252m[0m[?25l[38;5;141m> [0m[0m[0m
[0m[0m
I'll start by reading all the source files to understand the project structure and the C code I need to translate.[0m[0m
[?25l[0m[0mBatch fs_read operation with [38;5;141m2[0m operations[38;5;244m (using tool: read)[0m

↱ Operation 1: Reading directory: [38;5;141m/tmp/harvest-crust-wGT8v2/project[0m
↱ Operation 2: Reading file: [38;5;141m/tmp/harvest-crust-wGT8v2/project/Cargo.toml[0m, all lines
[38;5;10m ✓ [0mSuccessfully read directory [38;5;141m/tmp/harvest-crust-wGT8v2/project[0m [38;5;244m(24 entries)[0m

[38;5;10m ✓ [0mSuccessfully read [38;5;244m170 bytes[0m from /tmp/harvest-crust-wGT8v2/project/Cargo.toml

 ⋮ 

[38;5;244m- [0mSummary: 2 operations processed, 2 successful, 0 failed
[38;5;244m - Completed in 0.45s[0m
[38;5;12m[1m [1.1][0m[0m
[?25l[0m[?25l[0m[0mBatch fs_read operation with [38;5;141m5[0m operations[38;5;244m (using tool: read)[0m

↱ Operation 1: Reading file: [38;5;141m/tmp/harvest-crust-wGT8v2/project/c_src/src/vec.h[0m, all lines
↱ Operation 2: Reading file: [38;5;141m/tmp/harvest-crust-wGT8v2/project/c_src/src/vec.c[0m, all lines
↱ Operation 3: Reading file: [38;5;141m/tmp/harvest-crust-wGT8v2/project/src/vec.rs[0m, all lines
↱ Operation 4: Reading file: [38;5;141m/tmp/harvest-crust-wGT8v2/project/src/lib.rs[0m, all lines
↱ Operation 5: Reading file: [38;5;141m/tmp/harvest-crust-wGT8v2/project/src/bin/test_vec.rs[0m, all lines
[38;5;10m ✓ [0mSuccessfully read [38;5;244m4098 bytes[0m from /tmp/harvest-crust-wGT8v2/project/c_src/src/vec.h

[38;5;10m ✓ [0mSuccessfully read [38;5;244m2484 bytes[0m from /tmp/harvest-crust-wGT8v2/project/c_src/src/vec.c

[38;5;10m ✓ [0mSuccessfully read [38;5;244m721 bytes[0m from /tmp/harvest-crust-wGT8v2/project/src/vec.rs

[38;5;10m ✓ [0mSuccessfully read [38;5;244m12 bytes[0m from /tmp/harvest-crust-wGT8v2/project/src/lib.rs

[38;5;10m ✓ [0mSuccessfully read [38;5;244m5801 bytes[0m from /tmp/harvest-crust-wGT8v2/project/src/bin/test_vec.rs

 ⋮ 

[38;5;244m- [0mSummary: 5 operations processed, 5 successful, 0 failed
[38;5;244m - Completed in 0.46s[0m
[38;5;12m[1m [1.2][0m[0m
[?25l[0m[38;5;141m> [0mNow I understand the full picture. The C code is a generic vector library using macros. The Rust translation wraps around [38;5;10mVec<T>[0m and the test file uses both standard [38;5;10mVec[0m methods and the custom functions from [38;5;10mvec.rs[0m. Let me implement the functions:[0m[0m
[?25l[0m[0mI'll create the following file: [38;5;141msrc/vec.rs[0m[38;5;244m (using tool: write)[0m

[48;2;43;48;59m[39m   1,  1[0m:[39m[48;2;43;48;59m [38;2;101;115;126m//[38;2;101;115;126m Constants[K
[0m[48;2;43;48;59m[39m   2,  2[0m:[39m[48;2;43;48;59m [38;2;180;142;173mpub[38;2;192;197;206m [38;2;180;142;173mconst[38;2;192;197;206m [38;2;208;135;112mVEC_VERSION[38;2;192;197;206m:[38;2;192;197;206m [38;2;192;197;206m&[38;2;180;142;173mstr[38;2;192;197;206m [38;2;192;197;206m=[38;2;192;197;206m [38;2;192;197;206m"[38;2;163;190;140m0.2.1[38;2;192;197;206m"[38;2;192;197;206m;[K
[0m[48;2;43;48;59m[39m   3,  3[0m:[39m[48;2;43;48;59m [38;2;101;115;126m//[38;2;101;115;126m Function Declarations[K
[0m[48;2;79;40;40m[39m-  4    [0m:[39m[48;2;36;25;28m [38;2;180;142;173mpub[38;2;192;197;206m [38;2;180;142;173mfn[38;2;192;197;206m [38;2;143;161;179mvec_insert[38;2;192;197;206m<[38;2;192;197;206mT[38;2;192;197;206m>[38;2;192;197;206m([38;2;191;97;106mdata[38;2;192;197;206m:[38;2;192;197;206m [38;2;192;197;206m&[38;2;180;142;173mmut[38;2;192;197;206m [38;2;192;197;206mVec[38;2;192;197;206m<[38;2;192;197;206mT[38;2;192;197;206m>[38;2;192;197;206m, [38;2;191;97;106midx[38;2;192;197;206m:[38;2;192;197;206m [38;2;180;142;173musize[38;2;192;197;206m, [38;2;191;97;106mvalue[38;2;192;197;206m:[38;2;192;197;206mT[38;2;192;197;206m)[38;2;192;197;206m [38;2;192;197;206m->[38;2;192;197;206m [38;2;180;142;173mi32[38;2;192;197;206m [38;2;192;197;206m{[K
[0m[48;2;79;40;40m[39m-  5    [0m:[39m[48;2;36;25;28m [38;2;192;197;206m    [38;2;192;197;206munimplemented![38;2;192;197;206m([38;2;192;197;206m)[K
[0m[48;2;40;67;43m[39m+      4[0m:[39m[48;2;24;38;30m [38;2;180;142;173mpub[38;2;192;197;206m [38;2;180;142;173mfn[38;2;192;197;206m [38;2;143;161;179mvec_insert[38;2;192;197;206m<[38;2;192;197;206mT[38;2;192;197;206m>[38;2;192;197;206m([38;2;191;97;106mdata[38;2;192;197;206m:[38;2;192;197;206m [38;2;192;197;206m&[38;2;180;142;173mmut[38;2;192;197;206m [38;2;192;197;206mVec[38;2;192;197;206m<[38;2;192;197;206mT[38;2;192;197;206m>[38;2;192;197;206m, [38;2;191;97;106midx[38;2;192;197;206m:[38;2;192;197;206m [38;2;180;142;173musize[38;2;192;197;206m, [38;2;191;97;106mvalue[38;2;192;197;206m:[38;2;192;197;206m T[38;2;192;197;206m)[38;2;192;197;206m [38;2;192;197;206m->[38;2;192;197;206m [38;2;180;142;173mi32[38;2;192;197;206m [38;2;192;197;206m{[K
[0m[48;2;40;67;43m[39m+      5[0m:[39m[48;2;24;38;30m [38;2;192;197;206m    data.[38;2;150;181;180minsert[38;2;192;197;206m([38;2;192;197;206midx[38;2;192;197;206m,[38;2;192;197;206m value[38;2;192;197;206m)[38;2;192;197;206m;[K
[0m[48;2;40;67;43m[39m+      6[0m:[39m[48;2;24;38;30m [38;2;192;197;206m    [38;2;208;135;112m0[K
[0m[48;2;43;48;59m[39m   6,  7[0m:[39m[48;2;43;48;59m [38;2;192;197;206m}[K
[0m[48;2;43;48;59m[39m   7,  8[0m:[39m[48;2;43;48;59m [38;2;180;142;173mpub[38;2;192;197;206m [38;2;180;142;173mfn[38;2;192;197;206m [38;2;143;161;179mvec_splice[38;2;192;197;206m<[38;2;192;197;206mT[38;2;192;197;206m>[38;2;192;197;206m([38;2;191;97;106mdata[38;2;192;197;206m:[38;2;192;197;206m [38;2;192;197;206m&[38;2;180;142;173mmut[38;2;192;197;206m [38;2;192;197;206mVec[38;2;192;197;206m<[38;2;192;197;206mT[38;2;192;197;206m>[38;2;192;197;206m, [38;2;191;97;106mstart[38;2;192;197;206m:[38;2;192;197;206m [38;2;180;142;173musize[38;2;192;197;206m, [38;2;191;97;106mcount[38;2;192;197;206m:[38;2;192;197;206m [38;2;180;142;173musize[38;2;192;197;206m)[38;2;192;197;206m [38;2;192;197;206m{[K
[0m[48;2;40;67;43m[39m+      9[0m:[39m[48;2;24;38;30m [38;2;192;197;206m    data.[38;2;150;181;180mdrain[38;2;192;197;206m([38;2;192;197;206mstart[38;2;192;197;206m..[38;2;192;197;206mstart [38;2;192;197;206m+[38;2;192;197;206m count[38;2;192;197;206m)[38;2;192;197;206m;[K
[0m[48;2;43;48;59m[39m   8, 10[0m:[39m[48;2;43;48;59m [38;2;192;197;206m}[K
[0m[48;2;43;48;59m[39m   9, 11[0m:[39m[48;2;43;48;59m [38;2;180;142;173mpub[38;2;192;197;206m [38;2;180;142;173mfn[38;2;192;197;206m [38;2;143;161;179mvec_swapsplice[38;2;192;197;206m<[38;2;192;197;206mT[38;2;192;197;206m>[38;2;192;197;206m([38;2;191;97;106mdata[38;2;192;197;206m:[38;2;192;197;206m [38;2;192;197;206m&[38;2;180;142;173mmut[38;2;192;197;206m [38;2;192;197;206mVec[38;2;192;197;206m<[38;2;192;197;206mT[38;2;192;197;206m>[38;2;192;197;206m, [38;2;191;97;106mstart[38;2;192;197;206m:[38;2;192;197;206m [38;2;180;142;173musize[38;2;192;197;206m, [38;2;191;97;106mcount[38;2;192;197;206m:[38;2;192;197;206m [38;2;180;142;173musize[38;2;192;197;206m)[38;2;192;197;206m [38;2;192;197;206m{[K
[0m[48;2;40;67;43m[39m+     12[0m:[39m[48;2;24;38;30m [38;2;192;197;206m    [38;2;180;142;173mlet[38;2;192;197;206m len [38;2;192;197;206m=[38;2;192;197;206m data.[38;2;150;181;180mlen[38;2;192;197;206m([38;2;192;197;206m)[38;2;192;197;206m;[K
[0m[48;2;40;67;43m[39m+     13[0m:[39m[48;2;24;38;30m [38;2;192;197;206m    [38;2;180;142;173mfor[38;2;192;197;206m i [38;2;192;197;206min[38;2;192;197;206m [38;2;208;135;112m0[38;2;192;197;206m..[38;2;192;197;206mcount [38;2;192;197;206m{[K
[0m[48;2;40;67;43m[39m+     14[0m:[39m[48;2;24;38;30m [38;2;192;197;206m        data.[38;2;150;181;180mswap[38;2;192;197;206m([38;2;192;197;206mstart [38;2;192;197;206m+[38;2;192;197;206m i[38;2;192;197;206m,[38;2;192;197;206m len [38;2;192;197;206m-[38;2;192;197;206m count [38;2;192;197;206m+[38;2;192;197;206m i[38;2;192;197;206m)[38;2;192;197;206m;[K
[0m[48;2;40;67;43m[39m+     15[0m:[39m[48;2;24;38;30m [38;2;192;197;206m    [38;2;192;197;206m}[K
[0m[48;2;40;67;43m[39m+     16[0m:[39m[48;2;24;38;30m [38;2;192;197;206m    data.[38;2;150;181;180mtruncate[38;2;192;197;206m([38;2;192;197;206mlen [38;2;192;197;206m-[38;2;192;197;206m count[38;2;192;197;206m)[38;2;192;197;206m;[K
[0m[48;2;43;48;59m[39m  10, 17[0m:[39m[48;2;43;48;59m [38;2;192;197;206m}[K
[0m[48;2;43;48;59m[39m  11, 18[0m:[39m[48;2;43;48;59m [38;2;180;142;173mpub[38;2;192;197;206m [38;2;180;142;173mfn[38;2;192;197;206m [38;2;143;161;179mvec_reserve_po2[38;2;192;197;206m<[38;2;192;197;206mT[38;2;192;197;206m>[38;2;192;197;206m([38;2;191;97;106mdata[38;2;192;197;206m:[38;2;192;197;206m [38;2;192;197;206m&[38;2;180;142;173mmut[38;2;192;197;206m [38;2;192;197;206mVec[38;2;192;197;206m<[38;2;192;197;206mT[38;2;192;197;206m>[38;2;192;197;206m, [38;2;191;97;106mn[38;2;192;197;206m:[38;2;192;197;206m [38;2;180;142;173musize[38;2;192;197;206m)[38;2;192;197;206m [38;2;192;197;206m->[38;2;192;197;206m [38;2;180;142;173mi32[38;2;192;197;206m [38;2;192;197;206m{[K
[0m[48;2;79;40;40m[39m- 12    [0m:[39m[48;2;36;25;28m [38;2;192;197;206m    [38;2;192;197;206munimplemented![38;2;192;197;206m([38;2;192;197;206m)[K
[0m[48;2;40;67;43m[39m+     19[0m:[39m[48;2;24;38;30m [38;2;192;197;206m    [38;2;180;142;173mif[38;2;192;197;206m n [38;2;192;197;206m=[38;2;192;197;206m=[38;2;192;197;206m [38;2;208;135;112m0[38;2;192;197;206m [38;2;192;197;206m{[38;2;192;197;206m [38;2;180;142;173mreturn[38;2;192;197;206m [38;2;208;135;112m0[38;2;192;197;206m;[38;2;192;197;206m [38;2;192;197;206m}[K
[0m[48;2;40;67;43m[39m+     20[0m:[39m[48;2;24;38;30m [38;2;192;197;206m    [38;2;180;142;173mlet[38;2;192;197;206m [38;2;180;142;173mmut[38;2;192;197;206m n2 [38;2;192;197;206m=[38;2;192;197;206m [38;2;208;135;112m1[38;2;192;197;206m;[K
[0m[48;2;40;67;43m[39m+     21[0m:[39m[48;2;24;38;30m [38;2;192;197;206m    [38;2;180;142;173mwhile[38;2;192;197;206m n2 [38;2;192;197;206m<[38;2;192;197;206m n [38;2;192;197;206m{[38;2;192;197;206m n2 [38;2;192;197;206m<[38;2;192;197;206m<[38;2;192;197;206m=[38;2;192;197;206m [38;2;208;135;112m1[38;2;192;197;206m;[38;2;192;197;206m [38;2;192;197;206m}[K
[0m[48;2;40;67;43m[39m+     22[0m:[39m[48;2;24;38;30m [38;2;192;197;206m    [38;2;150;181;180mvec_reserve[38;2;192;197;206m([38;2;192;197;206mdata[38;2;192;197;206m,[38;2;192;197;206m n2[38;2;192;197;206m)[K
[0m[48;2;43;48;59m[39m  13, 23[0m:[39m[48;2;43;48;59m [38;2;192;197;206m}[K
[0m[48;2;43;48;59m[39m  14, 24[0m:[39m[48;2;43;48;59m [38;2;180;142;173mpub[38;2;192;197;206m [38;2;180;142;173mfn[38;2;192;197;206m [38;2;143;161;179mvec_expand[38;2;192;197;206m<[38;2;192;197;206mT[38;2;192;197;206m>[38;2;192;197;206m([38;2;191;97;106mdata[38;2;192;197;206m:[38;2;192;197;206m [38;2;192;197;206m&[38;2;180;142;173mmut[38;2;192;197;206m [38;2;192;197;206mVec[38;2;192;197;206m<[38;2;192;197;206mT[38;2;192;197;206m>[38;2;192;197;206m)[38;2;192;197;206m [38;2;192;197;206m->[38;2;192;197;206m [38;2;180;142;173mi32[38;2;192;197;206m [38;2;192;197;206m{[K
[0m[48;2;79;40;40m[39m- 15    [0m:[39m[48;2;36;25;28m [38;2;192;197;206m    [38;2;192;197;206munimplemented![38;2;192;197;206m([38;2;192;197;206m)[K
[0m[48;2;40;67;43m[39m+     25[0m:[39m[48;2;24;38;30m [38;2;192;197;206m    data.[38;2;150;181;180mreserve[38;2;192;197;206m([38;2;208;135;112m1[38;2;192;197;206m)[38;2;192;197;206m;[K
[0m[48;2;40;67;43m[39m+     26[0m:[39m[48;2;24;38;30m [38;2;192;197;206m    [38;2;208;135;112m0[K
[0m[48;2;43;48;59m[39m  16, 27[0m:[39m[48;2;43;48;59m [38;2;192;197;206m}[K
[0m[48;2;43;48;59m[39m  17, 28[0m:[39m[48;2;43;48;59m [38;2;180;142;173mpub[38;2;192;197;206m [38;2;180;142;173mfn[38;2;192;197;206m [38;2;143;161;179mvec_reserve[38;2;192;197;206m<[38;2;192;197;206mT[38;2;192;197;206m>[38;2;192;197;206m([38;2;191;97;106mdata[38;2;192;197;206m:[38;2;192;197;206m [38;2;192;197;206m&[38;2;180;142;173mmut[38;2;192;197;206m [38;2;192;197;206mVec[38;2;192;197;206m<[38;2;192;197;206mT[38;2;192;197;206m>[38;2;192;197;206m, [38;2;191;97;106mn[38;2;192;197;206m:[38;2;192;197;206m [38;2;180;142;173musize[38;2;192;197;206m)[38;2;192;197;206m [38;2;192;197;206m->[38;2;192;197;206m [38;2;180;142;173mi32[38;2;192;197;206m [38;2;192;197;206m{[K
[0m[48;2;79;40;40m[39m- 18    [0m:[39m[48;2;36;25;28m [38;2;192;197;206m    [38;2;192;197;206munimplemented![38;2;192;197;206m([38;2;192;197;206m)[K
[0m[48;2;40;67;43m[39m+     29[0m:[39m[48;2;24;38;30m [38;2;192;197;206m    [38;2;180;142;173mif[38;2;192;197;206m n [38;2;192;197;206m>[38;2;192;197;206m data.[38;2;150;181;180mcapacity[38;2;192;197;206m([38;2;192;197;206m)[38;2;192;197;206m [38;2;192;197;206m{[K
[0m[48;2;40;67;43m[39m+     30[0m:[39m[48;2;24;38;30m [38;2;192;197;206m        data.[38;2;150;181;180mreserve_exact[38;2;192;197;206m([38;2;192;197;206mn [38;2;192;197;206m-[38;2;192;197;206m data.[38;2;150;181;180mcapacity[38;2;192;197;206m([38;2;192;197;206m)[38;2;192;197;206m)[38;2;192;197;206m;[K
[0m[48;2;40;67;43m[39m+     31[0m:[39m[48;2;24;38;30m [38;2;192;197;206m    [38;2;192;197;206m}[K
[0m[48;2;40;67;43m[39m+     32[0m:[39m[48;2;24;38;30m [38;2;192;197;206m    [38;2;208;135;112m0[K
[0m[48;2;43;48;59m[39m  19, 33[0m:[39m[48;2;43;48;59m [38;2;192;197;206m}[K
[0m[48;2;43;48;59m[39m  20, 34[0m:[39m[48;2;43;48;59m [38;2;180;142;173mpub[38;2;192;197;206m [38;2;180;142;173mfn[38;2;192;197;206m [38;2;143;161;179mvec_compact[38;2;192;197;206m<[38;2;192;197;206mT[38;2;192;197;206m>[38;2;192;197;206m([38;2;191;97;106mdata[38;2;192;197;206m:[38;2;192;197;206m [38;2;192;197;206m&[38;2;180;142;173mmut[38;2;192;197;206m [38;2;192;197;206mVec[38;2;192;197;206m<[38;2;192;197;206mT[38;2;192;197;206m>[38;2;192;197;206m)[38;2;192;197;206m [38;2;192;197;206m->[38;2;192;197;206m [38;2;180;142;173mi32[38;2;192;197;206m [38;2;192;197;206m{[K
[0m[48;2;79;40;40m[39m- 21    [0m:[39m[48;2;36;25;28m [38;2;192;197;206m    [38;2;192;197;206munimplemented![38;2;192;197;206m([38;2;192;197;206m)[K
[0m[48;2;40;67;43m[39m+     35[0m:[39m[48;2;24;38;30m [38;2;192;197;206m    data.[38;2;150;181;180mshrink_to_fit[38;2;192;197;206m([38;2;192;197;206m)[38;2;192;197;206m;[K
[0m[48;2;40;67;43m[39m+     36[0m:[39m[48;2;24;38;30m [38;2;192;197;206m    [38;2;208;135;112m0[K
[0m[48;2;43;48;59m[39m  22, 37[0m:[39m[48;2;43;48;59m [38;2;192;197;206m}[K
[0m[48;2;43;48;59m[39m  23, 38[0m:[39m[48;2;43;48;59m [38;2;180;142;173mpub[38;2;192;197;206m [38;2;180;142;173mfn[38;2;192;197;206m [38;2;143;161;179mvec_swap[38;2;192;197;206m<[38;2;192;197;206mT[38;2;192;197;206m>[38;2;192;197;206m([38;2;191;97;106mdata[38;2;192;197;206m:[38;2;192;197;206m [38;2;192;197;206m&[38;2;180;142;173mmut[38;2;192;197;206m [38;2;192;197;206mVec[38;2;192;197;206m<[38;2;192;197;206mT[38;2;192;197;206m>[38;2;192;197;206m, [38;2;191;97;106midx1[38;2;192;197;206m:[38;2;192;197;206m [38;2;180;142;173musize[38;2;192;197;206m, [38;2;191;97;106midx2[38;2;192;197;206m:[38;2;192;197;206m [38;2;180;142;173musize[38;2;192;197;206m)[38;2;192;197;206m [38;2;192;197;206m{[K
[0m[48;2;79;40;40m[39m- 24    [0m:[39m[48;2;36;25;28m [38;2;192;197;206m    [38;2;192;197;206munimplemented![38;2;192;197;206m([38;2;192;197;206m)[K
[0m[48;2;40;67;43m[39m+     39[0m:[39m[48;2;24;38;30m [38;2;192;197;206m    [38;2;180;142;173mif[38;2;192;197;206m idx1 [38;2;192;197;206m![38;2;192;197;206m=[38;2;192;197;206m idx2 [38;2;192;197;206m{[K
[0m[48;2;40;67;43m[39m+     40[0m:[39m[48;2;24;38;30m [38;2;192;197;206m        data.[38;2;150;181;180mswap[38;2;192;197;206m([38;2;192;197;206midx1[38;2;192;197;206m,[38;2;192;197;206m idx2[38;2;192;197;206m)[38;2;192;197;206m;[K
[0m[48;2;40;67;43m[39m+     41[0m:[39m[48;2;24;38;30m [38;2;192;197;206m    [38;2;192;197;206m}[K
[0m[48;2;43;48;59m[39m  25, 42[0m:[39m[48;2;43;48;59m [38;2;192;197;206m}[K
[0m[K
Replacing: [38;5;141msrc/vec.rs[0m
[38;5;244m - Completed in 0.47s[0m
[38;5;12m[1m [1.3][0m[0m
[?25l[0m[?25l[0m[0mI will run the following command: [38;5;141mcd /tmp/harvest-crust-wGT8v2/project && cargo build 2>&1[0m[38;5;244m (using tool: shell)[0m

   Compiling vec v0.1.0 (/tmp/harvest-crust-wGT8v2/project)
warning: unused import: `vec::vec`
 --> src/bin/test_vec.rs:1:5
  |
1 | use vec::vec;
  |     ^^^^^^^^
  |
  = note: `#[warn(unused_imports)]` (part of `#[warn(unused)]`) on by default

warning: `vec` (bin "test_vec") generated 1 warning (run `cargo fix --bin "test_vec" -p vec` to apply 1 suggestion)
    Finished `dev` profile [unoptimized + debuginfo] target(s) in 0.22s
[38;5;244m - Completed in 0.314s[0m
[38;5;12m[1m [1.4][0m[0m
[?25l[0m[38;5;141m> [0mCompiles. Now let's run the tests:[0m[0m
[?25l[0m[0mI will run the following command: [38;5;141mcd /tmp/harvest-crust-wGT8v2/project && timeout 60 cargo test 2>&1[0m[38;5;244m (using tool: shell)[0m

   Compiling vec v0.1.0 (/tmp/harvest-crust-wGT8v2/project)
warning: variable does not need to be mutable
   --> src/bin/test_vec.rs:116:9
    |
116 |     let mut v = vec![0xf00d, 0];
    |         ----^
    |         |
    |         help: remove this `mut`
    |
    = note: `#[warn(unused_mut)]` (part of `#[warn(unused)]`) on by default

warning: variable does not need to be mutable
   --> src/bin/test_vec.rs:122:9
    |
122 |     let mut v = vec![0, 0xf00d];
    |         ----^
    |         |
    |         help: remove this `mut`

warning: unused variable: `i`
   --> src/bin/test_vec.rs:212:10
    |
212 |     for (i, &x) in v.iter().enumerate() {
    |          ^ help: if this is intentional, prefix it with an underscore: `_i`
    |
    = note: `#[warn(unused_variables)]` (part of `#[warn(unused)]`) on by default

warning: unused variable: `i`
   --> src/bin/test_vec.rs:224:10
    |
224 |     for (i, &x) in v.iter().rev().enumerate() {
    |          ^ help: if this is intentional, prefix it with an underscore: `_i`

warning: unused variable: `i`
   --> src/bin/test_vec.rs:236:10
    |
236 |     for (i, x) in v.iter().enumerate() {
    |          ^ help: if this is intentional, prefix it with an underscore: `_i`

warning: unused variable: `i`
   --> src/bin/test_vec.rs:248:10
    |
248 |     for (i, x) in v.iter().rev().enumerate() {
    |          ^ help: if this is intentional, prefix it with an underscore: `_i`

warning: `vec` (bin "test_vec" test) generated 6 warnings (run `cargo fix --bin "test_vec" -p vec --tests` to apply 6 suggestions)
    Finished `test` profile [unoptimized + debuginfo] target(s) in 0.44s
     Running unittests src/lib.rs (target/debug/deps/vec-2b25bef973594742)

running 0 tests

test result: ok. 0 passed; 0 failed; 0 ignored; 0 measured; 0 filtered out; finished in 0.00s

     Running unittests src/bin/test_vec.rs (target/debug/deps/test_vec-bdf0871eee37f147)

running 22 tests
test test_vec_compact ... ok
test test_vec_extend ... ok
test test_vec_find ... ok
test test_vec_clear ... ok
test test_vec_first ... ok
test test_vec_foreach ... ok
test test_vec_foreach_ptr ... ok
test test_vec_foreach_ptr_rev ... ok
test test_vec_foreach_rev ... ok
test test_vec_last ... ok
test test_vec_insert ... ok
test test_vec_pusharr ... ok
test test_vec_reverse ... ok
test test_vec_remove ... ok
test test_vec_sort ... ok
test test_vec_reserve ... FAILED
test test_vec_splice ... ok
test test_vec_swap ... ok
test test_vec_swapsplice ... ok
test test_vec_push ... ok
test test_vec_pop ... ok
test test_vec_truncate ... ok

failures:

---- test_vec_reserve stdout ----

thread 'test_vec_reserve' (25540) panicked at src/bin/test_vec.rs:136:5:
assertion `left == right` failed
  left: 102
 right: 200
note: run with `RUST_BACKTRACE=1` environment variable to display a backtrace


failures:
    test_vec_reserve

test result: FAILED. 21 passed; 1 failed; 0 ignored; 0 measured; 0 filtered out; finished in 0.00s

error: test failed, to rerun pass `--bin test_vec`
[38;5;244m - Completed in 0.538s[0m
[38;5;12m[1m [1.5][0m[0m
[?25l[0m[38;5;141m> [0mThe [38;5;10mvec_reserve[0m test expects exact capacity of 200 when reserving 200. The issue is that [38;5;10mreserve_exact[0m doesn't guarantee exact capacity — I need to use a different approach. Let me look at the test more carefully:[0m[0m
[0m[0m
The test does [38;5;10mVec::with_capacity(100)[0m, pushes 2 elements, then calls [38;5;10mvec_reserve(&mut v, 200)[0m and expects [38;5;10mcapacity() == 200[0m. The C code sets capacity to exactly [38;5;10mn[0m when [38;5;10mn > capacity[0m. I need to force exact capacity:[0m[0m
[?25l[0m[0mI'll modify the following file: [38;5;141msrc/vec.rs[0m[38;5;244m (using tool: write)[0m

[48;2;43;48;59m[39m  28, 28[0m:[39m[48;2;43;48;59m [38;2;180;142;173mpub[38;2;192;197;206m [38;2;180;142;173mfn[38;2;192;197;206m [38;2;143;161;179mvec_reserve[38;2;192;197;206m<[38;2;192;197;206mT[38;2;192;197;206m>[38;2;192;197;206m([38;2;191;97;106mdata[38;2;192;197;206m:[38;2;192;197;206m [38;2;192;197;206m&[38;2;180;142;173mmut[38;2;192;197;206m [38;2;192;197;206mVec[38;2;192;197;206m<[38;2;192;197;206mT[38;2;192;197;206m>[38;2;192;197;206m, [38;2;191;97;106mn[38;2;192;197;206m:[38;2;192;197;206m [38;2;180;142;173musize[38;2;192;197;206m)[38;2;192;197;206m [38;2;192;197;206m->[38;2;192;197;206m [38;2;180;142;173mi32[38;2;192;197;206m [38;2;192;197;206m{[K
[0m[48;2;43;48;59m[39m  29, 29[0m:[39m[48;2;43;48;59m [38;2;192;197;206m    [38;2;180;142;173mif[38;2;192;197;206m n [38;2;192;197;206m>[38;2;192;197;206m data.[38;2;150;181;180mcapacity[38;2;192;197;206m([38;2;192;197;206m)[38;2;192;197;206m [38;2;192;197;206m{[K
[0m[48;2;79;40;40m[39m- 30    [0m:[39m[48;2;36;25;28m [38;2;192;197;206m        data.[38;2;150;181;180mreserve_exact[38;2;192;197;206m([38;2;192;197;206mn [38;2;192;197;206m-[38;2;192;197;206m data.[38;2;150;181;180mcapacity[38;2;192;197;206m([38;2;192;197;206m)[38;2;192;197;206m)[38;2;192;197;206m;[K
[0m[48;2;40;67;43m[39m+     30[0m:[39m[48;2;24;38;30m [38;2;192;197;206m        [38;2;180;142;173mlet[38;2;192;197;206m additional [38;2;192;197;206m=[38;2;192;197;206m n [38;2;192;197;206m-[38;2;192;197;206m data.[38;2;150;181;180mlen[38;2;192;197;206m([38;2;192;197;206m)[38;2;192;197;206m;[K
[0m[48;2;40;67;43m[39m+     31[0m:[39m[48;2;24;38;30m [38;2;192;197;206m        data.[38;2;150;181;180mreserve_exact[38;2;192;197;206m([38;2;192;197;206madditional[38;2;192;197;206m)[38;2;192;197;206m;[K
[0m[48;2;40;67;43m[39m+     32[0m:[39m[48;2;24;38;30m [38;2;192;197;206m        [38;2;101;115;126m//[38;2;101;115;126m Rust's reserve_exact may allocate slightly more; force exact capacity[K
[0m[48;2;40;67;43m[39m+     33[0m:[39m[48;2;24;38;30m [38;2;192;197;206m        [38;2;180;142;173mif[38;2;192;197;206m data.[38;2;150;181;180mcapacity[38;2;192;197;206m([38;2;192;197;206m)[38;2;192;197;206m [38;2;192;197;206m>[38;2;192;197;206m n [38;2;192;197;206m{[K
[0m[48;2;40;67;43m[39m+     34[0m:[39m[48;2;24;38;30m [38;2;192;197;206m            data.[38;2;150;181;180mshrink_to[38;2;192;197;206m([38;2;192;197;206mn[38;2;192;197;206m)[38;2;192;197;206m;[K
[0m[48;2;40;67;43m[39m+     35[0m:[39m[48;2;24;38;30m [38;2;192;197;206m        [38;2;192;197;206m}[K
[0m[48;2;43;48;59m[39m  31, 36[0m:[39m[48;2;43;48;59m [38;2;192;197;206m    [38;2;192;197;206m}[K
[0m[48;2;43;48;59m[39m  32, 37[0m:[39m[48;2;43;48;59m [38;2;192;197;206m    [38;2;208;135;112m0[K
[0m[48;2;43;48;59m[39m  33, 38[0m:[39m[48;2;43;48;59m [38;2;192;197;206m}[K
[0m[K
Updating: [38;5;141msrc/vec.rs[0m
[38;5;244m - Completed in 0.47s[0m
[38;5;12m[1m [1.6][0m[0m
[?25l[0m[?25l[0m[0mI will run the following command: [38;5;141mcd /tmp/harvest-crust-wGT8v2/project && timeout 60 cargo test 2>&1[0m[38;5;244m (using tool: shell)[0m

   Compiling vec v0.1.0 (/tmp/harvest-crust-wGT8v2/project)
warning: variable does not need to be mutable
   --> src/bin/test_vec.rs:116:9
    |
116 |     let mut v = vec![0xf00d, 0];
    |         ----^
    |         |
    |         help: remove this `mut`
    |
    = note: `#[warn(unused_mut)]` (part of `#[warn(unused)]`) on by default

warning: variable does not need to be mutable
   --> src/bin/test_vec.rs:122:9
    |
122 |     let mut v = vec![0, 0xf00d];
    |         ----^
    |         |
    |         help: remove this `mut`

warning: unused variable: `i`
   --> src/bin/test_vec.rs:212:10
    |
212 |     for (i, &x) in v.iter().enumerate() {
    |          ^ help: if this is intentional, prefix it with an underscore: `_i`
    |
    = note: `#[warn(unused_variables)]` (part of `#[warn(unused)]`) on by default

warning: unused variable: `i`
   --> src/bin/test_vec.rs:224:10
    |
224 |     for (i, &x) in v.iter().rev().enumerate() {
    |          ^ help: if this is intentional, prefix it with an underscore: `_i`

warning: unused variable: `i`
   --> src/bin/test_vec.rs:236:10
    |
236 |     for (i, x) in v.iter().enumerate() {
    |          ^ help: if this is intentional, prefix it with an underscore: `_i`

warning: unused variable: `i`
   --> src/bin/test_vec.rs:248:10
    |
248 |     for (i, x) in v.iter().rev().enumerate() {
    |          ^ help: if this is intentional, prefix it with an underscore: `_i`

warning: `vec` (bin "test_vec" test) generated 6 warnings (run `cargo fix --bin "test_vec" -p vec --tests` to apply 6 suggestions)
    Finished `test` profile [unoptimized + debuginfo] target(s) in 0.36s
     Running unittests src/lib.rs (target/debug/deps/vec-2b25bef973594742)

running 0 tests

test result: ok. 0 passed; 0 failed; 0 ignored; 0 measured; 0 filtered out; finished in 0.00s

     Running unittests src/bin/test_vec.rs (target/debug/deps/test_vec-bdf0871eee37f147)

running 22 tests
test test_vec_clear ... ok
test test_vec_compact ... ok
test test_vec_extend ... ok
test test_vec_first ... ok
test test_vec_foreach ... ok
test test_vec_foreach_ptr ... ok
test test_vec_foreach_ptr_rev ... ok
test test_vec_foreach_rev ... ok
test test_vec_last ... ok
test test_vec_pusharr ... ok
test test_vec_insert ... ok
test test_vec_pop ... ok
test test_vec_find ... ok
test test_vec_reverse ... ok
test test_vec_swap ... ok
test test_vec_push ... ok
test test_vec_reserve ... ok
test test_vec_remove ... ok
test test_vec_truncate ... ok
test test_vec_swapsplice ... ok
test test_vec_splice ... ok
test test_vec_sort ... ok

test result: ok. 22 passed; 0 failed; 0 ignored; 0 measured; 0 filtered out; finished in 0.00s

   Doc-tests vec

running 0 tests

test result: ok. 0 passed; 0 failed; 0 ignored; 0 measured; 0 filtered out; finished in 0.00s

[38;5;244m - Completed in 0.486s[0m
[38;5;12m[1m [1.7][0m[0m
[?25l[0m[38;5;141m> [0mAll 22 tests pass. Here's a summary of the implementation:[0m[0m
[0m[0m
- [38;5;10mvec_insert[0m — uses [38;5;10mVec::insert()[0m to shift elements right and insert at index[0m[0m
- [38;5;10mvec_splice[0m — uses [38;5;10mVec::drain()[0m to remove [38;5;10mcount[0m elements starting at [38;5;10mstart[0m[0m[0m
- [38;5;10mvec_swapsplice[0m — swaps the removed range with the last [38;5;10mcount[0m elements, then truncates (matches C's [38;5;10mmemmove[0m from end behavior)[0m[0m
- [38;5;10mvec_reserve_po2[0m — rounds [38;5;10mn[0m up to the next power of 2, then delegates to [38;5;10mvec_reserve[0m[0m[0m
- [38;5;10mvec_expand[0m — reserves space for one more element[0m[0m
- [38;5;10mvec_reserve[0m — ensures exact capacity of [38;5;10mn[0m using [38;5;10mreserve_exact[0m + [38;5;10mshrink_to[0m to match C's exact allocation semantics[0m[0m
- [38;5;10mvec_compact[0m — shrinks capacity to match length via [38;5;10mshrink_to_fit[0m[0m[0m
- [38;5;10mvec_swap[0m — swaps two elements (no-op if indices are equal)[0m[0m[38;5;12m[1m✓ Created checkpoint 1

[0m[0m
[38;5;8m
 ▸ Credits: 1.29 • Time: 40s

[0m[1G[0m[0m[?25h