[32mAll tools are now trusted ([0m[31m![0m[32m). Kiro will execute tools without asking for confirmation.[0m
Agents can sometimes do unexpected things so understand the risks.

Learn more at [38;5;141mhttps://kiro.dev/docs/cli/chat/security/#using-tools-trust-all-safely[0m

[38;5;12m[1m📷 Checkpoints are enabled! (took 0.03s)

[0m
[38;5;252m[0m[?25l[38;5;141m> [0m[0m[0m
[0m[0m
I'll start by reading all the source files to understand the project structure and the C code that needs to be translated.[0m[0m
[?25l[0m[0mBatch fs_read operation with [38;5;141m2[0m operations[38;5;244m (using tool: read)[0m

↱ Operation 1: Reading directory: [38;5;141m/tmp/harvest-crust-Qg6MNI/project[0m
↱ Operation 2: Reading file: [38;5;141m/tmp/harvest-crust-Qg6MNI/project/Cargo.toml[0m, all lines
[38;5;10m ✓ [0mSuccessfully read directory [38;5;141m/tmp/harvest-crust-Qg6MNI/project[0m [38;5;244m(15 entries)[0m

[38;5;10m ✓ [0mSuccessfully read [38;5;244m198 bytes[0m from /tmp/harvest-crust-Qg6MNI/project/Cargo.toml

 ⋮ 

[38;5;244m- [0mSummary: 2 operations processed, 2 successful, 0 failed
[38;5;244m - Completed in 0.44s[0m
[38;5;12m[1m [1.1][0m[0m
[?25l[0m[?25l[0m[0mBatch fs_read operation with [38;5;141m5[0m operations[38;5;244m (using tool: read)[0m

↱ Operation 1: Reading file: [38;5;141m/tmp/harvest-crust-Qg6MNI/project/c_src/rhbloom.h[0m, all lines
↱ Operation 2: Reading file: [38;5;141m/tmp/harvest-crust-Qg6MNI/project/c_src/rhbloom.c[0m, all lines
↱ Operation 3: Reading file: [38;5;141m/tmp/harvest-crust-Qg6MNI/project/c_src/test.c[0m, all lines
↱ Operation 4: Reading file: [38;5;141m/tmp/harvest-crust-Qg6MNI/project/src/rhbloom.rs[0m, all lines
↱ Operation 5: Reading file: [38;5;141m/tmp/harvest-crust-Qg6MNI/project/src/lib.rs[0m, all lines
[38;5;10m ✓ [0mSuccessfully read [38;5;244m835 bytes[0m from /tmp/harvest-crust-Qg6MNI/project/c_src/rhbloom.h

[38;5;10m ✓ [0mSuccessfully read [38;5;244m7639 bytes[0m from /tmp/harvest-crust-Qg6MNI/project/c_src/rhbloom.c

[38;5;10m ✓ [0mSuccessfully read [38;5;244m4923 bytes[0m from /tmp/harvest-crust-Qg6MNI/project/c_src/test.c

[38;5;10m ✓ [0mSuccessfully read [38;5;244m1046 bytes[0m from /tmp/harvest-crust-Qg6MNI/project/src/rhbloom.rs

[38;5;10m ✓ [0mSuccessfully read [38;5;244m16 bytes[0m from /tmp/harvest-crust-Qg6MNI/project/src/lib.rs

 ⋮ 

[38;5;244m- [0mSummary: 5 operations processed, 5 successful, 0 failed
[38;5;244m - Completed in 0.44s[0m
[38;5;12m[1m [1.2][0m[0m
[?25l[0m[38;5;141m> [0mNow I have a clear picture. Let me implement the Rust translation.[0m[0m
[?25l[0m[0m[38;5;11mTODO:
[39m[0m[ ] Implement all RHBloom methods in src/rhbloom.rs
[0m[ ] Build and verify compilation[38;5;244m - Completed in 0.45s[0m
[38;5;12m[1m [1.3][0m[0m
[?25l[0m[38;5;141m> [0mNow let me implement the Rust code. Key observations from the C source:[0m[0m
[0m[0m
- [38;5;10mRHBLOOM_KEY(x)[0m extracts lower 56 bits: [38;5;10m(x << 8) >> 8[0m[0m[0m
- [38;5;10mRHBLOOM_DIB(x)[0m extracts upper 8 bits: [38;5;10mx >> 56[0m[0m[0m
- [38;5;10mRHBLOOM_SETKEYDIB(key, dib)[0m combines them: [38;5;10mKEY(key) | (dib << 56)[0m[0m[0m
- The bloom filter starts as a robin hood hash table and upgrades to a bloom filter when the hash table would use too much memory[0m[0m
- [38;5;10mtestadd[0m needs [38;5;10m&mut self[0m in the signature but [38;5;10mtest[0m uses [38;5;10m&self[0m, so [38;5;10mtest[0m can't call [38;5;10mtestadd[0m — I need a separate read-only test path[0m[0m
[?25l[0m[0mI'll create the following file: [38;5;141msrc/rhbloom.rs[0m[38;5;244m (using tool: write)[0m
Purpose: Implement all RHBloom methods translating from C to idiomatic safe Rust

[48;2;43;48;59m[39m   1,   1[0m:[39m[48;2;43;48;59m [38;2;101;115;126m//[38;2;101;115;126m Import necessary modules[K
[0m[48;2;43;48;59m[39m   2,   2[0m:[39m[48;2;43;48;59m [38;2;180;142;173muse[38;2;192;197;206m [38;2;180;142;173mcrate[38;2;192;197;206m:[38;2;192;197;206m:[38;2;192;197;206m{[38;2;192;197;206mrhbloom[38;2;192;197;206m}[38;2;192;197;206m;[K
[0m[48;2;43;48;59m[39m   3,   3[0m:[39m[48;2;43;48;59m [38;2;101;115;126m//[38;2;101;115;126m Define the RHBloom struct[K
[0m[48;2;43;48;59m[39m   4,   4[0m:[39m[48;2;43;48;59m [38;2;180;142;173mpub[38;2;192;197;206m [38;2;180;142;173mstruct[38;2;192;197;206m [38;2;192;197;206mRHBloom[38;2;192;197;206m [38;2;192;197;206m{[K
[0m[48;2;43;48;59m[39m   5,   5[0m:[39m[48;2;43;48;59m [38;2;192;197;206m    [38;2;191;97;106mcount[38;2;192;197;206m:[38;2;192;197;206m [38;2;180;142;173musize[38;2;192;197;206m,[K
[0m[48;2;43;48;59m[39m   6,   6[0m:[39m[48;2;43;48;59m [38;2;192;197;206m    [38;2;191;97;106mnbuckets[38;2;192;197;206m:[38;2;192;197;206m [38;2;180;142;173musize[38;2;192;197;206m,[K
[0m[48;2;43;48;59m[39m   7,   7[0m:[39m[48;2;43;48;59m [38;2;192;197;206m    [38;2;191;97;106mbuckets[38;2;192;197;206m:[38;2;192;197;206m [38;2;192;197;206mVec[38;2;192;197;206m<[38;2;180;142;173mu64[38;2;192;197;206m>[38;2;192;197;206m,[K
[0m[48;2;43;48;59m[39m   8,   8[0m:[39m[48;2;43;48;59m [38;2;192;197;206m    [38;2;191;97;106mk[38;2;192;197;206m:[38;2;192;197;206m [38;2;180;142;173musize[38;2;192;197;206m,[K
[0m[48;2;43;48;59m[39m   9,   9[0m:[39m[48;2;43;48;59m [38;2;192;197;206m    [38;2;191;97;106mm[38;2;192;197;206m:[38;2;192;197;206m [38;2;180;142;173musize[38;2;192;197;206m,[K
[0m[48;2;43;48;59m[39m  10,  10[0m:[39m[48;2;43;48;59m [38;2;192;197;206m    [38;2;191;97;106mbits[38;2;192;197;206m:[38;2;192;197;206m [38;2;192;197;206mVec[38;2;192;197;206m<[38;2;180;142;173mu8[38;2;192;197;206m>[38;2;192;197;206m,[K
[0m[48;2;43;48;59m[39m  11,  11[0m:[39m[48;2;43;48;59m [38;2;192;197;206m}[K
[0m[48;2;40;67;43m[39m+      12[0m:[39m[48;2;24;38;30m [K
[0m[48;2;40;67;43m[39m+      13[0m:[39m[48;2;24;38;30m [38;2;180;142;173mfn[38;2;192;197;206m [38;2;143;161;179mrhbloom_key[38;2;192;197;206m([38;2;191;97;106mx[38;2;192;197;206m:[38;2;192;197;206m [38;2;180;142;173mu64[38;2;192;197;206m)[38;2;192;197;206m [38;2;192;197;206m->[38;2;192;197;206m [38;2;180;142;173mu64[38;2;192;197;206m [38;2;192;197;206m{[K
[0m[48;2;40;67;43m[39m+      14[0m:[39m[48;2;24;38;30m [38;2;192;197;206m    [38;2;192;197;206m([38;2;192;197;206mx [38;2;192;197;206m<[38;2;192;197;206m<[38;2;192;197;206m [38;2;208;135;112m8[38;2;192;197;206m)[38;2;192;197;206m [38;2;192;197;206m>[38;2;192;197;206m>[38;2;192;197;206m [38;2;208;135;112m8[K
[0m[48;2;40;67;43m[39m+      15[0m:[39m[48;2;24;38;30m [38;2;192;197;206m}[K
[0m[48;2;40;67;43m[39m+      16[0m:[39m[48;2;24;38;30m [K
[0m[48;2;40;67;43m[39m+      17[0m:[39m[48;2;24;38;30m [38;2;180;142;173mfn[38;2;192;197;206m [38;2;143;161;179mrhbloom_dib[38;2;192;197;206m([38;2;191;97;106mx[38;2;192;197;206m:[38;2;192;197;206m [38;2;180;142;173mu64[38;2;192;197;206m)[38;2;192;197;206m [38;2;192;197;206m->[38;2;192;197;206m [38;2;180;142;173mi32[38;2;192;197;206m [38;2;192;197;206m{[K
[0m[48;2;40;67;43m[39m+      18[0m:[39m[48;2;24;38;30m [38;2;192;197;206m    [38;2;192;197;206m([38;2;192;197;206mx [38;2;192;197;206m>[38;2;192;197;206m>[38;2;192;197;206m [38;2;208;135;112m56[38;2;192;197;206m)[38;2;192;197;206m [38;2;192;197;206mas[38;2;192;197;206m [38;2;180;142;173mi32[K
[0m[48;2;40;67;43m[39m+      19[0m:[39m[48;2;24;38;30m [38;2;192;197;206m}[K
[0m[48;2;40;67;43m[39m+      20[0m:[39m[48;2;24;38;30m [K
[0m[48;2;40;67;43m[39m+      21[0m:[39m[48;2;24;38;30m [38;2;180;142;173mfn[38;2;192;197;206m [38;2;143;161;179mrhbloom_setkeydib[38;2;192;197;206m([38;2;191;97;106mkey[38;2;192;197;206m:[38;2;192;197;206m [38;2;180;142;173mu64[38;2;192;197;206m, [38;2;191;97;106mdib[38;2;192;197;206m:[38;2;192;197;206m [38;2;180;142;173mi32[38;2;192;197;206m)[38;2;192;197;206m [38;2;192;197;206m->[38;2;192;197;206m [38;2;180;142;173mu64[38;2;192;197;206m [38;2;192;197;206m{[K
[0m[48;2;40;67;43m[39m+      22[0m:[39m[48;2;24;38;30m [38;2;192;197;206m    [38;2;150;181;180mrhbloom_key[38;2;192;197;206m([38;2;192;197;206mkey[38;2;192;197;206m)[38;2;192;197;206m [38;2;192;197;206m|[38;2;192;197;206m [38;2;192;197;206m([38;2;192;197;206m([38;2;192;197;206mdib [38;2;192;197;206mas[38;2;192;197;206m [38;2;180;142;173mu64[38;2;192;197;206m)[38;2;192;197;206m [38;2;192;197;206m<[38;2;192;197;206m<[38;2;192;197;206m [38;2;208;135;112m56[38;2;192;197;206m)[K
[0m[48;2;40;67;43m[39m+      23[0m:[39m[48;2;24;38;30m [38;2;192;197;206m}[K
[0m[48;2;40;67;43m[39m+      24[0m:[39m[48;2;24;38;30m [K
[0m[48;2;43;48;59m[39m  12,  25[0m:[39m[48;2;43;48;59m [38;2;101;115;126m//[38;2;101;115;126m Implement the RHBloom struct[K
[0m[48;2;43;48;59m[39m  13,  26[0m:[39m[48;2;43;48;59m [38;2;180;142;173mimpl[38;2;192;197;206m [38;2;192;197;206mRHBloom[38;2;192;197;206m [38;2;192;197;206m{[K
[0m[48;2;43;48;59m[39m  14,  27[0m:[39m[48;2;43;48;59m [38;2;192;197;206m    [38;2;180;142;173mpub[38;2;192;197;206m [38;2;180;142;173mfn[38;2;192;197;206m [38;2;143;161;179mnew[38;2;192;197;206m([38;2;191;97;106mn[38;2;192;197;206m:[38;2;192;197;206m [38;2;180;142;173musize[38;2;192;197;206m, [38;2;191;97;106mp[38;2;192;197;206m:[38;2;192;197;206m [38;2;180;142;173mf64[38;2;192;197;206m)[38;2;192;197;206m [38;2;192;197;206m->[38;2;192;197;206m [38;2;180;142;173mSelf[38;2;192;197;206m [38;2;192;197;206m{[K
[0m[48;2;79;40;40m[39m- 15     [0m:[39m[48;2;36;25;28m [38;2;192;197;206m        [38;2;192;197;206munimplemented![38;2;192;197;206m([38;2;192;197;206m)[K
[0m[48;2;40;67;43m[39m+      28[0m:[39m[48;2;24;38;30m [38;2;192;197;206m        [38;2;180;142;173mlet[38;2;192;197;206m n [38;2;192;197;206m=[38;2;192;197;206m [38;2;180;142;173mif[38;2;192;197;206m n [38;2;192;197;206m<[38;2;192;197;206m [38;2;208;135;112m16[38;2;192;197;206m [38;2;192;197;206m{[38;2;192;197;206m [38;2;208;135;112m16[38;2;192;197;206m [38;2;192;197;206m}[38;2;192;197;206m [38;2;180;142;173melse[38;2;192;197;206m [38;2;192;197;206m{[38;2;192;197;206m n [38;2;192;197;206m}[38;2;192;197;206m;[K
[0m[48;2;40;67;43m[39m+      29[0m:[39m[48;2;24;38;30m [K
[0m[48;2;40;67;43m[39m+      30[0m:[39m[48;2;24;38;30m [38;2;192;197;206m        [38;2;180;142;173mlet[38;2;192;197;206m m [38;2;192;197;206m=[38;2;192;197;206m [38;2;192;197;206m([38;2;192;197;206mn [38;2;192;197;206mas[38;2;192;197;206m [38;2;180;142;173mf64[38;2;192;197;206m [38;2;192;197;206m*[38;2;192;197;206m p.[38;2;150;181;180mln[38;2;192;197;206m([38;2;192;197;206m)[38;2;192;197;206m [38;2;192;197;206m/[38;2;192;197;206m [38;2;192;197;206m([38;2;208;135;112m1.[38;2;208;135;112m0[38;2;192;197;206m [38;2;192;197;206m/[38;2;192;197;206m [38;2;208;135;112m2.[38;2;208;135;112m0_[38;2;180;142;173mf64[38;2;192;197;206m.[38;2;150;181;180mpowf[38;2;192;197;206m([38;2;208;135;112m2.[38;2;208;135;112m0_[38;2;180;142;173mf64[38;2;192;197;206m.[38;2;150;181;180mln[38;2;192;197;206m([38;2;192;197;206m)[38;2;192;197;206m)[38;2;192;197;206m)[38;2;192;197;206m.[38;2;150;181;180mln[38;2;192;197;206m([38;2;192;197;206m)[38;2;192;197;206m)[38;2;192;197;206m [38;2;192;197;206mas[38;2;192;197;206m [38;2;180;142;173musize[38;2;192;197;206m;[K
[0m[48;2;40;67;43m[39m+      31[0m:[39m[48;2;24;38;30m [38;2;192;197;206m        [38;2;180;142;173mlet[38;2;192;197;206m k [38;2;192;197;206m=[38;2;192;197;206m [38;2;192;197;206m([38;2;192;197;206m([38;2;192;197;206mm [38;2;192;197;206mas[38;2;192;197;206m [38;2;180;142;173mf64[38;2;192;197;206m [38;2;192;197;206m/[38;2;192;197;206m n [38;2;192;197;206mas[38;2;192;197;206m [38;2;180;142;173mf64[38;2;192;197;206m)[38;2;192;197;206m [38;2;192;197;206m*[38;2;192;197;206m [38;2;208;135;112m2.[38;2;208;135;112m0_[38;2;180;142;173mf64[38;2;192;197;206m.[38;2;150;181;180mln[38;2;192;197;206m([38;2;192;197;206m)[38;2;192;197;206m)[38;2;192;197;206m.[38;2;150;181;180mround[38;2;192;197;206m([38;2;192;197;206m)[38;2;192;197;206m [38;2;192;197;206mas[38;2;192;197;206m [38;2;180;142;173musize[38;2;192;197;206m;[K
[0m[48;2;40;67;43m[39m+      32[0m:[39m[48;2;24;38;30m [K
[0m[48;2;40;67;43m[39m+      33[0m:[39m[48;2;24;38;30m [38;2;192;197;206m        [38;2;180;142;173mlet[38;2;192;197;206m [38;2;180;142;173mmut[38;2;192;197;206m m0[38;2;192;197;206m:[38;2;192;197;206m [38;2;180;142;173musize[38;2;192;197;206m [38;2;192;197;206m=[38;2;192;197;206m [38;2;208;135;112m2[38;2;192;197;206m;[K
[0m[48;2;40;67;43m[39m+      34[0m:[39m[48;2;24;38;30m [38;2;192;197;206m        [38;2;180;142;173mwhile[38;2;192;197;206m m0 [38;2;192;197;206m<[38;2;192;197;206m m [38;2;192;197;206m{[K
[0m[48;2;40;67;43m[39m+      35[0m:[39m[48;2;24;38;30m [38;2;192;197;206m            m0 [38;2;192;197;206m*[38;2;192;197;206m=[38;2;192;197;206m [38;2;208;135;112m2[38;2;192;197;206m;[K
[0m[48;2;40;67;43m[39m+      36[0m:[39m[48;2;24;38;30m [38;2;192;197;206m        [38;2;192;197;206m}[K
[0m[48;2;40;67;43m[39m+      37[0m:[39m[48;2;24;38;30m [38;2;192;197;206m        [38;2;180;142;173mlet[38;2;192;197;206m k0 [38;2;192;197;206m=[38;2;192;197;206m [38;2;192;197;206m([38;2;192;197;206mm [38;2;192;197;206mas[38;2;192;197;206m [38;2;180;142;173mf64[38;2;192;197;206m [38;2;192;197;206m/[38;2;192;197;206m m0 [38;2;192;197;206mas[38;2;192;197;206m [38;2;180;142;173mf64[38;2;192;197;206m [38;2;192;197;206m*[38;2;192;197;206m k [38;2;192;197;206mas[38;2;192;197;206m [38;2;180;142;173mf64[38;2;192;197;206m)[38;2;192;197;206m.[38;2;150;181;180mround[38;2;192;197;206m([38;2;192;197;206m)[38;2;192;197;206m [38;2;192;197;206mas[38;2;192;197;206m [38;2;180;142;173musize[38;2;192;197;206m;[K
[0m[48;2;40;67;43m[39m+      38[0m:[39m[48;2;24;38;30m [K
[0m[48;2;40;67;43m[39m+      39[0m:[39m[48;2;24;38;30m [38;2;192;197;206m        RHBloom [38;2;192;197;206m{[K
[0m[48;2;40;67;43m[39m+      40[0m:[39m[48;2;24;38;30m [38;2;192;197;206m            count[38;2;192;197;206m:[38;2;192;197;206m [38;2;208;135;112m0[38;2;192;197;206m,[K
[0m[48;2;40;67;43m[39m+      41[0m:[39m[48;2;24;38;30m [38;2;192;197;206m            nbuckets[38;2;192;197;206m:[38;2;192;197;206m [38;2;208;135;112m0[38;2;192;197;206m,[K
[0m[48;2;40;67;43m[39m+      42[0m:[39m[48;2;24;38;30m [38;2;192;197;206m            buckets[38;2;192;197;206m:[38;2;192;197;206m [38;2;192;197;206mVec[38;2;192;197;206m::[38;2;192;197;206mnew[38;2;192;197;206m([38;2;192;197;206m)[38;2;192;197;206m,[K
[0m[48;2;40;67;43m[39m+      43[0m:[39m[48;2;24;38;30m [38;2;192;197;206m            k[38;2;192;197;206m:[38;2;192;197;206m k0[38;2;192;197;206m,[K
[0m[48;2;40;67;43m[39m+      44[0m:[39m[48;2;24;38;30m [38;2;192;197;206m            m[38;2;192;197;206m:[38;2;192;197;206m m0[38;2;192;197;206m,[K
[0m[48;2;40;67;43m[39m+      45[0m:[39m[48;2;24;38;30m [38;2;192;197;206m            bits[38;2;192;197;206m:[38;2;192;197;206m [38;2;192;197;206mVec[38;2;192;197;206m::[38;2;192;197;206mnew[38;2;192;197;206m([38;2;192;197;206m)[38;2;192;197;206m,[K
[0m[48;2;40;67;43m[39m+      46[0m:[39m[48;2;24;38;30m [38;2;192;197;206m        [38;2;192;197;206m}[K
[0m[48;2;43;48;59m[39m  16,  47[0m:[39m[48;2;43;48;59m [38;2;192;197;206m    [38;2;192;197;206m}[K
[0m[48;2;43;48;59m[39m  17,  48[0m:[39m[48;2;43;48;59m [38;2;192;197;206m    [38;2;180;142;173mpub[38;2;192;197;206m [38;2;180;142;173mfn[38;2;192;197;206m [38;2;143;161;179mmemsize[38;2;192;197;206m([38;2;192;197;206m&[38;2;191;97;106mself[38;2;192;197;206m)[38;2;192;197;206m [38;2;192;197;206m->[38;2;192;197;206m [38;2;180;142;173musize[38;2;192;197;206m [38;2;192;197;206m{[K
[0m[48;2;79;40;40m[39m- 18     [0m:[39m[48;2;36;25;28m [38;2;192;197;206m        [38;2;192;197;206munimplemented![38;2;192;197;206m([38;2;192;197;206m)[K
[0m[48;2;40;67;43m[39m+      49[0m:[39m[48;2;24;38;30m [38;2;192;197;206m        [38;2;180;142;173mlet[38;2;192;197;206m base [38;2;192;197;206m=[38;2;192;197;206m [38;2;192;197;206mstd[38;2;192;197;206m::[38;2;192;197;206mmem[38;2;192;197;206m::[38;2;192;197;206msize_of[38;2;192;197;206m::[38;2;192;197;206m<[38;2;192;197;206mRHBloom[38;2;192;197;206m>[38;2;192;197;206m([38;2;192;197;206m)[38;2;192;197;206m;[K
[0m[48;2;40;67;43m[39m+      50[0m:[39m[48;2;24;38;30m [38;2;192;197;206m        base [38;2;192;197;206m+[38;2;192;197;206m [38;2;180;142;173mif[38;2;192;197;206m [38;2;192;197;206m![38;2;191;97;106mself[38;2;192;197;206m.bits.[38;2;150;181;180mis_empty[38;2;192;197;206m([38;2;192;197;206m)[38;2;192;197;206m [38;2;192;197;206m{[K
[0m[48;2;40;67;43m[39m+      51[0m:[39m[48;2;24;38;30m [38;2;192;197;206m            [38;2;191;97;106mself[38;2;192;197;206m.m [38;2;192;197;206m>[38;2;192;197;206m>[38;2;192;197;206m [38;2;208;135;112m3[K
[0m[48;2;40;67;43m[39m+      52[0m:[39m[48;2;24;38;30m [38;2;192;197;206m        [38;2;192;197;206m}[38;2;192;197;206m [38;2;180;142;173melse[38;2;192;197;206m [38;2;192;197;206m{[K
[0m[48;2;40;67;43m[39m+      53[0m:[39m[48;2;24;38;30m [38;2;192;197;206m            [38;2;191;97;106mself[38;2;192;197;206m.nbuckets [38;2;192;197;206m<[38;2;192;197;206m<[38;2;192;197;206m [38;2;208;135;112m3[K
[0m[48;2;40;67;43m[39m+      54[0m:[39m[48;2;24;38;30m [38;2;192;197;206m        [38;2;192;197;206m}[K
[0m[48;2;43;48;59m[39m  19,  55[0m:[39m[48;2;43;48;59m [38;2;192;197;206m    [38;2;192;197;206m}[K
[0m[48;2;43;48;59m[39m  20,  56[0m:[39m[48;2;43;48;59m [38;2;192;197;206m    [38;2;180;142;173mpub[38;2;192;197;206m [38;2;180;142;173mfn[38;2;192;197;206m [38;2;143;161;179mclear[38;2;192;197;206m([38;2;192;197;206m&[38;2;180;142;173mmut[38;2;192;197;206m [38;2;191;97;106mself[38;2;192;197;206m)[38;2;192;197;206m [38;2;192;197;206m{[K
[0m[48;2;79;40;40m[39m- 21     [0m:[39m[48;2;36;25;28m [38;2;192;197;206m        [38;2;192;197;206munimplemented![38;2;192;197;206m([38;2;192;197;206m)[K
[0m[48;2;40;67;43m[39m+      57[0m:[39m[48;2;24;38;30m [38;2;192;197;206m        [38;2;180;142;173mif[38;2;192;197;206m [38;2;192;197;206m![38;2;191;97;106mself[38;2;192;197;206m.bits.[38;2;150;181;180mis_empty[38;2;192;197;206m([38;2;192;197;206m)[38;2;192;197;206m [38;2;192;197;206m{[K
[0m[48;2;40;67;43m[39m+      58[0m:[39m[48;2;24;38;30m [38;2;192;197;206m            [38;2;191;97;106mself[38;2;192;197;206m.bits.[38;2;150;181;180mfill[38;2;192;197;206m([38;2;208;135;112m0[38;2;192;197;206m)[38;2;192;197;206m;[K
[0m[48;2;40;67;43m[39m+      59[0m:[39m[48;2;24;38;30m [38;2;192;197;206m        [38;2;192;197;206m}[38;2;192;197;206m [38;2;180;142;173melse[38;2;192;197;206m [38;2;180;142;173mif[38;2;192;197;206m [38;2;192;197;206m![38;2;191;97;106mself[38;2;192;197;206m.buckets.[38;2;150;181;180mis_empty[38;2;192;197;206m([38;2;192;197;206m)[38;2;192;197;206m [38;2;192;197;206m{[K
[0m[48;2;40;67;43m[39m+      60[0m:[39m[48;2;24;38;30m [38;2;192;197;206m            [38;2;191;97;106mself[38;2;192;197;206m.buckets.[38;2;150;181;180mfill[38;2;192;197;206m([38;2;208;135;112m0[38;2;192;197;206m)[38;2;192;197;206m;[K
[0m[48;2;40;67;43m[39m+      61[0m:[39m[48;2;24;38;30m [38;2;192;197;206m            [38;2;191;97;106mself[38;2;192;197;206m.count [38;2;192;197;206m=[38;2;192;197;206m [38;2;208;135;112m0[38;2;192;197;206m;[K
[0m[48;2;40;67;43m[39m+      62[0m:[39m[48;2;24;38;30m [38;2;192;197;206m        [38;2;192;197;206m}[K
[0m[48;2;43;48;59m[39m  22,  63[0m:[39m[48;2;43;48;59m [38;2;192;197;206m    [38;2;192;197;206m}[K
[0m[48;2;43;48;59m[39m  23,  64[0m:[39m[48;2;43;48;59m [38;2;192;197;206m    [38;2;180;142;173mpub[38;2;192;197;206m [38;2;180;142;173mfn[38;2;192;197;206m [38;2;143;161;179mupgraded[38;2;192;197;206m([38;2;192;197;206m&[38;2;191;97;106mself[38;2;192;197;206m)[38;2;192;197;206m [38;2;192;197;206m->[38;2;192;197;206m [38;2;180;142;173mbool[38;2;192;197;206m [38;2;192;197;206m{[K
[0m[48;2;79;40;40m[39m- 24     [0m:[39m[48;2;36;25;28m [38;2;192;197;206m        [38;2;192;197;206munimplemented![38;2;192;197;206m([38;2;192;197;206m)[K
[0m[48;2;40;67;43m[39m+      65[0m:[39m[48;2;24;38;30m [38;2;192;197;206m        [38;2;192;197;206m![38;2;191;97;106mself[38;2;192;197;206m.bits.[38;2;150;181;180mis_empty[38;2;192;197;206m([38;2;192;197;206m)[K
[0m[48;2;43;48;59m[39m  25,  66[0m:[39m[48;2;43;48;59m [38;2;192;197;206m    [38;2;192;197;206m}[K
[0m[48;2;43;48;59m[39m  26,  67[0m:[39m[48;2;43;48;59m [38;2;192;197;206m    [38;2;180;142;173mpub[38;2;192;197;206m [38;2;180;142;173mfn[38;2;192;197;206m [38;2;143;161;179mtestadd[38;2;192;197;206m([38;2;192;197;206m&[38;2;180;142;173mmut[38;2;192;197;206m [38;2;191;97;106mself[38;2;192;197;206m, [38;2;191;97;106mkey[38;2;192;197;206m:[38;2;192;197;206m [38;2;180;142;173mu64[38;2;192;197;206m, [38;2;191;97;106madd[38;2;192;197;206m:[38;2;192;197;206m [38;2;180;142;173mbool[38;2;192;197;206m)[38;2;192;197;206m [38;2;192;197;206m->[38;2;192;197;206m [38;2;180;142;173mbool[38;2;192;197;206m [38;2;192;197;206m{[K
[0m[48;2;79;40;40m[39m- 27     [0m:[39m[48;2;36;25;28m [38;2;192;197;206m        [38;2;192;197;206munimplemented![38;2;192;197;206m([38;2;192;197;206m)[K
[0m[48;2;40;67;43m[39m+      68[0m:[39m[48;2;24;38;30m [38;2;192;197;206m        [38;2;180;142;173mlet[38;2;192;197;206m key_init [38;2;192;197;206m=[38;2;192;197;206m [38;2;150;181;180mrhbloom_key[38;2;192;197;206m([38;2;192;197;206mkey[38;2;192;197;206m)[38;2;192;197;206m;[K
[0m[48;2;40;67;43m[39m+      69[0m:[39m[48;2;24;38;30m [38;2;192;197;206m        [38;2;180;142;173mlet[38;2;192;197;206m [38;2;180;142;173mmut[38;2;192;197;206m key [38;2;192;197;206m=[38;2;192;197;206m key_init[38;2;192;197;206m;[K
[0m[48;2;40;67;43m[39m+      70[0m:[39m[48;2;24;38;30m [38;2;192;197;206m        [38;2;180;142;173mlet[38;2;192;197;206m [38;2;180;142;173mmut[38;2;192;197;206m j [38;2;192;197;206m=[38;2;192;197;206m [38;2;192;197;206m([38;2;192;197;206mkey [38;2;192;197;206mas[38;2;192;197;206m [38;2;180;142;173musize[38;2;192;197;206m)[38;2;192;197;206m [38;2;192;197;206m&[38;2;192;197;206m [38;2;192;197;206m([38;2;191;97;106mself[38;2;192;197;206m.m [38;2;192;197;206m-[38;2;192;197;206m [38;2;208;135;112m1[38;2;192;197;206m)[38;2;192;197;206m;[K
[0m[48;2;40;67;43m[39m+      71[0m:[39m[48;2;24;38;30m [38;2;192;197;206m        [38;2;180;142;173mfor[38;2;192;197;206m i [38;2;192;197;206min[38;2;192;197;206m [38;2;208;135;112m0[38;2;192;197;206m..[38;2;191;97;106mself[38;2;192;197;206m.k [38;2;192;197;206m{[K
[0m[48;2;40;67;43m[39m+      72[0m:[39m[48;2;24;38;30m [38;2;192;197;206m            [38;2;180;142;173mif[38;2;192;197;206m add [38;2;192;197;206m{[K
[0m[48;2;40;67;43m[39m+      73[0m:[39m[48;2;24;38;30m [38;2;192;197;206m                [38;2;191;97;106mself[38;2;192;197;206m.bits[38;2;192;197;206m[[38;2;192;197;206mj [38;2;192;197;206m>[38;2;192;197;206m>[38;2;192;197;206m [38;2;208;135;112m3[38;2;192;197;206m][38;2;192;197;206m [38;2;192;197;206m|[38;2;192;197;206m=[38;2;192;197;206m [38;2;208;135;112m1[38;2;192;197;206m [38;2;192;197;206m<[38;2;192;197;206m<[38;2;192;197;206m [38;2;192;197;206m([38;2;192;197;206mj [38;2;192;197;206m&[38;2;192;197;206m [38;2;208;135;112m7[38;2;192;197;206m)[38;2;192;197;206m;[K
[0m[48;2;40;67;43m[39m+      74[0m:[39m[48;2;24;38;30m [38;2;192;197;206m            [38;2;192;197;206m}[38;2;192;197;206m [38;2;180;142;173melse[38;2;192;197;206m [38;2;180;142;173mif[38;2;192;197;206m [38;2;192;197;206m([38;2;191;97;106mself[38;2;192;197;206m.bits[38;2;192;197;206m[[38;2;192;197;206mj [38;2;192;197;206m>[38;2;192;197;206m>[38;2;192;197;206m [38;2;208;135;112m3[38;2;192;197;206m][38;2;192;197;206m [38;2;192;197;206m>[38;2;192;197;206m>[38;2;192;197;206m [38;2;192;197;206m([38;2;192;197;206mj [38;2;192;197;206m&[38;2;192;197;206m [38;2;208;135;112m7[38;2;192;197;206m)[38;2;192;197;206m)[38;2;192;197;206m [38;2;192;197;206m&[38;2;192;197;206m [38;2;208;135;112m1[38;2;192;197;206m [38;2;192;197;206m=[38;2;192;197;206m=[38;2;192;197;206m [38;2;208;135;112m0[38;2;192;197;206m [38;2;192;197;206m{[K
[0m[48;2;40;67;43m[39m+      75[0m:[39m[48;2;24;38;30m [38;2;192;197;206m                [38;2;180;142;173mreturn[38;2;192;197;206m [38;2;208;135;112mfalse[38;2;192;197;206m;[K
[0m[48;2;40;67;43m[39m+      76[0m:[39m[48;2;24;38;30m [38;2;192;197;206m            [38;2;192;197;206m}[K
[0m[48;2;40;67;43m[39m+      77[0m:[39m[48;2;24;38;30m [38;2;192;197;206m            [38;2;180;142;173mif[38;2;192;197;206m i [38;2;192;197;206m=[38;2;192;197;206m=[38;2;192;197;206m [38;2;191;97;106mself[38;2;192;197;206m.k [38;2;192;197;206m-[38;2;192;197;206m [38;2;208;135;112m1[38;2;192;197;206m [38;2;192;197;206m{[K
[0m[48;2;40;67;43m[39m+      78[0m:[39m[48;2;24;38;30m [38;2;192;197;206m                [38;2;180;142;173mbreak[38;2;192;197;206m;[K
[0m[48;2;40;67;43m[39m+      79[0m:[39m[48;2;24;38;30m [38;2;192;197;206m            [38;2;192;197;206m}[K
[0m[48;2;40;67;43m[39m+      80[0m:[39m[48;2;24;38;30m [38;2;192;197;206m            key [38;2;192;197;206m=[38;2;192;197;206m key.[38;2;150;181;180mwrapping_mul[38;2;192;197;206m([38;2;208;135;112m0x94d049bb133111eb[38;2;192;197;206m)[38;2;192;197;206m;[K
[0m[48;2;40;67;43m[39m+      81[0m:[39m[48;2;24;38;30m [38;2;192;197;206m            key [38;2;192;197;206m^[38;2;192;197;206m=[38;2;192;197;206m key [38;2;192;197;206m>[38;2;192;197;206m>[38;2;192;197;206m [38;2;208;135;112m31[38;2;192;197;206m;[K
[0m[48;2;40;67;43m[39m+      82[0m:[39m[48;2;24;38;30m [38;2;192;197;206m            j [38;2;192;197;206m=[38;2;192;197;206m [38;2;192;197;206m([38;2;192;197;206mkey [38;2;192;197;206mas[38;2;192;197;206m [38;2;180;142;173musize[38;2;192;197;206m)[38;2;192;197;206m [38;2;192;197;206m&[38;2;192;197;206m [38;2;192;197;206m([38;2;191;97;106mself[38;2;192;197;206m.m [38;2;192;197;206m-[38;2;192;197;206m [38;2;208;135;112m1[38;2;192;197;206m)[38;2;192;197;206m;[K
[0m[48;2;40;67;43m[39m+      83[0m:[39m[48;2;24;38;30m [38;2;192;197;206m        [38;2;192;197;206m}[K
[0m[48;2;40;67;43m[39m+      84[0m:[39m[48;2;24;38;30m [38;2;192;197;206m        [38;2;208;135;112mtrue[K
[0m[48;2;43;48;59m[39m  28,  85[0m:[39m[48;2;43;48;59m [38;2;192;197;206m    [38;2;192;197;206m}[K
[0m[48;2;43;48;59m[39m  29,  86[0m:[39m[48;2;43;48;59m [38;2;192;197;206m    [38;2;180;142;173mpub[38;2;192;197;206m [38;2;180;142;173mfn[38;2;192;197;206m [38;2;143;161;179mfree[38;2;192;197;206m([38;2;192;197;206m&[38;2;180;142;173mmut[38;2;192;197;206m [38;2;191;97;106mself[38;2;192;197;206m)[38;2;192;197;206m [38;2;192;197;206m{[K
[0m[48;2;79;40;40m[39m- 30     [0m:[39m[48;2;36;25;28m [38;2;192;197;206m        [38;2;192;197;206munimplemented![38;2;192;197;206m([38;2;192;197;206m)[K
[0m[48;2;40;67;43m[39m+      87[0m:[39m[48;2;24;38;30m [38;2;192;197;206m        [38;2;191;97;106mself[38;2;192;197;206m.bits [38;2;192;197;206m=[38;2;192;197;206m [38;2;192;197;206mVec[38;2;192;197;206m::[38;2;192;197;206mnew[38;2;192;197;206m([38;2;192;197;206m)[38;2;192;197;206m;[K
[0m[48;2;40;67;43m[39m+      88[0m:[39m[48;2;24;38;30m [38;2;192;197;206m        [38;2;191;97;106mself[38;2;192;197;206m.buckets [38;2;192;197;206m=[38;2;192;197;206m [38;2;192;197;206mVec[38;2;192;197;206m::[38;2;192;197;206mnew[38;2;192;197;206m([38;2;192;197;206m)[38;2;192;197;206m;[K
[0m[48;2;40;67;43m[39m+      89[0m:[39m[48;2;24;38;30m [38;2;192;197;206m        [38;2;191;97;106mself[38;2;192;197;206m.count [38;2;192;197;206m=[38;2;192;197;206m [38;2;208;135;112m0[38;2;192;197;206m;[K
[0m[48;2;40;67;43m[39m+      90[0m:[39m[48;2;24;38;30m [38;2;192;197;206m        [38;2;191;97;106mself[38;2;192;197;206m.nbuckets [38;2;192;197;206m=[38;2;192;197;206m [38;2;208;135;112m0[38;2;192;197;206m;[K
[0m[48;2;43;48;59m[39m  31,  91[0m:[39m[48;2;43;48;59m [38;2;192;197;206m    [38;2;192;197;206m}[K
[0m[48;2;43;48;59m[39m  32,  92[0m:[39m[48;2;43;48;59m [38;2;192;197;206m    [38;2;180;142;173mpub[38;2;192;197;206m [38;2;180;142;173mfn[38;2;192;197;206m [38;2;143;161;179mmix[38;2;192;197;206m([38;2;191;97;106mkey[38;2;192;197;206m:[38;2;192;197;206m [38;2;180;142;173mu64[38;2;192;197;206m)[38;2;192;197;206m [38;2;192;197;206m->[38;2;192;197;206m [38;2;180;142;173mu64[38;2;192;197;206m [38;2;192;197;206m{[K
[0m[48;2;79;40;40m[39m- 33     [0m:[39m[48;2;36;25;28m [38;2;192;197;206m        [38;2;192;197;206munimplemented![38;2;192;197;206m([38;2;192;197;206m)[K
[0m[48;2;40;67;43m[39m+      93[0m:[39m[48;2;24;38;30m [38;2;192;197;206m        [38;2;180;142;173mlet[38;2;192;197;206m [38;2;180;142;173mmut[38;2;192;197;206m key [38;2;192;197;206m=[38;2;192;197;206m key[38;2;192;197;206m;[K
[0m[48;2;40;67;43m[39m+      94[0m:[39m[48;2;24;38;30m [38;2;192;197;206m        key [38;2;192;197;206m^[38;2;192;197;206m=[38;2;192;197;206m key [38;2;192;197;206m>[38;2;192;197;206m>[38;2;192;197;206m [38;2;208;135;112m30[38;2;192;197;206m;[K
[0m[48;2;40;67;43m[39m+      95[0m:[39m[48;2;24;38;30m [38;2;192;197;206m        key [38;2;192;197;206m=[38;2;192;197;206m key.[38;2;150;181;180mwrapping_mul[38;2;192;197;206m([38;2;208;135;112m0xbf58476d1ce4e5b9[38;2;192;197;206m)[38;2;192;197;206m;[K
[0m[48;2;40;67;43m[39m+      96[0m:[39m[48;2;24;38;30m [38;2;192;197;206m        key [38;2;192;197;206m^[38;2;192;197;206m=[38;2;192;197;206m key [38;2;192;197;206m>[38;2;192;197;206m>[38;2;192;197;206m [38;2;208;135;112m27[38;2;192;197;206m;[K
[0m[48;2;40;67;43m[39m+      97[0m:[39m[48;2;24;38;30m [38;2;192;197;206m        key [38;2;192;197;206m=[38;2;192;197;206m key.[38;2;150;181;180mwrapping_mul[38;2;192;197;206m([38;2;208;135;112m0x94d049bb133111eb[38;2;192;197;206m)[38;2;192;197;206m;[K
[0m[48;2;40;67;43m[39m+      98[0m:[39m[48;2;24;38;30m [38;2;192;197;206m        key [38;2;192;197;206m^[38;2;192;197;206m=[38;2;192;197;206m key [38;2;192;197;206m>[38;2;192;197;206m>[38;2;192;197;206m [38;2;208;135;112m31[38;2;192;197;206m;[K
[0m[48;2;40;67;43m[39m+      99[0m:[39m[48;2;24;38;30m [38;2;192;197;206m        key[K
[0m[48;2;43;48;59m[39m  34, 100[0m:[39m[48;2;43;48;59m [38;2;192;197;206m    [38;2;192;197;206m}[K
[0m[48;2;43;48;59m[39m  35, 101[0m:[39m[48;2;43;48;59m [38;2;192;197;206m    [38;2;180;142;173mpub[38;2;192;197;206m [38;2;180;142;173mfn[38;2;192;197;206m [38;2;143;161;179mgrow[38;2;192;197;206m([38;2;192;197;206m&[38;2;180;142;173mmut[38;2;192;197;206m [38;2;191;97;106mself[38;2;192;197;206m)[38;2;192;197;206m [38;2;192;197;206m->[38;2;192;197;206m [38;2;180;142;173mbool[38;2;192;197;206m [38;2;192;197;206m{[K
[0m[48;2;79;40;40m[39m- 36     [0m:[39m[48;2;36;25;28m [38;2;192;197;206m        [38;2;192;197;206munimplemented![38;2;192;197;206m([38;2;192;197;206m)[K
[0m[48;2;40;67;43m[39m+     102[0m:[39m[48;2;24;38;30m [38;2;192;197;206m        [38;2;180;142;173mlet[38;2;192;197;206m nbuckets_old [38;2;192;197;206m=[38;2;192;197;206m [38;2;191;97;106mself[38;2;192;197;206m.nbuckets[38;2;192;197;206m;[K
[0m[48;2;40;67;43m[39m+     103[0m:[39m[48;2;24;38;30m [38;2;192;197;206m        [38;2;180;142;173mlet[38;2;192;197;206m buckets_old [38;2;192;197;206m=[38;2;192;197;206m [38;2;192;197;206mstd[38;2;192;197;206m::[38;2;192;197;206mmem[38;2;192;197;206m::[38;2;192;197;206mtake[38;2;192;197;206m([38;2;192;197;206m&[38;2;180;142;173mmut[38;2;192;197;206m [38;2;191;97;106mself[38;2;192;197;206m.buckets[38;2;192;197;206m)[38;2;192;197;206m;[K
[0m[48;2;40;67;43m[39m+     104[0m:[39m[48;2;24;38;30m [38;2;192;197;206m        [38;2;180;142;173mlet[38;2;192;197;206m nbuckets_new [38;2;192;197;206m=[38;2;192;197;206m [38;2;180;142;173mif[38;2;192;197;206m nbuckets_old [38;2;192;197;206m=[38;2;192;197;206m=[38;2;192;197;206m [38;2;208;135;112m0[38;2;192;197;206m [38;2;192;197;206m{[38;2;192;197;206m [38;2;208;135;112m16[38;2;192;197;206m [38;2;192;197;206m}[38;2;192;197;206m [38;2;180;142;173melse[38;2;192;197;206m [38;2;192;197;206m{[38;2;192;197;206m nbuckets_old [38;2;192;197;206m*[38;2;192;197;206m [38;2;208;135;112m2[38;2;192;197;206m [38;2;192;197;206m}[38;2;192;197;206m;[K
[0m[48;2;40;67;43m[39m+     105[0m:[39m[48;2;24;38;30m [K
[0m[48;2;40;67;43m[39m+     106[0m:[39m[48;2;24;38;30m [38;2;192;197;206m        [38;2;180;142;173mif[38;2;192;197;206m nbuckets_new [38;2;192;197;206m*[38;2;192;197;206m [38;2;208;135;112m8[38;2;192;197;206m [38;2;192;197;206m>[38;2;192;197;206m=[38;2;192;197;206m [38;2;191;97;106mself[38;2;192;197;206m.m [38;2;192;197;206m>[38;2;192;197;206m>[38;2;192;197;206m [38;2;208;135;112m3[38;2;192;197;206m [38;2;192;197;206m{[K
[0m[48;2;40;67;43m[39m+     107[0m:[39m[48;2;24;38;30m [38;2;192;197;206m            [38;2;101;115;126m//[38;2;101;115;126m Upgrade to bloom filter[K
[0m[48;2;40;67;43m[39m+     108[0m:[39m[48;2;24;38;30m [38;2;192;197;206m            [38;2;191;97;106mself[38;2;192;197;206m.bits [38;2;192;197;206m=[38;2;192;197;206m [38;2;192;197;206mvec![38;2;192;197;206m[[38;2;208;135;112m0[38;2;180;142;173mu8[38;2;192;197;206m;[38;2;192;197;206m [38;2;191;97;106mself[38;2;192;197;206m.m [38;2;192;197;206m>[38;2;192;197;206m>[38;2;192;197;206m [38;2;208;135;112m3[38;2;192;197;206m][38;2;192;197;206m;[K
[0m[48;2;40;67;43m[39m+     109[0m:[39m[48;2;24;38;30m [38;2;192;197;206m            [38;2;191;97;106mself[38;2;192;197;206m.count [38;2;192;197;206m=[38;2;192;197;206m [38;2;208;135;112m0[38;2;192;197;206m;[K
[0m[48;2;40;67;43m[39m+     110[0m:[39m[48;2;24;38;30m [38;2;192;197;206m            [38;2;191;97;106mself[38;2;192;197;206m.nbuckets [38;2;192;197;206m=[38;2;192;197;206m [38;2;208;135;112m0[38;2;192;197;206m;[K
[0m[48;2;40;67;43m[39m+     111[0m:[39m[48;2;24;38;30m [38;2;192;197;206m            [38;2;180;142;173mfor[38;2;192;197;206m i [38;2;192;197;206min[38;2;192;197;206m [38;2;208;135;112m0[38;2;192;197;206m..[38;2;192;197;206mnbuckets_old [38;2;192;197;206m{[K
[0m[48;2;40;67;43m[39m+     112[0m:[39m[48;2;24;38;30m [38;2;192;197;206m                [38;2;180;142;173mif[38;2;192;197;206m [38;2;150;181;180mrhbloom_dib[38;2;192;197;206m([38;2;192;197;206mbuckets_old[38;2;192;197;206m[[38;2;192;197;206mi[38;2;192;197;206m][38;2;192;197;206m)[38;2;192;197;206m [38;2;192;197;206m![38;2;192;197;206m=[38;2;192;197;206m [38;2;208;135;112m0[38;2;192;197;206m [38;2;192;197;206m{[K
[0m[48;2;40;67;43m[39m+     113[0m:[39m[48;2;24;38;30m [38;2;192;197;206m                    [38;2;191;97;106mself[38;2;192;197;206m.[38;2;150;181;180mtestadd[38;2;192;197;206m([38;2;192;197;206mbuckets_old[38;2;192;197;206m[[38;2;192;197;206mi[38;2;192;197;206m][38;2;192;197;206m,[38;2;192;197;206m [38;2;208;135;112mtrue[38;2;192;197;206m)[38;2;192;197;206m;[K
[0m[48;2;40;67;43m[39m+     114[0m:[39m[48;2;24;38;30m [38;2;192;197;206m                [38;2;192;197;206m}[K
[0m[48;2;40;67;43m[39m+     115[0m:[39m[48;2;24;38;30m [38;2;192;197;206m            [38;2;192;197;206m}[K
[0m[48;2;40;67;43m[39m+     116[0m:[39m[48;2;24;38;30m [38;2;192;197;206m        [38;2;192;197;206m}[38;2;192;197;206m [38;2;180;142;173melse[38;2;192;197;206m [38;2;192;197;206m{[K
[0m[48;2;40;67;43m[39m+     117[0m:[39m[48;2;24;38;30m [38;2;192;197;206m            [38;2;191;97;106mself[38;2;192;197;206m.buckets [38;2;192;197;206m=[38;2;192;197;206m [38;2;192;197;206mvec![38;2;192;197;206m[[38;2;208;135;112m0[38;2;180;142;173mu64[38;2;192;197;206m;[38;2;192;197;206m nbuckets_new[38;2;192;197;206m][38;2;192;197;206m;[K
[0m[48;2;40;67;43m[39m+     118[0m:[39m[48;2;24;38;30m [38;2;192;197;206m            [38;2;191;97;106mself[38;2;192;197;206m.count [38;2;192;197;206m=[38;2;192;197;206m [38;2;208;135;112m0[38;2;192;197;206m;[K
[0m[48;2;40;67;43m[39m+     119[0m:[39m[48;2;24;38;30m [38;2;192;197;206m            [38;2;191;97;106mself[38;2;192;197;206m.nbuckets [38;2;192;197;206m=[38;2;192;197;206m nbuckets_new[38;2;192;197;206m;[K
[0m[48;2;40;67;43m[39m+     120[0m:[39m[48;2;24;38;30m [38;2;192;197;206m            [38;2;180;142;173mfor[38;2;192;197;206m i [38;2;192;197;206min[38;2;192;197;206m [38;2;208;135;112m0[38;2;192;197;206m..[38;2;192;197;206mnbuckets_old [38;2;192;197;206m{[K
[0m[48;2;40;67;43m[39m+     121[0m:[39m[48;2;24;38;30m [38;2;192;197;206m                [38;2;180;142;173mif[38;2;192;197;206m [38;2;150;181;180mrhbloom_dib[38;2;192;197;206m([38;2;192;197;206mbuckets_old[38;2;192;197;206m[[38;2;192;197;206mi[38;2;192;197;206m][38;2;192;197;206m)[38;2;192;197;206m [38;2;192;197;206m![38;2;192;197;206m=[38;2;192;197;206m [38;2;208;135;112m0[38;2;192;197;206m [38;2;192;197;206m{[K
[0m[48;2;40;67;43m[39m+     122[0m:[39m[48;2;24;38;30m [38;2;192;197;206m                    [38;2;191;97;106mself[38;2;192;197;206m.[38;2;150;181;180maddkey[38;2;192;197;206m([38;2;192;197;206mbuckets_old[38;2;192;197;206m[[38;2;192;197;206mi[38;2;192;197;206m][38;2;192;197;206m)[38;2;192;197;206m;[K
[0m[48;2;40;67;43m[39m+     123[0m:[39m[48;2;24;38;30m [38;2;192;197;206m                [38;2;192;197;206m}[K
[0m[48;2;40;67;43m[39m+     124[0m:[39m[48;2;24;38;30m [38;2;192;197;206m            [38;2;192;197;206m}[K
[0m[48;2;40;67;43m[39m+     125[0m:[39m[48;2;24;38;30m [38;2;192;197;206m        [38;2;192;197;206m}[K
[0m[48;2;40;67;43m[39m+     126[0m:[39m[48;2;24;38;30m [38;2;192;197;206m        [38;2;208;135;112mtrue[K
[0m[48;2;43;48;59m[39m  37, 127[0m:[39m[48;2;43;48;59m [38;2;192;197;206m    [38;2;192;197;206m}[K
[0m[48;2;43;48;59m[39m  38, 128[0m:[39m[48;2;43;48;59m [38;2;192;197;206m    [38;2;180;142;173mpub[38;2;192;197;206m [38;2;180;142;173mfn[38;2;192;197;206m [38;2;143;161;179madd[38;2;192;197;206m([38;2;192;197;206m&[38;2;180;142;173mmut[38;2;192;197;206m [38;2;191;97;106mself[38;2;192;197;206m, [38;2;191;97;106mkey[38;2;192;197;206m:[38;2;192;197;206m [38;2;180;142;173mu64[38;2;192;197;206m)[38;2;192;197;206m [38;2;192;197;206m->[38;2;192;197;206m [38;2;180;142;173mbool[38;2;192;197;206m [38;2;192;197;206m{[K
[0m[48;2;79;40;40m[39m- 39     [0m:[39m[48;2;36;25;28m [38;2;192;197;206m        [38;2;192;197;206munimplemented![38;2;192;197;206m([38;2;192;197;206m)[K
[0m[48;2;40;67;43m[39m+     129[0m:[39m[48;2;24;38;30m [38;2;192;197;206m        [38;2;180;142;173mlet[38;2;192;197;206m key [38;2;192;197;206m=[38;2;192;197;206m [38;2;180;142;173mSelf[38;2;192;197;206m::[38;2;192;197;206mmix[38;2;192;197;206m([38;2;192;197;206mkey[38;2;192;197;206m)[38;2;192;197;206m;[K
[0m[48;2;40;67;43m[39m+     130[0m:[39m[48;2;24;38;30m [38;2;192;197;206m        [38;2;180;142;173mloop[38;2;192;197;206m [38;2;192;197;206m{[K
[0m[48;2;40;67;43m[39m+     131[0m:[39m[48;2;24;38;30m [38;2;192;197;206m            [38;2;180;142;173mif[38;2;192;197;206m [38;2;192;197;206m![38;2;191;97;106mself[38;2;192;197;206m.bits.[38;2;150;181;180mis_empty[38;2;192;197;206m([38;2;192;197;206m)[38;2;192;197;206m [38;2;192;197;206m{[K
[0m[48;2;40;67;43m[39m+     132[0m:[39m[48;2;24;38;30m [38;2;192;197;206m                [38;2;191;97;106mself[38;2;192;197;206m.[38;2;150;181;180mtestadd[38;2;192;197;206m([38;2;192;197;206mkey[38;2;192;197;206m,[38;2;192;197;206m [38;2;208;135;112mtrue[38;2;192;197;206m)[38;2;192;197;206m;[K
[0m[48;2;40;67;43m[39m+     133[0m:[39m[48;2;24;38;30m [38;2;192;197;206m                [38;2;180;142;173mreturn[38;2;192;197;206m [38;2;208;135;112mtrue[38;2;192;197;206m;[K
[0m[48;2;40;67;43m[39m+     134[0m:[39m[48;2;24;38;30m [38;2;192;197;206m            [38;2;192;197;206m}[K
[0m[48;2;40;67;43m[39m+     135[0m:[39m[48;2;24;38;30m [38;2;192;197;206m            [38;2;180;142;173mif[38;2;192;197;206m [38;2;191;97;106mself[38;2;192;197;206m.count [38;2;192;197;206m=[38;2;192;197;206m=[38;2;192;197;206m [38;2;191;97;106mself[38;2;192;197;206m.nbuckets [38;2;192;197;206m>[38;2;192;197;206m>[38;2;192;197;206m [38;2;208;135;112m1[38;2;192;197;206m [38;2;192;197;206m{[K
[0m[48;2;40;67;43m[39m+     136[0m:[39m[48;2;24;38;30m [38;2;192;197;206m                [38;2;180;142;173mif[38;2;192;197;206m [38;2;192;197;206m![38;2;191;97;106mself[38;2;192;197;206m.[38;2;150;181;180mgrow[38;2;192;197;206m([38;2;192;197;206m)[38;2;192;197;206m [38;2;192;197;206m{[K
[0m[48;2;40;67;43m[39m+     137[0m:[39m[48;2;24;38;30m [38;2;192;197;206m                    [38;2;180;142;173mreturn[38;2;192;197;206m [38;2;208;135;112mfalse[38;2;192;197;206m;[K
[0m[48;2;40;67;43m[39m+     138[0m:[39m[48;2;24;38;30m [38;2;192;197;206m                [38;2;192;197;206m}[K
[0m[48;2;40;67;43m[39m+     139[0m:[39m[48;2;24;38;30m [38;2;192;197;206m                [38;2;180;142;173mcontinue[38;2;192;197;206m;[K
[0m[48;2;40;67;43m[39m+     140[0m:[39m[48;2;24;38;30m [38;2;192;197;206m            [38;2;192;197;206m}[K
[0m[48;2;40;67;43m[39m+     141[0m:[39m[48;2;24;38;30m [38;2;192;197;206m            [38;2;180;142;173mbreak[38;2;192;197;206m;[K
[0m[48;2;40;67;43m[39m+     142[0m:[39m[48;2;24;38;30m [38;2;192;197;206m        [38;2;192;197;206m}[K
[0m[48;2;40;67;43m[39m+     143[0m:[39m[48;2;24;38;30m [38;2;192;197;206m        [38;2;191;97;106mself[38;2;192;197;206m.[38;2;150;181;180maddkey[38;2;192;197;206m([38;2;192;197;206mkey[38;2;192;197;206m)[K
[0m[48;2;43;48;59m[39m  40, 144[0m:[39m[48;2;43;48;59m [38;2;192;197;206m    [38;2;192;197;206m}[K
[0m[48;2;43;48;59m[39m  41, 145[0m:[39m[48;2;43;48;59m [38;2;192;197;206m    [38;2;180;142;173mpub[38;2;192;197;206m [38;2;180;142;173mfn[38;2;192;197;206m [38;2;143;161;179maddkey[38;2;192;197;206m([38;2;192;197;206m&[38;2;180;142;173mmut[38;2;192;197;206m [38;2;191;97;106mself[38;2;192;197;206m, [38;2;191;97;106mkey[38;2;192;197;206m:[38;2;192;197;206m [38;2;180;142;173mu64[38;2;192;197;206m)[38;2;192;197;206m [38;2;192;197;206m->[38;2;192;197;206m [38;2;180;142;173mbool[38;2;192;197;206m [38;2;192;197;206m{[K
[0m[48;2;79;40;40m[39m- 42     [0m:[39m[48;2;36;25;28m [38;2;192;197;206m        [38;2;192;197;206munimplemented![38;2;192;197;206m([38;2;192;197;206m)[K
[0m[48;2;40;67;43m[39m+     146[0m:[39m[48;2;24;38;30m [38;2;192;197;206m        [38;2;180;142;173mlet[38;2;192;197;206m [38;2;180;142;173mmut[38;2;192;197;206m key [38;2;192;197;206m=[38;2;192;197;206m [38;2;150;181;180mrhbloom_key[38;2;192;197;206m([38;2;192;197;206mkey[38;2;192;197;206m)[38;2;192;197;206m;[K
[0m[48;2;40;67;43m[39m+     147[0m:[39m[48;2;24;38;30m [38;2;192;197;206m        [38;2;180;142;173mlet[38;2;192;197;206m [38;2;180;142;173mmut[38;2;192;197;206m dib[38;2;192;197;206m:[38;2;192;197;206m [38;2;180;142;173mi32[38;2;192;197;206m [38;2;192;197;206m=[38;2;192;197;206m [38;2;208;135;112m1[38;2;192;197;206m;[K
[0m[48;2;40;67;43m[39m+     148[0m:[39m[48;2;24;38;30m [38;2;192;197;206m        [38;2;180;142;173mlet[38;2;192;197;206m [38;2;180;142;173mmut[38;2;192;197;206m i [38;2;192;197;206m=[38;2;192;197;206m [38;2;192;197;206m([38;2;192;197;206mkey [38;2;192;197;206mas[38;2;192;197;206m [38;2;180;142;173musize[38;2;192;197;206m)[38;2;192;197;206m [38;2;192;197;206m&[38;2;192;197;206m [38;2;192;197;206m([38;2;191;97;106mself[38;2;192;197;206m.nbuckets [38;2;192;197;206m-[38;2;192;197;206m [38;2;208;135;112m1[38;2;192;197;206m)[38;2;192;197;206m;[K
[0m[48;2;40;67;43m[39m+     149[0m:[39m[48;2;24;38;30m [38;2;192;197;206m        [38;2;180;142;173mloop[38;2;192;197;206m [38;2;192;197;206m{[K
[0m[48;2;40;67;43m[39m+     150[0m:[39m[48;2;24;38;30m [38;2;192;197;206m            [38;2;180;142;173mif[38;2;192;197;206m [38;2;150;181;180mrhbloom_dib[38;2;192;197;206m([38;2;191;97;106mself[38;2;192;197;206m.buckets[38;2;192;197;206m[[38;2;192;197;206mi[38;2;192;197;206m][38;2;192;197;206m)[38;2;192;197;206m [38;2;192;197;206m=[38;2;192;197;206m=[38;2;192;197;206m [38;2;208;135;112m0[38;2;192;197;206m [38;2;192;197;206m{[K
[0m[48;2;40;67;43m[39m+     151[0m:[39m[48;2;24;38;30m [38;2;192;197;206m                [38;2;191;97;106mself[38;2;192;197;206m.buckets[38;2;192;197;206m[[38;2;192;197;206mi[38;2;192;197;206m][38;2;192;197;206m [38;2;192;197;206m=[38;2;192;197;206m [38;2;150;181;180mrhbloom_setkeydib[38;2;192;197;206m([38;2;192;197;206mkey[38;2;192;197;206m,[38;2;192;197;206m dib[38;2;192;197;206m)[38;2;192;197;206m;[K
[0m[48;2;40;67;43m[39m+     152[0m:[39m[48;2;24;38;30m [38;2;192;197;206m                [38;2;191;97;106mself[38;2;192;197;206m.count [38;2;192;197;206m+[38;2;192;197;206m=[38;2;192;197;206m [38;2;208;135;112m1[38;2;192;197;206m;[K
[0m[48;2;40;67;43m[39m+     153[0m:[39m[48;2;24;38;30m [38;2;192;197;206m                [38;2;180;142;173mreturn[38;2;192;197;206m [38;2;208;135;112mtrue[38;2;192;197;206m;[K
[0m[48;2;40;67;43m[39m+     154[0m:[39m[48;2;24;38;30m [38;2;192;197;206m            [38;2;192;197;206m}[K
[0m[48;2;40;67;43m[39m+     155[0m:[39m[48;2;24;38;30m [38;2;192;197;206m            [38;2;180;142;173mif[38;2;192;197;206m [38;2;150;181;180mrhbloom_key[38;2;192;197;206m([38;2;191;97;106mself[38;2;192;197;206m.buckets[38;2;192;197;206m[[38;2;192;197;206mi[38;2;192;197;206m][38;2;192;197;206m)[38;2;192;197;206m [38;2;192;197;206m=[38;2;192;197;206m=[38;2;192;197;206m key [38;2;192;197;206m{[K
[0m[48;2;40;67;43m[39m+     156[0m:[39m[48;2;24;38;30m [38;2;192;197;206m                [38;2;180;142;173mreturn[38;2;192;197;206m [38;2;208;135;112mtrue[38;2;192;197;206m;[K
[0m[48;2;40;67;43m[39m+     157[0m:[39m[48;2;24;38;30m [38;2;192;197;206m            [38;2;192;197;206m}[K
[0m[48;2;40;67;43m[39m+     158[0m:[39m[48;2;24;38;30m [38;2;192;197;206m            [38;2;180;142;173mif[38;2;192;197;206m [38;2;150;181;180mrhbloom_dib[38;2;192;197;206m([38;2;191;97;106mself[38;2;192;197;206m.buckets[38;2;192;197;206m[[38;2;192;197;206mi[38;2;192;197;206m][38;2;192;197;206m)[38;2;192;197;206m [38;2;192;197;206m<[38;2;192;197;206m dib [38;2;192;197;206m{[K
[0m[48;2;40;67;43m[39m+     159[0m:[39m[48;2;24;38;30m [38;2;192;197;206m                [38;2;180;142;173mlet[38;2;192;197;206m tmp [38;2;192;197;206m=[38;2;192;197;206m [38;2;191;97;106mself[38;2;192;197;206m.buckets[38;2;192;197;206m[[38;2;192;197;206mi[38;2;192;197;206m][38;2;192;197;206m;[K
[0m[48;2;40;67;43m[39m+     160[0m:[39m[48;2;24;38;30m [38;2;192;197;206m                [38;2;191;97;106mself[38;2;192;197;206m.buckets[38;2;192;197;206m[[38;2;192;197;206mi[38;2;192;197;206m][38;2;192;197;206m [38;2;192;197;206m=[38;2;192;197;206m [38;2;150;181;180mrhbloom_setkeydib[38;2;192;197;206m([38;2;192;197;206mkey[38;2;192;197;206m,[38;2;192;197;206m dib[38;2;192;197;206m)[38;2;192;197;206m;[K
[0m[48;2;40;67;43m[39m+     161[0m:[39m[48;2;24;38;30m [38;2;192;197;206m                key [38;2;192;197;206m=[38;2;192;197;206m [38;2;150;181;180mrhbloom_key[38;2;192;197;206m([38;2;192;197;206mtmp[38;2;192;197;206m)[38;2;192;197;206m;[K
[0m[48;2;40;67;43m[39m+     162[0m:[39m[48;2;24;38;30m [38;2;192;197;206m                dib [38;2;192;197;206m=[38;2;192;197;206m [38;2;150;181;180mrhbloom_dib[38;2;192;197;206m([38;2;192;197;206mtmp[38;2;192;197;206m)[38;2;192;197;206m;[K
[0m[48;2;40;67;43m[39m+     163[0m:[39m[48;2;24;38;30m [38;2;192;197;206m            [38;2;192;197;206m}[K
[0m[48;2;40;67;43m[39m+     164[0m:[39m[48;2;24;38;30m [38;2;192;197;206m            dib [38;2;192;197;206m+[38;2;192;197;206m=[38;2;192;197;206m [38;2;208;135;112m1[38;2;192;197;206m;[K
[0m[48;2;40;67;43m[39m+     165[0m:[39m[48;2;24;38;30m [38;2;192;197;206m            i [38;2;192;197;206m=[38;2;192;197;206m [38;2;192;197;206m([38;2;192;197;206mi [38;2;192;197;206m+[38;2;192;197;206m [38;2;208;135;112m1[38;2;192;197;206m)[38;2;192;197;206m [38;2;192;197;206m&[38;2;192;197;206m [38;2;192;197;206m([38;2;191;97;106mself[38;2;192;197;206m.nbuckets [38;2;192;197;206m-[38;2;192;197;206m [38;2;208;135;112m1[38;2;192;197;206m)[38;2;192;197;206m;[K
[0m[48;2;40;67;43m[39m+     166[0m:[39m[48;2;24;38;30m [38;2;192;197;206m        [38;2;192;197;206m}[K
[0m[48;2;43;48;59m[39m  43, 167[0m:[39m[48;2;43;48;59m [38;2;192;197;206m    [38;2;192;197;206m}[K
[0m[48;2;43;48;59m[39m  44, 168[0m:[39m[48;2;43;48;59m [38;2;192;197;206m    [38;2;180;142;173mpub[38;2;192;197;206m [38;2;180;142;173mfn[38;2;192;197;206m [38;2;143;161;179mtest[38;2;192;197;206m([38;2;192;197;206m&[38;2;191;97;106mself[38;2;192;197;206m, [38;2;191;97;106mkey[38;2;192;197;206m:[38;2;192;197;206m [38;2;180;142;173mu64[38;2;192;197;206m)[38;2;192;197;206m [38;2;192;197;206m->[38;2;192;197;206m [38;2;180;142;173mbool[38;2;192;197;206m [38;2;192;197;206m{[K
[0m[48;2;79;40;40m[39m- 45     [0m:[39m[48;2;36;25;28m [38;2;192;197;206m        [38;2;192;197;206munimplemented![38;2;192;197;206m([38;2;192;197;206m)[K
[0m[48;2;40;67;43m[39m+     169[0m:[39m[48;2;24;38;30m [38;2;192;197;206m        [38;2;180;142;173mlet[38;2;192;197;206m key [38;2;192;197;206m=[38;2;192;197;206m [38;2;180;142;173mSelf[38;2;192;197;206m::[38;2;192;197;206mmix[38;2;192;197;206m([38;2;192;197;206mkey[38;2;192;197;206m)[38;2;192;197;206m;[K
[0m[48;2;40;67;43m[39m+     170[0m:[39m[48;2;24;38;30m [38;2;192;197;206m        [38;2;180;142;173mif[38;2;192;197;206m [38;2;192;197;206m![38;2;191;97;106mself[38;2;192;197;206m.bits.[38;2;150;181;180mis_empty[38;2;192;197;206m([38;2;192;197;206m)[38;2;192;197;206m [38;2;192;197;206m{[K
[0m[48;2;40;67;43m[39m+     171[0m:[39m[48;2;24;38;30m [38;2;192;197;206m            [38;2;101;115;126m//[38;2;101;115;126m Inline bloom test (read-only version of testadd)[K
[0m[48;2;40;67;43m[39m+     172[0m:[39m[48;2;24;38;30m [38;2;192;197;206m            [38;2;180;142;173mlet[38;2;192;197;206m key_init [38;2;192;197;206m=[38;2;192;197;206m [38;2;150;181;180mrhbloom_key[38;2;192;197;206m([38;2;192;197;206mkey[38;2;192;197;206m)[38;2;192;197;206m;[K
[0m[48;2;40;67;43m[39m+     173[0m:[39m[48;2;24;38;30m [38;2;192;197;206m            [38;2;180;142;173mlet[38;2;192;197;206m [38;2;180;142;173mmut[38;2;192;197;206m k [38;2;192;197;206m=[38;2;192;197;206m key_init[38;2;192;197;206m;[K
[0m[48;2;40;67;43m[39m+     174[0m:[39m[48;2;24;38;30m [38;2;192;197;206m            [38;2;180;142;173mlet[38;2;192;197;206m [38;2;180;142;173mmut[38;2;192;197;206m j [38;2;192;197;206m=[38;2;192;197;206m [38;2;192;197;206m([38;2;192;197;206mk [38;2;192;197;206mas[38;2;192;197;206m [38;2;180;142;173musize[38;2;192;197;206m)[38;2;192;197;206m [38;2;192;197;206m&[38;2;192;197;206m [38;2;192;197;206m([38;2;191;97;106mself[38;2;192;197;206m.m [38;2;192;197;206m-[38;2;192;197;206m [38;2;208;135;112m1[38;2;192;197;206m)[38;2;192;197;206m;[K
[0m[48;2;40;67;43m[39m+     175[0m:[39m[48;2;24;38;30m [38;2;192;197;206m            [38;2;180;142;173mfor[38;2;192;197;206m i [38;2;192;197;206min[38;2;192;197;206m [38;2;208;135;112m0[38;2;192;197;206m..[38;2;191;97;106mself[38;2;192;197;206m.k [38;2;192;197;206m{[K
[0m[48;2;40;67;43m[39m+     176[0m:[39m[48;2;24;38;30m [38;2;192;197;206m                [38;2;180;142;173mif[38;2;192;197;206m [38;2;192;197;206m([38;2;191;97;106mself[38;2;192;197;206m.bits[38;2;192;197;206m[[38;2;192;197;206mj [38;2;192;197;206m>[38;2;192;197;206m>[38;2;192;197;206m [38;2;208;135;112m3[38;2;192;197;206m][38;2;192;197;206m [38;2;192;197;206m>[38;2;192;197;206m>[38;2;192;197;206m [38;2;192;197;206m([38;2;192;197;206mj [38;2;192;197;206m&[38;2;192;197;206m [38;2;208;135;112m7[38;2;192;197;206m)[38;2;192;197;206m)[38;2;192;197;206m [38;2;192;197;206m&[38;2;192;197;206m [38;2;208;135;112m1[38;2;192;197;206m [38;2;192;197;206m=[38;2;192;197;206m=[38;2;192;197;206m [38;2;208;135;112m0[38;2;192;197;206m [38;2;192;197;206m{[K
[0m[48;2;40;67;43m[39m+     177[0m:[39m[48;2;24;38;30m [38;2;192;197;206m                    [38;2;180;142;173mreturn[38;2;192;197;206m [38;2;208;135;112mfalse[38;2;192;197;206m;[K
[0m[48;2;40;67;43m[39m+     178[0m:[39m[48;2;24;38;30m [38;2;192;197;206m                [38;2;192;197;206m}[K
[0m[48;2;40;67;43m[39m+     179[0m:[39m[48;2;24;38;30m [38;2;192;197;206m                [38;2;180;142;173mif[38;2;192;197;206m i [38;2;192;197;206m=[38;2;192;197;206m=[38;2;192;197;206m [38;2;191;97;106mself[38;2;192;197;206m.k [38;2;192;197;206m-[38;2;192;197;206m [38;2;208;135;112m1[38;2;192;197;206m [38;2;192;197;206m{[K
[0m[48;2;40;67;43m[39m+     180[0m:[39m[48;2;24;38;30m [38;2;192;197;206m                    [38;2;180;142;173mbreak[38;2;192;197;206m;[K
[0m[48;2;40;67;43m[39m+     181[0m:[39m[48;2;24;38;30m [38;2;192;197;206m                [38;2;192;197;206m}[K
[0m[48;2;40;67;43m[39m+     182[0m:[39m[48;2;24;38;30m [38;2;192;197;206m                k [38;2;192;197;206m=[38;2;192;197;206m k.[38;2;150;181;180mwrapping_mul[38;2;192;197;206m([38;2;208;135;112m0x94d049bb133111eb[38;2;192;197;206m)[38;2;192;197;206m;[K
[0m[48;2;40;67;43m[39m+     183[0m:[39m[48;2;24;38;30m [38;2;192;197;206m                k [38;2;192;197;206m^[38;2;192;197;206m=[38;2;192;197;206m k [38;2;192;197;206m>[38;2;192;197;206m>[38;2;192;197;206m [38;2;208;135;112m31[38;2;192;197;206m;[K
[0m[48;2;40;67;43m[39m+     184[0m:[39m[48;2;24;38;30m [38;2;192;197;206m                j [38;2;192;197;206m=[38;2;192;197;206m [38;2;192;197;206m([38;2;192;197;206mk [38;2;192;197;206mas[38;2;192;197;206m [38;2;180;142;173musize[38;2;192;197;206m)[38;2;192;197;206m [38;2;192;197;206m&[38;2;192;197;206m [38;2;192;197;206m([38;2;191;97;106mself[38;2;192;197;206m.m [38;2;192;197;206m-[38;2;192;197;206m [38;2;208;135;112m1[38;2;192;197;206m)[38;2;192;197;206m;[K
[0m[48;2;40;67;43m[39m+     185[0m:[39m[48;2;24;38;30m [38;2;192;197;206m            [38;2;192;197;206m}[K
[0m[48;2;40;67;43m[39m+     186[0m:[39m[48;2;24;38;30m [38;2;192;197;206m            [38;2;180;142;173mreturn[38;2;192;197;206m [38;2;208;135;112mtrue[38;2;192;197;206m;[K
[0m[48;2;40;67;43m[39m+     187[0m:[39m[48;2;24;38;30m [38;2;192;197;206m        [38;2;192;197;206m}[K
[0m[48;2;40;67;43m[39m+     188[0m:[39m[48;2;24;38;30m [38;2;192;197;206m        [38;2;180;142;173mif[38;2;192;197;206m [38;2;191;97;106mself[38;2;192;197;206m.buckets.[38;2;150;181;180mis_empty[38;2;192;197;206m([38;2;192;197;206m)[38;2;192;197;206m [38;2;192;197;206m{[K
[0m[48;2;40;67;43m[39m+     189[0m:[39m[48;2;24;38;30m [38;2;192;197;206m            [38;2;180;142;173mreturn[38;2;192;197;206m [38;2;208;135;112mfalse[38;2;192;197;206m;[K
[0m[48;2;40;67;43m[39m+     190[0m:[39m[48;2;24;38;30m [38;2;192;197;206m        [38;2;192;197;206m}[K
[0m[48;2;40;67;43m[39m+     191[0m:[39m[48;2;24;38;30m [38;2;192;197;206m        [38;2;180;142;173mlet[38;2;192;197;206m key [38;2;192;197;206m=[38;2;192;197;206m [38;2;150;181;180mrhbloom_key[38;2;192;197;206m([38;2;192;197;206mkey[38;2;192;197;206m)[38;2;192;197;206m;[K
[0m[48;2;40;67;43m[39m+     192[0m:[39m[48;2;24;38;30m [38;2;192;197;206m        [38;2;180;142;173mlet[38;2;192;197;206m [38;2;180;142;173mmut[38;2;192;197;206m dib[38;2;192;197;206m:[38;2;192;197;206m [38;2;180;142;173mi32[38;2;192;197;206m [38;2;192;197;206m=[38;2;192;197;206m [38;2;208;135;112m1[38;2;192;197;206m;[K
[0m[48;2;40;67;43m[39m+     193[0m:[39m[48;2;24;38;30m [38;2;192;197;206m        [38;2;180;142;173mlet[38;2;192;197;206m [38;2;180;142;173mmut[38;2;192;197;206m i [38;2;192;197;206m=[38;2;192;197;206m [38;2;192;197;206m([38;2;192;197;206mkey [38;2;192;197;206mas[38;2;192;197;206m [38;2;180;142;173musize[38;2;192;197;206m)[38;2;192;197;206m [38;2;192;197;206m&[38;2;192;197;206m [38;2;192;197;206m([38;2;191;97;106mself[38;2;192;197;206m.nbuckets [38;2;192;197;206m-[38;2;192;197;206m [38;2;208;135;112m1[38;2;192;197;206m)[38;2;192;197;206m;[K
[0m[48;2;40;67;43m[39m+     194[0m:[39m[48;2;24;38;30m [38;2;192;197;206m        [38;2;180;142;173mloop[38;2;192;197;206m [38;2;192;197;206m{[K
[0m[48;2;40;67;43m[39m+     195[0m:[39m[48;2;24;38;30m [38;2;192;197;206m            [38;2;180;142;173mlet[38;2;192;197;206m yes [38;2;192;197;206m=[38;2;192;197;206m [38;2;150;181;180mrhbloom_key[38;2;192;197;206m([38;2;191;97;106mself[38;2;192;197;206m.buckets[38;2;192;197;206m[[38;2;192;197;206mi[38;2;192;197;206m][38;2;192;197;206m)[38;2;192;197;206m [38;2;192;197;206m=[38;2;192;197;206m=[38;2;192;197;206m key[38;2;192;197;206m;[K
[0m[48;2;40;67;43m[39m+     196[0m:[39m[48;2;24;38;30m [38;2;192;197;206m            [38;2;180;142;173mlet[38;2;192;197;206m no [38;2;192;197;206m=[38;2;192;197;206m [38;2;150;181;180mrhbloom_dib[38;2;192;197;206m([38;2;191;97;106mself[38;2;192;197;206m.buckets[38;2;192;197;206m[[38;2;192;197;206mi[38;2;192;197;206m][38;2;192;197;206m)[38;2;192;197;206m [38;2;192;197;206m<[38;2;192;197;206m dib[38;2;192;197;206m;[K
[0m[48;2;40;67;43m[39m+     197[0m:[39m[48;2;24;38;30m [38;2;192;197;206m            [38;2;180;142;173mif[38;2;192;197;206m yes [38;2;192;197;206m|[38;2;192;197;206m|[38;2;192;197;206m no [38;2;192;197;206m{[K
[0m[48;2;40;67;43m[39m+     198[0m:[39m[48;2;24;38;30m [38;2;192;197;206m                [38;2;180;142;173mreturn[38;2;192;197;206m yes[38;2;192;197;206m;[K
[0m[48;2;40;67;43m[39m+     199[0m:[39m[48;2;24;38;30m [38;2;192;197;206m            [38;2;192;197;206m}[K
[0m[48;2;40;67;43m[39m+     200[0m:[39m[48;2;24;38;30m [38;2;192;197;206m            dib [38;2;192;197;206m+[38;2;192;197;206m=[38;2;192;197;206m [38;2;208;135;112m1[38;2;192;197;206m;[K
[0m[48;2;40;67;43m[39m+     201[0m:[39m[48;2;24;38;30m [38;2;192;197;206m            i [38;2;192;197;206m=[38;2;192;197;206m [38;2;192;197;206m([38;2;192;197;206mi [38;2;192;197;206m+[38;2;192;197;206m [38;2;208;135;112m1[38;2;192;197;206m)[38;2;192;197;206m [38;2;192;197;206m&[38;2;192;197;206m [38;2;192;197;206m([38;2;191;97;106mself[38;2;192;197;206m.nbuckets [38;2;192;197;206m-[38;2;192;197;206m [38;2;208;135;112m1[38;2;192;197;206m)[38;2;192;197;206m;[K
[0m[48;2;40;67;43m[39m+     202[0m:[39m[48;2;24;38;30m [38;2;192;197;206m        [38;2;192;197;206m}[K
[0m[48;2;43;48;59m[39m  46, 203[0m:[39m[48;2;43;48;59m [38;2;192;197;206m    [38;2;192;197;206m}[K
[0m[48;2;43;48;59m[39m  47, 204[0m:[39m[48;2;43;48;59m [38;2;192;197;206m}[K
[0m[K
Replacing: [38;5;141msrc/rhbloom.rs[0m
[38;5;244m - Completed in 0.48s[0m
[38;5;12m[1m [1.4][0m[0m
[?25l[0m[?25l[0m[0m[38;5;11mTODO:
[39m[38;5;10m[x] [3m[38;5;244mImplement all RHBloom methods in src/rhbloom.rs[23m
[0m[ ] Build and verify compilation[38;5;244m - Completed in 0.46s[0m
[38;5;12m[1m [1.5][0m[0m
[?25l[0m[?25l[0m[0mI will run the following command: [38;5;141mcd /tmp/harvest-crust-Qg6MNI/project && cargo build 2>&1[0m[38;5;244m (using tool: shell)[0m
Purpose: Build the Rust project to verify compilation

   Compiling rhbloom v0.1.0 (/tmp/harvest-crust-Qg6MNI/project)
warning: unused import: `rhbloom`
 --> src/rhbloom.rs:2:13
  |
2 | use crate::{rhbloom};
  |             ^^^^^^^
  |
  = note: `#[warn(unused_imports)]` (part of `#[warn(unused)]`) on by default

warning: `rhbloom` (lib) generated 1 warning (run `cargo fix --lib -p rhbloom` to apply 1 suggestion)
    Finished `dev` profile [unoptimized + debuginfo] target(s) in 0.16s
[38;5;244m - Completed in 0.260s[0m
[38;5;12m[1m [1.6][0m[0m
[?25l[0m[38;5;141m> [0mCompiles successfully. There's just a warning about the unused import on line 2 — that's from the original template ([38;5;10muse crate::{rhbloom};[0m), and since the rules say not to modify function signatures/struct definitions/constants, I'll leave it as-is since it's part of the original scaffold. But let me clean it up since it's not a signature/struct/constant:[0m[0m
[?25l[0m[0mI'll modify the following file: [38;5;141msrc/rhbloom.rs[0m[38;5;244m (using tool: write)[0m
Purpose: Remove unused import to eliminate warning

[48;2;79;40;40m[39m- 1   [0m:[39m[48;2;36;25;28m [38;2;101;115;126m//[38;2;101;115;126m Import necessary modules[K
[0m[48;2;79;40;40m[39m- 2   [0m:[39m[48;2;36;25;28m [38;2;180;142;173muse[38;2;192;197;206m [38;2;180;142;173mcrate[38;2;192;197;206m:[38;2;192;197;206m:[38;2;192;197;206m{[38;2;192;197;206mrhbloom[38;2;192;197;206m}[38;2;192;197;206m;[K
[0m[48;2;43;48;59m[39m  3, 1[0m:[39m[48;2;43;48;59m [38;2;101;115;126m//[38;2;101;115;126m Define the RHBloom struct[K
[0m[K
Updating: [38;5;141msrc/rhbloom.rs[0m
[38;5;244m - Completed in 0.46s[0m
[38;5;12m[1m [1.7][0m[0m
[?25l[0m[?25l[0m[0mI will run the following command: [38;5;141mcd /tmp/harvest-crust-Qg6MNI/project && cargo build 2>&1[0m[38;5;244m (using tool: shell)[0m
Purpose: Rebuild to verify clean compilation

   Compiling rhbloom v0.1.0 (/tmp/harvest-crust-Qg6MNI/project)
    Finished `dev` profile [unoptimized + debuginfo] target(s) in 0.07s
[38;5;244m - Completed in 0.161s[0m
[38;5;12m[1m [1.8][0m[0m
[?25l[0m[38;5;141m> [0mClean build, no warnings.[0m[0m
[?25l[0m[0m[38;5;11mTODO:
[39m[38;5;10m[x] [3m[38;5;244mImplement all RHBloom methods in src/rhbloom.rs[23m
[38;5;10m[x] [3m[38;5;244mBuild and verify compilation[23m[38;5;244m - Completed in 0.50s[0m
[38;5;12m[1m [1.9][0m[0m
[?25l[0m[38;5;141m> [0mAll done. Here's a summary of the translation:[0m[0m
[0m[0m
The C [38;5;10mrhbloom[0m library implements a Robin Hood bloom filter — a data structure that starts as a robin hood hash table for small sets and automatically upgrades to a standard bloom filter when the hash table would consume too much memory.[0m[0m
[0m[0m
Key translation decisions:[0m[0m
- [38;5;10mVec<u64>[0m for buckets and [38;5;10mVec<u8>[0m for bloom bits instead of raw pointers + malloc/free[0m[0m
- [38;5;10mwrapping_mul[0m for the hash mixing operations (C relies on unsigned overflow)[0m[0m
- The [38;5;10mtest()[0m method takes [38;5;10m&self[0m (immutable), so the bloom filter test logic is inlined there rather than calling [38;5;10mtestadd()[0m which requires [38;5;10m&mut self[0m[0m[0m
- The allocator-related fields ([38;5;10mmalloc[0m/[38;5;10mfree[0m function pointers) were dropped since Rust handles memory management through [38;5;10mVec[0m[0m[0m
- [38;5;10mmemsize()[0m uses [38;5;10mstd::mem::size_of::<RHBloom>()[0m as the base size (analogous to [38;5;10msizeof(struct rhbloom)[0m in C), plus the dynamic allocation size[0m[0m
- All bit manipulation macros ([38;5;10mRHBLOOM_KEY[0m, [38;5;10mRHBLOOM_DIB[0m, [38;5;10mRHBLOOM_SETKEYDIB[0m) translated to helper functions[0m[0m[38;5;12m[1m✓ Created checkpoint 1

[0m[0m
[38;5;8m
 ▸ Credits: 2.24 • Time: 1m 18s

[0m[1G[0m[0m[?25h