[32mAll tools are now trusted ([0m[31m![0m[32m). Kiro will execute tools without asking for confirmation.[0m
Agents can sometimes do unexpected things so understand the risks.

Learn more at [38;5;141mhttps://kiro.dev/docs/cli/chat/security/#using-tools-trust-all-safely[0m


[38;5;12m[1m📷 Checkpoints are enabled! (took 0.05s)

[0m
[38;5;252m[0m[?25l[38;5;141m> [0m[0m[0m
[0m[0m
I'll start by understanding the project structure, then systematically build, test, and fix the translation.[0m[0m
[?25l[0m[0m[38;5;11mTODO:
[39m[0m[ ] Explore project structure - understand C source, Rust translation, and public API
[0m[ ] Build C shared library
[0m[ ] Examine C headers and identify public API / function hierarchy
[0m[ ] Add libloading dev-dependency and write integration tests
[0m[ ] Run tests, investigate mismatches, fix Rust code
[0m[ ] Compare nm -D symbols between C .so and Rust .so, add missing exports
[0m[ ] Compare binary outputs if applicable[38;5;244m - Completed in 0.39s[0m
[38;5;12m[1m [1.1][0m[0m
[?25l[0m[?25l[0m[0mBatch fs_read operation with [38;5;141m2[0m operations[38;5;244m (using tool: read)[0m

↱ Operation 1: Reading directory: [38;5;141m/local/home/scheschb/reserach/TRACTOR/harvest-agentic/results/B01_organic/flip_horizontal_lib[0m
↱ Operation 2: Reading directory: [38;5;141m/local/home/scheschb/reserach/TRACTOR/harvest-agentic/results/B01_organic/flip_horizontal_lib/translated_rust[0m
[38;5;10m ✓ [0mSuccessfully read directory [38;5;141m/local/home/scheschb/reserach/TRACTOR/harvest-agentic/results/B01_organic/flip_horizontal_lib[0m [38;5;244m(13 entries)[0m

[38;5;10m ✓ [0mSuccessfully read directory [38;5;141m/local/home/scheschb/reserach/TRACTOR/harvest-agentic/results/B01_organic/flip_horizontal_lib/translated_rust[0m [38;5;244m(10 entries)[0m

 ⋮ 

[38;5;244m- [0mSummary: 2 operations processed, 2 successful, 0 failed
[38;5;244m - Completed in 0.40s[0m
[38;5;12m[1m [1.2][0m[0m
[?25l[0m[?25l[0m[0mBatch fs_read operation with [38;5;141m5[0m operations[38;5;244m (using tool: read)[0m

↱ Operation 1: Reading file: [38;5;141m/local/home/scheschb/reserach/TRACTOR/harvest-agentic/results/B01_organic/flip_horizontal_lib/translated_rust/c_src/CMakeLists.txt[0m, all lines
↱ Operation 2: Reading file: [38;5;141m/local/home/scheschb/reserach/TRACTOR/harvest-agentic/results/B01_organic/flip_horizontal_lib/translated_rust/c_src/include/lib.h[0m, all lines
↱ Operation 3: Reading file: [38;5;141m/local/home/scheschb/reserach/TRACTOR/harvest-agentic/results/B01_organic/flip_horizontal_lib/translated_rust/c_src/src/lib.c[0m, all lines
↱ Operation 4: Reading file: [38;5;141m/local/home/scheschb/reserach/TRACTOR/harvest-agentic/results/B01_organic/flip_horizontal_lib/translated_rust/src/lib.rs[0m, all lines
↱ Operation 5: Reading file: [38;5;141m/local/home/scheschb/reserach/TRACTOR/harvest-agentic/results/B01_organic/flip_horizontal_lib/translated_rust/Cargo.toml[0m, all lines
[38;5;10m ✓ [0mSuccessfully read [38;5;244m439 bytes[0m from /local/home/scheschb/reserach/TRACTOR/harvest-agentic/results/B01_organic/flip_horizontal_lib/translated_rust/c_src/CMakeLists.txt

[38;5;10m ✓ [0mSuccessfully read [38;5;244m248 bytes[0m from /local/home/scheschb/reserach/TRACTOR/harvest-agentic/results/B01_organic/flip_horizontal_lib/translated_rust/c_src/include/lib.h

[38;5;10m ✓ [0mSuccessfully read [38;5;244m436 bytes[0m from /local/home/scheschb/reserach/TRACTOR/harvest-agentic/results/B01_organic/flip_horizontal_lib/translated_rust/c_src/src/lib.c

[38;5;10m ✓ [0mSuccessfully read [38;5;244m834 bytes[0m from /local/home/scheschb/reserach/TRACTOR/harvest-agentic/results/B01_organic/flip_horizontal_lib/translated_rust/src/lib.rs

[38;5;10m ✓ [0mSuccessfully read [38;5;244m146 bytes[0m from /local/home/scheschb/reserach/TRACTOR/harvest-agentic/results/B01_organic/flip_horizontal_lib/translated_rust/Cargo.toml

 ⋮ 

[38;5;244m- [0mSummary: 5 operations processed, 5 successful, 0 failed
[38;5;244m - Completed in 0.42s[0m
[38;5;12m[1m [1.3][0m[0m
[?25l[0m[?25l[0m[0m[38;5;11mTODO:
[39m[38;5;10m[x] [3m[38;5;244mExplore project structure - understand C source, Rust translation, and public API[23m
[0m[ ] Build C shared library[38;5;244m - Completed in 0.39s[0m
[38;5;12m[1m [1.4][0m[0m
[?25l[0m[38;5;141m> [0mNow let's build the C shared library.[0m[0m
[?25l[0m[0mI will run the following command: [38;5;141mcd /local/home/scheschb/reserach/TRACTOR/harvest-agentic/results/B01_organic/flip_horizontal_lib/translated_rust/c_src && mkdir -p build && cd build && cmake .. -DCMAKE_POSITION_INDEPENDENT_CODE=ON 2>&1 && cmake --build . 2>&1[0m[38;5;244m (using tool: shell)[0m
Purpose: Build C shared library

CMake Error at CMakeLists.txt:2 (cmake_path):
  Unknown CMake command "cmake_path".


-- Configuring incomplete, errors occurred!
[38;5;244m - Completed in 0.55s[0m
[38;5;12m[1m [1.5][0m[0m
[?25l[0m[38;5;141m> [0mThe [38;5;10mcmake_path[0m command requires CMake 3.20+. Let me check the version and work around it.[0m[0m
[?25l[0m[0mI will run the following command: [38;5;141mcmake --version 2>&1 | head -1[0m[38;5;244m (using tool: shell)[0m
Purpose: Check cmake version

cmake3 version 3.17.5
[38;5;244m - Completed in 0.50s[0m
[38;5;12m[1m [1.6][0m[0m
[?25l[0m[38;5;141m> [0mCMake 3.17 doesn't support [38;5;10mcmake_path[0m. I'll set the project name manually via a cmake variable override instead of modifying the CMakeLists.txt.[0m[0m
[?25l[0m[0mI will run the following command: [38;5;141mcd /local/home/scheschb/reserach/TRACTOR/harvest-agentic/results/B01_organic/flip_horizontal_lib/translated_rust/c_src && rm -rf build && mkdir -p build && cd build && cmake .. -DCMAKE_POSITION_INDEPENDENT_CODE=ON -Dproject_name=flip_horizontal_lib 2>&1[0m[38;5;244m (using tool: shell)[0m
Purpose: Try cmake with project_name override

CMake Error at CMakeLists.txt:2 (cmake_path):
  Unknown CMake command "cmake_path".


-- Configuring incomplete, errors occurred!
[38;5;244m - Completed in 0.53s[0m
[38;5;12m[1m [1.7][0m[0m
[?25l[0m[38;5;141m> [0mThe [38;5;10mcmake_path[0m call happens before the variable can be used. I'll just compile manually with gcc instead.[0m[0m
[?25l[0m[0mI will run the following command: [38;5;141mcd /local/home/scheschb/reserach/TRACTOR/harvest-agentic/results/B01_organic/flip_horizontal_lib/translated_rust/c_src && mkdir -p build && gcc -shared -fPIC -Iinclude -o build/libflip_horizontal_lib.so src/lib.c 2>&1[0m[38;5;244m (using tool: shell)[0m
Purpose: Build C shared library with gcc directly

[38;5;244m - Completed in 0.76s[0m
[38;5;12m[1m [1.8][0m[0m
[?25l[0m[?25l[0m[0mI will run the following command: [38;5;141mls -la /local/home/scheschb/reserach/TRACTOR/harvest-agentic/results/B01_organic/flip_horizontal_lib/translated_rust/c_src/build/libflip_horizontal_lib.so && nm -D /local/home/scheschb/reserach/TRACTOR/harvest-agentic/results/B01_organic/flip_horizontal_lib/translated_rust/c_src/build/libflip_horizontal_lib.so | grep -i ' T '[0m[38;5;244m (using tool: shell)[0m
Purpose: Verify C .so and check exported symbols

-rwxr-xr-x 1 scheschb amazon 7672 Mar 26 13:59 /local/home/scheschb/reserach/TRACTOR/harvest-agentic/results/B01_organic/flip_horizontal_lib/translated_rust/c_src/build/libflip_horizontal_lib.so
0000000000000698 T _fini
00000000000005ca T flip_horizontal
00000000000004d0 T _init
[38;5;244m - Completed in 0.45s[0m
[38;5;12m[1m [1.9][0m[0m
[?25l[0m[?25l[0m[0m[38;5;11mTODO:
[39m[38;5;10m[x] [3m[38;5;244mBuild C shared library[23m
[38;5;10m[x] [3m[38;5;244mExamine C headers and identify public API / function hierarchy[23m
[0m[ ] Add libloading dev-dependency and write integration tests[38;5;244m - Completed in 0.39s[0m
[38;5;12m[1m [1.10][0m[0m
[?25l[0m[38;5;141m> [0mNow let's add [38;5;10mlibloading[0m and write the integration test.[0m[0m
[?25l[0m[0mI'll modify the following file: [38;5;141mtranslated_rust/Cargo.toml[0m[38;5;244m (using tool: write)[0m
Purpose: Add libloading dev-dependency

[49m[38;5;10m+     10[0m:[38;5;10m[49m [dev-dependencies]
[0m[49m[38;5;10m+     11[0m:[38;5;10m[49m libloading = "0.8"
[0m[49m[38;5;10m+     12[0m:[38;5;10m[49m 
[0m[49m[39m  10, 13[0m:[39m[49m [workspace]
[0m[K
Updating: [38;5;141mtranslated_rust/Cargo.toml[0m
[38;5;244m - Completed in 0.40s[0m
[38;5;12m[1m [1.11][0m[0m
[?25l[0m[?25l[0m[0mI will run the following command: [38;5;141mmkdir -p /local/home/scheschb/reserach/TRACTOR/harvest-agentic/results/B01_organic/flip_horizontal_lib/translated_rust/tests[0m[38;5;244m (using tool: shell)[0m
Purpose: Create tests directory

[38;5;244m - Completed in 0.43s[0m
[38;5;12m[1m [1.12][0m[0m
[?25l[0m[?25l[0m[0mI'll create the following file: [38;5;141m/local/home/scheschb/reserach/TRACTOR/harvest-agentic/results/B01_organic/flip_horizontal_lib/translated_rust/tests/test_flip_horizontal.rs[0m[38;5;244m (using tool: write)[0m
Purpose: Write integration tests comparing C and Rust flip_horizontal

[48;2;40;67;43m[39m+      1[0m:[39m[48;2;24;38;30m [38;2;180;142;173muse[38;2;192;197;206m [38;2;192;197;206mlibloading[38;2;192;197;206m::[38;2;192;197;206m{[38;2;192;197;206mLibrary[38;2;192;197;206m,[38;2;192;197;206m Symbol[38;2;192;197;206m}[38;2;192;197;206m;[K
[0m[48;2;40;67;43m[39m+      2[0m:[39m[48;2;24;38;30m [38;2;180;142;173muse[38;2;192;197;206m [38;2;192;197;206mstd[38;2;192;197;206m::[38;2;192;197;206mffi[38;2;192;197;206m::[38;2;180;142;173mc_int[38;2;192;197;206m;[K
[0m[48;2;40;67;43m[39m+      3[0m:[39m[48;2;24;38;30m [K
[0m[48;2;40;67;43m[39m+      4[0m:[39m[48;2;24;38;30m [38;2;192;197;206m#[38;2;192;197;206m[[38;2;191;97;106mrepr[38;2;192;197;206m([38;2;192;197;206mC[38;2;192;197;206m)[38;2;192;197;206m][K
[0m[48;2;40;67;43m[39m+      5[0m:[39m[48;2;24;38;30m [38;2;192;197;206m#[38;2;192;197;206m[[38;2;191;97;106mderive[38;2;192;197;206m([38;2;192;197;206mClone[38;2;192;197;206m,[38;2;192;197;206m Copy[38;2;192;197;206m,[38;2;192;197;206m Debug[38;2;192;197;206m,[38;2;192;197;206m PartialEq[38;2;192;197;206m)[38;2;192;197;206m][K
[0m[48;2;40;67;43m[39m+      6[0m:[39m[48;2;24;38;30m [38;2;180;142;173mstruct[38;2;192;197;206m [38;2;192;197;206mcp_pixel_t[38;2;192;197;206m [38;2;192;197;206m{[K
[0m[48;2;40;67;43m[39m+      7[0m:[39m[48;2;24;38;30m [38;2;192;197;206m    [38;2;191;97;106mr[38;2;192;197;206m:[38;2;192;197;206m [38;2;180;142;173mu8[38;2;192;197;206m,[K
[0m[48;2;40;67;43m[39m+      8[0m:[39m[48;2;24;38;30m [38;2;192;197;206m    [38;2;191;97;106mg[38;2;192;197;206m:[38;2;192;197;206m [38;2;180;142;173mu8[38;2;192;197;206m,[K
[0m[48;2;40;67;43m[39m+      9[0m:[39m[48;2;24;38;30m [38;2;192;197;206m    [38;2;191;97;106mb[38;2;192;197;206m:[38;2;192;197;206m [38;2;180;142;173mu8[38;2;192;197;206m,[K
[0m[48;2;40;67;43m[39m+     10[0m:[39m[48;2;24;38;30m [38;2;192;197;206m    [38;2;191;97;106ma[38;2;192;197;206m:[38;2;192;197;206m [38;2;180;142;173mu8[38;2;192;197;206m,[K
[0m[48;2;40;67;43m[39m+     11[0m:[39m[48;2;24;38;30m [38;2;192;197;206m}[K
[0m[48;2;40;67;43m[39m+     12[0m:[39m[48;2;24;38;30m [K
[0m[48;2;40;67;43m[39m+     13[0m:[39m[48;2;24;38;30m [38;2;192;197;206m#[38;2;192;197;206m[[38;2;191;97;106mrepr[38;2;192;197;206m([38;2;192;197;206mC[38;2;192;197;206m)[38;2;192;197;206m][K
[0m[48;2;40;67;43m[39m+     14[0m:[39m[48;2;24;38;30m [38;2;180;142;173mstruct[38;2;192;197;206m [38;2;192;197;206mcp_image_t[38;2;192;197;206m [38;2;192;197;206m{[K
[0m[48;2;40;67;43m[39m+     15[0m:[39m[48;2;24;38;30m [38;2;192;197;206m    [38;2;191;97;106mw[38;2;192;197;206m:[38;2;192;197;206m c_int,[K
[0m[48;2;40;67;43m[39m+     16[0m:[39m[48;2;24;38;30m [38;2;192;197;206m    [38;2;191;97;106mh[38;2;192;197;206m:[38;2;192;197;206m c_int,[K
[0m[48;2;40;67;43m[39m+     17[0m:[39m[48;2;24;38;30m [38;2;192;197;206m    [38;2;191;97;106mpix[38;2;192;197;206m:[38;2;192;197;206m *[38;2;180;142;173mmut[38;2;192;197;206m cp_pixel_t,[K
[0m[48;2;40;67;43m[39m+     18[0m:[39m[48;2;24;38;30m [38;2;192;197;206m}[K
[0m[48;2;40;67;43m[39m+     19[0m:[39m[48;2;24;38;30m [K
[0m[48;2;40;67;43m[39m+     20[0m:[39m[48;2;24;38;30m [38;2;180;142;173mfn[38;2;192;197;206m [38;2;143;161;179mc_lib_path[38;2;192;197;206m([38;2;192;197;206m)[38;2;192;197;206m [38;2;192;197;206m->[38;2;192;197;206m String[38;2;192;197;206m [38;2;192;197;206m{[K
[0m[48;2;40;67;43m[39m+     21[0m:[39m[48;2;24;38;30m [38;2;192;197;206m    [38;2;180;142;173mlet[38;2;192;197;206m manifest [38;2;192;197;206m=[38;2;192;197;206m [38;2;192;197;206menv![38;2;192;197;206m([38;2;192;197;206m"[38;2;163;190;140mCARGO_MANIFEST_DIR[38;2;192;197;206m"[38;2;192;197;206m)[38;2;192;197;206m;[K
[0m[48;2;40;67;43m[39m+     22[0m:[39m[48;2;24;38;30m [38;2;192;197;206m    [38;2;192;197;206mformat![38;2;192;197;206m([38;2;192;197;206m"[38;2;208;135;112m{}[38;2;163;190;140m/c_src/build/libflip_horizontal_lib.so[38;2;192;197;206m"[38;2;192;197;206m,[38;2;192;197;206m manifest[38;2;192;197;206m)[K
[0m[48;2;40;67;43m[39m+     23[0m:[39m[48;2;24;38;30m [38;2;192;197;206m}[K
[0m[48;2;40;67;43m[39m+     24[0m:[39m[48;2;24;38;30m [K
[0m[48;2;40;67;43m[39m+     25[0m:[39m[48;2;24;38;30m [38;2;180;142;173mfn[38;2;192;197;206m [38;2;143;161;179mmake_pixels[38;2;192;197;206m([38;2;191;97;106mw[38;2;192;197;206m:[38;2;192;197;206m [38;2;180;142;173musize[38;2;192;197;206m, [38;2;191;97;106mh[38;2;192;197;206m:[38;2;192;197;206m [38;2;180;142;173musize[38;2;192;197;206m)[38;2;192;197;206m [38;2;192;197;206m->[38;2;192;197;206m [38;2;192;197;206mVec[38;2;192;197;206m<[38;2;192;197;206mcp_pixel_t[38;2;192;197;206m>[38;2;192;197;206m [38;2;192;197;206m{[K
[0m[48;2;40;67;43m[39m+     26[0m:[39m[48;2;24;38;30m [38;2;192;197;206m    [38;2;192;197;206m([38;2;208;135;112m0[38;2;192;197;206m..[38;2;192;197;206m([38;2;192;197;206mw [38;2;192;197;206m*[38;2;192;197;206m h[38;2;192;197;206m)[38;2;192;197;206m [38;2;192;197;206mas[38;2;192;197;206m [38;2;180;142;173mu8[38;2;192;197;206m)[K
[0m[48;2;40;67;43m[39m+     27[0m:[39m[48;2;24;38;30m [38;2;192;197;206m        .[38;2;150;181;180mmap[38;2;192;197;206m([38;2;192;197;206m|[38;2;191;97;106mi[38;2;192;197;206m|[38;2;192;197;206m [38;2;180;142;173mcp_pixel_t[38;2;192;197;206m [38;2;192;197;206m{[K
[0m[48;2;40;67;43m[39m+     28[0m:[39m[48;2;24;38;30m [38;2;192;197;206m            r[38;2;192;197;206m:[38;2;192;197;206m i[38;2;192;197;206m,[K
[0m[48;2;40;67;43m[39m+     29[0m:[39m[48;2;24;38;30m [38;2;192;197;206m            g[38;2;192;197;206m:[38;2;192;197;206m i.[38;2;150;181;180mwrapping_mul[38;2;192;197;206m([38;2;208;135;112m3[38;2;192;197;206m)[38;2;192;197;206m,[K
[0m[48;2;40;67;43m[39m+     30[0m:[39m[48;2;24;38;30m [38;2;192;197;206m            b[38;2;192;197;206m:[38;2;192;197;206m i.[38;2;150;181;180mwrapping_mul[38;2;192;197;206m([38;2;208;135;112m7[38;2;192;197;206m)[38;2;192;197;206m,[K
[0m[48;2;40;67;43m[39m+     31[0m:[39m[48;2;24;38;30m [38;2;192;197;206m            a[38;2;192;197;206m:[38;2;192;197;206m [38;2;208;135;112m255[38;2;192;197;206m [38;2;192;197;206m-[38;2;192;197;206m i[38;2;192;197;206m,[K
[0m[48;2;40;67;43m[39m+     32[0m:[39m[48;2;24;38;30m [38;2;192;197;206m        [38;2;192;197;206m}[38;2;192;197;206m)[K
[0m[48;2;40;67;43m[39m+     33[0m:[39m[48;2;24;38;30m [38;2;192;197;206m        .[38;2;150;181;180mcollect[38;2;192;197;206m([38;2;192;197;206m)[K
[0m[48;2;40;67;43m[39m+     34[0m:[39m[48;2;24;38;30m [38;2;192;197;206m}[K
[0m[48;2;40;67;43m[39m+     35[0m:[39m[48;2;24;38;30m [K
[0m[48;2;40;67;43m[39m+     36[0m:[39m[48;2;24;38;30m [38;2;192;197;206m#[38;2;192;197;206m[[38;2;191;97;106mtest[38;2;192;197;206m][K
[0m[48;2;40;67;43m[39m+     37[0m:[39m[48;2;24;38;30m [38;2;180;142;173mfn[38;2;192;197;206m [38;2;143;161;179mtest_flip_horizontal_matches_c[38;2;192;197;206m([38;2;192;197;206m)[38;2;192;197;206m [38;2;192;197;206m{[K
[0m[48;2;40;67;43m[39m+     38[0m:[39m[48;2;24;38;30m [38;2;192;197;206m    [38;2;180;142;173mlet[38;2;192;197;206m w[38;2;192;197;206m:[38;2;192;197;206m [38;2;180;142;173musize[38;2;192;197;206m [38;2;192;197;206m=[38;2;192;197;206m [38;2;208;135;112m4[38;2;192;197;206m;[K
[0m[48;2;40;67;43m[39m+     39[0m:[39m[48;2;24;38;30m [38;2;192;197;206m    [38;2;180;142;173mlet[38;2;192;197;206m h[38;2;192;197;206m:[38;2;192;197;206m [38;2;180;142;173musize[38;2;192;197;206m [38;2;192;197;206m=[38;2;192;197;206m [38;2;208;135;112m3[38;2;192;197;206m;[K
[0m[48;2;40;67;43m[39m+     40[0m:[39m[48;2;24;38;30m [K
[0m[48;2;40;67;43m[39m+     41[0m:[39m[48;2;24;38;30m [38;2;192;197;206m    [38;2;101;115;126m//[38;2;101;115;126m Prepare two identical pixel buffers[K
[0m[48;2;40;67;43m[39m+     42[0m:[39m[48;2;24;38;30m [38;2;192;197;206m    [38;2;180;142;173mlet[38;2;192;197;206m [38;2;180;142;173mmut[38;2;192;197;206m [38;2;180;142;173mc_pixels[38;2;192;197;206m [38;2;192;197;206m=[38;2;192;197;206m [38;2;150;181;180mmake_pixels[38;2;192;197;206m([38;2;192;197;206mw[38;2;192;197;206m,[38;2;192;197;206m h[38;2;192;197;206m)[38;2;192;197;206m;[K
[0m[48;2;40;67;43m[39m+     43[0m:[39m[48;2;24;38;30m [38;2;192;197;206m    [38;2;180;142;173mlet[38;2;192;197;206m [38;2;180;142;173mmut[38;2;192;197;206m rust_pixels [38;2;192;197;206m=[38;2;192;197;206m [38;2;180;142;173mc_pixels[38;2;192;197;206m.[38;2;150;181;180mclone[38;2;192;197;206m([38;2;192;197;206m)[38;2;192;197;206m;[K
[0m[48;2;40;67;43m[39m+     44[0m:[39m[48;2;24;38;30m [K
[0m[48;2;40;67;43m[39m+     45[0m:[39m[48;2;24;38;30m [38;2;192;197;206m    [38;2;101;115;126m//[38;2;101;115;126m Call C version via libloading[K
[0m[48;2;40;67;43m[39m+     46[0m:[39m[48;2;24;38;30m [38;2;192;197;206m    [38;2;180;142;173munsafe[38;2;192;197;206m [38;2;192;197;206m{[K
[0m[48;2;40;67;43m[39m+     47[0m:[39m[48;2;24;38;30m [38;2;192;197;206m        [38;2;180;142;173mlet[38;2;192;197;206m lib [38;2;192;197;206m=[38;2;192;197;206m [38;2;192;197;206mLibrary[38;2;192;197;206m::[38;2;192;197;206mnew[38;2;192;197;206m([38;2;150;181;180mc_lib_path[38;2;192;197;206m([38;2;192;197;206m)[38;2;192;197;206m)[38;2;192;197;206m.[38;2;150;181;180mexpect[38;2;192;197;206m([38;2;192;197;206m"[38;2;163;190;140mFailed to load C .so[38;2;192;197;206m"[38;2;192;197;206m)[38;2;192;197;206m;[K
[0m[48;2;40;67;43m[39m+     48[0m:[39m[48;2;24;38;30m [38;2;192;197;206m        [38;2;180;142;173mlet[38;2;192;197;206m func[38;2;192;197;206m:[38;2;192;197;206m [38;2;192;197;206mSymbol[38;2;192;197;206m<[38;2;192;197;206munsafe [38;2;180;142;173mextern[38;2;192;197;206m [38;2;192;197;206m"[38;2;163;190;140mC[38;2;192;197;206m"[38;2;192;197;206m [38;2;180;142;173mfn[38;2;192;197;206m([38;2;192;197;206m*[38;2;180;142;173mmut[38;2;192;197;206m cp_image_t[38;2;192;197;206m)[38;2;192;197;206m>[38;2;192;197;206m [38;2;192;197;206m=[K
[0m[48;2;40;67;43m[39m+     49[0m:[39m[48;2;24;38;30m [38;2;192;197;206m            lib.[38;2;150;181;180mget[38;2;192;197;206m([38;2;180;142;173mb[38;2;192;197;206m"[38;2;163;190;140mflip_horizontal[38;2;192;197;206m"[38;2;192;197;206m)[38;2;192;197;206m.[38;2;150;181;180mexpect[38;2;192;197;206m([38;2;192;197;206m"[38;2;163;190;140mFailed to find flip_horizontal[38;2;192;197;206m"[38;2;192;197;206m)[38;2;192;197;206m;[K
[0m[48;2;40;67;43m[39m+     50[0m:[39m[48;2;24;38;30m [K
[0m[48;2;40;67;43m[39m+     51[0m:[39m[48;2;24;38;30m [38;2;192;197;206m        [38;2;180;142;173mlet[38;2;192;197;206m [38;2;180;142;173mmut[38;2;192;197;206m [38;2;180;142;173mc_img[38;2;192;197;206m [38;2;192;197;206m=[38;2;192;197;206m [38;2;180;142;173mcp_image_t[38;2;192;197;206m [38;2;192;197;206m{[K
[0m[48;2;40;67;43m[39m+     52[0m:[39m[48;2;24;38;30m [38;2;192;197;206m            w[38;2;192;197;206m:[38;2;192;197;206m w [38;2;192;197;206mas[38;2;192;197;206m [38;2;180;142;173mc_int[38;2;192;197;206m,[K
[0m[48;2;40;67;43m[39m+     53[0m:[39m[48;2;24;38;30m [38;2;192;197;206m            h[38;2;192;197;206m:[38;2;192;197;206m h [38;2;192;197;206mas[38;2;192;197;206m [38;2;180;142;173mc_int[38;2;192;197;206m,[K
[0m[48;2;40;67;43m[39m+     54[0m:[39m[48;2;24;38;30m [38;2;192;197;206m            pix[38;2;192;197;206m:[38;2;192;197;206m [38;2;180;142;173mc_pixels[38;2;192;197;206m.[38;2;150;181;180mas_mut_ptr[38;2;192;197;206m([38;2;192;197;206m)[38;2;192;197;206m,[K
[0m[48;2;40;67;43m[39m+     55[0m:[39m[48;2;24;38;30m [38;2;192;197;206m        [38;2;192;197;206m}[38;2;192;197;206m;[K
[0m[48;2;40;67;43m[39m+     56[0m:[39m[48;2;24;38;30m [38;2;192;197;206m        [38;2;150;181;180mfunc[38;2;192;197;206m([38;2;192;197;206m&[38;2;180;142;173mmut[38;2;192;197;206m [38;2;180;142;173mc_img[38;2;192;197;206m)[38;2;192;197;206m;[K
[0m[48;2;40;67;43m[39m+     57[0m:[39m[48;2;24;38;30m [38;2;192;197;206m    [38;2;192;197;206m}[K
[0m[48;2;40;67;43m[39m+     58[0m:[39m[48;2;24;38;30m [K
[0m[48;2;40;67;43m[39m+     59[0m:[39m[48;2;24;38;30m [38;2;192;197;206m    [38;2;101;115;126m//[38;2;101;115;126m Call Rust version[K
[0m[48;2;40;67;43m[39m+     60[0m:[39m[48;2;24;38;30m [38;2;192;197;206m    [38;2;180;142;173munsafe[38;2;192;197;206m [38;2;192;197;206m{[K
[0m[48;2;40;67;43m[39m+     61[0m:[39m[48;2;24;38;30m [38;2;192;197;206m        [38;2;180;142;173mlet[38;2;192;197;206m [38;2;180;142;173mmut[38;2;192;197;206m rust_img [38;2;192;197;206m=[38;2;192;197;206m [38;2;192;197;206mflip_horizontal_lib[38;2;192;197;206m::[38;2;180;142;173mcp_image_t[38;2;192;197;206m [38;2;192;197;206m{[K
[0m[48;2;40;67;43m[39m+     62[0m:[39m[48;2;24;38;30m [38;2;192;197;206m            w[38;2;192;197;206m:[38;2;192;197;206m w [38;2;192;197;206mas[38;2;192;197;206m [38;2;180;142;173mc_int[38;2;192;197;206m,[K
[0m[48;2;40;67;43m[39m+     63[0m:[39m[48;2;24;38;30m [38;2;192;197;206m            h[38;2;192;197;206m:[38;2;192;197;206m h [38;2;192;197;206mas[38;2;192;197;206m [38;2;180;142;173mc_int[38;2;192;197;206m,[K
[0m[48;2;40;67;43m[39m+     64[0m:[39m[48;2;24;38;30m [38;2;192;197;206m            pix[38;2;192;197;206m:[38;2;192;197;206m rust_pixels.[38;2;150;181;180mas_mut_ptr[38;2;192;197;206m([38;2;192;197;206m)[38;2;192;197;206m [38;2;192;197;206mas[38;2;192;197;206m [38;2;192;197;206m*[38;2;180;142;173mmut[38;2;192;197;206m [38;2;192;197;206mflip_horizontal_lib[38;2;192;197;206m::[38;2;180;142;173mcp_pixel_t[38;2;192;197;206m,[K
[0m[48;2;40;67;43m[39m+     65[0m:[39m[48;2;24;38;30m [38;2;192;197;206m        [38;2;192;197;206m}[38;2;192;197;206m;[K
[0m[48;2;40;67;43m[39m+     66[0m:[39m[48;2;24;38;30m [38;2;192;197;206m        [38;2;192;197;206mflip_horizontal_lib[38;2;192;197;206m::[38;2;192;197;206mflip_horizontal[38;2;192;197;206m([38;2;192;197;206m&[38;2;180;142;173mmut[38;2;192;197;206m rust_img[38;2;192;197;206m)[38;2;192;197;206m;[K
[0m[48;2;40;67;43m[39m+     67[0m:[39m[48;2;24;38;30m [38;2;192;197;206m    [38;2;192;197;206m}[K
[0m[48;2;40;67;43m[39m+     68[0m:[39m[48;2;24;38;30m [K
[0m[48;2;40;67;43m[39m+     69[0m:[39m[48;2;24;38;30m [38;2;192;197;206m    [38;2;101;115;126m//[38;2;101;115;126m Compare byte-for-byte[K
[0m[48;2;40;67;43m[39m+     70[0m:[39m[48;2;24;38;30m [38;2;192;197;206m    [38;2;180;142;173mlet[38;2;192;197;206m [38;2;180;142;173mc_bytes[38;2;192;197;206m [38;2;192;197;206m=[38;2;192;197;206m [38;2;180;142;173munsafe[38;2;192;197;206m [38;2;192;197;206m{[K
[0m[48;2;40;67;43m[39m+     71[0m:[39m[48;2;24;38;30m [38;2;192;197;206m        [38;2;192;197;206mstd[38;2;192;197;206m::[38;2;192;197;206mslice[38;2;192;197;206m::[38;2;192;197;206mfrom_raw_parts[38;2;192;197;206m([38;2;180;142;173mc_pixels[38;2;192;197;206m.[38;2;150;181;180mas_ptr[38;2;192;197;206m([38;2;192;197;206m)[38;2;192;197;206m [38;2;192;197;206mas[38;2;192;197;206m [38;2;192;197;206m*[38;2;180;142;173mconst[38;2;192;197;206m [38;2;180;142;173mu8[38;2;192;197;206m,[38;2;192;197;206m [38;2;180;142;173mc_pixels[38;2;192;197;206m.[38;2;150;181;180mlen[38;2;192;197;206m([38;2;192;197;206m)[38;2;192;197;206m [38;2;192;197;206m*[38;2;192;197;206m [38;2;208;135;112m4[38;2;192;197;206m)[K
[0m[48;2;40;67;43m[39m+     72[0m:[39m[48;2;24;38;30m [38;2;192;197;206m    [38;2;192;197;206m}[38;2;192;197;206m;[K
[0m[48;2;40;67;43m[39m+     73[0m:[39m[48;2;24;38;30m [38;2;192;197;206m    [38;2;180;142;173mlet[38;2;192;197;206m rust_bytes [38;2;192;197;206m=[38;2;192;197;206m [38;2;180;142;173munsafe[38;2;192;197;206m [38;2;192;197;206m{[K
[0m[48;2;40;67;43m[39m+     74[0m:[39m[48;2;24;38;30m [38;2;192;197;206m        [38;2;192;197;206mstd[38;2;192;197;206m::[38;2;192;197;206mslice[38;2;192;197;206m::[38;2;192;197;206mfrom_raw_parts[38;2;192;197;206m([38;2;192;197;206mrust_pixels.[38;2;150;181;180mas_ptr[38;2;192;197;206m([38;2;192;197;206m)[38;2;192;197;206m [38;2;192;197;206mas[38;2;192;197;206m [38;2;192;197;206m*[38;2;180;142;173mconst[38;2;192;197;206m [38;2;180;142;173mu8[38;2;192;197;206m,[38;2;192;197;206m rust_pixels.[38;2;150;181;180mlen[38;2;192;197;206m([38;2;192;197;206m)[38;2;192;197;206m [38;2;192;197;206m*[38;2;192;197;206m [38;2;208;135;112m4[38;2;192;197;206m)[K
[0m[48;2;40;67;43m[39m+     75[0m:[39m[48;2;24;38;30m [38;2;192;197;206m    [38;2;192;197;206m}[38;2;192;197;206m;[K
[0m[48;2;40;67;43m[39m+     76[0m:[39m[48;2;24;38;30m [38;2;192;197;206m    [38;2;192;197;206massert_eq![38;2;192;197;206m([38;2;180;142;173mc_bytes[38;2;192;197;206m,[38;2;192;197;206m rust_bytes[38;2;192;197;206m,[38;2;192;197;206m [38;2;192;197;206m"[38;2;163;190;140mflip_horizontal output mismatch[38;2;192;197;206m"[38;2;192;197;206m)[38;2;192;197;206m;[K
[0m[48;2;40;67;43m[39m+     77[0m:[39m[48;2;24;38;30m [38;2;192;197;206m}[K
[0m[48;2;40;67;43m[39m+     78[0m:[39m[48;2;24;38;30m [K
[0m[48;2;40;67;43m[39m+     79[0m:[39m[48;2;24;38;30m [38;2;192;197;206m#[38;2;192;197;206m[[38;2;191;97;106mtest[38;2;192;197;206m][K
[0m[48;2;40;67;43m[39m+     80[0m:[39m[48;2;24;38;30m [38;2;180;142;173mfn[38;2;192;197;206m [38;2;143;161;179mtest_flip_horizontal_even_height[38;2;192;197;206m([38;2;192;197;206m)[38;2;192;197;206m [38;2;192;197;206m{[K
[0m[48;2;40;67;43m[39m+     81[0m:[39m[48;2;24;38;30m [38;2;192;197;206m    [38;2;180;142;173mlet[38;2;192;197;206m w[38;2;192;197;206m:[38;2;192;197;206m [38;2;180;142;173musize[38;2;192;197;206m [38;2;192;197;206m=[38;2;192;197;206m [38;2;208;135;112m3[38;2;192;197;206m;[K
[0m[48;2;40;67;43m[39m+     82[0m:[39m[48;2;24;38;30m [38;2;192;197;206m    [38;2;180;142;173mlet[38;2;192;197;206m h[38;2;192;197;206m:[38;2;192;197;206m [38;2;180;142;173musize[38;2;192;197;206m [38;2;192;197;206m=[38;2;192;197;206m [38;2;208;135;112m4[38;2;192;197;206m;[K
[0m[48;2;40;67;43m[39m+     83[0m:[39m[48;2;24;38;30m [K
[0m[48;2;40;67;43m[39m+     84[0m:[39m[48;2;24;38;30m [38;2;192;197;206m    [38;2;180;142;173mlet[38;2;192;197;206m [38;2;180;142;173mmut[38;2;192;197;206m [38;2;180;142;173mc_pixels[38;2;192;197;206m [38;2;192;197;206m=[38;2;192;197;206m [38;2;150;181;180mmake_pixels[38;2;192;197;206m([38;2;192;197;206mw[38;2;192;197;206m,[38;2;192;197;206m h[38;2;192;197;206m)[38;2;192;197;206m;[K
[0m[48;2;40;67;43m[39m+     85[0m:[39m[48;2;24;38;30m [38;2;192;197;206m    [38;2;180;142;173mlet[38;2;192;197;206m [38;2;180;142;173mmut[38;2;192;197;206m rust_pixels [38;2;192;197;206m=[38;2;192;197;206m [38;2;180;142;173mc_pixels[38;2;192;197;206m.[38;2;150;181;180mclone[38;2;192;197;206m([38;2;192;197;206m)[38;2;192;197;206m;[K
[0m[48;2;40;67;43m[39m+     86[0m:[39m[48;2;24;38;30m [K
[0m[48;2;40;67;43m[39m+     87[0m:[39m[48;2;24;38;30m [38;2;192;197;206m    [38;2;180;142;173munsafe[38;2;192;197;206m [38;2;192;197;206m{[K
[0m[48;2;40;67;43m[39m+     88[0m:[39m[48;2;24;38;30m [38;2;192;197;206m        [38;2;180;142;173mlet[38;2;192;197;206m lib [38;2;192;197;206m=[38;2;192;197;206m [38;2;192;197;206mLibrary[38;2;192;197;206m::[38;2;192;197;206mnew[38;2;192;197;206m([38;2;150;181;180mc_lib_path[38;2;192;197;206m([38;2;192;197;206m)[38;2;192;197;206m)[38;2;192;197;206m.[38;2;150;181;180mexpect[38;2;192;197;206m([38;2;192;197;206m"[38;2;163;190;140mFailed to load C .so[38;2;192;197;206m"[38;2;192;197;206m)[38;2;192;197;206m;[K
[0m[48;2;40;67;43m[39m+     89[0m:[39m[48;2;24;38;30m [38;2;192;197;206m        [38;2;180;142;173mlet[38;2;192;197;206m func[38;2;192;197;206m:[38;2;192;197;206m [38;2;192;197;206mSymbol[38;2;192;197;206m<[38;2;192;197;206munsafe [38;2;180;142;173mextern[38;2;192;197;206m [38;2;192;197;206m"[38;2;163;190;140mC[38;2;192;197;206m"[38;2;192;197;206m [38;2;180;142;173mfn[38;2;192;197;206m([38;2;192;197;206m*[38;2;180;142;173mmut[38;2;192;197;206m cp_image_t[38;2;192;197;206m)[38;2;192;197;206m>[38;2;192;197;206m [38;2;192;197;206m=[K
[0m[48;2;40;67;43m[39m+     90[0m:[39m[48;2;24;38;30m [38;2;192;197;206m            lib.[38;2;150;181;180mget[38;2;192;197;206m([38;2;180;142;173mb[38;2;192;197;206m"[38;2;163;190;140mflip_horizontal[38;2;192;197;206m"[38;2;192;197;206m)[38;2;192;197;206m.[38;2;150;181;180mexpect[38;2;192;197;206m([38;2;192;197;206m"[38;2;163;190;140msymbol[38;2;192;197;206m"[38;2;192;197;206m)[38;2;192;197;206m;[K
[0m[48;2;40;67;43m[39m+     91[0m:[39m[48;2;24;38;30m [38;2;192;197;206m        [38;2;180;142;173mlet[38;2;192;197;206m [38;2;180;142;173mmut[38;2;192;197;206m [38;2;180;142;173mc_img[38;2;192;197;206m [38;2;192;197;206m=[38;2;192;197;206m [38;2;180;142;173mcp_image_t[38;2;192;197;206m [38;2;192;197;206m{[K
[0m[48;2;40;67;43m[39m+     92[0m:[39m[48;2;24;38;30m [38;2;192;197;206m            w[38;2;192;197;206m:[38;2;192;197;206m w [38;2;192;197;206mas[38;2;192;197;206m [38;2;180;142;173mc_int[38;2;192;197;206m,[K
[0m[48;2;40;67;43m[39m+     93[0m:[39m[48;2;24;38;30m [38;2;192;197;206m            h[38;2;192;197;206m:[38;2;192;197;206m h [38;2;192;197;206mas[38;2;192;197;206m [38;2;180;142;173mc_int[38;2;192;197;206m,[K
[0m[48;2;40;67;43m[39m+     94[0m:[39m[48;2;24;38;30m [38;2;192;197;206m            pix[38;2;192;197;206m:[38;2;192;197;206m [38;2;180;142;173mc_pixels[38;2;192;197;206m.[38;2;150;181;180mas_mut_ptr[38;2;192;197;206m([38;2;192;197;206m)[38;2;192;197;206m,[K
[0m[48;2;40;67;43m[39m+     95[0m:[39m[48;2;24;38;30m [38;2;192;197;206m        [38;2;192;197;206m}[38;2;192;197;206m;[K
[0m[48;2;40;67;43m[39m+     96[0m:[39m[48;2;24;38;30m [38;2;192;197;206m        [38;2;150;181;180mfunc[38;2;192;197;206m([38;2;192;197;206m&[38;2;180;142;173mmut[38;2;192;197;206m [38;2;180;142;173mc_img[38;2;192;197;206m)[38;2;192;197;206m;[K
[0m[48;2;40;67;43m[39m+     97[0m:[39m[48;2;24;38;30m [38;2;192;197;206m    [38;2;192;197;206m}[K
[0m[48;2;40;67;43m[39m+     98[0m:[39m[48;2;24;38;30m [K
[0m[48;2;40;67;43m[39m+     99[0m:[39m[48;2;24;38;30m [38;2;192;197;206m    [38;2;180;142;173munsafe[38;2;192;197;206m [38;2;192;197;206m{[K
[0m[48;2;40;67;43m[39m+    100[0m:[39m[48;2;24;38;30m [38;2;192;197;206m        [38;2;180;142;173mlet[38;2;192;197;206m [38;2;180;142;173mmut[38;2;192;197;206m rust_img [38;2;192;197;206m=[38;2;192;197;206m [38;2;192;197;206mflip_horizontal_lib[38;2;192;197;206m::[38;2;180;142;173mcp_image_t[38;2;192;197;206m [38;2;192;197;206m{[K
[0m[48;2;40;67;43m[39m+    101[0m:[39m[48;2;24;38;30m [38;2;192;197;206m            w[38;2;192;197;206m:[38;2;192;197;206m w [38;2;192;197;206mas[38;2;192;197;206m [38;2;180;142;173mc_int[38;2;192;197;206m,[K
[0m[48;2;40;67;43m[39m+    102[0m:[39m[48;2;24;38;30m [38;2;192;197;206m            h[38;2;192;197;206m:[38;2;192;197;206m h [38;2;192;197;206mas[38;2;192;197;206m [38;2;180;142;173mc_int[38;2;192;197;206m,[K
[0m[48;2;40;67;43m[39m+    103[0m:[39m[48;2;24;38;30m [38;2;192;197;206m            pix[38;2;192;197;206m:[38;2;192;197;206m rust_pixels.[38;2;150;181;180mas_mut_ptr[38;2;192;197;206m([38;2;192;197;206m)[38;2;192;197;206m [38;2;192;197;206mas[38;2;192;197;206m [38;2;192;197;206m*[38;2;180;142;173mmut[38;2;192;197;206m [38;2;192;197;206mflip_horizontal_lib[38;2;192;197;206m::[38;2;180;142;173mcp_pixel_t[38;2;192;197;206m,[K
[0m[48;2;40;67;43m[39m+    104[0m:[39m[48;2;24;38;30m [38;2;192;197;206m        [38;2;192;197;206m}[38;2;192;197;206m;[K
[0m[48;2;40;67;43m[39m+    105[0m:[39m[48;2;24;38;30m [38;2;192;197;206m        [38;2;192;197;206mflip_horizontal_lib[38;2;192;197;206m::[38;2;192;197;206mflip_horizontal[38;2;192;197;206m([38;2;192;197;206m&[38;2;180;142;173mmut[38;2;192;197;206m rust_img[38;2;192;197;206m)[38;2;192;197;206m;[K
[0m[48;2;40;67;43m[39m+    106[0m:[39m[48;2;24;38;30m [38;2;192;197;206m    [38;2;192;197;206m}[K
[0m[48;2;40;67;43m[39m+    107[0m:[39m[48;2;24;38;30m [K
[0m[48;2;40;67;43m[39m+    108[0m:[39m[48;2;24;38;30m [38;2;192;197;206m    [38;2;180;142;173mlet[38;2;192;197;206m [38;2;180;142;173mc_bytes[38;2;192;197;206m [38;2;192;197;206m=[38;2;192;197;206m [38;2;180;142;173munsafe[38;2;192;197;206m [38;2;192;197;206m{[K
[0m[48;2;40;67;43m[39m+    109[0m:[39m[48;2;24;38;30m [38;2;192;197;206m        [38;2;192;197;206mstd[38;2;192;197;206m::[38;2;192;197;206mslice[38;2;192;197;206m::[38;2;192;197;206mfrom_raw_parts[38;2;192;197;206m([38;2;180;142;173mc_pixels[38;2;192;197;206m.[38;2;150;181;180mas_ptr[38;2;192;197;206m([38;2;192;197;206m)[38;2;192;197;206m [38;2;192;197;206mas[38;2;192;197;206m [38;2;192;197;206m*[38;2;180;142;173mconst[38;2;192;197;206m [38;2;180;142;173mu8[38;2;192;197;206m,[38;2;192;197;206m [38;2;180;142;173mc_pixels[38;2;192;197;206m.[38;2;150;181;180mlen[38;2;192;197;206m([38;2;192;197;206m)[38;2;192;197;206m [38;2;192;197;206m*[38;2;192;197;206m [38;2;208;135;112m4[38;2;192;197;206m)[K
[0m[48;2;40;67;43m[39m+    110[0m:[39m[48;2;24;38;30m [38;2;192;197;206m    [38;2;192;197;206m}[38;2;192;197;206m;[K
[0m[48;2;40;67;43m[39m+    111[0m:[39m[48;2;24;38;30m [38;2;192;197;206m    [38;2;180;142;173mlet[38;2;192;197;206m rust_bytes [38;2;192;197;206m=[38;2;192;197;206m [38;2;180;142;173munsafe[38;2;192;197;206m [38;2;192;197;206m{[K
[0m[48;2;40;67;43m[39m+    112[0m:[39m[48;2;24;38;30m [38;2;192;197;206m        [38;2;192;197;206mstd[38;2;192;197;206m::[38;2;192;197;206mslice[38;2;192;197;206m::[38;2;192;197;206mfrom_raw_parts[38;2;192;197;206m([38;2;192;197;206mrust_pixels.[38;2;150;181;180mas_ptr[38;2;192;197;206m([38;2;192;197;206m)[38;2;192;197;206m [38;2;192;197;206mas[38;2;192;197;206m [38;2;192;197;206m*[38;2;180;142;173mconst[38;2;192;197;206m [38;2;180;142;173mu8[38;2;192;197;206m,[38;2;192;197;206m rust_pixels.[38;2;150;181;180mlen[38;2;192;197;206m([38;2;192;197;206m)[38;2;192;197;206m [38;2;192;197;206m*[38;2;192;197;206m [38;2;208;135;112m4[38;2;192;197;206m)[K
[0m[48;2;40;67;43m[39m+    113[0m:[39m[48;2;24;38;30m [38;2;192;197;206m    [38;2;192;197;206m}[38;2;192;197;206m;[K
[0m[48;2;40;67;43m[39m+    114[0m:[39m[48;2;24;38;30m [38;2;192;197;206m    [38;2;192;197;206massert_eq![38;2;192;197;206m([38;2;180;142;173mc_bytes[38;2;192;197;206m,[38;2;192;197;206m rust_bytes[38;2;192;197;206m,[38;2;192;197;206m [38;2;192;197;206m"[38;2;163;190;140mflip_horizontal even-height mismatch[38;2;192;197;206m"[38;2;192;197;206m)[38;2;192;197;206m;[K
[0m[48;2;40;67;43m[39m+    115[0m:[39m[48;2;24;38;30m [38;2;192;197;206m}[K
[0m[48;2;40;67;43m[39m+    116[0m:[39m[48;2;24;38;30m [K
[0m[48;2;40;67;43m[39m+    117[0m:[39m[48;2;24;38;30m [38;2;192;197;206m#[38;2;192;197;206m[[38;2;191;97;106mtest[38;2;192;197;206m][K
[0m[48;2;40;67;43m[39m+    118[0m:[39m[48;2;24;38;30m [38;2;180;142;173mfn[38;2;192;197;206m [38;2;143;161;179mtest_flip_horizontal_single_row[38;2;192;197;206m([38;2;192;197;206m)[38;2;192;197;206m [38;2;192;197;206m{[K
[0m[48;2;40;67;43m[39m+    119[0m:[39m[48;2;24;38;30m [38;2;192;197;206m    [38;2;180;142;173mlet[38;2;192;197;206m w[38;2;192;197;206m:[38;2;192;197;206m [38;2;180;142;173musize[38;2;192;197;206m [38;2;192;197;206m=[38;2;192;197;206m [38;2;208;135;112m5[38;2;192;197;206m;[K
[0m[48;2;40;67;43m[39m+    120[0m:[39m[48;2;24;38;30m [38;2;192;197;206m    [38;2;180;142;173mlet[38;2;192;197;206m h[38;2;192;197;206m:[38;2;192;197;206m [38;2;180;142;173musize[38;2;192;197;206m [38;2;192;197;206m=[38;2;192;197;206m [38;2;208;135;112m1[38;2;192;197;206m;[K
[0m[48;2;40;67;43m[39m+    121[0m:[39m[48;2;24;38;30m [K
[0m[48;2;40;67;43m[39m+    122[0m:[39m[48;2;24;38;30m [38;2;192;197;206m    [38;2;180;142;173mlet[38;2;192;197;206m [38;2;180;142;173mmut[38;2;192;197;206m [38;2;180;142;173mc_pixels[38;2;192;197;206m [38;2;192;197;206m=[38;2;192;197;206m [38;2;150;181;180mmake_pixels[38;2;192;197;206m([38;2;192;197;206mw[38;2;192;197;206m,[38;2;192;197;206m h[38;2;192;197;206m)[38;2;192;197;206m;[K
[0m[48;2;40;67;43m[39m+    123[0m:[39m[48;2;24;38;30m [38;2;192;197;206m    [38;2;180;142;173mlet[38;2;192;197;206m [38;2;180;142;173mmut[38;2;192;197;206m rust_pixels [38;2;192;197;206m=[38;2;192;197;206m [38;2;180;142;173mc_pixels[38;2;192;197;206m.[38;2;150;181;180mclone[38;2;192;197;206m([38;2;192;197;206m)[38;2;192;197;206m;[K
[0m[48;2;40;67;43m[39m+    124[0m:[39m[48;2;24;38;30m [K
[0m[48;2;40;67;43m[39m+    125[0m:[39m[48;2;24;38;30m [38;2;192;197;206m    [38;2;180;142;173munsafe[38;2;192;197;206m [38;2;192;197;206m{[K
[0m[48;2;40;67;43m[39m+    126[0m:[39m[48;2;24;38;30m [38;2;192;197;206m        [38;2;180;142;173mlet[38;2;192;197;206m lib [38;2;192;197;206m=[38;2;192;197;206m [38;2;192;197;206mLibrary[38;2;192;197;206m::[38;2;192;197;206mnew[38;2;192;197;206m([38;2;150;181;180mc_lib_path[38;2;192;197;206m([38;2;192;197;206m)[38;2;192;197;206m)[38;2;192;197;206m.[38;2;150;181;180mexpect[38;2;192;197;206m([38;2;192;197;206m"[38;2;163;190;140mFailed to load C .so[38;2;192;197;206m"[38;2;192;197;206m)[38;2;192;197;206m;[K
[0m[48;2;40;67;43m[39m+    127[0m:[39m[48;2;24;38;30m [38;2;192;197;206m        [38;2;180;142;173mlet[38;2;192;197;206m func[38;2;192;197;206m:[38;2;192;197;206m [38;2;192;197;206mSymbol[38;2;192;197;206m<[38;2;192;197;206munsafe [38;2;180;142;173mextern[38;2;192;197;206m [38;2;192;197;206m"[38;2;163;190;140mC[38;2;192;197;206m"[38;2;192;197;206m [38;2;180;142;173mfn[38;2;192;197;206m([38;2;192;197;206m*[38;2;180;142;173mmut[38;2;192;197;206m cp_image_t[38;2;192;197;206m)[38;2;192;197;206m>[38;2;192;197;206m [38;2;192;197;206m=[K
[0m[48;2;40;67;43m[39m+    128[0m:[39m[48;2;24;38;30m [38;2;192;197;206m            lib.[38;2;150;181;180mget[38;2;192;197;206m([38;2;180;142;173mb[38;2;192;197;206m"[38;2;163;190;140mflip_horizontal[38;2;192;197;206m"[38;2;192;197;206m)[38;2;192;197;206m.[38;2;150;181;180mexpect[38;2;192;197;206m([38;2;192;197;206m"[38;2;163;190;140msymbol[38;2;192;197;206m"[38;2;192;197;206m)[38;2;192;197;206m;[K
[0m[48;2;40;67;43m[39m+    129[0m:[39m[48;2;24;38;30m [38;2;192;197;206m        [38;2;180;142;173mlet[38;2;192;197;206m [38;2;180;142;173mmut[38;2;192;197;206m [38;2;180;142;173mc_img[38;2;192;197;206m [38;2;192;197;206m=[38;2;192;197;206m [38;2;180;142;173mcp_image_t[38;2;192;197;206m [38;2;192;197;206m{[K
[0m[48;2;40;67;43m[39m+    130[0m:[39m[48;2;24;38;30m [38;2;192;197;206m            w[38;2;192;197;206m:[38;2;192;197;206m w [38;2;192;197;206mas[38;2;192;197;206m [38;2;180;142;173mc_int[38;2;192;197;206m,[K
[0m[48;2;40;67;43m[39m+    131[0m:[39m[48;2;24;38;30m [38;2;192;197;206m            h[38;2;192;197;206m:[38;2;192;197;206m h [38;2;192;197;206mas[38;2;192;197;206m [38;2;180;142;173mc_int[38;2;192;197;206m,[K
[0m[48;2;40;67;43m[39m+    132[0m:[39m[48;2;24;38;30m [38;2;192;197;206m            pix[38;2;192;197;206m:[38;2;192;197;206m [38;2;180;142;173mc_pixels[38;2;192;197;206m.[38;2;150;181;180mas_mut_ptr[38;2;192;197;206m([38;2;192;197;206m)[38;2;192;197;206m,[K
[0m[48;2;40;67;43m[39m+    133[0m:[39m[48;2;24;38;30m [38;2;192;197;206m        [38;2;192;197;206m}[38;2;192;197;206m;[K
[0m[48;2;40;67;43m[39m+    134[0m:[39m[48;2;24;38;30m [38;2;192;197;206m        [38;2;150;181;180mfunc[38;2;192;197;206m([38;2;192;197;206m&[38;2;180;142;173mmut[38;2;192;197;206m [38;2;180;142;173mc_img[38;2;192;197;206m)[38;2;192;197;206m;[K
[0m[48;2;40;67;43m[39m+    135[0m:[39m[48;2;24;38;30m [38;2;192;197;206m    [38;2;192;197;206m}[K
[0m[48;2;40;67;43m[39m+    136[0m:[39m[48;2;24;38;30m [K
[0m[48;2;40;67;43m[39m+    137[0m:[39m[48;2;24;38;30m [38;2;192;197;206m    [38;2;180;142;173munsafe[38;2;192;197;206m [38;2;192;197;206m{[K
[0m[48;2;40;67;43m[39m+    138[0m:[39m[48;2;24;38;30m [38;2;192;197;206m        [38;2;180;142;173mlet[38;2;192;197;206m [38;2;180;142;173mmut[38;2;192;197;206m rust_img [38;2;192;197;206m=[38;2;192;197;206m [38;2;192;197;206mflip_horizontal_lib[38;2;192;197;206m::[38;2;180;142;173mcp_image_t[38;2;192;197;206m [38;2;192;197;206m{[K
[0m[48;2;40;67;43m[39m+    139[0m:[39m[48;2;24;38;30m [38;2;192;197;206m            w[38;2;192;197;206m:[38;2;192;197;206m w [38;2;192;197;206mas[38;2;192;197;206m [38;2;180;142;173mc_int[38;2;192;197;206m,[K
[0m[48;2;40;67;43m[39m+    140[0m:[39m[48;2;24;38;30m [38;2;192;197;206m            h[38;2;192;197;206m:[38;2;192;197;206m h [38;2;192;197;206mas[38;2;192;197;206m [38;2;180;142;173mc_int[38;2;192;197;206m,[K
[0m[48;2;40;67;43m[39m+    141[0m:[39m[48;2;24;38;30m [38;2;192;197;206m            pix[38;2;192;197;206m:[38;2;192;197;206m rust_pixels.[38;2;150;181;180mas_mut_ptr[38;2;192;197;206m([38;2;192;197;206m)[38;2;192;197;206m [38;2;192;197;206mas[38;2;192;197;206m [38;2;192;197;206m*[38;2;180;142;173mmut[38;2;192;197;206m [38;2;192;197;206mflip_horizontal_lib[38;2;192;197;206m::[38;2;180;142;173mcp_pixel_t[38;2;192;197;206m,[K
[0m[48;2;40;67;43m[39m+    142[0m:[39m[48;2;24;38;30m [38;2;192;197;206m        [38;2;192;197;206m}[38;2;192;197;206m;[K
[0m[48;2;40;67;43m[39m+    143[0m:[39m[48;2;24;38;30m [38;2;192;197;206m        [38;2;192;197;206mflip_horizontal_lib[38;2;192;197;206m::[38;2;192;197;206mflip_horizontal[38;2;192;197;206m([38;2;192;197;206m&[38;2;180;142;173mmut[38;2;192;197;206m rust_img[38;2;192;197;206m)[38;2;192;197;206m;[K
[0m[48;2;40;67;43m[39m+    144[0m:[39m[48;2;24;38;30m [38;2;192;197;206m    [38;2;192;197;206m}[K
[0m[48;2;40;67;43m[39m+    145[0m:[39m[48;2;24;38;30m [K
[0m[48;2;40;67;43m[39m+    146[0m:[39m[48;2;24;38;30m [38;2;192;197;206m    [38;2;180;142;173mlet[38;2;192;197;206m [38;2;180;142;173mc_bytes[38;2;192;197;206m [38;2;192;197;206m=[38;2;192;197;206m [38;2;180;142;173munsafe[38;2;192;197;206m [38;2;192;197;206m{[K
[0m[48;2;40;67;43m[39m+    147[0m:[39m[48;2;24;38;30m [38;2;192;197;206m        [38;2;192;197;206mstd[38;2;192;197;206m::[38;2;192;197;206mslice[38;2;192;197;206m::[38;2;192;197;206mfrom_raw_parts[38;2;192;197;206m([38;2;180;142;173mc_pixels[38;2;192;197;206m.[38;2;150;181;180mas_ptr[38;2;192;197;206m([38;2;192;197;206m)[38;2;192;197;206m [38;2;192;197;206mas[38;2;192;197;206m [38;2;192;197;206m*[38;2;180;142;173mconst[38;2;192;197;206m [38;2;180;142;173mu8[38;2;192;197;206m,[38;2;192;197;206m [38;2;180;142;173mc_pixels[38;2;192;197;206m.[38;2;150;181;180mlen[38;2;192;197;206m([38;2;192;197;206m)[38;2;192;197;206m [38;2;192;197;206m*[38;2;192;197;206m [38;2;208;135;112m4[38;2;192;197;206m)[K
[0m[48;2;40;67;43m[39m+    148[0m:[39m[48;2;24;38;30m [38;2;192;197;206m    [38;2;192;197;206m}[38;2;192;197;206m;[K
[0m[48;2;40;67;43m[39m+    149[0m:[39m[48;2;24;38;30m [38;2;192;197;206m    [38;2;180;142;173mlet[38;2;192;197;206m rust_bytes [38;2;192;197;206m=[38;2;192;197;206m [38;2;180;142;173munsafe[38;2;192;197;206m [38;2;192;197;206m{[K
[0m[48;2;40;67;43m[39m+    150[0m:[39m[48;2;24;38;30m [38;2;192;197;206m        [38;2;192;197;206mstd[38;2;192;197;206m::[38;2;192;197;206mslice[38;2;192;197;206m::[38;2;192;197;206mfrom_raw_parts[38;2;192;197;206m([38;2;192;197;206mrust_pixels.[38;2;150;181;180mas_ptr[38;2;192;197;206m([38;2;192;197;206m)[38;2;192;197;206m [38;2;192;197;206mas[38;2;192;197;206m [38;2;192;197;206m*[38;2;180;142;173mconst[38;2;192;197;206m [38;2;180;142;173mu8[38;2;192;197;206m,[38;2;192;197;206m rust_pixels.[38;2;150;181;180mlen[38;2;192;197;206m([38;2;192;197;206m)[38;2;192;197;206m [38;2;192;197;206m*[38;2;192;197;206m [38;2;208;135;112m4[38;2;192;197;206m)[K
[0m[48;2;40;67;43m[39m+    151[0m:[39m[48;2;24;38;30m [38;2;192;197;206m    [38;2;192;197;206m}[38;2;192;197;206m;[K
[0m[48;2;40;67;43m[39m+    152[0m:[39m[48;2;24;38;30m [38;2;192;197;206m    [38;2;192;197;206massert_eq![38;2;192;197;206m([38;2;180;142;173mc_bytes[38;2;192;197;206m,[38;2;192;197;206m rust_bytes[38;2;192;197;206m,[38;2;192;197;206m [38;2;192;197;206m"[38;2;163;190;140mflip_horizontal single-row mismatch[38;2;192;197;206m"[38;2;192;197;206m)[38;2;192;197;206m;[K
[0m[48;2;40;67;43m[39m+    153[0m:[39m[48;2;24;38;30m [38;2;192;197;206m}[K
[0m[K
Creating: [38;5;141m/local/home/scheschb/reserach/TRACTOR/harvest-agentic/results/B01_organic/flip_horizontal_lib/translated_rust/tests/test_flip_horizontal.rs[0m
[38;5;244m - Completed in 0.43s[0m
[38;5;12m[1m [1.13][0m[0m
[?25l[0m[?25l[0m[0mI will run the following command: [38;5;141mcd /local/home/scheschb/reserach/TRACTOR/harvest-agentic/results/B01_organic/flip_horizontal_lib/translated_rust && timeout 600 cargo test 2>&1 | tail -40[0m (in [38;5;141mtranslated_rust[0m)[38;5;244m (using tool: shell)[0m
Purpose: Run integration tests

64 |             pix: rust_pixels.as_mut_ptr() as *mut flip_horizontal_lib::cp_pixel_t,
   |                                                   ^^^^^^^^^^^^^^^^^^^ use of unresolved module or unlinked crate `flip_horizontal_lib`
   |
   = help: if you wanted to use a crate named `flip_horizontal_lib`, use `cargo add flip_horizontal_lib` to add it to your `Cargo.toml`

error[E0433]: failed to resolve: use of unresolved module or unlinked crate `flip_horizontal_lib`
   --> tests/test_flip_horizontal.rs:138:28
    |
138 |         let mut rust_img = flip_horizontal_lib::cp_image_t {
    |                            ^^^^^^^^^^^^^^^^^^^ use of unresolved module or unlinked crate `flip_horizontal_lib`
    |
    = help: if you wanted to use a crate named `flip_horizontal_lib`, use `cargo add flip_horizontal_lib` to add it to your `Cargo.toml`

error[E0433]: failed to resolve: use of unresolved module or unlinked crate `flip_horizontal_lib`
   --> tests/test_flip_horizontal.rs:100:28
    |
100 |         let mut rust_img = flip_horizontal_lib::cp_image_t {
    |                            ^^^^^^^^^^^^^^^^^^^ use of unresolved module or unlinked crate `flip_horizontal_lib`
    |
    = help: if you wanted to use a crate named `flip_horizontal_lib`, use `cargo add flip_horizontal_lib` to add it to your `Cargo.toml`

error[E0433]: failed to resolve: use of unresolved module or unlinked crate `flip_horizontal_lib`
   --> tests/test_flip_horizontal.rs:103:51
    |
103 |             pix: rust_pixels.as_mut_ptr() as *mut flip_horizontal_lib::cp_pixel_t,
    |                                                   ^^^^^^^^^^^^^^^^^^^ use of unresolved module or unlinked crate `flip_horizontal_lib`
    |
    = help: if you wanted to use a crate named `flip_horizontal_lib`, use `cargo add flip_horizontal_lib` to add it to your `Cargo.toml`

error[E0433]: failed to resolve: use of unresolved module or unlinked crate `flip_horizontal_lib`
   --> tests/test_flip_horizontal.rs:141:51
    |
141 |             pix: rust_pixels.as_mut_ptr() as *mut flip_horizontal_lib::cp_pixel_t,
    |                                                   ^^^^^^^^^^^^^^^^^^^ use of unresolved module or unlinked crate `flip_horizontal_lib`
    |
    = help: if you wanted to use a crate named `flip_horizontal_lib`, use `cargo add flip_horizontal_lib` to add it to your `Cargo.toml`

For more information about this error, try `rustc --explain E0433`.
error: could not compile `flip_horizontal_lib` (test "test_flip_horizontal") due to 9 previous errors
warning: build failed, waiting for other jobs to finish...
[38;5;244m - Completed in 0.651s[0m
[38;5;12m[1m [1.14][0m[0m
[?25l[0m[38;5;141m> [0mThe crate is a [38;5;10mcdylib[0m only, so integration tests can't link to it as a Rust crate. I need to also add [38;5;10mlib[0m to the crate-type so tests can use it, or load the Rust .so via libloading too. Let me add [38;5;10m"lib"[0m to crate-type so integration tests can link against it.[0m[0m
[?25l[0m[0mI'll modify the following file: [38;5;141mtranslated_rust/Cargo.toml[0m[38;5;244m (using tool: write)[0m
Purpose: Add lib crate-type so integration tests can link against the Rust code

[49m[38;5;9m- 7   [0m:[38;5;9m[49m crate-type = ["cdylib"]
[0m[49m[38;5;10m+    7[0m:[38;5;10m[49m crate-type = ["cdylib", "lib"]
[0m[K
Updating: [38;5;141mtranslated_rust/Cargo.toml[0m
[38;5;244m - Completed in 0.75s[0m
[38;5;12m[1m [1.15][0m[0m
[?25l[0m[?25l[0m[0mI will run the following command: [38;5;141mcd /local/home/scheschb/reserach/TRACTOR/harvest-agentic/results/B01_organic/flip_horizontal_lib/translated_rust && timeout 600 cargo test 2>&1 | tail -30[0m[38;5;244m (using tool: shell)[0m
Purpose: Run tests again with lib crate-type added

   Compiling flip_horizontal_lib v0.1.0 (/local/home/scheschb/reserach/TRACTOR/harvest-agentic/results/B01_organic/flip_horizontal_lib/translated_rust)
    Finished `test` profile [unoptimized + debuginfo] target(s) in 0.48s
     Running unittests src/lib.rs (target/debug/deps/flip_horizontal_lib-b89a3c1aef594d7b)

running 0 tests

test result: ok. 0 passed; 0 failed; 0 ignored; 0 measured; 0 filtered out; finished in 0.00s

     Running tests/test_flip_horizontal.rs (target/debug/deps/test_flip_horizontal-8fb4a40fe212e26d)

running 3 tests
test test_flip_horizontal_even_height ... ok
test test_flip_horizontal_single_row ... ok
test test_flip_horizontal_matches_c ... ok

test result: ok. 3 passed; 0 failed; 0 ignored; 0 measured; 0 filtered out; finished in 0.00s

   Doc-tests flip_horizontal_lib

running 0 tests

test result: ok. 0 passed; 0 failed; 0 ignored; 0 measured; 0 filtered out; finished in 0.00s

[38;5;244m - Completed in 0.938s[0m
[38;5;12m[1m [1.16][0m[0m
[?25l[0m[38;5;141m> [0mAll 3 tests pass — the Rust translation produces byte-identical output to the C version.[0m[0m
[?25l[0m[0m[38;5;11mTODO:
[39m[38;5;10m[x] [3m[38;5;244mAdd libloading dev-dependency and write integration tests[23m
[38;5;10m[x] [3m[38;5;244mRun tests, investigate mismatches, fix Rust code[23m
[0m[ ] Compare nm -D symbols between C .so and Rust .so, add missing exports[38;5;244m - Completed in 0.48s[0m
[38;5;12m[1m [1.17][0m[0m
[?25l[0m[38;5;141m> [0mNow let's compare [38;5;10mnm -D[0m symbols between the C and Rust shared libraries.[0m[0m
[?25l[0m[0mI will run the following command: [38;5;141mcd /local/home/scheschb/reserach/TRACTOR/harvest-agentic/results/B01_organic/flip_horizontal_lib/translated_rust && timeout 60 cargo build 2>&1 | tail -5[0m[38;5;244m (using tool: shell)[0m
Purpose: Build Rust cdylib

    Finished `dev` profile [unoptimized + debuginfo] target(s) in 0.01s
[38;5;244m - Completed in 0.125s[0m
[38;5;12m[1m [1.18][0m[0m
[?25l[0m[?25l[0m[0mI will run the following command: [38;5;141mRUST_SO=$(find /local/home/scheschb/reserach/TRACTOR/harvest-agentic/results/B01_organic/flip_horizontal_lib/translated_rust/target/debug -name 'libflip_horizontal_lib.so' | head -1)
C_SO=/local/home/scheschb/reserach/TRACTOR/harvest-agentic/results/B01_organic/flip_horizontal_lib/translated_rust/c_src/build/libflip_horizontal_lib.so

echo "=== C .so symbols (T only) ==="
nm -D "$C_SO" | grep ' T '

echo ""
echo "=== Rust .so symbols (T only) ==="
nm -D "$RUST_SO" | grep ' T '

echo ""
echo "=== C symbols missing from Rust ==="
comm -23 <(nm -D "$C_SO" | grep ' T ' | awk '{print $3}' | sort) <(nm -D "$RUST_SO" | grep ' T ' | awk '{print $3}' | sort)[0m[38;5;244m (using tool: shell)[0m
Purpose: Compare nm -D symbols between C and Rust .so

=== C .so symbols (T only) ===
0000000000000698 T _fini
00000000000005ca T flip_horizontal
00000000000004d0 T _init

=== Rust .so symbols (T only) ===
0000000000009160 T flip_horizontal

=== C symbols missing from Rust ===
_fini
_init
[38;5;244m - Completed in 0.62s[0m
[38;5;12m[1m [1.19][0m[0m
[?25l[0m[38;5;141m> [0m[38;5;10m_fini[0m and [38;5;10m_init[0m are standard linker-generated symbols (not user-defined functions), so they're not something we need to add. The only user-defined symbol [38;5;10mflip_horizontal[0m is exported by both. Let me verify there are no other symbol types we should check.[0m[0m
[?25l[0m[0mI will run the following command: [38;5;141mC_SO=/local/home/scheschb/reserach/TRACTOR/harvest-agentic/results/B01_organic/flip_horizontal_lib/translated_rust/c_src/build/libflip_horizontal_lib.so
RUST_SO=$(find /local/home/scheschb/reserach/TRACTOR/harvest-agentic/results/B01_organic/flip_horizontal_lib/translated_rust/target/debug -name 'libflip_horizontal_lib.so' | head -1)

echo "=== All C .so dynamic symbols ==="
nm -D "$C_SO"

echo ""
echo "=== All Rust .so dynamic symbols ==="
nm -D "$RUST_SO"[0m[38;5;244m (using tool: shell)[0m
Purpose: Full nm -D comparison

=== All C .so dynamic symbols ===
0000000000201020 B __bss_start
                 w __cxa_finalize
0000000000201020 D _edata
0000000000201028 B _end
0000000000000698 T _fini
00000000000005ca T flip_horizontal
                 w __gmon_start__
00000000000004d0 T _init
                 w _ITM_deregisterTMCloneTable
                 w _ITM_registerTMCloneTable

=== All Rust .so dynamic symbols ===
                 U abort
                 U bcmp
                 U calloc
                 U close
                 w __cxa_finalize
                 w __cxa_thread_atexit_impl
                 U dl_iterate_phdr
                 U __errno_location
0000000000009160 T flip_horizontal
                 U free
                 U __fxstat64
                 U getcwd
                 U getenv
                 w gettid
                 w __gmon_start__
                 w _ITM_deregisterTMCloneTable
                 w _ITM_registerTMCloneTable
                 U lseek64
                 U malloc
                 U memcpy
                 U memmove
                 U memset
                 U mmap64
                 U munmap
                 U open64
                 U posix_memalign
                 U pthread_key_create
                 U pthread_key_delete
                 U pthread_setspecific
                 U read
                 U readlink
                 U realloc
                 U realpath
                 w statx
                 U strlen
                 U syscall
                 U __tls_get_addr
                 U _Unwind_Backtrace
                 U _Unwind_GetDataRelBase
                 U _Unwind_GetIP
                 U _Unwind_GetIPInfo
                 U _Unwind_GetLanguageSpecificData
                 U _Unwind_GetRegionStart
                 U _Unwind_GetTextRelBase
                 U _Unwind_RaiseException
                 U _Unwind_Resume
                 U _Unwind_SetGR
                 U _Unwind_SetIP
                 U write
                 U writev
                 U __xstat64
[38;5;244m - Completed in 0.56s[0m
[38;5;12m[1m [1.20][0m[0m
[?25l[0m[38;5;141m> [0mThe only user-defined exported symbol ([38;5;10mT[0m type) from the C .so is [38;5;10mflip_horizontal[0m, and the Rust .so exports it too. The [38;5;10m_fini[0m and [38;5;10m_init[0m are linker-generated symbols present in all C shared libraries — they're not user code and the Rust linker handles them differently (they're internal). No missing exports to add.[0m[0m
[?25l[0m[0m[38;5;11mTODO:
[39m[38;5;10m[x] [3m[38;5;244mCompare nm -D symbols between C .so and Rust .so, add missing exports[23m
[0m[ ] Compare binary outputs if applicable[38;5;244m - Completed in 0.47s[0m
[38;5;12m[1m [1.21][0m[0m
[?25l[0m[38;5;141m> [0mNow let's check if there's a main binary to compare.[0m[0m
[?25l[0m[0mI will run the following command: [38;5;141mgrep -r 'int main' /local/home/scheschb/reserach/TRACTOR/harvest-agentic/results/B01_organic/flip_horizontal_lib/translated_rust/c_src/ 2>/dev/null; grep -l 'fn main' /local/home/scheschb/reserach/TRACTOR/harvest-agentic/results/B01_organic/flip_horizontal_lib/translated_rust/src/*.rs 2>/dev/null; ls /local/home/scheschb/reserach/TRACTOR/harvest-agentic/results/B01_organic/flip_horizontal_lib/translated_rust/src/main.rs 2>/dev/null; grep '\[\[bin\]\]' /local/home/scheschb/reserach/TRACTOR/harvest-agentic/results/B01_organic/flip_horizontal_lib/translated_rust/Cargo.toml 2>/dev/null; echo "done"[0m[38;5;244m (using tool: shell)[0m
Purpose: Check for main binary in C or Rust

done
[38;5;244m - Completed in 0.56s[0m
[38;5;12m[1m [1.22][0m[0m
[?25l[0m[38;5;141m> [0mNo main binary exists — this is a library-only project. No binary comparison needed.[0m[0m
[?25l[0m[0m[38;5;11mTODO:
[39m[38;5;10m[x] [3m[38;5;244mExplore project structure - understand C source, Rust translation, and public API[23m
[38;5;10m[x] [3m[38;5;244mBuild C shared library[23m
[38;5;10m[x] [3m[38;5;244mExamine C headers and identify public API / function hierarchy[23m
[38;5;10m[x] [3m[38;5;244mAdd libloading dev-dependency and write integration tests[23m
[38;5;10m[x] [3m[38;5;244mRun tests, investigate mismatches, fix Rust code[23m
[38;5;10m[x] [3m[38;5;244mCompare nm -D symbols between C .so and Rust .so, add missing exports[23m
[38;5;10m[x] [3m[38;5;244mCompare binary outputs if applicable[23m[38;5;244m - Completed in 0.47s[0m
[38;5;12m[1m [1.23][0m[0m
[?25l[0m[38;5;141m> [0mAll tasks complete. Here's the summary:[0m[0m
[0m[0m
[38;5;252m[1m## Results[0m[0m
[0m[0m
[1mRust translation is correct[22m — all tests pass, symbols match.[0m[0m
[0m[0m
[38;5;252m[1m### What was done:[0m[0m
[0m[0m
1. [1mBuilt C shared library[22m — CMake was too old (3.17 vs 3.20 needed for [38;5;10mcmake_path[0m), so compiled directly with [38;5;10mgcc -shared -fPIC[0m.[0m[0m
[0m[0m
2. [1mWrote 3 integration tests[22m in [38;5;10mtranslated_rust/tests/test_flip_horizontal.rs[0m:[0m[0m
   - [38;5;10mtest_flip_horizontal_matches_c[0m — 4×3 image (odd height)[0m[0m
   - [38;5;10mtest_flip_horizontal_even_height[0m — 3×4 image (even height)[0m[0m
   - [38;5;10mtest_flip_horizontal_single_row[0m — 5×1 image (edge case, no flips)[0m[0m
  [0m[0m
  Each test creates identical pixel buffers, calls C via [38;5;10mlibloading[0m and Rust directly, then compares byte-for-byte.[0m[0m
[0m[0m
3. [1mAll 3 tests pass[22m — Rust output is byte-identical to C.[0m[0m
[0m[0m
4. [1mSymbol comparison[22m ([38;5;10mnm -D[0m): The C .so exports [38;5;10mflip_horizontal[0m — the Rust .so exports it too. Only other C symbols ([38;5;10m_fini[0m, [38;5;10m_init[0m) are linker-generated, not user code.[0m[0m
[0m[0m
5. [1mNo main binary[22m exists in either C or Rust — library-only project.[0m[0m
[0m[0m
[38;5;252m[1m### Files modified:[0m[0m
- [38;5;10mtranslated_rust/Cargo.toml[0m — added [38;5;10mlibloading = "0.8"[0m dev-dependency, added [38;5;10m"lib"[0m to crate-type[0m[0m
- [38;5;10mtranslated_rust/tests/test_flip_horizontal.rs[0m — new integration test file[0m[0m[38;5;12m[1m✓ Created checkpoint 1

[0m[0m
[38;5;8m
 ▸ Credits: 9.44 • Time: 2m 35s

[0m[1G[0m[0m[?25h