[32mAll tools are now trusted ([0m[31m![0m[32m). Kiro will execute tools without asking for confirmation.[0m
Agents can sometimes do unexpected things so understand the risks.

Learn more at [38;5;141mhttps://kiro.dev/docs/cli/chat/security/#using-tools-trust-all-safely[0m

[38;5;12m[1m📷 Checkpoints are enabled! (took 0.05s)

[0m
[38;5;252m[0m[?25l[38;5;141m> [0m[0m[0m
[0m[0m
I'll start by understanding the project structure, then systematically build, test, and fix the translation.[0m[0m
[?25l[0m[0m[38;5;11mTODO:
[39m[0m[ ] Explore project structure and understand the C API
[0m[ ] Build the C shared library
[0m[ ] Examine Rust translation and Cargo.toml
[0m[ ] Add libloading dev-dependency and write integration tests
[0m[ ] Run tests and fix Rust mismatches iteratively
[0m[ ] Compare nm -D symbols and add missing exports
[0m[ ] Compare binary outputs if applicable[38;5;244m - Completed in 0.42s[0m
[38;5;12m[1m [1.1][0m[0m
[?25l[0m[?25l[0m[0mBatch fs_read operation with [38;5;141m2[0m operations[38;5;244m (using tool: read)[0m

↱ Operation 1: Reading directory: [38;5;141m/local/home/scheschb/reserach/TRACTOR/harvest-agentic/results/B02_organic/reverse_collide_lib[0m
↱ Operation 2: Reading directory: [38;5;141m/local/home/scheschb/reserach/TRACTOR/harvest-agentic/results/B02_organic/reverse_collide_lib/translated_rust[0m
[38;5;10m ✓ [0mSuccessfully read directory [38;5;141m/local/home/scheschb/reserach/TRACTOR/harvest-agentic/results/B02_organic/reverse_collide_lib[0m [38;5;244m(13 entries)[0m

[38;5;10m ✓ [0mSuccessfully read directory [38;5;141m/local/home/scheschb/reserach/TRACTOR/harvest-agentic/results/B02_organic/reverse_collide_lib/translated_rust[0m [38;5;244m(11 entries)[0m

 ⋮ 

[38;5;244m- [0mSummary: 2 operations processed, 2 successful, 0 failed
[38;5;244m - Completed in 0.39s[0m
[38;5;12m[1m [1.2][0m[0m
[?25l[0m[?25l[0m[0mBatch fs_read operation with [38;5;141m3[0m operations[38;5;244m (using tool: read)[0m

↱ Operation 1: Reading file: [38;5;141m/local/home/scheschb/reserach/TRACTOR/harvest-agentic/results/B02_organic/reverse_collide_lib/translated_rust/c_src/CMakeLists.txt[0m, all lines
↱ Operation 2: Reading file: [38;5;141m/local/home/scheschb/reserach/TRACTOR/harvest-agentic/results/B02_organic/reverse_collide_lib/translated_rust/c_src/include/lib.h[0m, all lines
↱ Operation 3: Reading file: [38;5;141m/local/home/scheschb/reserach/TRACTOR/harvest-agentic/results/B02_organic/reverse_collide_lib/translated_rust/Cargo.toml[0m, all lines
[38;5;10m ✓ [0mSuccessfully read [38;5;244m439 bytes[0m from /local/home/scheschb/reserach/TRACTOR/harvest-agentic/results/B02_organic/reverse_collide_lib/translated_rust/c_src/CMakeLists.txt

[38;5;10m ✓ [0mSuccessfully read [38;5;244m47 bytes[0m from /local/home/scheschb/reserach/TRACTOR/harvest-agentic/results/B02_organic/reverse_collide_lib/translated_rust/c_src/include/lib.h

[38;5;10m ✓ [0mSuccessfully read [38;5;244m146 bytes[0m from /local/home/scheschb/reserach/TRACTOR/harvest-agentic/results/B02_organic/reverse_collide_lib/translated_rust/Cargo.toml

 ⋮ 

[38;5;244m- [0mSummary: 3 operations processed, 3 successful, 0 failed
[38;5;244m - Completed in 0.38s[0m
[38;5;12m[1m [1.3][0m[0m
[?25l[0m[?25l[0m[0mBatch fs_read operation with [38;5;141m2[0m operations[38;5;244m (using tool: read)[0m

↱ Operation 1: Reading file: [38;5;141m/local/home/scheschb/reserach/TRACTOR/harvest-agentic/results/B02_organic/reverse_collide_lib/translated_rust/c_src/src/lib.c[0m, all lines
↱ Operation 2: Reading file: [38;5;141m/local/home/scheschb/reserach/TRACTOR/harvest-agentic/results/B02_organic/reverse_collide_lib/translated_rust/src/lib.rs[0m, all lines
[38;5;10m ✓ [0mSuccessfully read [38;5;244m12818 bytes[0m from /local/home/scheschb/reserach/TRACTOR/harvest-agentic/results/B02_organic/reverse_collide_lib/translated_rust/c_src/src/lib.c

[38;5;10m ✓ [0mSuccessfully read [38;5;244m18197 bytes[0m from /local/home/scheschb/reserach/TRACTOR/harvest-agentic/results/B02_organic/reverse_collide_lib/translated_rust/src/lib.rs

 ⋮ 

[38;5;244m- [0mSummary: 2 operations processed, 2 successful, 0 failed
[38;5;244m - Completed in 0.39s[0m
[38;5;12m[1m [1.4][0m[0m
[?25l[0m[38;5;141m> [0mGood, I have a clear picture now. The C library exports one public function [38;5;10mreverse_collide(float, float, float) -> int[0m. Let me mark the first task done and proceed.[0m[0m
[?25l[0m[0m[38;5;11mTODO:
[39m[38;5;10m[x] [3m[38;5;244mExplore project structure and understand the C API[23m
[0m[ ] Build the C shared library[38;5;244m - Completed in 0.41s[0m
[38;5;12m[1m [1.5][0m[0m
[?25l[0m[38;5;141m> [0mNow let's build the C shared library:[0m[0m
[?25l[0m[0mI will run the following command: [38;5;141mcd /local/home/scheschb/reserach/TRACTOR/harvest-agentic/results/B02_organic/reverse_collide_lib/translated_rust/c_src && mkdir -p build && cd build && timeout 600 cmake .. -DCMAKE_POSITION_INDEPENDENT_CODE=ON 2>&1 && timeout 600 cmake --build . 2>&1[0m[38;5;244m (using tool: shell)[0m
Purpose: Build the C shared library

CMake Error at CMakeLists.txt:2 (cmake_path):
  Unknown CMake command "cmake_path".


-- Configuring incomplete, errors occurred!
[38;5;244m - Completed in 0.53s[0m
[38;5;12m[1m [1.6][0m[0m
[?25l[0m[38;5;141m> [0m[38;5;10mcmake_path[0m requires CMake 3.20+. Let me check the version and work around it:[0m[0m
[?25l[0m[0mI will run the following command: [38;5;141mcmake --version 2>&1 | head -1[0m[38;5;244m (using tool: shell)[0m
Purpose: Check cmake version

cmake3 version 3.17.5
[38;5;244m - Completed in 0.49s[0m
[38;5;12m[1m [1.7][0m[0m
[?25l[0m[38;5;141m> [0mCMake 3.17 doesn't support [38;5;10mcmake_path[0m. I can't modify c_src, so I'll pass the project name manually:[0m[0m
[?25l[0m[0mI will run the following command: [38;5;141mcd /local/home/scheschb/reserach/TRACTOR/harvest-agentic/results/B02_organic/reverse_collide_lib/translated_rust/c_src && rm -rf build && mkdir -p build && cd build && timeout 600 cmake .. -DCMAKE_POSITION_INDEPENDENT_CODE=ON -DCMAKE_PROJECT_reverse_collide_lib_INCLUDE=/dev/null 2>&1[0m[38;5;244m (using tool: shell)[0m
Purpose: Try cmake with workaround

CMake Error at CMakeLists.txt:2 (cmake_path):
  Unknown CMake command "cmake_path".


-- Configuring incomplete, errors occurred!
[38;5;244m - Completed in 0.57s[0m
[38;5;12m[1m [1.8][0m[0m
[?25l[0m[38;5;141m> [0mThe [38;5;10mcmake_path[0m command is the issue. I can't modify c_src, but I can compile the C code directly with gcc:[0m[0m
[?25l[0m[0mI will run the following command: [38;5;141mcd /local/home/scheschb/reserach/TRACTOR/harvest-agentic/results/B02_organic/reverse_collide_lib/translated_rust/c_src && timeout 600 gcc -shared -fPIC -O2 -I include -o build/libreverse_collide_lib.so src/lib.c -lm 2>&1[0m[38;5;244m (using tool: shell)[0m
Purpose: Build C shared library directly with gcc

[38;5;244m - Completed in 0.184s[0m
[38;5;12m[1m [1.9][0m[0m
[?25l[0m[?25l[0m[0mI will run the following command: [38;5;141mls -la /local/home/scheschb/reserach/TRACTOR/harvest-agentic/results/B02_organic/reverse_collide_lib/translated_rust/c_src/build/ && nm -D /local/home/scheschb/reserach/TRACTOR/harvest-agentic/results/B02_organic/reverse_collide_lib/translated_rust/c_src/build/libreverse_collide_lib.so | grep ' T '[0m[38;5;244m (using tool: shell)[0m
Purpose: Verify C .so and check exported symbols

total 40
drwxr-xr-x 3 scheschb amazon  4096 Mar 27 00:42 .
drwxr-xr-x 5 scheschb amazon  4096 Mar 27 00:42 ..
-rw-r--r-- 1 scheschb amazon  2557 Mar 27 00:42 CMakeCache.txt
drwxr-xr-x 2 scheschb amazon  4096 Mar 27 00:42 CMakeFiles
-rwxr-xr-x 1 scheschb amazon 21640 Mar 27 00:42 libreverse_collide_lib.so
0000000000001780 T c22
0000000000001860 T c23
0000000000002900 T c2AABBtoAABB
00000000000029a0 T c2AABBtoCapsule
00000000000016e0 T c2Add
0000000000001490 T c2BBVerts
0000000000002a00 T c2CapsuletoCapsule
0000000000001cd0 T c2CCW90
0000000000002aa0 T c2CircletoAABB
0000000000002b00 T c2CircletoCapsule
0000000000002a50 T c2CircletoCircle
0000000000001350 T c2Clampv
0000000000002c30 T c2Collided
0000000000001d00 T c2D
0000000000001590 T c2Det2
0000000000002060 T c2Div
00000000000013f0 T c2Dot
00000000000021d0 T c2GJK
00000000000015e0 T c2GJKSimplexMetric
00000000000020b0 T c2L
0000000000001550 T c2Len
00000000000014e0 T c2MakeProxy
00000000000012b0 T c2Maxv
0000000000001300 T c2Minv
0000000000001670 T c2Mulrv
0000000000002160 T c2MulrvT
0000000000001270 T c2Mulvs
0000000000001750 T c2Mulxv
0000000000001c60 T c2Neg
0000000000002080 T c2Norm
0000000000001440 T c2RotIdentity
0000000000001ca0 T c2Skew
0000000000001380 T c2Sub
0000000000001db0 T c2Support
0000000000001250 T c2V
0000000000001e50 T c2Witness
0000000000001450 T c2xIdentity
0000000000002ecc T _fini
0000000000000ef0 T _init
0000000000002dd0 T reverse_collide
[38;5;244m - Completed in 0.51s[0m
[38;5;12m[1m [1.10][0m[0m
[?25l[0m[38;5;141m> [0mThe C .so exports many symbols (all internal functions too since they're not [38;5;10mstatic[0m). Now let me mark task 1 done and proceed:[0m[0m
[?25l[0m[0m[38;5;11mTODO:
[39m[38;5;10m[x] [3m[38;5;244mBuild the C shared library[23m
[0m[ ] Examine Rust translation and Cargo.toml[38;5;244m - Completed in 0.41s[0m
[38;5;12m[1m [1.11][0m[0m
[?25l[0m[38;5;141m> [0mNow let me examine the Rust Cargo.toml and add libloading, then write integration tests. I already read the Rust code above. Let me add the dev-dependency and create the test file:[0m[0m
[?25l[0m[0mI'll modify the following file: [38;5;141mtranslated_rust/Cargo.toml[0m[38;5;244m (using tool: write)[0m
Purpose: Add libloading dev-dependency

[49m[38;5;10m+     10[0m:[38;5;10m[49m [dev-dependencies]
[0m[49m[38;5;10m+     11[0m:[38;5;10m[49m libloading = "0.8"
[0m[49m[38;5;10m+     12[0m:[38;5;10m[49m 
[0m[49m[39m  10, 13[0m:[39m[49m [workspace]
[0m[K
Updating: [38;5;141mtranslated_rust/Cargo.toml[0m
[38;5;244m - Completed in 0.41s[0m
[38;5;12m[1m [1.12][0m[0m
[?25l[0m[?25l[0m[0m[38;5;11mTODO:
[39m[38;5;10m[x] [3m[38;5;244mExamine Rust translation and Cargo.toml[23m
[0m[ ] Add libloading dev-dependency and write integration tests[38;5;244m - Completed in 0.41s[0m
[38;5;12m[1m [1.13][0m[0m
[?25l[0m[38;5;141m> [0mNow let me write the integration tests. The only public API is [38;5;10mreverse_collide[0m, but the C .so also exports all internal functions. I'll test [38;5;10mreverse_collide[0m with various inputs to cover all collision paths (circle-circle, circle-AABB, circle-capsule):[0m[0m
[?25l[0m[0mI will run the following command: [38;5;141mmkdir -p /local/home/scheschb/reserach/TRACTOR/harvest-agentic/results/B02_organic/reverse_collide_lib/translated_rust/tests[0m[38;5;244m (using tool: shell)[0m
Purpose: Create tests directory

[38;5;244m - Completed in 0.45s[0m
[38;5;12m[1m [1.14][0m[0m
[?25l[0m[?25l[0m[0mI'll create the following file: [38;5;141m/local/home/scheschb/reserach/TRACTOR/harvest-agentic/results/B02_organic/reverse_collide_lib/translated_rust/tests/compare.rs[0m[38;5;244m (using tool: write)[0m
Purpose: Write integration test comparing C vs Rust reverse_collide

[48;2;40;67;43m[39m+     1[0m:[39m[48;2;24;38;30m [38;2;180;142;173muse[38;2;192;197;206m [38;2;192;197;206mlibloading[38;2;192;197;206m::[38;2;192;197;206m{[38;2;192;197;206mLibrary[38;2;192;197;206m,[38;2;192;197;206m Symbol[38;2;192;197;206m}[38;2;192;197;206m;[K
[0m[48;2;40;67;43m[39m+     2[0m:[39m[48;2;24;38;30m [38;2;180;142;173muse[38;2;192;197;206m [38;2;192;197;206mstd[38;2;192;197;206m::[38;2;192;197;206mos[38;2;192;197;206m::[38;2;192;197;206mraw[38;2;192;197;206m::[38;2;180;142;173mc_int[38;2;192;197;206m;[K
[0m[48;2;40;67;43m[39m+     3[0m:[39m[48;2;24;38;30m [K
[0m[48;2;40;67;43m[39m+     4[0m:[39m[48;2;24;38;30m [38;2;180;142;173mfn[38;2;192;197;206m [38;2;143;161;179mc_lib[38;2;192;197;206m([38;2;192;197;206m)[38;2;192;197;206m [38;2;192;197;206m->[38;2;192;197;206m Library[38;2;192;197;206m [38;2;192;197;206m{[K
[0m[48;2;40;67;43m[39m+     5[0m:[39m[48;2;24;38;30m [38;2;192;197;206m    [38;2;180;142;173mlet[38;2;192;197;206m path [38;2;192;197;206m=[38;2;192;197;206m [38;2;192;197;206mconcat![38;2;192;197;206m([K
[0m[48;2;40;67;43m[39m+     6[0m:[39m[48;2;24;38;30m [38;2;192;197;206m        [38;2;192;197;206menv![38;2;192;197;206m([38;2;192;197;206m"[38;2;163;190;140mCARGO_MANIFEST_DIR[38;2;192;197;206m"[38;2;192;197;206m)[38;2;192;197;206m,[K
[0m[48;2;40;67;43m[39m+     7[0m:[39m[48;2;24;38;30m [38;2;192;197;206m        [38;2;192;197;206m"[38;2;163;190;140m/c_src/build/libreverse_collide_lib.so[38;2;192;197;206m"[K
[0m[48;2;40;67;43m[39m+     8[0m:[39m[48;2;24;38;30m [38;2;192;197;206m    [38;2;192;197;206m)[38;2;192;197;206m;[K
[0m[48;2;40;67;43m[39m+     9[0m:[39m[48;2;24;38;30m [38;2;192;197;206m    [38;2;180;142;173munsafe[38;2;192;197;206m [38;2;192;197;206m{[38;2;192;197;206m [38;2;192;197;206mLibrary[38;2;192;197;206m::[38;2;192;197;206mnew[38;2;192;197;206m([38;2;192;197;206mpath[38;2;192;197;206m)[38;2;192;197;206m.[38;2;150;181;180mexpect[38;2;192;197;206m([38;2;192;197;206m"[38;2;163;190;140mFailed to load C .so[38;2;192;197;206m"[38;2;192;197;206m)[38;2;192;197;206m [38;2;192;197;206m}[K
[0m[48;2;40;67;43m[39m+    10[0m:[39m[48;2;24;38;30m [38;2;192;197;206m}[K
[0m[48;2;40;67;43m[39m+    11[0m:[39m[48;2;24;38;30m [K
[0m[48;2;40;67;43m[39m+    12[0m:[39m[48;2;24;38;30m [38;2;180;142;173mfn[38;2;192;197;206m [38;2;143;161;179mcall_c_reverse_collide[38;2;192;197;206m([38;2;191;97;106mlib[38;2;192;197;206m:[38;2;192;197;206m [38;2;192;197;206m&[38;2;192;197;206mLibrary, [38;2;191;97;106mx[38;2;192;197;206m:[38;2;192;197;206m [38;2;180;142;173mf32[38;2;192;197;206m, [38;2;191;97;106my[38;2;192;197;206m:[38;2;192;197;206m [38;2;180;142;173mf32[38;2;192;197;206m, [38;2;191;97;106mr[38;2;192;197;206m:[38;2;192;197;206m [38;2;180;142;173mf32[38;2;192;197;206m)[38;2;192;197;206m [38;2;192;197;206m->[38;2;192;197;206m c_int[38;2;192;197;206m [38;2;192;197;206m{[K
[0m[48;2;40;67;43m[39m+    13[0m:[39m[48;2;24;38;30m [38;2;192;197;206m    [38;2;180;142;173munsafe[38;2;192;197;206m [38;2;192;197;206m{[K
[0m[48;2;40;67;43m[39m+    14[0m:[39m[48;2;24;38;30m [38;2;192;197;206m        [38;2;180;142;173mlet[38;2;192;197;206m f[38;2;192;197;206m:[38;2;192;197;206m [38;2;192;197;206mSymbol[38;2;192;197;206m<[38;2;192;197;206munsafe [38;2;180;142;173mextern[38;2;192;197;206m [38;2;192;197;206m"[38;2;163;190;140mC[38;2;192;197;206m"[38;2;192;197;206m [38;2;180;142;173mfn[38;2;192;197;206m([38;2;180;142;173mf32[38;2;192;197;206m, [38;2;180;142;173mf32[38;2;192;197;206m, [38;2;180;142;173mf32[38;2;192;197;206m)[38;2;192;197;206m [38;2;192;197;206m->[38;2;192;197;206m c_int[38;2;192;197;206m>[38;2;192;197;206m [38;2;192;197;206m=[K
[0m[48;2;40;67;43m[39m+    15[0m:[39m[48;2;24;38;30m [38;2;192;197;206m            lib.[38;2;150;181;180mget[38;2;192;197;206m([38;2;180;142;173mb[38;2;192;197;206m"[38;2;163;190;140mreverse_collide[38;2;192;197;206m"[38;2;192;197;206m)[38;2;192;197;206m.[38;2;150;181;180munwrap[38;2;192;197;206m([38;2;192;197;206m)[38;2;192;197;206m;[K
[0m[48;2;40;67;43m[39m+    16[0m:[39m[48;2;24;38;30m [38;2;192;197;206m        [38;2;150;181;180mf[38;2;192;197;206m([38;2;192;197;206mx[38;2;192;197;206m,[38;2;192;197;206m y[38;2;192;197;206m,[38;2;192;197;206m r[38;2;192;197;206m)[K
[0m[48;2;40;67;43m[39m+    17[0m:[39m[48;2;24;38;30m [38;2;192;197;206m    [38;2;192;197;206m}[K
[0m[48;2;40;67;43m[39m+    18[0m:[39m[48;2;24;38;30m [38;2;192;197;206m}[K
[0m[48;2;40;67;43m[39m+    19[0m:[39m[48;2;24;38;30m [K
[0m[48;2;40;67;43m[39m+    20[0m:[39m[48;2;24;38;30m [38;2;180;142;173mextern[38;2;192;197;206m [38;2;192;197;206m"[38;2;163;190;140mC[38;2;192;197;206m"[38;2;192;197;206m [38;2;192;197;206m{[K
[0m[48;2;40;67;43m[39m+    21[0m:[39m[48;2;24;38;30m [38;2;192;197;206m    [38;2;180;142;173mfn[38;2;192;197;206m [38;2;143;161;179mreverse_collide[38;2;192;197;206m([38;2;191;97;106mx[38;2;192;197;206m:[38;2;192;197;206m [38;2;180;142;173mf32[38;2;192;197;206m, [38;2;191;97;106my[38;2;192;197;206m:[38;2;192;197;206m [38;2;180;142;173mf32[38;2;192;197;206m, [38;2;191;97;106mr[38;2;192;197;206m:[38;2;192;197;206m [38;2;180;142;173mf32[38;2;192;197;206m)[38;2;192;197;206m [38;2;192;197;206m->[38;2;192;197;206m c_int[38;2;192;197;206m;[K
[0m[48;2;40;67;43m[39m+    22[0m:[39m[48;2;24;38;30m [38;2;192;197;206m}[K
[0m[48;2;40;67;43m[39m+    23[0m:[39m[48;2;24;38;30m [K
[0m[48;2;40;67;43m[39m+    24[0m:[39m[48;2;24;38;30m [38;2;180;142;173mfn[38;2;192;197;206m [38;2;143;161;179mrust_reverse_collide[38;2;192;197;206m([38;2;191;97;106mx[38;2;192;197;206m:[38;2;192;197;206m [38;2;180;142;173mf32[38;2;192;197;206m, [38;2;191;97;106my[38;2;192;197;206m:[38;2;192;197;206m [38;2;180;142;173mf32[38;2;192;197;206m, [38;2;191;97;106mr[38;2;192;197;206m:[38;2;192;197;206m [38;2;180;142;173mf32[38;2;192;197;206m)[38;2;192;197;206m [38;2;192;197;206m->[38;2;192;197;206m c_int[38;2;192;197;206m [38;2;192;197;206m{[K
[0m[48;2;40;67;43m[39m+    25[0m:[39m[48;2;24;38;30m [38;2;192;197;206m    [38;2;180;142;173munsafe[38;2;192;197;206m [38;2;192;197;206m{[38;2;192;197;206m [38;2;150;181;180mreverse_collide[38;2;192;197;206m([38;2;192;197;206mx[38;2;192;197;206m,[38;2;192;197;206m y[38;2;192;197;206m,[38;2;192;197;206m r[38;2;192;197;206m)[38;2;192;197;206m [38;2;192;197;206m}[K
[0m[48;2;40;67;43m[39m+    26[0m:[39m[48;2;24;38;30m [38;2;192;197;206m}[K
[0m[48;2;40;67;43m[39m+    27[0m:[39m[48;2;24;38;30m [K
[0m[48;2;40;67;43m[39m+    28[0m:[39m[48;2;24;38;30m [38;2;101;115;126m///[38;2;101;115;126m Test cases covering all collision branches:[K
[0m[48;2;40;67;43m[39m+    29[0m:[39m[48;2;24;38;30m [38;2;101;115;126m///[38;2;101;115;126m - Circle at (-70,0) r=20[K
[0m[48;2;40;67;43m[39m+    30[0m:[39m[48;2;24;38;30m [38;2;101;115;126m///[38;2;101;115;126m - AABB min=(-40,-40) max=(-15,-15)[K
[0m[48;2;40;67;43m[39m+    31[0m:[39m[48;2;24;38;30m [38;2;101;115;126m///[38;2;101;115;126m - Capsule a=(-40,40) b=(-20,100) r=10[K
[0m[48;2;40;67;43m[39m+    32[0m:[39m[48;2;24;38;30m [38;2;101;115;126m///[38;2;101;115;126m Result bits: 0=circle, 1=aabb, 2=capsule[K
[0m[48;2;40;67;43m[39m+    33[0m:[39m[48;2;24;38;30m [38;2;192;197;206m#[38;2;192;197;206m[[38;2;191;97;106mtest[38;2;192;197;206m][K
[0m[48;2;40;67;43m[39m+    34[0m:[39m[48;2;24;38;30m [38;2;180;142;173mfn[38;2;192;197;206m [38;2;143;161;179mtest_reverse_collide_comprehensive[38;2;192;197;206m([38;2;192;197;206m)[38;2;192;197;206m [38;2;192;197;206m{[K
[0m[48;2;40;67;43m[39m+    35[0m:[39m[48;2;24;38;30m [38;2;192;197;206m    [38;2;180;142;173mlet[38;2;192;197;206m lib [38;2;192;197;206m=[38;2;192;197;206m [38;2;150;181;180mc_lib[38;2;192;197;206m([38;2;192;197;206m)[38;2;192;197;206m;[K
[0m[48;2;40;67;43m[39m+    36[0m:[39m[48;2;24;38;30m [38;2;192;197;206m    [38;2;180;142;173mlet[38;2;192;197;206m cases[38;2;192;197;206m:[38;2;192;197;206m [38;2;192;197;206m&[38;2;192;197;206m[[38;2;192;197;206m([38;2;180;142;173mf32[38;2;192;197;206m,[38;2;192;197;206m [38;2;180;142;173mf32[38;2;192;197;206m,[38;2;192;197;206m [38;2;180;142;173mf32[38;2;192;197;206m)[38;2;192;197;206m][38;2;192;197;206m [38;2;192;197;206m=[38;2;192;197;206m [38;2;192;197;206m&[38;2;192;197;206m[[K
[0m[48;2;40;67;43m[39m+    37[0m:[39m[48;2;24;38;30m [38;2;192;197;206m        [38;2;101;115;126m//[38;2;101;115;126m No collision[K
[0m[48;2;40;67;43m[39m+    38[0m:[39m[48;2;24;38;30m [38;2;192;197;206m        [38;2;192;197;206m([38;2;208;135;112m100.[38;2;208;135;112m0[38;2;192;197;206m,[38;2;192;197;206m [38;2;208;135;112m100.[38;2;208;135;112m0[38;2;192;197;206m,[38;2;192;197;206m [38;2;208;135;112m1.[38;2;208;135;112m0[38;2;192;197;206m)[38;2;192;197;206m,[K
[0m[48;2;40;67;43m[39m+    39[0m:[39m[48;2;24;38;30m [38;2;192;197;206m        [38;2;192;197;206m([38;2;208;135;112m0.[38;2;208;135;112m0[38;2;192;197;206m,[38;2;192;197;206m [38;2;208;135;112m0.[38;2;208;135;112m0[38;2;192;197;206m,[38;2;192;197;206m [38;2;208;135;112m1.[38;2;208;135;112m0[38;2;192;197;206m)[38;2;192;197;206m,[K
[0m[48;2;40;67;43m[39m+    40[0m:[39m[48;2;24;38;30m [38;2;192;197;206m        [38;2;101;115;126m//[38;2;101;115;126m Circle-circle collision only (near -70,0)[K
[0m[48;2;40;67;43m[39m+    41[0m:[39m[48;2;24;38;30m [38;2;192;197;206m        [38;2;192;197;206m([38;2;192;197;206m-[38;2;208;135;112m60.[38;2;208;135;112m0[38;2;192;197;206m,[38;2;192;197;206m [38;2;208;135;112m0.[38;2;208;135;112m0[38;2;192;197;206m,[38;2;192;197;206m [38;2;208;135;112m5.[38;2;208;135;112m0[38;2;192;197;206m)[38;2;192;197;206m,[K
[0m[48;2;40;67;43m[39m+    42[0m:[39m[48;2;24;38;30m [38;2;192;197;206m        [38;2;192;197;206m([38;2;192;197;206m-[38;2;208;135;112m50.[38;2;208;135;112m0[38;2;192;197;206m,[38;2;192;197;206m [38;2;208;135;112m0.[38;2;208;135;112m0[38;2;192;197;206m,[38;2;192;197;206m [38;2;208;135;112m5.[38;2;208;135;112m0[38;2;192;197;206m)[38;2;192;197;206m,[K
[0m[48;2;40;67;43m[39m+    43[0m:[39m[48;2;24;38;30m [38;2;192;197;206m        [38;2;101;115;126m//[38;2;101;115;126m AABB collision only (near -27.5, -27.5)[K
[0m[48;2;40;67;43m[39m+    44[0m:[39m[48;2;24;38;30m [38;2;192;197;206m        [38;2;192;197;206m([38;2;192;197;206m-[38;2;208;135;112m27.[38;2;208;135;112m5[38;2;192;197;206m,[38;2;192;197;206m [38;2;192;197;206m-[38;2;208;135;112m27.[38;2;208;135;112m5[38;2;192;197;206m,[38;2;192;197;206m [38;2;208;135;112m5.[38;2;208;135;112m0[38;2;192;197;206m)[38;2;192;197;206m,[K
[0m[48;2;40;67;43m[39m+    45[0m:[39m[48;2;24;38;30m [38;2;192;197;206m        [38;2;192;197;206m([38;2;192;197;206m-[38;2;208;135;112m30.[38;2;208;135;112m0[38;2;192;197;206m,[38;2;192;197;206m [38;2;192;197;206m-[38;2;208;135;112m30.[38;2;208;135;112m0[38;2;192;197;206m,[38;2;192;197;206m [38;2;208;135;112m1.[38;2;208;135;112m0[38;2;192;197;206m)[38;2;192;197;206m,[K
[0m[48;2;40;67;43m[39m+    46[0m:[39m[48;2;24;38;30m [38;2;192;197;206m        [38;2;101;115;126m//[38;2;101;115;126m Capsule collision only (near -30, 70)[K
[0m[48;2;40;67;43m[39m+    47[0m:[39m[48;2;24;38;30m [38;2;192;197;206m        [38;2;192;197;206m([38;2;192;197;206m-[38;2;208;135;112m30.[38;2;208;135;112m0[38;2;192;197;206m,[38;2;192;197;206m [38;2;208;135;112m70.[38;2;208;135;112m0[38;2;192;197;206m,[38;2;192;197;206m [38;2;208;135;112m5.[38;2;208;135;112m0[38;2;192;197;206m)[38;2;192;197;206m,[K
[0m[48;2;40;67;43m[39m+    48[0m:[39m[48;2;24;38;30m [38;2;192;197;206m        [38;2;192;197;206m([38;2;192;197;206m-[38;2;208;135;112m35.[38;2;208;135;112m0[38;2;192;197;206m,[38;2;192;197;206m [38;2;208;135;112m50.[38;2;208;135;112m0[38;2;192;197;206m,[38;2;192;197;206m [38;2;208;135;112m5.[38;2;208;135;112m0[38;2;192;197;206m)[38;2;192;197;206m,[K
[0m[48;2;40;67;43m[39m+    49[0m:[39m[48;2;24;38;30m [38;2;192;197;206m        [38;2;101;115;126m//[38;2;101;115;126m Multiple collisions[K
[0m[48;2;40;67;43m[39m+    50[0m:[39m[48;2;24;38;30m [38;2;192;197;206m        [38;2;192;197;206m([38;2;192;197;206m-[38;2;208;135;112m40.[38;2;208;135;112m0[38;2;192;197;206m,[38;2;192;197;206m [38;2;208;135;112m0.[38;2;208;135;112m0[38;2;192;197;206m,[38;2;192;197;206m [38;2;208;135;112m30.[38;2;208;135;112m0[38;2;192;197;206m)[38;2;192;197;206m,[K
[0m[48;2;40;67;43m[39m+    51[0m:[39m[48;2;24;38;30m [38;2;192;197;206m        [38;2;192;197;206m([38;2;192;197;206m-[38;2;208;135;112m50.[38;2;208;135;112m0[38;2;192;197;206m,[38;2;192;197;206m [38;2;208;135;112m0.[38;2;208;135;112m0[38;2;192;197;206m,[38;2;192;197;206m [38;2;208;135;112m50.[38;2;208;135;112m0[38;2;192;197;206m)[38;2;192;197;206m,[K
[0m[48;2;40;67;43m[39m+    52[0m:[39m[48;2;24;38;30m [38;2;192;197;206m        [38;2;101;115;126m//[38;2;101;115;126m Edge cases[K
[0m[48;2;40;67;43m[39m+    53[0m:[39m[48;2;24;38;30m [38;2;192;197;206m        [38;2;192;197;206m([38;2;208;135;112m0.[38;2;208;135;112m0[38;2;192;197;206m,[38;2;192;197;206m [38;2;208;135;112m0.[38;2;208;135;112m0[38;2;192;197;206m,[38;2;192;197;206m [38;2;208;135;112m0.[38;2;208;135;112m0[38;2;192;197;206m)[38;2;192;197;206m,[K
[0m[48;2;40;67;43m[39m+    54[0m:[39m[48;2;24;38;30m [38;2;192;197;206m        [38;2;192;197;206m([38;2;192;197;206m-[38;2;208;135;112m70.[38;2;208;135;112m0[38;2;192;197;206m,[38;2;192;197;206m [38;2;208;135;112m0.[38;2;208;135;112m0[38;2;192;197;206m,[38;2;192;197;206m [38;2;208;135;112m20.[38;2;208;135;112m0[38;2;192;197;206m)[38;2;192;197;206m,[K
[0m[48;2;40;67;43m[39m+    55[0m:[39m[48;2;24;38;30m [38;2;192;197;206m        [38;2;192;197;206m([38;2;192;197;206m-[38;2;208;135;112m70.[38;2;208;135;112m0[38;2;192;197;206m,[38;2;192;197;206m [38;2;208;135;112m0.[38;2;208;135;112m0[38;2;192;197;206m,[38;2;192;197;206m [38;2;208;135;112m0.[38;2;208;135;112m0[38;2;192;197;206m)[38;2;192;197;206m,[K
[0m[48;2;40;67;43m[39m+    56[0m:[39m[48;2;24;38;30m [38;2;192;197;206m        [38;2;101;115;126m//[38;2;101;115;126m Large radius hitting everything[K
[0m[48;2;40;67;43m[39m+    57[0m:[39m[48;2;24;38;30m [38;2;192;197;206m        [38;2;192;197;206m([38;2;208;135;112m0.[38;2;208;135;112m0[38;2;192;197;206m,[38;2;192;197;206m [38;2;208;135;112m0.[38;2;208;135;112m0[38;2;192;197;206m,[38;2;192;197;206m [38;2;208;135;112m200.[38;2;208;135;112m0[38;2;192;197;206m)[38;2;192;197;206m,[K
[0m[48;2;40;67;43m[39m+    58[0m:[39m[48;2;24;38;30m [38;2;192;197;206m        [38;2;101;115;126m//[38;2;101;115;126m Negative coords[K
[0m[48;2;40;67;43m[39m+    59[0m:[39m[48;2;24;38;30m [38;2;192;197;206m        [38;2;192;197;206m([38;2;192;197;206m-[38;2;208;135;112m100.[38;2;208;135;112m0[38;2;192;197;206m,[38;2;192;197;206m [38;2;192;197;206m-[38;2;208;135;112m100.[38;2;208;135;112m0[38;2;192;197;206m,[38;2;192;197;206m [38;2;208;135;112m10.[38;2;208;135;112m0[38;2;192;197;206m)[38;2;192;197;206m,[K
[0m[48;2;40;67;43m[39m+    60[0m:[39m[48;2;24;38;30m [38;2;192;197;206m        [38;2;192;197;206m([38;2;192;197;206m-[38;2;208;135;112m40.[38;2;208;135;112m0[38;2;192;197;206m,[38;2;192;197;206m [38;2;208;135;112m40.[38;2;208;135;112m0[38;2;192;197;206m,[38;2;192;197;206m [38;2;208;135;112m1.[38;2;208;135;112m0[38;2;192;197;206m)[38;2;192;197;206m,[K
[0m[48;2;40;67;43m[39m+    61[0m:[39m[48;2;24;38;30m [38;2;192;197;206m        [38;2;192;197;206m([38;2;192;197;206m-[38;2;208;135;112m20.[38;2;208;135;112m0[38;2;192;197;206m,[38;2;192;197;206m [38;2;208;135;112m100.[38;2;208;135;112m0[38;2;192;197;206m,[38;2;192;197;206m [38;2;208;135;112m1.[38;2;208;135;112m0[38;2;192;197;206m)[38;2;192;197;206m,[K
[0m[48;2;40;67;43m[39m+    62[0m:[39m[48;2;24;38;30m [38;2;192;197;206m    [38;2;192;197;206m][38;2;192;197;206m;[K
[0m[48;2;40;67;43m[39m+    63[0m:[39m[48;2;24;38;30m [K
[0m[48;2;40;67;43m[39m+    64[0m:[39m[48;2;24;38;30m [38;2;192;197;206m    [38;2;180;142;173mfor[38;2;192;197;206m [38;2;192;197;206m&[38;2;192;197;206m([38;2;192;197;206mx[38;2;192;197;206m,[38;2;192;197;206m y[38;2;192;197;206m,[38;2;192;197;206m r[38;2;192;197;206m)[38;2;192;197;206m [38;2;192;197;206min[38;2;192;197;206m cases [38;2;192;197;206m{[K
[0m[48;2;40;67;43m[39m+    65[0m:[39m[48;2;24;38;30m [38;2;192;197;206m        [38;2;180;142;173mlet[38;2;192;197;206m [38;2;180;142;173mc_result[38;2;192;197;206m [38;2;192;197;206m=[38;2;192;197;206m [38;2;150;181;180mcall_c_reverse_collide[38;2;192;197;206m([38;2;192;197;206m&[38;2;192;197;206mlib[38;2;192;197;206m,[38;2;192;197;206m x[38;2;192;197;206m,[38;2;192;197;206m y[38;2;192;197;206m,[38;2;192;197;206m r[38;2;192;197;206m)[38;2;192;197;206m;[K
[0m[48;2;40;67;43m[39m+    66[0m:[39m[48;2;24;38;30m [38;2;192;197;206m        [38;2;180;142;173mlet[38;2;192;197;206m rust_result [38;2;192;197;206m=[38;2;192;197;206m [38;2;150;181;180mrust_reverse_collide[38;2;192;197;206m([38;2;192;197;206mx[38;2;192;197;206m,[38;2;192;197;206m y[38;2;192;197;206m,[38;2;192;197;206m r[38;2;192;197;206m)[38;2;192;197;206m;[K
[0m[48;2;40;67;43m[39m+    67[0m:[39m[48;2;24;38;30m [38;2;192;197;206m        [38;2;192;197;206massert_eq![38;2;192;197;206m([K
[0m[48;2;40;67;43m[39m+    68[0m:[39m[48;2;24;38;30m [38;2;192;197;206m            [38;2;180;142;173mc_result[38;2;192;197;206m,[38;2;192;197;206m rust_result[38;2;192;197;206m,[K
[0m[48;2;40;67;43m[39m+    69[0m:[39m[48;2;24;38;30m [38;2;192;197;206m            [38;2;192;197;206m"[38;2;163;190;140mMismatch for ({}, {}, {}): C={}, Rust={}[38;2;192;197;206m"[38;2;192;197;206m,[K
[0m[48;2;40;67;43m[39m+    70[0m:[39m[48;2;24;38;30m [38;2;192;197;206m            x[38;2;192;197;206m,[38;2;192;197;206m y[38;2;192;197;206m,[38;2;192;197;206m r[38;2;192;197;206m,[38;2;192;197;206m [38;2;180;142;173mc_result[38;2;192;197;206m,[38;2;192;197;206m rust_result[K
[0m[48;2;40;67;43m[39m+    71[0m:[39m[48;2;24;38;30m [38;2;192;197;206m        [38;2;192;197;206m)[38;2;192;197;206m;[K
[0m[48;2;40;67;43m[39m+    72[0m:[39m[48;2;24;38;30m [38;2;192;197;206m    [38;2;192;197;206m}[K
[0m[48;2;40;67;43m[39m+    73[0m:[39m[48;2;24;38;30m [38;2;192;197;206m}[K
[0m[K
Creating: [38;5;141m/local/home/scheschb/reserach/TRACTOR/harvest-agentic/results/B02_organic/reverse_collide_lib/translated_rust/tests/compare.rs[0m
[38;5;244m - Completed in 0.42s[0m
[38;5;12m[1m [1.15][0m[0m
[?25l[0m[?25l[0m[0mI will run the following command: [38;5;141mcd /local/home/scheschb/reserach/TRACTOR/harvest-agentic/results/B02_organic/reverse_collide_lib/translated_rust && timeout 600 cargo test --test compare 2>&1[0m (in [38;5;141mtranslated_rust[0m)[38;5;244m (using tool: shell)[0m
Purpose: Run integration tests

    Updating crates.io index
     Locking 3 packages to latest compatible versions
      Adding cfg-if v1.0.4
      Adding libloading v0.8.9 (available: v0.9.0)
      Adding windows-link v0.2.1
   Compiling cfg-if v1.0.4
   Compiling libloading v0.8.9
   Compiling reverse_collide_lib v0.1.0 (/local/home/scheschb/reserach/TRACTOR/harvest-agentic/results/B02_organic/reverse_collide_lib/translated_rust)
error: linking with `cc` failed: exit status: 1
  |
  = note:  "cc" "-m64" "/local/home/scheschb/reserach/TRACTOR/harvest-agentic/results/B02_organic/reverse_collide_lib/translated_rust/target/debug/deps/rustcp0YnLa/symbols.o" "<30 object files omitted>" "-Wl,--as-needed" "-Wl,-Bstatic" "<sysroot>/lib/rustlib/x86_64-unknown-linux-gnu/lib/{libtest-*,libgetopts-*,librustc_std_workspace_std-*}.rlib" "/local/home/scheschb/reserach/TRACTOR/harvest-agentic/results/B02_organic/reverse_collide_lib/translated_rust/target/debug/deps/{liblibloading-d95d37cab8b53df0,libcfg_if-9d8e838b3d041728}.rlib" "<sysroot>/lib/rustlib/x86_64-unknown-linux-gnu/lib/{libstd-*,libpanic_unwind-*,libobject-*,libmemchr-*,libaddr2line-*,libgimli-*,libcfg_if-*,librustc_demangle-*,libstd_detect-*,libhashbrown-*,librustc_std_workspace_alloc-*,libminiz_oxide-*,libadler2-*,libunwind-*,liblibc-*,librustc_std_workspace_core-*,liballoc-*,libcore-*,libcompiler_builtins-*}.rlib" "-Wl,-Bdynamic" "-ldl" "-lgcc_s" "-lutil" "-lrt" "-lpthread" "-lm" "-ldl" "-lc" "-L" "/local/home/scheschb/reserach/TRACTOR/harvest-agentic/results/B02_organic/reverse_collide_lib/translated_rust/target/debug/deps/rustcp0YnLa/raw-dylibs" "-B<sysroot>/lib/rustlib/x86_64-unknown-linux-gnu/bin/gcc-ld" "-Wl,--eh-frame-hdr" "-Wl,-z,noexecstack" "-L" "<sysroot>/lib/rustlib/x86_64-unknown-linux-gnu/lib" "-o" "/local/home/scheschb/reserach/TRACTOR/harvest-agentic/results/B02_organic/reverse_collide_lib/translated_rust/target/debug/deps/compare-ff7aa41fd3e812bf" "-Wl,--gc-sections" "-pie" "-Wl,-z,relro,-z,now" "-nodefaultlibs"
  = note: some arguments are omitted. use `--verbose` to show all linker arguments
  = note: /local/home/scheschb/reserach/TRACTOR/harvest-agentic/results/B02_organic/reverse_collide_lib/translated_rust/target/debug/deps/compare-ff7aa41fd3e812bf.03ve8n1lall8tvwt4g4ayhq7m.0e7ygwz.rcgu.o: In function `compare::rust_reverse_collide':
          /local/home/scheschb/reserach/TRACTOR/harvest-agentic/results/B02_organic/reverse_collide_lib/translated_rust/tests/compare.rs:25: undefined reference to `reverse_collide'
          collect2: error: ld returned 1 exit status
          
  = note: some `extern` functions couldn't be found; some native libraries may need to be installed or have their path specified
  = note: use the `-l` flag to specify native libraries to link
  = note: use the `cargo:rustc-link-lib` directive to specify the native libraries to link with Cargo (see https://doc.rust-lang.org/cargo/reference/build-scripts.html#rustc-link-lib)

error: could not compile `reverse_collide_lib` (test "compare") due to 1 previous error
[38;5;244m - Completed in 0.558s[0m
[38;5;12m[1m [1.16][0m[0m
[?25l[0m[38;5;141m> [0mThe test binary can't find the [38;5;10mreverse_collide[0m symbol because it's in the cdylib. For integration tests, I need to link against the Rust cdylib or call it via libloading too. Let me use libloading for both:[0m[0m
[?25l[1m[38;5;9mKiro is having trouble responding right now: 
   0: Failed to receive the next message: request_id: 63deb6f6-bdfa-471b-b3e9-6333a54b06ff, error: InternalServerError: Encountered an unexpected error when processing the request, please try again.

Location:
   crates/chat-cli/src/cli/chat/mod.rs:1624

Backtrace omitted. Run with RUST_BACKTRACE=1 environment variable to display it.
Run with RUST_BACKTRACE=full to include source snippets.
[0m[0m[1G[0m[0m[?25herror: Tool approval required but --no-interactive was specified. Use --trust-all-tools to automatically approve tools.
