[32mAll tools are now trusted ([0m[31m![0m[32m). Kiro will execute tools without asking for confirmation.[0m
Agents can sometimes do unexpected things so understand the risks.

Learn more at [38;5;141mhttps://kiro.dev/docs/cli/chat/security/#using-tools-trust-all-safely[0m

[38;5;12mCheckpoints are not available in this directory. Use '/checkpoint init' to enable checkpoints.

[39m
[38;5;252m[0m[?25l[38;5;141m> [0m[0m[0m
[0m[0m
I'll start by reading all the source files to understand the project structure and the C code that needs to be translated.[0m[0m
[?25l[0m[0mBatch fs_read operation with [38;5;141m3[0m operations[38;5;244m (using tool: read)[0m

↱ Operation 1: Reading directory: [38;5;141m/tmp/harvest-crust-xLPnYX/project[0m
↱ Operation 2: Reading file: [38;5;141m/tmp/harvest-crust-xLPnYX/project/Cargo.toml[0m, all lines
↱ Operation 3: Reading file: [38;5;141m/tmp/harvest-crust-xLPnYX/project/src/lib.rs[0m, all lines
[38;5;10m ✓ [0mSuccessfully read directory [38;5;141m/tmp/harvest-crust-xLPnYX/project[0m [38;5;244m(19 entries)[0m

[38;5;10m ✓ [0mSuccessfully read [38;5;244m169 bytes[0m from /tmp/harvest-crust-xLPnYX/project/Cargo.toml

[38;5;10m ✓ [0mSuccessfully read [38;5;244m18 bytes[0m from /tmp/harvest-crust-xLPnYX/project/src/lib.rs

 ⋮ 

[38;5;244m- [0mSummary: 3 operations processed, 3 successful, 0 failed
[38;5;244m - Completed in 0.1s[0m

[?25l[0m[?25l[0m[0mBatch fs_read operation with [38;5;141m5[0m operations[38;5;244m (using tool: read)[0m

↱ Operation 1: Reading file: [38;5;141m/tmp/harvest-crust-xLPnYX/project/c_src/src/avalanche.c[0m, all lines
↱ Operation 2: Reading file: [38;5;141m/tmp/harvest-crust-xLPnYX/project/c_src/src/avalanche.h[0m, all lines
↱ Operation 3: Reading file: [38;5;141m/tmp/harvest-crust-xLPnYX/project/src/avalanche.rs[0m, all lines
↱ Operation 4: Reading file: [38;5;141m/tmp/harvest-crust-xLPnYX/project/c_src/tests/matrix_test.c[0m, all lines
↱ Operation 5: Reading file: [38;5;141m/tmp/harvest-crust-xLPnYX/project/c_src/tests/fnv_1a.c[0m, all lines
[38;5;10m ✓ [0mSuccessfully read [38;5;244m2570 bytes[0m from /tmp/harvest-crust-xLPnYX/project/c_src/src/avalanche.c

[38;5;10m ✓ [0mSuccessfully read [38;5;244m1253 bytes[0m from /tmp/harvest-crust-xLPnYX/project/c_src/src/avalanche.h

[38;5;10m ✓ [0mSuccessfully read [38;5;244m1483 bytes[0m from /tmp/harvest-crust-xLPnYX/project/src/avalanche.rs

[38;5;10m ✓ [0mSuccessfully read [38;5;244m874 bytes[0m from /tmp/harvest-crust-xLPnYX/project/c_src/tests/matrix_test.c

[38;5;10m ✓ [0mSuccessfully read [38;5;244m1711 bytes[0m from /tmp/harvest-crust-xLPnYX/project/c_src/tests/fnv_1a.c

 ⋮ 

[38;5;244m- [0mSummary: 5 operations processed, 5 successful, 0 failed
[38;5;244m - Completed in 0.0s[0m

[?25l[0m[38;5;141m> [0mNow let me check if there's a Rust test file:[0m[0m
[?25l[0m[0mSearching for files: [38;5;141m**/*.rs[0m in [38;5;141m/tmp/harvest-crust-xLPnYX/project[0m[38;5;244m (using tool: glob)[0m
[38;5;10m ✓ [0mSuccessfully found [38;5;244m2 files[0m under /tmp/harvest-crust-xLPnYX/project
[38;5;244m - Completed in 0.1s[0m

[?25l[0m[38;5;141m> [0mThere's no [38;5;10msrc/bin/matrix_test.rs[0m yet but the [38;5;10mCargo.toml[0m references it. Let me check the README too:[0m[0m
[?25l[0m[0mReading file: [38;5;141m/tmp/harvest-crust-xLPnYX/project/c_src/README.md[0m, all lines[38;5;244m (using tool: read)[0m
[38;5;10m ✓ [0mSuccessfully read [38;5;244m125 bytes[0m from /tmp/harvest-crust-xLPnYX/project/c_src/README.md
[38;5;244m - Completed in 0.0s[0m

[?25l[0m[38;5;141m> [0mNow I have a full understanding of the project. Let me implement the Rust code.[0m[0m
[?25l[0m[0m[38;5;11mTODO:
[39m[0m[ ] Implement all unimplemented!() bodies in src/avalanche.rs
[0m[ ] Create src/bin/matrix_test.rs test binary
[0m[ ] Build and fix any errors[38;5;244m - Completed in 0.0s[0m

[?25l[0m[?25l[0m[0mI'll modify the following file: [38;5;141msrc/avalanche.rs[0m[38;5;244m (using tool: write)[0m
Purpose: Implement the avalanche function translating from C

[48;2;43;48;59m[39m  19, 19[0m:[39m[48;2;43;48;59m [38;2;180;142;173mpub[38;2;192;197;206m [38;2;180;142;173mfn[38;2;192;197;206m [38;2;143;161;179mavalanche[38;2;192;197;206m([38;2;191;97;106mhash[38;2;192;197;206m:[38;2;192;197;206m HashFn, [38;2;191;97;106mins[38;2;192;197;206m:[38;2;192;197;206m [38;2;192;197;206m&[38;2;180;142;173mmut[38;2;192;197;206m dyn Read, [38;2;191;97;106mmax_iter[38;2;192;197;206m:[38;2;192;197;206m [38;2;180;142;173mu64[38;2;192;197;206m, [38;2;191;97;106mresults[38;2;192;197;206m:[38;2;192;197;206m [38;2;192;197;206m&[38;2;180;142;173mmut[38;2;192;197;206m Matrix[38;2;192;197;206m)[38;2;192;197;206m [38;2;192;197;206m{[K
[0m[48;2;79;40;40m[39m- 20    [0m:[39m[48;2;36;25;28m [38;2;192;197;206m    [38;2;192;197;206munimplemented![38;2;192;197;206m([38;2;192;197;206m)[K
[0m[48;2;40;67;43m[39m+     20[0m:[39m[48;2;24;38;30m [38;2;192;197;206m    [38;2;180;142;173mlet[38;2;192;197;206m key_size [38;2;192;197;206m=[38;2;192;197;206m results.n_rows [38;2;192;197;206m/[38;2;192;197;206m [38;2;208;135;112m8[38;2;192;197;206m;[K
[0m[48;2;40;67;43m[39m+     21[0m:[39m[48;2;24;38;30m [38;2;192;197;206m    [38;2;180;142;173mlet[38;2;192;197;206m hash_words [38;2;192;197;206m=[38;2;192;197;206m results.n_cols [38;2;192;197;206m/[38;2;192;197;206m [38;2;208;135;112m32[38;2;192;197;206m;[K
[0m[48;2;40;67;43m[39m+     22[0m:[39m[48;2;24;38;30m [K
[0m[48;2;40;67;43m[39m+     23[0m:[39m[48;2;24;38;30m [38;2;192;197;206m    [38;2;180;142;173mlet[38;2;192;197;206m [38;2;180;142;173mmut[38;2;192;197;206m key [38;2;192;197;206m=[38;2;192;197;206m [38;2;192;197;206mvec![38;2;192;197;206m[[38;2;208;135;112m0[38;2;180;142;173mu8[38;2;192;197;206m;[38;2;192;197;206m key_size[38;2;192;197;206m][38;2;192;197;206m;[K
[0m[48;2;40;67;43m[39m+     24[0m:[39m[48;2;24;38;30m [38;2;192;197;206m    [38;2;180;142;173mlet[38;2;192;197;206m [38;2;180;142;173mmut[38;2;192;197;206m hvalue [38;2;192;197;206m=[38;2;192;197;206m [38;2;192;197;206mvec![38;2;192;197;206m[[38;2;208;135;112m0[38;2;180;142;173mu32[38;2;192;197;206m;[38;2;192;197;206m hash_words[38;2;192;197;206m][38;2;192;197;206m;[K
[0m[48;2;40;67;43m[39m+     25[0m:[39m[48;2;24;38;30m [38;2;192;197;206m    [38;2;180;142;173mlet[38;2;192;197;206m [38;2;180;142;173mmut[38;2;192;197;206m htemp [38;2;192;197;206m=[38;2;192;197;206m [38;2;192;197;206mvec![38;2;192;197;206m[[38;2;208;135;112m0[38;2;180;142;173mu32[38;2;192;197;206m;[38;2;192;197;206m hash_words[38;2;192;197;206m][38;2;192;197;206m;[K
[0m[48;2;40;67;43m[39m+     26[0m:[39m[48;2;24;38;30m [K
[0m[48;2;40;67;43m[39m+     27[0m:[39m[48;2;24;38;30m [38;2;192;197;206m    [38;2;180;142;173mlet[38;2;192;197;206m [38;2;180;142;173mmut[38;2;192;197;206m key_count[38;2;192;197;206m:[38;2;192;197;206m [38;2;180;142;173mu64[38;2;192;197;206m [38;2;192;197;206m=[38;2;192;197;206m [38;2;208;135;112m0[38;2;192;197;206m;[K
[0m[48;2;40;67;43m[39m+     28[0m:[39m[48;2;24;38;30m [38;2;192;197;206m    [38;2;180;142;173mwhile[38;2;192;197;206m key_count [38;2;192;197;206m<[38;2;192;197;206m max_iter [38;2;192;197;206m{[K
[0m[48;2;40;67;43m[39m+     29[0m:[39m[48;2;24;38;30m [38;2;192;197;206m        [38;2;180;142;173mif[38;2;192;197;206m ins.[38;2;150;181;180mread_exact[38;2;192;197;206m([38;2;192;197;206m&[38;2;180;142;173mmut[38;2;192;197;206m key[38;2;192;197;206m)[38;2;192;197;206m.[38;2;150;181;180mis_err[38;2;192;197;206m([38;2;192;197;206m)[38;2;192;197;206m [38;2;192;197;206m{[K
[0m[48;2;40;67;43m[39m+     30[0m:[39m[48;2;24;38;30m [38;2;192;197;206m            [38;2;180;142;173mbreak[38;2;192;197;206m;[K
[0m[48;2;40;67;43m[39m+     31[0m:[39m[48;2;24;38;30m [38;2;192;197;206m        [38;2;192;197;206m}[K
[0m[48;2;40;67;43m[39m+     32[0m:[39m[48;2;24;38;30m [38;2;192;197;206m        [38;2;150;181;180mhash[38;2;192;197;206m([38;2;192;197;206m&[38;2;192;197;206mkey[38;2;192;197;206m,[38;2;192;197;206m [38;2;192;197;206m&[38;2;180;142;173mmut[38;2;192;197;206m hvalue[38;2;192;197;206m)[38;2;192;197;206m;[K
[0m[48;2;40;67;43m[39m+     33[0m:[39m[48;2;24;38;30m [38;2;192;197;206m        key_count [38;2;192;197;206m+[38;2;192;197;206m=[38;2;192;197;206m [38;2;208;135;112m1[38;2;192;197;206m;[K
[0m[48;2;40;67;43m[39m+     34[0m:[39m[48;2;24;38;30m [K
[0m[48;2;40;67;43m[39m+     35[0m:[39m[48;2;24;38;30m [38;2;192;197;206m        [38;2;180;142;173mfor[38;2;192;197;206m i_byte [38;2;192;197;206min[38;2;192;197;206m [38;2;208;135;112m0[38;2;192;197;206m..[38;2;192;197;206mkey_size [38;2;192;197;206m{[K
[0m[48;2;40;67;43m[39m+     36[0m:[39m[48;2;24;38;30m [38;2;192;197;206m            [38;2;180;142;173mfor[38;2;192;197;206m i_bit [38;2;192;197;206min[38;2;192;197;206m [38;2;208;135;112m0[38;2;192;197;206m..[38;2;208;135;112m8[38;2;180;142;173mu8[38;2;192;197;206m [38;2;192;197;206m{[K
[0m[48;2;40;67;43m[39m+     37[0m:[39m[48;2;24;38;30m [38;2;192;197;206m                [38;2;180;142;173mlet[38;2;192;197;206m row [38;2;192;197;206m=[38;2;192;197;206m i_byte [38;2;192;197;206m*[38;2;192;197;206m [38;2;208;135;112m8[38;2;192;197;206m [38;2;192;197;206m+[38;2;192;197;206m i_bit [38;2;192;197;206mas[38;2;192;197;206m [38;2;180;142;173musize[38;2;192;197;206m;[K
[0m[48;2;40;67;43m[39m+     38[0m:[39m[48;2;24;38;30m [38;2;192;197;206m                [38;2;180;142;173mlet[38;2;192;197;206m i_mask[38;2;192;197;206m:[38;2;192;197;206m [38;2;180;142;173mu8[38;2;192;197;206m [38;2;192;197;206m=[38;2;192;197;206m [38;2;208;135;112m0x80[38;2;192;197;206m [38;2;192;197;206m>[38;2;192;197;206m>[38;2;192;197;206m i_bit[38;2;192;197;206m;[K
[0m[48;2;40;67;43m[39m+     39[0m:[39m[48;2;24;38;30m [38;2;192;197;206m                key[38;2;192;197;206m[[38;2;192;197;206mi_byte[38;2;192;197;206m][38;2;192;197;206m [38;2;192;197;206m^[38;2;192;197;206m=[38;2;192;197;206m i_mask[38;2;192;197;206m;[K
[0m[48;2;40;67;43m[39m+     40[0m:[39m[48;2;24;38;30m [38;2;192;197;206m                [38;2;150;181;180mhash[38;2;192;197;206m([38;2;192;197;206m&[38;2;192;197;206mkey[38;2;192;197;206m,[38;2;192;197;206m [38;2;192;197;206m&[38;2;180;142;173mmut[38;2;192;197;206m htemp[38;2;192;197;206m)[38;2;192;197;206m;[K
[0m[48;2;40;67;43m[39m+     41[0m:[39m[48;2;24;38;30m [38;2;192;197;206m                key[38;2;192;197;206m[[38;2;192;197;206mi_byte[38;2;192;197;206m][38;2;192;197;206m [38;2;192;197;206m^[38;2;192;197;206m=[38;2;192;197;206m i_mask[38;2;192;197;206m;[K
[0m[48;2;40;67;43m[39m+     42[0m:[39m[48;2;24;38;30m [K
[0m[48;2;40;67;43m[39m+     43[0m:[39m[48;2;24;38;30m [38;2;192;197;206m                [38;2;180;142;173mfor[38;2;192;197;206m j_word [38;2;192;197;206min[38;2;192;197;206m [38;2;208;135;112m0[38;2;192;197;206m..[38;2;192;197;206mhash_words [38;2;192;197;206m{[K
[0m[48;2;40;67;43m[39m+     44[0m:[39m[48;2;24;38;30m [38;2;192;197;206m                    [38;2;180;142;173mfor[38;2;192;197;206m j_bit [38;2;192;197;206min[38;2;192;197;206m [38;2;208;135;112m0[38;2;192;197;206m..[38;2;208;135;112m32[38;2;180;142;173mu32[38;2;192;197;206m [38;2;192;197;206m{[K
[0m[48;2;40;67;43m[39m+     45[0m:[39m[48;2;24;38;30m [38;2;192;197;206m                        [38;2;180;142;173mlet[38;2;192;197;206m col [38;2;192;197;206m=[38;2;192;197;206m j_word [38;2;192;197;206m*[38;2;192;197;206m [38;2;208;135;112m32[38;2;192;197;206m [38;2;192;197;206m+[38;2;192;197;206m j_bit [38;2;192;197;206mas[38;2;192;197;206m [38;2;180;142;173musize[38;2;192;197;206m;[K
[0m[48;2;40;67;43m[39m+     46[0m:[39m[48;2;24;38;30m [38;2;192;197;206m                        [38;2;180;142;173mlet[38;2;192;197;206m j_mask[38;2;192;197;206m:[38;2;192;197;206m [38;2;180;142;173mu32[38;2;192;197;206m [38;2;192;197;206m=[38;2;192;197;206m [38;2;208;135;112m0x80000000[38;2;192;197;206m [38;2;192;197;206m>[38;2;192;197;206m>[38;2;192;197;206m j_bit[38;2;192;197;206m;[K
[0m[48;2;40;67;43m[39m+     47[0m:[39m[48;2;24;38;30m [38;2;192;197;206m                        [38;2;180;142;173mif[38;2;192;197;206m [38;2;192;197;206m([38;2;192;197;206mhvalue[38;2;192;197;206m[[38;2;192;197;206mj_word[38;2;192;197;206m][38;2;192;197;206m [38;2;192;197;206m^[38;2;192;197;206m htemp[38;2;192;197;206m[[38;2;192;197;206mj_word[38;2;192;197;206m][38;2;192;197;206m)[38;2;192;197;206m [38;2;192;197;206m&[38;2;192;197;206m j_mask [38;2;192;197;206m![38;2;192;197;206m=[38;2;192;197;206m [38;2;208;135;112m0[38;2;192;197;206m [38;2;192;197;206m{[K
[0m[48;2;40;67;43m[39m+     48[0m:[39m[48;2;24;38;30m [38;2;192;197;206m                            [38;2;180;142;173mlet[38;2;192;197;206m curr [38;2;192;197;206m=[38;2;192;197;206m results.[38;2;150;181;180mmatrix_get[38;2;192;197;206m([38;2;192;197;206mrow[38;2;192;197;206m,[38;2;192;197;206m col[38;2;192;197;206m)[38;2;192;197;206m;[K
[0m[48;2;40;67;43m[39m+     49[0m:[39m[48;2;24;38;30m [38;2;192;197;206m                            results.[38;2;150;181;180mmatrix_set[38;2;192;197;206m([38;2;192;197;206mrow[38;2;192;197;206m,[38;2;192;197;206m col[38;2;192;197;206m,[38;2;192;197;206m curr [38;2;192;197;206m+[38;2;192;197;206m [38;2;208;135;112m1.[38;2;208;135;112m0[38;2;192;197;206m)[38;2;192;197;206m;[K
[0m[48;2;40;67;43m[39m+     50[0m:[39m[48;2;24;38;30m [38;2;192;197;206m                        [38;2;192;197;206m}[K
[0m[48;2;40;67;43m[39m+     51[0m:[39m[48;2;24;38;30m [38;2;192;197;206m                    [38;2;192;197;206m}[K
[0m[48;2;40;67;43m[39m+     52[0m:[39m[48;2;24;38;30m [38;2;192;197;206m                [38;2;192;197;206m}[K
[0m[48;2;40;67;43m[39m+     53[0m:[39m[48;2;24;38;30m [38;2;192;197;206m            [38;2;192;197;206m}[K
[0m[48;2;40;67;43m[39m+     54[0m:[39m[48;2;24;38;30m [38;2;192;197;206m        [38;2;192;197;206m}[K
[0m[48;2;40;67;43m[39m+     55[0m:[39m[48;2;24;38;30m [38;2;192;197;206m    [38;2;192;197;206m}[K
[0m[48;2;40;67;43m[39m+     56[0m:[39m[48;2;24;38;30m [K
[0m[48;2;40;67;43m[39m+     57[0m:[39m[48;2;24;38;30m [38;2;192;197;206m    [38;2;180;142;173mif[38;2;192;197;206m key_count [38;2;192;197;206m>[38;2;192;197;206m [38;2;208;135;112m0[38;2;192;197;206m [38;2;192;197;206m{[K
[0m[48;2;40;67;43m[39m+     58[0m:[39m[48;2;24;38;30m [38;2;192;197;206m        [38;2;180;142;173mfor[38;2;192;197;206m v [38;2;192;197;206min[38;2;192;197;206m results.vals.[38;2;150;181;180miter_mut[38;2;192;197;206m([38;2;192;197;206m)[38;2;192;197;206m [38;2;192;197;206m{[K
[0m[48;2;40;67;43m[39m+     59[0m:[39m[48;2;24;38;30m [38;2;192;197;206m            [38;2;192;197;206m*[38;2;192;197;206mv [38;2;192;197;206m/[38;2;192;197;206m=[38;2;192;197;206m key_count [38;2;192;197;206mas[38;2;192;197;206m [38;2;180;142;173mf64[38;2;192;197;206m;[K
[0m[48;2;40;67;43m[39m+     60[0m:[39m[48;2;24;38;30m [38;2;192;197;206m        [38;2;192;197;206m}[K
[0m[48;2;40;67;43m[39m+     61[0m:[39m[48;2;24;38;30m [38;2;192;197;206m    [38;2;192;197;206m}[K
[0m[48;2;43;48;59m[39m  21, 62[0m:[39m[48;2;43;48;59m [38;2;192;197;206m}[K
[0m[K
Updating: [38;5;141msrc/avalanche.rs[0m
[38;5;244m - Completed in 0.0s[0m

[?25l[0m[?25l[0m[0mI'll modify the following file: [38;5;141msrc/avalanche.rs[0m[38;5;244m (using tool: write)[0m
Purpose: Implement Matrix methods

[48;2;43;48;59m[39m  65, 65[0m:[39m[48;2;43;48;59m [38;2;192;197;206m    [38;2;180;142;173mpub[38;2;192;197;206m [38;2;180;142;173mfn[38;2;192;197;206m [38;2;143;161;179mmatrix_alloc[38;2;192;197;206m([38;2;191;97;106mn_rows[38;2;192;197;206m:[38;2;192;197;206m [38;2;180;142;173musize[38;2;192;197;206m, [38;2;191;97;106mn_cols[38;2;192;197;206m:[38;2;192;197;206m [38;2;180;142;173musize[38;2;192;197;206m)[38;2;192;197;206m [38;2;192;197;206m->[38;2;192;197;206m [38;2;180;142;173mSelf[38;2;192;197;206m [38;2;192;197;206m{[K
[0m[48;2;79;40;40m[39m- 66    [0m:[39m[48;2;36;25;28m [38;2;192;197;206m        [38;2;192;197;206munimplemented![38;2;192;197;206m([38;2;192;197;206m)[K
[0m[48;2;40;67;43m[39m+     66[0m:[39m[48;2;24;38;30m [38;2;192;197;206m        Matrix [38;2;192;197;206m{[38;2;192;197;206m n_rows[38;2;192;197;206m,[38;2;192;197;206m n_cols[38;2;192;197;206m,[38;2;192;197;206m vals[38;2;192;197;206m:[38;2;192;197;206m [38;2;192;197;206mvec![38;2;192;197;206m[[38;2;208;135;112m0.[38;2;208;135;112m0[38;2;192;197;206m;[38;2;192;197;206m n_rows [38;2;192;197;206m*[38;2;192;197;206m n_cols[38;2;192;197;206m][38;2;192;197;206m [38;2;192;197;206m}[K
[0m[48;2;43;48;59m[39m  67, 67[0m:[39m[48;2;43;48;59m [38;2;192;197;206m    [38;2;192;197;206m}[K
[0m[48;2;43;48;59m[39m  68, 68[0m:[39m[48;2;43;48;59m [38;2;192;197;206m    [38;2;101;115;126m///[38;2;101;115;126m Print the matrix to the given writer using the specified format.[K
[0m[48;2;43;48;59m[39m  69, 69[0m:[39m[48;2;43;48;59m [38;2;192;197;206m    [38;2;180;142;173mpub[38;2;192;197;206m [38;2;180;142;173mfn[38;2;192;197;206m [38;2;143;161;179mmatrix_fprintf[38;2;192;197;206m([38;2;192;197;206m&[38;2;191;97;106mself[38;2;192;197;206m, [38;2;191;97;106mfout[38;2;192;197;206m:[38;2;192;197;206m [38;2;192;197;206m&[38;2;180;142;173mmut[38;2;192;197;206m dyn Write, [38;2;191;97;106mformat[38;2;192;197;206m:[38;2;192;197;206m [38;2;192;197;206m&[38;2;180;142;173mstr[38;2;192;197;206m)[38;2;192;197;206m [38;2;192;197;206m{[K
[0m[48;2;79;40;40m[39m- 70    [0m:[39m[48;2;36;25;28m [38;2;192;197;206m        [38;2;192;197;206munimplemented![38;2;192;197;206m([38;2;192;197;206m)[K
[0m[48;2;79;40;40m[39m- 71    [0m:[39m[48;2;36;25;28m [38;2;192;197;206m    [38;2;192;197;206m}[K
[0m[48;2;40;67;43m[39m+     70[0m:[39m[48;2;24;38;30m [38;2;192;197;206m        [38;2;180;142;173mfor[38;2;192;197;206m r [38;2;192;197;206min[38;2;192;197;206m [38;2;208;135;112m0[38;2;192;197;206m..[38;2;191;97;106mself[38;2;192;197;206m.n_rows [38;2;192;197;206m{[K
[0m[48;2;40;67;43m[39m+     71[0m:[39m[48;2;24;38;30m [38;2;192;197;206m            [38;2;180;142;173mfor[38;2;192;197;206m c [38;2;192;197;206min[38;2;192;197;206m [38;2;208;135;112m0[38;2;192;197;206m..[38;2;191;97;106mself[38;2;192;197;206m.n_cols [38;2;192;197;206m{[K
[0m[48;2;40;67;43m[39m+     72[0m:[39m[48;2;24;38;30m [38;2;192;197;206m                [38;2;180;142;173mlet[38;2;192;197;206m val [38;2;192;197;206m=[38;2;192;197;206m [38;2;191;97;106mself[38;2;192;197;206m.[38;2;150;181;180mmatrix_get[38;2;192;197;206m([38;2;192;197;206mr[38;2;192;197;206m,[38;2;192;197;206m c[38;2;192;197;206m)[38;2;192;197;206m;[K
[0m[48;2;40;67;43m[39m+     73[0m:[39m[48;2;24;38;30m [38;2;192;197;206m                [38;2;101;115;126m//[38;2;101;115;126m Parse the C-style format string and emulate with Rust formatting[K
[0m[48;2;40;67;43m[39m+     74[0m:[39m[48;2;24;38;30m [38;2;192;197;206m                [38;2;180;142;173mlet[38;2;192;197;206m s [38;2;192;197;206m=[38;2;192;197;206m [38;2;150;181;180mc_format[38;2;192;197;206m([38;2;192;197;206mformat[38;2;192;197;206m,[38;2;192;197;206m val[38;2;192;197;206m)[38;2;192;197;206m;[K
[0m[48;2;40;67;43m[39m+     75[0m:[39m[48;2;24;38;30m [38;2;192;197;206m                [38;2;192;197;206mwrite![38;2;192;197;206m([38;2;192;197;206mfout,[38;2;192;197;206m [38;2;192;197;206m"[38;2;208;135;112m{}[38;2;192;197;206m"[38;2;192;197;206m,[38;2;192;197;206m s[38;2;192;197;206m)[38;2;192;197;206m.[38;2;150;181;180mok[38;2;192;197;206m([38;2;192;197;206m)[38;2;192;197;206m;[K
[0m[48;2;40;67;43m[39m+     76[0m:[39m[48;2;24;38;30m [38;2;192;197;206m            [38;2;192;197;206m}[K
[0m[48;2;40;67;43m[39m+     77[0m:[39m[48;2;24;38;30m [38;2;192;197;206m            [38;2;192;197;206mwriteln![38;2;192;197;206m([38;2;192;197;206mfout).ok();[K
[0m[48;2;40;67;43m[39m+     78[0m:[39m[48;2;24;38;30m [38;2;192;197;206m        }[K
[0m[48;2;40;67;43m[39m+     79[0m:[39m[48;2;24;38;30m [38;2;192;197;206m    }[K
[0m[48;2;43;48;59m[39m  72, 80[0m:[39m[48;2;43;48;59m [38;2;192;197;206m    [38;2;101;115;126m///[38;2;101;115;126m Get value from the matrix at (row, col).[K
[0m[48;2;79;40;40m[39m- 73    [0m:[39m[48;2;36;25;28m [38;2;192;197;206m    [38;2;180;142;173mpub[38;2;192;197;206m [38;2;180;142;173mfn[38;2;192;197;206m [38;2;143;161;179mmatrix_get[38;2;192;197;206m([38;2;192;197;206m&[38;2;191;97;106mself[38;2;192;197;206m, [38;2;191;97;106mrow[38;2;192;197;206m:[38;2;192;197;206m [38;2;180;142;173musize[38;2;192;197;206m, [38;2;191;97;106mcol[38;2;192;197;206m:[38;2;192;197;206m [38;2;180;142;173musize[38;2;192;197;206m)[38;2;192;197;206m [38;2;192;197;206m->[38;2;192;197;206m [38;2;180;142;173mf64[38;2;192;197;206m [38;2;192;197;206m{[K
[0m[48;2;79;40;40m[39m- 74    [0m:[39m[48;2;36;25;28m [38;2;192;197;206m        [38;2;192;197;206munimplemented![38;2;192;197;206m([38;2;192;197;206m)[K
[0m[48;2;40;67;43m[39m+     81[0m:[39m[48;2;24;38;30m [38;2;192;197;206m    pub fn matrix_get(&self,[38;2;192;197;206m [38;2;192;197;206mrow[38;2;192;197;206m:[38;2;192;197;206m [38;2;180;142;173musize[38;2;192;197;206m,[38;2;192;197;206m col[38;2;192;197;206m:[38;2;192;197;206m [38;2;180;142;173musize[38;2;192;197;206m)[38;2;192;197;206m [38;2;192;197;206m->[38;2;192;197;206m [38;2;180;142;173mf64[38;2;192;197;206m [38;2;192;197;206m{[K
[0m[48;2;40;67;43m[39m+     82[0m:[39m[48;2;24;38;30m [38;2;192;197;206m        [38;2;191;97;106mself[38;2;192;197;206m.vals[38;2;192;197;206m[[38;2;192;197;206mrow [38;2;192;197;206m*[38;2;192;197;206m [38;2;191;97;106mself[38;2;192;197;206m.n_cols [38;2;192;197;206m+[38;2;192;197;206m col[38;2;192;197;206m][K
[0m[48;2;43;48;59m[39m  75, 83[0m:[39m[48;2;43;48;59m [38;2;192;197;206m    [38;2;192;197;206m}[K
[0m[48;2;43;48;59m[39m  76, 84[0m:[39m[48;2;43;48;59m [38;2;192;197;206m    [38;2;101;115;126m///[38;2;101;115;126m Set value in the matrix at (row, col).[K
[0m[48;2;43;48;59m[39m  77, 85[0m:[39m[48;2;43;48;59m [38;2;192;197;206m    [38;2;180;142;173mpub[38;2;192;197;206m [38;2;180;142;173mfn[38;2;192;197;206m [38;2;143;161;179mmatrix_set[38;2;192;197;206m([38;2;192;197;206m&[38;2;180;142;173mmut[38;2;192;197;206m [38;2;191;97;106mself[38;2;192;197;206m, [38;2;191;97;106mrow[38;2;192;197;206m:[38;2;192;197;206m [38;2;180;142;173musize[38;2;192;197;206m, [38;2;191;97;106mcol[38;2;192;197;206m:[38;2;192;197;206m [38;2;180;142;173musize[38;2;192;197;206m, [38;2;191;97;106mval[38;2;192;197;206m:[38;2;192;197;206m [38;2;180;142;173mf64[38;2;192;197;206m)[38;2;192;197;206m [38;2;192;197;206m{[K
[0m[48;2;79;40;40m[39m- 78    [0m:[39m[48;2;36;25;28m [38;2;192;197;206m        [38;2;192;197;206munimplemented![38;2;192;197;206m([38;2;192;197;206m)[K
[0m[48;2;40;67;43m[39m+     86[0m:[39m[48;2;24;38;30m [38;2;192;197;206m        [38;2;191;97;106mself[38;2;192;197;206m.vals[38;2;192;197;206m[[38;2;192;197;206mrow [38;2;192;197;206m*[38;2;192;197;206m [38;2;191;97;106mself[38;2;192;197;206m.n_cols [38;2;192;197;206m+[38;2;192;197;206m col[38;2;192;197;206m][38;2;192;197;206m [38;2;192;197;206m=[38;2;192;197;206m val[38;2;192;197;206m;[K
[0m[48;2;43;48;59m[39m  79, 87[0m:[39m[48;2;43;48;59m [38;2;192;197;206m    [38;2;192;197;206m}[K
[0m[K
Updating: [38;5;141msrc/avalanche.rs[0m
[38;5;244m - Completed in 0.0s[0m

[?25l[0m[38;5;141m> [0mNow I need to add the [38;5;10mc_format[0m helper function. The C code uses [38;5;10mfprintf[0m with C format strings like [38;5;10m"%8.4f"[0m and [38;5;10m"% 6.4g"[0m. Let me implement a helper that handles these common cases:[0m[0m
[?25l[0m[0mI'll modify the following file: [38;5;141msrc/avalanche.rs[0m[38;5;244m (using tool: write)[0m
Purpose: Add c_format helper function for printf-style formatting

[48;2;43;48;59m[39m  1,   1[0m:[39m[48;2;43;48;59m [38;2;180;142;173muse[38;2;192;197;206m [38;2;192;197;206mstd[38;2;192;197;206m::[38;2;192;197;206mio[38;2;192;197;206m::[38;2;192;197;206m{[38;2;192;197;206mRead[38;2;192;197;206m,[38;2;192;197;206m Write[38;2;192;197;206m}[38;2;192;197;206m;[K
[0m[48;2;40;67;43m[39m+      2[0m:[39m[48;2;24;38;30m [K
[0m[48;2;40;67;43m[39m+      3[0m:[39m[48;2;24;38;30m [38;2;101;115;126m///[38;2;101;115;126m Helper to emulate C printf-style formatting for a single f64 value.[K
[0m[48;2;40;67;43m[39m+      4[0m:[39m[48;2;24;38;30m [38;2;101;115;126m///[38;2;101;115;126m Supports formats like "%8.4f", "% 6.4g", "%f", "%g", "%e", etc.[K
[0m[48;2;40;67;43m[39m+      5[0m:[39m[48;2;24;38;30m [38;2;180;142;173mfn[38;2;192;197;206m [38;2;143;161;179mc_format[38;2;192;197;206m([38;2;191;97;106mfmt[38;2;192;197;206m:[38;2;192;197;206m [38;2;192;197;206m&[38;2;180;142;173mstr[38;2;192;197;206m, [38;2;191;97;106mval[38;2;192;197;206m:[38;2;192;197;206m [38;2;180;142;173mf64[38;2;192;197;206m)[38;2;192;197;206m [38;2;192;197;206m->[38;2;192;197;206m String[38;2;192;197;206m [38;2;192;197;206m{[K
[0m[48;2;40;67;43m[39m+      6[0m:[39m[48;2;24;38;30m [38;2;192;197;206m    [38;2;180;142;173mlet[38;2;192;197;206m bytes [38;2;192;197;206m=[38;2;192;197;206m fmt.[38;2;150;181;180mas_bytes[38;2;192;197;206m([38;2;192;197;206m)[38;2;192;197;206m;[K
[0m[48;2;40;67;43m[39m+      7[0m:[39m[48;2;24;38;30m [38;2;192;197;206m    [38;2;180;142;173mlet[38;2;192;197;206m [38;2;180;142;173mmut[38;2;192;197;206m i [38;2;192;197;206m=[38;2;192;197;206m [38;2;208;135;112m0[38;2;192;197;206m;[K
[0m[48;2;40;67;43m[39m+      8[0m:[39m[48;2;24;38;30m [38;2;192;197;206m    [38;2;101;115;126m//[38;2;101;115;126m Find '%'[K
[0m[48;2;40;67;43m[39m+      9[0m:[39m[48;2;24;38;30m [38;2;192;197;206m    [38;2;180;142;173mwhile[38;2;192;197;206m i [38;2;192;197;206m<[38;2;192;197;206m bytes.[38;2;150;181;180mlen[38;2;192;197;206m([38;2;192;197;206m)[38;2;192;197;206m [38;2;192;197;206m&[38;2;192;197;206m&[38;2;192;197;206m bytes[38;2;192;197;206m[[38;2;192;197;206mi[38;2;192;197;206m][38;2;192;197;206m [38;2;192;197;206m![38;2;192;197;206m=[38;2;192;197;206m [38;2;180;142;173mb[38;2;192;197;206m'[38;2;163;190;140m%[38;2;192;197;206m'[38;2;192;197;206m [38;2;192;197;206m{[K
[0m[48;2;40;67;43m[39m+     10[0m:[39m[48;2;24;38;30m [38;2;192;197;206m        i [38;2;192;197;206m+[38;2;192;197;206m=[38;2;192;197;206m [38;2;208;135;112m1[38;2;192;197;206m;[K
[0m[48;2;40;67;43m[39m+     11[0m:[39m[48;2;24;38;30m [38;2;192;197;206m    [38;2;192;197;206m}[K
[0m[48;2;40;67;43m[39m+     12[0m:[39m[48;2;24;38;30m [38;2;192;197;206m    [38;2;180;142;173mlet[38;2;192;197;206m prefix [38;2;192;197;206m=[38;2;192;197;206m [38;2;192;197;206m&[38;2;192;197;206mfmt[38;2;192;197;206m[[38;2;192;197;206m..[38;2;192;197;206mi[38;2;192;197;206m][38;2;192;197;206m;[K
[0m[48;2;40;67;43m[39m+     13[0m:[39m[48;2;24;38;30m [38;2;192;197;206m    [38;2;180;142;173mif[38;2;192;197;206m i [38;2;192;197;206m>[38;2;192;197;206m=[38;2;192;197;206m bytes.[38;2;150;181;180mlen[38;2;192;197;206m([38;2;192;197;206m)[38;2;192;197;206m [38;2;192;197;206m{[K
[0m[48;2;40;67;43m[39m+     14[0m:[39m[48;2;24;38;30m [38;2;192;197;206m        [38;2;180;142;173mreturn[38;2;192;197;206m prefix.[38;2;150;181;180mto_string[38;2;192;197;206m([38;2;192;197;206m)[38;2;192;197;206m;[K
[0m[48;2;40;67;43m[39m+     15[0m:[39m[48;2;24;38;30m [38;2;192;197;206m    [38;2;192;197;206m}[K
[0m[48;2;40;67;43m[39m+     16[0m:[39m[48;2;24;38;30m [38;2;192;197;206m    i [38;2;192;197;206m+[38;2;192;197;206m=[38;2;192;197;206m [38;2;208;135;112m1[38;2;192;197;206m;[38;2;192;197;206m [38;2;101;115;126m//[38;2;101;115;126m skip '%'[K
[0m[48;2;40;67;43m[39m+     17[0m:[39m[48;2;24;38;30m [K
[0m[48;2;40;67;43m[39m+     18[0m:[39m[48;2;24;38;30m [38;2;192;197;206m    [38;2;101;115;126m//[38;2;101;115;126m Parse flags[K
[0m[48;2;40;67;43m[39m+     19[0m:[39m[48;2;24;38;30m [38;2;192;197;206m    [38;2;180;142;173mlet[38;2;192;197;206m [38;2;180;142;173mmut[38;2;192;197;206m space_flag [38;2;192;197;206m=[38;2;192;197;206m [38;2;208;135;112mfalse[38;2;192;197;206m;[K
[0m[48;2;40;67;43m[39m+     20[0m:[39m[48;2;24;38;30m [38;2;192;197;206m    [38;2;180;142;173mwhile[38;2;192;197;206m i [38;2;192;197;206m<[38;2;192;197;206m bytes.[38;2;150;181;180mlen[38;2;192;197;206m([38;2;192;197;206m)[38;2;192;197;206m [38;2;192;197;206m{[K
[0m[48;2;40;67;43m[39m+     21[0m:[39m[48;2;24;38;30m [38;2;192;197;206m        [38;2;180;142;173mmatch[38;2;192;197;206m bytes[38;2;192;197;206m[[38;2;192;197;206mi[38;2;192;197;206m][38;2;192;197;206m [38;2;192;197;206m{[K
[0m[48;2;40;67;43m[39m+     22[0m:[39m[48;2;24;38;30m [38;2;192;197;206m            [38;2;180;142;173mb[38;2;192;197;206m'[38;2;163;190;140m [38;2;192;197;206m'[38;2;192;197;206m [38;2;192;197;206m=>[38;2;192;197;206m space_flag [38;2;192;197;206m=[38;2;192;197;206m [38;2;208;135;112mtrue[38;2;192;197;206m,[K
[0m[48;2;40;67;43m[39m+     23[0m:[39m[48;2;24;38;30m [38;2;192;197;206m            [38;2;180;142;173mb[38;2;192;197;206m'[38;2;163;190;140m-[38;2;192;197;206m'[38;2;192;197;206m [38;2;192;197;206m|[38;2;192;197;206m [38;2;180;142;173mb[38;2;192;197;206m'[38;2;163;190;140m+[38;2;192;197;206m'[38;2;192;197;206m [38;2;192;197;206m|[38;2;192;197;206m [38;2;180;142;173mb[38;2;192;197;206m'[38;2;163;190;140m0[38;2;192;197;206m'[38;2;192;197;206m [38;2;192;197;206m|[38;2;192;197;206m [38;2;180;142;173mb[38;2;192;197;206m'[38;2;163;190;140m#[38;2;192;197;206m'[38;2;192;197;206m [38;2;192;197;206m=>[38;2;192;197;206m [38;2;192;197;206m{[38;2;192;197;206m}[K
[0m[48;2;40;67;43m[39m+     24[0m:[39m[48;2;24;38;30m [38;2;192;197;206m            [38;2;192;197;206m_[38;2;192;197;206m [38;2;192;197;206m=>[38;2;192;197;206m [38;2;180;142;173mbreak[38;2;192;197;206m,[K
[0m[48;2;40;67;43m[39m+     25[0m:[39m[48;2;24;38;30m [38;2;192;197;206m        [38;2;192;197;206m}[K
[0m[48;2;40;67;43m[39m+     26[0m:[39m[48;2;24;38;30m [38;2;192;197;206m        i [38;2;192;197;206m+[38;2;192;197;206m=[38;2;192;197;206m [38;2;208;135;112m1[38;2;192;197;206m;[K
[0m[48;2;40;67;43m[39m+     27[0m:[39m[48;2;24;38;30m [38;2;192;197;206m    [38;2;192;197;206m}[K
[0m[48;2;40;67;43m[39m+     28[0m:[39m[48;2;24;38;30m [K
[0m[48;2;40;67;43m[39m+     29[0m:[39m[48;2;24;38;30m [38;2;192;197;206m    [38;2;101;115;126m//[38;2;101;115;126m Parse width[K
[0m[48;2;40;67;43m[39m+     30[0m:[39m[48;2;24;38;30m [38;2;192;197;206m    [38;2;180;142;173mlet[38;2;192;197;206m w_start [38;2;192;197;206m=[38;2;192;197;206m i[38;2;192;197;206m;[K
[0m[48;2;40;67;43m[39m+     31[0m:[39m[48;2;24;38;30m [38;2;192;197;206m    [38;2;180;142;173mwhile[38;2;192;197;206m i [38;2;192;197;206m<[38;2;192;197;206m bytes.[38;2;150;181;180mlen[38;2;192;197;206m([38;2;192;197;206m)[38;2;192;197;206m [38;2;192;197;206m&[38;2;192;197;206m&[38;2;192;197;206m bytes[38;2;192;197;206m[[38;2;192;197;206mi[38;2;192;197;206m][38;2;192;197;206m.[38;2;150;181;180mis_ascii_digit[38;2;192;197;206m([38;2;192;197;206m)[38;2;192;197;206m [38;2;192;197;206m{[K
[0m[48;2;40;67;43m[39m+     32[0m:[39m[48;2;24;38;30m [38;2;192;197;206m        i [38;2;192;197;206m+[38;2;192;197;206m=[38;2;192;197;206m [38;2;208;135;112m1[38;2;192;197;206m;[K
[0m[48;2;40;67;43m[39m+     33[0m:[39m[48;2;24;38;30m [38;2;192;197;206m    [38;2;192;197;206m}[K
[0m[48;2;40;67;43m[39m+     34[0m:[39m[48;2;24;38;30m [38;2;192;197;206m    [38;2;180;142;173mlet[38;2;192;197;206m width[38;2;192;197;206m:[38;2;192;197;206m [38;2;180;142;173musize[38;2;192;197;206m [38;2;192;197;206m=[38;2;192;197;206m [38;2;180;142;173mif[38;2;192;197;206m i [38;2;192;197;206m>[38;2;192;197;206m w_start [38;2;192;197;206m{[38;2;192;197;206m fmt[38;2;192;197;206m[[38;2;192;197;206mw_start[38;2;192;197;206m..[38;2;192;197;206mi[38;2;192;197;206m][38;2;192;197;206m.[38;2;150;181;180mparse[38;2;192;197;206m([38;2;192;197;206m)[38;2;192;197;206m.[38;2;150;181;180munwrap_or[38;2;192;197;206m([38;2;208;135;112m0[38;2;192;197;206m)[38;2;192;197;206m [38;2;192;197;206m}[38;2;192;197;206m [38;2;180;142;173melse[38;2;192;197;206m [38;2;192;197;206m{[38;2;192;197;206m [38;2;208;135;112m0[38;2;192;197;206m [38;2;192;197;206m}[38;2;192;197;206m;[K
[0m[48;2;40;67;43m[39m+     35[0m:[39m[48;2;24;38;30m [K
[0m[48;2;40;67;43m[39m+     36[0m:[39m[48;2;24;38;30m [38;2;192;197;206m    [38;2;101;115;126m//[38;2;101;115;126m Parse precision[K
[0m[48;2;40;67;43m[39m+     37[0m:[39m[48;2;24;38;30m [38;2;192;197;206m    [38;2;180;142;173mlet[38;2;192;197;206m [38;2;180;142;173mmut[38;2;192;197;206m precision[38;2;192;197;206m:[38;2;192;197;206m [38;2;192;197;206mOption[38;2;192;197;206m<[38;2;180;142;173musize[38;2;192;197;206m>[38;2;192;197;206m [38;2;192;197;206m=[38;2;192;197;206m [38;2;192;197;206mNone[38;2;192;197;206m;[K
[0m[48;2;40;67;43m[39m+     38[0m:[39m[48;2;24;38;30m [38;2;192;197;206m    [38;2;180;142;173mif[38;2;192;197;206m i [38;2;192;197;206m<[38;2;192;197;206m bytes.[38;2;150;181;180mlen[38;2;192;197;206m([38;2;192;197;206m)[38;2;192;197;206m [38;2;192;197;206m&[38;2;192;197;206m&[38;2;192;197;206m bytes[38;2;192;197;206m[[38;2;192;197;206mi[38;2;192;197;206m][38;2;192;197;206m [38;2;192;197;206m=[38;2;192;197;206m=[38;2;192;197;206m [38;2;180;142;173mb[38;2;192;197;206m'[38;2;163;190;140m.[38;2;192;197;206m'[38;2;192;197;206m [38;2;192;197;206m{[K
[0m[48;2;40;67;43m[39m+     39[0m:[39m[48;2;24;38;30m [38;2;192;197;206m        i [38;2;192;197;206m+[38;2;192;197;206m=[38;2;192;197;206m [38;2;208;135;112m1[38;2;192;197;206m;[K
[0m[48;2;40;67;43m[39m+     40[0m:[39m[48;2;24;38;30m [38;2;192;197;206m        [38;2;180;142;173mlet[38;2;192;197;206m p_start [38;2;192;197;206m=[38;2;192;197;206m i[38;2;192;197;206m;[K
[0m[48;2;40;67;43m[39m+     41[0m:[39m[48;2;24;38;30m [38;2;192;197;206m        [38;2;180;142;173mwhile[38;2;192;197;206m i [38;2;192;197;206m<[38;2;192;197;206m bytes.[38;2;150;181;180mlen[38;2;192;197;206m([38;2;192;197;206m)[38;2;192;197;206m [38;2;192;197;206m&[38;2;192;197;206m&[38;2;192;197;206m bytes[38;2;192;197;206m[[38;2;192;197;206mi[38;2;192;197;206m][38;2;192;197;206m.[38;2;150;181;180mis_ascii_digit[38;2;192;197;206m([38;2;192;197;206m)[38;2;192;197;206m [38;2;192;197;206m{[K
[0m[48;2;40;67;43m[39m+     42[0m:[39m[48;2;24;38;30m [38;2;192;197;206m            i [38;2;192;197;206m+[38;2;192;197;206m=[38;2;192;197;206m [38;2;208;135;112m1[38;2;192;197;206m;[K
[0m[48;2;40;67;43m[39m+     43[0m:[39m[48;2;24;38;30m [38;2;192;197;206m        [38;2;192;197;206m}[K
[0m[48;2;40;67;43m[39m+     44[0m:[39m[48;2;24;38;30m [38;2;192;197;206m        precision [38;2;192;197;206m=[38;2;192;197;206m [38;2;192;197;206mSome[38;2;192;197;206m([38;2;180;142;173mif[38;2;192;197;206m i [38;2;192;197;206m>[38;2;192;197;206m p_start [38;2;192;197;206m{[38;2;192;197;206m fmt[38;2;192;197;206m[[38;2;192;197;206mp_start[38;2;192;197;206m..[38;2;192;197;206mi[38;2;192;197;206m][38;2;192;197;206m.[38;2;150;181;180mparse[38;2;192;197;206m([38;2;192;197;206m)[38;2;192;197;206m.[38;2;150;181;180munwrap_or[38;2;192;197;206m([38;2;208;135;112m6[38;2;192;197;206m)[38;2;192;197;206m [38;2;192;197;206m}[38;2;192;197;206m [38;2;180;142;173melse[38;2;192;197;206m [38;2;192;197;206m{[38;2;192;197;206m [38;2;208;135;112m0[38;2;192;197;206m [38;2;192;197;206m}[38;2;192;197;206m)[38;2;192;197;206m;[K
[0m[48;2;40;67;43m[39m+     45[0m:[39m[48;2;24;38;30m [38;2;192;197;206m    [38;2;192;197;206m}[K
[0m[48;2;40;67;43m[39m+     46[0m:[39m[48;2;24;38;30m [K
[0m[48;2;40;67;43m[39m+     47[0m:[39m[48;2;24;38;30m [38;2;192;197;206m    [38;2;101;115;126m//[38;2;101;115;126m Parse conversion specifier[K
[0m[48;2;40;67;43m[39m+     48[0m:[39m[48;2;24;38;30m [38;2;192;197;206m    [38;2;180;142;173mlet[38;2;192;197;206m spec [38;2;192;197;206m=[38;2;192;197;206m [38;2;180;142;173mif[38;2;192;197;206m i [38;2;192;197;206m<[38;2;192;197;206m bytes.[38;2;150;181;180mlen[38;2;192;197;206m([38;2;192;197;206m)[38;2;192;197;206m [38;2;192;197;206m{[38;2;192;197;206m bytes[38;2;192;197;206m[[38;2;192;197;206mi[38;2;192;197;206m][38;2;192;197;206m [38;2;192;197;206mas[38;2;192;197;206m [38;2;180;142;173mchar[38;2;192;197;206m [38;2;192;197;206m}[38;2;192;197;206m [38;2;180;142;173melse[38;2;192;197;206m [38;2;192;197;206m{[38;2;192;197;206m [38;2;192;197;206m'[38;2;163;190;140mf[38;2;192;197;206m'[38;2;192;197;206m [38;2;192;197;206m}[38;2;192;197;206m;[K
[0m[48;2;40;67;43m[39m+     49[0m:[39m[48;2;24;38;30m [38;2;192;197;206m    [38;2;180;142;173mlet[38;2;192;197;206m prec [38;2;192;197;206m=[38;2;192;197;206m precision.[38;2;150;181;180munwrap_or[38;2;192;197;206m([38;2;208;135;112m6[38;2;192;197;206m)[38;2;192;197;206m;[K
[0m[48;2;40;67;43m[39m+     50[0m:[39m[48;2;24;38;30m [K
[0m[48;2;40;67;43m[39m+     51[0m:[39m[48;2;24;38;30m [38;2;192;197;206m    [38;2;180;142;173mlet[38;2;192;197;206m raw [38;2;192;197;206m=[38;2;192;197;206m [38;2;180;142;173mmatch[38;2;192;197;206m spec [38;2;192;197;206m{[K
[0m[48;2;40;67;43m[39m+     52[0m:[39m[48;2;24;38;30m [38;2;192;197;206m        [38;2;192;197;206m'[38;2;163;190;140mf[38;2;192;197;206m'[38;2;192;197;206m [38;2;192;197;206m=>[38;2;192;197;206m [38;2;192;197;206mformat![38;2;192;197;206m([38;2;192;197;206m"[38;2;163;190;140m{:.prec$}[38;2;192;197;206m"[38;2;192;197;206m,[38;2;192;197;206m val[38;2;192;197;206m,[38;2;192;197;206m prec [38;2;192;197;206m=[38;2;192;197;206m prec[38;2;192;197;206m)[38;2;192;197;206m,[K
[0m[48;2;40;67;43m[39m+     53[0m:[39m[48;2;24;38;30m [38;2;192;197;206m        [38;2;192;197;206m'[38;2;163;190;140me[38;2;192;197;206m'[38;2;192;197;206m [38;2;192;197;206m|[38;2;192;197;206m [38;2;192;197;206m'[38;2;163;190;140mE[38;2;192;197;206m'[38;2;192;197;206m [38;2;192;197;206m=>[38;2;192;197;206m [38;2;192;197;206m{[K
[0m[48;2;40;67;43m[39m+     54[0m:[39m[48;2;24;38;30m [38;2;192;197;206m            [38;2;180;142;173mlet[38;2;192;197;206m s [38;2;192;197;206m=[38;2;192;197;206m [38;2;192;197;206mformat![38;2;192;197;206m([38;2;192;197;206m"[38;2;163;190;140m{:.prec$e}[38;2;192;197;206m"[38;2;192;197;206m,[38;2;192;197;206m val[38;2;192;197;206m,[38;2;192;197;206m prec [38;2;192;197;206m=[38;2;192;197;206m prec[38;2;192;197;206m)[38;2;192;197;206m;[K
[0m[48;2;40;67;43m[39m+     55[0m:[39m[48;2;24;38;30m [38;2;192;197;206m            [38;2;180;142;173mif[38;2;192;197;206m spec [38;2;192;197;206m=[38;2;192;197;206m=[38;2;192;197;206m [38;2;192;197;206m'[38;2;163;190;140mE[38;2;192;197;206m'[38;2;192;197;206m [38;2;192;197;206m{[38;2;192;197;206m s.[38;2;150;181;180mto_uppercase[38;2;192;197;206m([38;2;192;197;206m)[38;2;192;197;206m [38;2;192;197;206m}[38;2;192;197;206m [38;2;180;142;173melse[38;2;192;197;206m [38;2;192;197;206m{[38;2;192;197;206m s [38;2;192;197;206m}[K
[0m[48;2;40;67;43m[39m+     56[0m:[39m[48;2;24;38;30m [38;2;192;197;206m        [38;2;192;197;206m}[K
[0m[48;2;40;67;43m[39m+     57[0m:[39m[48;2;24;38;30m [38;2;192;197;206m        [38;2;192;197;206m'[38;2;163;190;140mg[38;2;192;197;206m'[38;2;192;197;206m [38;2;192;197;206m|[38;2;192;197;206m [38;2;192;197;206m'[38;2;163;190;140mG[38;2;192;197;206m'[38;2;192;197;206m [38;2;192;197;206m=>[38;2;192;197;206m [38;2;150;181;180mc_format_g[38;2;192;197;206m([38;2;192;197;206mval[38;2;192;197;206m,[38;2;192;197;206m prec[38;2;192;197;206m,[38;2;192;197;206m spec [38;2;192;197;206m=[38;2;192;197;206m=[38;2;192;197;206m [38;2;192;197;206m'[38;2;163;190;140mG[38;2;192;197;206m'[38;2;192;197;206m)[38;2;192;197;206m,[K
[0m[48;2;40;67;43m[39m+     58[0m:[39m[48;2;24;38;30m [38;2;192;197;206m        [38;2;192;197;206m_[38;2;192;197;206m [38;2;192;197;206m=>[38;2;192;197;206m [38;2;192;197;206mformat![38;2;192;197;206m([38;2;192;197;206m"[38;2;163;190;140m{:.prec$}[38;2;192;197;206m"[38;2;192;197;206m,[38;2;192;197;206m val[38;2;192;197;206m,[38;2;192;197;206m prec [38;2;192;197;206m=[38;2;192;197;206m prec[38;2;192;197;206m)[38;2;192;197;206m,[K
[0m[48;2;40;67;43m[39m+     59[0m:[39m[48;2;24;38;30m [38;2;192;197;206m    [38;2;192;197;206m}[38;2;192;197;206m;[K
[0m[48;2;40;67;43m[39m+     60[0m:[39m[48;2;24;38;30m [K
[0m[48;2;40;67;43m[39m+     61[0m:[39m[48;2;24;38;30m [38;2;192;197;206m    [38;2;180;142;173mlet[38;2;192;197;206m raw [38;2;192;197;206m=[38;2;192;197;206m [38;2;180;142;173mif[38;2;192;197;206m space_flag [38;2;192;197;206m&[38;2;192;197;206m&[38;2;192;197;206m val [38;2;192;197;206m>[38;2;192;197;206m=[38;2;192;197;206m [38;2;208;135;112m0.[38;2;208;135;112m0[38;2;192;197;206m [38;2;192;197;206m&[38;2;192;197;206m&[38;2;192;197;206m [38;2;192;197;206m![38;2;192;197;206mraw.[38;2;150;181;180mstarts_with[38;2;192;197;206m([38;2;192;197;206m'[38;2;163;190;140m-[38;2;192;197;206m'[38;2;192;197;206m)[38;2;192;197;206m [38;2;192;197;206m{[K
[0m[48;2;40;67;43m[39m+     62[0m:[39m[48;2;24;38;30m [38;2;192;197;206m        [38;2;192;197;206mformat![38;2;192;197;206m([38;2;192;197;206m"[38;2;163;190;140m [38;2;208;135;112m{}[38;2;192;197;206m"[38;2;192;197;206m,[38;2;192;197;206m raw[38;2;192;197;206m)[K
[0m[48;2;40;67;43m[39m+     63[0m:[39m[48;2;24;38;30m [38;2;192;197;206m    [38;2;192;197;206m}[38;2;192;197;206m [38;2;180;142;173melse[38;2;192;197;206m [38;2;192;197;206m{[K
[0m[48;2;40;67;43m[39m+     64[0m:[39m[48;2;24;38;30m [38;2;192;197;206m        raw[K
[0m[48;2;40;67;43m[39m+     65[0m:[39m[48;2;24;38;30m [38;2;192;197;206m    [38;2;192;197;206m}[38;2;192;197;206m;[K
[0m[48;2;40;67;43m[39m+     66[0m:[39m[48;2;24;38;30m [K
[0m[48;2;40;67;43m[39m+     67[0m:[39m[48;2;24;38;30m [38;2;192;197;206m    [38;2;180;142;173mlet[38;2;192;197;206m padded [38;2;192;197;206m=[38;2;192;197;206m [38;2;180;142;173mif[38;2;192;197;206m width [38;2;192;197;206m>[38;2;192;197;206m [38;2;208;135;112m0[38;2;192;197;206m [38;2;192;197;206m&[38;2;192;197;206m&[38;2;192;197;206m raw.[38;2;150;181;180mlen[38;2;192;197;206m([38;2;192;197;206m)[38;2;192;197;206m [38;2;192;197;206m<[38;2;192;197;206m width [38;2;192;197;206m{[K
[0m[48;2;40;67;43m[39m+     68[0m:[39m[48;2;24;38;30m [38;2;192;197;206m        [38;2;192;197;206mformat![38;2;192;197;206m([38;2;192;197;206m"[38;2;163;190;140m{:>width$}[38;2;192;197;206m"[38;2;192;197;206m,[38;2;192;197;206m raw[38;2;192;197;206m,[38;2;192;197;206m width [38;2;192;197;206m=[38;2;192;197;206m width[38;2;192;197;206m)[K
[0m[48;2;40;67;43m[39m+     69[0m:[39m[48;2;24;38;30m [38;2;192;197;206m    [38;2;192;197;206m}[38;2;192;197;206m [38;2;180;142;173melse[38;2;192;197;206m [38;2;192;197;206m{[K
[0m[48;2;40;67;43m[39m+     70[0m:[39m[48;2;24;38;30m [38;2;192;197;206m        raw[K
[0m[48;2;40;67;43m[39m+     71[0m:[39m[48;2;24;38;30m [38;2;192;197;206m    [38;2;192;197;206m}[38;2;192;197;206m;[K
[0m[48;2;40;67;43m[39m+     72[0m:[39m[48;2;24;38;30m [K
[0m[48;2;40;67;43m[39m+     73[0m:[39m[48;2;24;38;30m [38;2;192;197;206m    [38;2;192;197;206mformat![38;2;192;197;206m([38;2;192;197;206m"[38;2;208;135;112m{}[38;2;208;135;112m{}[38;2;192;197;206m"[38;2;192;197;206m,[38;2;192;197;206m prefix[38;2;192;197;206m,[38;2;192;197;206m padded[38;2;192;197;206m)[K
[0m[48;2;40;67;43m[39m+     74[0m:[39m[48;2;24;38;30m [38;2;192;197;206m}[K
[0m[48;2;40;67;43m[39m+     75[0m:[39m[48;2;24;38;30m [K
[0m[48;2;40;67;43m[39m+     76[0m:[39m[48;2;24;38;30m [38;2;180;142;173mfn[38;2;192;197;206m [38;2;143;161;179mc_format_g[38;2;192;197;206m([38;2;191;97;106mval[38;2;192;197;206m:[38;2;192;197;206m [38;2;180;142;173mf64[38;2;192;197;206m, [38;2;191;97;106mprec[38;2;192;197;206m:[38;2;192;197;206m [38;2;180;142;173musize[38;2;192;197;206m, [38;2;191;97;106mupper[38;2;192;197;206m:[38;2;192;197;206m [38;2;180;142;173mbool[38;2;192;197;206m)[38;2;192;197;206m [38;2;192;197;206m->[38;2;192;197;206m String[38;2;192;197;206m [38;2;192;197;206m{[K
[0m[48;2;40;67;43m[39m+     77[0m:[39m[48;2;24;38;30m [38;2;192;197;206m    [38;2;180;142;173mlet[38;2;192;197;206m prec [38;2;192;197;206m=[38;2;192;197;206m [38;2;180;142;173mif[38;2;192;197;206m prec [38;2;192;197;206m=[38;2;192;197;206m=[38;2;192;197;206m [38;2;208;135;112m0[38;2;192;197;206m [38;2;192;197;206m{[38;2;192;197;206m [38;2;208;135;112m1[38;2;192;197;206m [38;2;192;197;206m}[38;2;192;197;206m [38;2;180;142;173melse[38;2;192;197;206m [38;2;192;197;206m{[38;2;192;197;206m prec [38;2;192;197;206m}[38;2;192;197;206m;[K
[0m[48;2;40;67;43m[39m+     78[0m:[39m[48;2;24;38;30m [38;2;192;197;206m    [38;2;180;142;173mif[38;2;192;197;206m val [38;2;192;197;206m=[38;2;192;197;206m=[38;2;192;197;206m [38;2;208;135;112m0.[38;2;208;135;112m0[38;2;192;197;206m [38;2;192;197;206m{[K
[0m[48;2;40;67;43m[39m+     79[0m:[39m[48;2;24;38;30m [38;2;192;197;206m        [38;2;180;142;173mlet[38;2;192;197;206m s [38;2;192;197;206m=[38;2;192;197;206m [38;2;192;197;206mformat![38;2;192;197;206m([38;2;192;197;206m"[38;2;163;190;140m{:.prec$}[38;2;192;197;206m"[38;2;192;197;206m,[38;2;192;197;206m [38;2;208;135;112m0.[38;2;208;135;112m0[38;2;192;197;206m,[38;2;192;197;206m prec [38;2;192;197;206m=[38;2;192;197;206m prec [38;2;192;197;206m-[38;2;192;197;206m [38;2;208;135;112m1[38;2;192;197;206m)[38;2;192;197;206m;[K
[0m[48;2;40;67;43m[39m+     80[0m:[39m[48;2;24;38;30m [38;2;192;197;206m        [38;2;101;115;126m//[38;2;101;115;126m Trim trailing zeros after decimal point like C %g[K
[0m[48;2;40;67;43m[39m+     81[0m:[39m[48;2;24;38;30m [38;2;192;197;206m        [38;2;180;142;173mreturn[38;2;192;197;206m [38;2;150;181;180mtrim_g[38;2;192;197;206m([38;2;192;197;206m&[38;2;192;197;206ms[38;2;192;197;206m)[38;2;192;197;206m;[K
[0m[48;2;40;67;43m[39m+     82[0m:[39m[48;2;24;38;30m [38;2;192;197;206m    [38;2;192;197;206m}[K
[0m[48;2;40;67;43m[39m+     83[0m:[39m[48;2;24;38;30m [38;2;192;197;206m    [38;2;180;142;173mlet[38;2;192;197;206m exp [38;2;192;197;206m=[38;2;192;197;206m val.[38;2;150;181;180mabs[38;2;192;197;206m([38;2;192;197;206m)[38;2;192;197;206m.[38;2;150;181;180mlog10[38;2;192;197;206m([38;2;192;197;206m)[38;2;192;197;206m.[38;2;150;181;180mfloor[38;2;192;197;206m([38;2;192;197;206m)[38;2;192;197;206m [38;2;192;197;206mas[38;2;192;197;206m [38;2;180;142;173mi32[38;2;192;197;206m;[K
[0m[48;2;40;67;43m[39m+     84[0m:[39m[48;2;24;38;30m [38;2;192;197;206m    [38;2;180;142;173mif[38;2;192;197;206m exp [38;2;192;197;206m>[38;2;192;197;206m=[38;2;192;197;206m [38;2;192;197;206m-[38;2;192;197;206m([38;2;208;135;112m1[38;2;192;197;206m)[38;2;192;197;206m [38;2;192;197;206m&[38;2;192;197;206m&[38;2;192;197;206m exp [38;2;192;197;206m<[38;2;192;197;206m prec [38;2;192;197;206mas[38;2;192;197;206m [38;2;180;142;173mi32[38;2;192;197;206m [38;2;192;197;206m{[K
[0m[48;2;40;67;43m[39m+     85[0m:[39m[48;2;24;38;30m [38;2;192;197;206m        [38;2;101;115;126m//[38;2;101;115;126m Use fixed notation with (prec - 1 - exp) decimal places[K
[0m[48;2;40;67;43m[39m+     86[0m:[39m[48;2;24;38;30m [38;2;192;197;206m        [38;2;180;142;173mlet[38;2;192;197;206m dec [38;2;192;197;206m=[38;2;192;197;206m [38;2;180;142;173mif[38;2;192;197;206m prec [38;2;192;197;206mas[38;2;192;197;206m [38;2;180;142;173mi32[38;2;192;197;206m [38;2;192;197;206m-[38;2;192;197;206m [38;2;208;135;112m1[38;2;192;197;206m [38;2;192;197;206m-[38;2;192;197;206m exp [38;2;192;197;206m>[38;2;192;197;206m [38;2;208;135;112m0[38;2;192;197;206m [38;2;192;197;206m{[38;2;192;197;206m [38;2;192;197;206m([38;2;192;197;206mprec [38;2;192;197;206mas[38;2;192;197;206m [38;2;180;142;173mi32[38;2;192;197;206m [38;2;192;197;206m-[38;2;192;197;206m [38;2;208;135;112m1[38;2;192;197;206m [38;2;192;197;206m-[38;2;192;197;206m exp[38;2;192;197;206m)[38;2;192;197;206m [38;2;192;197;206mas[38;2;192;197;206m [38;2;180;142;173musize[38;2;192;197;206m [38;2;192;197;206m}[38;2;192;197;206m [38;2;180;142;173melse[38;2;192;197;206m [38;2;192;197;206m{[38;2;192;197;206m [38;2;208;135;112m0[38;2;192;197;206m [38;2;192;197;206m}[38;2;192;197;206m;[K
[0m[48;2;40;67;43m[39m+     87[0m:[39m[48;2;24;38;30m [38;2;192;197;206m        [38;2;180;142;173mlet[38;2;192;197;206m s [38;2;192;197;206m=[38;2;192;197;206m [38;2;192;197;206mformat![38;2;192;197;206m([38;2;192;197;206m"[38;2;163;190;140m{:.dec$}[38;2;192;197;206m"[38;2;192;197;206m,[38;2;192;197;206m val[38;2;192;197;206m,[38;2;192;197;206m dec [38;2;192;197;206m=[38;2;192;197;206m dec[38;2;192;197;206m)[38;2;192;197;206m;[K
[0m[48;2;40;67;43m[39m+     88[0m:[39m[48;2;24;38;30m [38;2;192;197;206m        [38;2;150;181;180mtrim_g[38;2;192;197;206m([38;2;192;197;206m&[38;2;192;197;206ms[38;2;192;197;206m)[K
[0m[48;2;40;67;43m[39m+     89[0m:[39m[48;2;24;38;30m [38;2;192;197;206m    [38;2;192;197;206m}[38;2;192;197;206m [38;2;180;142;173melse[38;2;192;197;206m [38;2;192;197;206m{[K
[0m[48;2;40;67;43m[39m+     90[0m:[39m[48;2;24;38;30m [38;2;192;197;206m        [38;2;101;115;126m//[38;2;101;115;126m Use scientific notation[K
[0m[48;2;40;67;43m[39m+     91[0m:[39m[48;2;24;38;30m [38;2;192;197;206m        [38;2;180;142;173mlet[38;2;192;197;206m s [38;2;192;197;206m=[38;2;192;197;206m [38;2;192;197;206mformat![38;2;192;197;206m([38;2;192;197;206m"[38;2;163;190;140m{:.prec$e}[38;2;192;197;206m"[38;2;192;197;206m,[38;2;192;197;206m val[38;2;192;197;206m,[38;2;192;197;206m prec [38;2;192;197;206m=[38;2;192;197;206m prec [38;2;192;197;206m-[38;2;192;197;206m [38;2;208;135;112m1[38;2;192;197;206m)[38;2;192;197;206m;[K
[0m[48;2;40;67;43m[39m+     92[0m:[39m[48;2;24;38;30m [38;2;192;197;206m        [38;2;180;142;173mlet[38;2;192;197;206m s [38;2;192;197;206m=[38;2;192;197;206m [38;2;150;181;180mtrim_g_exp[38;2;192;197;206m([38;2;192;197;206m&[38;2;192;197;206ms[38;2;192;197;206m)[38;2;192;197;206m;[K
[0m[48;2;40;67;43m[39m+     93[0m:[39m[48;2;24;38;30m [38;2;192;197;206m        [38;2;180;142;173mif[38;2;192;197;206m upper [38;2;192;197;206m{[38;2;192;197;206m s.[38;2;150;181;180mto_uppercase[38;2;192;197;206m([38;2;192;197;206m)[38;2;192;197;206m [38;2;192;197;206m}[38;2;192;197;206m [38;2;180;142;173melse[38;2;192;197;206m [38;2;192;197;206m{[38;2;192;197;206m s [38;2;192;197;206m}[K
[0m[48;2;40;67;43m[39m+     94[0m:[39m[48;2;24;38;30m [38;2;192;197;206m    [38;2;192;197;206m}[K
[0m[48;2;40;67;43m[39m+     95[0m:[39m[48;2;24;38;30m [38;2;192;197;206m}[K
[0m[48;2;40;67;43m[39m+     96[0m:[39m[48;2;24;38;30m [K
[0m[48;2;40;67;43m[39m+     97[0m:[39m[48;2;24;38;30m [38;2;180;142;173mfn[38;2;192;197;206m [38;2;143;161;179mtrim_g[38;2;192;197;206m([38;2;191;97;106ms[38;2;192;197;206m:[38;2;192;197;206m [38;2;192;197;206m&[38;2;180;142;173mstr[38;2;192;197;206m)[38;2;192;197;206m [38;2;192;197;206m->[38;2;192;197;206m String[38;2;192;197;206m [38;2;192;197;206m{[K
[0m[48;2;40;67;43m[39m+     98[0m:[39m[48;2;24;38;30m [38;2;192;197;206m    [38;2;180;142;173mif[38;2;192;197;206m s.[38;2;150;181;180mcontains[38;2;192;197;206m([38;2;192;197;206m'[38;2;163;190;140m.[38;2;192;197;206m'[38;2;192;197;206m)[38;2;192;197;206m [38;2;192;197;206m{[K
[0m[48;2;40;67;43m[39m+     99[0m:[39m[48;2;24;38;30m [38;2;192;197;206m        [38;2;180;142;173mlet[38;2;192;197;206m s [38;2;192;197;206m=[38;2;192;197;206m s.[38;2;150;181;180mtrim_end_matches[38;2;192;197;206m([38;2;192;197;206m'[38;2;163;190;140m0[38;2;192;197;206m'[38;2;192;197;206m)[38;2;192;197;206m;[K
[0m[48;2;40;67;43m[39m+    100[0m:[39m[48;2;24;38;30m [38;2;192;197;206m        [38;2;180;142;173mlet[38;2;192;197;206m s [38;2;192;197;206m=[38;2;192;197;206m s.[38;2;150;181;180mtrim_end_matches[38;2;192;197;206m([38;2;192;197;206m'[38;2;163;190;140m.[38;2;192;197;206m'[38;2;192;197;206m)[38;2;192;197;206m;[K
[0m[48;2;40;67;43m[39m+    101[0m:[39m[48;2;24;38;30m [38;2;192;197;206m        s.[38;2;150;181;180mto_string[38;2;192;197;206m([38;2;192;197;206m)[K
[0m[48;2;40;67;43m[39m+    102[0m:[39m[48;2;24;38;30m [38;2;192;197;206m    [38;2;192;197;206m}[38;2;192;197;206m [38;2;180;142;173melse[38;2;192;197;206m [38;2;192;197;206m{[K
[0m[48;2;40;67;43m[39m+    103[0m:[39m[48;2;24;38;30m [38;2;192;197;206m        s.[38;2;150;181;180mto_string[38;2;192;197;206m([38;2;192;197;206m)[K
[0m[48;2;40;67;43m[39m+    104[0m:[39m[48;2;24;38;30m [38;2;192;197;206m    [38;2;192;197;206m}[K
[0m[48;2;40;67;43m[39m+    105[0m:[39m[48;2;24;38;30m [38;2;192;197;206m}[K
[0m[48;2;40;67;43m[39m+    106[0m:[39m[48;2;24;38;30m [K
[0m[48;2;40;67;43m[39m+    107[0m:[39m[48;2;24;38;30m [38;2;180;142;173mfn[38;2;192;197;206m [38;2;143;161;179mtrim_g_exp[38;2;192;197;206m([38;2;191;97;106ms[38;2;192;197;206m:[38;2;192;197;206m [38;2;192;197;206m&[38;2;180;142;173mstr[38;2;192;197;206m)[38;2;192;197;206m [38;2;192;197;206m->[38;2;192;197;206m String[38;2;192;197;206m [38;2;192;197;206m{[K
[0m[48;2;40;67;43m[39m+    108[0m:[39m[48;2;24;38;30m [38;2;192;197;206m    [38;2;101;115;126m//[38;2;101;115;126m Split at 'e', trim mantissa trailing zeros, then reconstruct with C-style exponent[K
[0m[48;2;40;67;43m[39m+    109[0m:[39m[48;2;24;38;30m [38;2;192;197;206m    [38;2;180;142;173mif[38;2;192;197;206m [38;2;180;142;173mlet[38;2;192;197;206m [38;2;192;197;206mSome[38;2;192;197;206m([38;2;192;197;206mpos[38;2;192;197;206m)[38;2;192;197;206m [38;2;192;197;206m=[38;2;192;197;206m s.[38;2;150;181;180mfind[38;2;192;197;206m([38;2;192;197;206m'[38;2;163;190;140me[38;2;192;197;206m'[38;2;192;197;206m)[38;2;192;197;206m [38;2;192;197;206m{[K
[0m[48;2;40;67;43m[39m+    110[0m:[39m[48;2;24;38;30m [38;2;192;197;206m        [38;2;180;142;173mlet[38;2;192;197;206m mantissa [38;2;192;197;206m=[38;2;192;197;206m [38;2;150;181;180mtrim_g[38;2;192;197;206m([38;2;192;197;206m&[38;2;192;197;206ms[38;2;192;197;206m[[38;2;192;197;206m..[38;2;192;197;206mpos[38;2;192;197;206m][38;2;192;197;206m)[38;2;192;197;206m;[K
[0m[48;2;40;67;43m[39m+    111[0m:[39m[48;2;24;38;30m [38;2;192;197;206m        [38;2;180;142;173mlet[38;2;192;197;206m exp_part [38;2;192;197;206m=[38;2;192;197;206m [38;2;192;197;206m&[38;2;192;197;206ms[38;2;192;197;206m[[38;2;192;197;206mpos [38;2;192;197;206m+[38;2;192;197;206m [38;2;208;135;112m1[38;2;192;197;206m..[38;2;192;197;206m][38;2;192;197;206m;[K
[0m[48;2;40;67;43m[39m+    112[0m:[39m[48;2;24;38;30m [38;2;192;197;206m        [38;2;180;142;173mlet[38;2;192;197;206m exp_val[38;2;192;197;206m:[38;2;192;197;206m [38;2;180;142;173mi32[38;2;192;197;206m [38;2;192;197;206m=[38;2;192;197;206m exp_part.[38;2;150;181;180mparse[38;2;192;197;206m([38;2;192;197;206m)[38;2;192;197;206m.[38;2;150;181;180munwrap_or[38;2;192;197;206m([38;2;208;135;112m0[38;2;192;197;206m)[38;2;192;197;206m;[K
[0m[48;2;40;67;43m[39m+    113[0m:[39m[48;2;24;38;30m [38;2;192;197;206m        [38;2;101;115;126m//[38;2;101;115;126m C uses e+XX or e-XX with at least 2 digits[K
[0m[48;2;40;67;43m[39m+    114[0m:[39m[48;2;24;38;30m [38;2;192;197;206m        [38;2;180;142;173mlet[38;2;192;197;206m exp_str [38;2;192;197;206m=[38;2;192;197;206m [38;2;180;142;173mif[38;2;192;197;206m exp_val [38;2;192;197;206m>[38;2;192;197;206m=[38;2;192;197;206m [38;2;208;135;112m0[38;2;192;197;206m [38;2;192;197;206m{[K
[0m[48;2;40;67;43m[39m+    115[0m:[39m[48;2;24;38;30m [38;2;192;197;206m            [38;2;192;197;206mformat![38;2;192;197;206m([38;2;192;197;206m"[38;2;163;190;140me+[38;2;208;135;112m{:02}[38;2;192;197;206m"[38;2;192;197;206m,[38;2;192;197;206m exp_val[38;2;192;197;206m)[K
[0m[48;2;40;67;43m[39m+    116[0m:[39m[48;2;24;38;30m [38;2;192;197;206m        [38;2;192;197;206m}[38;2;192;197;206m [38;2;180;142;173melse[38;2;192;197;206m [38;2;192;197;206m{[K
[0m[48;2;40;67;43m[39m+    117[0m:[39m[48;2;24;38;30m [38;2;192;197;206m            [38;2;192;197;206mformat![38;2;192;197;206m([38;2;192;197;206m"[38;2;163;190;140me-[38;2;208;135;112m{:02}[38;2;192;197;206m"[38;2;192;197;206m,[38;2;192;197;206m [38;2;192;197;206m-[38;2;192;197;206mexp_val[38;2;192;197;206m)[K
[0m[48;2;40;67;43m[39m+    118[0m:[39m[48;2;24;38;30m [38;2;192;197;206m        [38;2;192;197;206m}[38;2;192;197;206m;[K
[0m[48;2;40;67;43m[39m+    119[0m:[39m[48;2;24;38;30m [38;2;192;197;206m        [38;2;192;197;206mformat![38;2;192;197;206m([38;2;192;197;206m"[38;2;208;135;112m{}[38;2;208;135;112m{}[38;2;192;197;206m"[38;2;192;197;206m,[38;2;192;197;206m mantissa[38;2;192;197;206m,[38;2;192;197;206m exp_str[38;2;192;197;206m)[K
[0m[48;2;40;67;43m[39m+    120[0m:[39m[48;2;24;38;30m [38;2;192;197;206m    [38;2;192;197;206m}[38;2;192;197;206m [38;2;180;142;173melse[38;2;192;197;206m [38;2;192;197;206m{[K
[0m[48;2;40;67;43m[39m+    121[0m:[39m[48;2;24;38;30m [38;2;192;197;206m        s.[38;2;150;181;180mto_string[38;2;192;197;206m([38;2;192;197;206m)[K
[0m[48;2;40;67;43m[39m+    122[0m:[39m[48;2;24;38;30m [38;2;192;197;206m    [38;2;192;197;206m}[K
[0m[48;2;40;67;43m[39m+    123[0m:[39m[48;2;24;38;30m [38;2;192;197;206m}[K
[0m[K
Updating: [38;5;141msrc/avalanche.rs[0m
[38;5;244m - Completed in 0.0s[0m

[?25l[0m[?25l[0m[0m[38;5;11mTODO:
[39m[38;5;10m[x] [3m[38;5;244mImplement all unimplemented!() bodies in src/avalanche.rs[23m
[0m[ ] Create src/bin/matrix_test.rs test binary[38;5;244m - Completed in 0.0s[0m

[?25l[0m[38;5;141m> [0mNow create the test binary that mirrors [38;5;10mmatrix_test.c[0m:[0m[0m
[?25l[0m[0mI will run the following command: [38;5;141mmkdir -p /tmp/harvest-crust-xLPnYX/project/src/bin[0m[38;5;244m (using tool: shell)[0m
Purpose: Create bin directory

[38;5;244m - Completed in 0.4s[0m

[?25l[0m[?25l[0m[0mI'll create the following file: [38;5;141m/tmp/harvest-crust-xLPnYX/project/src/bin/matrix_test.rs[0m[38;5;244m (using tool: write)[0m
Purpose: Create matrix_test.rs test binary matching the C test

[48;2;40;67;43m[39m+     1[0m:[39m[48;2;24;38;30m [38;2;180;142;173muse[38;2;192;197;206m [38;2;192;197;206mavalanche[38;2;192;197;206m::[38;2;192;197;206mavalanche[38;2;192;197;206m::[38;2;192;197;206mMatrix[38;2;192;197;206m;[K
[0m[48;2;40;67;43m[39m+     2[0m:[39m[48;2;24;38;30m [K
[0m[48;2;40;67;43m[39m+     3[0m:[39m[48;2;24;38;30m [38;2;192;197;206m#[38;2;192;197;206m[[38;2;191;97;106mtest[38;2;192;197;206m][K
[0m[48;2;40;67;43m[39m+     4[0m:[39m[48;2;24;38;30m [38;2;180;142;173mfn[38;2;192;197;206m [38;2;143;161;179mtest_macros[38;2;192;197;206m([38;2;192;197;206m)[38;2;192;197;206m [38;2;192;197;206m{[K
[0m[48;2;40;67;43m[39m+     5[0m:[39m[48;2;24;38;30m [38;2;192;197;206m    [38;2;180;142;173mlet[38;2;192;197;206m [38;2;180;142;173mmut[38;2;192;197;206m m [38;2;192;197;206m=[38;2;192;197;206m [38;2;192;197;206mMatrix[38;2;192;197;206m::[38;2;192;197;206mmatrix_alloc[38;2;192;197;206m([38;2;208;135;112m2[38;2;192;197;206m,[38;2;192;197;206m [38;2;208;135;112m2[38;2;192;197;206m)[38;2;192;197;206m;[K
[0m[48;2;40;67;43m[39m+     6[0m:[39m[48;2;24;38;30m [38;2;192;197;206m    [38;2;180;142;173mfor[38;2;192;197;206m r [38;2;192;197;206min[38;2;192;197;206m [38;2;208;135;112m0[38;2;192;197;206m..[38;2;208;135;112m2[38;2;192;197;206m [38;2;192;197;206m{[K
[0m[48;2;40;67;43m[39m+     7[0m:[39m[48;2;24;38;30m [38;2;192;197;206m        [38;2;180;142;173mfor[38;2;192;197;206m c [38;2;192;197;206min[38;2;192;197;206m [38;2;208;135;112m0[38;2;192;197;206m..[38;2;208;135;112m2[38;2;192;197;206m [38;2;192;197;206m{[K
[0m[48;2;40;67;43m[39m+     8[0m:[39m[48;2;24;38;30m [38;2;192;197;206m            m.[38;2;150;181;180mmatrix_set[38;2;192;197;206m([38;2;192;197;206mr[38;2;192;197;206m,[38;2;192;197;206m c[38;2;192;197;206m,[38;2;192;197;206m [38;2;208;135;112m1.[38;2;208;135;112m0[38;2;192;197;206m [38;2;192;197;206m/[38;2;192;197;206m [38;2;192;197;206m([38;2;192;197;206mr [38;2;192;197;206m+[38;2;192;197;206m c [38;2;192;197;206m+[38;2;192;197;206m [38;2;208;135;112m1[38;2;192;197;206m)[38;2;192;197;206m [38;2;192;197;206mas[38;2;192;197;206m [38;2;180;142;173mf64[38;2;192;197;206m)[38;2;192;197;206m;[K
[0m[48;2;40;67;43m[39m+     9[0m:[39m[48;2;24;38;30m [38;2;192;197;206m        [38;2;192;197;206m}[K
[0m[48;2;40;67;43m[39m+    10[0m:[39m[48;2;24;38;30m [38;2;192;197;206m    [38;2;192;197;206m}[K
[0m[48;2;40;67;43m[39m+    11[0m:[39m[48;2;24;38;30m [38;2;192;197;206m    [38;2;180;142;173mfor[38;2;192;197;206m r [38;2;192;197;206min[38;2;192;197;206m [38;2;208;135;112m0[38;2;192;197;206m..[38;2;208;135;112m2[38;2;192;197;206m [38;2;192;197;206m{[K
[0m[48;2;40;67;43m[39m+    12[0m:[39m[48;2;24;38;30m [38;2;192;197;206m        [38;2;180;142;173mfor[38;2;192;197;206m c [38;2;192;197;206min[38;2;192;197;206m [38;2;208;135;112m0[38;2;192;197;206m..[38;2;208;135;112m2[38;2;192;197;206m [38;2;192;197;206m{[K
[0m[48;2;40;67;43m[39m+    13[0m:[39m[48;2;24;38;30m [38;2;192;197;206m            [38;2;180;142;173mlet[38;2;192;197;206m expected [38;2;192;197;206m=[38;2;192;197;206m [38;2;208;135;112m1.[38;2;208;135;112m0[38;2;192;197;206m [38;2;192;197;206m/[38;2;192;197;206m [38;2;192;197;206m([38;2;192;197;206mr [38;2;192;197;206m+[38;2;192;197;206m c [38;2;192;197;206m+[38;2;192;197;206m [38;2;208;135;112m1[38;2;192;197;206m)[38;2;192;197;206m [38;2;192;197;206mas[38;2;192;197;206m [38;2;180;142;173mf64[38;2;192;197;206m;[K
[0m[48;2;40;67;43m[39m+    14[0m:[39m[48;2;24;38;30m [38;2;192;197;206m            [38;2;192;197;206massert_eq![38;2;192;197;206m([38;2;192;197;206mexpected[38;2;192;197;206m,[38;2;192;197;206m m.[38;2;150;181;180mmatrix_get[38;2;192;197;206m([38;2;192;197;206mr[38;2;192;197;206m,[38;2;192;197;206m c[38;2;192;197;206m)[38;2;192;197;206m)[38;2;192;197;206m;[K
[0m[48;2;40;67;43m[39m+    15[0m:[39m[48;2;24;38;30m [38;2;192;197;206m        [38;2;192;197;206m}[K
[0m[48;2;40;67;43m[39m+    16[0m:[39m[48;2;24;38;30m [38;2;192;197;206m    [38;2;192;197;206m}[K
[0m[48;2;40;67;43m[39m+    17[0m:[39m[48;2;24;38;30m [38;2;192;197;206m    [38;2;192;197;206mprintln![38;2;192;197;206m([38;2;192;197;206m"[38;2;163;190;140mtest_macros PASS[38;2;192;197;206m"[38;2;192;197;206m)[38;2;192;197;206m;[K
[0m[48;2;40;67;43m[39m+    18[0m:[39m[48;2;24;38;30m [38;2;192;197;206m}[K
[0m[48;2;40;67;43m[39m+    19[0m:[39m[48;2;24;38;30m [K
[0m[48;2;40;67;43m[39m+    20[0m:[39m[48;2;24;38;30m [38;2;192;197;206m#[38;2;192;197;206m[[38;2;191;97;106mtest[38;2;192;197;206m][K
[0m[48;2;40;67;43m[39m+    21[0m:[39m[48;2;24;38;30m [38;2;180;142;173mfn[38;2;192;197;206m [38;2;143;161;179mprint_hilbert[38;2;192;197;206m([38;2;192;197;206m)[38;2;192;197;206m [38;2;192;197;206m{[K
[0m[48;2;40;67;43m[39m+    22[0m:[39m[48;2;24;38;30m [38;2;192;197;206m    [38;2;180;142;173mlet[38;2;192;197;206m [38;2;180;142;173mmut[38;2;192;197;206m m [38;2;192;197;206m=[38;2;192;197;206m [38;2;192;197;206mMatrix[38;2;192;197;206m::[38;2;192;197;206mmatrix_alloc[38;2;192;197;206m([38;2;208;135;112m3[38;2;192;197;206m,[38;2;192;197;206m [38;2;208;135;112m3[38;2;192;197;206m)[38;2;192;197;206m;[K
[0m[48;2;40;67;43m[39m+    23[0m:[39m[48;2;24;38;30m [38;2;192;197;206m    [38;2;180;142;173mfor[38;2;192;197;206m r [38;2;192;197;206min[38;2;192;197;206m [38;2;208;135;112m0[38;2;192;197;206m..[38;2;208;135;112m3[38;2;192;197;206m [38;2;192;197;206m{[K
[0m[48;2;40;67;43m[39m+    24[0m:[39m[48;2;24;38;30m [38;2;192;197;206m        [38;2;180;142;173mfor[38;2;192;197;206m c [38;2;192;197;206min[38;2;192;197;206m [38;2;208;135;112m0[38;2;192;197;206m..[38;2;208;135;112m3[38;2;192;197;206m [38;2;192;197;206m{[K
[0m[48;2;40;67;43m[39m+    25[0m:[39m[48;2;24;38;30m [38;2;192;197;206m            m.[38;2;150;181;180mmatrix_set[38;2;192;197;206m([38;2;192;197;206mr[38;2;192;197;206m,[38;2;192;197;206m c[38;2;192;197;206m,[38;2;192;197;206m [38;2;208;135;112m1.[38;2;208;135;112m0[38;2;192;197;206m [38;2;192;197;206m/[38;2;192;197;206m [38;2;192;197;206m([38;2;192;197;206mr [38;2;192;197;206m+[38;2;192;197;206m c [38;2;192;197;206m+[38;2;192;197;206m [38;2;208;135;112m1[38;2;192;197;206m)[38;2;192;197;206m [38;2;192;197;206mas[38;2;192;197;206m [38;2;180;142;173mf64[38;2;192;197;206m)[38;2;192;197;206m;[K
[0m[48;2;40;67;43m[39m+    26[0m:[39m[48;2;24;38;30m [38;2;192;197;206m        [38;2;192;197;206m}[K
[0m[48;2;40;67;43m[39m+    27[0m:[39m[48;2;24;38;30m [38;2;192;197;206m    [38;2;192;197;206m}[K
[0m[48;2;40;67;43m[39m+    28[0m:[39m[48;2;24;38;30m [38;2;192;197;206m    [38;2;180;142;173mlet[38;2;192;197;206m [38;2;180;142;173mmut[38;2;192;197;206m out [38;2;192;197;206m=[38;2;192;197;206m [38;2;192;197;206mVec[38;2;192;197;206m::[38;2;192;197;206mnew[38;2;192;197;206m([38;2;192;197;206m)[38;2;192;197;206m;[K
[0m[48;2;40;67;43m[39m+    29[0m:[39m[48;2;24;38;30m [38;2;192;197;206m    m.[38;2;150;181;180mmatrix_fprintf[38;2;192;197;206m([38;2;192;197;206m&[38;2;180;142;173mmut[38;2;192;197;206m out[38;2;192;197;206m,[38;2;192;197;206m [38;2;192;197;206m"[38;2;163;190;140m%8.4f[38;2;192;197;206m"[38;2;192;197;206m)[38;2;192;197;206m;[K
[0m[48;2;40;67;43m[39m+    30[0m:[39m[48;2;24;38;30m [38;2;192;197;206m    [38;2;180;142;173mlet[38;2;192;197;206m output [38;2;192;197;206m=[38;2;192;197;206m [38;2;192;197;206mString[38;2;192;197;206m::[38;2;192;197;206mfrom_utf8[38;2;192;197;206m([38;2;192;197;206mout[38;2;192;197;206m)[38;2;192;197;206m.[38;2;150;181;180munwrap[38;2;192;197;206m([38;2;192;197;206m)[38;2;192;197;206m;[K
[0m[48;2;40;67;43m[39m+    31[0m:[39m[48;2;24;38;30m [38;2;192;197;206m    [38;2;192;197;206mprint![38;2;192;197;206m([38;2;192;197;206m"[38;2;208;135;112m{}[38;2;192;197;206m"[38;2;192;197;206m,[38;2;192;197;206m output[38;2;192;197;206m)[38;2;192;197;206m;[K
[0m[48;2;40;67;43m[39m+    32[0m:[39m[48;2;24;38;30m [38;2;192;197;206m}[K
[0m[K
Creating: [38;5;141m/tmp/harvest-crust-xLPnYX/project/src/bin/matrix_test.rs[0m
[38;5;244m - Completed in 0.0s[0m

[?25l[0m[?25l[0m[0m[38;5;11mTODO:
[39m[38;5;10m[x] [3m[38;5;244mCreate src/bin/matrix_test.rs test binary[23m
[0m[ ] Build and fix any errors[38;5;244m - Completed in 0.0s[0m

[?25l[0m[?25l[0m[0mI will run the following command: [38;5;141mcd /tmp/harvest-crust-xLPnYX/project && cargo build 2>&1[0m[38;5;244m (using tool: shell)[0m
Purpose: Build the project to check for errors

warning: file `/tmp/harvest-crust-xLPnYX/project/src/bin/matrix_test.rs` found to be present in multiple build targets:
  * `bin` target `matrix_test`
  * `integration-test` target `matrix_test`
   Compiling avalanche v0.1.0 (/tmp/harvest-crust-xLPnYX/project)
warning: unused import: `avalanche::avalanche::Matrix`
 --> src/bin/matrix_test.rs:1:5
  |
1 | use avalanche::avalanche::Matrix;
  |     ^^^^^^^^^^^^^^^^^^^^^^^^^^^^
  |
  = note: `#[warn(unused_imports)]` (part of `#[warn(unused)]`) on by default

error[E0601]: `main` function not found in crate `matrix_test`
  --> src/bin/matrix_test.rs:32:2
   |
32 | }
   |  ^ consider adding a `main` function to `src/bin/matrix_test.rs`

For more information about this error, try `rustc --explain E0601`.
warning: `avalanche` (bin "matrix_test") generated 1 warning
error: could not compile `avalanche` (bin "matrix_test") due to 1 previous error; 1 warning emitted
[38;5;244m - Completed in 0.266s[0m

[?25l[0m[38;5;141m> [0mThe Cargo.toml defines it as a [38;5;10m[[test]][0m (integration test), but it's also in [38;5;10msrc/bin/[0m which makes it a binary target. The [38;5;10m[[test]][0m entry in Cargo.toml points to [38;5;10msrc/bin/matrix_test.rs[0m — so it's an integration test, not a binary. Since it's a test target, the [38;5;10m#[test][0m attributes are correct, but it also needs a [38;5;10mmain[0m function for the binary target. Let me fix the Cargo.toml conflict — the simplest approach is to keep it as only a test target by removing it from [38;5;10msrc/bin/[0m and placing it where Cargo.toml expects it:[0m[0m
[0m[0m
Actually, looking at the Cargo.toml again, it says [38;5;10mpath = "src/bin/matrix_test.rs"[0m with [38;5;10m[[test]][0m. The issue is that [38;5;10msrc/bin/[0m is auto-detected as a binary. I should keep the file there but also add a [38;5;10mmain[0m function since it's detected as both. Or better, I can disable auto-detection. But the simplest fix: the file is a [38;5;10m[[test]][0m target, so it needs [38;5;10m#[test][0m functions. But it's also auto-detected as a bin. Let me just add [38;5;10mautobins = false[0m to Cargo.toml:[0m[0m
[?25l[0m[0mI'll modify the following file: [38;5;141mCargo.toml[0m[38;5;244m (using tool: write)[0m
Purpose: Disable auto-detection of binaries to avoid conflict with test target

[49m[39m  1, 1[0m:[39m[49m [package]
[0m[49m[39m  2, 2[0m:[39m[49m name = "avalanche"
[0m[49m[39m  3, 3[0m:[39m[49m version = "0.1.0"
[0m[49m[38;5;9m- 4   [0m:[38;5;9m[49m edition = "2021"
[0m[49m[38;5;10m+    4[0m:[38;5;10m[49m edition = "2021"
[0m[49m[38;5;10m+    5[0m:[38;5;10m[49m autobins = false
[0m[K
Updating: [38;5;141mCargo.toml[0m
[38;5;244m - Completed in 0.0s[0m

[?25l[0m[?25l[0m[0mI will run the following command: [38;5;141mcd /tmp/harvest-crust-xLPnYX/project && cargo build 2>&1[0m[38;5;244m (using tool: shell)[0m
Purpose: Build again after fixing Cargo.toml

    Finished `dev` profile [unoptimized + debuginfo] target(s) in 0.01s
[38;5;244m - Completed in 0.56s[0m

[?25l[0m[38;5;141m> [0mBuild succeeds. Let me also run the tests:[0m[0m
[?25l[0m[0mI will run the following command: [38;5;141mcd /tmp/harvest-crust-xLPnYX/project && cargo test 2>&1[0m[38;5;244m (using tool: shell)[0m
Purpose: Run tests to verify correctness

   Compiling avalanche v0.1.0 (/tmp/harvest-crust-xLPnYX/project)
    Finished `test` profile [unoptimized + debuginfo] target(s) in 0.29s
     Running unittests src/lib.rs (target/debug/deps/avalanche-0789b9d178554de8)

running 0 tests

test result: ok. 0 passed; 0 failed; 0 ignored; 0 measured; 0 filtered out; finished in 0.00s

     Running src/bin/matrix_test.rs (target/debug/deps/matrix_test-a62db077d08eab5e)

running 2 tests
test print_hilbert ... ok
test test_macros ... ok

test result: ok. 2 passed; 0 failed; 0 ignored; 0 measured; 0 filtered out; finished in 0.00s

   Doc-tests avalanche

running 0 tests

test result: ok. 0 passed; 0 failed; 0 ignored; 0 measured; 0 filtered out; finished in 0.00s

[38;5;244m - Completed in 0.370s[0m

[?25l[0m[38;5;141m> [0mAll tests pass. Let me also verify the print_hilbert output matches what C would produce by running the test with output:[0m[0m
[?25l[0m[0mI will run the following command: [38;5;141mcd /tmp/harvest-crust-xLPnYX/project && cargo test print_hilbert -- --nocapture 2>&1[0m[38;5;244m (using tool: shell)[0m
Purpose: Check print_hilbert output matches expected C output

    Finished `test` profile [unoptimized + debuginfo] target(s) in 0.01s
     Running unittests src/lib.rs (target/debug/deps/avalanche-0789b9d178554de8)

running 0 tests

test result: ok. 0 passed; 0 failed; 0 ignored; 0 measured; 0 filtered out; finished in 0.00s

     Running src/bin/matrix_test.rs (target/debug/deps/matrix_test-a62db077d08eab5e)

running 1 test
  1.0000  0.5000  0.3333
  0.5000  0.3333  0.2500
  0.3333  0.2500  0.2000
test print_hilbert ... ok

test result: ok. 1 passed; 0 failed; 0 ignored; 0 measured; 1 filtered out; finished in 0.00s

[38;5;244m - Completed in 0.60s[0m

[?25l[0m[38;5;141m> [0mThe Hilbert matrix output matches what C's [38;5;10m%8.4f[0m format would produce. Let me verify there are no remaining [38;5;10munimplemented!()[0m calls:[0m[0m
[?25l[0m[0mSearching for: [38;5;141munimplemented!|todo!|panic![0m in [38;5;141m/tmp/harvest-crust-xLPnYX/project/src[0m[38;5;244m (using tool: grep)[0m
[38;5;9m ❗ [0mNo matches found for pattern: [38;5;244munimplemented!|todo!|panic![0m under /tmp/harvest-crust-xLPnYX/project/src
[38;5;244m - Completed in 0.1s[0m

[?25l[0m[?25l[0m[0m[38;5;11mTODO:
[39m[38;5;10m[x] [3m[38;5;244mImplement all unimplemented!() bodies in src/avalanche.rs[23m
[38;5;10m[x] [3m[38;5;244mCreate src/bin/matrix_test.rs test binary[23m
[38;5;10m[x] [3m[38;5;244mBuild and fix any errors[23m[38;5;244m - Completed in 0.0s[0m

[?25l[0m[38;5;141m> [0mTranslation complete. Here's a summary of what was implemented:[0m[0m
[0m[0m
[1m[38;5;10msrc/avalanche.rs[0m[22m — all 5 [38;5;10munimplemented!()[0m bodies filled in:[0m[0m
[0m[0m
- [38;5;10mMatrix::matrix_alloc[0m — creates a zero-initialized matrix with [38;5;10mvec![0.0; n_rows * n_cols][0m[0m[0m
- [38;5;10mMatrix::matrix_get[0m / [38;5;10mmatrix_set[0m — row-major indexing matching the C [38;5;10mMATRIX_GET[0m/[38;5;10mMATRIX_SET[0m macros[0m[0m
- [38;5;10mMatrix::matrix_fprintf[0m — writes formatted matrix output using a C printf-style format string helper ([38;5;10mc_format[0m) that handles [38;5;10m%f[0m, [38;5;10m%g[0m, [38;5;10m%e[0m with width/precision/space-flag[0m[0m
- [38;5;10mavalanche[0m — reads keys from a [38;5;10mdyn Read[0m stream, hashes them, flips each input bit, re-hashes, and records which output bits changed. Divides by key count at the end to get probabilities. Faithfully mirrors the C logic including the bit-flip masks ([38;5;10m0x80 >> i_bit[0m for bytes, [38;5;10m0x80000000 >> j_bit[0m for 32-bit words)[0m[0m
[0m[0m
[1m[38;5;10msrc/bin/matrix_test.rs[0m[22m — test binary matching [38;5;10mmatrix_test.c[0m with [38;5;10mtest_macros[0m and [38;5;10mprint_hilbert[0m tests[0m[0m
[0m[0m
[1m[38;5;10mCargo.toml[0m[22m — added [38;5;10mautobins = false[0m to prevent the file from being detected as both a binary and a test target[0m[0m
[0m[0m
All code is safe Rust with no [38;5;10munsafe[0m, no FFI, and no remaining placeholders. Build and tests pass cleanly.[0m[0m
[38;5;8m
 ▸ Credits: 3.69 • Time: 2m 41s

[0m[1G[0m[0m[?25h