[32mAll tools are now trusted ([0m[31m![0m[32m). Kiro will execute tools without asking for confirmation.[0m
Agents can sometimes do unexpected things so understand the risks.

Learn more at [38;5;141mhttps://kiro.dev/docs/cli/chat/security/#using-tools-trust-all-safely[0m

[38;5;12m[1m📷 Checkpoints are enabled! (took 0.04s)

[0m
[38;5;252m[0m[?25l[38;5;141m> [0m[0m[0m
[0m[0m
I'll start by reading all the C source files and Rust source files to understand the project.[0m[0m
[?25l[0m[0mBatch fs_read operation with [38;5;141m2[0m operations[38;5;244m (using tool: read)[0m

↱ Operation 1: Reading directory: [38;5;141m/tmp/harvest-crust-zjRqAM/project[0m
↱ Operation 2: Reading file: [38;5;141m/tmp/harvest-crust-zjRqAM/project/Cargo.toml[0m, all lines
[38;5;10m ✓ [0mSuccessfully read directory [38;5;141m/tmp/harvest-crust-zjRqAM/project[0m [38;5;244m(17 entries)[0m

[38;5;10m ✓ [0mSuccessfully read [38;5;244m197 bytes[0m from /tmp/harvest-crust-zjRqAM/project/Cargo.toml

 ⋮ 

[38;5;244m- [0mSummary: 2 operations processed, 2 successful, 0 failed
[38;5;244m - Completed in 0.44s[0m
[38;5;12m[1m [1.1][0m[0m
[?25l[0m[?25l[0m[0mBatch fs_read operation with [38;5;141m8[0m operations[38;5;244m (using tool: read)[0m

↱ Operation 1: Reading file: [38;5;141m/tmp/harvest-crust-zjRqAM/project/c_src/src/ulid.h[0m, all lines
↱ Operation 2: Reading file: [38;5;141m/tmp/harvest-crust-zjRqAM/project/c_src/src/ulid.c[0m, all lines
↱ Operation 3: Reading file: [38;5;141m/tmp/harvest-crust-zjRqAM/project/c_src/src/ulidgen.c[0m, all lines
↱ Operation 4: Reading file: [38;5;141m/tmp/harvest-crust-zjRqAM/project/c_src/tests/test.c[0m, all lines
↱ Operation 5: Reading file: [38;5;141m/tmp/harvest-crust-zjRqAM/project/c_src/README[0m, all lines
↱ Operation 6: Reading file: [38;5;141m/tmp/harvest-crust-zjRqAM/project/src/lib.rs[0m, all lines
↱ Operation 7: Reading file: [38;5;141m/tmp/harvest-crust-zjRqAM/project/src/ulid.rs[0m, all lines
↱ Operation 8: Reading file: [38;5;141m/tmp/harvest-crust-zjRqAM/project/src/ulidgen.rs[0m, all lines
[38;5;10m ✓ [0mSuccessfully read [38;5;244m25 bytes[0m from /tmp/harvest-crust-zjRqAM/project/c_src/src/ulid.h

[38;5;10m ✓ [0mSuccessfully read [38;5;244m1409 bytes[0m from /tmp/harvest-crust-zjRqAM/project/c_src/src/ulid.c

[38;5;10m ✓ [0mSuccessfully read [38;5;244m1131 bytes[0m from /tmp/harvest-crust-zjRqAM/project/c_src/src/ulidgen.c

[38;5;10m ✓ [0mSuccessfully read [38;5;244m1852 bytes[0m from /tmp/harvest-crust-zjRqAM/project/c_src/tests/test.c

[38;5;10m ✓ [0mSuccessfully read [38;5;244m1168 bytes[0m from /tmp/harvest-crust-zjRqAM/project/c_src/README

[38;5;10m ✓ [0mSuccessfully read [38;5;244m30 bytes[0m from /tmp/harvest-crust-zjRqAM/project/src/lib.rs

[38;5;10m ✓ [0mSuccessfully read [38;5;244m189 bytes[0m from /tmp/harvest-crust-zjRqAM/project/src/ulid.rs

[38;5;10m ✓ [0mSuccessfully read [38;5;244m134 bytes[0m from /tmp/harvest-crust-zjRqAM/project/src/ulidgen.rs

 ⋮ 

[38;5;244m- [0mSummary: 8 operations processed, 8 successful, 0 failed
[38;5;244m - Completed in 0.44s[0m
[38;5;12m[1m [1.2][0m[0m
[?25l[0m[38;5;141m> [0mNow I have a clear picture. Let me create a TODO list and implement this.[0m[0m
[?25l[0m[0m[38;5;11mTODO:
[39m[0m[ ] Implement ulidgen_r() in src/ulid.rs
[0m[ ] Implement main() in src/ulidgen.rs
[0m[ ] Add dependencies to Cargo.toml if needed
[0m[ ] Build and fix any errors[38;5;244m - Completed in 0.44s[0m
[38;5;12m[1m [1.3][0m[0m
[?25l[0m[38;5;141m> [0mLet me implement [38;5;10mulidgen_r()[0m first. The C code:[0m[0m
- Uses a static [38;5;10mb32alphabet[0m for Crockford's Base32[0m[0m
- Gets current time in milliseconds, encodes first 10 chars as timestamp[0m[0m
- If timestamp hasn't changed (same == 1), increments the random part[0m[0m
- If random part overflows (all 'Z'), sleeps and retries[0m[0m
- Otherwise generates 16 random bytes for the random part (chars 10-25)[0m[0m
[?25l[0m[0mI'll create the following file: [38;5;141msrc/ulid.rs[0m[38;5;244m (using tool: write)[0m

[48;2;43;48;59m[39m  1,  1[0m:[39m[48;2;43;48;59m [38;2;101;115;126m//[38;2;101;115;126m Import statements[K
[0m[48;2;79;40;40m[39m- 2    [0m:[39m[48;2;36;25;28m [38;2;180;142;173muse[38;2;192;197;206m [38;2;180;142;173mcrate[38;2;192;197;206m:[38;2;192;197;206m:[38;2;192;197;206m{[38;2;192;197;206mulidgen[38;2;192;197;206m}[38;2;192;197;206m;[K
[0m[48;2;40;67;43m[39m+     2[0m:[39m[48;2;24;38;30m [38;2;180;142;173muse[38;2;192;197;206m [38;2;180;142;173mcrate[38;2;192;197;206m::[38;2;192;197;206mulidgen[38;2;192;197;206m;[K
[0m[48;2;40;67;43m[39m+     3[0m:[39m[48;2;24;38;30m [38;2;180;142;173muse[38;2;192;197;206m [38;2;192;197;206mstd[38;2;192;197;206m::[38;2;192;197;206mtime[38;2;192;197;206m::[38;2;192;197;206m{[38;2;192;197;206mSystemTime[38;2;192;197;206m,[38;2;192;197;206m [38;2;208;135;112mUNIX_EPOCH[38;2;192;197;206m}[38;2;192;197;206m;[K
[0m[48;2;40;67;43m[39m+     4[0m:[39m[48;2;24;38;30m [38;2;180;142;173muse[38;2;192;197;206m [38;2;192;197;206mstd[38;2;192;197;206m::[38;2;192;197;206mthread[38;2;192;197;206m;[K
[0m[48;2;40;67;43m[39m+     5[0m:[39m[48;2;24;38;30m [38;2;180;142;173muse[38;2;192;197;206m [38;2;192;197;206mstd[38;2;192;197;206m::[38;2;192;197;206mtime[38;2;192;197;206m::[38;2;192;197;206mDuration[38;2;192;197;206m;[K
[0m[48;2;43;48;59m[39m  3,  6[0m:[39m[48;2;43;48;59m [38;2;101;115;126m//[38;2;101;115;126m Constants[K
[0m[48;2;43;48;59m[39m  4,  7[0m:[39m[48;2;43;48;59m [38;2;180;142;173mpub[38;2;192;197;206m [38;2;180;142;173mconst[38;2;192;197;206m [38;2;208;135;112mULID_LENGTH[38;2;192;197;206m:[38;2;192;197;206m [38;2;180;142;173musize[38;2;192;197;206m [38;2;192;197;206m=[38;2;192;197;206m [38;2;208;135;112m27[38;2;192;197;206m;[K
[0m[48;2;40;67;43m[39m+     8[0m:[39m[48;2;24;38;30m [K
[0m[48;2;40;67;43m[39m+     9[0m:[39m[48;2;24;38;30m [38;2;180;142;173mconst[38;2;192;197;206m [38;2;208;135;112mB32[38;2;192;197;206m:[38;2;192;197;206m [38;2;192;197;206m&[38;2;192;197;206m[[38;2;180;142;173mu8[38;2;192;197;206m][38;2;192;197;206m [38;2;192;197;206m=[38;2;192;197;206m [38;2;180;142;173mb[38;2;192;197;206m"[38;2;163;190;140m0123456789ABCDEFGHJKMNPQRSTVWXYZ[38;2;192;197;206m"[38;2;192;197;206m;[K
[0m[48;2;40;67;43m[39m+    10[0m:[39m[48;2;24;38;30m [K
[0m[48;2;43;48;59m[39m  5, 11[0m:[39m[48;2;43;48;59m [38;2;101;115;126m//[38;2;101;115;126m Function Declarations[K
[0m[48;2;43;48;59m[39m  6, 12[0m:[39m[48;2;43;48;59m [38;2;180;142;173mpub[38;2;192;197;206m [38;2;180;142;173mfn[38;2;192;197;206m [38;2;143;161;179mulidgen_r[38;2;192;197;206m([38;2;191;97;106mulid[38;2;192;197;206m:[38;2;192;197;206m [38;2;192;197;206m&[38;2;180;142;173mmut[38;2;192;197;206m [[38;2;180;142;173mchar[38;2;192;197;206m; ULID_LENGTH][38;2;192;197;206m)[38;2;192;197;206m [38;2;192;197;206m{[K
[0m[48;2;79;40;40m[39m- 7    [0m:[39m[48;2;36;25;28m [38;2;192;197;206m    [38;2;192;197;206munimplemented![38;2;192;197;206m([38;2;192;197;206m)[K
[0m[48;2;40;67;43m[39m+    13[0m:[39m[48;2;24;38;30m [38;2;192;197;206m    [38;2;180;142;173mlet[38;2;192;197;206m buf_offset [38;2;192;197;206m=[38;2;192;197;206m [38;2;208;135;112m10[38;2;192;197;206m;[K
[0m[48;2;40;67;43m[39m+    14[0m:[39m[48;2;24;38;30m [38;2;192;197;206m    [38;2;180;142;173mlet[38;2;192;197;206m [38;2;180;142;173mmut[38;2;192;197;206m same [38;2;192;197;206m=[38;2;192;197;206m [38;2;208;135;112mtrue[38;2;192;197;206m;[K
[0m[48;2;40;67;43m[39m+    15[0m:[39m[48;2;24;38;30m [K
[0m[48;2;40;67;43m[39m+    16[0m:[39m[48;2;24;38;30m [38;2;192;197;206m    ulid[38;2;192;197;206m[[38;2;208;135;112m26[38;2;192;197;206m][38;2;192;197;206m [38;2;192;197;206m=[38;2;192;197;206m [38;2;192;197;206m'[38;2;150;181;180m\0[38;2;192;197;206m'[38;2;192;197;206m;[K
[0m[48;2;40;67;43m[39m+    17[0m:[39m[48;2;24;38;30m [K
[0m[48;2;40;67;43m[39m+    18[0m:[39m[48;2;24;38;30m [38;2;192;197;206m    [38;2;180;142;173mlet[38;2;192;197;206m now [38;2;192;197;206m=[38;2;192;197;206m [38;2;192;197;206mSystemTime[38;2;192;197;206m::[38;2;192;197;206mnow[38;2;192;197;206m([38;2;192;197;206m)[38;2;192;197;206m.[38;2;150;181;180mduration_since[38;2;192;197;206m([38;2;208;135;112mUNIX_EPOCH[38;2;192;197;206m)[38;2;192;197;206m.[38;2;150;181;180munwrap[38;2;192;197;206m([38;2;192;197;206m)[38;2;192;197;206m;[K
[0m[48;2;40;67;43m[39m+    19[0m:[39m[48;2;24;38;30m [38;2;192;197;206m    [38;2;180;142;173mlet[38;2;192;197;206m [38;2;180;142;173mmut[38;2;192;197;206m t[38;2;192;197;206m:[38;2;192;197;206m [38;2;180;142;173mu64[38;2;192;197;206m [38;2;192;197;206m=[38;2;192;197;206m now.[38;2;150;181;180mas_secs[38;2;192;197;206m([38;2;192;197;206m)[38;2;192;197;206m [38;2;192;197;206m*[38;2;192;197;206m [38;2;208;135;112m1000[38;2;192;197;206m [38;2;192;197;206m+[38;2;192;197;206m [38;2;192;197;206m([38;2;192;197;206mnow.[38;2;150;181;180msubsec_nanos[38;2;192;197;206m([38;2;192;197;206m)[38;2;192;197;206m [38;2;192;197;206m/[38;2;192;197;206m [38;2;208;135;112m1_000_000[38;2;192;197;206m)[38;2;192;197;206m [38;2;192;197;206mas[38;2;192;197;206m [38;2;180;142;173mu64[38;2;192;197;206m;[K
[0m[48;2;40;67;43m[39m+    20[0m:[39m[48;2;24;38;30m [K
[0m[48;2;40;67;43m[39m+    21[0m:[39m[48;2;24;38;30m [38;2;192;197;206m    [38;2;180;142;173mfor[38;2;192;197;206m i [38;2;192;197;206min[38;2;192;197;206m [38;2;192;197;206m([38;2;208;135;112m0[38;2;192;197;206m..[38;2;208;135;112m10[38;2;192;197;206m)[38;2;192;197;206m.[38;2;150;181;180mrev[38;2;192;197;206m([38;2;192;197;206m)[38;2;192;197;206m [38;2;192;197;206m{[K
[0m[48;2;40;67;43m[39m+    22[0m:[39m[48;2;24;38;30m [38;2;192;197;206m        [38;2;180;142;173mlet[38;2;192;197;206m c [38;2;192;197;206m=[38;2;192;197;206m [38;2;208;135;112mB32[38;2;192;197;206m[[38;2;192;197;206m([38;2;192;197;206mt [38;2;192;197;206m%[38;2;192;197;206m [38;2;208;135;112m32[38;2;192;197;206m)[38;2;192;197;206m [38;2;192;197;206mas[38;2;192;197;206m [38;2;180;142;173musize[38;2;192;197;206m][38;2;192;197;206m [38;2;192;197;206mas[38;2;192;197;206m [38;2;180;142;173mchar[38;2;192;197;206m;[K
[0m[48;2;40;67;43m[39m+    23[0m:[39m[48;2;24;38;30m [38;2;192;197;206m        [38;2;180;142;173mif[38;2;192;197;206m ulid[38;2;192;197;206m[[38;2;192;197;206mi[38;2;192;197;206m][38;2;192;197;206m [38;2;192;197;206m![38;2;192;197;206m=[38;2;192;197;206m c [38;2;192;197;206m{[K
[0m[48;2;40;67;43m[39m+    24[0m:[39m[48;2;24;38;30m [38;2;192;197;206m            ulid[38;2;192;197;206m[[38;2;192;197;206mi[38;2;192;197;206m][38;2;192;197;206m [38;2;192;197;206m=[38;2;192;197;206m c[38;2;192;197;206m;[K
[0m[48;2;40;67;43m[39m+    25[0m:[39m[48;2;24;38;30m [38;2;192;197;206m            same [38;2;192;197;206m=[38;2;192;197;206m [38;2;208;135;112mfalse[38;2;192;197;206m;[K
[0m[48;2;40;67;43m[39m+    26[0m:[39m[48;2;24;38;30m [38;2;192;197;206m        [38;2;192;197;206m}[K
[0m[48;2;40;67;43m[39m+    27[0m:[39m[48;2;24;38;30m [38;2;192;197;206m        t [38;2;192;197;206m/[38;2;192;197;206m=[38;2;192;197;206m [38;2;208;135;112m32[38;2;192;197;206m;[K
[0m[48;2;40;67;43m[39m+    28[0m:[39m[48;2;24;38;30m [38;2;192;197;206m    [38;2;192;197;206m}[K
[0m[48;2;40;67;43m[39m+    29[0m:[39m[48;2;24;38;30m [K
[0m[48;2;40;67;43m[39m+    30[0m:[39m[48;2;24;38;30m [38;2;192;197;206m    [38;2;180;142;173mif[38;2;192;197;206m same [38;2;192;197;206m{[K
[0m[48;2;40;67;43m[39m+    31[0m:[39m[48;2;24;38;30m [38;2;192;197;206m        [38;2;101;115;126m//[38;2;101;115;126m increment random part in place[K
[0m[48;2;40;67;43m[39m+    32[0m:[39m[48;2;24;38;30m [38;2;192;197;206m        [38;2;180;142;173mlet[38;2;192;197;206m [38;2;180;142;173mmut[38;2;192;197;206m i[38;2;192;197;206m:[38;2;192;197;206m [38;2;180;142;173mi32[38;2;192;197;206m [38;2;192;197;206m=[38;2;192;197;206m [38;2;208;135;112m15[38;2;192;197;206m;[K
[0m[48;2;40;67;43m[39m+    33[0m:[39m[48;2;24;38;30m [38;2;192;197;206m        [38;2;180;142;173mwhile[38;2;192;197;206m i [38;2;192;197;206m>[38;2;192;197;206m=[38;2;192;197;206m [38;2;208;135;112m0[38;2;192;197;206m [38;2;192;197;206m&[38;2;192;197;206m&[38;2;192;197;206m ulid[38;2;192;197;206m[[38;2;192;197;206m([38;2;192;197;206mbuf_offset [38;2;192;197;206m+[38;2;192;197;206m i [38;2;192;197;206mas[38;2;192;197;206m [38;2;180;142;173musize[38;2;192;197;206m)[38;2;192;197;206m][38;2;192;197;206m [38;2;192;197;206m=[38;2;192;197;206m=[38;2;192;197;206m [38;2;192;197;206m'[38;2;163;190;140mZ[38;2;192;197;206m'[38;2;192;197;206m [38;2;192;197;206m{[K
[0m[48;2;40;67;43m[39m+    34[0m:[39m[48;2;24;38;30m [38;2;192;197;206m            ulid[38;2;192;197;206m[[38;2;192;197;206mbuf_offset [38;2;192;197;206m+[38;2;192;197;206m i [38;2;192;197;206mas[38;2;192;197;206m [38;2;180;142;173musize[38;2;192;197;206m][38;2;192;197;206m [38;2;192;197;206m=[38;2;192;197;206m [38;2;192;197;206m'[38;2;163;190;140m0[38;2;192;197;206m'[38;2;192;197;206m;[K
[0m[48;2;40;67;43m[39m+    35[0m:[39m[48;2;24;38;30m [38;2;192;197;206m            i [38;2;192;197;206m-[38;2;192;197;206m=[38;2;192;197;206m [38;2;208;135;112m1[38;2;192;197;206m;[K
[0m[48;2;40;67;43m[39m+    36[0m:[39m[48;2;24;38;30m [38;2;192;197;206m        [38;2;192;197;206m}[K
[0m[48;2;40;67;43m[39m+    37[0m:[39m[48;2;24;38;30m [K
[0m[48;2;40;67;43m[39m+    38[0m:[39m[48;2;24;38;30m [38;2;192;197;206m        [38;2;180;142;173mif[38;2;192;197;206m i [38;2;192;197;206m<[38;2;192;197;206m [38;2;208;135;112m0[38;2;192;197;206m [38;2;192;197;206m{[K
[0m[48;2;40;67;43m[39m+    39[0m:[39m[48;2;24;38;30m [38;2;192;197;206m            [38;2;192;197;206mthread[38;2;192;197;206m::[38;2;192;197;206msleep[38;2;192;197;206m([38;2;192;197;206mDuration[38;2;192;197;206m::[38;2;192;197;206mfrom_nanos[38;2;192;197;206m([38;2;208;135;112m1_234_567[38;2;192;197;206m)[38;2;192;197;206m)[38;2;192;197;206m;[K
[0m[48;2;40;67;43m[39m+    40[0m:[39m[48;2;24;38;30m [38;2;192;197;206m            [38;2;150;181;180mulidgen_r[38;2;192;197;206m([38;2;192;197;206mulid[38;2;192;197;206m)[38;2;192;197;206m;[K
[0m[48;2;40;67;43m[39m+    41[0m:[39m[48;2;24;38;30m [38;2;192;197;206m            [38;2;180;142;173mreturn[38;2;192;197;206m;[K
[0m[48;2;40;67;43m[39m+    42[0m:[39m[48;2;24;38;30m [38;2;192;197;206m        [38;2;192;197;206m}[K
[0m[48;2;40;67;43m[39m+    43[0m:[39m[48;2;24;38;30m [K
[0m[48;2;40;67;43m[39m+    44[0m:[39m[48;2;24;38;30m [38;2;192;197;206m        [38;2;180;142;173mlet[38;2;192;197;206m ch [38;2;192;197;206m=[38;2;192;197;206m ulid[38;2;192;197;206m[[38;2;192;197;206mbuf_offset [38;2;192;197;206m+[38;2;192;197;206m i [38;2;192;197;206mas[38;2;192;197;206m [38;2;180;142;173musize[38;2;192;197;206m][38;2;192;197;206m [38;2;192;197;206mas[38;2;192;197;206m [38;2;180;142;173mu8[38;2;192;197;206m;[K
[0m[48;2;40;67;43m[39m+    45[0m:[39m[48;2;24;38;30m [38;2;192;197;206m        [38;2;180;142;173mif[38;2;192;197;206m [38;2;180;142;173mlet[38;2;192;197;206m [38;2;192;197;206mSome[38;2;192;197;206m([38;2;192;197;206mpos[38;2;192;197;206m)[38;2;192;197;206m [38;2;192;197;206m=[38;2;192;197;206m [38;2;208;135;112mB32[38;2;192;197;206m.[38;2;150;181;180miter[38;2;192;197;206m([38;2;192;197;206m)[38;2;192;197;206m.[38;2;150;181;180mposition[38;2;192;197;206m([38;2;192;197;206m|[38;2;192;197;206m&[38;2;191;97;106mb[38;2;192;197;206m|[38;2;192;197;206m [38;2;192;197;206mb [38;2;192;197;206m=[38;2;192;197;206m=[38;2;192;197;206m ch[38;2;192;197;206m)[38;2;192;197;206m [38;2;192;197;206m{[K
[0m[48;2;40;67;43m[39m+    46[0m:[39m[48;2;24;38;30m [38;2;192;197;206m            ulid[38;2;192;197;206m[[38;2;192;197;206mbuf_offset [38;2;192;197;206m+[38;2;192;197;206m i [38;2;192;197;206mas[38;2;192;197;206m [38;2;180;142;173musize[38;2;192;197;206m][38;2;192;197;206m [38;2;192;197;206m=[38;2;192;197;206m [38;2;208;135;112mB32[38;2;192;197;206m[[38;2;192;197;206mpos [38;2;192;197;206m+[38;2;192;197;206m [38;2;208;135;112m1[38;2;192;197;206m][38;2;192;197;206m [38;2;192;197;206mas[38;2;192;197;206m [38;2;180;142;173mchar[38;2;192;197;206m;[K
[0m[48;2;40;67;43m[39m+    47[0m:[39m[48;2;24;38;30m [38;2;192;197;206m            [38;2;180;142;173mreturn[38;2;192;197;206m;[K
[0m[48;2;40;67;43m[39m+    48[0m:[39m[48;2;24;38;30m [38;2;192;197;206m        [38;2;192;197;206m}[K
[0m[48;2;40;67;43m[39m+    49[0m:[39m[48;2;24;38;30m [38;2;192;197;206m        [38;2;101;115;126m//[38;2;101;115;126m else fall through to randomize[K
[0m[48;2;40;67;43m[39m+    50[0m:[39m[48;2;24;38;30m [38;2;192;197;206m    [38;2;192;197;206m}[K
[0m[48;2;40;67;43m[39m+    51[0m:[39m[48;2;24;38;30m [K
[0m[48;2;40;67;43m[39m+    52[0m:[39m[48;2;24;38;30m [38;2;192;197;206m    [38;2;180;142;173mlet[38;2;192;197;206m [38;2;180;142;173mmut[38;2;192;197;206m rnd [38;2;192;197;206m=[38;2;192;197;206m [38;2;192;197;206m[[38;2;208;135;112m0[38;2;180;142;173mu8[38;2;192;197;206m;[38;2;192;197;206m [38;2;208;135;112m16[38;2;192;197;206m][38;2;192;197;206m;[K
[0m[48;2;40;67;43m[39m+    53[0m:[39m[48;2;24;38;30m [38;2;192;197;206m    [38;2;192;197;206mgetrandom[38;2;192;197;206m::[38;2;192;197;206mgetrandom[38;2;192;197;206m([38;2;192;197;206m&[38;2;180;142;173mmut[38;2;192;197;206m rnd[38;2;192;197;206m)[38;2;192;197;206m.[38;2;150;181;180munwrap[38;2;192;197;206m([38;2;192;197;206m)[38;2;192;197;206m;[K
[0m[48;2;40;67;43m[39m+    54[0m:[39m[48;2;24;38;30m [K
[0m[48;2;40;67;43m[39m+    55[0m:[39m[48;2;24;38;30m [38;2;192;197;206m    [38;2;180;142;173mfor[38;2;192;197;206m i [38;2;192;197;206min[38;2;192;197;206m [38;2;208;135;112m0[38;2;192;197;206m..[38;2;208;135;112m16[38;2;192;197;206m [38;2;192;197;206m{[K
[0m[48;2;40;67;43m[39m+    56[0m:[39m[48;2;24;38;30m [38;2;192;197;206m        ulid[38;2;192;197;206m[[38;2;192;197;206mbuf_offset [38;2;192;197;206m+[38;2;192;197;206m i[38;2;192;197;206m][38;2;192;197;206m [38;2;192;197;206m=[38;2;192;197;206m [38;2;208;135;112mB32[38;2;192;197;206m[[38;2;192;197;206m([38;2;192;197;206mrnd[38;2;192;197;206m[[38;2;192;197;206mi[38;2;192;197;206m][38;2;192;197;206m [38;2;192;197;206m%[38;2;192;197;206m [38;2;208;135;112m32[38;2;192;197;206m)[38;2;192;197;206m [38;2;192;197;206mas[38;2;192;197;206m [38;2;180;142;173musize[38;2;192;197;206m][38;2;192;197;206m [38;2;192;197;206mas[38;2;192;197;206m [38;2;180;142;173mchar[38;2;192;197;206m;[K
[0m[48;2;40;67;43m[39m+    57[0m:[39m[48;2;24;38;30m [38;2;192;197;206m    [38;2;192;197;206m}[K
[0m[48;2;43;48;59m[39m  8, 58[0m:[39m[48;2;43;48;59m [38;2;192;197;206m}[K
[0m[K
Replacing: [38;5;141msrc/ulid.rs[0m
[38;5;244m - Completed in 0.46s[0m
[38;5;12m[1m [1.4][0m[0m
[?25l[0m[?25l[0m[0m[38;5;11mTODO:
[39m[38;5;10m[x] [3m[38;5;244mImplement ulidgen_r() in src/ulid.rs[23m
[0m[ ] Implement main() in src/ulidgen.rs[38;5;244m - Completed in 0.45s[0m
[38;5;12m[1m [1.5][0m[0m
[?25l[0m[38;5;141m> [0mNow implement [38;5;10mmain()[0m. The C code:[0m[0m
- Parses [38;5;10m-n N[0m and [38;5;10m-t[0m flags[0m[0m
- [38;5;10m-t[0m: reads stdin line by line, prefixes each with a ULID[0m[0m
- Default: generates N ULIDs (default 1)[0m[0m
- Exits with [38;5;10m!!ferror(stdout)[0m (0 on success, 1 on error)[0m[0m
[?25l[0m[0mI'll create the following file: [38;5;141msrc/ulidgen.rs[0m[38;5;244m (using tool: write)[0m

[48;2;43;48;59m[39m  1,  1[0m:[39m[48;2;43;48;59m [38;2;101;115;126m//[38;2;101;115;126m Import statements[K
[0m[48;2;79;40;40m[39m- 2    [0m:[39m[48;2;36;25;28m [38;2;180;142;173muse[38;2;192;197;206m [38;2;180;142;173mcrate[38;2;192;197;206m:[38;2;192;197;206m:[38;2;192;197;206m{[38;2;192;197;206mulid[38;2;192;197;206m}[38;2;192;197;206m;[K
[0m[48;2;40;67;43m[39m+     2[0m:[39m[48;2;24;38;30m [38;2;180;142;173muse[38;2;192;197;206m [38;2;180;142;173mcrate[38;2;192;197;206m::[38;2;192;197;206mulid[38;2;192;197;206m;[K
[0m[48;2;40;67;43m[39m+     3[0m:[39m[48;2;24;38;30m [38;2;180;142;173muse[38;2;192;197;206m [38;2;192;197;206mstd[38;2;192;197;206m::[38;2;192;197;206mio[38;2;192;197;206m::[38;2;192;197;206m{[38;2;191;97;106mself[38;2;192;197;206m,[38;2;192;197;206m BufRead[38;2;192;197;206m,[38;2;192;197;206m Write[38;2;192;197;206m,[38;2;192;197;206m BufWriter[38;2;192;197;206m}[38;2;192;197;206m;[K
[0m[48;2;43;48;59m[39m  3,  4[0m:[39m[48;2;43;48;59m [38;2;101;115;126m//[38;2;101;115;126m Function Declarations[K
[0m[48;2;43;48;59m[39m  4,  5[0m:[39m[48;2;43;48;59m [38;2;180;142;173mpub[38;2;192;197;206m [38;2;180;142;173mfn[38;2;192;197;206m [38;2;143;161;179mmain[38;2;192;197;206m([38;2;191;97;106margc[38;2;192;197;206m:[38;2;192;197;206m [38;2;180;142;173mi32[38;2;192;197;206m, [38;2;191;97;106margv[38;2;192;197;206m:[38;2;192;197;206m [38;2;192;197;206m&[38;2;192;197;206m[[38;2;192;197;206m&[38;2;180;142;173mstr[38;2;192;197;206m][38;2;192;197;206m)[38;2;192;197;206m [38;2;192;197;206m->[38;2;192;197;206m [38;2;180;142;173mi32[38;2;192;197;206m [38;2;192;197;206m{[K
[0m[48;2;79;40;40m[39m- 5    [0m:[39m[48;2;36;25;28m [38;2;192;197;206m    [38;2;192;197;206munimplemented![38;2;192;197;206m([38;2;192;197;206m)[K
[0m[48;2;40;67;43m[39m+     6[0m:[39m[48;2;24;38;30m [38;2;192;197;206m    [38;2;180;142;173mlet[38;2;192;197;206m [38;2;180;142;173mmut[38;2;192;197;206m ulid_buf [38;2;192;197;206m=[38;2;192;197;206m [38;2;192;197;206m[[38;2;192;197;206m'[38;2;150;181;180m\0[38;2;192;197;206m'[38;2;192;197;206m;[38;2;192;197;206m [38;2;192;197;206mulid[38;2;192;197;206m::[38;2;208;135;112mULID_LENGTH[38;2;192;197;206m][38;2;192;197;206m;[K
[0m[48;2;40;67;43m[39m+     7[0m:[39m[48;2;24;38;30m [38;2;192;197;206m    [38;2;180;142;173mlet[38;2;192;197;206m [38;2;180;142;173mmut[38;2;192;197;206m n[38;2;192;197;206m:[38;2;192;197;206m [38;2;180;142;173mi64[38;2;192;197;206m [38;2;192;197;206m=[38;2;192;197;206m [38;2;208;135;112m1[38;2;192;197;206m;[K
[0m[48;2;40;67;43m[39m+     8[0m:[39m[48;2;24;38;30m [38;2;192;197;206m    [38;2;180;142;173mlet[38;2;192;197;206m [38;2;180;142;173mmut[38;2;192;197;206m tflag [38;2;192;197;206m=[38;2;192;197;206m [38;2;208;135;112mfalse[38;2;192;197;206m;[K
[0m[48;2;40;67;43m[39m+     9[0m:[39m[48;2;24;38;30m [K
[0m[48;2;40;67;43m[39m+    10[0m:[39m[48;2;24;38;30m [38;2;192;197;206m    [38;2;101;115;126m//[38;2;101;115;126m Parse options (simple getopt-style)[K
[0m[48;2;40;67;43m[39m+    11[0m:[39m[48;2;24;38;30m [38;2;192;197;206m    [38;2;180;142;173mlet[38;2;192;197;206m [38;2;180;142;173mmut[38;2;192;197;206m i [38;2;192;197;206m=[38;2;192;197;206m [38;2;208;135;112m1[38;2;180;142;173musize[38;2;192;197;206m;[K
[0m[48;2;40;67;43m[39m+    12[0m:[39m[48;2;24;38;30m [38;2;192;197;206m    [38;2;180;142;173mwhile[38;2;192;197;206m i [38;2;192;197;206m<[38;2;192;197;206m argc [38;2;192;197;206mas[38;2;192;197;206m [38;2;180;142;173musize[38;2;192;197;206m [38;2;192;197;206m{[K
[0m[48;2;40;67;43m[39m+    13[0m:[39m[48;2;24;38;30m [38;2;192;197;206m        [38;2;180;142;173mmatch[38;2;192;197;206m argv[38;2;192;197;206m[[38;2;192;197;206mi[38;2;192;197;206m][38;2;192;197;206m [38;2;192;197;206m{[K
[0m[48;2;40;67;43m[39m+    14[0m:[39m[48;2;24;38;30m [38;2;192;197;206m            [38;2;192;197;206m"[38;2;163;190;140m-n[38;2;192;197;206m"[38;2;192;197;206m [38;2;192;197;206m=>[38;2;192;197;206m [38;2;192;197;206m{[K
[0m[48;2;40;67;43m[39m+    15[0m:[39m[48;2;24;38;30m [38;2;192;197;206m                i [38;2;192;197;206m+[38;2;192;197;206m=[38;2;192;197;206m [38;2;208;135;112m1[38;2;192;197;206m;[K
[0m[48;2;40;67;43m[39m+    16[0m:[39m[48;2;24;38;30m [38;2;192;197;206m                [38;2;180;142;173mif[38;2;192;197;206m i [38;2;192;197;206m<[38;2;192;197;206m argc [38;2;192;197;206mas[38;2;192;197;206m [38;2;180;142;173musize[38;2;192;197;206m [38;2;192;197;206m{[K
[0m[48;2;40;67;43m[39m+    17[0m:[39m[48;2;24;38;30m [38;2;192;197;206m                    n [38;2;192;197;206m=[38;2;192;197;206m argv[38;2;192;197;206m[[38;2;192;197;206mi[38;2;192;197;206m][38;2;192;197;206m.[38;2;150;181;180mparse[38;2;192;197;206m([38;2;192;197;206m)[38;2;192;197;206m.[38;2;150;181;180munwrap_or[38;2;192;197;206m([38;2;208;135;112m0[38;2;192;197;206m)[38;2;192;197;206m;[K
[0m[48;2;40;67;43m[39m+    18[0m:[39m[48;2;24;38;30m [38;2;192;197;206m                [38;2;192;197;206m}[K
[0m[48;2;40;67;43m[39m+    19[0m:[39m[48;2;24;38;30m [38;2;192;197;206m            [38;2;192;197;206m}[K
[0m[48;2;40;67;43m[39m+    20[0m:[39m[48;2;24;38;30m [38;2;192;197;206m            [38;2;192;197;206m"[38;2;163;190;140m-t[38;2;192;197;206m"[38;2;192;197;206m [38;2;192;197;206m=>[38;2;192;197;206m tflag [38;2;192;197;206m=[38;2;192;197;206m [38;2;208;135;112mtrue[38;2;192;197;206m,[K
[0m[48;2;40;67;43m[39m+    21[0m:[39m[48;2;24;38;30m [38;2;192;197;206m            [38;2;192;197;206m_[38;2;192;197;206m [38;2;192;197;206m=>[38;2;192;197;206m [38;2;192;197;206m{[38;2;192;197;206m}[K
[0m[48;2;40;67;43m[39m+    22[0m:[39m[48;2;24;38;30m [38;2;192;197;206m        [38;2;192;197;206m}[K
[0m[48;2;40;67;43m[39m+    23[0m:[39m[48;2;24;38;30m [38;2;192;197;206m        i [38;2;192;197;206m+[38;2;192;197;206m=[38;2;192;197;206m [38;2;208;135;112m1[38;2;192;197;206m;[K
[0m[48;2;40;67;43m[39m+    24[0m:[39m[48;2;24;38;30m [38;2;192;197;206m    [38;2;192;197;206m}[K
[0m[48;2;40;67;43m[39m+    25[0m:[39m[48;2;24;38;30m [K
[0m[48;2;40;67;43m[39m+    26[0m:[39m[48;2;24;38;30m [38;2;192;197;206m    [38;2;180;142;173mlet[38;2;192;197;206m stdout [38;2;192;197;206m=[38;2;192;197;206m [38;2;192;197;206mio[38;2;192;197;206m::[38;2;192;197;206mstdout[38;2;192;197;206m([38;2;192;197;206m)[38;2;192;197;206m;[K
[0m[48;2;40;67;43m[39m+    27[0m:[39m[48;2;24;38;30m [38;2;192;197;206m    [38;2;180;142;173mlet[38;2;192;197;206m [38;2;180;142;173mmut[38;2;192;197;206m out [38;2;192;197;206m=[38;2;192;197;206m [38;2;192;197;206mBufWriter[38;2;192;197;206m::[38;2;192;197;206mnew[38;2;192;197;206m([38;2;192;197;206mstdout.[38;2;150;181;180mlock[38;2;192;197;206m([38;2;192;197;206m)[38;2;192;197;206m)[38;2;192;197;206m;[K
[0m[48;2;40;67;43m[39m+    28[0m:[39m[48;2;24;38;30m [38;2;192;197;206m    [38;2;180;142;173mlet[38;2;192;197;206m [38;2;180;142;173mmut[38;2;192;197;206m had_error [38;2;192;197;206m=[38;2;192;197;206m [38;2;208;135;112mfalse[38;2;192;197;206m;[K
[0m[48;2;40;67;43m[39m+    29[0m:[39m[48;2;24;38;30m [K
[0m[48;2;40;67;43m[39m+    30[0m:[39m[48;2;24;38;30m [38;2;192;197;206m    [38;2;180;142;173mif[38;2;192;197;206m tflag [38;2;192;197;206m{[K
[0m[48;2;40;67;43m[39m+    31[0m:[39m[48;2;24;38;30m [38;2;192;197;206m        [38;2;180;142;173mlet[38;2;192;197;206m stdin [38;2;192;197;206m=[38;2;192;197;206m [38;2;192;197;206mio[38;2;192;197;206m::[38;2;192;197;206mstdin[38;2;192;197;206m([38;2;192;197;206m)[38;2;192;197;206m;[K
[0m[48;2;40;67;43m[39m+    32[0m:[39m[48;2;24;38;30m [38;2;192;197;206m        [38;2;180;142;173mfor[38;2;192;197;206m line [38;2;192;197;206min[38;2;192;197;206m stdin.[38;2;150;181;180mlock[38;2;192;197;206m([38;2;192;197;206m)[38;2;192;197;206m.[38;2;150;181;180mlines[38;2;192;197;206m([38;2;192;197;206m)[38;2;192;197;206m [38;2;192;197;206m{[K
[0m[48;2;40;67;43m[39m+    33[0m:[39m[48;2;24;38;30m [38;2;192;197;206m            [38;2;180;142;173mmatch[38;2;192;197;206m line [38;2;192;197;206m{[K
[0m[48;2;40;67;43m[39m+    34[0m:[39m[48;2;24;38;30m [38;2;192;197;206m                [38;2;192;197;206mOk[38;2;192;197;206m([38;2;192;197;206ml[38;2;192;197;206m)[38;2;192;197;206m [38;2;192;197;206m=>[38;2;192;197;206m [38;2;192;197;206m{[K
[0m[48;2;40;67;43m[39m+    35[0m:[39m[48;2;24;38;30m [38;2;192;197;206m                    [38;2;192;197;206mulid[38;2;192;197;206m::[38;2;192;197;206mulidgen_r[38;2;192;197;206m([38;2;192;197;206m&[38;2;180;142;173mmut[38;2;192;197;206m ulid_buf[38;2;192;197;206m)[38;2;192;197;206m;[K
[0m[48;2;40;67;43m[39m+    36[0m:[39m[48;2;24;38;30m [38;2;192;197;206m                    [38;2;180;142;173mlet[38;2;192;197;206m s[38;2;192;197;206m:[38;2;192;197;206m [38;2;192;197;206mString[38;2;192;197;206m [38;2;192;197;206m=[38;2;192;197;206m ulid_buf[38;2;192;197;206m[[38;2;192;197;206m..[38;2;208;135;112m26[38;2;192;197;206m][38;2;192;197;206m.[38;2;150;181;180miter[38;2;192;197;206m([38;2;192;197;206m)[38;2;192;197;206m.[38;2;150;181;180mcollect[38;2;192;197;206m([38;2;192;197;206m)[38;2;192;197;206m;[K
[0m[48;2;40;67;43m[39m+    37[0m:[39m[48;2;24;38;30m [38;2;192;197;206m                    [38;2;180;142;173mif[38;2;192;197;206m [38;2;192;197;206mwriteln![38;2;192;197;206m([38;2;192;197;206mout,[38;2;192;197;206m [38;2;192;197;206m"[38;2;208;135;112m{}[38;2;163;190;140m [38;2;208;135;112m{}[38;2;192;197;206m"[38;2;192;197;206m,[38;2;192;197;206m s[38;2;192;197;206m,[38;2;192;197;206m l[38;2;192;197;206m)[38;2;192;197;206m.[38;2;150;181;180mis_err[38;2;192;197;206m([38;2;192;197;206m)[38;2;192;197;206m [38;2;192;197;206m{[K
[0m[48;2;40;67;43m[39m+    38[0m:[39m[48;2;24;38;30m [38;2;192;197;206m                        had_error [38;2;192;197;206m=[38;2;192;197;206m [38;2;208;135;112mtrue[38;2;192;197;206m;[K
[0m[48;2;40;67;43m[39m+    39[0m:[39m[48;2;24;38;30m [38;2;192;197;206m                        [38;2;180;142;173mbreak[38;2;192;197;206m;[K
[0m[48;2;40;67;43m[39m+    40[0m:[39m[48;2;24;38;30m [38;2;192;197;206m                    [38;2;192;197;206m}[K
[0m[48;2;40;67;43m[39m+    41[0m:[39m[48;2;24;38;30m [38;2;192;197;206m                [38;2;192;197;206m}[K
[0m[48;2;40;67;43m[39m+    42[0m:[39m[48;2;24;38;30m [38;2;192;197;206m                [38;2;192;197;206mErr[38;2;192;197;206m([38;2;192;197;206m_[38;2;192;197;206m)[38;2;192;197;206m [38;2;192;197;206m=>[38;2;192;197;206m [38;2;180;142;173mbreak[38;2;192;197;206m,[K
[0m[48;2;40;67;43m[39m+    43[0m:[39m[48;2;24;38;30m [38;2;192;197;206m            [38;2;192;197;206m}[K
[0m[48;2;40;67;43m[39m+    44[0m:[39m[48;2;24;38;30m [38;2;192;197;206m        [38;2;192;197;206m}[K
[0m[48;2;40;67;43m[39m+    45[0m:[39m[48;2;24;38;30m [38;2;192;197;206m    [38;2;192;197;206m}[38;2;192;197;206m [38;2;180;142;173melse[38;2;192;197;206m [38;2;192;197;206m{[K
[0m[48;2;40;67;43m[39m+    46[0m:[39m[48;2;24;38;30m [38;2;192;197;206m        [38;2;180;142;173mfor[38;2;192;197;206m [38;2;192;197;206m_[38;2;192;197;206m [38;2;192;197;206min[38;2;192;197;206m [38;2;208;135;112m0[38;2;192;197;206m..[38;2;192;197;206mn [38;2;192;197;206m{[K
[0m[48;2;40;67;43m[39m+    47[0m:[39m[48;2;24;38;30m [38;2;192;197;206m            [38;2;192;197;206mulid[38;2;192;197;206m::[38;2;192;197;206mulidgen_r[38;2;192;197;206m([38;2;192;197;206m&[38;2;180;142;173mmut[38;2;192;197;206m ulid_buf[38;2;192;197;206m)[38;2;192;197;206m;[K
[0m[48;2;40;67;43m[39m+    48[0m:[39m[48;2;24;38;30m [38;2;192;197;206m            [38;2;180;142;173mlet[38;2;192;197;206m s[38;2;192;197;206m:[38;2;192;197;206m [38;2;192;197;206mString[38;2;192;197;206m [38;2;192;197;206m=[38;2;192;197;206m ulid_buf[38;2;192;197;206m[[38;2;192;197;206m..[38;2;208;135;112m26[38;2;192;197;206m][38;2;192;197;206m.[38;2;150;181;180miter[38;2;192;197;206m([38;2;192;197;206m)[38;2;192;197;206m.[38;2;150;181;180mcollect[38;2;192;197;206m([38;2;192;197;206m)[38;2;192;197;206m;[K
[0m[48;2;40;67;43m[39m+    49[0m:[39m[48;2;24;38;30m [38;2;192;197;206m            [38;2;180;142;173mif[38;2;192;197;206m [38;2;192;197;206mwriteln![38;2;192;197;206m([38;2;192;197;206mout,[38;2;192;197;206m [38;2;192;197;206m"[38;2;208;135;112m{}[38;2;192;197;206m"[38;2;192;197;206m,[38;2;192;197;206m s[38;2;192;197;206m)[38;2;192;197;206m.[38;2;150;181;180mis_err[38;2;192;197;206m([38;2;192;197;206m)[38;2;192;197;206m [38;2;192;197;206m{[K
[0m[48;2;40;67;43m[39m+    50[0m:[39m[48;2;24;38;30m [38;2;192;197;206m                had_error [38;2;192;197;206m=[38;2;192;197;206m [38;2;208;135;112mtrue[38;2;192;197;206m;[K
[0m[48;2;40;67;43m[39m+    51[0m:[39m[48;2;24;38;30m [38;2;192;197;206m                [38;2;180;142;173mbreak[38;2;192;197;206m;[K
[0m[48;2;40;67;43m[39m+    52[0m:[39m[48;2;24;38;30m [38;2;192;197;206m            [38;2;192;197;206m}[K
[0m[48;2;40;67;43m[39m+    53[0m:[39m[48;2;24;38;30m [38;2;192;197;206m        [38;2;192;197;206m}[K
[0m[48;2;40;67;43m[39m+    54[0m:[39m[48;2;24;38;30m [38;2;192;197;206m    [38;2;192;197;206m}[K
[0m[48;2;40;67;43m[39m+    55[0m:[39m[48;2;24;38;30m [K
[0m[48;2;40;67;43m[39m+    56[0m:[39m[48;2;24;38;30m [38;2;192;197;206m    [38;2;180;142;173mif[38;2;192;197;206m out.[38;2;150;181;180mflush[38;2;192;197;206m([38;2;192;197;206m)[38;2;192;197;206m.[38;2;150;181;180mis_err[38;2;192;197;206m([38;2;192;197;206m)[38;2;192;197;206m [38;2;192;197;206m{[K
[0m[48;2;40;67;43m[39m+    57[0m:[39m[48;2;24;38;30m [38;2;192;197;206m        had_error [38;2;192;197;206m=[38;2;192;197;206m [38;2;208;135;112mtrue[38;2;192;197;206m;[K
[0m[48;2;40;67;43m[39m+    58[0m:[39m[48;2;24;38;30m [38;2;192;197;206m    [38;2;192;197;206m}[K
[0m[48;2;40;67;43m[39m+    59[0m:[39m[48;2;24;38;30m [K
[0m[48;2;40;67;43m[39m+    60[0m:[39m[48;2;24;38;30m [38;2;192;197;206m    [38;2;180;142;173mif[38;2;192;197;206m had_error [38;2;192;197;206m{[38;2;192;197;206m [38;2;208;135;112m1[38;2;192;197;206m [38;2;192;197;206m}[38;2;192;197;206m [38;2;180;142;173melse[38;2;192;197;206m [38;2;192;197;206m{[38;2;192;197;206m [38;2;208;135;112m0[38;2;192;197;206m [38;2;192;197;206m}[K
[0m[48;2;43;48;59m[39m  6, 61[0m:[39m[48;2;43;48;59m [38;2;192;197;206m}[K
[0m[K
Replacing: [38;5;141msrc/ulidgen.rs[0m
[38;5;244m - Completed in 0.48s[0m
[38;5;12m[1m [1.6][0m[0m
[?25l[0m[?25l[0m[0m[38;5;11mTODO:
[39m[38;5;10m[x] [3m[38;5;244mImplement main() in src/ulidgen.rs[23m
[0m[ ] Add dependencies to Cargo.toml if needed[38;5;244m - Completed in 0.45s[0m
[38;5;12m[1m [1.7][0m[0m
[?25l[0m[38;5;141m> [0mNow add the [38;5;10mgetrandom[0m dependency to Cargo.toml:[0m[0m
[?25l[0m[0mI'll create the following file: [38;5;141mCargo.toml[0m[38;5;244m (using tool: write)[0m

[49m[39m   1, 1[0m:[39m[49m [package]
[0m[49m[39m   2, 2[0m:[39m[49m name = "ulidgen"
[0m[49m[39m   3, 3[0m:[39m[49m version = "0.1.0"
[0m[49m[39m   4, 4[0m:[39m[49m edition = "2021"
[0m[49m[39m   5, 5[0m:[39m[49m 
[0m[49m[38;5;9m-  6   [0m:[38;5;9m[49m # See more keys and their definitions at https://doc.ulidgen-lang.org/cargo/reference/manifest.html
[0m[49m[38;5;9m-  7   [0m:[38;5;9m[49m 
[0m[49m[39m   8, 6[0m:[39m[49m [dependencies]
[0m[49m[38;5;9m-  9   [0m:[38;5;9m[49m 
[0m[49m[38;5;9m- 10   [0m:[38;5;9m[49m 
[0m[49m[38;5;9m- 11   [0m:[38;5;9m[49m 
[0m[49m[38;5;9m- 12   [0m:[38;5;9m[49m 
[0m[49m[38;5;9m- 13   [0m:[38;5;9m[49m 
[0m[49m[38;5;9m- 14   [0m:[38;5;9m[49m 
[0m[49m[38;5;9m- 15   [0m:[38;5;9m[49m 
[0m[49m[38;5;9m- 16   [0m:[38;5;9m[49m 
[0m[49m[38;5;9m- 17   [0m:[38;5;9m[49m 
[0m[49m[38;5;9m- 18   [0m:[38;5;9m[49m 
[0m[49m[38;5;9m- 19   [0m:[38;5;9m[49m 
[0m[49m[38;5;9m- 20   [0m:[38;5;9m[49m 
[0m[49m[38;5;9m- 21   [0m:[38;5;9m[49m 
[0m[49m[38;5;9m- 22   [0m:[38;5;9m[49m 
[0m[49m[38;5;9m- 23   [0m:[38;5;9m[49m 
[0m[49m[38;5;9m- 24   [0m:[38;5;9m[49m 
[0m[49m[38;5;9m- 25   [0m:[38;5;9m[49m 
[0m[49m[38;5;9m- 26   [0m:[38;5;9m[49m 
[0m[49m[38;5;9m- 27   [0m:[38;5;9m[49m 
[0m[49m[38;5;10m+     7[0m:[38;5;10m[49m getrandom = "0.2"
[0m[K
Replacing: [38;5;141mCargo.toml[0m
[38;5;244m - Completed in 0.49s[0m
[38;5;12m[1m [1.8][0m[0m
[?25l[0m[?25l[0m[0m[38;5;11mTODO:
[39m[38;5;10m[x] [3m[38;5;244mAdd dependencies to Cargo.toml if needed[23m
[0m[ ] Build and fix any errors[38;5;244m - Completed in 0.45s[0m
[38;5;12m[1m [1.9][0m[0m
[?25l[0m[38;5;141m> [0mNow let's build:[0m[0m
[?25l[0m[0mI will run the following command: [38;5;141mcd /tmp/harvest-crust-zjRqAM/project && cargo build 2>&1[0m[38;5;244m (using tool: shell)[0m
Purpose: Build the Rust project to check for compilation errors

    Updating crates.io index
     Locking 4 packages to latest compatible versions
      Adding cfg-if v1.0.4
      Adding getrandom v0.2.17 (available: v0.4.2)
      Adding libc v0.2.184
      Adding wasi v0.11.1+wasi-snapshot-preview1
   Compiling libc v0.2.184
   Compiling cfg-if v1.0.4
   Compiling getrandom v0.2.17
   Compiling ulidgen v0.1.0 (/tmp/harvest-crust-zjRqAM/project)
warning: unused import: `crate::ulidgen`
 --> src/ulid.rs:2:5
  |
2 | use crate::ulidgen;
  |     ^^^^^^^^^^^^^^
  |
  = note: `#[warn(unused_imports)]` (part of `#[warn(unused)]`) on by default

warning: unnecessary parentheses around index expression
  --> src/ulid.rs:33:30
   |
33 | ...&& ulid[(buf_offset + i as usize)] == 'Z' {
   |            ^                       ^
   |
   = note: `#[warn(unused_parens)]` (part of `#[warn(unused)]`) on by default
help: remove these parentheses
   |
33 -         while i >= 0 && ulid[(buf_offset + i as usize)] == 'Z' {
33 +         while i >= 0 && ulid[buf_offset + i as usize] == 'Z' {
   |

warning: `ulidgen` (lib) generated 2 warnings (run `cargo fix --lib -p ulidgen` to apply 2 suggestions)
    Finished `dev` profile [unoptimized + debuginfo] target(s) in 1.07s
[38;5;244m - Completed in 1.168s[0m
[38;5;12m[1m [1.10][0m[0m
[?25l[0m[38;5;141m> [0mBuild succeeds. Let me clean up the two warnings:[0m[0m
[?25l[0m[0mI'll modify the following file: [38;5;141msrc/ulid.rs[0m[38;5;244m (using tool: write)[0m

[48;2;79;40;40m[39m- 2   [0m:[39m[48;2;36;25;28m [38;2;180;142;173muse[38;2;192;197;206m [38;2;180;142;173mcrate[38;2;192;197;206m::[38;2;192;197;206mulidgen[38;2;192;197;206m;[K
[0m[48;2;43;48;59m[39m  3, 2[0m:[39m[48;2;43;48;59m [38;2;180;142;173muse[38;2;192;197;206m [38;2;192;197;206mstd[38;2;192;197;206m::[38;2;192;197;206mtime[38;2;192;197;206m::[38;2;192;197;206m{[38;2;192;197;206mSystemTime[38;2;192;197;206m,[38;2;192;197;206m [38;2;208;135;112mUNIX_EPOCH[38;2;192;197;206m}[38;2;192;197;206m;[K
[0m[K
Updating: [38;5;141msrc/ulid.rs[0m
[38;5;244m - Completed in 0.48s[0m
[38;5;12m[1m [1.11][0m[0m
[?25l[0m[?25l[0m[0mI'll modify the following file: [38;5;141msrc/ulid.rs[0m[38;5;244m (using tool: write)[0m

[48;2;79;40;40m[39m- 32    [0m:[39m[48;2;36;25;28m [38;2;192;197;206m        [38;2;180;142;173mwhile[38;2;192;197;206m i [38;2;192;197;206m>[38;2;192;197;206m=[38;2;192;197;206m [38;2;208;135;112m0[38;2;192;197;206m [38;2;192;197;206m&[38;2;192;197;206m&[38;2;192;197;206m ulid[38;2;192;197;206m[[38;2;192;197;206m([38;2;192;197;206mbuf_offset [38;2;192;197;206m+[38;2;192;197;206m i [38;2;192;197;206mas[38;2;192;197;206m [38;2;180;142;173musize[38;2;192;197;206m)[38;2;192;197;206m][38;2;192;197;206m [38;2;192;197;206m=[38;2;192;197;206m=[38;2;192;197;206m [38;2;192;197;206m'[38;2;163;190;140mZ[38;2;192;197;206m'[38;2;192;197;206m [38;2;192;197;206m{[K
[0m[48;2;40;67;43m[39m+     32[0m:[39m[48;2;24;38;30m [38;2;192;197;206m        [38;2;180;142;173mwhile[38;2;192;197;206m i [38;2;192;197;206m>[38;2;192;197;206m=[38;2;192;197;206m [38;2;208;135;112m0[38;2;192;197;206m [38;2;192;197;206m&[38;2;192;197;206m&[38;2;192;197;206m ulid[38;2;192;197;206m[[38;2;192;197;206mbuf_offset [38;2;192;197;206m+[38;2;192;197;206m i [38;2;192;197;206mas[38;2;192;197;206m [38;2;180;142;173musize[38;2;192;197;206m][38;2;192;197;206m [38;2;192;197;206m=[38;2;192;197;206m=[38;2;192;197;206m [38;2;192;197;206m'[38;2;163;190;140mZ[38;2;192;197;206m'[38;2;192;197;206m [38;2;192;197;206m{[K
[0m[K
Updating: [38;5;141msrc/ulid.rs[0m
[38;5;244m - Completed in 0.49s[0m
[38;5;12m[1m [1.12][0m[0m
[?25l[0m[?25l[0m[0mI will run the following command: [38;5;141mcd /tmp/harvest-crust-zjRqAM/project && cargo build 2>&1[0m[38;5;244m (using tool: shell)[0m
Purpose: Rebuild to verify warnings are fixed

   Compiling ulidgen v0.1.0 (/tmp/harvest-crust-zjRqAM/project)
    Finished `dev` profile [unoptimized + debuginfo] target(s) in 0.08s
[38;5;244m - Completed in 0.170s[0m
[38;5;12m[1m [1.13][0m[0m
[?25l[0m[38;5;141m> [0mClean build with no warnings. Let me verify the lib.rs is untouched and do a quick sanity check:[0m[0m
[?25l[0m[0mI will run the following command: [38;5;141mcd /tmp/harvest-crust-zjRqAM/project && cargo test 2>&1; echo "---"; grep -c "unimplemented\|todo!\|panic!" src/ulid.rs src/ulidgen.rs || echo "No placeholders found"[0m[38;5;244m (using tool: shell)[0m
Purpose: Run tests and verify no unimplemented placeholders remain

   Compiling ulidgen v0.1.0 (/tmp/harvest-crust-zjRqAM/project)
    Finished `test` profile [unoptimized + debuginfo] target(s) in 0.23s
     Running unittests src/lib.rs (target/debug/deps/ulidgen-ee2cfa48daa663c9)

running 0 tests

test result: ok. 0 passed; 0 failed; 0 ignored; 0 measured; 0 filtered out; finished in 0.00s

   Doc-tests ulidgen

running 0 tests

test result: ok. 0 passed; 0 failed; 0 ignored; 0 measured; 0 filtered out; finished in 0.00s

---
src/ulid.rs:0
src/ulidgen.rs:0
No placeholders found
[38;5;244m - Completed in 0.356s[0m
[38;5;12m[1m [1.14][0m[0m
[?25l[0m[?25l[0m[0m[38;5;11mTODO:
[39m[38;5;10m[x] [3m[38;5;244mImplement ulidgen_r() in src/ulid.rs[23m
[38;5;10m[x] [3m[38;5;244mImplement main() in src/ulidgen.rs[23m
[38;5;10m[x] [3m[38;5;244mAdd dependencies to Cargo.toml if needed[23m
[38;5;10m[x] [3m[38;5;244mBuild and fix any errors[23m[38;5;244m - Completed in 0.44s[0m
[38;5;12m[1m [1.15][0m[0m
[?25l[0m[38;5;141m> [0mAll done. Here's a summary of what was implemented:[0m[0m
[0m[0m
[1m[38;5;10msrc/ulid.rs[0m — [38;5;10mulidgen_r()[0m[22m[0m[0m
- Encodes current time (milliseconds since epoch) into the first 10 characters using Crockford's Base32[0m[0m
- If the timestamp hasn't changed since the last call, increments the 16-character random part in-place (monotonic within the same millisecond)[0m[0m
- If the random part overflows (all [38;5;10mZ[0ms), sleeps ~1.2ms and retries recursively[0m[0m
- Otherwise generates 16 fresh random bytes via [38;5;10mgetrandom[0m for the random portion[0m[0m
[0m[0m
[1m[38;5;10msrc/ulidgen.rs[0m — [38;5;10mmain()[0m[22m[0m[0m
- Parses [38;5;10m-n N[0m (generate N ULIDs) and [38;5;10m-t[0m (prefix stdin lines with ULIDs) flags[0m[0m
- In [38;5;10m-t[0m mode, reads stdin line-by-line and prints [38;5;10m<ULID> <line>[0m[0m[0m
- In default mode, generates and prints N ULIDs (default 1)[0m[0m
- Returns 0 on success, 1 on write error[0m[0m
[0m[0m
[1m[38;5;10mCargo.toml[0m[22m — Added [38;5;10mgetrandom = "0.2"[0m for cryptographic random byte generation (replacing C's [38;5;10mgetentropy[0m).[0m[0m[38;5;12m[1m✓ Created checkpoint 1

[0m[0m
[38;5;8m
 ▸ Credits: 2.75 • Time: 1m 35s

[0m[1G[0m[0m[?25h