[32mAll tools are now trusted ([0m[31m![0m[32m). Kiro will execute tools without asking for confirmation.[0m
Agents can sometimes do unexpected things so understand the risks.

Learn more at [38;5;141mhttps://kiro.dev/docs/cli/chat/security/#using-tools-trust-all-safely[0m


[38;5;12m[1m📷 Checkpoints are enabled! (took 0.03s)

[0m
[38;5;252m[0m[?25l[38;5;141m> [0m[0m[0m
[0m[0m
Let me start by examining the C source code to understand what needs to be translated.[0m[0m
[?25l[0m[0mReading directory: [38;5;141m.[0m[38;5;244m (using tool: read, max depth: 3, max entries: 1000, excluding: defaults)[0m
[38;5;10m ✓ [0mSuccessfully read directory [38;5;141m.[0m [38;5;244m(6 entries)[0m
[38;5;244m - Completed in 0.3s[0m

[?25l[0m[?25l[0m[0mBatch fs_read operation with [38;5;141m3[0m operations[38;5;244m (using tool: read)[0m

↱ Operation 1: Reading file: [38;5;141m./c_src/include/lib.h[0m, all lines
↱ Operation 2: Reading file: [38;5;141m./c_src/src/lib.c[0m, all lines
↱ Operation 3: Reading file: [38;5;141m./c_src/CMakeLists.txt[0m, all lines
[38;5;10m ✓ [0mSuccessfully read [38;5;244m37 bytes[0m from ./c_src/include/lib.h

[38;5;10m ✓ [0mSuccessfully read [38;5;244m2474 bytes[0m from ./c_src/src/lib.c

[38;5;10m ✓ [0mSuccessfully read [38;5;244m403 bytes[0m from ./c_src/CMakeLists.txt

 ⋮ 

[38;5;244m- [0mSummary: 3 operations processed, 3 successful, 0 failed
[38;5;244m - Completed in 0.3s[0m

[?25l[0m[38;5;141m> [0mNo namespace macros — the function is just [38;5;10mdecode_base64[0m directly. Let me create the Rust translation.[0m[0m
[?25l[0m[0m[38;5;11mTODO:
[39m[0m[ ] Create Cargo.toml with cdylib crate-type
[0m[ ] Create src/lib.rs with byte-identical translation
[0m[ ] Build with cargo build --release and fix errors[38;5;244m - Completed in 0.4s[0m

[?25l[0m[?25l[0m[0mI'll create the following file: [38;5;141m/local/home/scheschb/reserach/TRACTOR/harvest-agentic/results/B02_organic/decode_base64_lib/translated_rust/Cargo.toml[0m[38;5;244m (using tool: write)[0m

[49m[38;5;10m+    1[0m:[38;5;10m[49m [package]
[0m[49m[38;5;10m+    2[0m:[38;5;10m[49m name = "decode_base64_lib"
[0m[49m[38;5;10m+    3[0m:[38;5;10m[49m version = "0.1.0"
[0m[49m[38;5;10m+    4[0m:[38;5;10m[49m edition = "2021"
[0m[49m[38;5;10m+    5[0m:[38;5;10m[49m 
[0m[49m[38;5;10m+    6[0m:[38;5;10m[49m [lib]
[0m[49m[38;5;10m+    7[0m:[38;5;10m[49m crate-type = ["cdylib"]
[0m[K
Creating: [38;5;141m/local/home/scheschb/reserach/TRACTOR/harvest-agentic/results/B02_organic/decode_base64_lib/translated_rust/Cargo.toml[0m
[38;5;244m - Completed in 0.35s[0m
[38;5;12m[1m [1.1][0m[0m
[?25l[0m[?25l[0m[0m[38;5;11mTODO:
[39m[38;5;10m[x] [3m[38;5;244mCreate Cargo.toml with cdylib crate-type[23m
[0m[ ] Create src/lib.rs with byte-identical translation[38;5;244m - Completed in 0.4s[0m

[?25l[0m[38;5;141m> [0mNow the key translation. I need to carefully replicate the C behavior:[0m[0m
[0m[0m
- [38;5;10mdecode()[0m maps chars to 0-63 (anything not [38;5;10mA-Z[0m, [38;5;10ma-z[0m, [38;5;10m0-9[0m, [38;5;10m+[0m returns 63)[0m[0m
- [38;5;10mis_base64()[0m filters to [38;5;10mA-Z[0m, [38;5;10ma-z[0m, [38;5;10m0-9[0m, [38;5;10m+[0m, [38;5;10m/[0m, [38;5;10m=[0m[0m[0m
- [38;5;10mdecode_base64()[0m returns [38;5;10mmalloc[0m'd NUL-terminated string, or NULL[0m[0m
- Uses [38;5;10mcalloc(sizeof(char), l + 13)[0m for dest buffer[0m[0m
- All arithmetic is unsigned char wrapping[0m[0m
[?25l[0m[0mI'll create the following file: [38;5;141m/local/home/scheschb/reserach/TRACTOR/harvest-agentic/results/B02_organic/decode_base64_lib/translated_rust/src/lib.rs[0m[38;5;244m (using tool: write)[0m

[48;2;40;67;43m[39m+      1[0m:[39m[48;2;24;38;30m [38;2;180;142;173muse[38;2;192;197;206m [38;2;192;197;206mstd[38;2;192;197;206m::[38;2;192;197;206mffi[38;2;192;197;206m::[38;2;192;197;206m{[38;2;180;142;173mc_char[38;2;192;197;206m,[38;2;192;197;206m [38;2;180;142;173mc_void[38;2;192;197;206m}[38;2;192;197;206m;[K
[0m[48;2;40;67;43m[39m+      2[0m:[39m[48;2;24;38;30m [38;2;180;142;173muse[38;2;192;197;206m [38;2;192;197;206mstd[38;2;192;197;206m::[38;2;192;197;206mos[38;2;192;197;206m::[38;2;192;197;206mraw[38;2;192;197;206m::[38;2;180;142;173mc_int[38;2;192;197;206m;[K
[0m[48;2;40;67;43m[39m+      3[0m:[39m[48;2;24;38;30m [K
[0m[48;2;40;67;43m[39m+      4[0m:[39m[48;2;24;38;30m [38;2;180;142;173mextern[38;2;192;197;206m [38;2;192;197;206m"[38;2;163;190;140mC[38;2;192;197;206m"[38;2;192;197;206m [38;2;192;197;206m{[K
[0m[48;2;40;67;43m[39m+      5[0m:[39m[48;2;24;38;30m [38;2;192;197;206m    [38;2;180;142;173mfn[38;2;192;197;206m [38;2;143;161;179mmalloc[38;2;192;197;206m([38;2;191;97;106msize[38;2;192;197;206m:[38;2;192;197;206m [38;2;180;142;173musize[38;2;192;197;206m)[38;2;192;197;206m [38;2;192;197;206m->[38;2;192;197;206m [38;2;192;197;206m*[38;2;180;142;173mmut[38;2;192;197;206m [38;2;180;142;173mc_void[38;2;192;197;206m;[K
[0m[48;2;40;67;43m[39m+      6[0m:[39m[48;2;24;38;30m [38;2;192;197;206m    [38;2;180;142;173mfn[38;2;192;197;206m [38;2;143;161;179mcalloc[38;2;192;197;206m([38;2;191;97;106mnmemb[38;2;192;197;206m:[38;2;192;197;206m [38;2;180;142;173musize[38;2;192;197;206m, [38;2;191;97;106msize[38;2;192;197;206m:[38;2;192;197;206m [38;2;180;142;173musize[38;2;192;197;206m)[38;2;192;197;206m [38;2;192;197;206m->[38;2;192;197;206m [38;2;192;197;206m*[38;2;180;142;173mmut[38;2;192;197;206m [38;2;180;142;173mc_void[38;2;192;197;206m;[K
[0m[48;2;40;67;43m[39m+      7[0m:[39m[48;2;24;38;30m [38;2;192;197;206m    [38;2;180;142;173mfn[38;2;192;197;206m [38;2;143;161;179mfree[38;2;192;197;206m([38;2;191;97;106mptr[38;2;192;197;206m:[38;2;192;197;206m *[38;2;180;142;173mmut[38;2;192;197;206m c_void[38;2;192;197;206m)[38;2;192;197;206m;[K
[0m[48;2;40;67;43m[39m+      8[0m:[39m[48;2;24;38;30m [38;2;192;197;206m    [38;2;180;142;173mfn[38;2;192;197;206m [38;2;143;161;179mstrlen[38;2;192;197;206m([38;2;191;97;106ms[38;2;192;197;206m:[38;2;192;197;206m *const c_char[38;2;192;197;206m)[38;2;192;197;206m [38;2;192;197;206m->[38;2;192;197;206m [38;2;180;142;173musize[38;2;192;197;206m;[K
[0m[48;2;40;67;43m[39m+      9[0m:[39m[48;2;24;38;30m [38;2;192;197;206m}[K
[0m[48;2;40;67;43m[39m+     10[0m:[39m[48;2;24;38;30m [K
[0m[48;2;40;67;43m[39m+     11[0m:[39m[48;2;24;38;30m [38;2;180;142;173mfn[38;2;192;197;206m [38;2;143;161;179mdecode[38;2;192;197;206m([38;2;191;97;106mc[38;2;192;197;206m:[38;2;192;197;206m c_char[38;2;192;197;206m)[38;2;192;197;206m [38;2;192;197;206m->[38;2;192;197;206m [38;2;180;142;173mu8[38;2;192;197;206m [38;2;192;197;206m{[K
[0m[48;2;40;67;43m[39m+     12[0m:[39m[48;2;24;38;30m [38;2;192;197;206m    [38;2;180;142;173mlet[38;2;192;197;206m c [38;2;192;197;206m=[38;2;192;197;206m c [38;2;192;197;206mas[38;2;192;197;206m [38;2;180;142;173mu8[38;2;192;197;206m;[K
[0m[48;2;40;67;43m[39m+     13[0m:[39m[48;2;24;38;30m [38;2;192;197;206m    [38;2;180;142;173mif[38;2;192;197;206m c [38;2;192;197;206m>[38;2;192;197;206m=[38;2;192;197;206m [38;2;180;142;173mb[38;2;192;197;206m'[38;2;163;190;140mA[38;2;192;197;206m'[38;2;192;197;206m [38;2;192;197;206m&[38;2;192;197;206m&[38;2;192;197;206m c [38;2;192;197;206m<[38;2;192;197;206m=[38;2;192;197;206m [38;2;180;142;173mb[38;2;192;197;206m'[38;2;163;190;140mZ[38;2;192;197;206m'[38;2;192;197;206m [38;2;192;197;206m{[K
[0m[48;2;40;67;43m[39m+     14[0m:[39m[48;2;24;38;30m [38;2;192;197;206m        [38;2;180;142;173mreturn[38;2;192;197;206m c [38;2;192;197;206m-[38;2;192;197;206m [38;2;180;142;173mb[38;2;192;197;206m'[38;2;163;190;140mA[38;2;192;197;206m'[38;2;192;197;206m;[K
[0m[48;2;40;67;43m[39m+     15[0m:[39m[48;2;24;38;30m [38;2;192;197;206m    [38;2;192;197;206m}[K
[0m[48;2;40;67;43m[39m+     16[0m:[39m[48;2;24;38;30m [38;2;192;197;206m    [38;2;180;142;173mif[38;2;192;197;206m c [38;2;192;197;206m>[38;2;192;197;206m=[38;2;192;197;206m [38;2;180;142;173mb[38;2;192;197;206m'[38;2;163;190;140ma[38;2;192;197;206m'[38;2;192;197;206m [38;2;192;197;206m&[38;2;192;197;206m&[38;2;192;197;206m c [38;2;192;197;206m<[38;2;192;197;206m=[38;2;192;197;206m [38;2;180;142;173mb[38;2;192;197;206m'[38;2;163;190;140mz[38;2;192;197;206m'[38;2;192;197;206m [38;2;192;197;206m{[K
[0m[48;2;40;67;43m[39m+     17[0m:[39m[48;2;24;38;30m [38;2;192;197;206m        [38;2;180;142;173mreturn[38;2;192;197;206m c [38;2;192;197;206m-[38;2;192;197;206m [38;2;180;142;173mb[38;2;192;197;206m'[38;2;163;190;140ma[38;2;192;197;206m'[38;2;192;197;206m [38;2;192;197;206m+[38;2;192;197;206m [38;2;208;135;112m26[38;2;192;197;206m;[K
[0m[48;2;40;67;43m[39m+     18[0m:[39m[48;2;24;38;30m [38;2;192;197;206m    [38;2;192;197;206m}[K
[0m[48;2;40;67;43m[39m+     19[0m:[39m[48;2;24;38;30m [38;2;192;197;206m    [38;2;180;142;173mif[38;2;192;197;206m c [38;2;192;197;206m>[38;2;192;197;206m=[38;2;192;197;206m [38;2;180;142;173mb[38;2;192;197;206m'[38;2;163;190;140m0[38;2;192;197;206m'[38;2;192;197;206m [38;2;192;197;206m&[38;2;192;197;206m&[38;2;192;197;206m c [38;2;192;197;206m<[38;2;192;197;206m=[38;2;192;197;206m [38;2;180;142;173mb[38;2;192;197;206m'[38;2;163;190;140m9[38;2;192;197;206m'[38;2;192;197;206m [38;2;192;197;206m{[K
[0m[48;2;40;67;43m[39m+     20[0m:[39m[48;2;24;38;30m [38;2;192;197;206m        [38;2;180;142;173mreturn[38;2;192;197;206m c [38;2;192;197;206m-[38;2;192;197;206m [38;2;180;142;173mb[38;2;192;197;206m'[38;2;163;190;140m0[38;2;192;197;206m'[38;2;192;197;206m [38;2;192;197;206m+[38;2;192;197;206m [38;2;208;135;112m52[38;2;192;197;206m;[K
[0m[48;2;40;67;43m[39m+     21[0m:[39m[48;2;24;38;30m [38;2;192;197;206m    [38;2;192;197;206m}[K
[0m[48;2;40;67;43m[39m+     22[0m:[39m[48;2;24;38;30m [38;2;192;197;206m    [38;2;180;142;173mif[38;2;192;197;206m c [38;2;192;197;206m=[38;2;192;197;206m=[38;2;192;197;206m [38;2;180;142;173mb[38;2;192;197;206m'[38;2;163;190;140m+[38;2;192;197;206m'[38;2;192;197;206m [38;2;192;197;206m{[K
[0m[48;2;40;67;43m[39m+     23[0m:[39m[48;2;24;38;30m [38;2;192;197;206m        [38;2;180;142;173mreturn[38;2;192;197;206m [38;2;208;135;112m62[38;2;192;197;206m;[K
[0m[48;2;40;67;43m[39m+     24[0m:[39m[48;2;24;38;30m [38;2;192;197;206m    [38;2;192;197;206m}[K
[0m[48;2;40;67;43m[39m+     25[0m:[39m[48;2;24;38;30m [38;2;192;197;206m    [38;2;208;135;112m63[K
[0m[48;2;40;67;43m[39m+     26[0m:[39m[48;2;24;38;30m [38;2;192;197;206m}[K
[0m[48;2;40;67;43m[39m+     27[0m:[39m[48;2;24;38;30m [K
[0m[48;2;40;67;43m[39m+     28[0m:[39m[48;2;24;38;30m [38;2;180;142;173mfn[38;2;192;197;206m [38;2;143;161;179mis_base64[38;2;192;197;206m([38;2;191;97;106mc[38;2;192;197;206m:[38;2;192;197;206m c_char[38;2;192;197;206m)[38;2;192;197;206m [38;2;192;197;206m->[38;2;192;197;206m c_int[38;2;192;197;206m [38;2;192;197;206m{[K
[0m[48;2;40;67;43m[39m+     29[0m:[39m[48;2;24;38;30m [38;2;192;197;206m    [38;2;180;142;173mlet[38;2;192;197;206m c [38;2;192;197;206m=[38;2;192;197;206m c [38;2;192;197;206mas[38;2;192;197;206m [38;2;180;142;173mu8[38;2;192;197;206m;[K
[0m[48;2;40;67;43m[39m+     30[0m:[39m[48;2;24;38;30m [38;2;192;197;206m    [38;2;180;142;173mif[38;2;192;197;206m [38;2;192;197;206m([38;2;192;197;206mc [38;2;192;197;206m>[38;2;192;197;206m=[38;2;192;197;206m [38;2;180;142;173mb[38;2;192;197;206m'[38;2;163;190;140mA[38;2;192;197;206m'[38;2;192;197;206m [38;2;192;197;206m&[38;2;192;197;206m&[38;2;192;197;206m c [38;2;192;197;206m<[38;2;192;197;206m=[38;2;192;197;206m [38;2;180;142;173mb[38;2;192;197;206m'[38;2;163;190;140mZ[38;2;192;197;206m'[38;2;192;197;206m)[K
[0m[48;2;40;67;43m[39m+     31[0m:[39m[48;2;24;38;30m [38;2;192;197;206m        [38;2;192;197;206m|[38;2;192;197;206m|[38;2;192;197;206m [38;2;192;197;206m([38;2;192;197;206mc [38;2;192;197;206m>[38;2;192;197;206m=[38;2;192;197;206m [38;2;180;142;173mb[38;2;192;197;206m'[38;2;163;190;140ma[38;2;192;197;206m'[38;2;192;197;206m [38;2;192;197;206m&[38;2;192;197;206m&[38;2;192;197;206m c [38;2;192;197;206m<[38;2;192;197;206m=[38;2;192;197;206m [38;2;180;142;173mb[38;2;192;197;206m'[38;2;163;190;140mz[38;2;192;197;206m'[38;2;192;197;206m)[K
[0m[48;2;40;67;43m[39m+     32[0m:[39m[48;2;24;38;30m [38;2;192;197;206m        [38;2;192;197;206m|[38;2;192;197;206m|[38;2;192;197;206m [38;2;192;197;206m([38;2;192;197;206mc [38;2;192;197;206m>[38;2;192;197;206m=[38;2;192;197;206m [38;2;180;142;173mb[38;2;192;197;206m'[38;2;163;190;140m0[38;2;192;197;206m'[38;2;192;197;206m [38;2;192;197;206m&[38;2;192;197;206m&[38;2;192;197;206m c [38;2;192;197;206m<[38;2;192;197;206m=[38;2;192;197;206m [38;2;180;142;173mb[38;2;192;197;206m'[38;2;163;190;140m9[38;2;192;197;206m'[38;2;192;197;206m)[K
[0m[48;2;40;67;43m[39m+     33[0m:[39m[48;2;24;38;30m [38;2;192;197;206m        [38;2;192;197;206m|[38;2;192;197;206m|[38;2;192;197;206m [38;2;192;197;206m([38;2;192;197;206mc [38;2;192;197;206m=[38;2;192;197;206m=[38;2;192;197;206m [38;2;180;142;173mb[38;2;192;197;206m'[38;2;163;190;140m+[38;2;192;197;206m'[38;2;192;197;206m)[K
[0m[48;2;40;67;43m[39m+     34[0m:[39m[48;2;24;38;30m [38;2;192;197;206m        [38;2;192;197;206m|[38;2;192;197;206m|[38;2;192;197;206m [38;2;192;197;206m([38;2;192;197;206mc [38;2;192;197;206m=[38;2;192;197;206m=[38;2;192;197;206m [38;2;180;142;173mb[38;2;192;197;206m'[38;2;163;190;140m/[38;2;192;197;206m'[38;2;192;197;206m)[K
[0m[48;2;40;67;43m[39m+     35[0m:[39m[48;2;24;38;30m [38;2;192;197;206m        [38;2;192;197;206m|[38;2;192;197;206m|[38;2;192;197;206m [38;2;192;197;206m([38;2;192;197;206mc [38;2;192;197;206m=[38;2;192;197;206m=[38;2;192;197;206m [38;2;180;142;173mb[38;2;192;197;206m'[38;2;163;190;140m=[38;2;192;197;206m'[38;2;192;197;206m)[K
[0m[48;2;40;67;43m[39m+     36[0m:[39m[48;2;24;38;30m [38;2;192;197;206m    [38;2;192;197;206m{[K
[0m[48;2;40;67;43m[39m+     37[0m:[39m[48;2;24;38;30m [38;2;192;197;206m        [38;2;180;142;173mreturn[38;2;192;197;206m [38;2;208;135;112m1[38;2;192;197;206m;[K
[0m[48;2;40;67;43m[39m+     38[0m:[39m[48;2;24;38;30m [38;2;192;197;206m    [38;2;192;197;206m}[K
[0m[48;2;40;67;43m[39m+     39[0m:[39m[48;2;24;38;30m [38;2;192;197;206m    [38;2;208;135;112m0[K
[0m[48;2;40;67;43m[39m+     40[0m:[39m[48;2;24;38;30m [38;2;192;197;206m}[K
[0m[48;2;40;67;43m[39m+     41[0m:[39m[48;2;24;38;30m [K
[0m[48;2;40;67;43m[39m+     42[0m:[39m[48;2;24;38;30m [38;2;192;197;206m#[38;2;192;197;206m[[38;2;191;97;106munsafe[38;2;192;197;206m([38;2;192;197;206mno_mangle[38;2;192;197;206m)[38;2;192;197;206m][K
[0m[48;2;40;67;43m[39m+     43[0m:[39m[48;2;24;38;30m [38;2;180;142;173mpub[38;2;192;197;206m [38;2;180;142;173munsafe[38;2;192;197;206m [38;2;180;142;173mextern[38;2;192;197;206m [38;2;192;197;206m"[38;2;163;190;140mC[38;2;192;197;206m"[38;2;192;197;206m [38;2;180;142;173mfn[38;2;192;197;206m [38;2;143;161;179mdecode_base64[38;2;192;197;206m([38;2;191;97;106msrc[38;2;192;197;206m:[38;2;192;197;206m *const c_char[38;2;192;197;206m)[38;2;192;197;206m [38;2;192;197;206m->[38;2;192;197;206m [38;2;192;197;206m*[38;2;180;142;173mmut[38;2;192;197;206m [38;2;180;142;173mc_char[38;2;192;197;206m [38;2;192;197;206m{[K
[0m[48;2;40;67;43m[39m+     44[0m:[39m[48;2;24;38;30m [38;2;192;197;206m    [38;2;180;142;173mif[38;2;192;197;206m src.[38;2;150;181;180mis_null[38;2;192;197;206m([38;2;192;197;206m)[38;2;192;197;206m [38;2;192;197;206m|[38;2;192;197;206m|[38;2;192;197;206m [38;2;180;142;173munsafe[38;2;192;197;206m [38;2;192;197;206m{[38;2;192;197;206m [38;2;192;197;206m*[38;2;192;197;206msrc [38;2;192;197;206m}[38;2;192;197;206m [38;2;192;197;206m=[38;2;192;197;206m=[38;2;192;197;206m [38;2;208;135;112m0[38;2;192;197;206m [38;2;192;197;206m{[K
[0m[48;2;40;67;43m[39m+     45[0m:[39m[48;2;24;38;30m [38;2;192;197;206m        [38;2;180;142;173mreturn[38;2;192;197;206m [38;2;192;197;206mstd[38;2;192;197;206m::[38;2;192;197;206mptr[38;2;192;197;206m::[38;2;192;197;206mnull_mut[38;2;192;197;206m([38;2;192;197;206m)[38;2;192;197;206m;[K
[0m[48;2;40;67;43m[39m+     46[0m:[39m[48;2;24;38;30m [38;2;192;197;206m    [38;2;192;197;206m}[K
[0m[48;2;40;67;43m[39m+     47[0m:[39m[48;2;24;38;30m [K
[0m[48;2;40;67;43m[39m+     48[0m:[39m[48;2;24;38;30m [38;2;192;197;206m    [38;2;180;142;173munsafe[38;2;192;197;206m [38;2;192;197;206m{[K
[0m[48;2;40;67;43m[39m+     49[0m:[39m[48;2;24;38;30m [38;2;192;197;206m        [38;2;180;142;173mlet[38;2;192;197;206m l [38;2;192;197;206m=[38;2;192;197;206m [38;2;150;181;180mstrlen[38;2;192;197;206m([38;2;192;197;206msrc[38;2;192;197;206m)[38;2;192;197;206m [38;2;192;197;206mas[38;2;192;197;206m [38;2;180;142;173mc_int[38;2;192;197;206m [38;2;192;197;206m+[38;2;192;197;206m [38;2;208;135;112m1[38;2;192;197;206m;[K
[0m[48;2;40;67;43m[39m+     50[0m:[39m[48;2;24;38;30m [K
[0m[48;2;40;67;43m[39m+     51[0m:[39m[48;2;24;38;30m [38;2;192;197;206m        [38;2;180;142;173mlet[38;2;192;197;206m dest [38;2;192;197;206m=[38;2;192;197;206m [38;2;150;181;180mcalloc[38;2;192;197;206m([38;2;208;135;112m1[38;2;192;197;206m,[38;2;192;197;206m [38;2;192;197;206m([38;2;192;197;206ml [38;2;192;197;206m+[38;2;192;197;206m [38;2;208;135;112m13[38;2;192;197;206m)[38;2;192;197;206m [38;2;192;197;206mas[38;2;192;197;206m [38;2;180;142;173musize[38;2;192;197;206m)[38;2;192;197;206m [38;2;192;197;206mas[38;2;192;197;206m [38;2;192;197;206m*[38;2;180;142;173mmut[38;2;192;197;206m [38;2;180;142;173mc_char[38;2;192;197;206m;[K
[0m[48;2;40;67;43m[39m+     52[0m:[39m[48;2;24;38;30m [38;2;192;197;206m        [38;2;180;142;173mif[38;2;192;197;206m dest.[38;2;150;181;180mis_null[38;2;192;197;206m([38;2;192;197;206m)[38;2;192;197;206m [38;2;192;197;206m{[K
[0m[48;2;40;67;43m[39m+     53[0m:[39m[48;2;24;38;30m [38;2;192;197;206m            [38;2;180;142;173mreturn[38;2;192;197;206m [38;2;192;197;206mstd[38;2;192;197;206m::[38;2;192;197;206mptr[38;2;192;197;206m::[38;2;192;197;206mnull_mut[38;2;192;197;206m([38;2;192;197;206m)[38;2;192;197;206m;[K
[0m[48;2;40;67;43m[39m+     54[0m:[39m[48;2;24;38;30m [38;2;192;197;206m        [38;2;192;197;206m}[K
[0m[48;2;40;67;43m[39m+     55[0m:[39m[48;2;24;38;30m [K
[0m[48;2;40;67;43m[39m+     56[0m:[39m[48;2;24;38;30m [38;2;192;197;206m        [38;2;180;142;173mlet[38;2;192;197;206m [38;2;180;142;173mmut[38;2;192;197;206m p [38;2;192;197;206m=[38;2;192;197;206m dest [38;2;192;197;206mas[38;2;192;197;206m [38;2;192;197;206m*[38;2;180;142;173mmut[38;2;192;197;206m [38;2;180;142;173mu8[38;2;192;197;206m;[K
[0m[48;2;40;67;43m[39m+     57[0m:[39m[48;2;24;38;30m [K
[0m[48;2;40;67;43m[39m+     58[0m:[39m[48;2;24;38;30m [38;2;192;197;206m        [38;2;180;142;173mlet[38;2;192;197;206m buf [38;2;192;197;206m=[38;2;192;197;206m [38;2;150;181;180mmalloc[38;2;192;197;206m([38;2;192;197;206ml [38;2;192;197;206mas[38;2;192;197;206m [38;2;180;142;173musize[38;2;192;197;206m)[38;2;192;197;206m [38;2;192;197;206mas[38;2;192;197;206m [38;2;192;197;206m*[38;2;180;142;173mmut[38;2;192;197;206m [38;2;180;142;173mu8[38;2;192;197;206m;[K
[0m[48;2;40;67;43m[39m+     59[0m:[39m[48;2;24;38;30m [38;2;192;197;206m        [38;2;180;142;173mif[38;2;192;197;206m buf.[38;2;150;181;180mis_null[38;2;192;197;206m([38;2;192;197;206m)[38;2;192;197;206m [38;2;192;197;206m{[K
[0m[48;2;40;67;43m[39m+     60[0m:[39m[48;2;24;38;30m [38;2;192;197;206m            [38;2;150;181;180mfree[38;2;192;197;206m([38;2;192;197;206mdest [38;2;192;197;206mas[38;2;192;197;206m [38;2;192;197;206m*[38;2;180;142;173mmut[38;2;192;197;206m [38;2;180;142;173mc_void[38;2;192;197;206m)[38;2;192;197;206m;[K
[0m[48;2;40;67;43m[39m+     61[0m:[39m[48;2;24;38;30m [38;2;192;197;206m            [38;2;180;142;173mreturn[38;2;192;197;206m [38;2;192;197;206mstd[38;2;192;197;206m::[38;2;192;197;206mptr[38;2;192;197;206m::[38;2;192;197;206mnull_mut[38;2;192;197;206m([38;2;192;197;206m)[38;2;192;197;206m;[K
[0m[48;2;40;67;43m[39m+     62[0m:[39m[48;2;24;38;30m [38;2;192;197;206m        [38;2;192;197;206m}[K
[0m[48;2;40;67;43m[39m+     63[0m:[39m[48;2;24;38;30m [K
[0m[48;2;40;67;43m[39m+     64[0m:[39m[48;2;24;38;30m [38;2;192;197;206m        [38;2;180;142;173mlet[38;2;192;197;206m [38;2;180;142;173mmut[38;2;192;197;206m l[38;2;192;197;206m:[38;2;192;197;206m [38;2;180;142;173mc_int[38;2;192;197;206m [38;2;192;197;206m=[38;2;192;197;206m [38;2;208;135;112m0[38;2;192;197;206m;[K
[0m[48;2;40;67;43m[39m+     65[0m:[39m[48;2;24;38;30m [38;2;192;197;206m        [38;2;180;142;173mlet[38;2;192;197;206m [38;2;180;142;173mmut[38;2;192;197;206m k[38;2;192;197;206m:[38;2;192;197;206m [38;2;180;142;173mc_int[38;2;192;197;206m [38;2;192;197;206m=[38;2;192;197;206m [38;2;208;135;112m0[38;2;192;197;206m;[K
[0m[48;2;40;67;43m[39m+     66[0m:[39m[48;2;24;38;30m [38;2;192;197;206m        [38;2;180;142;173mwhile[38;2;192;197;206m [38;2;192;197;206m*[38;2;192;197;206msrc.[38;2;150;181;180moffset[38;2;192;197;206m([38;2;192;197;206mk [38;2;192;197;206mas[38;2;192;197;206m [38;2;180;142;173misize[38;2;192;197;206m)[38;2;192;197;206m [38;2;192;197;206m![38;2;192;197;206m=[38;2;192;197;206m [38;2;208;135;112m0[38;2;192;197;206m [38;2;192;197;206m{[K
[0m[48;2;40;67;43m[39m+     67[0m:[39m[48;2;24;38;30m [38;2;192;197;206m            [38;2;180;142;173mif[38;2;192;197;206m [38;2;150;181;180mis_base64[38;2;192;197;206m([38;2;192;197;206m*[38;2;192;197;206msrc.[38;2;150;181;180moffset[38;2;192;197;206m([38;2;192;197;206mk [38;2;192;197;206mas[38;2;192;197;206m [38;2;180;142;173misize[38;2;192;197;206m)[38;2;192;197;206m)[38;2;192;197;206m [38;2;192;197;206m![38;2;192;197;206m=[38;2;192;197;206m [38;2;208;135;112m0[38;2;192;197;206m [38;2;192;197;206m{[K
[0m[48;2;40;67;43m[39m+     68[0m:[39m[48;2;24;38;30m [38;2;192;197;206m                [38;2;192;197;206m*[38;2;192;197;206mbuf.[38;2;150;181;180moffset[38;2;192;197;206m([38;2;192;197;206ml [38;2;192;197;206mas[38;2;192;197;206m [38;2;180;142;173misize[38;2;192;197;206m)[38;2;192;197;206m [38;2;192;197;206m=[38;2;192;197;206m [38;2;192;197;206m*[38;2;192;197;206msrc.[38;2;150;181;180moffset[38;2;192;197;206m([38;2;192;197;206mk [38;2;192;197;206mas[38;2;192;197;206m [38;2;180;142;173misize[38;2;192;197;206m)[38;2;192;197;206m [38;2;192;197;206mas[38;2;192;197;206m [38;2;180;142;173mu8[38;2;192;197;206m;[K
[0m[48;2;40;67;43m[39m+     69[0m:[39m[48;2;24;38;30m [38;2;192;197;206m                l [38;2;192;197;206m+[38;2;192;197;206m=[38;2;192;197;206m [38;2;208;135;112m1[38;2;192;197;206m;[K
[0m[48;2;40;67;43m[39m+     70[0m:[39m[48;2;24;38;30m [38;2;192;197;206m            [38;2;192;197;206m}[K
[0m[48;2;40;67;43m[39m+     71[0m:[39m[48;2;24;38;30m [38;2;192;197;206m            k [38;2;192;197;206m+[38;2;192;197;206m=[38;2;192;197;206m [38;2;208;135;112m1[38;2;192;197;206m;[K
[0m[48;2;40;67;43m[39m+     72[0m:[39m[48;2;24;38;30m [38;2;192;197;206m        [38;2;192;197;206m}[K
[0m[48;2;40;67;43m[39m+     73[0m:[39m[48;2;24;38;30m [K
[0m[48;2;40;67;43m[39m+     74[0m:[39m[48;2;24;38;30m [38;2;192;197;206m        k [38;2;192;197;206m=[38;2;192;197;206m [38;2;208;135;112m0[38;2;192;197;206m;[K
[0m[48;2;40;67;43m[39m+     75[0m:[39m[48;2;24;38;30m [38;2;192;197;206m        [38;2;180;142;173mwhile[38;2;192;197;206m k [38;2;192;197;206m<[38;2;192;197;206m l [38;2;192;197;206m{[K
[0m[48;2;40;67;43m[39m+     76[0m:[39m[48;2;24;38;30m [38;2;192;197;206m            [38;2;180;142;173mlet[38;2;192;197;206m [38;2;180;142;173mmut[38;2;192;197;206m c1[38;2;192;197;206m:[38;2;192;197;206m [38;2;180;142;173mc_char[38;2;192;197;206m [38;2;192;197;206m=[38;2;192;197;206m [38;2;180;142;173mb[38;2;192;197;206m'[38;2;163;190;140mA[38;2;192;197;206m'[38;2;192;197;206m [38;2;192;197;206mas[38;2;192;197;206m [38;2;180;142;173mc_char[38;2;192;197;206m;[K
[0m[48;2;40;67;43m[39m+     77[0m:[39m[48;2;24;38;30m [38;2;192;197;206m            [38;2;180;142;173mlet[38;2;192;197;206m [38;2;180;142;173mmut[38;2;192;197;206m c2[38;2;192;197;206m:[38;2;192;197;206m [38;2;180;142;173mc_char[38;2;192;197;206m [38;2;192;197;206m=[38;2;192;197;206m [38;2;180;142;173mb[38;2;192;197;206m'[38;2;163;190;140mA[38;2;192;197;206m'[38;2;192;197;206m [38;2;192;197;206mas[38;2;192;197;206m [38;2;180;142;173mc_char[38;2;192;197;206m;[K
[0m[48;2;40;67;43m[39m+     78[0m:[39m[48;2;24;38;30m [38;2;192;197;206m            [38;2;180;142;173mlet[38;2;192;197;206m [38;2;180;142;173mmut[38;2;192;197;206m c3[38;2;192;197;206m:[38;2;192;197;206m [38;2;180;142;173mc_char[38;2;192;197;206m [38;2;192;197;206m=[38;2;192;197;206m [38;2;180;142;173mb[38;2;192;197;206m'[38;2;163;190;140mA[38;2;192;197;206m'[38;2;192;197;206m [38;2;192;197;206mas[38;2;192;197;206m [38;2;180;142;173mc_char[38;2;192;197;206m;[K
[0m[48;2;40;67;43m[39m+     79[0m:[39m[48;2;24;38;30m [38;2;192;197;206m            [38;2;180;142;173mlet[38;2;192;197;206m [38;2;180;142;173mmut[38;2;192;197;206m c4[38;2;192;197;206m:[38;2;192;197;206m [38;2;180;142;173mc_char[38;2;192;197;206m [38;2;192;197;206m=[38;2;192;197;206m [38;2;180;142;173mb[38;2;192;197;206m'[38;2;163;190;140mA[38;2;192;197;206m'[38;2;192;197;206m [38;2;192;197;206mas[38;2;192;197;206m [38;2;180;142;173mc_char[38;2;192;197;206m;[K
[0m[48;2;40;67;43m[39m+     80[0m:[39m[48;2;24;38;30m [K
[0m[48;2;40;67;43m[39m+     81[0m:[39m[48;2;24;38;30m [38;2;192;197;206m            c1 [38;2;192;197;206m=[38;2;192;197;206m [38;2;192;197;206m*[38;2;192;197;206mbuf.[38;2;150;181;180moffset[38;2;192;197;206m([38;2;192;197;206mk [38;2;192;197;206mas[38;2;192;197;206m [38;2;180;142;173misize[38;2;192;197;206m)[38;2;192;197;206m [38;2;192;197;206mas[38;2;192;197;206m [38;2;180;142;173mc_char[38;2;192;197;206m;[K
[0m[48;2;40;67;43m[39m+     82[0m:[39m[48;2;24;38;30m [K
[0m[48;2;40;67;43m[39m+     83[0m:[39m[48;2;24;38;30m [38;2;192;197;206m            [38;2;180;142;173mif[38;2;192;197;206m k [38;2;192;197;206m+[38;2;192;197;206m [38;2;208;135;112m1[38;2;192;197;206m [38;2;192;197;206m<[38;2;192;197;206m l [38;2;192;197;206m{[K
[0m[48;2;40;67;43m[39m+     84[0m:[39m[48;2;24;38;30m [38;2;192;197;206m                c2 [38;2;192;197;206m=[38;2;192;197;206m [38;2;192;197;206m*[38;2;192;197;206mbuf.[38;2;150;181;180moffset[38;2;192;197;206m([38;2;192;197;206m([38;2;192;197;206mk [38;2;192;197;206m+[38;2;192;197;206m [38;2;208;135;112m1[38;2;192;197;206m)[38;2;192;197;206m [38;2;192;197;206mas[38;2;192;197;206m [38;2;180;142;173misize[38;2;192;197;206m)[38;2;192;197;206m [38;2;192;197;206mas[38;2;192;197;206m [38;2;180;142;173mc_char[38;2;192;197;206m;[K
[0m[48;2;40;67;43m[39m+     85[0m:[39m[48;2;24;38;30m [38;2;192;197;206m            [38;2;192;197;206m}[K
[0m[48;2;40;67;43m[39m+     86[0m:[39m[48;2;24;38;30m [38;2;192;197;206m            [38;2;180;142;173mif[38;2;192;197;206m k [38;2;192;197;206m+[38;2;192;197;206m [38;2;208;135;112m2[38;2;192;197;206m [38;2;192;197;206m<[38;2;192;197;206m l [38;2;192;197;206m{[K
[0m[48;2;40;67;43m[39m+     87[0m:[39m[48;2;24;38;30m [38;2;192;197;206m                c3 [38;2;192;197;206m=[38;2;192;197;206m [38;2;192;197;206m*[38;2;192;197;206mbuf.[38;2;150;181;180moffset[38;2;192;197;206m([38;2;192;197;206m([38;2;192;197;206mk [38;2;192;197;206m+[38;2;192;197;206m [38;2;208;135;112m2[38;2;192;197;206m)[38;2;192;197;206m [38;2;192;197;206mas[38;2;192;197;206m [38;2;180;142;173misize[38;2;192;197;206m)[38;2;192;197;206m [38;2;192;197;206mas[38;2;192;197;206m [38;2;180;142;173mc_char[38;2;192;197;206m;[K
[0m[48;2;40;67;43m[39m+     88[0m:[39m[48;2;24;38;30m [38;2;192;197;206m            [38;2;192;197;206m}[K
[0m[48;2;40;67;43m[39m+     89[0m:[39m[48;2;24;38;30m [38;2;192;197;206m            [38;2;180;142;173mif[38;2;192;197;206m k [38;2;192;197;206m+[38;2;192;197;206m [38;2;208;135;112m3[38;2;192;197;206m [38;2;192;197;206m<[38;2;192;197;206m l [38;2;192;197;206m{[K
[0m[48;2;40;67;43m[39m+     90[0m:[39m[48;2;24;38;30m [38;2;192;197;206m                c4 [38;2;192;197;206m=[38;2;192;197;206m [38;2;192;197;206m*[38;2;192;197;206mbuf.[38;2;150;181;180moffset[38;2;192;197;206m([38;2;192;197;206m([38;2;192;197;206mk [38;2;192;197;206m+[38;2;192;197;206m [38;2;208;135;112m3[38;2;192;197;206m)[38;2;192;197;206m [38;2;192;197;206mas[38;2;192;197;206m [38;2;180;142;173misize[38;2;192;197;206m)[38;2;192;197;206m [38;2;192;197;206mas[38;2;192;197;206m [38;2;180;142;173mc_char[38;2;192;197;206m;[K
[0m[48;2;40;67;43m[39m+     91[0m:[39m[48;2;24;38;30m [38;2;192;197;206m            [38;2;192;197;206m}[K
[0m[48;2;40;67;43m[39m+     92[0m:[39m[48;2;24;38;30m [K
[0m[48;2;40;67;43m[39m+     93[0m:[39m[48;2;24;38;30m [38;2;192;197;206m            [38;2;180;142;173mlet[38;2;192;197;206m b1 [38;2;192;197;206m=[38;2;192;197;206m [38;2;150;181;180mdecode[38;2;192;197;206m([38;2;192;197;206mc1[38;2;192;197;206m)[38;2;192;197;206m;[K
[0m[48;2;40;67;43m[39m+     94[0m:[39m[48;2;24;38;30m [38;2;192;197;206m            [38;2;180;142;173mlet[38;2;192;197;206m b2 [38;2;192;197;206m=[38;2;192;197;206m [38;2;150;181;180mdecode[38;2;192;197;206m([38;2;192;197;206mc2[38;2;192;197;206m)[38;2;192;197;206m;[K
[0m[48;2;40;67;43m[39m+     95[0m:[39m[48;2;24;38;30m [38;2;192;197;206m            [38;2;180;142;173mlet[38;2;192;197;206m b3 [38;2;192;197;206m=[38;2;192;197;206m [38;2;150;181;180mdecode[38;2;192;197;206m([38;2;192;197;206mc3[38;2;192;197;206m)[38;2;192;197;206m;[K
[0m[48;2;40;67;43m[39m+     96[0m:[39m[48;2;24;38;30m [38;2;192;197;206m            [38;2;180;142;173mlet[38;2;192;197;206m b4 [38;2;192;197;206m=[38;2;192;197;206m [38;2;150;181;180mdecode[38;2;192;197;206m([38;2;192;197;206mc4[38;2;192;197;206m)[38;2;192;197;206m;[K
[0m[48;2;40;67;43m[39m+     97[0m:[39m[48;2;24;38;30m [K
[0m[48;2;40;67;43m[39m+     98[0m:[39m[48;2;24;38;30m [38;2;192;197;206m            [38;2;192;197;206m*[38;2;192;197;206mp [38;2;192;197;206m=[38;2;192;197;206m [38;2;192;197;206m([38;2;192;197;206mb1 [38;2;192;197;206m<[38;2;192;197;206m<[38;2;192;197;206m [38;2;208;135;112m2[38;2;192;197;206m)[38;2;192;197;206m [38;2;192;197;206m|[38;2;192;197;206m [38;2;192;197;206m([38;2;192;197;206mb2 [38;2;192;197;206m>[38;2;192;197;206m>[38;2;192;197;206m [38;2;208;135;112m4[38;2;192;197;206m)[38;2;192;197;206m;[K
[0m[48;2;40;67;43m[39m+     99[0m:[39m[48;2;24;38;30m [38;2;192;197;206m            p [38;2;192;197;206m=[38;2;192;197;206m p.[38;2;150;181;180moffset[38;2;192;197;206m([38;2;208;135;112m1[38;2;192;197;206m)[38;2;192;197;206m;[K
[0m[48;2;40;67;43m[39m+    100[0m:[39m[48;2;24;38;30m [K
[0m[48;2;40;67;43m[39m+    101[0m:[39m[48;2;24;38;30m [38;2;192;197;206m            [38;2;180;142;173mif[38;2;192;197;206m c3 [38;2;192;197;206mas[38;2;192;197;206m [38;2;180;142;173mu8[38;2;192;197;206m [38;2;192;197;206m![38;2;192;197;206m=[38;2;192;197;206m [38;2;180;142;173mb[38;2;192;197;206m'[38;2;163;190;140m=[38;2;192;197;206m'[38;2;192;197;206m [38;2;192;197;206m{[K
[0m[48;2;40;67;43m[39m+    102[0m:[39m[48;2;24;38;30m [38;2;192;197;206m                [38;2;192;197;206m*[38;2;192;197;206mp [38;2;192;197;206m=[38;2;192;197;206m [38;2;192;197;206m([38;2;192;197;206m([38;2;192;197;206mb2 [38;2;192;197;206m&[38;2;192;197;206m [38;2;208;135;112m0xf[38;2;192;197;206m)[38;2;192;197;206m [38;2;192;197;206m<[38;2;192;197;206m<[38;2;192;197;206m [38;2;208;135;112m4[38;2;192;197;206m)[38;2;192;197;206m [38;2;192;197;206m|[38;2;192;197;206m [38;2;192;197;206m([38;2;192;197;206mb3 [38;2;192;197;206m>[38;2;192;197;206m>[38;2;192;197;206m [38;2;208;135;112m2[38;2;192;197;206m)[38;2;192;197;206m;[K
[0m[48;2;40;67;43m[39m+    103[0m:[39m[48;2;24;38;30m [38;2;192;197;206m                p [38;2;192;197;206m=[38;2;192;197;206m p.[38;2;150;181;180moffset[38;2;192;197;206m([38;2;208;135;112m1[38;2;192;197;206m)[38;2;192;197;206m;[K
[0m[48;2;40;67;43m[39m+    104[0m:[39m[48;2;24;38;30m [38;2;192;197;206m            [38;2;192;197;206m}[K
[0m[48;2;40;67;43m[39m+    105[0m:[39m[48;2;24;38;30m [K
[0m[48;2;40;67;43m[39m+    106[0m:[39m[48;2;24;38;30m [38;2;192;197;206m            [38;2;180;142;173mif[38;2;192;197;206m c4 [38;2;192;197;206mas[38;2;192;197;206m [38;2;180;142;173mu8[38;2;192;197;206m [38;2;192;197;206m![38;2;192;197;206m=[38;2;192;197;206m [38;2;180;142;173mb[38;2;192;197;206m'[38;2;163;190;140m=[38;2;192;197;206m'[38;2;192;197;206m [38;2;192;197;206m{[K
[0m[48;2;40;67;43m[39m+    107[0m:[39m[48;2;24;38;30m [38;2;192;197;206m                [38;2;192;197;206m*[38;2;192;197;206mp [38;2;192;197;206m=[38;2;192;197;206m [38;2;192;197;206m([38;2;192;197;206m([38;2;192;197;206mb3 [38;2;192;197;206m&[38;2;192;197;206m [38;2;208;135;112m0x3[38;2;192;197;206m)[38;2;192;197;206m [38;2;192;197;206m<[38;2;192;197;206m<[38;2;192;197;206m [38;2;208;135;112m6[38;2;192;197;206m)[38;2;192;197;206m [38;2;192;197;206m|[38;2;192;197;206m b4[38;2;192;197;206m;[K
[0m[48;2;40;67;43m[39m+    108[0m:[39m[48;2;24;38;30m [38;2;192;197;206m                p [38;2;192;197;206m=[38;2;192;197;206m p.[38;2;150;181;180moffset[38;2;192;197;206m([38;2;208;135;112m1[38;2;192;197;206m)[38;2;192;197;206m;[K
[0m[48;2;40;67;43m[39m+    109[0m:[39m[48;2;24;38;30m [38;2;192;197;206m            [38;2;192;197;206m}[K
[0m[48;2;40;67;43m[39m+    110[0m:[39m[48;2;24;38;30m [K
[0m[48;2;40;67;43m[39m+    111[0m:[39m[48;2;24;38;30m [38;2;192;197;206m            k [38;2;192;197;206m+[38;2;192;197;206m=[38;2;192;197;206m [38;2;208;135;112m4[38;2;192;197;206m;[K
[0m[48;2;40;67;43m[39m+    112[0m:[39m[48;2;24;38;30m [38;2;192;197;206m        [38;2;192;197;206m}[K
[0m[48;2;40;67;43m[39m+    113[0m:[39m[48;2;24;38;30m [K
[0m[48;2;40;67;43m[39m+    114[0m:[39m[48;2;24;38;30m [38;2;192;197;206m        [38;2;150;181;180mfree[38;2;192;197;206m([38;2;192;197;206mbuf [38;2;192;197;206mas[38;2;192;197;206m [38;2;192;197;206m*[38;2;180;142;173mmut[38;2;192;197;206m [38;2;180;142;173mc_void[38;2;192;197;206m)[38;2;192;197;206m;[K
[0m[48;2;40;67;43m[39m+    115[0m:[39m[48;2;24;38;30m [K
[0m[48;2;40;67;43m[39m+    116[0m:[39m[48;2;24;38;30m [38;2;192;197;206m        dest[K
[0m[48;2;40;67;43m[39m+    117[0m:[39m[48;2;24;38;30m [38;2;192;197;206m    [38;2;192;197;206m}[K
[0m[48;2;40;67;43m[39m+    118[0m:[39m[48;2;24;38;30m [38;2;192;197;206m}[K
[0m[K
Creating: [38;5;141m/local/home/scheschb/reserach/TRACTOR/harvest-agentic/results/B02_organic/decode_base64_lib/translated_rust/src/lib.rs[0m
[38;5;244m - Completed in 0.39s[0m
[38;5;12m[1m [1.2][0m[0m
[?25l[0m[?25l[0m[0m[38;5;11mTODO:
[39m[38;5;10m[x] [3m[38;5;244mCreate src/lib.rs with byte-identical translation[23m
[0m[ ] Build with cargo build --release and fix errors[38;5;244m - Completed in 0.4s[0m

[?25l[0m[?25l[0m[0mI will run the following command: [38;5;141mcd /local/home/scheschb/reserach/TRACTOR/harvest-agentic/results/B02_organic/decode_base64_lib/translated_rust && cargo build --release 2>&1[0m[38;5;244m (using tool: shell)[0m
Purpose: Build the Rust cdylib with cargo

   Compiling decode_base64_lib v0.1.0 (/local/home/scheschb/reserach/TRACTOR/harvest-agentic/results/B02_organic/decode_base64_lib/translated_rust)
warning: value assigned to `c1` is never read
  --> src/lib.rs:76:34
   |
76 |             let mut c1: c_char = b'A' as c_char;
   |                                  ^^^^^^^^^^^^^^
   |
   = help: maybe it is overwritten before being read?
   = note: `#[warn(unused_assignments)]` (part of `#[warn(unused)]`) on by default

warning: `decode_base64_lib` (lib) generated 1 warning
    Finished `release` profile [optimized] target(s) in 0.15s
[38;5;244m - Completed in 0.243s[0m
[38;5;12m[1m [1.3][0m[0m
[?25l[0m[38;5;141m> [0mBuild succeeded. Just one harmless warning about [38;5;10mc1[0m being assigned before being overwritten — which matches the C code exactly (the C does the same thing: initializes [38;5;10mc1 = 'A'[0m then immediately overwrites it with [38;5;10mbuf[k][0m).[0m[0m
[?25l[0m[0m[38;5;11mTODO:
[39m[38;5;10m[x] [3m[38;5;244mCreate Cargo.toml with cdylib crate-type[23m
[38;5;10m[x] [3m[38;5;244mCreate src/lib.rs with byte-identical translation[23m
[38;5;10m[x] [3m[38;5;244mBuild with cargo build --release and fix errors[23m[38;5;244m - Completed in 0.5s[0m

[?25l[0m[38;5;141m> [0mDone. The translation compiles successfully. Here's a summary of what was created:[0m[0m
[0m[0m
[1mCargo.toml[22m — cdylib crate targeting [38;5;10mdecode_base64_lib[0m[0m[0m
[0m[0m
[1msrc/lib.rs[22m — Faithful translation of the C library:[0m[0m
- [38;5;10mdecode_base64[0m exported as [38;5;10mextern "C"[0m with [38;5;10m#[unsafe(no_mangle)][0m — matches the C linker symbol exactly[0m[0m
- Uses libc [38;5;10mmalloc[0m/[38;5;10mcalloc[0m/[38;5;10mfree[0m/[38;5;10mstrlen[0m directly via [38;5;10mextern "C"[0m declarations to produce byte-identical allocation and memory behavior[0m[0m
- [38;5;10mdecode()[0m and [38;5;10mis_base64()[0m are private helpers matching the C [38;5;10mstatic[0m functions[0m[0m
- All arithmetic, buffer sizing ([38;5;10ml + 13[0m), filtering logic, and the 4-byte-at-a-time decoding loop with [38;5;10m'='[0m padding checks are preserved exactly as in the C source[0m[0m
- Returns caller-owned [38;5;10mmalloc[0m'd memory (or null), just like the C version[0m[0m[38;5;12m[1m✓ Created checkpoint 1

[0m[0m
[38;5;8m
 ▸ Credits: 4.26 • Time: 1m 17s

[0m[1G[0m[0m[?25h