[32mAll tools are now trusted ([0m[31m![0m[32m). Kiro will execute tools without asking for confirmation.[0m
Agents can sometimes do unexpected things so understand the risks.

Learn more at [38;5;141mhttps://kiro.dev/docs/cli/chat/security/#using-tools-trust-all-safely[0m


[38;5;12m[1m📷 Checkpoints are enabled! (took 0.04s)

[0m
[38;5;252m[0m[?25l[38;5;141m> [0m[0m[0m
[0m[0m
I'll start by understanding the project structure, then read all source files to build comprehensive tests.[0m[0m
[?25l[0m[0m[38;5;11mTODO:
[39m[0m[ ] Read project structure, Cargo.toml, lib.rs, all C sources, and all Rust sources
[0m[ ] Build and run C code to get ground truth outputs
[0m[ ] Create test files in src/bin/ for every module
[0m[ ] Run cargo test and iterate until all tests pass[38;5;244m - Completed in 0.46s[0m
[38;5;12m[1m [1.1][0m[0m
[?25l[0m[?25l[0m[0mReading directory: [38;5;141m/tmp/harvest-crust-verify-eob2LJ/project[0m[38;5;244m (using tool: read, max depth: 3, max entries: 1000, excluding: defaults)[0m
[38;5;10m ✓ [0mSuccessfully read directory [38;5;141m/tmp/harvest-crust-verify-eob2LJ/project[0m [38;5;244m(22 entries)[0m
[38;5;244m - Completed in 0.48s[0m
[38;5;12m[1m [1.2][0m[0m
[?25l[0m[?25l[0m[0mBatch fs_read operation with [38;5;141m7[0m operations[38;5;244m (using tool: read)[0m
Purpose: Read all project source files

↱ Operation 1: Reading file: [38;5;141m/tmp/harvest-crust-verify-eob2LJ/project/Cargo.toml[0m, all lines
↱ Operation 2: Reading file: [38;5;141m/tmp/harvest-crust-verify-eob2LJ/project/src/lib.rs[0m, all lines
↱ Operation 3: Reading file: [38;5;141m/tmp/harvest-crust-verify-eob2LJ/project/src/leftpad.rs[0m, all lines
↱ Operation 4: Reading file: [38;5;141m/tmp/harvest-crust-verify-eob2LJ/project/c_src/src/leftpad.h[0m, all lines
↱ Operation 5: Reading file: [38;5;141m/tmp/harvest-crust-verify-eob2LJ/project/c_src/src/leftpad.c[0m, all lines
↱ Operation 6: Reading file: [38;5;141m/tmp/harvest-crust-verify-eob2LJ/project/c_src/tests.c[0m, all lines
↱ Operation 7: Reading file: [38;5;141m/tmp/harvest-crust-verify-eob2LJ/project/c_src/bin/main.c[0m, all lines
[38;5;10m ✓ [0mSuccessfully read [38;5;244m98 bytes[0m from /tmp/harvest-crust-verify-eob2LJ/project/Cargo.toml

[38;5;10m ✓ [0mSuccessfully read [38;5;244m16 bytes[0m from /tmp/harvest-crust-verify-eob2LJ/project/src/lib.rs

[38;5;10m ✓ [0mSuccessfully read [38;5;244m739 bytes[0m from /tmp/harvest-crust-verify-eob2LJ/project/src/leftpad.rs

[38;5;10m ✓ [0mSuccessfully read [38;5;244m730 bytes[0m from /tmp/harvest-crust-verify-eob2LJ/project/c_src/src/leftpad.h

[38;5;10m ✓ [0mSuccessfully read [38;5;244m758 bytes[0m from /tmp/harvest-crust-verify-eob2LJ/project/c_src/src/leftpad.c

[38;5;10m ✓ [0mSuccessfully read [38;5;244m1376 bytes[0m from /tmp/harvest-crust-verify-eob2LJ/project/c_src/tests.c

[38;5;10m ✓ [0mSuccessfully read [38;5;244m936 bytes[0m from /tmp/harvest-crust-verify-eob2LJ/project/c_src/bin/main.c

 ⋮ 

[38;5;244m- [0mSummary: 7 operations processed, 7 successful, 0 failed
[38;5;244m - Completed in 0.47s[0m
[38;5;12m[1m [1.3][0m[0m
[?25l[0m[38;5;141m> [0mNow I have a clear picture. Let me build and run the C code to get ground truth outputs for various test cases.[0m[0m
[?25l[0m[0m[38;5;11mTODO:
[39m[38;5;10m[x] [3m[38;5;244mRead project structure, Cargo.toml, lib.rs, all C sources, and all Rust sources[23m
[0m[ ] Build and run C code to get ground truth outputs[38;5;244m - Completed in 0.46s[0m
[38;5;12m[1m [1.4][0m[0m
[?25l[0m[38;5;141m> [0mNow let me write a C test program to get ground truth values for all the cases I want to test:[0m[0m
[?25l[0m[0mI'll create the following file: [38;5;141m/tmp/harvest-crust-verify-eob2LJ/project/c_src/ground_truth.c[0m[38;5;244m (using tool: write)[0m

[48;2;40;67;43m[39m+     1[0m:[39m[48;2;24;38;30m [38;2;180;142;173m#include[38;2;192;197;206m [38;2;192;197;206m<[38;2;163;190;140mstdio.h[38;2;192;197;206m>[K
[0m[48;2;40;67;43m[39m+     2[0m:[39m[48;2;24;38;30m [38;2;192;197;206m#include [38;2;192;197;206m<[38;2;163;190;140mstring.h[38;2;192;197;206m>[K
[0m[48;2;40;67;43m[39m+     3[0m:[39m[48;2;24;38;30m [38;2;192;197;206m#include [38;2;192;197;206m"[38;2;163;190;140msrc/leftpad.h[38;2;192;197;206m"[K
[0m[48;2;40;67;43m[39m+     4[0m:[39m[48;2;24;38;30m [K
[0m[48;2;40;67;43m[39m+     5[0m:[39m[48;2;24;38;30m [38;2;192;197;206mint main() {[K
[0m[48;2;40;67;43m[39m+     6[0m:[39m[48;2;24;38;30m [38;2;192;197;206m    char buf[64];[K
[0m[48;2;40;67;43m[39m+     7[0m:[39m[48;2;24;38;30m [38;2;192;197;206m    size_t r;[K
[0m[48;2;40;67;43m[39m+     8[0m:[39m[48;2;24;38;30m [K
[0m[48;2;40;67;43m[39m+     9[0m:[39m[48;2;24;38;30m [38;2;192;197;206m    [38;2;101;115;126m//[38;2;101;115;126m 1. No padding needed[K
[0m[48;2;40;67;43m[39m+    10[0m:[39m[48;2;24;38;30m [38;2;101;115;126m    r = leftpad("test", "*", 4, buf, 64);[K
[0m[48;2;40;67;43m[39m+    11[0m:[39m[48;2;24;38;30m [38;2;101;115;126m    printf("1: ret=%zu buf='%s'\n", r, buf);[K
[0m[48;2;40;67;43m[39m+    12[0m:[39m[48;2;24;38;30m [K
[0m[48;2;40;67;43m[39m+    13[0m:[39m[48;2;24;38;30m [38;2;101;115;126m    // 2. Padding applied[K
[0m[48;2;40;67;43m[39m+    14[0m:[39m[48;2;24;38;30m [38;2;101;115;126m    r = leftpad("test", "*", 9, buf, 64);[K
[0m[48;2;40;67;43m[39m+    15[0m:[39m[48;2;24;38;30m [38;2;101;115;126m    printf("2: ret=%zu buf='%s'\n", r, buf);[K
[0m[48;2;40;67;43m[39m+    16[0m:[39m[48;2;24;38;30m [K
[0m[48;2;40;67;43m[39m+    17[0m:[39m[48;2;24;38;30m [38;2;101;115;126m    // 3. min_len < str_len[K
[0m[48;2;40;67;43m[39m+    18[0m:[39m[48;2;24;38;30m [38;2;101;115;126m    r = leftpad("test", "*", 2, buf, 64);[K
[0m[48;2;40;67;43m[39m+    19[0m:[39m[48;2;24;38;30m [38;2;101;115;126m    printf("3: ret=%zu buf='%s'\n", r, buf);[K
[0m[48;2;40;67;43m[39m+    20[0m:[39m[48;2;24;38;30m [K
[0m[48;2;40;67;43m[39m+    21[0m:[39m[48;2;24;38;30m [38;2;101;115;126m    // 4. Multi-char padding repeated[K
[0m[48;2;40;67;43m[39m+    22[0m:[39m[48;2;24;38;30m [38;2;101;115;126m    r = leftpad("test", " .", 9, buf, 64);[K
[0m[48;2;40;67;43m[39m+    23[0m:[39m[48;2;24;38;30m [38;2;101;115;126m    printf("4: ret=%zu buf='%s'\n", r, buf);[K
[0m[48;2;40;67;43m[39m+    24[0m:[39m[48;2;24;38;30m [K
[0m[48;2;40;67;43m[39m+    25[0m:[39m[48;2;24;38;30m [38;2;101;115;126m    // 5. NULL padding -> spaces[K
[0m[48;2;40;67;43m[39m+    26[0m:[39m[48;2;24;38;30m [38;2;101;115;126m    r = leftpad("test", NULL, 9, buf, 64);[K
[0m[48;2;40;67;43m[39m+    27[0m:[39m[48;2;24;38;30m [38;2;101;115;126m    printf("5: ret=%zu buf='%s'\n", r, buf);[K
[0m[48;2;40;67;43m[39m+    28[0m:[39m[48;2;24;38;30m [K
[0m[48;2;40;67;43m[39m+    29[0m:[39m[48;2;24;38;30m [38;2;101;115;126m    // 6. NULL str -> empty string[K
[0m[48;2;40;67;43m[39m+    30[0m:[39m[48;2;24;38;30m [38;2;101;115;126m    r = leftpad(NULL, "*", 9, buf, 64);[K
[0m[48;2;40;67;43m[39m+    31[0m:[39m[48;2;24;38;30m [38;2;101;115;126m    printf("6: ret=%zu buf='%s'\n", r, buf);[K
[0m[48;2;40;67;43m[39m+    32[0m:[39m[48;2;24;38;30m [K
[0m[48;2;40;67;43m[39m+    33[0m:[39m[48;2;24;38;30m [38;2;101;115;126m    // 7. Truncation: output exceeds dest_sz[K
[0m[48;2;40;67;43m[39m+    34[0m:[39m[48;2;24;38;30m [38;2;101;115;126m    r = leftpad("test", "*", 11, buf, 10);[K
[0m[48;2;40;67;43m[39m+    35[0m:[39m[48;2;24;38;30m [38;2;101;115;126m    printf("7: ret=%zu buf='%s'\n", r, buf);[K
[0m[48;2;40;67;43m[39m+    36[0m:[39m[48;2;24;38;30m [K
[0m[48;2;40;67;43m[39m+    37[0m:[39m[48;2;24;38;30m [38;2;101;115;126m    // 8. dest_sz=0 -> just return length[K
[0m[48;2;40;67;43m[39m+    38[0m:[39m[48;2;24;38;30m [38;2;101;115;126m    r = leftpad("test", " ", 6, buf, 0);[K
[0m[48;2;40;67;43m[39m+    39[0m:[39m[48;2;24;38;30m [38;2;101;115;126m    printf("8: ret=%zu\n", r);[K
[0m[48;2;40;67;43m[39m+    40[0m:[39m[48;2;24;38;30m [K
[0m[48;2;40;67;43m[39m+    41[0m:[39m[48;2;24;38;30m [38;2;101;115;126m    // 9. dest_sz=0, no padding needed[K
[0m[48;2;40;67;43m[39m+    42[0m:[39m[48;2;24;38;30m [38;2;101;115;126m    r = leftpad("test", " ", 2, buf, 0);[K
[0m[48;2;40;67;43m[39m+    43[0m:[39m[48;2;24;38;30m [38;2;101;115;126m    printf("9: ret=%zu\n", r);[K
[0m[48;2;40;67;43m[39m+    44[0m:[39m[48;2;24;38;30m [K
[0m[48;2;40;67;43m[39m+    45[0m:[39m[48;2;24;38;30m [38;2;101;115;126m    // 10. Empty string with padding[K
[0m[48;2;40;67;43m[39m+    46[0m:[39m[48;2;24;38;30m [38;2;101;115;126m    r = leftpad("", "*", 5, buf, 64);[K
[0m[48;2;40;67;43m[39m+    47[0m:[39m[48;2;24;38;30m [38;2;101;115;126m    printf("10: ret=%zu buf='%s'\n", r, buf);[K
[0m[48;2;40;67;43m[39m+    48[0m:[39m[48;2;24;38;30m [K
[0m[48;2;40;67;43m[39m+    49[0m:[39m[48;2;24;38;30m [38;2;101;115;126m    // 11. min_len=0[K
[0m[48;2;40;67;43m[39m+    50[0m:[39m[48;2;24;38;30m [38;2;101;115;126m    r = leftpad("test", "*", 0, buf, 64);[K
[0m[48;2;40;67;43m[39m+    51[0m:[39m[48;2;24;38;30m [38;2;101;115;126m    printf("11: ret=%zu buf='%s'\n", r, buf);[K
[0m[48;2;40;67;43m[39m+    52[0m:[39m[48;2;24;38;30m [K
[0m[48;2;40;67;43m[39m+    53[0m:[39m[48;2;24;38;30m [38;2;101;115;126m    // 12. dest_sz=1 -> only null terminator[K
[0m[48;2;40;67;43m[39m+    54[0m:[39m[48;2;24;38;30m [38;2;101;115;126m    r = leftpad("test", "*", 9, buf, 1);[K
[0m[48;2;40;67;43m[39m+    55[0m:[39m[48;2;24;38;30m [38;2;101;115;126m    printf("12: ret=%zu buf='%s'\n", r, buf);[K
[0m[48;2;40;67;43m[39m+    56[0m:[39m[48;2;24;38;30m [K
[0m[48;2;40;67;43m[39m+    57[0m:[39m[48;2;24;38;30m [38;2;101;115;126m    // 13. dest_sz=2 -> one char + null[K
[0m[48;2;40;67;43m[39m+    58[0m:[39m[48;2;24;38;30m [38;2;101;115;126m    r = leftpad("test", "*", 9, buf, 2);[K
[0m[48;2;40;67;43m[39m+    59[0m:[39m[48;2;24;38;30m [38;2;101;115;126m    printf("13: ret=%zu buf='%s'\n", r, buf);[K
[0m[48;2;40;67;43m[39m+    60[0m:[39m[48;2;24;38;30m [K
[0m[48;2;40;67;43m[39m+    61[0m:[39m[48;2;24;38;30m [38;2;101;115;126m    // 14. Three-char padding pattern[K
[0m[48;2;40;67;43m[39m+    62[0m:[39m[48;2;24;38;30m [38;2;101;115;126m    r = leftpad("hi", "abc", 8, buf, 64);[K
[0m[48;2;40;67;43m[39m+    63[0m:[39m[48;2;24;38;30m [38;2;101;115;126m    printf("14: ret=%zu buf='%s'\n", r, buf);[K
[0m[48;2;40;67;43m[39m+    64[0m:[39m[48;2;24;38;30m [K
[0m[48;2;40;67;43m[39m+    65[0m:[39m[48;2;24;38;30m [38;2;101;115;126m    // 15. Padding exactly fills[K
[0m[48;2;40;67;43m[39m+    66[0m:[39m[48;2;24;38;30m [38;2;101;115;126m    r = leftpad("test", "*", 8, buf, 9);[K
[0m[48;2;40;67;43m[39m+    67[0m:[39m[48;2;24;38;30m [38;2;101;115;126m    printf("15: ret=%zu buf='%s'\n", r, buf);[K
[0m[48;2;40;67;43m[39m+    68[0m:[39m[48;2;24;38;30m [K
[0m[48;2;40;67;43m[39m+    69[0m:[39m[48;2;24;38;30m [38;2;101;115;126m    // 16. Empty padding -> spaces[K
[0m[48;2;40;67;43m[39m+    70[0m:[39m[48;2;24;38;30m [38;2;101;115;126m    r = leftpad("test", "", 8, buf, 64);[K
[0m[48;2;40;67;43m[39m+    71[0m:[39m[48;2;24;38;30m [38;2;101;115;126m    printf("16: ret=%zu buf='%s'\n", r, buf);[K
[0m[48;2;40;67;43m[39m+    72[0m:[39m[48;2;24;38;30m [K
[0m[48;2;40;67;43m[39m+    73[0m:[39m[48;2;24;38;30m [38;2;101;115;126m    // 17. NULL str, NULL padding[K
[0m[48;2;40;67;43m[39m+    74[0m:[39m[48;2;24;38;30m [38;2;101;115;126m    r = leftpad(NULL, NULL, 5, buf, 64);[K
[0m[48;2;40;67;43m[39m+    75[0m:[39m[48;2;24;38;30m [38;2;101;115;126m    printf("17: ret=%zu buf='%s'\n", r, buf);[K
[0m[48;2;40;67;43m[39m+    76[0m:[39m[48;2;24;38;30m [K
[0m[48;2;40;67;43m[39m+    77[0m:[39m[48;2;24;38;30m [38;2;101;115;126m    return 0;[K
[0m[48;2;40;67;43m[39m+    78[0m:[39m[48;2;24;38;30m [38;2;101;115;126m}[K
[0m[K
Creating: [38;5;141m/tmp/harvest-crust-verify-eob2LJ/project/c_src/ground_truth.c[0m
[38;5;244m - Completed in 0.51s[0m
[38;5;12m[1m [1.5][0m[0m
[?25l[0m[?25l[0m[0mI will run the following command: [38;5;141mcd /tmp/harvest-crust-verify-eob2LJ/project/c_src && gcc -o ground_truth ground_truth.c src/leftpad.c -I src && ./ground_truth[0m[38;5;244m (using tool: shell)[0m
Purpose: Build and run C ground truth program

1: ret=4 buf='test'
2: ret=9 buf='*****test'
3: ret=4 buf='test'
4: ret=9 buf=' . . test'
5: ret=9 buf='     test'
6: ret=9 buf='*********'
7: ret=9 buf='*******te'
8: ret=6
9: ret=4
10: ret=5 buf='*****'
11: ret=4 buf='test'
12: ret=0 buf=''
13: ret=1 buf='*'
14: ret=8 buf='abcabchi'
15: ret=8 buf='****test'
16: ret=8 buf='    test'
17: ret=5 buf='     '
[38;5;244m - Completed in 0.107s[0m
[38;5;12m[1m [1.6][0m[0m
[?25l[0m[38;5;141m> [0mAll ground truth values collected. Now let me mark this step done and create the test file.[0m[0m
[?25l[0m[0m[38;5;11mTODO:
[39m[38;5;10m[x] [3m[38;5;244mBuild and run C code to get ground truth outputs[23m
[0m[ ] Create test files in src/bin/ for every module[38;5;244m - Completed in 0.45s[0m
[38;5;12m[1m [1.7][0m[0m
[?25l[0m[38;5;141m> [0mNow I'll create the test file. The Rust API uses [38;5;10m&str[0m (no NULL), and [38;5;10m&mut [u8][0m where the slice length serves as [38;5;10mdest_sz[0m. I need to skip the NULL-specific tests (5, 6, 17) and adapt the rest.[0m[0m
[?25l[0m[0mI will run the following command: [38;5;141mmkdir -p /tmp/harvest-crust-verify-eob2LJ/project/src/bin[0m[38;5;244m (using tool: shell)[0m

[38;5;244m - Completed in 0.51s[0m
[38;5;12m[1m [1.8][0m[0m
[?25l[0m[?25l[0m[0mI'll create the following file: [38;5;141m/tmp/harvest-crust-verify-eob2LJ/project/src/bin/test_leftpad.rs[0m[38;5;244m (using tool: write)[0m

[48;2;40;67;43m[39m+      1[0m:[39m[48;2;24;38;30m [38;2;180;142;173muse[38;2;192;197;206m [38;2;192;197;206mleftpad[38;2;192;197;206m::[38;2;192;197;206mleftpad[38;2;192;197;206m::[38;2;192;197;206mleftpad[38;2;192;197;206m;[K
[0m[48;2;40;67;43m[39m+      2[0m:[39m[48;2;24;38;30m [K
[0m[48;2;40;67;43m[39m+      3[0m:[39m[48;2;24;38;30m [38;2;180;142;173mfn[38;2;192;197;206m [38;2;143;161;179mcall[38;2;192;197;206m([38;2;191;97;106ms[38;2;192;197;206m:[38;2;192;197;206m [38;2;192;197;206m&[38;2;180;142;173mstr[38;2;192;197;206m, [38;2;191;97;106mpad[38;2;192;197;206m:[38;2;192;197;206m [38;2;192;197;206m&[38;2;180;142;173mstr[38;2;192;197;206m, [38;2;191;97;106mmin_len[38;2;192;197;206m:[38;2;192;197;206m [38;2;180;142;173musize[38;2;192;197;206m, [38;2;191;97;106mdest[38;2;192;197;206m:[38;2;192;197;206m [38;2;192;197;206m&[38;2;180;142;173mmut[38;2;192;197;206m [[38;2;180;142;173mu8[38;2;192;197;206m][38;2;192;197;206m)[38;2;192;197;206m [38;2;192;197;206m->[38;2;192;197;206m [38;2;192;197;206m([38;2;180;142;173musize[38;2;192;197;206m, String[38;2;192;197;206m)[38;2;192;197;206m [38;2;192;197;206m{[K
[0m[48;2;40;67;43m[39m+      4[0m:[39m[48;2;24;38;30m [38;2;192;197;206m    [38;2;180;142;173mlet[38;2;192;197;206m r [38;2;192;197;206m=[38;2;192;197;206m [38;2;150;181;180mleftpad[38;2;192;197;206m([38;2;192;197;206ms[38;2;192;197;206m,[38;2;192;197;206m pad[38;2;192;197;206m,[38;2;192;197;206m min_len[38;2;192;197;206m,[38;2;192;197;206m dest[38;2;192;197;206m)[38;2;192;197;206m;[K
[0m[48;2;40;67;43m[39m+      5[0m:[39m[48;2;24;38;30m [38;2;192;197;206m    [38;2;180;142;173mlet[38;2;192;197;206m out [38;2;192;197;206m=[38;2;192;197;206m [38;2;192;197;206mString[38;2;192;197;206m::[38;2;192;197;206mfrom_utf8_lossy[38;2;192;197;206m([38;2;192;197;206m&[38;2;192;197;206mdest[38;2;192;197;206m[[38;2;192;197;206m..[38;2;192;197;206mr[38;2;192;197;206m][38;2;192;197;206m)[38;2;192;197;206m.[38;2;150;181;180mto_string[38;2;192;197;206m([38;2;192;197;206m)[38;2;192;197;206m;[K
[0m[48;2;40;67;43m[39m+      6[0m:[39m[48;2;24;38;30m [38;2;192;197;206m    [38;2;192;197;206m([38;2;192;197;206mr[38;2;192;197;206m,[38;2;192;197;206m out[38;2;192;197;206m)[K
[0m[48;2;40;67;43m[39m+      7[0m:[39m[48;2;24;38;30m [38;2;192;197;206m}[K
[0m[48;2;40;67;43m[39m+      8[0m:[39m[48;2;24;38;30m [K
[0m[48;2;40;67;43m[39m+      9[0m:[39m[48;2;24;38;30m [38;2;192;197;206m#[38;2;192;197;206m[[38;2;191;97;106mtest[38;2;192;197;206m][K
[0m[48;2;40;67;43m[39m+     10[0m:[39m[48;2;24;38;30m [38;2;180;142;173mfn[38;2;192;197;206m [38;2;143;161;179mtest_no_padding_needed[38;2;192;197;206m([38;2;192;197;206m)[38;2;192;197;206m [38;2;192;197;206m{[K
[0m[48;2;40;67;43m[39m+     11[0m:[39m[48;2;24;38;30m [38;2;192;197;206m    [38;2;180;142;173mlet[38;2;192;197;206m [38;2;180;142;173mmut[38;2;192;197;206m buf [38;2;192;197;206m=[38;2;192;197;206m [38;2;192;197;206m[[38;2;208;135;112m0[38;2;180;142;173mu8[38;2;192;197;206m;[38;2;192;197;206m [38;2;208;135;112m64[38;2;192;197;206m][38;2;192;197;206m;[K
[0m[48;2;40;67;43m[39m+     12[0m:[39m[48;2;24;38;30m [38;2;192;197;206m    [38;2;180;142;173mlet[38;2;192;197;206m [38;2;192;197;206m([38;2;192;197;206mr[38;2;192;197;206m,[38;2;192;197;206m s[38;2;192;197;206m)[38;2;192;197;206m [38;2;192;197;206m=[38;2;192;197;206m [38;2;150;181;180mcall[38;2;192;197;206m([38;2;192;197;206m"[38;2;163;190;140mtest[38;2;192;197;206m"[38;2;192;197;206m,[38;2;192;197;206m [38;2;192;197;206m"[38;2;163;190;140m*[38;2;192;197;206m"[38;2;192;197;206m,[38;2;192;197;206m [38;2;208;135;112m4[38;2;192;197;206m,[38;2;192;197;206m [38;2;192;197;206m&[38;2;180;142;173mmut[38;2;192;197;206m buf[38;2;192;197;206m)[38;2;192;197;206m;[K
[0m[48;2;40;67;43m[39m+     13[0m:[39m[48;2;24;38;30m [38;2;192;197;206m    [38;2;192;197;206massert_eq![38;2;192;197;206m([38;2;192;197;206mr[38;2;192;197;206m,[38;2;192;197;206m [38;2;208;135;112m4[38;2;192;197;206m)[38;2;192;197;206m;[K
[0m[48;2;40;67;43m[39m+     14[0m:[39m[48;2;24;38;30m [38;2;192;197;206m    [38;2;192;197;206massert_eq![38;2;192;197;206m([38;2;192;197;206ms[38;2;192;197;206m,[38;2;192;197;206m [38;2;192;197;206m"[38;2;163;190;140mtest[38;2;192;197;206m"[38;2;192;197;206m)[38;2;192;197;206m;[K
[0m[48;2;40;67;43m[39m+     15[0m:[39m[48;2;24;38;30m [38;2;192;197;206m}[K
[0m[48;2;40;67;43m[39m+     16[0m:[39m[48;2;24;38;30m [K
[0m[48;2;40;67;43m[39m+     17[0m:[39m[48;2;24;38;30m [38;2;192;197;206m#[38;2;192;197;206m[[38;2;191;97;106mtest[38;2;192;197;206m][K
[0m[48;2;40;67;43m[39m+     18[0m:[39m[48;2;24;38;30m [38;2;180;142;173mfn[38;2;192;197;206m [38;2;143;161;179mtest_padding_applied[38;2;192;197;206m([38;2;192;197;206m)[38;2;192;197;206m [38;2;192;197;206m{[K
[0m[48;2;40;67;43m[39m+     19[0m:[39m[48;2;24;38;30m [38;2;192;197;206m    [38;2;180;142;173mlet[38;2;192;197;206m [38;2;180;142;173mmut[38;2;192;197;206m buf [38;2;192;197;206m=[38;2;192;197;206m [38;2;192;197;206m[[38;2;208;135;112m0[38;2;180;142;173mu8[38;2;192;197;206m;[38;2;192;197;206m [38;2;208;135;112m64[38;2;192;197;206m][38;2;192;197;206m;[K
[0m[48;2;40;67;43m[39m+     20[0m:[39m[48;2;24;38;30m [38;2;192;197;206m    [38;2;180;142;173mlet[38;2;192;197;206m [38;2;192;197;206m([38;2;192;197;206mr[38;2;192;197;206m,[38;2;192;197;206m s[38;2;192;197;206m)[38;2;192;197;206m [38;2;192;197;206m=[38;2;192;197;206m [38;2;150;181;180mcall[38;2;192;197;206m([38;2;192;197;206m"[38;2;163;190;140mtest[38;2;192;197;206m"[38;2;192;197;206m,[38;2;192;197;206m [38;2;192;197;206m"[38;2;163;190;140m*[38;2;192;197;206m"[38;2;192;197;206m,[38;2;192;197;206m [38;2;208;135;112m9[38;2;192;197;206m,[38;2;192;197;206m [38;2;192;197;206m&[38;2;180;142;173mmut[38;2;192;197;206m buf[38;2;192;197;206m)[38;2;192;197;206m;[K
[0m[48;2;40;67;43m[39m+     21[0m:[39m[48;2;24;38;30m [38;2;192;197;206m    [38;2;192;197;206massert_eq![38;2;192;197;206m([38;2;192;197;206mr[38;2;192;197;206m,[38;2;192;197;206m [38;2;208;135;112m9[38;2;192;197;206m)[38;2;192;197;206m;[K
[0m[48;2;40;67;43m[39m+     22[0m:[39m[48;2;24;38;30m [38;2;192;197;206m    [38;2;192;197;206massert_eq![38;2;192;197;206m([38;2;192;197;206ms[38;2;192;197;206m,[38;2;192;197;206m [38;2;192;197;206m"[38;2;163;190;140m*****test[38;2;192;197;206m"[38;2;192;197;206m)[38;2;192;197;206m;[K
[0m[48;2;40;67;43m[39m+     23[0m:[39m[48;2;24;38;30m [38;2;192;197;206m}[K
[0m[48;2;40;67;43m[39m+     24[0m:[39m[48;2;24;38;30m [K
[0m[48;2;40;67;43m[39m+     25[0m:[39m[48;2;24;38;30m [38;2;192;197;206m#[38;2;192;197;206m[[38;2;191;97;106mtest[38;2;192;197;206m][K
[0m[48;2;40;67;43m[39m+     26[0m:[39m[48;2;24;38;30m [38;2;180;142;173mfn[38;2;192;197;206m [38;2;143;161;179mtest_min_len_less_than_str_len[38;2;192;197;206m([38;2;192;197;206m)[38;2;192;197;206m [38;2;192;197;206m{[K
[0m[48;2;40;67;43m[39m+     27[0m:[39m[48;2;24;38;30m [38;2;192;197;206m    [38;2;180;142;173mlet[38;2;192;197;206m [38;2;180;142;173mmut[38;2;192;197;206m buf [38;2;192;197;206m=[38;2;192;197;206m [38;2;192;197;206m[[38;2;208;135;112m0[38;2;180;142;173mu8[38;2;192;197;206m;[38;2;192;197;206m [38;2;208;135;112m64[38;2;192;197;206m][38;2;192;197;206m;[K
[0m[48;2;40;67;43m[39m+     28[0m:[39m[48;2;24;38;30m [38;2;192;197;206m    [38;2;180;142;173mlet[38;2;192;197;206m [38;2;192;197;206m([38;2;192;197;206mr[38;2;192;197;206m,[38;2;192;197;206m s[38;2;192;197;206m)[38;2;192;197;206m [38;2;192;197;206m=[38;2;192;197;206m [38;2;150;181;180mcall[38;2;192;197;206m([38;2;192;197;206m"[38;2;163;190;140mtest[38;2;192;197;206m"[38;2;192;197;206m,[38;2;192;197;206m [38;2;192;197;206m"[38;2;163;190;140m*[38;2;192;197;206m"[38;2;192;197;206m,[38;2;192;197;206m [38;2;208;135;112m2[38;2;192;197;206m,[38;2;192;197;206m [38;2;192;197;206m&[38;2;180;142;173mmut[38;2;192;197;206m buf[38;2;192;197;206m)[38;2;192;197;206m;[K
[0m[48;2;40;67;43m[39m+     29[0m:[39m[48;2;24;38;30m [38;2;192;197;206m    [38;2;192;197;206massert_eq![38;2;192;197;206m([38;2;192;197;206mr[38;2;192;197;206m,[38;2;192;197;206m [38;2;208;135;112m4[38;2;192;197;206m)[38;2;192;197;206m;[K
[0m[48;2;40;67;43m[39m+     30[0m:[39m[48;2;24;38;30m [38;2;192;197;206m    [38;2;192;197;206massert_eq![38;2;192;197;206m([38;2;192;197;206ms[38;2;192;197;206m,[38;2;192;197;206m [38;2;192;197;206m"[38;2;163;190;140mtest[38;2;192;197;206m"[38;2;192;197;206m)[38;2;192;197;206m;[K
[0m[48;2;40;67;43m[39m+     31[0m:[39m[48;2;24;38;30m [38;2;192;197;206m}[K
[0m[48;2;40;67;43m[39m+     32[0m:[39m[48;2;24;38;30m [K
[0m[48;2;40;67;43m[39m+     33[0m:[39m[48;2;24;38;30m [38;2;192;197;206m#[38;2;192;197;206m[[38;2;191;97;106mtest[38;2;192;197;206m][K
[0m[48;2;40;67;43m[39m+     34[0m:[39m[48;2;24;38;30m [38;2;180;142;173mfn[38;2;192;197;206m [38;2;143;161;179mtest_multi_char_padding[38;2;192;197;206m([38;2;192;197;206m)[38;2;192;197;206m [38;2;192;197;206m{[K
[0m[48;2;40;67;43m[39m+     35[0m:[39m[48;2;24;38;30m [38;2;192;197;206m    [38;2;180;142;173mlet[38;2;192;197;206m [38;2;180;142;173mmut[38;2;192;197;206m buf [38;2;192;197;206m=[38;2;192;197;206m [38;2;192;197;206m[[38;2;208;135;112m0[38;2;180;142;173mu8[38;2;192;197;206m;[38;2;192;197;206m [38;2;208;135;112m64[38;2;192;197;206m][38;2;192;197;206m;[K
[0m[48;2;40;67;43m[39m+     36[0m:[39m[48;2;24;38;30m [38;2;192;197;206m    [38;2;180;142;173mlet[38;2;192;197;206m [38;2;192;197;206m([38;2;192;197;206mr[38;2;192;197;206m,[38;2;192;197;206m s[38;2;192;197;206m)[38;2;192;197;206m [38;2;192;197;206m=[38;2;192;197;206m [38;2;150;181;180mcall[38;2;192;197;206m([38;2;192;197;206m"[38;2;163;190;140mtest[38;2;192;197;206m"[38;2;192;197;206m,[38;2;192;197;206m [38;2;192;197;206m"[38;2;163;190;140m .[38;2;192;197;206m"[38;2;192;197;206m,[38;2;192;197;206m [38;2;208;135;112m9[38;2;192;197;206m,[38;2;192;197;206m [38;2;192;197;206m&[38;2;180;142;173mmut[38;2;192;197;206m buf[38;2;192;197;206m)[38;2;192;197;206m;[K
[0m[48;2;40;67;43m[39m+     37[0m:[39m[48;2;24;38;30m [38;2;192;197;206m    [38;2;192;197;206massert_eq![38;2;192;197;206m([38;2;192;197;206mr[38;2;192;197;206m,[38;2;192;197;206m [38;2;208;135;112m9[38;2;192;197;206m)[38;2;192;197;206m;[K
[0m[48;2;40;67;43m[39m+     38[0m:[39m[48;2;24;38;30m [38;2;192;197;206m    [38;2;192;197;206massert_eq![38;2;192;197;206m([38;2;192;197;206ms[38;2;192;197;206m,[38;2;192;197;206m [38;2;192;197;206m"[38;2;163;190;140m . . test[38;2;192;197;206m"[38;2;192;197;206m)[38;2;192;197;206m;[K
[0m[48;2;40;67;43m[39m+     39[0m:[39m[48;2;24;38;30m [38;2;192;197;206m}[K
[0m[48;2;40;67;43m[39m+     40[0m:[39m[48;2;24;38;30m [K
[0m[48;2;40;67;43m[39m+     41[0m:[39m[48;2;24;38;30m [38;2;192;197;206m#[38;2;192;197;206m[[38;2;191;97;106mtest[38;2;192;197;206m][K
[0m[48;2;40;67;43m[39m+     42[0m:[39m[48;2;24;38;30m [38;2;180;142;173mfn[38;2;192;197;206m [38;2;143;161;179mtest_empty_padding_defaults_to_spaces[38;2;192;197;206m([38;2;192;197;206m)[38;2;192;197;206m [38;2;192;197;206m{[K
[0m[48;2;40;67;43m[39m+     43[0m:[39m[48;2;24;38;30m [38;2;192;197;206m    [38;2;180;142;173mlet[38;2;192;197;206m [38;2;180;142;173mmut[38;2;192;197;206m buf [38;2;192;197;206m=[38;2;192;197;206m [38;2;192;197;206m[[38;2;208;135;112m0[38;2;180;142;173mu8[38;2;192;197;206m;[38;2;192;197;206m [38;2;208;135;112m64[38;2;192;197;206m][38;2;192;197;206m;[K
[0m[48;2;40;67;43m[39m+     44[0m:[39m[48;2;24;38;30m [38;2;192;197;206m    [38;2;180;142;173mlet[38;2;192;197;206m [38;2;192;197;206m([38;2;192;197;206mr[38;2;192;197;206m,[38;2;192;197;206m s[38;2;192;197;206m)[38;2;192;197;206m [38;2;192;197;206m=[38;2;192;197;206m [38;2;150;181;180mcall[38;2;192;197;206m([38;2;192;197;206m"[38;2;163;190;140mtest[38;2;192;197;206m"[38;2;192;197;206m,[38;2;192;197;206m [38;2;192;197;206m"[38;2;192;197;206m"[38;2;192;197;206m,[38;2;192;197;206m [38;2;208;135;112m9[38;2;192;197;206m,[38;2;192;197;206m [38;2;192;197;206m&[38;2;180;142;173mmut[38;2;192;197;206m buf[38;2;192;197;206m)[38;2;192;197;206m;[K
[0m[48;2;40;67;43m[39m+     45[0m:[39m[48;2;24;38;30m [38;2;192;197;206m    [38;2;192;197;206massert_eq![38;2;192;197;206m([38;2;192;197;206mr[38;2;192;197;206m,[38;2;192;197;206m [38;2;208;135;112m9[38;2;192;197;206m)[38;2;192;197;206m;[K
[0m[48;2;40;67;43m[39m+     46[0m:[39m[48;2;24;38;30m [38;2;192;197;206m    [38;2;192;197;206massert_eq![38;2;192;197;206m([38;2;192;197;206ms[38;2;192;197;206m,[38;2;192;197;206m [38;2;192;197;206m"[38;2;163;190;140m     test[38;2;192;197;206m"[38;2;192;197;206m)[38;2;192;197;206m;[K
[0m[48;2;40;67;43m[39m+     47[0m:[39m[48;2;24;38;30m [38;2;192;197;206m}[K
[0m[48;2;40;67;43m[39m+     48[0m:[39m[48;2;24;38;30m [K
[0m[48;2;40;67;43m[39m+     49[0m:[39m[48;2;24;38;30m [38;2;192;197;206m#[38;2;192;197;206m[[38;2;191;97;106mtest[38;2;192;197;206m][K
[0m[48;2;40;67;43m[39m+     50[0m:[39m[48;2;24;38;30m [38;2;180;142;173mfn[38;2;192;197;206m [38;2;143;161;179mtest_truncation[38;2;192;197;206m([38;2;192;197;206m)[38;2;192;197;206m [38;2;192;197;206m{[K
[0m[48;2;40;67;43m[39m+     51[0m:[39m[48;2;24;38;30m [38;2;192;197;206m    [38;2;180;142;173mlet[38;2;192;197;206m [38;2;180;142;173mmut[38;2;192;197;206m buf [38;2;192;197;206m=[38;2;192;197;206m [38;2;192;197;206m[[38;2;208;135;112m0[38;2;180;142;173mu8[38;2;192;197;206m;[38;2;192;197;206m [38;2;208;135;112m10[38;2;192;197;206m][38;2;192;197;206m;[K
[0m[48;2;40;67;43m[39m+     52[0m:[39m[48;2;24;38;30m [38;2;192;197;206m    [38;2;180;142;173mlet[38;2;192;197;206m [38;2;192;197;206m([38;2;192;197;206mr[38;2;192;197;206m,[38;2;192;197;206m s[38;2;192;197;206m)[38;2;192;197;206m [38;2;192;197;206m=[38;2;192;197;206m [38;2;150;181;180mcall[38;2;192;197;206m([38;2;192;197;206m"[38;2;163;190;140mtest[38;2;192;197;206m"[38;2;192;197;206m,[38;2;192;197;206m [38;2;192;197;206m"[38;2;163;190;140m*[38;2;192;197;206m"[38;2;192;197;206m,[38;2;192;197;206m [38;2;208;135;112m11[38;2;192;197;206m,[38;2;192;197;206m [38;2;192;197;206m&[38;2;180;142;173mmut[38;2;192;197;206m buf[38;2;192;197;206m)[38;2;192;197;206m;[K
[0m[48;2;40;67;43m[39m+     53[0m:[39m[48;2;24;38;30m [38;2;192;197;206m    [38;2;192;197;206massert_eq![38;2;192;197;206m([38;2;192;197;206mr[38;2;192;197;206m,[38;2;192;197;206m [38;2;208;135;112m9[38;2;192;197;206m)[38;2;192;197;206m;[K
[0m[48;2;40;67;43m[39m+     54[0m:[39m[48;2;24;38;30m [38;2;192;197;206m    [38;2;192;197;206massert_eq![38;2;192;197;206m([38;2;192;197;206ms[38;2;192;197;206m,[38;2;192;197;206m [38;2;192;197;206m"[38;2;163;190;140m*******te[38;2;192;197;206m"[38;2;192;197;206m)[38;2;192;197;206m;[K
[0m[48;2;40;67;43m[39m+     55[0m:[39m[48;2;24;38;30m [38;2;192;197;206m}[K
[0m[48;2;40;67;43m[39m+     56[0m:[39m[48;2;24;38;30m [K
[0m[48;2;40;67;43m[39m+     57[0m:[39m[48;2;24;38;30m [38;2;192;197;206m#[38;2;192;197;206m[[38;2;191;97;106mtest[38;2;192;197;206m][K
[0m[48;2;40;67;43m[39m+     58[0m:[39m[48;2;24;38;30m [38;2;180;142;173mfn[38;2;192;197;206m [38;2;143;161;179mtest_dest_sz_zero_with_padding[38;2;192;197;206m([38;2;192;197;206m)[38;2;192;197;206m [38;2;192;197;206m{[K
[0m[48;2;40;67;43m[39m+     59[0m:[39m[48;2;24;38;30m [38;2;192;197;206m    [38;2;180;142;173mlet[38;2;192;197;206m [38;2;180;142;173mmut[38;2;192;197;206m buf [38;2;192;197;206m=[38;2;192;197;206m [38;2;192;197;206m[[38;2;208;135;112m0[38;2;180;142;173mu8[38;2;192;197;206m;[38;2;192;197;206m [38;2;208;135;112m0[38;2;192;197;206m][38;2;192;197;206m;[K
[0m[48;2;40;67;43m[39m+     60[0m:[39m[48;2;24;38;30m [38;2;192;197;206m    [38;2;180;142;173mlet[38;2;192;197;206m r [38;2;192;197;206m=[38;2;192;197;206m [38;2;150;181;180mleftpad[38;2;192;197;206m([38;2;192;197;206m"[38;2;163;190;140mtest[38;2;192;197;206m"[38;2;192;197;206m,[38;2;192;197;206m [38;2;192;197;206m"[38;2;163;190;140m [38;2;192;197;206m"[38;2;192;197;206m,[38;2;192;197;206m [38;2;208;135;112m6[38;2;192;197;206m,[38;2;192;197;206m [38;2;192;197;206m&[38;2;180;142;173mmut[38;2;192;197;206m buf[38;2;192;197;206m)[38;2;192;197;206m;[K
[0m[48;2;40;67;43m[39m+     61[0m:[39m[48;2;24;38;30m [38;2;192;197;206m    [38;2;192;197;206massert_eq![38;2;192;197;206m([38;2;192;197;206mr[38;2;192;197;206m,[38;2;192;197;206m [38;2;208;135;112m6[38;2;192;197;206m)[38;2;192;197;206m;[K
[0m[48;2;40;67;43m[39m+     62[0m:[39m[48;2;24;38;30m [38;2;192;197;206m}[K
[0m[48;2;40;67;43m[39m+     63[0m:[39m[48;2;24;38;30m [K
[0m[48;2;40;67;43m[39m+     64[0m:[39m[48;2;24;38;30m [38;2;192;197;206m#[38;2;192;197;206m[[38;2;191;97;106mtest[38;2;192;197;206m][K
[0m[48;2;40;67;43m[39m+     65[0m:[39m[48;2;24;38;30m [38;2;180;142;173mfn[38;2;192;197;206m [38;2;143;161;179mtest_dest_sz_zero_no_padding[38;2;192;197;206m([38;2;192;197;206m)[38;2;192;197;206m [38;2;192;197;206m{[K
[0m[48;2;40;67;43m[39m+     66[0m:[39m[48;2;24;38;30m [38;2;192;197;206m    [38;2;180;142;173mlet[38;2;192;197;206m [38;2;180;142;173mmut[38;2;192;197;206m buf [38;2;192;197;206m=[38;2;192;197;206m [38;2;192;197;206m[[38;2;208;135;112m0[38;2;180;142;173mu8[38;2;192;197;206m;[38;2;192;197;206m [38;2;208;135;112m0[38;2;192;197;206m][38;2;192;197;206m;[K
[0m[48;2;40;67;43m[39m+     67[0m:[39m[48;2;24;38;30m [38;2;192;197;206m    [38;2;180;142;173mlet[38;2;192;197;206m r [38;2;192;197;206m=[38;2;192;197;206m [38;2;150;181;180mleftpad[38;2;192;197;206m([38;2;192;197;206m"[38;2;163;190;140mtest[38;2;192;197;206m"[38;2;192;197;206m,[38;2;192;197;206m [38;2;192;197;206m"[38;2;163;190;140m [38;2;192;197;206m"[38;2;192;197;206m,[38;2;192;197;206m [38;2;208;135;112m2[38;2;192;197;206m,[38;2;192;197;206m [38;2;192;197;206m&[38;2;180;142;173mmut[38;2;192;197;206m buf[38;2;192;197;206m)[38;2;192;197;206m;[K
[0m[48;2;40;67;43m[39m+     68[0m:[39m[48;2;24;38;30m [38;2;192;197;206m    [38;2;192;197;206massert_eq![38;2;192;197;206m([38;2;192;197;206mr[38;2;192;197;206m,[38;2;192;197;206m [38;2;208;135;112m4[38;2;192;197;206m)[38;2;192;197;206m;[K
[0m[48;2;40;67;43m[39m+     69[0m:[39m[48;2;24;38;30m [38;2;192;197;206m}[K
[0m[48;2;40;67;43m[39m+     70[0m:[39m[48;2;24;38;30m [K
[0m[48;2;40;67;43m[39m+     71[0m:[39m[48;2;24;38;30m [38;2;192;197;206m#[38;2;192;197;206m[[38;2;191;97;106mtest[38;2;192;197;206m][K
[0m[48;2;40;67;43m[39m+     72[0m:[39m[48;2;24;38;30m [38;2;180;142;173mfn[38;2;192;197;206m [38;2;143;161;179mtest_empty_str_with_padding[38;2;192;197;206m([38;2;192;197;206m)[38;2;192;197;206m [38;2;192;197;206m{[K
[0m[48;2;40;67;43m[39m+     73[0m:[39m[48;2;24;38;30m [38;2;192;197;206m    [38;2;180;142;173mlet[38;2;192;197;206m [38;2;180;142;173mmut[38;2;192;197;206m buf [38;2;192;197;206m=[38;2;192;197;206m [38;2;192;197;206m[[38;2;208;135;112m0[38;2;180;142;173mu8[38;2;192;197;206m;[38;2;192;197;206m [38;2;208;135;112m64[38;2;192;197;206m][38;2;192;197;206m;[K
[0m[48;2;40;67;43m[39m+     74[0m:[39m[48;2;24;38;30m [38;2;192;197;206m    [38;2;180;142;173mlet[38;2;192;197;206m [38;2;192;197;206m([38;2;192;197;206mr[38;2;192;197;206m,[38;2;192;197;206m s[38;2;192;197;206m)[38;2;192;197;206m [38;2;192;197;206m=[38;2;192;197;206m [38;2;150;181;180mcall[38;2;192;197;206m([38;2;192;197;206m"[38;2;192;197;206m"[38;2;192;197;206m,[38;2;192;197;206m [38;2;192;197;206m"[38;2;163;190;140m*[38;2;192;197;206m"[38;2;192;197;206m,[38;2;192;197;206m [38;2;208;135;112m5[38;2;192;197;206m,[38;2;192;197;206m [38;2;192;197;206m&[38;2;180;142;173mmut[38;2;192;197;206m buf[38;2;192;197;206m)[38;2;192;197;206m;[K
[0m[48;2;40;67;43m[39m+     75[0m:[39m[48;2;24;38;30m [38;2;192;197;206m    [38;2;192;197;206massert_eq![38;2;192;197;206m([38;2;192;197;206mr[38;2;192;197;206m,[38;2;192;197;206m [38;2;208;135;112m5[38;2;192;197;206m)[38;2;192;197;206m;[K
[0m[48;2;40;67;43m[39m+     76[0m:[39m[48;2;24;38;30m [38;2;192;197;206m    [38;2;192;197;206massert_eq![38;2;192;197;206m([38;2;192;197;206ms[38;2;192;197;206m,[38;2;192;197;206m [38;2;192;197;206m"[38;2;163;190;140m*****[38;2;192;197;206m"[38;2;192;197;206m)[38;2;192;197;206m;[K
[0m[48;2;40;67;43m[39m+     77[0m:[39m[48;2;24;38;30m [38;2;192;197;206m}[K
[0m[48;2;40;67;43m[39m+     78[0m:[39m[48;2;24;38;30m [K
[0m[48;2;40;67;43m[39m+     79[0m:[39m[48;2;24;38;30m [38;2;192;197;206m#[38;2;192;197;206m[[38;2;191;97;106mtest[38;2;192;197;206m][K
[0m[48;2;40;67;43m[39m+     80[0m:[39m[48;2;24;38;30m [38;2;180;142;173mfn[38;2;192;197;206m [38;2;143;161;179mtest_min_len_zero[38;2;192;197;206m([38;2;192;197;206m)[38;2;192;197;206m [38;2;192;197;206m{[K
[0m[48;2;40;67;43m[39m+     81[0m:[39m[48;2;24;38;30m [38;2;192;197;206m    [38;2;180;142;173mlet[38;2;192;197;206m [38;2;180;142;173mmut[38;2;192;197;206m buf [38;2;192;197;206m=[38;2;192;197;206m [38;2;192;197;206m[[38;2;208;135;112m0[38;2;180;142;173mu8[38;2;192;197;206m;[38;2;192;197;206m [38;2;208;135;112m64[38;2;192;197;206m][38;2;192;197;206m;[K
[0m[48;2;40;67;43m[39m+     82[0m:[39m[48;2;24;38;30m [38;2;192;197;206m    [38;2;180;142;173mlet[38;2;192;197;206m [38;2;192;197;206m([38;2;192;197;206mr[38;2;192;197;206m,[38;2;192;197;206m s[38;2;192;197;206m)[38;2;192;197;206m [38;2;192;197;206m=[38;2;192;197;206m [38;2;150;181;180mcall[38;2;192;197;206m([38;2;192;197;206m"[38;2;163;190;140mtest[38;2;192;197;206m"[38;2;192;197;206m,[38;2;192;197;206m [38;2;192;197;206m"[38;2;163;190;140m*[38;2;192;197;206m"[38;2;192;197;206m,[38;2;192;197;206m [38;2;208;135;112m0[38;2;192;197;206m,[38;2;192;197;206m [38;2;192;197;206m&[38;2;180;142;173mmut[38;2;192;197;206m buf[38;2;192;197;206m)[38;2;192;197;206m;[K
[0m[48;2;40;67;43m[39m+     83[0m:[39m[48;2;24;38;30m [38;2;192;197;206m    [38;2;192;197;206massert_eq![38;2;192;197;206m([38;2;192;197;206mr[38;2;192;197;206m,[38;2;192;197;206m [38;2;208;135;112m4[38;2;192;197;206m)[38;2;192;197;206m;[K
[0m[48;2;40;67;43m[39m+     84[0m:[39m[48;2;24;38;30m [38;2;192;197;206m    [38;2;192;197;206massert_eq![38;2;192;197;206m([38;2;192;197;206ms[38;2;192;197;206m,[38;2;192;197;206m [38;2;192;197;206m"[38;2;163;190;140mtest[38;2;192;197;206m"[38;2;192;197;206m)[38;2;192;197;206m;[K
[0m[48;2;40;67;43m[39m+     85[0m:[39m[48;2;24;38;30m [38;2;192;197;206m}[K
[0m[48;2;40;67;43m[39m+     86[0m:[39m[48;2;24;38;30m [K
[0m[48;2;40;67;43m[39m+     87[0m:[39m[48;2;24;38;30m [38;2;192;197;206m#[38;2;192;197;206m[[38;2;191;97;106mtest[38;2;192;197;206m][K
[0m[48;2;40;67;43m[39m+     88[0m:[39m[48;2;24;38;30m [38;2;180;142;173mfn[38;2;192;197;206m [38;2;143;161;179mtest_dest_sz_one[38;2;192;197;206m([38;2;192;197;206m)[38;2;192;197;206m [38;2;192;197;206m{[K
[0m[48;2;40;67;43m[39m+     89[0m:[39m[48;2;24;38;30m [38;2;192;197;206m    [38;2;180;142;173mlet[38;2;192;197;206m [38;2;180;142;173mmut[38;2;192;197;206m buf [38;2;192;197;206m=[38;2;192;197;206m [38;2;192;197;206m[[38;2;208;135;112m0[38;2;180;142;173mu8[38;2;192;197;206m;[38;2;192;197;206m [38;2;208;135;112m1[38;2;192;197;206m][38;2;192;197;206m;[K
[0m[48;2;40;67;43m[39m+     90[0m:[39m[48;2;24;38;30m [38;2;192;197;206m    [38;2;180;142;173mlet[38;2;192;197;206m [38;2;192;197;206m([38;2;192;197;206mr[38;2;192;197;206m,[38;2;192;197;206m s[38;2;192;197;206m)[38;2;192;197;206m [38;2;192;197;206m=[38;2;192;197;206m [38;2;150;181;180mcall[38;2;192;197;206m([38;2;192;197;206m"[38;2;163;190;140mtest[38;2;192;197;206m"[38;2;192;197;206m,[38;2;192;197;206m [38;2;192;197;206m"[38;2;163;190;140m*[38;2;192;197;206m"[38;2;192;197;206m,[38;2;192;197;206m [38;2;208;135;112m9[38;2;192;197;206m,[38;2;192;197;206m [38;2;192;197;206m&[38;2;180;142;173mmut[38;2;192;197;206m buf[38;2;192;197;206m)[38;2;192;197;206m;[K
[0m[48;2;40;67;43m[39m+     91[0m:[39m[48;2;24;38;30m [38;2;192;197;206m    [38;2;192;197;206massert_eq![38;2;192;197;206m([38;2;192;197;206mr[38;2;192;197;206m,[38;2;192;197;206m [38;2;208;135;112m0[38;2;192;197;206m)[38;2;192;197;206m;[K
[0m[48;2;40;67;43m[39m+     92[0m:[39m[48;2;24;38;30m [38;2;192;197;206m    [38;2;192;197;206massert_eq![38;2;192;197;206m([38;2;192;197;206ms[38;2;192;197;206m,[38;2;192;197;206m [38;2;192;197;206m"[38;2;192;197;206m"[38;2;192;197;206m)[38;2;192;197;206m;[K
[0m[48;2;40;67;43m[39m+     93[0m:[39m[48;2;24;38;30m [38;2;192;197;206m}[K
[0m[48;2;40;67;43m[39m+     94[0m:[39m[48;2;24;38;30m [K
[0m[48;2;40;67;43m[39m+     95[0m:[39m[48;2;24;38;30m [38;2;192;197;206m#[38;2;192;197;206m[[38;2;191;97;106mtest[38;2;192;197;206m][K
[0m[48;2;40;67;43m[39m+     96[0m:[39m[48;2;24;38;30m [38;2;180;142;173mfn[38;2;192;197;206m [38;2;143;161;179mtest_dest_sz_two[38;2;192;197;206m([38;2;192;197;206m)[38;2;192;197;206m [38;2;192;197;206m{[K
[0m[48;2;40;67;43m[39m+     97[0m:[39m[48;2;24;38;30m [38;2;192;197;206m    [38;2;180;142;173mlet[38;2;192;197;206m [38;2;180;142;173mmut[38;2;192;197;206m buf [38;2;192;197;206m=[38;2;192;197;206m [38;2;192;197;206m[[38;2;208;135;112m0[38;2;180;142;173mu8[38;2;192;197;206m;[38;2;192;197;206m [38;2;208;135;112m2[38;2;192;197;206m][38;2;192;197;206m;[K
[0m[48;2;40;67;43m[39m+     98[0m:[39m[48;2;24;38;30m [38;2;192;197;206m    [38;2;180;142;173mlet[38;2;192;197;206m [38;2;192;197;206m([38;2;192;197;206mr[38;2;192;197;206m,[38;2;192;197;206m s[38;2;192;197;206m)[38;2;192;197;206m [38;2;192;197;206m=[38;2;192;197;206m [38;2;150;181;180mcall[38;2;192;197;206m([38;2;192;197;206m"[38;2;163;190;140mtest[38;2;192;197;206m"[38;2;192;197;206m,[38;2;192;197;206m [38;2;192;197;206m"[38;2;163;190;140m*[38;2;192;197;206m"[38;2;192;197;206m,[38;2;192;197;206m [38;2;208;135;112m9[38;2;192;197;206m,[38;2;192;197;206m [38;2;192;197;206m&[38;2;180;142;173mmut[38;2;192;197;206m buf[38;2;192;197;206m)[38;2;192;197;206m;[K
[0m[48;2;40;67;43m[39m+     99[0m:[39m[48;2;24;38;30m [38;2;192;197;206m    [38;2;192;197;206massert_eq![38;2;192;197;206m([38;2;192;197;206mr[38;2;192;197;206m,[38;2;192;197;206m [38;2;208;135;112m1[38;2;192;197;206m)[38;2;192;197;206m;[K
[0m[48;2;40;67;43m[39m+    100[0m:[39m[48;2;24;38;30m [38;2;192;197;206m    [38;2;192;197;206massert_eq![38;2;192;197;206m([38;2;192;197;206ms[38;2;192;197;206m,[38;2;192;197;206m [38;2;192;197;206m"[38;2;163;190;140m*[38;2;192;197;206m"[38;2;192;197;206m)[38;2;192;197;206m;[K
[0m[48;2;40;67;43m[39m+    101[0m:[39m[48;2;24;38;30m [38;2;192;197;206m}[K
[0m[48;2;40;67;43m[39m+    102[0m:[39m[48;2;24;38;30m [K
[0m[48;2;40;67;43m[39m+    103[0m:[39m[48;2;24;38;30m [38;2;192;197;206m#[38;2;192;197;206m[[38;2;191;97;106mtest[38;2;192;197;206m][K
[0m[48;2;40;67;43m[39m+    104[0m:[39m[48;2;24;38;30m [38;2;180;142;173mfn[38;2;192;197;206m [38;2;143;161;179mtest_three_char_padding_pattern[38;2;192;197;206m([38;2;192;197;206m)[38;2;192;197;206m [38;2;192;197;206m{[K
[0m[48;2;40;67;43m[39m+    105[0m:[39m[48;2;24;38;30m [38;2;192;197;206m    [38;2;180;142;173mlet[38;2;192;197;206m [38;2;180;142;173mmut[38;2;192;197;206m buf [38;2;192;197;206m=[38;2;192;197;206m [38;2;192;197;206m[[38;2;208;135;112m0[38;2;180;142;173mu8[38;2;192;197;206m;[38;2;192;197;206m [38;2;208;135;112m64[38;2;192;197;206m][38;2;192;197;206m;[K
[0m[48;2;40;67;43m[39m+    106[0m:[39m[48;2;24;38;30m [38;2;192;197;206m    [38;2;180;142;173mlet[38;2;192;197;206m [38;2;192;197;206m([38;2;192;197;206mr[38;2;192;197;206m,[38;2;192;197;206m s[38;2;192;197;206m)[38;2;192;197;206m [38;2;192;197;206m=[38;2;192;197;206m [38;2;150;181;180mcall[38;2;192;197;206m([38;2;192;197;206m"[38;2;163;190;140mhi[38;2;192;197;206m"[38;2;192;197;206m,[38;2;192;197;206m [38;2;192;197;206m"[38;2;163;190;140mabc[38;2;192;197;206m"[38;2;192;197;206m,[38;2;192;197;206m [38;2;208;135;112m8[38;2;192;197;206m,[38;2;192;197;206m [38;2;192;197;206m&[38;2;180;142;173mmut[38;2;192;197;206m buf[38;2;192;197;206m)[38;2;192;197;206m;[K
[0m[48;2;40;67;43m[39m+    107[0m:[39m[48;2;24;38;30m [38;2;192;197;206m    [38;2;192;197;206massert_eq![38;2;192;197;206m([38;2;192;197;206mr[38;2;192;197;206m,[38;2;192;197;206m [38;2;208;135;112m8[38;2;192;197;206m)[38;2;192;197;206m;[K
[0m[48;2;40;67;43m[39m+    108[0m:[39m[48;2;24;38;30m [38;2;192;197;206m    [38;2;192;197;206massert_eq![38;2;192;197;206m([38;2;192;197;206ms[38;2;192;197;206m,[38;2;192;197;206m [38;2;192;197;206m"[38;2;163;190;140mabcabchi[38;2;192;197;206m"[38;2;192;197;206m)[38;2;192;197;206m;[K
[0m[48;2;40;67;43m[39m+    109[0m:[39m[48;2;24;38;30m [38;2;192;197;206m}[K
[0m[48;2;40;67;43m[39m+    110[0m:[39m[48;2;24;38;30m [K
[0m[48;2;40;67;43m[39m+    111[0m:[39m[48;2;24;38;30m [38;2;192;197;206m#[38;2;192;197;206m[[38;2;191;97;106mtest[38;2;192;197;206m][K
[0m[48;2;40;67;43m[39m+    112[0m:[39m[48;2;24;38;30m [38;2;180;142;173mfn[38;2;192;197;206m [38;2;143;161;179mtest_exact_fit[38;2;192;197;206m([38;2;192;197;206m)[38;2;192;197;206m [38;2;192;197;206m{[K
[0m[48;2;40;67;43m[39m+    113[0m:[39m[48;2;24;38;30m [38;2;192;197;206m    [38;2;180;142;173mlet[38;2;192;197;206m [38;2;180;142;173mmut[38;2;192;197;206m buf [38;2;192;197;206m=[38;2;192;197;206m [38;2;192;197;206m[[38;2;208;135;112m0[38;2;180;142;173mu8[38;2;192;197;206m;[38;2;192;197;206m [38;2;208;135;112m9[38;2;192;197;206m][38;2;192;197;206m;[K
[0m[48;2;40;67;43m[39m+    114[0m:[39m[48;2;24;38;30m [38;2;192;197;206m    [38;2;180;142;173mlet[38;2;192;197;206m [38;2;192;197;206m([38;2;192;197;206mr[38;2;192;197;206m,[38;2;192;197;206m s[38;2;192;197;206m)[38;2;192;197;206m [38;2;192;197;206m=[38;2;192;197;206m [38;2;150;181;180mcall[38;2;192;197;206m([38;2;192;197;206m"[38;2;163;190;140mtest[38;2;192;197;206m"[38;2;192;197;206m,[38;2;192;197;206m [38;2;192;197;206m"[38;2;163;190;140m*[38;2;192;197;206m"[38;2;192;197;206m,[38;2;192;197;206m [38;2;208;135;112m8[38;2;192;197;206m,[38;2;192;197;206m [38;2;192;197;206m&[38;2;180;142;173mmut[38;2;192;197;206m buf[38;2;192;197;206m)[38;2;192;197;206m;[K
[0m[48;2;40;67;43m[39m+    115[0m:[39m[48;2;24;38;30m [38;2;192;197;206m    [38;2;192;197;206massert_eq![38;2;192;197;206m([38;2;192;197;206mr[38;2;192;197;206m,[38;2;192;197;206m [38;2;208;135;112m8[38;2;192;197;206m)[38;2;192;197;206m;[K
[0m[48;2;40;67;43m[39m+    116[0m:[39m[48;2;24;38;30m [38;2;192;197;206m    [38;2;192;197;206massert_eq![38;2;192;197;206m([38;2;192;197;206ms[38;2;192;197;206m,[38;2;192;197;206m [38;2;192;197;206m"[38;2;163;190;140m****test[38;2;192;197;206m"[38;2;192;197;206m)[38;2;192;197;206m;[K
[0m[48;2;40;67;43m[39m+    117[0m:[39m[48;2;24;38;30m [38;2;192;197;206m}[K
[0m[48;2;40;67;43m[39m+    118[0m:[39m[48;2;24;38;30m [K
[0m[48;2;40;67;43m[39m+    119[0m:[39m[48;2;24;38;30m [38;2;192;197;206m#[38;2;192;197;206m[[38;2;191;97;106mtest[38;2;192;197;206m][K
[0m[48;2;40;67;43m[39m+    120[0m:[39m[48;2;24;38;30m [38;2;180;142;173mfn[38;2;192;197;206m [38;2;143;161;179mtest_empty_padding_spaces[38;2;192;197;206m([38;2;192;197;206m)[38;2;192;197;206m [38;2;192;197;206m{[K
[0m[48;2;40;67;43m[39m+    121[0m:[39m[48;2;24;38;30m [38;2;192;197;206m    [38;2;180;142;173mlet[38;2;192;197;206m [38;2;180;142;173mmut[38;2;192;197;206m buf [38;2;192;197;206m=[38;2;192;197;206m [38;2;192;197;206m[[38;2;208;135;112m0[38;2;180;142;173mu8[38;2;192;197;206m;[38;2;192;197;206m [38;2;208;135;112m64[38;2;192;197;206m][38;2;192;197;206m;[K
[0m[48;2;40;67;43m[39m+    122[0m:[39m[48;2;24;38;30m [38;2;192;197;206m    [38;2;180;142;173mlet[38;2;192;197;206m [38;2;192;197;206m([38;2;192;197;206mr[38;2;192;197;206m,[38;2;192;197;206m s[38;2;192;197;206m)[38;2;192;197;206m [38;2;192;197;206m=[38;2;192;197;206m [38;2;150;181;180mcall[38;2;192;197;206m([38;2;192;197;206m"[38;2;163;190;140mtest[38;2;192;197;206m"[38;2;192;197;206m,[38;2;192;197;206m [38;2;192;197;206m"[38;2;192;197;206m"[38;2;192;197;206m,[38;2;192;197;206m [38;2;208;135;112m8[38;2;192;197;206m,[38;2;192;197;206m [38;2;192;197;206m&[38;2;180;142;173mmut[38;2;192;197;206m buf[38;2;192;197;206m)[38;2;192;197;206m;[K
[0m[48;2;40;67;43m[39m+    123[0m:[39m[48;2;24;38;30m [38;2;192;197;206m    [38;2;192;197;206massert_eq![38;2;192;197;206m([38;2;192;197;206mr[38;2;192;197;206m,[38;2;192;197;206m [38;2;208;135;112m8[38;2;192;197;206m)[38;2;192;197;206m;[K
[0m[48;2;40;67;43m[39m+    124[0m:[39m[48;2;24;38;30m [38;2;192;197;206m    [38;2;192;197;206massert_eq![38;2;192;197;206m([38;2;192;197;206ms[38;2;192;197;206m,[38;2;192;197;206m [38;2;192;197;206m"[38;2;163;190;140m    test[38;2;192;197;206m"[38;2;192;197;206m)[38;2;192;197;206m;[K
[0m[48;2;40;67;43m[39m+    125[0m:[39m[48;2;24;38;30m [38;2;192;197;206m}[K
[0m[48;2;40;67;43m[39m+    126[0m:[39m[48;2;24;38;30m [K
[0m[48;2;40;67;43m[39m+    127[0m:[39m[48;2;24;38;30m [38;2;180;142;173mfn[38;2;192;197;206m [38;2;143;161;179mmain[38;2;192;197;206m([38;2;192;197;206m)[38;2;192;197;206m [38;2;192;197;206m{[38;2;192;197;206m}[K
[0m[K
Creating: [38;5;141m/tmp/harvest-crust-verify-eob2LJ/project/src/bin/test_leftpad.rs[0m
[38;5;244m - Completed in 0.49s[0m
[38;5;12m[1m [1.9][0m[0m
[?25l[0m[?25l[0m[0m[38;5;11mTODO:
[39m[38;5;10m[x] [3m[38;5;244mCreate test files in src/bin/ for every module[23m
[0m[ ] Run cargo test and iterate until all tests pass[38;5;244m - Completed in 0.46s[0m
[38;5;12m[1m [1.10][0m[0m
[?25l[0m[?25l[0m[0mI will run the following command: [38;5;141mcd /tmp/harvest-crust-verify-eob2LJ/project && cargo test --bin test_leftpad 2>&1[0m[38;5;244m (using tool: shell)[0m
Purpose: Run cargo test to verify all tests pass

   Compiling leftpad v0.1.0 (/tmp/harvest-crust-verify-eob2LJ/project)
    Finished `test` profile [unoptimized + debuginfo] target(s) in 0.35s
     Running unittests src/bin/test_leftpad.rs (target/debug/deps/test_leftpad-c4bd3ace2c0fc3f4)

running 15 tests
test test_dest_sz_one ... ok
test test_dest_sz_two ... ok
test test_dest_sz_zero_no_padding ... ok
test test_dest_sz_zero_with_padding ... ok
test test_empty_padding_defaults_to_spaces ... ok
test test_empty_padding_spaces ... ok
test test_empty_str_with_padding ... ok
test test_exact_fit ... ok
test test_min_len_less_than_str_len ... ok
test test_min_len_zero ... ok
test test_multi_char_padding ... ok
test test_no_padding_needed ... ok
test test_padding_applied ... ok
test test_three_char_padding_pattern ... ok
test test_truncation ... ok

test result: ok. 15 passed; 0 failed; 0 ignored; 0 measured; 0 filtered out; finished in 0.00s

[38;5;244m - Completed in 0.445s[0m
[38;5;12m[1m [1.11][0m[0m
[?25l[0m[38;5;141m> [0mAll 15 tests pass.[0m[0m
[?25l[0m[0m[38;5;11mTODO:
[39m[38;5;10m[x] [3m[38;5;244mRead project structure, Cargo.toml, lib.rs, all C sources, and all Rust sources[23m
[38;5;10m[x] [3m[38;5;244mBuild and run C code to get ground truth outputs[23m
[38;5;10m[x] [3m[38;5;244mCreate test files in src/bin/ for every module[23m
[38;5;10m[x] [3m[38;5;244mRun cargo test and iterate until all tests pass[23m[38;5;244m - Completed in 0.47s[0m
[38;5;12m[1m [1.12][0m[0m
[?25l[0m[38;5;141m> [0mAll done. Here's a summary:[0m[0m
[0m[0m
[1mModule tested:[22m [38;5;10mleftpad[0m (the only module in [38;5;10msrc/lib.rs[0m)[0m[0m
[0m[0m
[1mTest file:[22m [38;5;10msrc/bin/test_leftpad.rs[0m — 15 tests, all passing[0m[0m
[0m[0m
[1mTest coverage:[22m[0m[0m
- No padding needed (str already meets min_len)[0m[0m
- Padding applied with single-char pad[0m[0m
- min_len less than str length (no-op)[0m[0m
- Multi-char padding pattern ([38;5;10m .[0m repeating)[0m[0m
- Empty padding defaults to spaces[0m[0m
- Truncation when output exceeds buffer size[0m[0m
- Zero-length dest buffer (returns computed length without writing)[0m[0m
- Empty input string with padding[0m[0m
- min_len = 0[0m[0m
- dest_sz = 1 (only null terminator fits)[0m[0m
- dest_sz = 2 (one char + null)[0m[0m
- Three-char padding pattern ([38;5;10mabc[0m)[0m[0m
- Exact fit (output fills buffer perfectly)[0m[0m
[0m[0m
The Rust translation correctly matches the C behavior for all testable cases. The C-specific NULL pointer cases (NULL str, NULL padding) aren't applicable since Rust uses [38;5;10m&str[0m references, but the equivalent Rust behavior (empty strings) is tested and correct.[0m[0m[38;5;12m[1m✓ Created checkpoint 1

[0m[0m
[38;5;8m
 ▸ Credits: 2.53 • Time: 1m 24s

[0m[1G[0m[0m[?25h