[32mAll tools are now trusted ([0m[31m![0m[32m). Kiro will execute tools without asking for confirmation.[0m
Agents can sometimes do unexpected things so understand the risks.

Learn more at [38;5;141mhttps://kiro.dev/docs/cli/chat/security/#using-tools-trust-all-safely[0m

[38;5;12m[1m📷 Checkpoints are enabled! (took 0.03s)

[0m
[38;5;252m[0m[?25l[38;5;141m> [0m[0m[0m
[0m[0m
Let me start by examining the C source code to understand what needs to be translated.[0m[0m
[?25l[0m[0mReading directory: [38;5;141m/local/home/scheschb/reserach/TRACTOR/harvest-agentic/results/B01_synthetic/004_nineality_sieve/translated_rust/c_src[0m[38;5;244m (using tool: read, max depth: 0, max entries: 1000, excluding: defaults)[0m
[38;5;10m ✓ [0mSuccessfully read directory [38;5;141m/local/home/scheschb/reserach/TRACTOR/harvest-agentic/results/B01_synthetic/004_nineality_sieve/translated_rust/c_src[0m [38;5;244m(2 entries)[0m
[38;5;244m - Completed in 0.3s[0m

[?25l[0m[?25l[0m[0mBatch fs_read operation with [38;5;141m2[0m operations[38;5;244m (using tool: read)[0m

↱ Operation 1: Reading directory: [38;5;141m/local/home/scheschb/reserach/TRACTOR/harvest-agentic/results/B01_synthetic/004_nineality_sieve/translated_rust/c_src/src[0m
↱ Operation 2: Reading file: [38;5;141m/local/home/scheschb/reserach/TRACTOR/harvest-agentic/results/B01_synthetic/004_nineality_sieve/translated_rust/c_src/CMakeLists.txt[0m, all lines
[38;5;10m ✓ [0mSuccessfully read directory [38;5;141m/local/home/scheschb/reserach/TRACTOR/harvest-agentic/results/B01_synthetic/004_nineality_sieve/translated_rust/c_src/src[0m [38;5;244m(1 entries)[0m

[38;5;10m ✓ [0mSuccessfully read [38;5;244m1207 bytes[0m from /local/home/scheschb/reserach/TRACTOR/harvest-agentic/results/B01_synthetic/004_nineality_sieve/translated_rust/c_src/CMakeLists.txt

 ⋮ 

[38;5;244m- [0mSummary: 2 operations processed, 2 successful, 0 failed
[38;5;244m - Completed in 0.4s[0m

[?25l[0m[?25l[0m[0mReading file: [38;5;141m/local/home/scheschb/reserach/TRACTOR/harvest-agentic/results/B01_synthetic/004_nineality_sieve/translated_rust/c_src/src/main.c[0m, all lines[38;5;244m (using tool: read)[0m
[38;5;10m ✓ [0mSuccessfully read [38;5;244m1778 bytes[0m from /local/home/scheschb/reserach/TRACTOR/harvest-agentic/results/B01_synthetic/004_nineality_sieve/translated_rust/c_src/src/main.c
[38;5;244m - Completed in 0.3s[0m

[?25l[0m[38;5;141m> [0mNow I understand the program. Let me create the Rust translation.[0m[0m
[?25l[0m[0m[38;5;11mTODO:
[39m[0m[ ] Create Cargo.toml
[0m[ ] Create src/main.rs
[0m[ ] Build and fix any errors[38;5;244m - Completed in 0.3s[0m

[?25l[0m[?25l[0m[0mI'll create the following file: [38;5;141m/local/home/scheschb/reserach/TRACTOR/harvest-agentic/results/B01_synthetic/004_nineality_sieve/translated_rust/Cargo.toml[0m[38;5;244m (using tool: write)[0m

[49m[38;5;10m+    1[0m:[38;5;10m[49m [package]
[0m[49m[38;5;10m+    2[0m:[38;5;10m[49m name = "nineality"
[0m[49m[38;5;10m+    3[0m:[38;5;10m[49m version = "0.1.0"
[0m[49m[38;5;10m+    4[0m:[38;5;10m[49m edition = "2021"
[0m[K
Creating: [38;5;141m/local/home/scheschb/reserach/TRACTOR/harvest-agentic/results/B01_synthetic/004_nineality_sieve/translated_rust/Cargo.toml[0m
[38;5;244m - Completed in 0.34s[0m
[38;5;12m[1m [1.1][0m[0m
[?25l[0m[?25l[0m[0m[38;5;11mTODO:
[39m[38;5;10m[x] [3m[38;5;244mCreate Cargo.toml[23m
[0m[ ] Create src/main.rs[38;5;244m - Completed in 0.4s[0m

[?25l[0m[38;5;141m> [0mNow the main translation. Key behaviors to match:[0m[0m
- [38;5;10margc != 2[0m check → exactly one argument required[0m[0m
- [38;5;10mstrtol[0m with [38;5;10mend == argv[1][0m check → parse fails if no leading digits (but [38;5;10mstrtol[0m accepts leading whitespace and stops at first non-digit, so "123abc" parses as 123)[0m[0m
- [38;5;10m%d[0m format for [38;5;10mint[0m (i32 in C on this platform)[0m[0m
- Loop printing [38;5;10mval[0m, breaking when [38;5;10mval % 10 == 9[0m, incrementing otherwise[0m[0m
- C's [38;5;10m%[0m with negative numbers: e.g. [38;5;10m-11 % 10 == -1[0m in C, same as Rust's [38;5;10m%[0m[0m[0m
[?25l[0m[0mI'll create the following file: [38;5;141m/local/home/scheschb/reserach/TRACTOR/harvest-agentic/results/B01_synthetic/004_nineality_sieve/translated_rust/src/main.rs[0m[38;5;244m (using tool: write)[0m

[48;2;40;67;43m[39m+     1[0m:[39m[48;2;24;38;30m [38;2;180;142;173muse[38;2;192;197;206m [38;2;192;197;206mstd[38;2;192;197;206m::[38;2;192;197;206menv[38;2;192;197;206m;[K
[0m[48;2;40;67;43m[39m+     2[0m:[39m[48;2;24;38;30m [38;2;180;142;173muse[38;2;192;197;206m [38;2;192;197;206mstd[38;2;192;197;206m::[38;2;192;197;206mprocess[38;2;192;197;206m;[K
[0m[48;2;40;67;43m[39m+     3[0m:[39m[48;2;24;38;30m [K
[0m[48;2;40;67;43m[39m+     4[0m:[39m[48;2;24;38;30m [38;2;101;115;126m///[38;2;101;115;126m Mimic C strtol: skip leading whitespace, optional sign, then digits.[K
[0m[48;2;40;67;43m[39m+     5[0m:[39m[48;2;24;38;30m [38;2;101;115;126m///[38;2;101;115;126m Returns Some(value) if at least one digit was consumed, None otherwise.[K
[0m[48;2;40;67;43m[39m+     6[0m:[39m[48;2;24;38;30m [38;2;180;142;173mfn[38;2;192;197;206m [38;2;143;161;179mstrtol_parse[38;2;192;197;206m([38;2;191;97;106ms[38;2;192;197;206m:[38;2;192;197;206m [38;2;192;197;206m&[38;2;180;142;173mstr[38;2;192;197;206m)[38;2;192;197;206m [38;2;192;197;206m->[38;2;192;197;206m [38;2;192;197;206mOption[38;2;192;197;206m<[38;2;180;142;173mi32[38;2;192;197;206m>[38;2;192;197;206m [38;2;192;197;206m{[K
[0m[48;2;40;67;43m[39m+     7[0m:[39m[48;2;24;38;30m [38;2;192;197;206m    [38;2;180;142;173mlet[38;2;192;197;206m bytes [38;2;192;197;206m=[38;2;192;197;206m s.[38;2;150;181;180mas_bytes[38;2;192;197;206m([38;2;192;197;206m)[38;2;192;197;206m;[K
[0m[48;2;40;67;43m[39m+     8[0m:[39m[48;2;24;38;30m [38;2;192;197;206m    [38;2;180;142;173mlet[38;2;192;197;206m [38;2;180;142;173mmut[38;2;192;197;206m i [38;2;192;197;206m=[38;2;192;197;206m [38;2;208;135;112m0[38;2;192;197;206m;[K
[0m[48;2;40;67;43m[39m+     9[0m:[39m[48;2;24;38;30m [38;2;192;197;206m    [38;2;101;115;126m//[38;2;101;115;126m skip whitespace[K
[0m[48;2;40;67;43m[39m+    10[0m:[39m[48;2;24;38;30m [38;2;192;197;206m    [38;2;180;142;173mwhile[38;2;192;197;206m i [38;2;192;197;206m<[38;2;192;197;206m bytes.[38;2;150;181;180mlen[38;2;192;197;206m([38;2;192;197;206m)[38;2;192;197;206m [38;2;192;197;206m&[38;2;192;197;206m&[38;2;192;197;206m bytes[38;2;192;197;206m[[38;2;192;197;206mi[38;2;192;197;206m][38;2;192;197;206m.[38;2;150;181;180mis_ascii_whitespace[38;2;192;197;206m([38;2;192;197;206m)[38;2;192;197;206m [38;2;192;197;206m{[K
[0m[48;2;40;67;43m[39m+    11[0m:[39m[48;2;24;38;30m [38;2;192;197;206m        i [38;2;192;197;206m+[38;2;192;197;206m=[38;2;192;197;206m [38;2;208;135;112m1[38;2;192;197;206m;[K
[0m[48;2;40;67;43m[39m+    12[0m:[39m[48;2;24;38;30m [38;2;192;197;206m    [38;2;192;197;206m}[K
[0m[48;2;40;67;43m[39m+    13[0m:[39m[48;2;24;38;30m [38;2;192;197;206m    [38;2;180;142;173mif[38;2;192;197;206m i [38;2;192;197;206m>[38;2;192;197;206m=[38;2;192;197;206m bytes.[38;2;150;181;180mlen[38;2;192;197;206m([38;2;192;197;206m)[38;2;192;197;206m [38;2;192;197;206m{[K
[0m[48;2;40;67;43m[39m+    14[0m:[39m[48;2;24;38;30m [38;2;192;197;206m        [38;2;180;142;173mreturn[38;2;192;197;206m [38;2;192;197;206mNone[38;2;192;197;206m;[K
[0m[48;2;40;67;43m[39m+    15[0m:[39m[48;2;24;38;30m [38;2;192;197;206m    [38;2;192;197;206m}[K
[0m[48;2;40;67;43m[39m+    16[0m:[39m[48;2;24;38;30m [38;2;192;197;206m    [38;2;101;115;126m//[38;2;101;115;126m optional sign[K
[0m[48;2;40;67;43m[39m+    17[0m:[39m[48;2;24;38;30m [38;2;192;197;206m    [38;2;180;142;173mlet[38;2;192;197;206m neg [38;2;192;197;206m=[38;2;192;197;206m bytes[38;2;192;197;206m[[38;2;192;197;206mi[38;2;192;197;206m][38;2;192;197;206m [38;2;192;197;206m=[38;2;192;197;206m=[38;2;192;197;206m [38;2;180;142;173mb[38;2;192;197;206m'[38;2;163;190;140m-[38;2;192;197;206m'[38;2;192;197;206m;[K
[0m[48;2;40;67;43m[39m+    18[0m:[39m[48;2;24;38;30m [38;2;192;197;206m    [38;2;180;142;173mif[38;2;192;197;206m bytes[38;2;192;197;206m[[38;2;192;197;206mi[38;2;192;197;206m][38;2;192;197;206m [38;2;192;197;206m=[38;2;192;197;206m=[38;2;192;197;206m [38;2;180;142;173mb[38;2;192;197;206m'[38;2;163;190;140m+[38;2;192;197;206m'[38;2;192;197;206m [38;2;192;197;206m|[38;2;192;197;206m|[38;2;192;197;206m bytes[38;2;192;197;206m[[38;2;192;197;206mi[38;2;192;197;206m][38;2;192;197;206m [38;2;192;197;206m=[38;2;192;197;206m=[38;2;192;197;206m [38;2;180;142;173mb[38;2;192;197;206m'[38;2;163;190;140m-[38;2;192;197;206m'[38;2;192;197;206m [38;2;192;197;206m{[K
[0m[48;2;40;67;43m[39m+    19[0m:[39m[48;2;24;38;30m [38;2;192;197;206m        i [38;2;192;197;206m+[38;2;192;197;206m=[38;2;192;197;206m [38;2;208;135;112m1[38;2;192;197;206m;[K
[0m[48;2;40;67;43m[39m+    20[0m:[39m[48;2;24;38;30m [38;2;192;197;206m    [38;2;192;197;206m}[K
[0m[48;2;40;67;43m[39m+    21[0m:[39m[48;2;24;38;30m [38;2;192;197;206m    [38;2;101;115;126m//[38;2;101;115;126m need at least one digit[K
[0m[48;2;40;67;43m[39m+    22[0m:[39m[48;2;24;38;30m [38;2;192;197;206m    [38;2;180;142;173mif[38;2;192;197;206m i [38;2;192;197;206m>[38;2;192;197;206m=[38;2;192;197;206m bytes.[38;2;150;181;180mlen[38;2;192;197;206m([38;2;192;197;206m)[38;2;192;197;206m [38;2;192;197;206m|[38;2;192;197;206m|[38;2;192;197;206m [38;2;192;197;206m![38;2;192;197;206mbytes[38;2;192;197;206m[[38;2;192;197;206mi[38;2;192;197;206m][38;2;192;197;206m.[38;2;150;181;180mis_ascii_digit[38;2;192;197;206m([38;2;192;197;206m)[38;2;192;197;206m [38;2;192;197;206m{[K
[0m[48;2;40;67;43m[39m+    23[0m:[39m[48;2;24;38;30m [38;2;192;197;206m        [38;2;180;142;173mreturn[38;2;192;197;206m [38;2;192;197;206mNone[38;2;192;197;206m;[K
[0m[48;2;40;67;43m[39m+    24[0m:[39m[48;2;24;38;30m [38;2;192;197;206m    [38;2;192;197;206m}[K
[0m[48;2;40;67;43m[39m+    25[0m:[39m[48;2;24;38;30m [38;2;192;197;206m    [38;2;180;142;173mlet[38;2;192;197;206m [38;2;180;142;173mmut[38;2;192;197;206m val[38;2;192;197;206m:[38;2;192;197;206m [38;2;180;142;173mi64[38;2;192;197;206m [38;2;192;197;206m=[38;2;192;197;206m [38;2;208;135;112m0[38;2;192;197;206m;[K
[0m[48;2;40;67;43m[39m+    26[0m:[39m[48;2;24;38;30m [38;2;192;197;206m    [38;2;180;142;173mwhile[38;2;192;197;206m i [38;2;192;197;206m<[38;2;192;197;206m bytes.[38;2;150;181;180mlen[38;2;192;197;206m([38;2;192;197;206m)[38;2;192;197;206m [38;2;192;197;206m&[38;2;192;197;206m&[38;2;192;197;206m bytes[38;2;192;197;206m[[38;2;192;197;206mi[38;2;192;197;206m][38;2;192;197;206m.[38;2;150;181;180mis_ascii_digit[38;2;192;197;206m([38;2;192;197;206m)[38;2;192;197;206m [38;2;192;197;206m{[K
[0m[48;2;40;67;43m[39m+    27[0m:[39m[48;2;24;38;30m [38;2;192;197;206m        val [38;2;192;197;206m=[38;2;192;197;206m val.[38;2;150;181;180mwrapping_mul[38;2;192;197;206m([38;2;208;135;112m10[38;2;192;197;206m)[38;2;192;197;206m.[38;2;150;181;180mwrapping_add[38;2;192;197;206m([38;2;192;197;206m([38;2;192;197;206mbytes[38;2;192;197;206m[[38;2;192;197;206mi[38;2;192;197;206m][38;2;192;197;206m [38;2;192;197;206m-[38;2;192;197;206m [38;2;180;142;173mb[38;2;192;197;206m'[38;2;163;190;140m0[38;2;192;197;206m'[38;2;192;197;206m)[38;2;192;197;206m [38;2;192;197;206mas[38;2;192;197;206m [38;2;180;142;173mi64[38;2;192;197;206m)[38;2;192;197;206m;[K
[0m[48;2;40;67;43m[39m+    28[0m:[39m[48;2;24;38;30m [38;2;192;197;206m        i [38;2;192;197;206m+[38;2;192;197;206m=[38;2;192;197;206m [38;2;208;135;112m1[38;2;192;197;206m;[K
[0m[48;2;40;67;43m[39m+    29[0m:[39m[48;2;24;38;30m [38;2;192;197;206m    [38;2;192;197;206m}[K
[0m[48;2;40;67;43m[39m+    30[0m:[39m[48;2;24;38;30m [38;2;192;197;206m    [38;2;180;142;173mif[38;2;192;197;206m neg [38;2;192;197;206m{[K
[0m[48;2;40;67;43m[39m+    31[0m:[39m[48;2;24;38;30m [38;2;192;197;206m        val [38;2;192;197;206m=[38;2;192;197;206m val.[38;2;150;181;180mwrapping_neg[38;2;192;197;206m([38;2;192;197;206m)[38;2;192;197;206m;[K
[0m[48;2;40;67;43m[39m+    32[0m:[39m[48;2;24;38;30m [38;2;192;197;206m    [38;2;192;197;206m}[K
[0m[48;2;40;67;43m[39m+    33[0m:[39m[48;2;24;38;30m [38;2;192;197;206m    [38;2;192;197;206mSome[38;2;192;197;206m([38;2;192;197;206mval [38;2;192;197;206mas[38;2;192;197;206m [38;2;180;142;173mi32[38;2;192;197;206m)[K
[0m[48;2;40;67;43m[39m+    34[0m:[39m[48;2;24;38;30m [38;2;192;197;206m}[K
[0m[48;2;40;67;43m[39m+    35[0m:[39m[48;2;24;38;30m [K
[0m[48;2;40;67;43m[39m+    36[0m:[39m[48;2;24;38;30m [38;2;180;142;173mfn[38;2;192;197;206m [38;2;143;161;179mmain[38;2;192;197;206m([38;2;192;197;206m)[38;2;192;197;206m [38;2;192;197;206m{[K
[0m[48;2;40;67;43m[39m+    37[0m:[39m[48;2;24;38;30m [38;2;192;197;206m    [38;2;180;142;173mlet[38;2;192;197;206m args[38;2;192;197;206m:[38;2;192;197;206m [38;2;192;197;206mVec[38;2;192;197;206m<[38;2;192;197;206mString[38;2;192;197;206m>[38;2;192;197;206m [38;2;192;197;206m=[38;2;192;197;206m [38;2;192;197;206menv[38;2;192;197;206m::[38;2;192;197;206margs[38;2;192;197;206m([38;2;192;197;206m)[38;2;192;197;206m.[38;2;150;181;180mcollect[38;2;192;197;206m([38;2;192;197;206m)[38;2;192;197;206m;[K
[0m[48;2;40;67;43m[39m+    38[0m:[39m[48;2;24;38;30m [K
[0m[48;2;40;67;43m[39m+    39[0m:[39m[48;2;24;38;30m [38;2;192;197;206m    [38;2;180;142;173mif[38;2;192;197;206m args.[38;2;150;181;180mlen[38;2;192;197;206m([38;2;192;197;206m)[38;2;192;197;206m [38;2;192;197;206m![38;2;192;197;206m=[38;2;192;197;206m [38;2;208;135;112m2[38;2;192;197;206m [38;2;192;197;206m{[K
[0m[48;2;40;67;43m[39m+    40[0m:[39m[48;2;24;38;30m [38;2;192;197;206m        [38;2;192;197;206mprintln![38;2;192;197;206m([38;2;192;197;206m"[38;2;163;190;140mError: should only be a single (integer) argument![38;2;192;197;206m"[38;2;192;197;206m)[38;2;192;197;206m;[K
[0m[48;2;40;67;43m[39m+    41[0m:[39m[48;2;24;38;30m [38;2;192;197;206m        [38;2;192;197;206mprocess[38;2;192;197;206m::[38;2;192;197;206mexit[38;2;192;197;206m([38;2;208;135;112m1[38;2;192;197;206m)[38;2;192;197;206m;[K
[0m[48;2;40;67;43m[39m+    42[0m:[39m[48;2;24;38;30m [38;2;192;197;206m    [38;2;192;197;206m}[K
[0m[48;2;40;67;43m[39m+    43[0m:[39m[48;2;24;38;30m [K
[0m[48;2;40;67;43m[39m+    44[0m:[39m[48;2;24;38;30m [38;2;192;197;206m    [38;2;180;142;173mlet[38;2;192;197;206m val [38;2;192;197;206m=[38;2;192;197;206m [38;2;180;142;173mmatch[38;2;192;197;206m [38;2;150;181;180mstrtol_parse[38;2;192;197;206m([38;2;192;197;206m&[38;2;192;197;206margs[38;2;192;197;206m[[38;2;208;135;112m1[38;2;192;197;206m][38;2;192;197;206m)[38;2;192;197;206m [38;2;192;197;206m{[K
[0m[48;2;40;67;43m[39m+    45[0m:[39m[48;2;24;38;30m [38;2;192;197;206m        [38;2;192;197;206mSome[38;2;192;197;206m([38;2;192;197;206mv[38;2;192;197;206m)[38;2;192;197;206m [38;2;192;197;206m=>[38;2;192;197;206m v[38;2;192;197;206m,[K
[0m[48;2;40;67;43m[39m+    46[0m:[39m[48;2;24;38;30m [38;2;192;197;206m        [38;2;192;197;206mNone[38;2;192;197;206m [38;2;192;197;206m=>[38;2;192;197;206m [38;2;192;197;206m{[K
[0m[48;2;40;67;43m[39m+    47[0m:[39m[48;2;24;38;30m [38;2;192;197;206m            [38;2;192;197;206mprintln![38;2;192;197;206m([38;2;192;197;206m"[38;2;163;190;140mError: first argument must be an integer![38;2;192;197;206m"[38;2;192;197;206m)[38;2;192;197;206m;[K
[0m[48;2;40;67;43m[39m+    48[0m:[39m[48;2;24;38;30m [38;2;192;197;206m            [38;2;192;197;206mprocess[38;2;192;197;206m::[38;2;192;197;206mexit[38;2;192;197;206m([38;2;208;135;112m1[38;2;192;197;206m)[38;2;192;197;206m;[K
[0m[48;2;40;67;43m[39m+    49[0m:[39m[48;2;24;38;30m [38;2;192;197;206m        [38;2;192;197;206m}[K
[0m[48;2;40;67;43m[39m+    50[0m:[39m[48;2;24;38;30m [38;2;192;197;206m    [38;2;192;197;206m}[38;2;192;197;206m;[K
[0m[48;2;40;67;43m[39m+    51[0m:[39m[48;2;24;38;30m [K
[0m[48;2;40;67;43m[39m+    52[0m:[39m[48;2;24;38;30m [38;2;192;197;206m    [38;2;180;142;173mlet[38;2;192;197;206m [38;2;180;142;173mmut[38;2;192;197;206m val [38;2;192;197;206m=[38;2;192;197;206m val[38;2;192;197;206m;[K
[0m[48;2;40;67;43m[39m+    53[0m:[39m[48;2;24;38;30m [38;2;192;197;206m    [38;2;180;142;173mloop[38;2;192;197;206m [38;2;192;197;206m{[K
[0m[48;2;40;67;43m[39m+    54[0m:[39m[48;2;24;38;30m [38;2;192;197;206m        [38;2;192;197;206mprintln![38;2;192;197;206m([38;2;192;197;206m"[38;2;208;135;112m{}[38;2;192;197;206m"[38;2;192;197;206m,[38;2;192;197;206m val[38;2;192;197;206m)[38;2;192;197;206m;[K
[0m[48;2;40;67;43m[39m+    55[0m:[39m[48;2;24;38;30m [38;2;192;197;206m        [38;2;180;142;173mif[38;2;192;197;206m val [38;2;192;197;206m%[38;2;192;197;206m [38;2;208;135;112m10[38;2;192;197;206m [38;2;192;197;206m=[38;2;192;197;206m=[38;2;192;197;206m [38;2;208;135;112m9[38;2;192;197;206m [38;2;192;197;206m{[K
[0m[48;2;40;67;43m[39m+    56[0m:[39m[48;2;24;38;30m [38;2;192;197;206m            [38;2;180;142;173mbreak[38;2;192;197;206m;[K
[0m[48;2;40;67;43m[39m+    57[0m:[39m[48;2;24;38;30m [38;2;192;197;206m        [38;2;192;197;206m}[K
[0m[48;2;40;67;43m[39m+    58[0m:[39m[48;2;24;38;30m [38;2;192;197;206m        val [38;2;192;197;206m=[38;2;192;197;206m val.[38;2;150;181;180mwrapping_add[38;2;192;197;206m([38;2;208;135;112m1[38;2;192;197;206m)[38;2;192;197;206m;[K
[0m[48;2;40;67;43m[39m+    59[0m:[39m[48;2;24;38;30m [38;2;192;197;206m    [38;2;192;197;206m}[K
[0m[48;2;40;67;43m[39m+    60[0m:[39m[48;2;24;38;30m [38;2;192;197;206m}[K
[0m[K
Creating: [38;5;141m/local/home/scheschb/reserach/TRACTOR/harvest-agentic/results/B01_synthetic/004_nineality_sieve/translated_rust/src/main.rs[0m
[38;5;244m - Completed in 0.36s[0m
[38;5;12m[1m [1.2][0m[0m
[?25l[0m[?25l[0m[0m[38;5;11mTODO:
[39m[38;5;10m[x] [3m[38;5;244mCreate src/main.rs[23m
[0m[ ] Build and fix any errors[38;5;244m - Completed in 0.4s[0m

[?25l[0m[?25l[0m[0mI will run the following command: [38;5;141mcd /local/home/scheschb/reserach/TRACTOR/harvest-agentic/results/B01_synthetic/004_nineality_sieve/translated_rust && cargo build --release 2>&1[0m[38;5;244m (using tool: shell)[0m
Purpose: Build the Rust project

   Compiling nineality v0.1.0 (/local/home/scheschb/reserach/TRACTOR/harvest-agentic/results/B01_synthetic/004_nineality_sieve/translated_rust)
    Finished `release` profile [optimized] target(s) in 0.21s
[38;5;244m - Completed in 0.317s[0m
[38;5;12m[1m [1.3][0m[0m
[?25l[0m[38;5;141m> [0mCompiles clean. Let me do a quick sanity check against the C version to verify byte-identical output:[0m[0m
[?25l[0m[0mI will run the following command: [38;5;141mcd /local/home/scheschb/reserach/TRACTOR/harvest-agentic/results/B01_synthetic/004_nineality_sieve/translated_rust && \
  # Build C version
  mkdir -p /tmp/nineality_c && gcc -o /tmp/nineality_c/driver c_src/src/main.c && \
  RUST=./target/release/nineality C=/tmp/nineality_c/driver && \
  # Test cases
  for arg in 5 0 9 -11 "abc" "" "  42" "123abc"; do
    echo "=== arg='$arg' ==="
    echo -n "C:    "; $C "$arg" 2>&1; echo "exit=$?"
    echo -n "Rust: "; $RUST "$arg" 2>&1; echo "exit=$?"
    diff <($C "$arg" 2>&1; echo "exit=$?") <($RUST "$arg" 2>&1; echo "exit=$?") && echo "MATCH" || echo "DIFF"
  done && \
  # No-arg test
  echo "=== no args ===" && \
  diff <($C 2>&1; echo "exit=$?") <($RUST 2>&1; echo "exit=$?") && echo "MATCH" || echo "DIFF" && \
  # Two-arg test
  echo "=== two args ===" && \
  diff <($C 1 2 2>&1; echo "exit=$?") <($RUST 1 2 2>&1; echo "exit=$?") && echo "MATCH" || echo "DIFF"[0m[38;5;244m (using tool: shell)[0m
Purpose: Compare C and Rust output for various inputs

=== arg='5' ===
C:    5
6
7
8
9
exit=0
Rust: 5
6
7
8
9
exit=0
MATCH
=== arg='0' ===
C:    0
1
2
3
4
5
6
7
8
9
exit=0
Rust: 0
1
2
3
4
5
6
7
8
9
exit=0
MATCH
=== arg='9' ===
C:    9
exit=0
Rust: 9
exit=0
MATCH
=== arg='-11' ===
C:    -11
-10
-9
-8
-7
-6
-5
-4
-3
-2
-1
0
1
2
3
4
5
6
7
8
9
exit=0
Rust: -11
-10
-9
-8
-7
-6
-5
-4
-3
-2
-1
0
1
2
3
4
5
6
7
8
9
exit=0
MATCH
=== arg='abc' ===
C:    Error: first argument must be an integer!
exit=1
Rust: Error: first argument must be an integer!
exit=1
MATCH
=== arg='' ===
C:    Error: first argument must be an integer!
exit=1
Rust: Error: first argument must be an integer!
exit=1
MATCH
=== arg='  42' ===
C:    42
43
44
45
46
47
48
49
exit=0
Rust: 42
43
44
45
46
47
48
49
exit=0
MATCH
=== arg='123abc' ===
C:    123
124
125
126
127
128
129
exit=0
Rust: 123
124
125
126
127
128
129
exit=0
MATCH
=== no args ===
MATCH
=== two args ===
MATCH
[38;5;244m - Completed in 0.85s[0m

[?25l[0m[38;5;141m> [0mAll test cases produce byte-identical output. Let me mark the task complete.[0m[0m
[?25l[0m[0m[38;5;11mTODO:
[39m[38;5;10m[x] [3m[38;5;244mCreate Cargo.toml[23m
[38;5;10m[x] [3m[38;5;244mCreate src/main.rs[23m
[38;5;10m[x] [3m[38;5;244mBuild and fix any errors[23m[38;5;244m - Completed in 0.4s[0m

[?25l[0m[38;5;141m> [0mDone. The translation compiles and produces byte-identical output for all tested inputs. Here's a summary of the key translation decisions:[0m[0m
[0m[0m
- [38;5;10mstrtol[0m behavior replicated via [38;5;10mstrtol_parse()[0m — skips leading whitespace, handles optional sign, stops at first non-digit (so [38;5;10m"123abc"[0m → [38;5;10m123[0m), returns [38;5;10mNone[0m if no digits found[0m[0m
- C's [38;5;10m%[0m operator on negative numbers (e.g. [38;5;10m-11 % 10 == -1[0m) matches Rust's [38;5;10m%[0m natively[0m[0m
- [38;5;10mwrapping_add[0m used for the increment to match C's signed integer overflow behavior[0m[0m
- [38;5;10mprintln!("{}", val)[0m matches [38;5;10mprintf("%d\n", val)[0m exactly[0m[0m
- Exit codes match: 1 for errors, 0 for success[0m[0m[38;5;12m[1m✓ Created checkpoint 1

[0m[0m
[38;5;8m
 ▸ Credits: 4.85 • Time: 1m 13s

[0m[1G[0m[0m[?25h