[32mAll tools are now trusted ([0m[31m![0m[32m). Kiro will execute tools without asking for confirmation.[0m
Agents can sometimes do unexpected things so understand the risks.

Learn more at [38;5;141mhttps://kiro.dev/docs/cli/chat/security/#using-tools-trust-all-safely[0m


[38;5;12mCheckpoints are not available in this directory. Use '/checkpoint init' to enable checkpoints.

[39m
[38;5;252m[0m[?25l[38;5;141m> [0m[0m[0m
[0m[0m
I'll start by reading all the source files to understand the project structure and the C code that needs to be translated.[0m[0m
[?25l[0m[0mBatch fs_read operation with [38;5;141m3[0m operations[38;5;244m (using tool: read)[0m

↱ Operation 1: Reading directory: [38;5;141m/tmp/harvest-crust-Z6vJPl/project[0m
↱ Operation 2: Reading file: [38;5;141m/tmp/harvest-crust-Z6vJPl/project/Cargo.toml[0m, all lines
↱ Operation 3: Reading file: [38;5;141m/tmp/harvest-crust-Z6vJPl/project/src/lib.rs[0m, all lines
[38;5;10m ✓ [0mSuccessfully read directory [38;5;141m/tmp/harvest-crust-Z6vJPl/project[0m [38;5;244m(19 entries)[0m

[38;5;10m ✓ [0mSuccessfully read [38;5;244m169 bytes[0m from /tmp/harvest-crust-Z6vJPl/project/Cargo.toml

[38;5;10m ✓ [0mSuccessfully read [38;5;244m18 bytes[0m from /tmp/harvest-crust-Z6vJPl/project/src/lib.rs

 ⋮ 

[38;5;244m- [0mSummary: 3 operations processed, 3 successful, 0 failed
[38;5;244m - Completed in 0.1s[0m

[?25l[0m[?25l[0m[0mBatch fs_read operation with [38;5;141m6[0m operations[38;5;244m (using tool: read)[0m

↱ Operation 1: Reading file: [38;5;141m/tmp/harvest-crust-Z6vJPl/project/c_src/src/avalanche.c[0m, all lines
↱ Operation 2: Reading file: [38;5;141m/tmp/harvest-crust-Z6vJPl/project/c_src/src/avalanche.h[0m, all lines
↱ Operation 3: Reading file: [38;5;141m/tmp/harvest-crust-Z6vJPl/project/src/avalanche.rs[0m, all lines
↱ Operation 4: Reading file: [38;5;141m/tmp/harvest-crust-Z6vJPl/project/c_src/tests/matrix_test.c[0m, all lines
↱ Operation 5: Reading file: [38;5;141m/tmp/harvest-crust-Z6vJPl/project/c_src/tests/fnv_1a.c[0m, all lines
↱ Operation 6: Reading file: [38;5;141m/tmp/harvest-crust-Z6vJPl/project/c_src/README.md[0m, all lines
[38;5;10m ✓ [0mSuccessfully read [38;5;244m2570 bytes[0m from /tmp/harvest-crust-Z6vJPl/project/c_src/src/avalanche.c

[38;5;10m ✓ [0mSuccessfully read [38;5;244m1253 bytes[0m from /tmp/harvest-crust-Z6vJPl/project/c_src/src/avalanche.h

[38;5;10m ✓ [0mSuccessfully read [38;5;244m1483 bytes[0m from /tmp/harvest-crust-Z6vJPl/project/src/avalanche.rs

[38;5;10m ✓ [0mSuccessfully read [38;5;244m874 bytes[0m from /tmp/harvest-crust-Z6vJPl/project/c_src/tests/matrix_test.c

[38;5;10m ✓ [0mSuccessfully read [38;5;244m1711 bytes[0m from /tmp/harvest-crust-Z6vJPl/project/c_src/tests/fnv_1a.c

[38;5;10m ✓ [0mSuccessfully read [38;5;244m125 bytes[0m from /tmp/harvest-crust-Z6vJPl/project/c_src/README.md

 ⋮ 

[38;5;244m- [0mSummary: 6 operations processed, 6 successful, 0 failed
[38;5;244m - Completed in 0.0s[0m

[?25l[0m[38;5;141m> [0mNow let me check if there's a Rust test file:[0m[0m
[?25l[0m[0mSearching for files: [38;5;141m**/*.rs[0m in [38;5;141m/tmp/harvest-crust-Z6vJPl/project[0m[38;5;244m (using tool: glob)[0m
[38;5;10m ✓ [0mSuccessfully found [38;5;244m2 files[0m under /tmp/harvest-crust-Z6vJPl/project
[38;5;244m - Completed in 0.41s[0m

[?25l[0m[38;5;141m> [0mThere's no [38;5;10msrc/bin/matrix_test.rs[0m yet but the [38;5;10mCargo.toml[0m references it. Let me check:[0m[0m
[?25l[0m[0mReading file: [38;5;141m/tmp/harvest-crust-Z6vJPl/project/Cargo.toml[0m, all lines[38;5;244m (using tool: read)[0m
[38;5;10m ✓ [0mSuccessfully read [38;5;244m169 bytes[0m from /tmp/harvest-crust-Z6vJPl/project/Cargo.toml
[38;5;244m - Completed in 0.0s[0m

[?25l[0m[38;5;141m> [0mThe test file doesn't exist yet but is referenced. Let me check if there's a test file that should exist:[0m[0m
[?25l[0m[0mSearching for files: [38;5;141m**/*"[0m in [38;5;141m/tmp/harvest-crust-Z6vJPl/project/src[0m[38;5;244m (using tool: glob)[0m
[38;5;9m ❗ [0mNo files found matching pattern: [38;5;244m**/*"[0m under /tmp/harvest-crust-Z6vJPl/project/src
[38;5;244m - Completed in 0.0s[0m

[?25l[0m[?25l[0m[0mReading directory: [38;5;141m/tmp/harvest-crust-Z6vJPl/project/src[0m[38;5;244m (using tool: read, max depth: 2, max entries: 1000, excluding: defaults)[0m
[38;5;10m ✓ [0mSuccessfully read directory [38;5;141m/tmp/harvest-crust-Z6vJPl/project/src[0m [38;5;244m(2 entries)[0m
[38;5;244m - Completed in 0.0s[0m

[?25l[0m[38;5;141m> [0mThe [38;5;10mmatrix_test.rs[0m doesn't exist yet. The Cargo.toml references it as a test. I need to check if there's a [38;5;10msrc/bin/[0m directory or if I need to create the test file. But the instructions say "do NOT modify function signatures" and "only fill in the bodies" — the test file is referenced in Cargo.toml but doesn't exist. I should create it based on the C test. Let me now implement everything.[0m[0m
[?25l[0m[0m[38;5;11mTODO:
[39m[0m[ ] Implement all unimplemented!() bodies in src/avalanche.rs
[0m[ ] Create src/bin/matrix_test.rs based on C test
[0m[ ] Run cargo build and cargo test to verify[38;5;244m - Completed in 0.0s[0m

[?25l[0m[38;5;141m> [0mNow let me implement the Rust code. I have a clear understanding of the C code:[0m[0m
[0m[0m
1. [38;5;10mmatrix_alloc[0m — creates a zero-initialized matrix[0m[0m
2. [38;5;10mmatrix_get/set[0m — row-major access[0m[0m
3. [38;5;10mmatrix_fprintf[0m — prints matrix with format string[0m[0m
4. [38;5;10mavalanche[0m — reads keys from stream, flips bits, compares hashes, builds probability matrix[0m[0m
[?25l[0m[0mI'll create the following file: [38;5;141msrc/avalanche.rs[0m[38;5;244m (using tool: write)[0m
Purpose: Implement all unimplemented!() bodies in avalanche.rs with C-equivalent logic

[48;2;43;48;59m[39m   1,   1[0m:[39m[48;2;43;48;59m [38;2;180;142;173muse[38;2;192;197;206m [38;2;192;197;206mstd[38;2;192;197;206m::[38;2;192;197;206mio[38;2;192;197;206m::[38;2;192;197;206m{[38;2;192;197;206mRead[38;2;192;197;206m,[38;2;192;197;206m Write[38;2;192;197;206m}[38;2;192;197;206m;[K
[0m[48;2;43;48;59m[39m   2,   2[0m:[39m[48;2;43;48;59m [38;2;101;115;126m///[38;2;101;115;126m Prototypical hash function: converts a key of bytes to a hash value,[K
[0m[48;2;43;48;59m[39m   3,   3[0m:[39m[48;2;43;48;59m [38;2;101;115;126m///[38;2;101;115;126m represented as an array of 32-bit blocks.[K
[0m[48;2;43;48;59m[39m   4,   4[0m:[39m[48;2;43;48;59m [38;2;180;142;173mpub[38;2;192;197;206m [38;2;180;142;173mtype[38;2;192;197;206m [38;2;192;197;206mHashFn[38;2;192;197;206m [38;2;192;197;206m=[38;2;192;197;206m [38;2;180;142;173mfn[38;2;192;197;206m([38;2;192;197;206mkey[38;2;192;197;206m:[38;2;192;197;206m [38;2;192;197;206m&[38;2;192;197;206m[[38;2;180;142;173mu8[38;2;192;197;206m][38;2;192;197;206m,[38;2;192;197;206m hash_value[38;2;192;197;206m:[38;2;192;197;206m [38;2;192;197;206m&[38;2;180;142;173mmut[38;2;192;197;206m [38;2;192;197;206m[[38;2;180;142;173mu32[38;2;192;197;206m][38;2;192;197;206m)[38;2;192;197;206m;[K
[0m[48;2;43;48;59m[39m   5,   5[0m:[39m[48;2;43;48;59m [38;2;101;115;126m///[38;2;101;115;126m Simple matrix structure.[K
[0m[48;2;43;48;59m[39m   6,   6[0m:[39m[48;2;43;48;59m [38;2;180;142;173mpub[38;2;192;197;206m [38;2;180;142;173mstruct[38;2;192;197;206m [38;2;192;197;206mMatrix[38;2;192;197;206m [38;2;192;197;206m{[K
[0m[48;2;43;48;59m[39m   7,   7[0m:[39m[48;2;43;48;59m [38;2;192;197;206m    [38;2;180;142;173mpub[38;2;192;197;206m [38;2;191;97;106mn_rows[38;2;192;197;206m:[38;2;192;197;206m [38;2;180;142;173musize[38;2;192;197;206m,[K
[0m[48;2;43;48;59m[39m   8,   8[0m:[39m[48;2;43;48;59m [38;2;192;197;206m    [38;2;180;142;173mpub[38;2;192;197;206m [38;2;191;97;106mn_cols[38;2;192;197;206m:[38;2;192;197;206m [38;2;180;142;173musize[38;2;192;197;206m,[K
[0m[48;2;43;48;59m[39m   9,   9[0m:[39m[48;2;43;48;59m [38;2;192;197;206m    [38;2;180;142;173mpub[38;2;192;197;206m [38;2;191;97;106mvals[38;2;192;197;206m:[38;2;192;197;206m [38;2;192;197;206mVec[38;2;192;197;206m<[38;2;180;142;173mf64[38;2;192;197;206m>[38;2;192;197;206m,[K
[0m[48;2;43;48;59m[39m  10,  10[0m:[39m[48;2;43;48;59m [38;2;192;197;206m}[K
[0m[48;2;43;48;59m[39m  11,  11[0m:[39m[48;2;43;48;59m [38;2;101;115;126m///[38;2;101;115;126m Avalanche test for hash function.[K
[0m[48;2;43;48;59m[39m  12,  12[0m:[39m[48;2;43;48;59m [38;2;101;115;126m///[K
[0m[48;2;43;48;59m[39m  13,  13[0m:[39m[48;2;43;48;59m [38;2;101;115;126m///[38;2;101;115;126m All test keys are read successively from the stream `ins`, and the probability[K
[0m[48;2;43;48;59m[39m  14,  14[0m:[39m[48;2;43;48;59m [38;2;101;115;126m///[38;2;101;115;126m that flipping i-th input bit affects the j-th output bit is recorded as the[K
[0m[48;2;43;48;59m[39m  15,  15[0m:[39m[48;2;43;48;59m [38;2;101;115;126m///[38;2;101;115;126m ij-th entry of the matrix.[K
[0m[48;2;43;48;59m[39m  16,  16[0m:[39m[48;2;43;48;59m [38;2;101;115;126m///[K
[0m[48;2;43;48;59m[39m  17,  17[0m:[39m[48;2;43;48;59m [38;2;101;115;126m///[38;2;101;115;126m All keys read have the same length, so that the key length and size of the[K
[0m[48;2;43;48;59m[39m  18,  18[0m:[39m[48;2;43;48;59m [38;2;101;115;126m///[38;2;101;115;126m hash value (in words) are parameterized by the row and columns of the matrix.[K
[0m[48;2;43;48;59m[39m  19,  19[0m:[39m[48;2;43;48;59m [38;2;180;142;173mpub[38;2;192;197;206m [38;2;180;142;173mfn[38;2;192;197;206m [38;2;143;161;179mavalanche[38;2;192;197;206m([38;2;191;97;106mhash[38;2;192;197;206m:[38;2;192;197;206m HashFn, [38;2;191;97;106mins[38;2;192;197;206m:[38;2;192;197;206m [38;2;192;197;206m&[38;2;180;142;173mmut[38;2;192;197;206m dyn Read, [38;2;191;97;106mmax_iter[38;2;192;197;206m:[38;2;192;197;206m [38;2;180;142;173mu64[38;2;192;197;206m, [38;2;191;97;106mresults[38;2;192;197;206m:[38;2;192;197;206m [38;2;192;197;206m&[38;2;180;142;173mmut[38;2;192;197;206m Matrix[38;2;192;197;206m)[38;2;192;197;206m [38;2;192;197;206m{[K
[0m[48;2;79;40;40m[39m- 20     [0m:[39m[48;2;36;25;28m [38;2;192;197;206m    [38;2;192;197;206munimplemented![38;2;192;197;206m([38;2;192;197;206m)[K
[0m[48;2;40;67;43m[39m+      20[0m:[39m[48;2;24;38;30m [38;2;192;197;206m    [38;2;180;142;173mlet[38;2;192;197;206m key_size [38;2;192;197;206m=[38;2;192;197;206m results.n_rows [38;2;192;197;206m/[38;2;192;197;206m [38;2;208;135;112m8[38;2;192;197;206m;[K
[0m[48;2;40;67;43m[39m+      21[0m:[39m[48;2;24;38;30m [38;2;192;197;206m    [38;2;180;142;173mlet[38;2;192;197;206m hash_words [38;2;192;197;206m=[38;2;192;197;206m results.n_cols [38;2;192;197;206m/[38;2;192;197;206m [38;2;208;135;112m32[38;2;192;197;206m;[K
[0m[48;2;40;67;43m[39m+      22[0m:[39m[48;2;24;38;30m [K
[0m[48;2;40;67;43m[39m+      23[0m:[39m[48;2;24;38;30m [38;2;192;197;206m    [38;2;180;142;173mlet[38;2;192;197;206m [38;2;180;142;173mmut[38;2;192;197;206m key [38;2;192;197;206m=[38;2;192;197;206m [38;2;192;197;206mvec![38;2;192;197;206m[[38;2;208;135;112m0[38;2;180;142;173mu8[38;2;192;197;206m;[38;2;192;197;206m key_size[38;2;192;197;206m][38;2;192;197;206m;[K
[0m[48;2;40;67;43m[39m+      24[0m:[39m[48;2;24;38;30m [38;2;192;197;206m    [38;2;180;142;173mlet[38;2;192;197;206m [38;2;180;142;173mmut[38;2;192;197;206m hvalue [38;2;192;197;206m=[38;2;192;197;206m [38;2;192;197;206mvec![38;2;192;197;206m[[38;2;208;135;112m0[38;2;180;142;173mu32[38;2;192;197;206m;[38;2;192;197;206m hash_words[38;2;192;197;206m][38;2;192;197;206m;[K
[0m[48;2;40;67;43m[39m+      25[0m:[39m[48;2;24;38;30m [38;2;192;197;206m    [38;2;180;142;173mlet[38;2;192;197;206m [38;2;180;142;173mmut[38;2;192;197;206m htemp [38;2;192;197;206m=[38;2;192;197;206m [38;2;192;197;206mvec![38;2;192;197;206m[[38;2;208;135;112m0[38;2;180;142;173mu32[38;2;192;197;206m;[38;2;192;197;206m hash_words[38;2;192;197;206m][38;2;192;197;206m;[K
[0m[48;2;40;67;43m[39m+      26[0m:[39m[48;2;24;38;30m [K
[0m[48;2;40;67;43m[39m+      27[0m:[39m[48;2;24;38;30m [38;2;192;197;206m    [38;2;180;142;173mlet[38;2;192;197;206m [38;2;180;142;173mmut[38;2;192;197;206m key_count[38;2;192;197;206m:[38;2;192;197;206m [38;2;180;142;173mu64[38;2;192;197;206m [38;2;192;197;206m=[38;2;192;197;206m [38;2;208;135;112m0[38;2;192;197;206m;[K
[0m[48;2;40;67;43m[39m+      28[0m:[39m[48;2;24;38;30m [38;2;192;197;206m    [38;2;180;142;173mwhile[38;2;192;197;206m key_count [38;2;192;197;206m<[38;2;192;197;206m max_iter [38;2;192;197;206m{[K
[0m[48;2;40;67;43m[39m+      29[0m:[39m[48;2;24;38;30m [38;2;192;197;206m        [38;2;180;142;173mif[38;2;192;197;206m ins.[38;2;150;181;180mread_exact[38;2;192;197;206m([38;2;192;197;206m&[38;2;180;142;173mmut[38;2;192;197;206m key[38;2;192;197;206m)[38;2;192;197;206m.[38;2;150;181;180mis_err[38;2;192;197;206m([38;2;192;197;206m)[38;2;192;197;206m [38;2;192;197;206m{[K
[0m[48;2;40;67;43m[39m+      30[0m:[39m[48;2;24;38;30m [38;2;192;197;206m            [38;2;180;142;173mbreak[38;2;192;197;206m;[K
[0m[48;2;40;67;43m[39m+      31[0m:[39m[48;2;24;38;30m [38;2;192;197;206m        [38;2;192;197;206m}[K
[0m[48;2;40;67;43m[39m+      32[0m:[39m[48;2;24;38;30m [38;2;192;197;206m        [38;2;150;181;180mhash[38;2;192;197;206m([38;2;192;197;206m&[38;2;192;197;206mkey[38;2;192;197;206m,[38;2;192;197;206m [38;2;192;197;206m&[38;2;180;142;173mmut[38;2;192;197;206m hvalue[38;2;192;197;206m)[38;2;192;197;206m;[K
[0m[48;2;40;67;43m[39m+      33[0m:[39m[48;2;24;38;30m [38;2;192;197;206m        key_count [38;2;192;197;206m+[38;2;192;197;206m=[38;2;192;197;206m [38;2;208;135;112m1[38;2;192;197;206m;[K
[0m[48;2;40;67;43m[39m+      34[0m:[39m[48;2;24;38;30m [K
[0m[48;2;40;67;43m[39m+      35[0m:[39m[48;2;24;38;30m [38;2;192;197;206m        [38;2;180;142;173mfor[38;2;192;197;206m i_byte [38;2;192;197;206min[38;2;192;197;206m [38;2;208;135;112m0[38;2;192;197;206m..[38;2;192;197;206mkey_size [38;2;192;197;206m{[K
[0m[48;2;40;67;43m[39m+      36[0m:[39m[48;2;24;38;30m [38;2;192;197;206m            [38;2;180;142;173mfor[38;2;192;197;206m i_bit [38;2;192;197;206min[38;2;192;197;206m [38;2;208;135;112m0[38;2;192;197;206m..[38;2;208;135;112m8[38;2;180;142;173mu8[38;2;192;197;206m [38;2;192;197;206m{[K
[0m[48;2;40;67;43m[39m+      37[0m:[39m[48;2;24;38;30m [38;2;192;197;206m                [38;2;180;142;173mlet[38;2;192;197;206m row [38;2;192;197;206m=[38;2;192;197;206m i_byte [38;2;192;197;206m*[38;2;192;197;206m [38;2;208;135;112m8[38;2;192;197;206m [38;2;192;197;206m+[38;2;192;197;206m i_bit [38;2;192;197;206mas[38;2;192;197;206m [38;2;180;142;173musize[38;2;192;197;206m;[K
[0m[48;2;40;67;43m[39m+      38[0m:[39m[48;2;24;38;30m [38;2;192;197;206m                [38;2;180;142;173mlet[38;2;192;197;206m i_mask[38;2;192;197;206m:[38;2;192;197;206m [38;2;180;142;173mu8[38;2;192;197;206m [38;2;192;197;206m=[38;2;192;197;206m [38;2;208;135;112m0x80[38;2;192;197;206m [38;2;192;197;206m>[38;2;192;197;206m>[38;2;192;197;206m i_bit[38;2;192;197;206m;[K
[0m[48;2;40;67;43m[39m+      39[0m:[39m[48;2;24;38;30m [38;2;192;197;206m                key[38;2;192;197;206m[[38;2;192;197;206mi_byte[38;2;192;197;206m][38;2;192;197;206m [38;2;192;197;206m^[38;2;192;197;206m=[38;2;192;197;206m i_mask[38;2;192;197;206m;[K
[0m[48;2;40;67;43m[39m+      40[0m:[39m[48;2;24;38;30m [38;2;192;197;206m                [38;2;150;181;180mhash[38;2;192;197;206m([38;2;192;197;206m&[38;2;192;197;206mkey[38;2;192;197;206m,[38;2;192;197;206m [38;2;192;197;206m&[38;2;180;142;173mmut[38;2;192;197;206m htemp[38;2;192;197;206m)[38;2;192;197;206m;[K
[0m[48;2;40;67;43m[39m+      41[0m:[39m[48;2;24;38;30m [38;2;192;197;206m                key[38;2;192;197;206m[[38;2;192;197;206mi_byte[38;2;192;197;206m][38;2;192;197;206m [38;2;192;197;206m^[38;2;192;197;206m=[38;2;192;197;206m i_mask[38;2;192;197;206m;[K
[0m[48;2;40;67;43m[39m+      42[0m:[39m[48;2;24;38;30m [K
[0m[48;2;40;67;43m[39m+      43[0m:[39m[48;2;24;38;30m [38;2;192;197;206m                [38;2;180;142;173mfor[38;2;192;197;206m j_word [38;2;192;197;206min[38;2;192;197;206m [38;2;208;135;112m0[38;2;192;197;206m..[38;2;192;197;206mhash_words [38;2;192;197;206m{[K
[0m[48;2;40;67;43m[39m+      44[0m:[39m[48;2;24;38;30m [38;2;192;197;206m                    [38;2;180;142;173mfor[38;2;192;197;206m j_bit [38;2;192;197;206min[38;2;192;197;206m [38;2;208;135;112m0[38;2;192;197;206m..[38;2;208;135;112m32[38;2;180;142;173mu32[38;2;192;197;206m [38;2;192;197;206m{[K
[0m[48;2;40;67;43m[39m+      45[0m:[39m[48;2;24;38;30m [38;2;192;197;206m                        [38;2;180;142;173mlet[38;2;192;197;206m col [38;2;192;197;206m=[38;2;192;197;206m j_word [38;2;192;197;206m*[38;2;192;197;206m [38;2;208;135;112m32[38;2;192;197;206m [38;2;192;197;206m+[38;2;192;197;206m j_bit [38;2;192;197;206mas[38;2;192;197;206m [38;2;180;142;173musize[38;2;192;197;206m;[K
[0m[48;2;40;67;43m[39m+      46[0m:[39m[48;2;24;38;30m [38;2;192;197;206m                        [38;2;180;142;173mlet[38;2;192;197;206m j_mask[38;2;192;197;206m:[38;2;192;197;206m [38;2;180;142;173mu32[38;2;192;197;206m [38;2;192;197;206m=[38;2;192;197;206m [38;2;208;135;112m0x80000000[38;2;192;197;206m [38;2;192;197;206m>[38;2;192;197;206m>[38;2;192;197;206m j_bit[38;2;192;197;206m;[K
[0m[48;2;40;67;43m[39m+      47[0m:[39m[48;2;24;38;30m [38;2;192;197;206m                        [38;2;180;142;173mif[38;2;192;197;206m [38;2;192;197;206m([38;2;192;197;206mhvalue[38;2;192;197;206m[[38;2;192;197;206mj_word[38;2;192;197;206m][38;2;192;197;206m [38;2;192;197;206m^[38;2;192;197;206m htemp[38;2;192;197;206m[[38;2;192;197;206mj_word[38;2;192;197;206m][38;2;192;197;206m)[38;2;192;197;206m [38;2;192;197;206m&[38;2;192;197;206m j_mask [38;2;192;197;206m![38;2;192;197;206m=[38;2;192;197;206m [38;2;208;135;112m0[38;2;192;197;206m [38;2;192;197;206m{[K
[0m[48;2;40;67;43m[39m+      48[0m:[39m[48;2;24;38;30m [38;2;192;197;206m                            [38;2;180;142;173mlet[38;2;192;197;206m curr [38;2;192;197;206m=[38;2;192;197;206m results.[38;2;150;181;180mmatrix_get[38;2;192;197;206m([38;2;192;197;206mrow[38;2;192;197;206m,[38;2;192;197;206m col[38;2;192;197;206m)[38;2;192;197;206m;[K
[0m[48;2;40;67;43m[39m+      49[0m:[39m[48;2;24;38;30m [38;2;192;197;206m                            results.[38;2;150;181;180mmatrix_set[38;2;192;197;206m([38;2;192;197;206mrow[38;2;192;197;206m,[38;2;192;197;206m col[38;2;192;197;206m,[38;2;192;197;206m curr [38;2;192;197;206m+[38;2;192;197;206m [38;2;208;135;112m1.[38;2;208;135;112m0[38;2;192;197;206m)[38;2;192;197;206m;[K
[0m[48;2;40;67;43m[39m+      50[0m:[39m[48;2;24;38;30m [38;2;192;197;206m                        [38;2;192;197;206m}[K
[0m[48;2;40;67;43m[39m+      51[0m:[39m[48;2;24;38;30m [38;2;192;197;206m                    [38;2;192;197;206m}[K
[0m[48;2;40;67;43m[39m+      52[0m:[39m[48;2;24;38;30m [38;2;192;197;206m                [38;2;192;197;206m}[K
[0m[48;2;40;67;43m[39m+      53[0m:[39m[48;2;24;38;30m [38;2;192;197;206m            [38;2;192;197;206m}[K
[0m[48;2;40;67;43m[39m+      54[0m:[39m[48;2;24;38;30m [38;2;192;197;206m        [38;2;192;197;206m}[K
[0m[48;2;40;67;43m[39m+      55[0m:[39m[48;2;24;38;30m [38;2;192;197;206m    [38;2;192;197;206m}[K
[0m[48;2;40;67;43m[39m+      56[0m:[39m[48;2;24;38;30m [K
[0m[48;2;40;67;43m[39m+      57[0m:[39m[48;2;24;38;30m [38;2;192;197;206m    [38;2;180;142;173mif[38;2;192;197;206m key_count [38;2;192;197;206m>[38;2;192;197;206m [38;2;208;135;112m0[38;2;192;197;206m [38;2;192;197;206m{[K
[0m[48;2;40;67;43m[39m+      58[0m:[39m[48;2;24;38;30m [38;2;192;197;206m        [38;2;180;142;173mfor[38;2;192;197;206m v [38;2;192;197;206min[38;2;192;197;206m results.vals.[38;2;150;181;180miter_mut[38;2;192;197;206m([38;2;192;197;206m)[38;2;192;197;206m [38;2;192;197;206m{[K
[0m[48;2;40;67;43m[39m+      59[0m:[39m[48;2;24;38;30m [38;2;192;197;206m            [38;2;192;197;206m*[38;2;192;197;206mv [38;2;192;197;206m/[38;2;192;197;206m=[38;2;192;197;206m key_count [38;2;192;197;206mas[38;2;192;197;206m [38;2;180;142;173mf64[38;2;192;197;206m;[K
[0m[48;2;40;67;43m[39m+      60[0m:[39m[48;2;24;38;30m [38;2;192;197;206m        [38;2;192;197;206m}[K
[0m[48;2;40;67;43m[39m+      61[0m:[39m[48;2;24;38;30m [38;2;192;197;206m    [38;2;192;197;206m}[K
[0m[48;2;43;48;59m[39m  21,  62[0m:[39m[48;2;43;48;59m [38;2;192;197;206m}[K
[0m[48;2;43;48;59m[39m  22,  63[0m:[39m[48;2;43;48;59m [38;2;180;142;173mimpl[38;2;192;197;206m [38;2;192;197;206mMatrix[38;2;192;197;206m [38;2;192;197;206m{[K
[0m[48;2;43;48;59m[39m  23,  64[0m:[39m[48;2;43;48;59m [38;2;192;197;206m    [38;2;101;115;126m///[38;2;101;115;126m Allocate a matrix with the given number of rows and columns.[K
[0m[48;2;43;48;59m[39m  24,  65[0m:[39m[48;2;43;48;59m [38;2;192;197;206m    [38;2;180;142;173mpub[38;2;192;197;206m [38;2;180;142;173mfn[38;2;192;197;206m [38;2;143;161;179mmatrix_alloc[38;2;192;197;206m([38;2;191;97;106mn_rows[38;2;192;197;206m:[38;2;192;197;206m [38;2;180;142;173musize[38;2;192;197;206m, [38;2;191;97;106mn_cols[38;2;192;197;206m:[38;2;192;197;206m [38;2;180;142;173musize[38;2;192;197;206m)[38;2;192;197;206m [38;2;192;197;206m->[38;2;192;197;206m [38;2;180;142;173mSelf[38;2;192;197;206m [38;2;192;197;206m{[K
[0m[48;2;79;40;40m[39m- 25     [0m:[39m[48;2;36;25;28m [38;2;192;197;206m        [38;2;192;197;206munimplemented![38;2;192;197;206m([38;2;192;197;206m)[K
[0m[48;2;40;67;43m[39m+      66[0m:[39m[48;2;24;38;30m [38;2;192;197;206m        Matrix [38;2;192;197;206m{[K
[0m[48;2;40;67;43m[39m+      67[0m:[39m[48;2;24;38;30m [38;2;192;197;206m            n_rows[38;2;192;197;206m,[K
[0m[48;2;40;67;43m[39m+      68[0m:[39m[48;2;24;38;30m [38;2;192;197;206m            n_cols[38;2;192;197;206m,[K
[0m[48;2;40;67;43m[39m+      69[0m:[39m[48;2;24;38;30m [38;2;192;197;206m            vals[38;2;192;197;206m:[38;2;192;197;206m [38;2;192;197;206mvec![38;2;192;197;206m[[38;2;208;135;112m0.[38;2;208;135;112m0[38;2;192;197;206m;[38;2;192;197;206m n_rows [38;2;192;197;206m*[38;2;192;197;206m n_cols[38;2;192;197;206m][38;2;192;197;206m,[K
[0m[48;2;40;67;43m[39m+      70[0m:[39m[48;2;24;38;30m [38;2;192;197;206m        [38;2;192;197;206m}[K
[0m[48;2;43;48;59m[39m  26,  71[0m:[39m[48;2;43;48;59m [38;2;192;197;206m    [38;2;192;197;206m}[K
[0m[48;2;43;48;59m[39m  27,  72[0m:[39m[48;2;43;48;59m [38;2;192;197;206m    [38;2;101;115;126m///[38;2;101;115;126m Print the matrix to the given writer using the specified format.[K
[0m[48;2;43;48;59m[39m  28,  73[0m:[39m[48;2;43;48;59m [38;2;192;197;206m    [38;2;180;142;173mpub[38;2;192;197;206m [38;2;180;142;173mfn[38;2;192;197;206m [38;2;143;161;179mmatrix_fprintf[38;2;192;197;206m([38;2;192;197;206m&[38;2;191;97;106mself[38;2;192;197;206m, [38;2;191;97;106mfout[38;2;192;197;206m:[38;2;192;197;206m [38;2;192;197;206m&[38;2;180;142;173mmut[38;2;192;197;206m dyn Write, [38;2;191;97;106mformat[38;2;192;197;206m:[38;2;192;197;206m [38;2;192;197;206m&[38;2;180;142;173mstr[38;2;192;197;206m)[38;2;192;197;206m [38;2;192;197;206m{[K
[0m[48;2;79;40;40m[39m- 29     [0m:[39m[48;2;36;25;28m [38;2;192;197;206m        [38;2;192;197;206munimplemented![38;2;192;197;206m([38;2;192;197;206m)[K
[0m[48;2;79;40;40m[39m- 30     [0m:[39m[48;2;36;25;28m [38;2;192;197;206m    [38;2;192;197;206m}[K
[0m[48;2;40;67;43m[39m+      74[0m:[39m[48;2;24;38;30m [38;2;192;197;206m        [38;2;180;142;173mfor[38;2;192;197;206m r [38;2;192;197;206min[38;2;192;197;206m [38;2;208;135;112m0[38;2;192;197;206m..[38;2;191;97;106mself[38;2;192;197;206m.n_rows [38;2;192;197;206m{[K
[0m[48;2;40;67;43m[39m+      75[0m:[39m[48;2;24;38;30m [38;2;192;197;206m            [38;2;180;142;173mfor[38;2;192;197;206m c [38;2;192;197;206min[38;2;192;197;206m [38;2;208;135;112m0[38;2;192;197;206m..[38;2;191;97;106mself[38;2;192;197;206m.n_cols [38;2;192;197;206m{[K
[0m[48;2;40;67;43m[39m+      76[0m:[39m[48;2;24;38;30m [38;2;192;197;206m                [38;2;180;142;173mlet[38;2;192;197;206m val [38;2;192;197;206m=[38;2;192;197;206m [38;2;191;97;106mself[38;2;192;197;206m.[38;2;150;181;180mmatrix_get[38;2;192;197;206m([38;2;192;197;206mr[38;2;192;197;206m,[38;2;192;197;206m c[38;2;192;197;206m)[38;2;192;197;206m;[K
[0m[48;2;40;67;43m[39m+      77[0m:[39m[48;2;24;38;30m [38;2;192;197;206m                [38;2;180;142;173mlet[38;2;192;197;206m formatted [38;2;192;197;206m=[38;2;192;197;206m [38;2;150;181;180mprintf_compat_format[38;2;192;197;206m([38;2;192;197;206mformat[38;2;192;197;206m,[38;2;192;197;206m val[38;2;192;197;206m)[38;2;192;197;206m;[K
[0m[48;2;40;67;43m[39m+      78[0m:[39m[48;2;24;38;30m [38;2;192;197;206m                [38;2;180;142;173mlet[38;2;192;197;206m [38;2;192;197;206m_[38;2;192;197;206m [38;2;192;197;206m=[38;2;192;197;206m [38;2;192;197;206mwrite![38;2;192;197;206m([38;2;192;197;206mfout,[38;2;192;197;206m [38;2;192;197;206m"[38;2;208;135;112m{}[38;2;192;197;206m"[38;2;192;197;206m,[38;2;192;197;206m formatted[38;2;192;197;206m)[38;2;192;197;206m;[K
[0m[48;2;40;67;43m[39m+      79[0m:[39m[48;2;24;38;30m [38;2;192;197;206m            [38;2;192;197;206m}[K
[0m[48;2;40;67;43m[39m+      80[0m:[39m[48;2;24;38;30m [38;2;192;197;206m            [38;2;180;142;173mlet[38;2;192;197;206m [38;2;192;197;206m_[38;2;192;197;206m [38;2;192;197;206m=[38;2;192;197;206m [38;2;192;197;206mwriteln![38;2;192;197;206m([38;2;192;197;206mfout);[K
[0m[48;2;40;67;43m[39m+      81[0m:[39m[48;2;24;38;30m [38;2;192;197;206m        }[K
[0m[48;2;40;67;43m[39m+      82[0m:[39m[48;2;24;38;30m [38;2;192;197;206m    }[K
[0m[48;2;43;48;59m[39m  31,  83[0m:[39m[48;2;43;48;59m [38;2;192;197;206m    [38;2;101;115;126m///[38;2;101;115;126m Get value from the matrix at (row, col).[K
[0m[48;2;79;40;40m[39m- 32     [0m:[39m[48;2;36;25;28m [38;2;192;197;206m    [38;2;180;142;173mpub[38;2;192;197;206m [38;2;180;142;173mfn[38;2;192;197;206m [38;2;143;161;179mmatrix_get[38;2;192;197;206m([38;2;192;197;206m&[38;2;191;97;106mself[38;2;192;197;206m, [38;2;191;97;106mrow[38;2;192;197;206m:[38;2;192;197;206m [38;2;180;142;173musize[38;2;192;197;206m, [38;2;191;97;106mcol[38;2;192;197;206m:[38;2;192;197;206m [38;2;180;142;173musize[38;2;192;197;206m)[38;2;192;197;206m [38;2;192;197;206m->[38;2;192;197;206m [38;2;180;142;173mf64[38;2;192;197;206m [38;2;192;197;206m{[K
[0m[48;2;79;40;40m[39m- 33     [0m:[39m[48;2;36;25;28m [38;2;192;197;206m        [38;2;192;197;206munimplemented![38;2;192;197;206m([38;2;192;197;206m)[K
[0m[48;2;40;67;43m[39m+      84[0m:[39m[48;2;24;38;30m [38;2;192;197;206m    pub fn matrix_get(&self,[38;2;192;197;206m [38;2;192;197;206mrow[38;2;192;197;206m:[38;2;192;197;206m [38;2;180;142;173musize[38;2;192;197;206m,[38;2;192;197;206m col[38;2;192;197;206m:[38;2;192;197;206m [38;2;180;142;173musize[38;2;192;197;206m)[38;2;192;197;206m [38;2;192;197;206m->[38;2;192;197;206m [38;2;180;142;173mf64[38;2;192;197;206m [38;2;192;197;206m{[K
[0m[48;2;40;67;43m[39m+      85[0m:[39m[48;2;24;38;30m [38;2;192;197;206m        [38;2;191;97;106mself[38;2;192;197;206m.vals[38;2;192;197;206m[[38;2;192;197;206mrow [38;2;192;197;206m*[38;2;192;197;206m [38;2;191;97;106mself[38;2;192;197;206m.n_cols [38;2;192;197;206m+[38;2;192;197;206m col[38;2;192;197;206m][K
[0m[48;2;43;48;59m[39m  34,  86[0m:[39m[48;2;43;48;59m [38;2;192;197;206m    [38;2;192;197;206m}[K
[0m[48;2;43;48;59m[39m  35,  87[0m:[39m[48;2;43;48;59m [38;2;192;197;206m    [38;2;101;115;126m///[38;2;101;115;126m Set value in the matrix at (row, col).[K
[0m[48;2;43;48;59m[39m  36,  88[0m:[39m[48;2;43;48;59m [38;2;192;197;206m    [38;2;180;142;173mpub[38;2;192;197;206m [38;2;180;142;173mfn[38;2;192;197;206m [38;2;143;161;179mmatrix_set[38;2;192;197;206m([38;2;192;197;206m&[38;2;180;142;173mmut[38;2;192;197;206m [38;2;191;97;106mself[38;2;192;197;206m, [38;2;191;97;106mrow[38;2;192;197;206m:[38;2;192;197;206m [38;2;180;142;173musize[38;2;192;197;206m, [38;2;191;97;106mcol[38;2;192;197;206m:[38;2;192;197;206m [38;2;180;142;173musize[38;2;192;197;206m, [38;2;191;97;106mval[38;2;192;197;206m:[38;2;192;197;206m [38;2;180;142;173mf64[38;2;192;197;206m)[38;2;192;197;206m [38;2;192;197;206m{[K
[0m[48;2;79;40;40m[39m- 37     [0m:[39m[48;2;36;25;28m [38;2;192;197;206m        [38;2;192;197;206munimplemented![38;2;192;197;206m([38;2;192;197;206m)[K
[0m[48;2;40;67;43m[39m+      89[0m:[39m[48;2;24;38;30m [38;2;192;197;206m        [38;2;191;97;106mself[38;2;192;197;206m.vals[38;2;192;197;206m[[38;2;192;197;206mrow [38;2;192;197;206m*[38;2;192;197;206m [38;2;191;97;106mself[38;2;192;197;206m.n_cols [38;2;192;197;206m+[38;2;192;197;206m col[38;2;192;197;206m][38;2;192;197;206m [38;2;192;197;206m=[38;2;192;197;206m val[38;2;192;197;206m;[K
[0m[48;2;40;67;43m[39m+      90[0m:[39m[48;2;24;38;30m [38;2;192;197;206m    [38;2;192;197;206m}[K
[0m[48;2;40;67;43m[39m+      91[0m:[39m[48;2;24;38;30m [38;2;192;197;206m}[K
[0m[48;2;40;67;43m[39m+      92[0m:[39m[48;2;24;38;30m [K
[0m[48;2;40;67;43m[39m+      93[0m:[39m[48;2;24;38;30m [38;2;101;115;126m///[38;2;101;115;126m Minimal C-style printf format interpreter for %f, %g, %e style formats.[K
[0m[48;2;40;67;43m[39m+      94[0m:[39m[48;2;24;38;30m [38;2;180;142;173mfn[38;2;192;197;206m [38;2;143;161;179mprintf_compat_format[38;2;192;197;206m([38;2;191;97;106mformat[38;2;192;197;206m:[38;2;192;197;206m [38;2;192;197;206m&[38;2;180;142;173mstr[38;2;192;197;206m, [38;2;191;97;106mval[38;2;192;197;206m:[38;2;192;197;206m [38;2;180;142;173mf64[38;2;192;197;206m)[38;2;192;197;206m [38;2;192;197;206m->[38;2;192;197;206m String[38;2;192;197;206m [38;2;192;197;206m{[K
[0m[48;2;40;67;43m[39m+      95[0m:[39m[48;2;24;38;30m [38;2;192;197;206m    [38;2;101;115;126m//[38;2;101;115;126m Parse a simple C printf format like "%8.4f", "% 6.4g", "%8.4f"[K
[0m[48;2;40;67;43m[39m+      96[0m:[39m[48;2;24;38;30m [38;2;192;197;206m    [38;2;180;142;173mlet[38;2;192;197;206m fmt [38;2;192;197;206m=[38;2;192;197;206m format.[38;2;150;181;180mtrim[38;2;192;197;206m([38;2;192;197;206m)[38;2;192;197;206m;[K
[0m[48;2;40;67;43m[39m+      97[0m:[39m[48;2;24;38;30m [38;2;192;197;206m    [38;2;180;142;173mif[38;2;192;197;206m [38;2;192;197;206m![38;2;192;197;206mfmt.[38;2;150;181;180mcontains[38;2;192;197;206m([38;2;192;197;206m'[38;2;163;190;140m%[38;2;192;197;206m'[38;2;192;197;206m)[38;2;192;197;206m [38;2;192;197;206m{[K
[0m[48;2;40;67;43m[39m+      98[0m:[39m[48;2;24;38;30m [38;2;192;197;206m        [38;2;180;142;173mreturn[38;2;192;197;206m fmt.[38;2;150;181;180mreplace[38;2;192;197;206m([38;2;192;197;206m"[38;2;163;190;140m{}[38;2;192;197;206m"[38;2;192;197;206m,[38;2;192;197;206m [38;2;192;197;206m&[38;2;192;197;206mval.[38;2;150;181;180mto_string[38;2;192;197;206m([38;2;192;197;206m)[38;2;192;197;206m)[38;2;192;197;206m;[K
[0m[48;2;40;67;43m[39m+      99[0m:[39m[48;2;24;38;30m [38;2;192;197;206m    [38;2;192;197;206m}[K
[0m[48;2;40;67;43m[39m+     100[0m:[39m[48;2;24;38;30m [K
[0m[48;2;40;67;43m[39m+     101[0m:[39m[48;2;24;38;30m [38;2;192;197;206m    [38;2;180;142;173mlet[38;2;192;197;206m after_pct [38;2;192;197;206m=[38;2;192;197;206m [38;2;192;197;206m&[38;2;192;197;206mfmt[38;2;192;197;206m[[38;2;192;197;206mfmt.[38;2;150;181;180mfind[38;2;192;197;206m([38;2;192;197;206m'[38;2;163;190;140m%[38;2;192;197;206m'[38;2;192;197;206m)[38;2;192;197;206m.[38;2;150;181;180munwrap[38;2;192;197;206m([38;2;192;197;206m)[38;2;192;197;206m [38;2;192;197;206m+[38;2;192;197;206m [38;2;208;135;112m1[38;2;192;197;206m..[38;2;192;197;206m][38;2;192;197;206m;[K
[0m[48;2;40;67;43m[39m+     102[0m:[39m[48;2;24;38;30m [38;2;192;197;206m    [38;2;180;142;173mlet[38;2;192;197;206m prefix [38;2;192;197;206m=[38;2;192;197;206m [38;2;192;197;206m&[38;2;192;197;206mfmt[38;2;192;197;206m[[38;2;192;197;206m..[38;2;192;197;206mfmt.[38;2;150;181;180mfind[38;2;192;197;206m([38;2;192;197;206m'[38;2;163;190;140m%[38;2;192;197;206m'[38;2;192;197;206m)[38;2;192;197;206m.[38;2;150;181;180munwrap[38;2;192;197;206m([38;2;192;197;206m)[38;2;192;197;206m][38;2;192;197;206m;[K
[0m[48;2;40;67;43m[39m+     103[0m:[39m[48;2;24;38;30m [K
[0m[48;2;40;67;43m[39m+     104[0m:[39m[48;2;24;38;30m [38;2;192;197;206m    [38;2;101;115;126m//[38;2;101;115;126m Parse flags[K
[0m[48;2;40;67;43m[39m+     105[0m:[39m[48;2;24;38;30m [38;2;192;197;206m    [38;2;180;142;173mlet[38;2;192;197;206m [38;2;180;142;173mmut[38;2;192;197;206m pos [38;2;192;197;206m=[38;2;192;197;206m [38;2;208;135;112m0[38;2;192;197;206m;[K
[0m[48;2;40;67;43m[39m+     106[0m:[39m[48;2;24;38;30m [38;2;192;197;206m    [38;2;180;142;173mlet[38;2;192;197;206m bytes [38;2;192;197;206m=[38;2;192;197;206m after_pct.[38;2;150;181;180mas_bytes[38;2;192;197;206m([38;2;192;197;206m)[38;2;192;197;206m;[K
[0m[48;2;40;67;43m[39m+     107[0m:[39m[48;2;24;38;30m [38;2;192;197;206m    [38;2;180;142;173mlet[38;2;192;197;206m [38;2;180;142;173mmut[38;2;192;197;206m flag_space [38;2;192;197;206m=[38;2;192;197;206m [38;2;208;135;112mfalse[38;2;192;197;206m;[K
[0m[48;2;40;67;43m[39m+     108[0m:[39m[48;2;24;38;30m [38;2;192;197;206m    [38;2;180;142;173mlet[38;2;192;197;206m [38;2;180;142;173mmut[38;2;192;197;206m flag_minus [38;2;192;197;206m=[38;2;192;197;206m [38;2;208;135;112mfalse[38;2;192;197;206m;[K
[0m[48;2;40;67;43m[39m+     109[0m:[39m[48;2;24;38;30m [38;2;192;197;206m    [38;2;180;142;173mlet[38;2;192;197;206m [38;2;180;142;173mmut[38;2;192;197;206m flag_plus [38;2;192;197;206m=[38;2;192;197;206m [38;2;208;135;112mfalse[38;2;192;197;206m;[K
[0m[48;2;40;67;43m[39m+     110[0m:[39m[48;2;24;38;30m [38;2;192;197;206m    [38;2;180;142;173mwhile[38;2;192;197;206m pos [38;2;192;197;206m<[38;2;192;197;206m bytes.[38;2;150;181;180mlen[38;2;192;197;206m([38;2;192;197;206m)[38;2;192;197;206m [38;2;192;197;206m{[K
[0m[48;2;40;67;43m[39m+     111[0m:[39m[48;2;24;38;30m [38;2;192;197;206m        [38;2;180;142;173mmatch[38;2;192;197;206m bytes[38;2;192;197;206m[[38;2;192;197;206mpos[38;2;192;197;206m][38;2;192;197;206m [38;2;192;197;206m{[K
[0m[48;2;40;67;43m[39m+     112[0m:[39m[48;2;24;38;30m [38;2;192;197;206m            [38;2;180;142;173mb[38;2;192;197;206m'[38;2;163;190;140m [38;2;192;197;206m'[38;2;192;197;206m [38;2;192;197;206m=>[38;2;192;197;206m flag_space [38;2;192;197;206m=[38;2;192;197;206m [38;2;208;135;112mtrue[38;2;192;197;206m,[K
[0m[48;2;40;67;43m[39m+     113[0m:[39m[48;2;24;38;30m [38;2;192;197;206m            [38;2;180;142;173mb[38;2;192;197;206m'[38;2;163;190;140m-[38;2;192;197;206m'[38;2;192;197;206m [38;2;192;197;206m=>[38;2;192;197;206m flag_minus [38;2;192;197;206m=[38;2;192;197;206m [38;2;208;135;112mtrue[38;2;192;197;206m,[K
[0m[48;2;40;67;43m[39m+     114[0m:[39m[48;2;24;38;30m [38;2;192;197;206m            [38;2;180;142;173mb[38;2;192;197;206m'[38;2;163;190;140m+[38;2;192;197;206m'[38;2;192;197;206m [38;2;192;197;206m=>[38;2;192;197;206m flag_plus [38;2;192;197;206m=[38;2;192;197;206m [38;2;208;135;112mtrue[38;2;192;197;206m,[K
[0m[48;2;40;67;43m[39m+     115[0m:[39m[48;2;24;38;30m [38;2;192;197;206m            [38;2;192;197;206m_[38;2;192;197;206m [38;2;192;197;206m=>[38;2;192;197;206m [38;2;180;142;173mbreak[38;2;192;197;206m,[K
[0m[48;2;40;67;43m[39m+     116[0m:[39m[48;2;24;38;30m [38;2;192;197;206m        [38;2;192;197;206m}[K
[0m[48;2;40;67;43m[39m+     117[0m:[39m[48;2;24;38;30m [38;2;192;197;206m        pos [38;2;192;197;206m+[38;2;192;197;206m=[38;2;192;197;206m [38;2;208;135;112m1[38;2;192;197;206m;[K
[0m[48;2;40;67;43m[39m+     118[0m:[39m[48;2;24;38;30m [38;2;192;197;206m    [38;2;192;197;206m}[K
[0m[48;2;40;67;43m[39m+     119[0m:[39m[48;2;24;38;30m [K
[0m[48;2;40;67;43m[39m+     120[0m:[39m[48;2;24;38;30m [38;2;192;197;206m    [38;2;101;115;126m//[38;2;101;115;126m Parse width[K
[0m[48;2;40;67;43m[39m+     121[0m:[39m[48;2;24;38;30m [38;2;192;197;206m    [38;2;180;142;173mlet[38;2;192;197;206m [38;2;180;142;173mmut[38;2;192;197;206m width[38;2;192;197;206m:[38;2;192;197;206m [38;2;180;142;173musize[38;2;192;197;206m [38;2;192;197;206m=[38;2;192;197;206m [38;2;208;135;112m0[38;2;192;197;206m;[K
[0m[48;2;40;67;43m[39m+     122[0m:[39m[48;2;24;38;30m [38;2;192;197;206m    [38;2;180;142;173mwhile[38;2;192;197;206m pos [38;2;192;197;206m<[38;2;192;197;206m bytes.[38;2;150;181;180mlen[38;2;192;197;206m([38;2;192;197;206m)[38;2;192;197;206m [38;2;192;197;206m&[38;2;192;197;206m&[38;2;192;197;206m bytes[38;2;192;197;206m[[38;2;192;197;206mpos[38;2;192;197;206m][38;2;192;197;206m.[38;2;150;181;180mis_ascii_digit[38;2;192;197;206m([38;2;192;197;206m)[38;2;192;197;206m [38;2;192;197;206m{[K
[0m[48;2;40;67;43m[39m+     123[0m:[39m[48;2;24;38;30m [38;2;192;197;206m        width [38;2;192;197;206m=[38;2;192;197;206m width [38;2;192;197;206m*[38;2;192;197;206m [38;2;208;135;112m10[38;2;192;197;206m [38;2;192;197;206m+[38;2;192;197;206m [38;2;192;197;206m([38;2;192;197;206mbytes[38;2;192;197;206m[[38;2;192;197;206mpos[38;2;192;197;206m][38;2;192;197;206m [38;2;192;197;206m-[38;2;192;197;206m [38;2;180;142;173mb[38;2;192;197;206m'[38;2;163;190;140m0[38;2;192;197;206m'[38;2;192;197;206m)[38;2;192;197;206m [38;2;192;197;206mas[38;2;192;197;206m [38;2;180;142;173musize[38;2;192;197;206m;[K
[0m[48;2;40;67;43m[39m+     124[0m:[39m[48;2;24;38;30m [38;2;192;197;206m        pos [38;2;192;197;206m+[38;2;192;197;206m=[38;2;192;197;206m [38;2;208;135;112m1[38;2;192;197;206m;[K
[0m[48;2;40;67;43m[39m+     125[0m:[39m[48;2;24;38;30m [38;2;192;197;206m    [38;2;192;197;206m}[K
[0m[48;2;40;67;43m[39m+     126[0m:[39m[48;2;24;38;30m [K
[0m[48;2;40;67;43m[39m+     127[0m:[39m[48;2;24;38;30m [38;2;192;197;206m    [38;2;101;115;126m//[38;2;101;115;126m Parse precision[K
[0m[48;2;40;67;43m[39m+     128[0m:[39m[48;2;24;38;30m [38;2;192;197;206m    [38;2;180;142;173mlet[38;2;192;197;206m [38;2;180;142;173mmut[38;2;192;197;206m precision[38;2;192;197;206m:[38;2;192;197;206m [38;2;192;197;206mOption[38;2;192;197;206m<[38;2;180;142;173musize[38;2;192;197;206m>[38;2;192;197;206m [38;2;192;197;206m=[38;2;192;197;206m [38;2;192;197;206mNone[38;2;192;197;206m;[K
[0m[48;2;40;67;43m[39m+     129[0m:[39m[48;2;24;38;30m [38;2;192;197;206m    [38;2;180;142;173mif[38;2;192;197;206m pos [38;2;192;197;206m<[38;2;192;197;206m bytes.[38;2;150;181;180mlen[38;2;192;197;206m([38;2;192;197;206m)[38;2;192;197;206m [38;2;192;197;206m&[38;2;192;197;206m&[38;2;192;197;206m bytes[38;2;192;197;206m[[38;2;192;197;206mpos[38;2;192;197;206m][38;2;192;197;206m [38;2;192;197;206m=[38;2;192;197;206m=[38;2;192;197;206m [38;2;180;142;173mb[38;2;192;197;206m'[38;2;163;190;140m.[38;2;192;197;206m'[38;2;192;197;206m [38;2;192;197;206m{[K
[0m[48;2;40;67;43m[39m+     130[0m:[39m[48;2;24;38;30m [38;2;192;197;206m        pos [38;2;192;197;206m+[38;2;192;197;206m=[38;2;192;197;206m [38;2;208;135;112m1[38;2;192;197;206m;[K
[0m[48;2;40;67;43m[39m+     131[0m:[39m[48;2;24;38;30m [38;2;192;197;206m        [38;2;180;142;173mlet[38;2;192;197;206m [38;2;180;142;173mmut[38;2;192;197;206m p [38;2;192;197;206m=[38;2;192;197;206m [38;2;208;135;112m0[38;2;192;197;206m;[K
[0m[48;2;40;67;43m[39m+     132[0m:[39m[48;2;24;38;30m [38;2;192;197;206m        [38;2;180;142;173mwhile[38;2;192;197;206m pos [38;2;192;197;206m<[38;2;192;197;206m bytes.[38;2;150;181;180mlen[38;2;192;197;206m([38;2;192;197;206m)[38;2;192;197;206m [38;2;192;197;206m&[38;2;192;197;206m&[38;2;192;197;206m bytes[38;2;192;197;206m[[38;2;192;197;206mpos[38;2;192;197;206m][38;2;192;197;206m.[38;2;150;181;180mis_ascii_digit[38;2;192;197;206m([38;2;192;197;206m)[38;2;192;197;206m [38;2;192;197;206m{[K
[0m[48;2;40;67;43m[39m+     133[0m:[39m[48;2;24;38;30m [38;2;192;197;206m            p [38;2;192;197;206m=[38;2;192;197;206m p [38;2;192;197;206m*[38;2;192;197;206m [38;2;208;135;112m10[38;2;192;197;206m [38;2;192;197;206m+[38;2;192;197;206m [38;2;192;197;206m([38;2;192;197;206mbytes[38;2;192;197;206m[[38;2;192;197;206mpos[38;2;192;197;206m][38;2;192;197;206m [38;2;192;197;206m-[38;2;192;197;206m [38;2;180;142;173mb[38;2;192;197;206m'[38;2;163;190;140m0[38;2;192;197;206m'[38;2;192;197;206m)[38;2;192;197;206m [38;2;192;197;206mas[38;2;192;197;206m [38;2;180;142;173musize[38;2;192;197;206m;[K
[0m[48;2;40;67;43m[39m+     134[0m:[39m[48;2;24;38;30m [38;2;192;197;206m            pos [38;2;192;197;206m+[38;2;192;197;206m=[38;2;192;197;206m [38;2;208;135;112m1[38;2;192;197;206m;[K
[0m[48;2;40;67;43m[39m+     135[0m:[39m[48;2;24;38;30m [38;2;192;197;206m        [38;2;192;197;206m}[K
[0m[48;2;40;67;43m[39m+     136[0m:[39m[48;2;24;38;30m [38;2;192;197;206m        precision [38;2;192;197;206m=[38;2;192;197;206m [38;2;192;197;206mSome[38;2;192;197;206m([38;2;192;197;206mp[38;2;192;197;206m)[38;2;192;197;206m;[K
[0m[48;2;40;67;43m[39m+     137[0m:[39m[48;2;24;38;30m [38;2;192;197;206m    [38;2;192;197;206m}[K
[0m[48;2;40;67;43m[39m+     138[0m:[39m[48;2;24;38;30m [K
[0m[48;2;40;67;43m[39m+     139[0m:[39m[48;2;24;38;30m [38;2;192;197;206m    [38;2;101;115;126m//[38;2;101;115;126m Parse conversion specifier[K
[0m[48;2;40;67;43m[39m+     140[0m:[39m[48;2;24;38;30m [38;2;192;197;206m    [38;2;180;142;173mlet[38;2;192;197;206m spec [38;2;192;197;206m=[38;2;192;197;206m [38;2;180;142;173mif[38;2;192;197;206m pos [38;2;192;197;206m<[38;2;192;197;206m bytes.[38;2;150;181;180mlen[38;2;192;197;206m([38;2;192;197;206m)[38;2;192;197;206m [38;2;192;197;206m{[38;2;192;197;206m bytes[38;2;192;197;206m[[38;2;192;197;206mpos[38;2;192;197;206m][38;2;192;197;206m [38;2;192;197;206mas[38;2;192;197;206m [38;2;180;142;173mchar[38;2;192;197;206m [38;2;192;197;206m}[38;2;192;197;206m [38;2;180;142;173melse[38;2;192;197;206m [38;2;192;197;206m{[38;2;192;197;206m [38;2;192;197;206m'[38;2;163;190;140mf[38;2;192;197;206m'[38;2;192;197;206m [38;2;192;197;206m}[38;2;192;197;206m;[K
[0m[48;2;40;67;43m[39m+     141[0m:[39m[48;2;24;38;30m [38;2;192;197;206m    [38;2;180;142;173mlet[38;2;192;197;206m suffix [38;2;192;197;206m=[38;2;192;197;206m [38;2;180;142;173mif[38;2;192;197;206m pos [38;2;192;197;206m+[38;2;192;197;206m [38;2;208;135;112m1[38;2;192;197;206m [38;2;192;197;206m<[38;2;192;197;206m bytes.[38;2;150;181;180mlen[38;2;192;197;206m([38;2;192;197;206m)[38;2;192;197;206m [38;2;192;197;206m{[38;2;192;197;206m [38;2;192;197;206m&[38;2;192;197;206mafter_pct[38;2;192;197;206m[[38;2;192;197;206mpos [38;2;192;197;206m+[38;2;192;197;206m [38;2;208;135;112m1[38;2;192;197;206m..[38;2;192;197;206m][38;2;192;197;206m [38;2;192;197;206m}[38;2;192;197;206m [38;2;180;142;173melse[38;2;192;197;206m [38;2;192;197;206m{[38;2;192;197;206m [38;2;192;197;206m"[38;2;192;197;206m"[38;2;192;197;206m [38;2;192;197;206m}[38;2;192;197;206m;[K
[0m[48;2;40;67;43m[39m+     142[0m:[39m[48;2;24;38;30m [K
[0m[48;2;40;67;43m[39m+     143[0m:[39m[48;2;24;38;30m [38;2;192;197;206m    [38;2;180;142;173mlet[38;2;192;197;206m prec [38;2;192;197;206m=[38;2;192;197;206m precision.[38;2;150;181;180munwrap_or[38;2;192;197;206m([38;2;208;135;112m6[38;2;192;197;206m)[38;2;192;197;206m;[K
[0m[48;2;40;67;43m[39m+     144[0m:[39m[48;2;24;38;30m [K
[0m[48;2;40;67;43m[39m+     145[0m:[39m[48;2;24;38;30m [38;2;192;197;206m    [38;2;180;142;173mlet[38;2;192;197;206m num_str [38;2;192;197;206m=[38;2;192;197;206m [38;2;180;142;173mmatch[38;2;192;197;206m spec [38;2;192;197;206m{[K
[0m[48;2;40;67;43m[39m+     146[0m:[39m[48;2;24;38;30m [38;2;192;197;206m        [38;2;192;197;206m'[38;2;163;190;140mf[38;2;192;197;206m'[38;2;192;197;206m [38;2;192;197;206m=>[38;2;192;197;206m [38;2;192;197;206mformat![38;2;192;197;206m([38;2;192;197;206m"[38;2;163;190;140m{:.prec$}[38;2;192;197;206m"[38;2;192;197;206m,[38;2;192;197;206m val[38;2;192;197;206m,[38;2;192;197;206m prec [38;2;192;197;206m=[38;2;192;197;206m prec[38;2;192;197;206m)[38;2;192;197;206m,[K
[0m[48;2;40;67;43m[39m+     147[0m:[39m[48;2;24;38;30m [38;2;192;197;206m        [38;2;192;197;206m'[38;2;163;190;140me[38;2;192;197;206m'[38;2;192;197;206m [38;2;192;197;206m|[38;2;192;197;206m [38;2;192;197;206m'[38;2;163;190;140mE[38;2;192;197;206m'[38;2;192;197;206m [38;2;192;197;206m=>[38;2;192;197;206m [38;2;192;197;206m{[K
[0m[48;2;40;67;43m[39m+     148[0m:[39m[48;2;24;38;30m [38;2;192;197;206m            [38;2;180;142;173mlet[38;2;192;197;206m s [38;2;192;197;206m=[38;2;192;197;206m [38;2;192;197;206mformat![38;2;192;197;206m([38;2;192;197;206m"[38;2;163;190;140m{:.prec$e}[38;2;192;197;206m"[38;2;192;197;206m,[38;2;192;197;206m val[38;2;192;197;206m,[38;2;192;197;206m prec [38;2;192;197;206m=[38;2;192;197;206m prec[38;2;192;197;206m)[38;2;192;197;206m;[K
[0m[48;2;40;67;43m[39m+     149[0m:[39m[48;2;24;38;30m [38;2;192;197;206m            [38;2;101;115;126m//[38;2;101;115;126m Rust uses 'e', C uses 'e' with at least 2-digit exponent[K
[0m[48;2;40;67;43m[39m+     150[0m:[39m[48;2;24;38;30m [38;2;192;197;206m            [38;2;150;181;180mformat_exp[38;2;192;197;206m([38;2;192;197;206m&[38;2;192;197;206ms[38;2;192;197;206m,[38;2;192;197;206m spec[38;2;192;197;206m)[K
[0m[48;2;40;67;43m[39m+     151[0m:[39m[48;2;24;38;30m [38;2;192;197;206m        [38;2;192;197;206m}[K
[0m[48;2;40;67;43m[39m+     152[0m:[39m[48;2;24;38;30m [38;2;192;197;206m        [38;2;192;197;206m'[38;2;163;190;140mg[38;2;192;197;206m'[38;2;192;197;206m [38;2;192;197;206m|[38;2;192;197;206m [38;2;192;197;206m'[38;2;163;190;140mG[38;2;192;197;206m'[38;2;192;197;206m [38;2;192;197;206m=>[38;2;192;197;206m [38;2;150;181;180mformat_g[38;2;192;197;206m([38;2;192;197;206mval[38;2;192;197;206m,[38;2;192;197;206m prec[38;2;192;197;206m,[38;2;192;197;206m spec[38;2;192;197;206m)[38;2;192;197;206m,[K
[0m[48;2;40;67;43m[39m+     153[0m:[39m[48;2;24;38;30m [38;2;192;197;206m        [38;2;192;197;206m_[38;2;192;197;206m [38;2;192;197;206m=>[38;2;192;197;206m [38;2;192;197;206mformat![38;2;192;197;206m([38;2;192;197;206m"[38;2;208;135;112m{}[38;2;192;197;206m"[38;2;192;197;206m,[38;2;192;197;206m val[38;2;192;197;206m)[38;2;192;197;206m,[K
[0m[48;2;40;67;43m[39m+     154[0m:[39m[48;2;24;38;30m [38;2;192;197;206m    [38;2;192;197;206m}[38;2;192;197;206m;[K
[0m[48;2;40;67;43m[39m+     155[0m:[39m[48;2;24;38;30m [K
[0m[48;2;40;67;43m[39m+     156[0m:[39m[48;2;24;38;30m [38;2;192;197;206m    [38;2;101;115;126m//[38;2;101;115;126m Apply sign/space prefix[K
[0m[48;2;40;67;43m[39m+     157[0m:[39m[48;2;24;38;30m [38;2;192;197;206m    [38;2;180;142;173mlet[38;2;192;197;206m [38;2;192;197;206m([38;2;192;197;206msign_char[38;2;192;197;206m,[38;2;192;197;206m abs_str[38;2;192;197;206m)[38;2;192;197;206m [38;2;192;197;206m=[38;2;192;197;206m [38;2;180;142;173mif[38;2;192;197;206m num_str.[38;2;150;181;180mstarts_with[38;2;192;197;206m([38;2;192;197;206m'[38;2;163;190;140m-[38;2;192;197;206m'[38;2;192;197;206m)[38;2;192;197;206m [38;2;192;197;206m{[K
[0m[48;2;40;67;43m[39m+     158[0m:[39m[48;2;24;38;30m [38;2;192;197;206m        [38;2;192;197;206m([38;2;192;197;206m"[38;2;163;190;140m-[38;2;192;197;206m"[38;2;192;197;206m,[38;2;192;197;206m [38;2;192;197;206m&[38;2;192;197;206mnum_str[38;2;192;197;206m[[38;2;208;135;112m1[38;2;192;197;206m..[38;2;192;197;206m][38;2;192;197;206m)[K
[0m[48;2;40;67;43m[39m+     159[0m:[39m[48;2;24;38;30m [38;2;192;197;206m    [38;2;192;197;206m}[38;2;192;197;206m [38;2;180;142;173melse[38;2;192;197;206m [38;2;180;142;173mif[38;2;192;197;206m flag_plus [38;2;192;197;206m{[K
[0m[48;2;40;67;43m[39m+     160[0m:[39m[48;2;24;38;30m [38;2;192;197;206m        [38;2;192;197;206m([38;2;192;197;206m"[38;2;163;190;140m+[38;2;192;197;206m"[38;2;192;197;206m,[38;2;192;197;206m num_str.[38;2;150;181;180mas_str[38;2;192;197;206m([38;2;192;197;206m)[38;2;192;197;206m)[K
[0m[48;2;40;67;43m[39m+     161[0m:[39m[48;2;24;38;30m [38;2;192;197;206m    [38;2;192;197;206m}[38;2;192;197;206m [38;2;180;142;173melse[38;2;192;197;206m [38;2;180;142;173mif[38;2;192;197;206m flag_space [38;2;192;197;206m{[K
[0m[48;2;40;67;43m[39m+     162[0m:[39m[48;2;24;38;30m [38;2;192;197;206m        [38;2;192;197;206m([38;2;192;197;206m"[38;2;163;190;140m [38;2;192;197;206m"[38;2;192;197;206m,[38;2;192;197;206m num_str.[38;2;150;181;180mas_str[38;2;192;197;206m([38;2;192;197;206m)[38;2;192;197;206m)[K
[0m[48;2;40;67;43m[39m+     163[0m:[39m[48;2;24;38;30m [38;2;192;197;206m    [38;2;192;197;206m}[38;2;192;197;206m [38;2;180;142;173melse[38;2;192;197;206m [38;2;192;197;206m{[K
[0m[48;2;40;67;43m[39m+     164[0m:[39m[48;2;24;38;30m [38;2;192;197;206m        [38;2;192;197;206m([38;2;192;197;206m"[38;2;192;197;206m"[38;2;192;197;206m,[38;2;192;197;206m num_str.[38;2;150;181;180mas_str[38;2;192;197;206m([38;2;192;197;206m)[38;2;192;197;206m)[K
[0m[48;2;40;67;43m[39m+     165[0m:[39m[48;2;24;38;30m [38;2;192;197;206m    [38;2;192;197;206m}[38;2;192;197;206m;[K
[0m[48;2;40;67;43m[39m+     166[0m:[39m[48;2;24;38;30m [K
[0m[48;2;40;67;43m[39m+     167[0m:[39m[48;2;24;38;30m [38;2;192;197;206m    [38;2;180;142;173mlet[38;2;192;197;206m content [38;2;192;197;206m=[38;2;192;197;206m [38;2;192;197;206mformat![38;2;192;197;206m([38;2;192;197;206m"[38;2;208;135;112m{}[38;2;208;135;112m{}[38;2;208;135;112m{}[38;2;208;135;112m{}[38;2;192;197;206m"[38;2;192;197;206m,[38;2;192;197;206m prefix[38;2;192;197;206m,[38;2;192;197;206m sign_char[38;2;192;197;206m,[38;2;192;197;206m abs_str[38;2;192;197;206m,[38;2;192;197;206m suffix[38;2;192;197;206m)[38;2;192;197;206m;[K
[0m[48;2;40;67;43m[39m+     168[0m:[39m[48;2;24;38;30m [K
[0m[48;2;40;67;43m[39m+     169[0m:[39m[48;2;24;38;30m [38;2;192;197;206m    [38;2;180;142;173mif[38;2;192;197;206m width [38;2;192;197;206m>[38;2;192;197;206m [38;2;208;135;112m0[38;2;192;197;206m [38;2;192;197;206m&[38;2;192;197;206m&[38;2;192;197;206m content.[38;2;150;181;180mlen[38;2;192;197;206m([38;2;192;197;206m)[38;2;192;197;206m [38;2;192;197;206m<[38;2;192;197;206m width [38;2;192;197;206m{[K
[0m[48;2;40;67;43m[39m+     170[0m:[39m[48;2;24;38;30m [38;2;192;197;206m        [38;2;180;142;173mlet[38;2;192;197;206m pad [38;2;192;197;206m=[38;2;192;197;206m width [38;2;192;197;206m-[38;2;192;197;206m content.[38;2;150;181;180mlen[38;2;192;197;206m([38;2;192;197;206m)[38;2;192;197;206m;[K
[0m[48;2;40;67;43m[39m+     171[0m:[39m[48;2;24;38;30m [38;2;192;197;206m        [38;2;180;142;173mif[38;2;192;197;206m flag_minus [38;2;192;197;206m{[K
[0m[48;2;40;67;43m[39m+     172[0m:[39m[48;2;24;38;30m [38;2;192;197;206m            [38;2;192;197;206mformat![38;2;192;197;206m([38;2;192;197;206m"[38;2;208;135;112m{}[38;2;208;135;112m{}[38;2;192;197;206m"[38;2;192;197;206m,[38;2;192;197;206m content[38;2;192;197;206m,[38;2;192;197;206m [38;2;192;197;206m"[38;2;163;190;140m [38;2;192;197;206m"[38;2;192;197;206m.[38;2;150;181;180mrepeat[38;2;192;197;206m([38;2;192;197;206mpad[38;2;192;197;206m)[38;2;192;197;206m)[K
[0m[48;2;40;67;43m[39m+     173[0m:[39m[48;2;24;38;30m [38;2;192;197;206m        [38;2;192;197;206m}[38;2;192;197;206m [38;2;180;142;173melse[38;2;192;197;206m [38;2;192;197;206m{[K
[0m[48;2;40;67;43m[39m+     174[0m:[39m[48;2;24;38;30m [38;2;192;197;206m            [38;2;192;197;206mformat![38;2;192;197;206m([38;2;192;197;206m"[38;2;208;135;112m{}[38;2;208;135;112m{}[38;2;192;197;206m"[38;2;192;197;206m,[38;2;192;197;206m [38;2;192;197;206m"[38;2;163;190;140m [38;2;192;197;206m"[38;2;192;197;206m.[38;2;150;181;180mrepeat[38;2;192;197;206m([38;2;192;197;206mpad[38;2;192;197;206m)[38;2;192;197;206m,[38;2;192;197;206m content[38;2;192;197;206m)[K
[0m[48;2;40;67;43m[39m+     175[0m:[39m[48;2;24;38;30m [38;2;192;197;206m        [38;2;192;197;206m}[K
[0m[48;2;40;67;43m[39m+     176[0m:[39m[48;2;24;38;30m [38;2;192;197;206m    [38;2;192;197;206m}[38;2;192;197;206m [38;2;180;142;173melse[38;2;192;197;206m [38;2;192;197;206m{[K
[0m[48;2;40;67;43m[39m+     177[0m:[39m[48;2;24;38;30m [38;2;192;197;206m        content[K
[0m[48;2;40;67;43m[39m+     178[0m:[39m[48;2;24;38;30m [38;2;192;197;206m    [38;2;192;197;206m}[K
[0m[48;2;40;67;43m[39m+     179[0m:[39m[48;2;24;38;30m [38;2;192;197;206m}[K
[0m[48;2;40;67;43m[39m+     180[0m:[39m[48;2;24;38;30m [K
[0m[48;2;40;67;43m[39m+     181[0m:[39m[48;2;24;38;30m [38;2;180;142;173mfn[38;2;192;197;206m [38;2;143;161;179mformat_g[38;2;192;197;206m([38;2;191;97;106mval[38;2;192;197;206m:[38;2;192;197;206m [38;2;180;142;173mf64[38;2;192;197;206m, [38;2;191;97;106mprec[38;2;192;197;206m:[38;2;192;197;206m [38;2;180;142;173musize[38;2;192;197;206m, [38;2;191;97;106mspec[38;2;192;197;206m:[38;2;192;197;206m [38;2;180;142;173mchar[38;2;192;197;206m)[38;2;192;197;206m [38;2;192;197;206m->[38;2;192;197;206m String[38;2;192;197;206m [38;2;192;197;206m{[K
[0m[48;2;40;67;43m[39m+     182[0m:[39m[48;2;24;38;30m [38;2;192;197;206m    [38;2;180;142;173mlet[38;2;192;197;206m prec [38;2;192;197;206m=[38;2;192;197;206m [38;2;180;142;173mif[38;2;192;197;206m prec [38;2;192;197;206m=[38;2;192;197;206m=[38;2;192;197;206m [38;2;208;135;112m0[38;2;192;197;206m [38;2;192;197;206m{[38;2;192;197;206m [38;2;208;135;112m1[38;2;192;197;206m [38;2;192;197;206m}[38;2;192;197;206m [38;2;180;142;173melse[38;2;192;197;206m [38;2;192;197;206m{[38;2;192;197;206m prec [38;2;192;197;206m}[38;2;192;197;206m;[K
[0m[48;2;40;67;43m[39m+     183[0m:[39m[48;2;24;38;30m [38;2;192;197;206m    [38;2;180;142;173mif[38;2;192;197;206m val [38;2;192;197;206m=[38;2;192;197;206m=[38;2;192;197;206m [38;2;208;135;112m0.[38;2;208;135;112m0[38;2;192;197;206m [38;2;192;197;206m{[K
[0m[48;2;40;67;43m[39m+     184[0m:[39m[48;2;24;38;30m [38;2;192;197;206m        [38;2;101;115;126m//[38;2;101;115;126m %g with 0.0[K
[0m[48;2;40;67;43m[39m+     185[0m:[39m[48;2;24;38;30m [38;2;192;197;206m        [38;2;180;142;173mlet[38;2;192;197;206m s [38;2;192;197;206m=[38;2;192;197;206m [38;2;192;197;206mformat![38;2;192;197;206m([38;2;192;197;206m"[38;2;163;190;140m{:.prec$}[38;2;192;197;206m"[38;2;192;197;206m,[38;2;192;197;206m [38;2;208;135;112m0.[38;2;208;135;112m0[38;2;192;197;206m,[38;2;192;197;206m prec [38;2;192;197;206m=[38;2;192;197;206m prec [38;2;192;197;206m-[38;2;192;197;206m [38;2;208;135;112m1[38;2;192;197;206m)[38;2;192;197;206m;[K
[0m[48;2;40;67;43m[39m+     186[0m:[39m[48;2;24;38;30m [38;2;192;197;206m        [38;2;180;142;173mreturn[38;2;192;197;206m [38;2;150;181;180mstrip_trailing_zeros_g[38;2;192;197;206m([38;2;192;197;206m&[38;2;192;197;206ms[38;2;192;197;206m)[38;2;192;197;206m;[K
[0m[48;2;40;67;43m[39m+     187[0m:[39m[48;2;24;38;30m [38;2;192;197;206m    [38;2;192;197;206m}[K
[0m[48;2;40;67;43m[39m+     188[0m:[39m[48;2;24;38;30m [38;2;192;197;206m    [38;2;180;142;173mlet[38;2;192;197;206m exp [38;2;192;197;206m=[38;2;192;197;206m val.[38;2;150;181;180mabs[38;2;192;197;206m([38;2;192;197;206m)[38;2;192;197;206m.[38;2;150;181;180mlog10[38;2;192;197;206m([38;2;192;197;206m)[38;2;192;197;206m.[38;2;150;181;180mfloor[38;2;192;197;206m([38;2;192;197;206m)[38;2;192;197;206m [38;2;192;197;206mas[38;2;192;197;206m [38;2;180;142;173mi32[38;2;192;197;206m;[K
[0m[48;2;40;67;43m[39m+     189[0m:[39m[48;2;24;38;30m [38;2;192;197;206m    [38;2;180;142;173mif[38;2;192;197;206m exp [38;2;192;197;206m<[38;2;192;197;206m [38;2;192;197;206m-[38;2;192;197;206m([38;2;192;197;206mprec [38;2;192;197;206mas[38;2;192;197;206m [38;2;180;142;173mi32[38;2;192;197;206m)[38;2;192;197;206m [38;2;192;197;206m+[38;2;192;197;206m [38;2;208;135;112m1[38;2;192;197;206m [38;2;192;197;206m|[38;2;192;197;206m|[38;2;192;197;206m exp [38;2;192;197;206m>[38;2;192;197;206m=[38;2;192;197;206m prec [38;2;192;197;206mas[38;2;192;197;206m [38;2;180;142;173mi32[38;2;192;197;206m [38;2;192;197;206m{[K
[0m[48;2;40;67;43m[39m+     190[0m:[39m[48;2;24;38;30m [38;2;192;197;206m        [38;2;101;115;126m//[38;2;101;115;126m Use scientific notation[K
[0m[48;2;40;67;43m[39m+     191[0m:[39m[48;2;24;38;30m [38;2;192;197;206m        [38;2;180;142;173mlet[38;2;192;197;206m p [38;2;192;197;206m=[38;2;192;197;206m [38;2;180;142;173mif[38;2;192;197;206m prec [38;2;192;197;206m>[38;2;192;197;206m [38;2;208;135;112m1[38;2;192;197;206m [38;2;192;197;206m{[38;2;192;197;206m prec [38;2;192;197;206m-[38;2;192;197;206m [38;2;208;135;112m1[38;2;192;197;206m [38;2;192;197;206m}[38;2;192;197;206m [38;2;180;142;173melse[38;2;192;197;206m [38;2;192;197;206m{[38;2;192;197;206m [38;2;208;135;112m0[38;2;192;197;206m [38;2;192;197;206m}[38;2;192;197;206m;[K
[0m[48;2;40;67;43m[39m+     192[0m:[39m[48;2;24;38;30m [38;2;192;197;206m        [38;2;180;142;173mlet[38;2;192;197;206m s [38;2;192;197;206m=[38;2;192;197;206m [38;2;192;197;206mformat![38;2;192;197;206m([38;2;192;197;206m"[38;2;163;190;140m{:.p$e}[38;2;192;197;206m"[38;2;192;197;206m,[38;2;192;197;206m val[38;2;192;197;206m,[38;2;192;197;206m p [38;2;192;197;206m=[38;2;192;197;206m p[38;2;192;197;206m)[38;2;192;197;206m;[K
[0m[48;2;40;67;43m[39m+     193[0m:[39m[48;2;24;38;30m [38;2;192;197;206m        [38;2;180;142;173mlet[38;2;192;197;206m s [38;2;192;197;206m=[38;2;192;197;206m [38;2;150;181;180mformat_exp[38;2;192;197;206m([38;2;192;197;206m&[38;2;192;197;206ms[38;2;192;197;206m,[38;2;192;197;206m [38;2;180;142;173mif[38;2;192;197;206m spec [38;2;192;197;206m=[38;2;192;197;206m=[38;2;192;197;206m [38;2;192;197;206m'[38;2;163;190;140mG[38;2;192;197;206m'[38;2;192;197;206m [38;2;192;197;206m{[38;2;192;197;206m [38;2;192;197;206m'[38;2;163;190;140mE[38;2;192;197;206m'[38;2;192;197;206m [38;2;192;197;206m}[38;2;192;197;206m [38;2;180;142;173melse[38;2;192;197;206m [38;2;192;197;206m{[38;2;192;197;206m [38;2;192;197;206m'[38;2;163;190;140me[38;2;192;197;206m'[38;2;192;197;206m [38;2;192;197;206m}[38;2;192;197;206m)[38;2;192;197;206m;[K
[0m[48;2;40;67;43m[39m+     194[0m:[39m[48;2;24;38;30m [38;2;192;197;206m        [38;2;150;181;180mstrip_trailing_zeros_g[38;2;192;197;206m([38;2;192;197;206m&[38;2;192;197;206ms[38;2;192;197;206m)[K
[0m[48;2;40;67;43m[39m+     195[0m:[39m[48;2;24;38;30m [38;2;192;197;206m    [38;2;192;197;206m}[38;2;192;197;206m [38;2;180;142;173melse[38;2;192;197;206m [38;2;192;197;206m{[K
[0m[48;2;40;67;43m[39m+     196[0m:[39m[48;2;24;38;30m [38;2;192;197;206m        [38;2;101;115;126m//[38;2;101;115;126m Use fixed notation[K
[0m[48;2;40;67;43m[39m+     197[0m:[39m[48;2;24;38;30m [38;2;192;197;206m        [38;2;180;142;173mlet[38;2;192;197;206m decimal_digits [38;2;192;197;206m=[38;2;192;197;206m [38;2;180;142;173mif[38;2;192;197;206m prec [38;2;192;197;206mas[38;2;192;197;206m [38;2;180;142;173mi32[38;2;192;197;206m [38;2;192;197;206m-[38;2;192;197;206m [38;2;208;135;112m1[38;2;192;197;206m [38;2;192;197;206m-[38;2;192;197;206m exp [38;2;192;197;206m>[38;2;192;197;206m [38;2;208;135;112m0[38;2;192;197;206m [38;2;192;197;206m{[K
[0m[48;2;40;67;43m[39m+     198[0m:[39m[48;2;24;38;30m [38;2;192;197;206m            [38;2;192;197;206m([38;2;192;197;206mprec [38;2;192;197;206mas[38;2;192;197;206m [38;2;180;142;173mi32[38;2;192;197;206m [38;2;192;197;206m-[38;2;192;197;206m [38;2;208;135;112m1[38;2;192;197;206m [38;2;192;197;206m-[38;2;192;197;206m exp[38;2;192;197;206m)[38;2;192;197;206m [38;2;192;197;206mas[38;2;192;197;206m [38;2;180;142;173musize[K
[0m[48;2;40;67;43m[39m+     199[0m:[39m[48;2;24;38;30m [38;2;192;197;206m        [38;2;192;197;206m}[38;2;192;197;206m [38;2;180;142;173melse[38;2;192;197;206m [38;2;192;197;206m{[K
[0m[48;2;40;67;43m[39m+     200[0m:[39m[48;2;24;38;30m [38;2;192;197;206m            [38;2;208;135;112m0[K
[0m[48;2;40;67;43m[39m+     201[0m:[39m[48;2;24;38;30m [38;2;192;197;206m        [38;2;192;197;206m}[38;2;192;197;206m;[K
[0m[48;2;40;67;43m[39m+     202[0m:[39m[48;2;24;38;30m [38;2;192;197;206m        [38;2;180;142;173mlet[38;2;192;197;206m s [38;2;192;197;206m=[38;2;192;197;206m [38;2;192;197;206mformat![38;2;192;197;206m([38;2;192;197;206m"[38;2;163;190;140m{:.decimal_digits$}[38;2;192;197;206m"[38;2;192;197;206m,[38;2;192;197;206m val[38;2;192;197;206m,[38;2;192;197;206m decimal_digits [38;2;192;197;206m=[38;2;192;197;206m decimal_digits[38;2;192;197;206m)[38;2;192;197;206m;[K
[0m[48;2;40;67;43m[39m+     203[0m:[39m[48;2;24;38;30m [38;2;192;197;206m        [38;2;150;181;180mstrip_trailing_zeros_g[38;2;192;197;206m([38;2;192;197;206m&[38;2;192;197;206ms[38;2;192;197;206m)[K
[0m[48;2;40;67;43m[39m+     204[0m:[39m[48;2;24;38;30m [38;2;192;197;206m    [38;2;192;197;206m}[K
[0m[48;2;40;67;43m[39m+     205[0m:[39m[48;2;24;38;30m [38;2;192;197;206m}[K
[0m[48;2;40;67;43m[39m+     206[0m:[39m[48;2;24;38;30m [K
[0m[48;2;40;67;43m[39m+     207[0m:[39m[48;2;24;38;30m [38;2;180;142;173mfn[38;2;192;197;206m [38;2;143;161;179mstrip_trailing_zeros_g[38;2;192;197;206m([38;2;191;97;106ms[38;2;192;197;206m:[38;2;192;197;206m [38;2;192;197;206m&[38;2;180;142;173mstr[38;2;192;197;206m)[38;2;192;197;206m [38;2;192;197;206m->[38;2;192;197;206m String[38;2;192;197;206m [38;2;192;197;206m{[K
[0m[48;2;40;67;43m[39m+     208[0m:[39m[48;2;24;38;30m [38;2;192;197;206m    [38;2;101;115;126m//[38;2;101;115;126m For %g, trailing zeros after decimal point are removed[K
[0m[48;2;40;67;43m[39m+     209[0m:[39m[48;2;24;38;30m [38;2;192;197;206m    [38;2;180;142;173mif[38;2;192;197;206m [38;2;180;142;173mlet[38;2;192;197;206m [38;2;192;197;206mSome[38;2;192;197;206m([38;2;192;197;206mdot_pos[38;2;192;197;206m)[38;2;192;197;206m [38;2;192;197;206m=[38;2;192;197;206m s.[38;2;150;181;180mfind[38;2;192;197;206m([38;2;192;197;206m'[38;2;163;190;140m.[38;2;192;197;206m'[38;2;192;197;206m)[38;2;192;197;206m [38;2;192;197;206m{[K
[0m[48;2;40;67;43m[39m+     210[0m:[39m[48;2;24;38;30m [38;2;192;197;206m        [38;2;101;115;126m//[38;2;101;115;126m Check if there's an exponent[K
[0m[48;2;40;67;43m[39m+     211[0m:[39m[48;2;24;38;30m [38;2;192;197;206m        [38;2;180;142;173mlet[38;2;192;197;206m [38;2;192;197;206m([38;2;192;197;206mmantissa[38;2;192;197;206m,[38;2;192;197;206m exp_part[38;2;192;197;206m)[38;2;192;197;206m [38;2;192;197;206m=[38;2;192;197;206m [38;2;180;142;173mif[38;2;192;197;206m [38;2;180;142;173mlet[38;2;192;197;206m [38;2;192;197;206mSome[38;2;192;197;206m([38;2;192;197;206me_pos[38;2;192;197;206m)[38;2;192;197;206m [38;2;192;197;206m=[38;2;192;197;206m s[38;2;192;197;206m[[38;2;192;197;206mdot_pos[38;2;192;197;206m..[38;2;192;197;206m][38;2;192;197;206m.[38;2;150;181;180mfind[38;2;192;197;206m([38;2;192;197;206m|[38;2;191;97;106mc[38;2;192;197;206m:[38;2;192;197;206m [38;2;180;142;173mchar[38;2;192;197;206m|[38;2;192;197;206m [38;2;192;197;206mc [38;2;192;197;206m=[38;2;192;197;206m=[38;2;192;197;206m [38;2;192;197;206m'[38;2;163;190;140me[38;2;192;197;206m'[38;2;192;197;206m [38;2;192;197;206m|[38;2;192;197;206m|[38;2;192;197;206m c [38;2;192;197;206m=[38;2;192;197;206m=[38;2;192;197;206m [38;2;192;197;206m'[38;2;163;190;140mE[38;2;192;197;206m'[38;2;192;197;206m)[38;2;192;197;206m [38;2;192;197;206m{[K
[0m[48;2;40;67;43m[39m+     212[0m:[39m[48;2;24;38;30m [38;2;192;197;206m            [38;2;192;197;206m([38;2;192;197;206m&[38;2;192;197;206ms[38;2;192;197;206m[[38;2;192;197;206m..[38;2;192;197;206mdot_pos [38;2;192;197;206m+[38;2;192;197;206m e_pos[38;2;192;197;206m][38;2;192;197;206m,[38;2;192;197;206m [38;2;192;197;206m&[38;2;192;197;206ms[38;2;192;197;206m[[38;2;192;197;206mdot_pos [38;2;192;197;206m+[38;2;192;197;206m e_pos[38;2;192;197;206m..[38;2;192;197;206m][38;2;192;197;206m)[K
[0m[48;2;40;67;43m[39m+     213[0m:[39m[48;2;24;38;30m [38;2;192;197;206m        [38;2;192;197;206m}[38;2;192;197;206m [38;2;180;142;173melse[38;2;192;197;206m [38;2;192;197;206m{[K
[0m[48;2;40;67;43m[39m+     214[0m:[39m[48;2;24;38;30m [38;2;192;197;206m            [38;2;192;197;206m([38;2;192;197;206ms[38;2;192;197;206m,[38;2;192;197;206m [38;2;192;197;206m"[38;2;192;197;206m"[38;2;192;197;206m)[K
[0m[48;2;40;67;43m[39m+     215[0m:[39m[48;2;24;38;30m [38;2;192;197;206m        [38;2;192;197;206m}[38;2;192;197;206m;[K
[0m[48;2;40;67;43m[39m+     216[0m:[39m[48;2;24;38;30m [38;2;192;197;206m        [38;2;180;142;173mlet[38;2;192;197;206m trimmed [38;2;192;197;206m=[38;2;192;197;206m mantissa.[38;2;150;181;180mtrim_end_matches[38;2;192;197;206m([38;2;192;197;206m'[38;2;163;190;140m0[38;2;192;197;206m'[38;2;192;197;206m)[38;2;192;197;206m;[K
[0m[48;2;40;67;43m[39m+     217[0m:[39m[48;2;24;38;30m [38;2;192;197;206m        [38;2;180;142;173mlet[38;2;192;197;206m trimmed [38;2;192;197;206m=[38;2;192;197;206m trimmed.[38;2;150;181;180mtrim_end_matches[38;2;192;197;206m([38;2;192;197;206m'[38;2;163;190;140m.[38;2;192;197;206m'[38;2;192;197;206m)[38;2;192;197;206m;[K
[0m[48;2;40;67;43m[39m+     218[0m:[39m[48;2;24;38;30m [38;2;192;197;206m        [38;2;192;197;206mformat![38;2;192;197;206m([38;2;192;197;206m"[38;2;208;135;112m{}[38;2;208;135;112m{}[38;2;192;197;206m"[38;2;192;197;206m,[38;2;192;197;206m trimmed[38;2;192;197;206m,[38;2;192;197;206m exp_part[38;2;192;197;206m)[K
[0m[48;2;40;67;43m[39m+     219[0m:[39m[48;2;24;38;30m [38;2;192;197;206m    [38;2;192;197;206m}[38;2;192;197;206m [38;2;180;142;173melse[38;2;192;197;206m [38;2;192;197;206m{[K
[0m[48;2;40;67;43m[39m+     220[0m:[39m[48;2;24;38;30m [38;2;192;197;206m        s.[38;2;150;181;180mto_string[38;2;192;197;206m([38;2;192;197;206m)[K
[0m[48;2;40;67;43m[39m+     221[0m:[39m[48;2;24;38;30m [38;2;192;197;206m    [38;2;192;197;206m}[K
[0m[48;2;40;67;43m[39m+     222[0m:[39m[48;2;24;38;30m [38;2;192;197;206m}[K
[0m[48;2;40;67;43m[39m+     223[0m:[39m[48;2;24;38;30m [K
[0m[48;2;40;67;43m[39m+     224[0m:[39m[48;2;24;38;30m [38;2;180;142;173mfn[38;2;192;197;206m [38;2;143;161;179mformat_exp[38;2;192;197;206m([38;2;191;97;106ms[38;2;192;197;206m:[38;2;192;197;206m [38;2;192;197;206m&[38;2;180;142;173mstr[38;2;192;197;206m, [38;2;191;97;106mspec[38;2;192;197;206m:[38;2;192;197;206m [38;2;180;142;173mchar[38;2;192;197;206m)[38;2;192;197;206m [38;2;192;197;206m->[38;2;192;197;206m String[38;2;192;197;206m [38;2;192;197;206m{[K
[0m[48;2;40;67;43m[39m+     225[0m:[39m[48;2;24;38;30m [38;2;192;197;206m    [38;2;101;115;126m//[38;2;101;115;126m Convert Rust's scientific notation to C-style (e.g., "1.23e1" -> "1.23e+01")[K
[0m[48;2;40;67;43m[39m+     226[0m:[39m[48;2;24;38;30m [38;2;192;197;206m    [38;2;180;142;173mif[38;2;192;197;206m [38;2;180;142;173mlet[38;2;192;197;206m [38;2;192;197;206mSome[38;2;192;197;206m([38;2;192;197;206me_pos[38;2;192;197;206m)[38;2;192;197;206m [38;2;192;197;206m=[38;2;192;197;206m s.[38;2;150;181;180mfind[38;2;192;197;206m([38;2;192;197;206m'[38;2;163;190;140me[38;2;192;197;206m'[38;2;192;197;206m)[38;2;192;197;206m [38;2;192;197;206m{[K
[0m[48;2;40;67;43m[39m+     227[0m:[39m[48;2;24;38;30m [38;2;192;197;206m        [38;2;180;142;173mlet[38;2;192;197;206m mantissa [38;2;192;197;206m=[38;2;192;197;206m [38;2;192;197;206m&[38;2;192;197;206ms[38;2;192;197;206m[[38;2;192;197;206m..[38;2;192;197;206me_pos[38;2;192;197;206m][38;2;192;197;206m;[K
[0m[48;2;40;67;43m[39m+     228[0m:[39m[48;2;24;38;30m [38;2;192;197;206m        [38;2;180;142;173mlet[38;2;192;197;206m exp_str [38;2;192;197;206m=[38;2;192;197;206m [38;2;192;197;206m&[38;2;192;197;206ms[38;2;192;197;206m[[38;2;192;197;206me_pos [38;2;192;197;206m+[38;2;192;197;206m [38;2;208;135;112m1[38;2;192;197;206m..[38;2;192;197;206m][38;2;192;197;206m;[K
[0m[48;2;40;67;43m[39m+     229[0m:[39m[48;2;24;38;30m [38;2;192;197;206m        [38;2;180;142;173mlet[38;2;192;197;206m exp_val[38;2;192;197;206m:[38;2;192;197;206m [38;2;180;142;173mi32[38;2;192;197;206m [38;2;192;197;206m=[38;2;192;197;206m exp_str.[38;2;150;181;180mparse[38;2;192;197;206m([38;2;192;197;206m)[38;2;192;197;206m.[38;2;150;181;180munwrap_or[38;2;192;197;206m([38;2;208;135;112m0[38;2;192;197;206m)[38;2;192;197;206m;[K
[0m[48;2;40;67;43m[39m+     230[0m:[39m[48;2;24;38;30m [38;2;192;197;206m        [38;2;180;142;173mlet[38;2;192;197;206m e_char [38;2;192;197;206m=[38;2;192;197;206m [38;2;180;142;173mif[38;2;192;197;206m spec [38;2;192;197;206m=[38;2;192;197;206m=[38;2;192;197;206m [38;2;192;197;206m'[38;2;163;190;140mE[38;2;192;197;206m'[38;2;192;197;206m [38;2;192;197;206m|[38;2;192;197;206m|[38;2;192;197;206m spec [38;2;192;197;206m=[38;2;192;197;206m=[38;2;192;197;206m [38;2;192;197;206m'[38;2;163;190;140mG[38;2;192;197;206m'[38;2;192;197;206m [38;2;192;197;206m{[38;2;192;197;206m [38;2;192;197;206m'[38;2;163;190;140mE[38;2;192;197;206m'[38;2;192;197;206m [38;2;192;197;206m}[38;2;192;197;206m [38;2;180;142;173melse[38;2;192;197;206m [38;2;192;197;206m{[38;2;192;197;206m [38;2;192;197;206m'[38;2;163;190;140me[38;2;192;197;206m'[38;2;192;197;206m [38;2;192;197;206m}[38;2;192;197;206m;[K
[0m[48;2;40;67;43m[39m+     231[0m:[39m[48;2;24;38;30m [38;2;192;197;206m        [38;2;180;142;173mif[38;2;192;197;206m exp_val [38;2;192;197;206m>[38;2;192;197;206m=[38;2;192;197;206m [38;2;208;135;112m0[38;2;192;197;206m [38;2;192;197;206m{[K
[0m[48;2;40;67;43m[39m+     232[0m:[39m[48;2;24;38;30m [38;2;192;197;206m            [38;2;180;142;173mif[38;2;192;197;206m exp_val.[38;2;150;181;180mabs[38;2;192;197;206m([38;2;192;197;206m)[38;2;192;197;206m [38;2;192;197;206m>[38;2;192;197;206m=[38;2;192;197;206m [38;2;208;135;112m100[38;2;192;197;206m [38;2;192;197;206m{[K
[0m[48;2;40;67;43m[39m+     233[0m:[39m[48;2;24;38;30m [38;2;192;197;206m                [38;2;192;197;206mformat![38;2;192;197;206m([38;2;192;197;206m"[38;2;208;135;112m{}[38;2;208;135;112m{}[38;2;163;190;140m+[38;2;208;135;112m{:03}[38;2;192;197;206m"[38;2;192;197;206m,[38;2;192;197;206m mantissa[38;2;192;197;206m,[38;2;192;197;206m e_char[38;2;192;197;206m,[38;2;192;197;206m exp_val[38;2;192;197;206m)[K
[0m[48;2;40;67;43m[39m+     234[0m:[39m[48;2;24;38;30m [38;2;192;197;206m            [38;2;192;197;206m}[38;2;192;197;206m [38;2;180;142;173melse[38;2;192;197;206m [38;2;192;197;206m{[K
[0m[48;2;40;67;43m[39m+     235[0m:[39m[48;2;24;38;30m [38;2;192;197;206m                [38;2;192;197;206mformat![38;2;192;197;206m([38;2;192;197;206m"[38;2;208;135;112m{}[38;2;208;135;112m{}[38;2;163;190;140m+[38;2;208;135;112m{:02}[38;2;192;197;206m"[38;2;192;197;206m,[38;2;192;197;206m mantissa[38;2;192;197;206m,[38;2;192;197;206m e_char[38;2;192;197;206m,[38;2;192;197;206m exp_val[38;2;192;197;206m)[K
[0m[48;2;40;67;43m[39m+     236[0m:[39m[48;2;24;38;30m [38;2;192;197;206m            [38;2;192;197;206m}[K
[0m[48;2;40;67;43m[39m+     237[0m:[39m[48;2;24;38;30m [38;2;192;197;206m        [38;2;192;197;206m}[38;2;192;197;206m [38;2;180;142;173melse[38;2;192;197;206m [38;2;192;197;206m{[K
[0m[48;2;40;67;43m[39m+     238[0m:[39m[48;2;24;38;30m [38;2;192;197;206m            [38;2;180;142;173mif[38;2;192;197;206m exp_val.[38;2;150;181;180mabs[38;2;192;197;206m([38;2;192;197;206m)[38;2;192;197;206m [38;2;192;197;206m>[38;2;192;197;206m=[38;2;192;197;206m [38;2;208;135;112m100[38;2;192;197;206m [38;2;192;197;206m{[K
[0m[48;2;40;67;43m[39m+     239[0m:[39m[48;2;24;38;30m [38;2;192;197;206m                [38;2;192;197;206mformat![38;2;192;197;206m([38;2;192;197;206m"[38;2;208;135;112m{}[38;2;208;135;112m{}[38;2;163;190;140m-[38;2;208;135;112m{:03}[38;2;192;197;206m"[38;2;192;197;206m,[38;2;192;197;206m mantissa[38;2;192;197;206m,[38;2;192;197;206m e_char[38;2;192;197;206m,[38;2;192;197;206m [38;2;192;197;206m-[38;2;192;197;206mexp_val[38;2;192;197;206m)[K
[0m[48;2;40;67;43m[39m+     240[0m:[39m[48;2;24;38;30m [38;2;192;197;206m            [38;2;192;197;206m}[38;2;192;197;206m [38;2;180;142;173melse[38;2;192;197;206m [38;2;192;197;206m{[K
[0m[48;2;40;67;43m[39m+     241[0m:[39m[48;2;24;38;30m [38;2;192;197;206m                [38;2;192;197;206mformat![38;2;192;197;206m([38;2;192;197;206m"[38;2;208;135;112m{}[38;2;208;135;112m{}[38;2;163;190;140m-[38;2;208;135;112m{:02}[38;2;192;197;206m"[38;2;192;197;206m,[38;2;192;197;206m mantissa[38;2;192;197;206m,[38;2;192;197;206m e_char[38;2;192;197;206m,[38;2;192;197;206m [38;2;192;197;206m-[38;2;192;197;206mexp_val[38;2;192;197;206m)[K
[0m[48;2;40;67;43m[39m+     242[0m:[39m[48;2;24;38;30m [38;2;192;197;206m            [38;2;192;197;206m}[K
[0m[48;2;40;67;43m[39m+     243[0m:[39m[48;2;24;38;30m [38;2;192;197;206m        [38;2;192;197;206m}[K
[0m[48;2;40;67;43m[39m+     244[0m:[39m[48;2;24;38;30m [38;2;192;197;206m    [38;2;192;197;206m}[38;2;192;197;206m [38;2;180;142;173melse[38;2;192;197;206m [38;2;192;197;206m{[K
[0m[48;2;40;67;43m[39m+     245[0m:[39m[48;2;24;38;30m [38;2;192;197;206m        s.[38;2;150;181;180mto_string[38;2;192;197;206m([38;2;192;197;206m)[K
[0m[48;2;43;48;59m[39m  38, 246[0m:[39m[48;2;43;48;59m [38;2;192;197;206m    [38;2;192;197;206m}[K
[0m[48;2;43;48;59m[39m  39, 247[0m:[39m[48;2;43;48;59m [38;2;192;197;206m}[K
[0m[K
Replacing: [38;5;141msrc/avalanche.rs[0m
[38;5;244m - Completed in 0.0s[0m

[?25l[0m[?25l[0m[0m[38;5;11mTODO:
[39m[38;5;10m[x] [3m[38;5;244mImplement all unimplemented!() bodies in src/avalanche.rs[23m
[0m[ ] Create src/bin/matrix_test.rs based on C test[38;5;244m - Completed in 0.0s[0m

[?25l[0m[38;5;141m> [0mNow create the test file based on the C test:[0m[0m
[?25l[0m[0mI will run the following command: [38;5;141mmkdir -p /tmp/harvest-crust-Z6vJPl/project/src/bin[0m[38;5;244m (using tool: shell)[0m
Purpose: Create bin directory for test file

[38;5;244m - Completed in 0.5s[0m

[?25l[0m[?25l[0m[0mI'll create the following file: [38;5;141m/tmp/harvest-crust-Z6vJPl/project/src/bin/matrix_test.rs[0m[38;5;244m (using tool: write)[0m
Purpose: Create matrix_test.rs based on C test file

[48;2;40;67;43m[39m+     1[0m:[39m[48;2;24;38;30m [38;2;180;142;173muse[38;2;192;197;206m [38;2;192;197;206mavalanche[38;2;192;197;206m::[38;2;192;197;206mavalanche[38;2;192;197;206m::[38;2;192;197;206mMatrix[38;2;192;197;206m;[K
[0m[48;2;40;67;43m[39m+     2[0m:[39m[48;2;24;38;30m [K
[0m[48;2;40;67;43m[39m+     3[0m:[39m[48;2;24;38;30m [38;2;192;197;206m#[38;2;192;197;206m[[38;2;191;97;106mtest[38;2;192;197;206m][K
[0m[48;2;40;67;43m[39m+     4[0m:[39m[48;2;24;38;30m [38;2;180;142;173mfn[38;2;192;197;206m [38;2;143;161;179mtest_macros[38;2;192;197;206m([38;2;192;197;206m)[38;2;192;197;206m [38;2;192;197;206m{[K
[0m[48;2;40;67;43m[39m+     5[0m:[39m[48;2;24;38;30m [38;2;192;197;206m    [38;2;180;142;173mlet[38;2;192;197;206m [38;2;180;142;173mmut[38;2;192;197;206m m [38;2;192;197;206m=[38;2;192;197;206m [38;2;192;197;206mMatrix[38;2;192;197;206m::[38;2;192;197;206mmatrix_alloc[38;2;192;197;206m([38;2;208;135;112m2[38;2;192;197;206m,[38;2;192;197;206m [38;2;208;135;112m2[38;2;192;197;206m)[38;2;192;197;206m;[K
[0m[48;2;40;67;43m[39m+     6[0m:[39m[48;2;24;38;30m [38;2;192;197;206m    [38;2;192;197;206massert![38;2;192;197;206m([38;2;192;197;206m![38;2;192;197;206mm.vals.[38;2;150;181;180mis_empty[38;2;192;197;206m([38;2;192;197;206m)[38;2;192;197;206m)[38;2;192;197;206m;[K
[0m[48;2;40;67;43m[39m+     7[0m:[39m[48;2;24;38;30m [K
[0m[48;2;40;67;43m[39m+     8[0m:[39m[48;2;24;38;30m [38;2;192;197;206m    [38;2;180;142;173mfor[38;2;192;197;206m r [38;2;192;197;206min[38;2;192;197;206m [38;2;208;135;112m0[38;2;192;197;206m..[38;2;208;135;112m2[38;2;192;197;206m [38;2;192;197;206m{[K
[0m[48;2;40;67;43m[39m+     9[0m:[39m[48;2;24;38;30m [38;2;192;197;206m        [38;2;180;142;173mfor[38;2;192;197;206m c [38;2;192;197;206min[38;2;192;197;206m [38;2;208;135;112m0[38;2;192;197;206m..[38;2;208;135;112m2[38;2;192;197;206m [38;2;192;197;206m{[K
[0m[48;2;40;67;43m[39m+    10[0m:[39m[48;2;24;38;30m [38;2;192;197;206m            m.[38;2;150;181;180mmatrix_set[38;2;192;197;206m([38;2;192;197;206mr[38;2;192;197;206m,[38;2;192;197;206m c[38;2;192;197;206m,[38;2;192;197;206m [38;2;208;135;112m1.[38;2;208;135;112m0[38;2;192;197;206m [38;2;192;197;206m/[38;2;192;197;206m [38;2;192;197;206m([38;2;192;197;206mr [38;2;192;197;206m+[38;2;192;197;206m c [38;2;192;197;206m+[38;2;192;197;206m [38;2;208;135;112m1[38;2;192;197;206m)[38;2;192;197;206m [38;2;192;197;206mas[38;2;192;197;206m [38;2;180;142;173mf64[38;2;192;197;206m)[38;2;192;197;206m;[K
[0m[48;2;40;67;43m[39m+    11[0m:[39m[48;2;24;38;30m [38;2;192;197;206m        [38;2;192;197;206m}[K
[0m[48;2;40;67;43m[39m+    12[0m:[39m[48;2;24;38;30m [38;2;192;197;206m    [38;2;192;197;206m}[K
[0m[48;2;40;67;43m[39m+    13[0m:[39m[48;2;24;38;30m [K
[0m[48;2;40;67;43m[39m+    14[0m:[39m[48;2;24;38;30m [38;2;192;197;206m    [38;2;180;142;173mfor[38;2;192;197;206m r [38;2;192;197;206min[38;2;192;197;206m [38;2;208;135;112m0[38;2;192;197;206m..[38;2;208;135;112m2[38;2;192;197;206m [38;2;192;197;206m{[K
[0m[48;2;40;67;43m[39m+    15[0m:[39m[48;2;24;38;30m [38;2;192;197;206m        [38;2;180;142;173mfor[38;2;192;197;206m c [38;2;192;197;206min[38;2;192;197;206m [38;2;208;135;112m0[38;2;192;197;206m..[38;2;208;135;112m2[38;2;192;197;206m [38;2;192;197;206m{[K
[0m[48;2;40;67;43m[39m+    16[0m:[39m[48;2;24;38;30m [38;2;192;197;206m            [38;2;180;142;173mlet[38;2;192;197;206m expected [38;2;192;197;206m=[38;2;192;197;206m [38;2;208;135;112m1.[38;2;208;135;112m0[38;2;192;197;206m [38;2;192;197;206m/[38;2;192;197;206m [38;2;192;197;206m([38;2;192;197;206mr [38;2;192;197;206m+[38;2;192;197;206m c [38;2;192;197;206m+[38;2;192;197;206m [38;2;208;135;112m1[38;2;192;197;206m)[38;2;192;197;206m [38;2;192;197;206mas[38;2;192;197;206m [38;2;180;142;173mf64[38;2;192;197;206m;[K
[0m[48;2;40;67;43m[39m+    17[0m:[39m[48;2;24;38;30m [38;2;192;197;206m            [38;2;192;197;206massert_eq![38;2;192;197;206m([38;2;192;197;206mexpected[38;2;192;197;206m,[38;2;192;197;206m m.[38;2;150;181;180mmatrix_get[38;2;192;197;206m([38;2;192;197;206mr[38;2;192;197;206m,[38;2;192;197;206m c[38;2;192;197;206m)[38;2;192;197;206m)[38;2;192;197;206m;[K
[0m[48;2;40;67;43m[39m+    18[0m:[39m[48;2;24;38;30m [38;2;192;197;206m        [38;2;192;197;206m}[K
[0m[48;2;40;67;43m[39m+    19[0m:[39m[48;2;24;38;30m [38;2;192;197;206m    [38;2;192;197;206m}[K
[0m[48;2;40;67;43m[39m+    20[0m:[39m[48;2;24;38;30m [38;2;192;197;206m    [38;2;192;197;206mprintln![38;2;192;197;206m([38;2;192;197;206m"[38;2;163;190;140mtest_macros PASS[38;2;192;197;206m"[38;2;192;197;206m)[38;2;192;197;206m;[K
[0m[48;2;40;67;43m[39m+    21[0m:[39m[48;2;24;38;30m [38;2;192;197;206m}[K
[0m[48;2;40;67;43m[39m+    22[0m:[39m[48;2;24;38;30m [K
[0m[48;2;40;67;43m[39m+    23[0m:[39m[48;2;24;38;30m [38;2;192;197;206m#[38;2;192;197;206m[[38;2;191;97;106mtest[38;2;192;197;206m][K
[0m[48;2;40;67;43m[39m+    24[0m:[39m[48;2;24;38;30m [38;2;180;142;173mfn[38;2;192;197;206m [38;2;143;161;179mprint_hilbert[38;2;192;197;206m([38;2;192;197;206m)[38;2;192;197;206m [38;2;192;197;206m{[K
[0m[48;2;40;67;43m[39m+    25[0m:[39m[48;2;24;38;30m [38;2;192;197;206m    [38;2;180;142;173mlet[38;2;192;197;206m [38;2;180;142;173mmut[38;2;192;197;206m m [38;2;192;197;206m=[38;2;192;197;206m [38;2;192;197;206mMatrix[38;2;192;197;206m::[38;2;192;197;206mmatrix_alloc[38;2;192;197;206m([38;2;208;135;112m3[38;2;192;197;206m,[38;2;192;197;206m [38;2;208;135;112m3[38;2;192;197;206m)[38;2;192;197;206m;[K
[0m[48;2;40;67;43m[39m+    26[0m:[39m[48;2;24;38;30m [38;2;192;197;206m    [38;2;192;197;206massert![38;2;192;197;206m([38;2;192;197;206m![38;2;192;197;206mm.vals.[38;2;150;181;180mis_empty[38;2;192;197;206m([38;2;192;197;206m)[38;2;192;197;206m)[38;2;192;197;206m;[K
[0m[48;2;40;67;43m[39m+    27[0m:[39m[48;2;24;38;30m [K
[0m[48;2;40;67;43m[39m+    28[0m:[39m[48;2;24;38;30m [38;2;192;197;206m    [38;2;180;142;173mfor[38;2;192;197;206m r [38;2;192;197;206min[38;2;192;197;206m [38;2;208;135;112m0[38;2;192;197;206m..[38;2;208;135;112m3[38;2;192;197;206m [38;2;192;197;206m{[K
[0m[48;2;40;67;43m[39m+    29[0m:[39m[48;2;24;38;30m [38;2;192;197;206m        [38;2;180;142;173mfor[38;2;192;197;206m c [38;2;192;197;206min[38;2;192;197;206m [38;2;208;135;112m0[38;2;192;197;206m..[38;2;208;135;112m3[38;2;192;197;206m [38;2;192;197;206m{[K
[0m[48;2;40;67;43m[39m+    30[0m:[39m[48;2;24;38;30m [38;2;192;197;206m            m.[38;2;150;181;180mmatrix_set[38;2;192;197;206m([38;2;192;197;206mr[38;2;192;197;206m,[38;2;192;197;206m c[38;2;192;197;206m,[38;2;192;197;206m [38;2;208;135;112m1.[38;2;208;135;112m0[38;2;192;197;206m [38;2;192;197;206m/[38;2;192;197;206m [38;2;192;197;206m([38;2;192;197;206mr [38;2;192;197;206m+[38;2;192;197;206m c [38;2;192;197;206m+[38;2;192;197;206m [38;2;208;135;112m1[38;2;192;197;206m)[38;2;192;197;206m [38;2;192;197;206mas[38;2;192;197;206m [38;2;180;142;173mf64[38;2;192;197;206m)[38;2;192;197;206m;[K
[0m[48;2;40;67;43m[39m+    31[0m:[39m[48;2;24;38;30m [38;2;192;197;206m        [38;2;192;197;206m}[K
[0m[48;2;40;67;43m[39m+    32[0m:[39m[48;2;24;38;30m [38;2;192;197;206m    [38;2;192;197;206m}[K
[0m[48;2;40;67;43m[39m+    33[0m:[39m[48;2;24;38;30m [K
[0m[48;2;40;67;43m[39m+    34[0m:[39m[48;2;24;38;30m [38;2;192;197;206m    [38;2;180;142;173mlet[38;2;192;197;206m [38;2;180;142;173mmut[38;2;192;197;206m out [38;2;192;197;206m=[38;2;192;197;206m [38;2;192;197;206mVec[38;2;192;197;206m::[38;2;192;197;206mnew[38;2;192;197;206m([38;2;192;197;206m)[38;2;192;197;206m;[K
[0m[48;2;40;67;43m[39m+    35[0m:[39m[48;2;24;38;30m [38;2;192;197;206m    m.[38;2;150;181;180mmatrix_fprintf[38;2;192;197;206m([38;2;192;197;206m&[38;2;180;142;173mmut[38;2;192;197;206m out[38;2;192;197;206m,[38;2;192;197;206m [38;2;192;197;206m"[38;2;163;190;140m%8.4f[38;2;192;197;206m"[38;2;192;197;206m)[38;2;192;197;206m;[K
[0m[48;2;40;67;43m[39m+    36[0m:[39m[48;2;24;38;30m [38;2;192;197;206m    [38;2;180;142;173mlet[38;2;192;197;206m output [38;2;192;197;206m=[38;2;192;197;206m [38;2;192;197;206mString[38;2;192;197;206m::[38;2;192;197;206mfrom_utf8[38;2;192;197;206m([38;2;192;197;206mout[38;2;192;197;206m)[38;2;192;197;206m.[38;2;150;181;180munwrap[38;2;192;197;206m([38;2;192;197;206m)[38;2;192;197;206m;[K
[0m[48;2;40;67;43m[39m+    37[0m:[39m[48;2;24;38;30m [38;2;192;197;206m    [38;2;192;197;206mprint![38;2;192;197;206m([38;2;192;197;206m"[38;2;208;135;112m{}[38;2;192;197;206m"[38;2;192;197;206m,[38;2;192;197;206m output[38;2;192;197;206m)[38;2;192;197;206m;[K
[0m[48;2;40;67;43m[39m+    38[0m:[39m[48;2;24;38;30m [38;2;192;197;206m}[K
[0m[K
Creating: [38;5;141m/tmp/harvest-crust-Z6vJPl/project/src/bin/matrix_test.rs[0m
[38;5;244m - Completed in 0.0s[0m

[?25l[0m[?25l[0m[0m[38;5;11mTODO:
[39m[38;5;10m[x] [3m[38;5;244mCreate src/bin/matrix_test.rs based on C test[23m
[0m[ ] Run cargo build and cargo test to verify[38;5;244m - Completed in 0.0s[0m

[?25l[0m[?25l[0m[0mI will run the following command: [38;5;141mcd /tmp/harvest-crust-Z6vJPl/project && cargo build 2>&1[0m[38;5;244m (using tool: shell)[0m
Purpose: Build the project to check for compilation errors

warning: file `/tmp/harvest-crust-Z6vJPl/project/src/bin/matrix_test.rs` found to be present in multiple build targets:
  * `bin` target `matrix_test`
  * `integration-test` target `matrix_test`
   Compiling avalanche v0.1.0 (/tmp/harvest-crust-Z6vJPl/project)
warning: unused import: `avalanche::avalanche::Matrix`
 --> src/bin/matrix_test.rs:1:5
  |
1 | use avalanche::avalanche::Matrix;
  |     ^^^^^^^^^^^^^^^^^^^^^^^^^^^^
  |
  = note: `#[warn(unused_imports)]` (part of `#[warn(unused)]`) on by default

error[E0601]: `main` function not found in crate `matrix_test`
  --> src/bin/matrix_test.rs:38:2
   |
38 | }
   |  ^ consider adding a `main` function to `src/bin/matrix_test.rs`

For more information about this error, try `rustc --explain E0601`.
warning: `avalanche` (bin "matrix_test") generated 1 warning
error: could not compile `avalanche` (bin "matrix_test") due to 1 previous error; 1 warning emitted
[38;5;244m - Completed in 0.286s[0m

[?25l[0m[38;5;141m> [0mThe issue is that [38;5;10msrc/bin/matrix_test.rs[0m is being picked up as both a binary and a test target. The Cargo.toml defines it as a [38;5;10m[[test]][0m, but Cargo also auto-discovers it as a binary from [38;5;10msrc/bin/[0m. Let me fix the Cargo.toml to disable auto-discovery for bins, or move the test file. Since I can't modify the Cargo.toml's test section (it's part of the project setup), let me check what the right approach is.[0m[0m
[0m[0m
The [38;5;10m[[test]][0m section in Cargo.toml points to [38;5;10msrc/bin/matrix_test.rs[0m. But Cargo auto-discovers binaries in [38;5;10msrc/bin/[0m. I need to either disable auto-discovery or move the file. Since the Cargo.toml already has the [38;5;10m[[test]][0m entry, I should disable auto-bin discovery:[0m[0m
[?25l[0m[0mI'll modify the following file: [38;5;141mCargo.toml[0m[38;5;244m (using tool: write)[0m
Purpose: Disable auto-discovery of binaries to avoid conflict with test target

[49m[39m  1, 1[0m:[39m[49m [package]
[0m[49m[39m  2, 2[0m:[39m[49m name = "avalanche"
[0m[49m[39m  3, 3[0m:[39m[49m version = "0.1.0"
[0m[49m[38;5;9m- 4   [0m:[38;5;9m[49m edition = "2021"
[0m[49m[38;5;10m+    4[0m:[38;5;10m[49m edition = "2021"
[0m[49m[38;5;10m+    5[0m:[38;5;10m[49m autobins = false
[0m[K
Updating: [38;5;141mCargo.toml[0m
[38;5;244m - Completed in 0.0s[0m

[?25l[0m[?25l[0m[0mI will run the following command: [38;5;141mcd /tmp/harvest-crust-Z6vJPl/project && cargo build 2>&1[0m[38;5;244m (using tool: shell)[0m
Purpose: Build again after fixing Cargo.toml

    Finished `dev` profile [unoptimized + debuginfo] target(s) in 0.01s
[38;5;244m - Completed in 0.58s[0m

[?25l[0m[38;5;141m> [0mBuild succeeds. Now let's run the tests:[0m[0m
[?25l[0m[0mI will run the following command: [38;5;141mcd /tmp/harvest-crust-Z6vJPl/project && cargo test 2>&1[0m[38;5;244m (using tool: shell)[0m
Purpose: Run all tests to verify correctness

   Compiling avalanche v0.1.0 (/tmp/harvest-crust-Z6vJPl/project)
    Finished `test` profile [unoptimized + debuginfo] target(s) in 0.30s
     Running unittests src/lib.rs (target/debug/deps/avalanche-0789b9d178554de8)

running 0 tests

test result: ok. 0 passed; 0 failed; 0 ignored; 0 measured; 0 filtered out; finished in 0.00s

     Running src/bin/matrix_test.rs (target/debug/deps/matrix_test-a62db077d08eab5e)

running 2 tests
test print_hilbert ... ok
test test_macros ... ok

test result: ok. 2 passed; 0 failed; 0 ignored; 0 measured; 0 filtered out; finished in 0.00s

   Doc-tests avalanche

running 0 tests

test result: ok. 0 passed; 0 failed; 0 ignored; 0 measured; 0 filtered out; finished in 0.00s

[38;5;244m - Completed in 0.382s[0m

[?25l[0m[38;5;141m> [0mAll tests pass. Let me also verify the test output matches the expected C output by running with [38;5;10m--nocapture[0m:[0m[0m
[?25l[0m[0mI will run the following command: [38;5;141mcd /tmp/harvest-crust-Z6vJPl/project && cargo test -- --nocapture 2>&1[0m[38;5;244m (using tool: shell)[0m
Purpose: Run tests with output to verify format matches C behavior

    Finished `test` profile [unoptimized + debuginfo] target(s) in 0.01s
     Running unittests src/lib.rs (target/debug/deps/avalanche-0789b9d178554de8)

running 0 tests

test result: ok. 0 passed; 0 failed; 0 ignored; 0 measured; 0 filtered out; finished in 0.00s

     Running src/bin/matrix_test.rs (target/debug/deps/matrix_test-a62db077d08eab5e)

running 2 tests
test_macros PASS
  1.0000  0.5000  0.3333
  0.5000  0.3333  0.2500
  0.3333  0.2500  0.2000
test test_macros ... ok
test print_hilbert ... ok

test result: ok. 2 passed; 0 failed; 0 ignored; 0 measured; 0 filtered out; finished in 0.00s

   Doc-tests avalanche

running 0 tests

test result: ok. 0 passed; 0 failed; 0 ignored; 0 measured; 0 filtered out; finished in 0.00s

[38;5;244m - Completed in 0.96s[0m

[?25l[0m[38;5;141m> [0mThe Hilbert matrix output matches what the C code would produce with [38;5;10m%8.4f[0m format. Let me also verify there are no remaining [38;5;10munimplemented!()[0m calls:[0m[0m
[?25l[0m[0mSearching for: [38;5;141munimplemented|todo![0m in [38;5;141m/tmp/harvest-crust-Z6vJPl/project/src[0m[38;5;244m (using tool: grep)[0m
[38;5;9m ❗ [0mNo matches found for pattern: [38;5;244munimplemented|todo![0m under /tmp/harvest-crust-Z6vJPl/project/src
[38;5;244m - Completed in 0.0s[0m

[?25l[0m[?25l[0m[0m[38;5;11mTODO:
[39m[38;5;10m[x] [3m[38;5;244mImplement all unimplemented!() bodies in src/avalanche.rs[23m
[38;5;10m[x] [3m[38;5;244mCreate src/bin/matrix_test.rs based on C test[23m
[38;5;10m[x] [3m[38;5;244mRun cargo build and cargo test to verify[23m[38;5;244m - Completed in 0.0s[0m

[?25l[0m[38;5;141m> [0mAll done. Here's a summary of what was implemented:[0m[0m
[0m[0m
[1m[38;5;10msrc/avalanche.rs[0m[22m — filled in all 5 [38;5;10munimplemented!()[0m bodies:[0m[0m
[0m[0m
- [38;5;10mMatrix::matrix_alloc[0m — creates a zero-initialized [38;5;10mVec<f64>[0m of size [38;5;10mn_rows * n_cols[0m[0m[0m
- [38;5;10mMatrix::matrix_get[0m / [38;5;10mmatrix_set[0m — row-major indexing: [38;5;10mvals[row * n_cols + col][0m[0m[0m
- [38;5;10mMatrix::matrix_fprintf[0m — iterates rows/cols and formats each value using a C-style printf format string helper ([38;5;10mprintf_compat_format[0m) that handles [38;5;10m%f[0m, [38;5;10m%g[0m, [38;5;10m%e[0m with width, precision, and flags[0m[0m
- [38;5;10mavalanche[0m — reads fixed-size keys from the input stream, hashes them, then for each input bit flips it, re-hashes, and counts how many output bits changed. After all keys are processed, divides by key count to get probabilities[0m[0m
[0m[0m
[1m[38;5;10msrc/bin/matrix_test.rs[0m[22m — created the test file referenced by [38;5;10mCargo.toml[0m, translating the C test that verifies matrix get/set and prints a 3×3 Hilbert matrix.[0m[0m
[0m[0m
[1m[38;5;10mCargo.toml[0m[22m — added [38;5;10mautobins = false[0m to prevent the test file in [38;5;10msrc/bin/[0m from conflicting with the [38;5;10m[[test]][0m target.[0m[0m
[0m[0m
Build and all tests pass cleanly.[0m[0m
[38;5;8m
 ▸ Credits: 3.71 • Time: 2m 8s

[0m[1G[0m[0m[?25h