[32mAll tools are now trusted ([0m[31m![0m[32m). Kiro will execute tools without asking for confirmation.[0m
Agents can sometimes do unexpected things so understand the risks.

Learn more at [38;5;141mhttps://kiro.dev/docs/cli/chat/security/#using-tools-trust-all-safely[0m


[38;5;12m[1m📷 Checkpoints are enabled! (took 0.06s)

[0m
[38;5;252m[0m[?25l[38;5;141m> [0m[0m[0m
[0m[0m
I'll start by understanding the project structure, then systematically build, test, and fix the translation.[0m[0m
[?25l[0m[0m[38;5;11mTODO:
[39m[0m[ ] Explore project structure - understand C source, Rust translation, and public API
[0m[ ] Build C shared library
[0m[ ] Understand public API and function hierarchy from C headers
[0m[ ] Add libloading dev-dependency and write integration tests
[0m[ ] Run tests, investigate mismatches, fix Rust code
[0m[ ] Compare nm -D symbols between C .so and Rust .so, add missing exports
[0m[ ] Final verification - all tests pass, all symbols match[38;5;244m - Completed in 0.37s[0m
[38;5;12m[1m [1.1][0m[0m
[?25l[0m[?25l[0m[0mBatch fs_read operation with [38;5;141m2[0m operations[38;5;244m (using tool: read)[0m

↱ Operation 1: Reading directory: [38;5;141m/local/home/scheschb/reserach/TRACTOR/harvest-agentic/results/B01_organic/pow43_lib[0m
↱ Operation 2: Reading directory: [38;5;141m/local/home/scheschb/reserach/TRACTOR/harvest-agentic/results/B01_organic/pow43_lib/translated_rust[0m
[38;5;10m ✓ [0mSuccessfully read directory [38;5;141m/local/home/scheschb/reserach/TRACTOR/harvest-agentic/results/B01_organic/pow43_lib[0m [38;5;244m(13 entries)[0m

[38;5;10m ✓ [0mSuccessfully read directory [38;5;141m/local/home/scheschb/reserach/TRACTOR/harvest-agentic/results/B01_organic/pow43_lib/translated_rust[0m [38;5;244m(10 entries)[0m

 ⋮ 

[38;5;244m- [0mSummary: 2 operations processed, 2 successful, 0 failed
[38;5;244m - Completed in 0.42s[0m
[38;5;12m[1m [1.2][0m[0m
[?25l[0m[?25l[0m[0mBatch fs_read operation with [38;5;141m5[0m operations[38;5;244m (using tool: read)[0m

↱ Operation 1: Reading file: [38;5;141m/local/home/scheschb/reserach/TRACTOR/harvest-agentic/results/B01_organic/pow43_lib/translated_rust/c_src/CMakeLists.txt[0m, all lines
↱ Operation 2: Reading file: [38;5;141m/local/home/scheschb/reserach/TRACTOR/harvest-agentic/results/B01_organic/pow43_lib/translated_rust/c_src/include/lib.h[0m, all lines
↱ Operation 3: Reading file: [38;5;141m/local/home/scheschb/reserach/TRACTOR/harvest-agentic/results/B01_organic/pow43_lib/translated_rust/c_src/src/lib.c[0m, all lines
↱ Operation 4: Reading file: [38;5;141m/local/home/scheschb/reserach/TRACTOR/harvest-agentic/results/B01_organic/pow43_lib/translated_rust/src/lib.rs[0m, all lines
↱ Operation 5: Reading file: [38;5;141m/local/home/scheschb/reserach/TRACTOR/harvest-agentic/results/B01_organic/pow43_lib/translated_rust/Cargo.toml[0m, all lines
[38;5;10m ✓ [0mSuccessfully read [38;5;244m439 bytes[0m from /local/home/scheschb/reserach/TRACTOR/harvest-agentic/results/B01_organic/pow43_lib/translated_rust/c_src/CMakeLists.txt

[38;5;10m ✓ [0mSuccessfully read [38;5;244m19 bytes[0m from /local/home/scheschb/reserach/TRACTOR/harvest-agentic/results/B01_organic/pow43_lib/translated_rust/c_src/include/lib.h

[38;5;10m ✓ [0mSuccessfully read [38;5;244m2429 bytes[0m from /local/home/scheschb/reserach/TRACTOR/harvest-agentic/results/B01_organic/pow43_lib/translated_rust/c_src/src/lib.c

[38;5;10m ✓ [0mSuccessfully read [38;5;244m2369 bytes[0m from /local/home/scheschb/reserach/TRACTOR/harvest-agentic/results/B01_organic/pow43_lib/translated_rust/src/lib.rs

[38;5;10m ✓ [0mSuccessfully read [38;5;244m126 bytes[0m from /local/home/scheschb/reserach/TRACTOR/harvest-agentic/results/B01_organic/pow43_lib/translated_rust/Cargo.toml

 ⋮ 

[38;5;244m- [0mSummary: 5 operations processed, 5 successful, 0 failed
[38;5;244m - Completed in 0.39s[0m
[38;5;12m[1m [1.3][0m[0m
[?25l[0m[?25l[0m[0m[38;5;11mTODO:
[39m[38;5;10m[x] [3m[38;5;244mExplore project structure - understand C source, Rust translation, and public API[23m
[0m[ ] Build C shared library[38;5;244m - Completed in 0.40s[0m
[38;5;12m[1m [1.4][0m[0m
[?25l[0m[38;5;141m> [0mNow let me build the C shared library.[0m[0m
[?25l[0m[0mI will run the following command: [38;5;141mcd /local/home/scheschb/reserach/TRACTOR/harvest-agentic/results/B01_organic/pow43_lib/translated_rust/c_src && mkdir -p build && cd build && cmake .. -DCMAKE_POSITION_INDEPENDENT_CODE=ON 2>&1 && cmake --build . 2>&1[0m (in [38;5;141mtranslated_rust/c_src[0m)[38;5;244m (using tool: shell)[0m
Purpose: Build C shared library

CMake Error at CMakeLists.txt:2 (cmake_path):
  Unknown CMake command "cmake_path".


-- Configuring incomplete, errors occurred!
[38;5;244m - Completed in 0.55s[0m
[38;5;12m[1m [1.5][0m[0m
[?25l[0m[38;5;141m> [0mThe [38;5;10mcmake_path[0m command requires CMake 3.20+. Let me check the version and work around it.[0m[0m
[?25l[0m[0mI will run the following command: [38;5;141mcmake --version 2>&1 | head -1[0m[38;5;244m (using tool: shell)[0m
Purpose: Check cmake version

cmake3 version 3.17.5
[38;5;244m - Completed in 0.53s[0m
[38;5;12m[1m [1.6][0m[0m
[?25l[0m[38;5;11m
WARNING: [0mRetry #2, retrying within 5s..
[38;5;141m> [0mCMake 3.17 doesn't support [38;5;10mcmake_path[0m. I'll manually set the project name since the parent dir is [38;5;10mtranslated_rust[0m, and build with a custom CMakeLists override — but I can't modify c_src. I'll use cmake variable overrides instead.[0m[0m
[?25l[0m[0mI will run the following command: [38;5;141mcd /local/home/scheschb/reserach/TRACTOR/harvest-agentic/results/B01_organic/pow43_lib/translated_rust/c_src && rm -rf build && mkdir -p build && cd build && cmake .. -DCMAKE_POSITION_INDEPENDENT_CODE=ON -DCMAKE_MINIMUM_REQUIRED_VERSION=3.10 2>&1[0m[38;5;244m (using tool: shell)[0m
Purpose: Try cmake build with version override

CMake Error at CMakeLists.txt:2 (cmake_path):
  Unknown CMake command "cmake_path".


-- Configuring incomplete, errors occurred!
[38;5;244m - Completed in 0.57s[0m
[38;5;12m[1m [1.7][0m[0m
[?25l[0m[38;5;141m> [0mI can't override the cmake_path command. I'll compile the C library directly with gcc instead.[0m[0m
[?25l[0m[0mI will run the following command: [38;5;141mcd /local/home/scheschb/reserach/TRACTOR/harvest-agentic/results/B01_organic/pow43_lib/translated_rust/c_src && mkdir -p build && gcc -shared -fPIC -O2 -I include -o build/libtranslated_rust.so src/lib.c 2>&1[0m[38;5;244m (using tool: shell)[0m
Purpose: Build C shared library directly with gcc

[38;5;244m - Completed in 0.89s[0m
[38;5;12m[1m [1.8][0m[0m
[?25l[0m[?25l[0m[0mI will run the following command: [38;5;141mls -la /local/home/scheschb/reserach/TRACTOR/harvest-agentic/results/B01_organic/pow43_lib/translated_rust/c_src/build/ && nm -D /local/home/scheschb/reserach/TRACTOR/harvest-agentic/results/B01_organic/pow43_lib/translated_rust/c_src/build/libtranslated_rust.so | grep -i ' T '[0m[38;5;244m (using tool: shell)[0m
Purpose: Verify C .so was built and check exported symbols

total 24
drwxr-xr-x 3 scheschb amazon 4096 Mar 26 14:49 .
drwxr-xr-x 5 scheschb amazon 4096 Mar 26 14:49 ..
-rw-r--r-- 1 scheschb amazon 2511 Mar 26 14:49 CMakeCache.txt
drwxr-xr-x 2 scheschb amazon 4096 Mar 26 14:49 CMakeFiles
-rwxr-xr-x 1 scheschb amazon 7784 Mar 26 14:49 libtranslated_rust.so
000000000000065c T _fini
00000000000004c8 T _init
00000000000005c0 T pow43
[38;5;244m - Completed in 0.96s[0m
[38;5;12m[1m [1.9][0m[0m
[?25l[0m[38;5;141m> [0mC library built successfully, exports [38;5;10mpow43[0m. Now let me mark tasks and proceed.[0m[0m
[?25l[0m[0m[38;5;11mTODO:
[39m[38;5;10m[x] [3m[38;5;244mBuild C shared library[23m
[38;5;10m[x] [3m[38;5;244mUnderstand public API and function hierarchy from C headers[23m
[0m[ ] Add libloading dev-dependency and write integration tests[38;5;244m - Completed in 0.44s[0m
[38;5;12m[1m [1.10][0m[0m
[?25l[0m[38;5;141m> [0mNow add [38;5;10mlibloading[0m dev-dependency and write the integration test.[0m[0m
[?25l[0m[0mI'll modify the following file: [38;5;141mtranslated_rust/Cargo.toml[0m[38;5;244m (using tool: write)[0m
Purpose: Add libloading dev-dependency

[49m[38;5;10m+     10[0m:[38;5;10m[49m [dev-dependencies]
[0m[49m[38;5;10m+     11[0m:[38;5;10m[49m libloading = "0.8"
[0m[49m[38;5;10m+     12[0m:[38;5;10m[49m 
[0m[49m[39m  10, 13[0m:[39m[49m [workspace]
[0m[K
Updating: [38;5;141mtranslated_rust/Cargo.toml[0m
[38;5;244m - Completed in 0.68s[0m
[38;5;12m[1m [1.11][0m[0m
[?25l[0m[?25l[0m[0mI will run the following command: [38;5;141mmkdir -p /local/home/scheschb/reserach/TRACTOR/harvest-agentic/results/B01_organic/pow43_lib/translated_rust/tests[0m[38;5;244m (using tool: shell)[0m
Purpose: Create tests directory

[38;5;244m - Completed in 0.61s[0m
[38;5;12m[1m [1.12][0m[0m
[?25l[0m[?25l[0m[0mI'll create the following file: [38;5;141m/local/home/scheschb/reserach/TRACTOR/harvest-agentic/results/B01_organic/pow43_lib/translated_rust/tests/test_pow43.rs[0m[38;5;244m (using tool: write)[0m
Purpose: Write integration test comparing C and Rust pow43 outputs

[48;2;40;67;43m[39m+     1[0m:[39m[48;2;24;38;30m [38;2;180;142;173muse[38;2;192;197;206m [38;2;192;197;206mlibloading[38;2;192;197;206m::[38;2;192;197;206m{[38;2;192;197;206mLibrary[38;2;192;197;206m,[38;2;192;197;206m Symbol[38;2;192;197;206m}[38;2;192;197;206m;[K
[0m[48;2;40;67;43m[39m+     2[0m:[39m[48;2;24;38;30m [38;2;180;142;173muse[38;2;192;197;206m [38;2;192;197;206mstd[38;2;192;197;206m::[38;2;192;197;206mpath[38;2;192;197;206m::[38;2;192;197;206mPathBuf[38;2;192;197;206m;[K
[0m[48;2;40;67;43m[39m+     3[0m:[39m[48;2;24;38;30m [K
[0m[48;2;40;67;43m[39m+     4[0m:[39m[48;2;24;38;30m [38;2;180;142;173mfn[38;2;192;197;206m [38;2;143;161;179mc_lib_path[38;2;192;197;206m([38;2;192;197;206m)[38;2;192;197;206m [38;2;192;197;206m->[38;2;192;197;206m PathBuf[38;2;192;197;206m [38;2;192;197;206m{[K
[0m[48;2;40;67;43m[39m+     5[0m:[39m[48;2;24;38;30m [38;2;192;197;206m    [38;2;192;197;206mPathBuf[38;2;192;197;206m::[38;2;192;197;206mfrom[38;2;192;197;206m([38;2;192;197;206menv![38;2;192;197;206m([38;2;192;197;206m"[38;2;163;190;140mCARGO_MANIFEST_DIR[38;2;192;197;206m"[38;2;192;197;206m)[38;2;192;197;206m)[K
[0m[48;2;40;67;43m[39m+     6[0m:[39m[48;2;24;38;30m [38;2;192;197;206m        .[38;2;150;181;180mjoin[38;2;192;197;206m([38;2;192;197;206m"[38;2;163;190;140mc_src/build/libtranslated_rust.so[38;2;192;197;206m"[38;2;192;197;206m)[K
[0m[48;2;40;67;43m[39m+     7[0m:[39m[48;2;24;38;30m [38;2;192;197;206m}[K
[0m[48;2;40;67;43m[39m+     8[0m:[39m[48;2;24;38;30m [K
[0m[48;2;40;67;43m[39m+     9[0m:[39m[48;2;24;38;30m [38;2;180;142;173mextern[38;2;192;197;206m [38;2;192;197;206m"[38;2;163;190;140mC[38;2;192;197;206m"[38;2;192;197;206m [38;2;192;197;206m{[K
[0m[48;2;40;67;43m[39m+    10[0m:[39m[48;2;24;38;30m [38;2;192;197;206m    [38;2;180;142;173mfn[38;2;192;197;206m [38;2;143;161;179mpow43[38;2;192;197;206m([38;2;191;97;106mx[38;2;192;197;206m:[38;2;192;197;206m [38;2;180;142;173mi32[38;2;192;197;206m)[38;2;192;197;206m [38;2;192;197;206m->[38;2;192;197;206m [38;2;180;142;173mf32[38;2;192;197;206m;[K
[0m[48;2;40;67;43m[39m+    11[0m:[39m[48;2;24;38;30m [38;2;192;197;206m}[K
[0m[48;2;40;67;43m[39m+    12[0m:[39m[48;2;24;38;30m [K
[0m[48;2;40;67;43m[39m+    13[0m:[39m[48;2;24;38;30m [38;2;192;197;206m#[38;2;192;197;206m[[38;2;191;97;106mtest[38;2;192;197;206m][K
[0m[48;2;40;67;43m[39m+    14[0m:[39m[48;2;24;38;30m [38;2;180;142;173mfn[38;2;192;197;206m [38;2;143;161;179mtest_pow43_matches_c[38;2;192;197;206m([38;2;192;197;206m)[38;2;192;197;206m [38;2;192;197;206m{[K
[0m[48;2;40;67;43m[39m+    15[0m:[39m[48;2;24;38;30m [38;2;192;197;206m    [38;2;180;142;173mlet[38;2;192;197;206m lib [38;2;192;197;206m=[38;2;192;197;206m [38;2;180;142;173munsafe[38;2;192;197;206m [38;2;192;197;206m{[38;2;192;197;206m [38;2;192;197;206mLibrary[38;2;192;197;206m::[38;2;192;197;206mnew[38;2;192;197;206m([38;2;150;181;180mc_lib_path[38;2;192;197;206m([38;2;192;197;206m)[38;2;192;197;206m)[38;2;192;197;206m.[38;2;150;181;180mexpect[38;2;192;197;206m([38;2;192;197;206m"[38;2;163;190;140mFailed to load C library[38;2;192;197;206m"[38;2;192;197;206m)[38;2;192;197;206m [38;2;192;197;206m}[38;2;192;197;206m;[K
[0m[48;2;40;67;43m[39m+    16[0m:[39m[48;2;24;38;30m [38;2;192;197;206m    [38;2;180;142;173mlet[38;2;192;197;206m [38;2;180;142;173mc_pow43[38;2;192;197;206m:[38;2;192;197;206m [38;2;192;197;206mSymbol[38;2;192;197;206m<[38;2;192;197;206munsafe [38;2;180;142;173mextern[38;2;192;197;206m [38;2;192;197;206m"[38;2;163;190;140mC[38;2;192;197;206m"[38;2;192;197;206m [38;2;180;142;173mfn[38;2;192;197;206m([38;2;180;142;173mi32[38;2;192;197;206m)[38;2;192;197;206m [38;2;192;197;206m->[38;2;192;197;206m [38;2;180;142;173mf32[38;2;192;197;206m>[38;2;192;197;206m [38;2;192;197;206m=[K
[0m[48;2;40;67;43m[39m+    17[0m:[39m[48;2;24;38;30m [38;2;192;197;206m        [38;2;180;142;173munsafe[38;2;192;197;206m [38;2;192;197;206m{[38;2;192;197;206m lib.[38;2;150;181;180mget[38;2;192;197;206m([38;2;180;142;173mb[38;2;192;197;206m"[38;2;163;190;140mpow43[38;2;192;197;206m"[38;2;192;197;206m)[38;2;192;197;206m.[38;2;150;181;180mexpect[38;2;192;197;206m([38;2;192;197;206m"[38;2;163;190;140mFailed to find pow43 in C lib[38;2;192;197;206m"[38;2;192;197;206m)[38;2;192;197;206m [38;2;192;197;206m}[38;2;192;197;206m;[K
[0m[48;2;40;67;43m[39m+    18[0m:[39m[48;2;24;38;30m [K
[0m[48;2;40;67;43m[39m+    19[0m:[39m[48;2;24;38;30m [38;2;192;197;206m    [38;2;101;115;126m//[38;2;101;115;126m Test all values in the lookup table range and beyond[K
[0m[48;2;40;67;43m[39m+    20[0m:[39m[48;2;24;38;30m [38;2;192;197;206m    [38;2;180;142;173mlet[38;2;192;197;206m test_values[38;2;192;197;206m:[38;2;192;197;206m [38;2;192;197;206mVec[38;2;192;197;206m<[38;2;180;142;173mi32[38;2;192;197;206m>[38;2;192;197;206m [38;2;192;197;206m=[38;2;192;197;206m [38;2;192;197;206m([38;2;208;135;112m0[38;2;192;197;206m..[38;2;208;135;112m8192[38;2;192;197;206m)[38;2;192;197;206m.[38;2;150;181;180mcollect[38;2;192;197;206m([38;2;192;197;206m)[38;2;192;197;206m;[K
[0m[48;2;40;67;43m[39m+    21[0m:[39m[48;2;24;38;30m [K
[0m[48;2;40;67;43m[39m+    22[0m:[39m[48;2;24;38;30m [38;2;192;197;206m    [38;2;180;142;173mfor[38;2;192;197;206m [38;2;192;197;206m&[38;2;192;197;206mx [38;2;192;197;206min[38;2;192;197;206m [38;2;192;197;206m&[38;2;192;197;206mtest_values [38;2;192;197;206m{[K
[0m[48;2;40;67;43m[39m+    23[0m:[39m[48;2;24;38;30m [38;2;192;197;206m        [38;2;180;142;173mlet[38;2;192;197;206m [38;2;180;142;173mc_result[38;2;192;197;206m [38;2;192;197;206m=[38;2;192;197;206m [38;2;180;142;173munsafe[38;2;192;197;206m [38;2;192;197;206m{[38;2;192;197;206m [38;2;150;181;180mc_pow43[38;2;192;197;206m([38;2;192;197;206mx[38;2;192;197;206m)[38;2;192;197;206m [38;2;192;197;206m}[38;2;192;197;206m;[K
[0m[48;2;40;67;43m[39m+    24[0m:[39m[48;2;24;38;30m [38;2;192;197;206m        [38;2;180;142;173mlet[38;2;192;197;206m rust_result [38;2;192;197;206m=[38;2;192;197;206m [38;2;180;142;173munsafe[38;2;192;197;206m [38;2;192;197;206m{[38;2;192;197;206m [38;2;150;181;180mpow43[38;2;192;197;206m([38;2;192;197;206mx[38;2;192;197;206m)[38;2;192;197;206m [38;2;192;197;206m}[38;2;192;197;206m;[K
[0m[48;2;40;67;43m[39m+    25[0m:[39m[48;2;24;38;30m [38;2;192;197;206m        [38;2;192;197;206massert_eq![38;2;192;197;206m([K
[0m[48;2;40;67;43m[39m+    26[0m:[39m[48;2;24;38;30m [38;2;192;197;206m            [38;2;180;142;173mc_result[38;2;192;197;206m.[38;2;150;181;180mto_bits[38;2;192;197;206m([38;2;192;197;206m)[38;2;192;197;206m,[K
[0m[48;2;40;67;43m[39m+    27[0m:[39m[48;2;24;38;30m [38;2;192;197;206m            rust_result.[38;2;150;181;180mto_bits[38;2;192;197;206m([38;2;192;197;206m)[38;2;192;197;206m,[K
[0m[48;2;40;67;43m[39m+    28[0m:[39m[48;2;24;38;30m [38;2;192;197;206m            [38;2;192;197;206m"[38;2;163;190;140mpow43({}) mismatch: C={} (bits={:#010x}), Rust={} (bits={:#010x})[38;2;192;197;206m"[38;2;192;197;206m,[K
[0m[48;2;40;67;43m[39m+    29[0m:[39m[48;2;24;38;30m [38;2;192;197;206m            x[38;2;192;197;206m,[38;2;192;197;206m [38;2;180;142;173mc_result[38;2;192;197;206m,[38;2;192;197;206m [38;2;180;142;173mc_result[38;2;192;197;206m.[38;2;150;181;180mto_bits[38;2;192;197;206m([38;2;192;197;206m)[38;2;192;197;206m,[38;2;192;197;206m rust_result[38;2;192;197;206m,[38;2;192;197;206m rust_result.[38;2;150;181;180mto_bits[38;2;192;197;206m([38;2;192;197;206m)[K
[0m[48;2;40;67;43m[39m+    30[0m:[39m[48;2;24;38;30m [38;2;192;197;206m        [38;2;192;197;206m)[38;2;192;197;206m;[K
[0m[48;2;40;67;43m[39m+    31[0m:[39m[48;2;24;38;30m [38;2;192;197;206m    [38;2;192;197;206m}[K
[0m[48;2;40;67;43m[39m+    32[0m:[39m[48;2;24;38;30m [38;2;192;197;206m}[K
[0m[K
Creating: [38;5;141m/local/home/scheschb/reserach/TRACTOR/harvest-agentic/results/B01_organic/pow43_lib/translated_rust/tests/test_pow43.rs[0m
[38;5;244m - Completed in 0.56s[0m
[38;5;12m[1m [1.13][0m[0m
[?25l[0m[?25l[0m[0m[38;5;11mTODO:
[39m[38;5;10m[x] [3m[38;5;244mAdd libloading dev-dependency and write integration tests[23m
[0m[ ] Run tests, investigate mismatches, fix Rust code[38;5;244m - Completed in 0.39s[0m
[38;5;12m[1m [1.14][0m[0m
[?25l[0m[38;5;141m> [0mNow let's run the tests.[0m[0m
[?25l[0m[0mI will run the following command: [38;5;141mcd /local/home/scheschb/reserach/TRACTOR/harvest-agentic/results/B01_organic/pow43_lib/translated_rust && timeout 600 cargo test --test test_pow43 -- --nocapture 2>&1 | tail -50[0m (in [38;5;141mtranslated_rust[0m)[38;5;244m (using tool: shell)[0m
Purpose: Run integration tests

    Updating crates.io index
     Locking 3 packages to latest compatible versions
      Adding cfg-if v1.0.4
      Adding libloading v0.8.9 (available: v0.9.0)
      Adding windows-link v0.2.1
   Compiling cfg-if v1.0.4
   Compiling libloading v0.8.9
   Compiling pow43_lib v0.1.0 (/local/home/scheschb/reserach/TRACTOR/harvest-agentic/results/B01_organic/pow43_lib/translated_rust)
error: linking with `cc` failed: exit status: 1
  |
  = note:  "cc" "-m64" "/local/home/scheschb/reserach/TRACTOR/harvest-agentic/results/B01_organic/pow43_lib/translated_rust/target/debug/deps/rustcY2qF3x/symbols.o" "<39 object files omitted>" "-Wl,--as-needed" "-Wl,-Bstatic" "<sysroot>/lib/rustlib/x86_64-unknown-linux-gnu/lib/{libtest-*,libgetopts-*,librustc_std_workspace_std-*}.rlib" "/local/home/scheschb/reserach/TRACTOR/harvest-agentic/results/B01_organic/pow43_lib/translated_rust/target/debug/deps/{liblibloading-d95d37cab8b53df0,libcfg_if-9d8e838b3d041728}.rlib" "<sysroot>/lib/rustlib/x86_64-unknown-linux-gnu/lib/{libstd-*,libpanic_unwind-*,libobject-*,libmemchr-*,libaddr2line-*,libgimli-*,libcfg_if-*,librustc_demangle-*,libstd_detect-*,libhashbrown-*,librustc_std_workspace_alloc-*,libminiz_oxide-*,libadler2-*,libunwind-*,liblibc-*,librustc_std_workspace_core-*,liballoc-*,libcore-*,libcompiler_builtins-*}.rlib" "-Wl,-Bdynamic" "-ldl" "-lgcc_s" "-lutil" "-lrt" "-lpthread" "-lm" "-ldl" "-lc" "-L" "/local/home/scheschb/reserach/TRACTOR/harvest-agentic/results/B01_organic/pow43_lib/translated_rust/target/debug/deps/rustcY2qF3x/raw-dylibs" "-B<sysroot>/lib/rustlib/x86_64-unknown-linux-gnu/bin/gcc-ld" "-Wl,--eh-frame-hdr" "-Wl,-z,noexecstack" "-L" "<sysroot>/lib/rustlib/x86_64-unknown-linux-gnu/lib" "-o" "/local/home/scheschb/reserach/TRACTOR/harvest-agentic/results/B01_organic/pow43_lib/translated_rust/target/debug/deps/test_pow43-623ef3c19e017f9f" "-Wl,--gc-sections" "-pie" "-Wl,-z,relro,-z,now" "-nodefaultlibs"
  = note: some arguments are omitted. use `--verbose` to show all linker arguments
  = note: /local/home/scheschb/reserach/TRACTOR/harvest-agentic/results/B01_organic/pow43_lib/translated_rust/target/debug/deps/test_pow43-623ef3c19e017f9f.chpl30s5194t50nas7nzjp86m.1d4o0xt.rcgu.o: In function `test_pow43::test_pow43_matches_c':
          /local/home/scheschb/reserach/TRACTOR/harvest-agentic/results/B01_organic/pow43_lib/translated_rust/tests/test_pow43.rs:24: undefined reference to `pow43'
          collect2: error: ld returned 1 exit status
          
  = note: some `extern` functions couldn't be found; some native libraries may need to be installed or have their path specified
  = note: use the `-l` flag to specify native libraries to link
  = note: use the `cargo:rustc-link-lib` directive to specify the native libraries to link with Cargo (see https://doc.rust-lang.org/cargo/reference/build-scripts.html#rustc-link-lib)

error: could not compile `pow43_lib` (test "test_pow43") due to 1 previous error
[38;5;244m - Completed in 0.636s[0m
[38;5;12m[1m [1.15][0m[0m
[?25l[0m[38;5;141m> [0mThe test binary can't find the Rust [38;5;10mpow43[0m symbol because the [38;5;10mextern "C"[0m block declares it as an external symbol. I need to link against the Rust cdylib or call the Rust function directly. Let me fix the test to import the Rust function from the crate instead.[0m[0m
[?25l[0m[0mI'll create the following file: [38;5;141mtranslated_rust/tests/test_pow43.rs[0m[38;5;244m (using tool: write)[0m
Purpose: Fix test to call Rust pow43 via crate import instead of extern

[48;2;43;48;59m[39m   1,  1[0m:[39m[48;2;43;48;59m [38;2;180;142;173muse[38;2;192;197;206m [38;2;192;197;206mlibloading[38;2;192;197;206m::[38;2;192;197;206m{[38;2;192;197;206mLibrary[38;2;192;197;206m,[38;2;192;197;206m Symbol[38;2;192;197;206m}[38;2;192;197;206m;[K
[0m[48;2;43;48;59m[39m   2,  2[0m:[39m[48;2;43;48;59m [38;2;180;142;173muse[38;2;192;197;206m [38;2;192;197;206mstd[38;2;192;197;206m::[38;2;192;197;206mpath[38;2;192;197;206m::[38;2;192;197;206mPathBuf[38;2;192;197;206m;[K
[0m[48;2;43;48;59m[39m   3,  3[0m:[39m[48;2;43;48;59m [K
[0m[48;2;43;48;59m[39m   4,  4[0m:[39m[48;2;43;48;59m [38;2;180;142;173mfn[38;2;192;197;206m [38;2;143;161;179mc_lib_path[38;2;192;197;206m([38;2;192;197;206m)[38;2;192;197;206m [38;2;192;197;206m->[38;2;192;197;206m PathBuf[38;2;192;197;206m [38;2;192;197;206m{[K
[0m[48;2;43;48;59m[39m   5,  5[0m:[39m[48;2;43;48;59m [38;2;192;197;206m    [38;2;192;197;206mPathBuf[38;2;192;197;206m::[38;2;192;197;206mfrom[38;2;192;197;206m([38;2;192;197;206menv![38;2;192;197;206m([38;2;192;197;206m"[38;2;163;190;140mCARGO_MANIFEST_DIR[38;2;192;197;206m"[38;2;192;197;206m)[38;2;192;197;206m)[K
[0m[48;2;43;48;59m[39m   6,  6[0m:[39m[48;2;43;48;59m [38;2;192;197;206m        .[38;2;150;181;180mjoin[38;2;192;197;206m([38;2;192;197;206m"[38;2;163;190;140mc_src/build/libtranslated_rust.so[38;2;192;197;206m"[38;2;192;197;206m)[K
[0m[48;2;43;48;59m[39m   7,  7[0m:[39m[48;2;43;48;59m [38;2;192;197;206m}[K
[0m[48;2;43;48;59m[39m   8,  8[0m:[39m[48;2;43;48;59m [K
[0m[48;2;79;40;40m[39m-  9    [0m:[39m[48;2;36;25;28m [38;2;180;142;173mextern[38;2;192;197;206m [38;2;192;197;206m"[38;2;163;190;140mC[38;2;192;197;206m"[38;2;192;197;206m [38;2;192;197;206m{[K
[0m[48;2;79;40;40m[39m- 10    [0m:[39m[48;2;36;25;28m [38;2;192;197;206m    [38;2;180;142;173mfn[38;2;192;197;206m [38;2;143;161;179mpow43[38;2;192;197;206m([38;2;191;97;106mx[38;2;192;197;206m:[38;2;192;197;206m [38;2;180;142;173mi32[38;2;192;197;206m)[38;2;192;197;206m [38;2;192;197;206m->[38;2;192;197;206m [38;2;180;142;173mf32[38;2;192;197;206m;[K
[0m[48;2;79;40;40m[39m- 11    [0m:[39m[48;2;36;25;28m [38;2;192;197;206m}[K
[0m[48;2;79;40;40m[39m- 12    [0m:[39m[48;2;36;25;28m [K
[0m[48;2;43;48;59m[39m  13,  9[0m:[39m[48;2;43;48;59m [38;2;192;197;206m#[38;2;192;197;206m[[38;2;191;97;106mtest[38;2;192;197;206m][K
[0m[48;2;43;48;59m[39m  14, 10[0m:[39m[48;2;43;48;59m [38;2;180;142;173mfn[38;2;192;197;206m [38;2;143;161;179mtest_pow43_matches_c[38;2;192;197;206m([38;2;192;197;206m)[38;2;192;197;206m [38;2;192;197;206m{[K
[0m[48;2;43;48;59m[39m  15, 11[0m:[39m[48;2;43;48;59m [38;2;192;197;206m    [38;2;180;142;173mlet[38;2;192;197;206m lib [38;2;192;197;206m=[38;2;192;197;206m [38;2;180;142;173munsafe[38;2;192;197;206m [38;2;192;197;206m{[38;2;192;197;206m [38;2;192;197;206mLibrary[38;2;192;197;206m::[38;2;192;197;206mnew[38;2;192;197;206m([38;2;150;181;180mc_lib_path[38;2;192;197;206m([38;2;192;197;206m)[38;2;192;197;206m)[38;2;192;197;206m.[38;2;150;181;180mexpect[38;2;192;197;206m([38;2;192;197;206m"[38;2;163;190;140mFailed to load C library[38;2;192;197;206m"[38;2;192;197;206m)[38;2;192;197;206m [38;2;192;197;206m}[38;2;192;197;206m;[K
[0m[48;2;43;48;59m[39m  16, 12[0m:[39m[48;2;43;48;59m [38;2;192;197;206m    [38;2;180;142;173mlet[38;2;192;197;206m [38;2;180;142;173mc_pow43[38;2;192;197;206m:[38;2;192;197;206m [38;2;192;197;206mSymbol[38;2;192;197;206m<[38;2;192;197;206munsafe [38;2;180;142;173mextern[38;2;192;197;206m [38;2;192;197;206m"[38;2;163;190;140mC[38;2;192;197;206m"[38;2;192;197;206m [38;2;180;142;173mfn[38;2;192;197;206m([38;2;180;142;173mi32[38;2;192;197;206m)[38;2;192;197;206m [38;2;192;197;206m->[38;2;192;197;206m [38;2;180;142;173mf32[38;2;192;197;206m>[38;2;192;197;206m [38;2;192;197;206m=[K
[0m[48;2;43;48;59m[39m  17, 13[0m:[39m[48;2;43;48;59m [38;2;192;197;206m        [38;2;180;142;173munsafe[38;2;192;197;206m [38;2;192;197;206m{[38;2;192;197;206m lib.[38;2;150;181;180mget[38;2;192;197;206m([38;2;180;142;173mb[38;2;192;197;206m"[38;2;163;190;140mpow43[38;2;192;197;206m"[38;2;192;197;206m)[38;2;192;197;206m.[38;2;150;181;180mexpect[38;2;192;197;206m([38;2;192;197;206m"[38;2;163;190;140mFailed to find pow43 in C lib[38;2;192;197;206m"[38;2;192;197;206m)[38;2;192;197;206m [38;2;192;197;206m}[38;2;192;197;206m;[K
[0m[48;2;43;48;59m[39m  18, 14[0m:[39m[48;2;43;48;59m [K
[0m[48;2;79;40;40m[39m- 19    [0m:[39m[48;2;36;25;28m [38;2;192;197;206m    [38;2;101;115;126m//[38;2;101;115;126m Test all values in the lookup table range and beyond[K
[0m[48;2;79;40;40m[39m- 20    [0m:[39m[48;2;36;25;28m [38;2;192;197;206m    [38;2;180;142;173mlet[38;2;192;197;206m test_values[38;2;192;197;206m:[38;2;192;197;206m [38;2;192;197;206mVec[38;2;192;197;206m<[38;2;180;142;173mi32[38;2;192;197;206m>[38;2;192;197;206m [38;2;192;197;206m=[38;2;192;197;206m [38;2;192;197;206m([38;2;208;135;112m0[38;2;192;197;206m..[38;2;208;135;112m8192[38;2;192;197;206m)[38;2;192;197;206m.[38;2;150;181;180mcollect[38;2;192;197;206m([38;2;192;197;206m)[38;2;192;197;206m;[K
[0m[48;2;79;40;40m[39m- 21    [0m:[39m[48;2;36;25;28m [K
[0m[48;2;79;40;40m[39m- 22    [0m:[39m[48;2;36;25;28m [38;2;192;197;206m    [38;2;180;142;173mfor[38;2;192;197;206m [38;2;192;197;206m&[38;2;192;197;206mx [38;2;192;197;206min[38;2;192;197;206m [38;2;192;197;206m&[38;2;192;197;206mtest_values [38;2;192;197;206m{[K
[0m[48;2;40;67;43m[39m+     15[0m:[39m[48;2;24;38;30m [38;2;192;197;206m    [38;2;180;142;173mfor[38;2;192;197;206m x [38;2;192;197;206min[38;2;192;197;206m [38;2;208;135;112m0[38;2;192;197;206m..[38;2;208;135;112m8192[38;2;192;197;206m [38;2;192;197;206m{[K
[0m[48;2;43;48;59m[39m  23, 16[0m:[39m[48;2;43;48;59m [38;2;192;197;206m        [38;2;180;142;173mlet[38;2;192;197;206m [38;2;180;142;173mc_result[38;2;192;197;206m [38;2;192;197;206m=[38;2;192;197;206m [38;2;180;142;173munsafe[38;2;192;197;206m [38;2;192;197;206m{[38;2;192;197;206m [38;2;150;181;180mc_pow43[38;2;192;197;206m([38;2;192;197;206mx[38;2;192;197;206m)[38;2;192;197;206m [38;2;192;197;206m}[38;2;192;197;206m;[K
[0m[48;2;79;40;40m[39m- 24    [0m:[39m[48;2;36;25;28m [38;2;192;197;206m        [38;2;180;142;173mlet[38;2;192;197;206m rust_result [38;2;192;197;206m=[38;2;192;197;206m [38;2;180;142;173munsafe[38;2;192;197;206m [38;2;192;197;206m{[38;2;192;197;206m [38;2;150;181;180mpow43[38;2;192;197;206m([38;2;192;197;206mx[38;2;192;197;206m)[38;2;192;197;206m [38;2;192;197;206m}[38;2;192;197;206m;[K
[0m[48;2;40;67;43m[39m+     17[0m:[39m[48;2;24;38;30m [38;2;192;197;206m        [38;2;180;142;173mlet[38;2;192;197;206m rust_result [38;2;192;197;206m=[38;2;192;197;206m [38;2;192;197;206mpow43_lib[38;2;192;197;206m::[38;2;192;197;206mpow43[38;2;192;197;206m([38;2;192;197;206mx[38;2;192;197;206m)[38;2;192;197;206m;[K
[0m[48;2;43;48;59m[39m  25, 18[0m:[39m[48;2;43;48;59m [38;2;192;197;206m        [38;2;192;197;206massert_eq![38;2;192;197;206m([K
[0m[48;2;43;48;59m[39m  26, 19[0m:[39m[48;2;43;48;59m [38;2;192;197;206m            [38;2;180;142;173mc_result[38;2;192;197;206m.[38;2;150;181;180mto_bits[38;2;192;197;206m([38;2;192;197;206m)[38;2;192;197;206m,[K
[0m[48;2;43;48;59m[39m  27, 20[0m:[39m[48;2;43;48;59m [38;2;192;197;206m            rust_result.[38;2;150;181;180mto_bits[38;2;192;197;206m([38;2;192;197;206m)[38;2;192;197;206m,[K
[0m[48;2;43;48;59m[39m  28, 21[0m:[39m[48;2;43;48;59m [38;2;192;197;206m            [38;2;192;197;206m"[38;2;163;190;140mpow43({}) mismatch: C={} (bits={:#010x}), Rust={} (bits={:#010x})[38;2;192;197;206m"[38;2;192;197;206m,[K
[0m[48;2;43;48;59m[39m  29, 22[0m:[39m[48;2;43;48;59m [38;2;192;197;206m            x[38;2;192;197;206m,[38;2;192;197;206m [38;2;180;142;173mc_result[38;2;192;197;206m,[38;2;192;197;206m [38;2;180;142;173mc_result[38;2;192;197;206m.[38;2;150;181;180mto_bits[38;2;192;197;206m([38;2;192;197;206m)[38;2;192;197;206m,[38;2;192;197;206m rust_result[38;2;192;197;206m,[38;2;192;197;206m rust_result.[38;2;150;181;180mto_bits[38;2;192;197;206m([38;2;192;197;206m)[K
[0m[48;2;43;48;59m[39m  30, 23[0m:[39m[48;2;43;48;59m [38;2;192;197;206m        [38;2;192;197;206m)[38;2;192;197;206m;[K
[0m[48;2;43;48;59m[39m  31, 24[0m:[39m[48;2;43;48;59m [38;2;192;197;206m    [38;2;192;197;206m}[K
[0m[48;2;43;48;59m[39m  32, 25[0m:[39m[48;2;43;48;59m [38;2;192;197;206m}[K
[0m[K
Replacing: [38;5;141mtranslated_rust/tests/test_pow43.rs[0m
[38;5;244m - Completed in 0.76s[0m
[38;5;12m[1m [1.16][0m[0m
[?25l[0m[38;5;141m> [0mBut wait — the Rust function is [38;5;10mpub extern "C"[0m, so it's exported from the cdylib but not necessarily callable from integration tests via crate import. Let me check if the function is accessible as a normal Rust function from the crate.[0m[0m
[0m[0m
The function signature is [38;5;10mpub extern "C" fn pow43(x: i32) -> f32[0m — the [38;5;10mpub[0m makes it accessible from integration tests via [38;5;10mpow43_lib::pow43()[0m. Let me run the test.[0m[0m
[?25l[0m[0mI will run the following command: [38;5;141mcd /local/home/scheschb/reserach/TRACTOR/harvest-agentic/results/B01_organic/pow43_lib/translated_rust && timeout 600 cargo test --test test_pow43 -- --nocapture 2>&1 | tail -30[0m (in [38;5;141mtranslated_rust[0m)[38;5;244m (using tool: shell)[0m
Purpose: Run integration tests with fixed imports

   Compiling pow43_lib v0.1.0 (/local/home/scheschb/reserach/TRACTOR/harvest-agentic/results/B01_organic/pow43_lib/translated_rust)
error[E0433]: failed to resolve: use of unresolved module or unlinked crate `pow43_lib`
  --> tests/test_pow43.rs:17:27
   |
17 |         let rust_result = pow43_lib::pow43(x);
   |                           ^^^^^^^^^ use of unresolved module or unlinked crate `pow43_lib`
   |
   = help: if you wanted to use a crate named `pow43_lib`, use `cargo add pow43_lib` to add it to your `Cargo.toml`

For more information about this error, try `rustc --explain E0433`.
error: could not compile `pow43_lib` (test "test_pow43") due to 1 previous error
[38;5;244m - Completed in 0.191s[0m
[38;5;12m[1m [1.17][0m[0m
[?25l[0m[38;5;141m> [0mThe crate type is [38;5;10mcdylib[0m only, so it can't be linked as a Rust library for integration tests. I need to also add [38;5;10mlib[0m crate type.[0m[0m
[?25l[0m[0mI'll modify the following file: [38;5;141mtranslated_rust/Cargo.toml[0m[38;5;244m (using tool: write)[0m
Purpose: Add rlib crate type so integration tests can link against the crate

[49m[38;5;9m- 7   [0m:[38;5;9m[49m crate-type = ["cdylib"]
[0m[49m[38;5;10m+    7[0m:[38;5;10m[49m crate-type = ["cdylib", "rlib"]
[0m[K
Updating: [38;5;141mtranslated_rust/Cargo.toml[0m
[38;5;244m - Completed in 0.48s[0m
[38;5;12m[1m [1.18][0m[0m
[?25l[0m[?25l[0m[0mI will run the following command: [38;5;141mcd /local/home/scheschb/reserach/TRACTOR/harvest-agentic/results/B01_organic/pow43_lib/translated_rust && timeout 600 cargo test --test test_pow43 -- --nocapture 2>&1 | tail -30[0m (in [38;5;141mtranslated_rust[0m)[38;5;244m (using tool: shell)[0m
Purpose: Run integration tests with rlib crate type added

   Compiling pow43_lib v0.1.0 (/local/home/scheschb/reserach/TRACTOR/harvest-agentic/results/B01_organic/pow43_lib/translated_rust)
    Finished `test` profile [unoptimized + debuginfo] target(s) in 0.41s
     Running tests/test_pow43.rs (target/debug/deps/test_pow43-d20279f2c03193dc)

running 1 test
test test_pow43_matches_c ... ok

test result: ok. 1 passed; 0 failed; 0 ignored; 0 measured; 0 filtered out; finished in 0.00s

[38;5;244m - Completed in 0.807s[0m
[38;5;12m[1m [1.19][0m[0m
[?25l[0m[38;5;141m> [0mAll tests pass — the Rust [38;5;10mpow43[0m function produces bit-identical results to the C version for all 8192 test inputs.[0m[0m
[?25l[0m[0m[38;5;11mTODO:
[39m[38;5;10m[x] [3m[38;5;244mRun tests, investigate mismatches, fix Rust code[23m
[0m[ ] Compare nm -D symbols between C .so and Rust .so, add missing exports[38;5;244m - Completed in 0.78s[0m
[38;5;12m[1m [1.20][0m[0m
[?25l[0m[38;5;141m> [0mNow let's compare [38;5;10mnm -D[0m symbols between the C and Rust shared libraries.[0m[0m
[?25l[0m[0mI will run the following command: [38;5;141mcd /local/home/scheschb/reserach/TRACTOR/harvest-agentic/results/B01_organic/pow43_lib/translated_rust && timeout 60 cargo build 2>&1 | tail -5[0m (in [38;5;141mtranslated_rust[0m)[38;5;244m (using tool: shell)[0m
Purpose: Build Rust cdylib

    Finished `dev` profile [unoptimized + debuginfo] target(s) in 0.01s
[38;5;244m - Completed in 0.127s[0m
[38;5;12m[1m [1.21][0m[0m
[?25l[0m[?25l[0m[0mI will run the following command: [38;5;141mRUST_SO=$(find /local/home/scheschb/reserach/TRACTOR/harvest-agentic/results/B01_organic/pow43_lib/translated_rust/target/debug -name "libpow43_lib.so" -type f | head -1)
C_SO=/local/home/scheschb/reserach/TRACTOR/harvest-agentic/results/B01_organic/pow43_lib/translated_rust/c_src/build/libtranslated_rust.so

echo "=== C .so symbols (T only) ==="
nm -D "$C_SO" | grep ' T ' | awk '{print $3}' | sort

echo ""
echo "=== Rust .so symbols (T only) ==="
nm -D "$RUST_SO" | grep ' T ' | awk '{print $3}' | sort

echo ""
echo "=== C symbols missing from Rust ==="
comm -23 <(nm -D "$C_SO" | grep ' T ' | awk '{print $3}' | sort) <(nm -D "$RUST_SO" | grep ' T ' | awk '{print $3}' | sort)[0m[38;5;244m (using tool: shell)[0m
Purpose: Compare nm -D symbols between C and Rust .so files

=== C .so symbols (T only) ===
_fini
_init
pow43

=== Rust .so symbols (T only) ===
pow43

=== C symbols missing from Rust ===
_fini
_init
[38;5;244m - Completed in 0.63s[0m
[38;5;12m[1m [1.22][0m[0m
[?25l[0m[38;5;141m> [0mThe [38;5;10m_fini[0m and [38;5;10m_init[0m symbols are standard ELF section markers automatically generated by the C compiler/linker — they're not user-defined functions. They're present in every shared library built with gcc. The Rust toolchain handles these differently but they're not part of the actual API. The important symbol [38;5;10mpow43[0m is present in both.[0m[0m
[0m[0m
Let me verify this is indeed the case — these are linker-generated, not user code:[0m[0m
[?25l[0m[0mI will run the following command: [38;5;141mgrep -r '_fini\|_init' /local/home/scheschb/reserach/TRACTOR/harvest-agentic/results/B01_organic/pow43_lib/translated_rust/c_src/src/ /local/home/scheschb/reserach/TRACTOR/harvest-agentic/results/B01_organic/pow43_lib/translated_rust/c_src/include/ 2>&1[0m[38;5;244m (using tool: shell)[0m
Purpose: Check if _init/_fini are user-defined in C source

[38;5;244m - Completed in 0.51s[0m
[38;5;12m[1m [1.23][0m[0m
[?25l[0m[38;5;141m> [0mConfirmed — [38;5;10m_init[0m and [38;5;10m_fini[0m are not in the C source code. They're auto-generated ELF symbols. The only user-defined exported symbol is [38;5;10mpow43[0m, which the Rust .so exports correctly.[0m[0m
[?25l[0m[0m[38;5;11mTODO:
[39m[38;5;10m[x] [3m[38;5;244mCompare nm -D symbols between C .so and Rust .so, add missing exports[23m
[0m[ ] Final verification - all tests pass, all symbols match[38;5;244m - Completed in 0.51s[0m
[38;5;12m[1m [1.24][0m[0m
[?25l[0m[38;5;141m> [0mNow final verification — run all tests one more time to confirm everything is clean.[0m[0m
[?25l[0m[0mI will run the following command: [38;5;141mcd /local/home/scheschb/reserach/TRACTOR/harvest-agentic/results/B01_organic/pow43_lib/translated_rust && timeout 600 cargo test 2>&1[0m (in [38;5;141mtranslated_rust[0m)[38;5;244m (using tool: shell)[0m
Purpose: Final verification - run all tests

   Compiling pow43_lib v0.1.0 (/local/home/scheschb/reserach/TRACTOR/harvest-agentic/results/B01_organic/pow43_lib/translated_rust)
    Finished `test` profile [unoptimized + debuginfo] target(s) in 0.21s
     Running unittests src/lib.rs (target/debug/deps/pow43_lib-beb8be468813edae)

running 0 tests

test result: ok. 0 passed; 0 failed; 0 ignored; 0 measured; 0 filtered out; finished in 0.00s

     Running tests/test_pow43.rs (target/debug/deps/test_pow43-d20279f2c03193dc)

running 1 test
test test_pow43_matches_c ... ok

test result: ok. 1 passed; 0 failed; 0 ignored; 0 measured; 0 filtered out; finished in 0.00s

   Doc-tests pow43_lib

running 0 tests

test result: ok. 0 passed; 0 failed; 0 ignored; 0 measured; 0 filtered out; finished in 0.00s

[38;5;244m - Completed in 0.487s[0m
[38;5;12m[1m [1.25][0m[0m
[?25l[0m[38;5;141m> [0mAll tests pass.[0m[0m
[?25l[0m[0m[38;5;11mTODO:
[39m[38;5;10m[x] [3m[38;5;244mExplore project structure - understand C source, Rust translation, and public API[23m
[38;5;10m[x] [3m[38;5;244mBuild C shared library[23m
[38;5;10m[x] [3m[38;5;244mUnderstand public API and function hierarchy from C headers[23m
[38;5;10m[x] [3m[38;5;244mAdd libloading dev-dependency and write integration tests[23m
[38;5;10m[x] [3m[38;5;244mRun tests, investigate mismatches, fix Rust code[23m
[38;5;10m[x] [3m[38;5;244mCompare nm -D symbols between C .so and Rust .so, add missing exports[23m
[38;5;10m[x] [3m[38;5;244mFinal verification - all tests pass, all symbols match[23m[38;5;244m - Completed in 0.65s[0m
[38;5;12m[1m [1.26][0m[0m
[?25l[0m[38;5;141m> [0mAll done. Here's the summary:[0m[0m
[0m[0m
[38;5;252m[1m## Results[0m[0m
[0m[0m
[1mPublic API:[22m One function — [38;5;10mpow43(int x) -> float[0m[0m[0m
[0m[0m
[1mCorrectness:[22m ✅ Rust produces bit-identical output to C for all 8,192 test inputs (x = 0..8191), covering:[0m[0m
- Lookup table direct hits (x < 129)[0m[0m
- Small value path with [38;5;10mmult=16[0m (129 ≤ x < 1024)[0m[0m
- Large value path with [38;5;10mmult=256[0m (x ≥ 1024)[0m[0m
[0m[0m
[1mSymbol exports:[22m ✅ The only user-defined C export ([38;5;10mpow43[0m) is present in the Rust [38;5;10m.so[0m. The [38;5;10m_init[0m/[38;5;10m_fini[0m symbols are auto-generated ELF linker symbols, not from user code.[0m[0m
[0m[0m
[1mNo Rust fixes needed[22m — the translation was already correct.[0m[0m
[0m[0m
[1mFiles modified:[22m[0m[0m
- [38;5;10mtranslated_rust/Cargo.toml[0m — added [38;5;10mlibloading[0m dev-dependency and [38;5;10mrlib[0m crate type[0m[0m
- [38;5;10mtranslated_rust/tests/test_pow43.rs[0m — integration test comparing C vs Rust via [38;5;10mlibloading[0m[0m[0m[38;5;12m[1m✓ Created checkpoint 1

[0m[0m
[38;5;8m
 ▸ Credits: 11.18 • Time: 2m 54s

[0m[1G[0m[0m[?25h