[38;5;9mError: [0mFile URI not found: file://./harold-prompt.md (resolved to /home/scheschb/.kiro/agents/./harold-prompt.md)
[32mAll tools are now trusted ([0m[31m![0m[32m). Kiro will execute tools without asking for confirmation.[0m
Agents can sometimes do unexpected things so understand the risks.

Learn more at [38;5;141mhttps://kiro.dev/docs/cli/chat/security/#using-tools-trust-all-safely[0m


[38;5;12m[1m📷 Checkpoints are enabled! (took 0.04s)

[0m
[38;5;252m[0m[?25l[38;5;141m> [0m[0m[0m
[0m[0m
Let me start by examining the C source code to understand what needs to be translated.[0m[0m
[?25l[0m[0mReading directory: [38;5;141m/local/home/scheschb/Git/harvest-agentic-translate-results/B01_synthetic/001_helloworld_with_header/translated_rust/c_src[0m[38;5;244m (using tool: read, max depth: 2, max entries: 1000, excluding: defaults)[0m
[38;5;10m ✓ [0mSuccessfully read directory [38;5;141m/local/home/scheschb/Git/harvest-agentic-translate-results/B01_synthetic/001_helloworld_with_header/translated_rust/c_src[0m [38;5;244m(5 entries)[0m
[38;5;244m - Completed in 0.4s[0m

[?25l[0m[?25l[0m[0mBatch fs_read operation with [38;5;141m3[0m operations[38;5;244m (using tool: read)[0m

↱ Operation 1: Reading file: [38;5;141m/local/home/scheschb/Git/harvest-agentic-translate-results/B01_synthetic/001_helloworld_with_header/translated_rust/c_src/src/main.c[0m, all lines
↱ Operation 2: Reading file: [38;5;141m/local/home/scheschb/Git/harvest-agentic-translate-results/B01_synthetic/001_helloworld_with_header/translated_rust/c_src/src/sillymain.h[0m, all lines
↱ Operation 3: Reading file: [38;5;141m/local/home/scheschb/Git/harvest-agentic-translate-results/B01_synthetic/001_helloworld_with_header/translated_rust/c_src/src/sillymain.c[0m, all lines
[38;5;10m ✓ [0mSuccessfully read [38;5;244m1199 bytes[0m from /local/home/scheschb/Git/harvest-agentic-translate-results/B01_synthetic/001_helloworld_with_header/translated_rust/c_src/src/main.c

[38;5;10m ✓ [0mSuccessfully read [38;5;244m1219 bytes[0m from /local/home/scheschb/Git/harvest-agentic-translate-results/B01_synthetic/001_helloworld_with_header/translated_rust/c_src/src/sillymain.h

[38;5;10m ✓ [0mSuccessfully read [38;5;244m1244 bytes[0m from /local/home/scheschb/Git/harvest-agentic-translate-results/B01_synthetic/001_helloworld_with_header/translated_rust/c_src/src/sillymain.c

 ⋮ 

[38;5;244m- [0mSummary: 3 operations processed, 3 successful, 0 failed
[38;5;244m - Completed in 0.3s[0m

[?25l[0m[38;5;141m> [0mStraightforward — [38;5;10mmain()[0m calls [38;5;10mhelloworld()[0m which prints [38;5;10m"Hello World!\n"[0m and returns 0. Let me create the Rust files.[0m[0m
[?25l[0m[0m
[?25l[0m[0mI'll create the following file: [38;5;141m/local/home/scheschb/Git/harvest-agentic-translate-results/B01_synthetic/001_helloworld_with_header/translated_rust/Cargo.toml[0m[38;5;244m (using tool: write)[0m

[49m[38;5;10m+    1[0m:[38;5;10m[49m [package]
[0m[49m[38;5;10m+    2[0m:[38;5;10m[49m name = "translated_rust"
[0m[49m[38;5;10m+    3[0m:[38;5;10m[49m version = "0.1.0"
[0m[49m[38;5;10m+    4[0m:[38;5;10m[49m edition = "2021"
[0m[49m[38;5;10m+    5[0m:[38;5;10m[49m 
[0m[49m[38;5;10m+    6[0m:[38;5;10m[49m [[bin]]
[0m[49m[38;5;10m+    7[0m:[38;5;10m[49m name = "driver"
[0m[49m[38;5;10m+    8[0m:[38;5;10m[49m path = "src/main.rs"
[0m[K
I'll create the following file: [38;5;141m/local/home/scheschb/Git/harvest-agentic-translate-results/B01_synthetic/001_helloworld_with_header/translated_rust/src/main.rs[0m[38;5;244m (using tool: write)[0m

[48;2;40;67;43m[39m+    1[0m:[39m[48;2;24;38;30m [38;2;180;142;173mfn[38;2;192;197;206m [38;2;143;161;179mhelloworld[38;2;192;197;206m([38;2;192;197;206m)[38;2;192;197;206m [38;2;192;197;206m->[38;2;192;197;206m [38;2;180;142;173mi32[38;2;192;197;206m [38;2;192;197;206m{[K
[0m[48;2;40;67;43m[39m+    2[0m:[39m[48;2;24;38;30m [38;2;192;197;206m    [38;2;192;197;206mprint![38;2;192;197;206m([38;2;192;197;206m"[38;2;163;190;140mHello World![38;2;150;181;180m\n[38;2;192;197;206m"[38;2;192;197;206m)[38;2;192;197;206m;[K
[0m[48;2;40;67;43m[39m+    3[0m:[39m[48;2;24;38;30m [38;2;192;197;206m    [38;2;208;135;112m0[K
[0m[48;2;40;67;43m[39m+    4[0m:[39m[48;2;24;38;30m [38;2;192;197;206m}[K
[0m[48;2;40;67;43m[39m+    5[0m:[39m[48;2;24;38;30m [K
[0m[48;2;40;67;43m[39m+    6[0m:[39m[48;2;24;38;30m [38;2;180;142;173mfn[38;2;192;197;206m [38;2;143;161;179mmain[38;2;192;197;206m([38;2;192;197;206m)[38;2;192;197;206m [38;2;192;197;206m{[K
[0m[48;2;40;67;43m[39m+    7[0m:[39m[48;2;24;38;30m [38;2;192;197;206m    [38;2;192;197;206mstd[38;2;192;197;206m::[38;2;192;197;206mprocess[38;2;192;197;206m::[38;2;192;197;206mexit[38;2;192;197;206m([38;2;150;181;180mhelloworld[38;2;192;197;206m([38;2;192;197;206m)[38;2;192;197;206m)[38;2;192;197;206m;[K
[0m[48;2;40;67;43m[39m+    8[0m:[39m[48;2;24;38;30m [38;2;192;197;206m}[K
[0m[K
Creating: [38;5;141m/local/home/scheschb/Git/harvest-agentic-translate-results/B01_synthetic/001_helloworld_with_header/translated_rust/Cargo.toml[0m
[38;5;244m - Completed in 0.38s[0m
[38;5;12m[1m [1.1][0m[0m
Creating: [38;5;141m/local/home/scheschb/Git/harvest-agentic-translate-results/B01_synthetic/001_helloworld_with_header/translated_rust/src/main.rs[0m
[38;5;244m - Completed in 0.39s[0m
[38;5;12m[1m [1.2][0m[0m
[?25l[0m[?25l[0m[0mI will run the following command: [38;5;141mcd /local/home/scheschb/Git/harvest-agentic-translate-results/B01_synthetic/001_helloworld_with_header/translated_rust && cargo build --release 2>&1[0m[38;5;244m (using tool: shell)[0m
Purpose: Build the Rust project

   Compiling translated_rust v0.1.0 (/local/home/scheschb/Git/harvest-agentic-translate-results/B01_synthetic/001_helloworld_with_header/translated_rust)
    Finished `release` profile [optimized] target(s) in 0.17s
[38;5;244m - Completed in 0.291s[0m
[38;5;12m[1m [1.3][0m[0m
[?25l[0m[38;5;141m> [0mCompiles cleanly. Let me verify the output matches:[0m[0m
[?25l[0m[0mI will run the following command: [38;5;141mcd /local/home/scheschb/Git/harvest-agentic-translate-results/B01_synthetic/001_helloworld_with_header/translated_rust && ./target/release/driver[0m[38;5;244m (using tool: shell)[0m
Purpose: Run the binary to verify output

Hello World!
[38;5;244m - Completed in 0.15s[0m

[?25l[0m[38;5;141m> [0mBuild succeeds and output is byte-identical: [38;5;10mHello World!\n[0m with exit code 0.[0m[0m
[0m[0m
The translation maps the C structure directly:[0m[0m
- [38;5;10mmain()[0m → calls [38;5;10mhelloworld()[0m and exits with its return value via [38;5;10mstd::process::exit()[0m[0m[0m
- [38;5;10mhelloworld()[0m → prints [38;5;10m"Hello World!\n"[0m and returns [38;5;10m0[0m[0m[0m
- [38;5;10mprintf[0m → [38;5;10mprint![0m macro (no format args, so identical output)[0m[0m[38;5;12m[1m✓ Created checkpoint 1

[0m[0m
[38;5;8m
 ▸ Credits: 2.08 • Time: 24s

[0m[1G[0m[0m[?25h