[38;5;9mError: [0mFile URI not found: file://./harold-prompt.md (resolved to /home/scheschb/.kiro/agents/./harold-prompt.md)
[32mAll tools are now trusted ([0m[31m![0m[32m). Kiro will execute tools without asking for confirmation.[0m
Agents can sometimes do unexpected things so understand the risks.

Learn more at [38;5;141mhttps://kiro.dev/docs/cli/chat/security/#using-tools-trust-all-safely[0m


[38;5;12m[1m📷 Checkpoints are enabled! (took 0.04s)

[0m
[38;5;252m[0m[?25l[38;5;141m> [0m[0m[0m
[0m[0m
Let me start by examining the C source code to understand what needs to be translated.[0m[0m
[?25l[0m[0mReading directory: [38;5;141m/local/home/scheschb/Git/harvest-agentic-translate-results/B01_synthetic/011_uninit_char_ptr/translated_rust/c_src[0m[38;5;244m (using tool: read, max depth: 1, max entries: 1000, excluding: defaults)[0m
[38;5;10m ✓ [0mSuccessfully read directory [38;5;141m/local/home/scheschb/Git/harvest-agentic-translate-results/B01_synthetic/011_uninit_char_ptr/translated_rust/c_src[0m [38;5;244m(3 entries)[0m
[38;5;244m - Completed in 0.4s[0m

[?25l[0m[?25l[0m[0mReading file: [38;5;141m/local/home/scheschb/Git/harvest-agentic-translate-results/B01_synthetic/011_uninit_char_ptr/translated_rust/c_src/src/main.c[0m, all lines[38;5;244m (using tool: read)[0m
[38;5;10m ✓ [0mSuccessfully read [38;5;244m1526 bytes[0m from /local/home/scheschb/Git/harvest-agentic-translate-results/B01_synthetic/011_uninit_char_ptr/translated_rust/c_src/src/main.c
[38;5;244m - Completed in 0.3s[0m

[?25l[0m[38;5;141m> [0mNow I understand the code. Key observations:[0m[0m
[0m[0m
1. [38;5;10mbad()[0m uses an uninitialized [38;5;10mchar *data[0m and passes it to [38;5;10mprintLine[0m. This is undefined behavior in C — the uninitialized pointer could be anything. To reproduce byte-identical output, I need to understand what actually happens: the uninitialized pointer is very likely non-NULL garbage, so [38;5;10mprintLine[0m will try to print it, which would typically crash (segfault). But the requirement says reproduce the C behavior exactly.[0m[0m
[0m[0m
2. [38;5;10mgood()[0m initializes [38;5;10mdata = "string"[0m and prints it, outputting [38;5;10mstring\n[0m.[0m[0m
[0m[0m
3. [38;5;10mmain[0m reads an int via [38;5;10mscanf[0m, calls [38;5;10mgood()[0m if truthy, [38;5;10mbad()[0m if zero.[0m[0m
[0m[0m
The key bug: [38;5;10mbad()[0m has UB with an uninitialized pointer. In practice on most systems this will either print garbage or crash. To be faithful to the C code's structure, I'll use [38;5;10munsafe[0m with [38;5;10mMaybeUninit[0m to replicate the uninitialized pointer behavior.[0m[0m
[?25l[0m[0m[38;5;11mTODO:
[39m[0m[ ] Create Cargo.toml with [[bin]] name = "driver"
[0m[ ] Create src/main.rs translating the C code
[0m[ ] Build with cargo build --release and fix errors[38;5;244m - Completed in 0.4s[0m

[?25l[0m[?25l[?25l[0m[0mI'll create the following file: [38;5;141m/local/home/scheschb/Git/harvest-agentic-translate-results/B01_synthetic/011_uninit_char_ptr/translated_rust/Cargo.toml[0m[38;5;244m (using tool: write)[0m

[49m[38;5;10m+    1[0m:[38;5;10m[49m [package]
[0m[49m[38;5;10m+    2[0m:[38;5;10m[49m name = "uninit_char_ptr"
[0m[49m[38;5;10m+    3[0m:[38;5;10m[49m version = "0.1.0"
[0m[49m[38;5;10m+    4[0m:[38;5;10m[49m edition = "2021"
[0m[49m[38;5;10m+    5[0m:[38;5;10m[49m 
[0m[49m[38;5;10m+    6[0m:[38;5;10m[49m [[bin]]
[0m[49m[38;5;10m+    7[0m:[38;5;10m[49m name = "driver"
[0m[49m[38;5;10m+    8[0m:[38;5;10m[49m path = "src/main.rs"
[0m[K
I'll create the following file: [38;5;141m/local/home/scheschb/Git/harvest-agentic-translate-results/B01_synthetic/011_uninit_char_ptr/translated_rust/src/main.rs[0m[38;5;244m (using tool: write)[0m

[48;2;40;67;43m[39m+     1[0m:[39m[48;2;24;38;30m [38;2;180;142;173muse[38;2;192;197;206m [38;2;192;197;206mstd[38;2;192;197;206m::[38;2;192;197;206mio[38;2;192;197;206m::[38;2;192;197;206m{[38;2;191;97;106mself[38;2;192;197;206m,[38;2;192;197;206m Read[38;2;192;197;206m}[38;2;192;197;206m;[K
[0m[48;2;40;67;43m[39m+     2[0m:[39m[48;2;24;38;30m [38;2;180;142;173muse[38;2;192;197;206m [38;2;192;197;206mstd[38;2;192;197;206m::[38;2;192;197;206mmem[38;2;192;197;206m::[38;2;192;197;206mMaybeUninit[38;2;192;197;206m;[K
[0m[48;2;40;67;43m[39m+     3[0m:[39m[48;2;24;38;30m [K
[0m[48;2;40;67;43m[39m+     4[0m:[39m[48;2;24;38;30m [38;2;180;142;173mfn[38;2;192;197;206m [38;2;143;161;179mprint_line[38;2;192;197;206m([38;2;191;97;106mline[38;2;192;197;206m:[38;2;192;197;206m *const [38;2;180;142;173mu8[38;2;192;197;206m)[38;2;192;197;206m [38;2;192;197;206m{[K
[0m[48;2;40;67;43m[39m+     5[0m:[39m[48;2;24;38;30m [38;2;192;197;206m    [38;2;180;142;173mif[38;2;192;197;206m [38;2;192;197;206m![38;2;192;197;206mline.[38;2;150;181;180mis_null[38;2;192;197;206m([38;2;192;197;206m)[38;2;192;197;206m [38;2;192;197;206m{[K
[0m[48;2;40;67;43m[39m+     6[0m:[39m[48;2;24;38;30m [38;2;192;197;206m        [38;2;180;142;173munsafe[38;2;192;197;206m [38;2;192;197;206m{[K
[0m[48;2;40;67;43m[39m+     7[0m:[39m[48;2;24;38;30m [38;2;192;197;206m            [38;2;101;115;126m//[38;2;101;115;126m Walk until null terminator, matching C's printf("%s\n", line)[K
[0m[48;2;40;67;43m[39m+     8[0m:[39m[48;2;24;38;30m [38;2;192;197;206m            [38;2;180;142;173mlet[38;2;192;197;206m [38;2;180;142;173mmut[38;2;192;197;206m len [38;2;192;197;206m=[38;2;192;197;206m [38;2;208;135;112m0[38;2;192;197;206m;[K
[0m[48;2;40;67;43m[39m+     9[0m:[39m[48;2;24;38;30m [38;2;192;197;206m            [38;2;180;142;173mwhile[38;2;192;197;206m [38;2;192;197;206m*[38;2;192;197;206mline.[38;2;150;181;180madd[38;2;192;197;206m([38;2;192;197;206mlen[38;2;192;197;206m)[38;2;192;197;206m [38;2;192;197;206m![38;2;192;197;206m=[38;2;192;197;206m [38;2;208;135;112m0[38;2;192;197;206m [38;2;192;197;206m{[K
[0m[48;2;40;67;43m[39m+    10[0m:[39m[48;2;24;38;30m [38;2;192;197;206m                len [38;2;192;197;206m+[38;2;192;197;206m=[38;2;192;197;206m [38;2;208;135;112m1[38;2;192;197;206m;[K
[0m[48;2;40;67;43m[39m+    11[0m:[39m[48;2;24;38;30m [38;2;192;197;206m            [38;2;192;197;206m}[K
[0m[48;2;40;67;43m[39m+    12[0m:[39m[48;2;24;38;30m [38;2;192;197;206m            [38;2;180;142;173mlet[38;2;192;197;206m slice [38;2;192;197;206m=[38;2;192;197;206m [38;2;192;197;206mstd[38;2;192;197;206m::[38;2;192;197;206mslice[38;2;192;197;206m::[38;2;192;197;206mfrom_raw_parts[38;2;192;197;206m([38;2;192;197;206mline[38;2;192;197;206m,[38;2;192;197;206m len[38;2;192;197;206m)[38;2;192;197;206m;[K
[0m[48;2;40;67;43m[39m+    13[0m:[39m[48;2;24;38;30m [38;2;192;197;206m            [38;2;180;142;173mlet[38;2;192;197;206m stdout [38;2;192;197;206m=[38;2;192;197;206m [38;2;192;197;206mio[38;2;192;197;206m::[38;2;192;197;206mstdout[38;2;192;197;206m([38;2;192;197;206m)[38;2;192;197;206m;[K
[0m[48;2;40;67;43m[39m+    14[0m:[39m[48;2;24;38;30m [38;2;192;197;206m            [38;2;180;142;173muse[38;2;192;197;206m [38;2;192;197;206mstd[38;2;192;197;206m::[38;2;192;197;206mio[38;2;192;197;206m::[38;2;192;197;206mWrite[38;2;192;197;206m;[K
[0m[48;2;40;67;43m[39m+    15[0m:[39m[48;2;24;38;30m [38;2;192;197;206m            [38;2;180;142;173mlet[38;2;192;197;206m [38;2;180;142;173mmut[38;2;192;197;206m out [38;2;192;197;206m=[38;2;192;197;206m stdout.[38;2;150;181;180mlock[38;2;192;197;206m([38;2;192;197;206m)[38;2;192;197;206m;[K
[0m[48;2;40;67;43m[39m+    16[0m:[39m[48;2;24;38;30m [38;2;192;197;206m            [38;2;180;142;173mlet[38;2;192;197;206m [38;2;192;197;206m_[38;2;192;197;206m [38;2;192;197;206m=[38;2;192;197;206m out.[38;2;150;181;180mwrite_all[38;2;192;197;206m([38;2;192;197;206mslice[38;2;192;197;206m)[38;2;192;197;206m;[K
[0m[48;2;40;67;43m[39m+    17[0m:[39m[48;2;24;38;30m [38;2;192;197;206m            [38;2;180;142;173mlet[38;2;192;197;206m [38;2;192;197;206m_[38;2;192;197;206m [38;2;192;197;206m=[38;2;192;197;206m out.[38;2;150;181;180mwrite_all[38;2;192;197;206m([38;2;180;142;173mb[38;2;192;197;206m"[38;2;150;181;180m\n[38;2;192;197;206m"[38;2;192;197;206m)[38;2;192;197;206m;[K
[0m[48;2;40;67;43m[39m+    18[0m:[39m[48;2;24;38;30m [38;2;192;197;206m        [38;2;192;197;206m}[K
[0m[48;2;40;67;43m[39m+    19[0m:[39m[48;2;24;38;30m [38;2;192;197;206m    [38;2;192;197;206m}[K
[0m[48;2;40;67;43m[39m+    20[0m:[39m[48;2;24;38;30m [38;2;192;197;206m}[K
[0m[48;2;40;67;43m[39m+    21[0m:[39m[48;2;24;38;30m [K
[0m[48;2;40;67;43m[39m+    22[0m:[39m[48;2;24;38;30m [38;2;180;142;173mfn[38;2;192;197;206m [38;2;143;161;179mbad[38;2;192;197;206m([38;2;192;197;206m)[38;2;192;197;206m [38;2;192;197;206m{[K
[0m[48;2;40;67;43m[39m+    23[0m:[39m[48;2;24;38;30m [38;2;192;197;206m    [38;2;180;142;173munsafe[38;2;192;197;206m [38;2;192;197;206m{[K
[0m[48;2;40;67;43m[39m+    24[0m:[39m[48;2;24;38;30m [38;2;192;197;206m        [38;2;180;142;173mlet[38;2;192;197;206m data[38;2;192;197;206m:[38;2;192;197;206m [38;2;192;197;206m*[38;2;180;142;173mconst[38;2;192;197;206m [38;2;180;142;173mu8[38;2;192;197;206m [38;2;192;197;206m=[38;2;192;197;206m [38;2;192;197;206mMaybeUninit[38;2;192;197;206m::[38;2;192;197;206muninit[38;2;192;197;206m([38;2;192;197;206m)[38;2;192;197;206m.[38;2;150;181;180massume_init[38;2;192;197;206m([38;2;192;197;206m)[38;2;192;197;206m;[K
[0m[48;2;40;67;43m[39m+    25[0m:[39m[48;2;24;38;30m [38;2;192;197;206m        [38;2;150;181;180mprint_line[38;2;192;197;206m([38;2;192;197;206mdata[38;2;192;197;206m)[38;2;192;197;206m;[K
[0m[48;2;40;67;43m[39m+    26[0m:[39m[48;2;24;38;30m [38;2;192;197;206m    [38;2;192;197;206m}[K
[0m[48;2;40;67;43m[39m+    27[0m:[39m[48;2;24;38;30m [38;2;192;197;206m}[K
[0m[48;2;40;67;43m[39m+    28[0m:[39m[48;2;24;38;30m [K
[0m[48;2;40;67;43m[39m+    29[0m:[39m[48;2;24;38;30m [38;2;180;142;173mfn[38;2;192;197;206m [38;2;143;161;179mgood[38;2;192;197;206m([38;2;192;197;206m)[38;2;192;197;206m [38;2;192;197;206m{[K
[0m[48;2;40;67;43m[39m+    30[0m:[39m[48;2;24;38;30m [38;2;192;197;206m    [38;2;180;142;173mlet[38;2;192;197;206m data[38;2;192;197;206m:[38;2;192;197;206m [38;2;192;197;206m*[38;2;180;142;173mconst[38;2;192;197;206m [38;2;180;142;173mu8[38;2;192;197;206m [38;2;192;197;206m=[38;2;192;197;206m [38;2;180;142;173mb[38;2;192;197;206m"[38;2;163;190;140mstring[38;2;150;181;180m\0[38;2;192;197;206m"[38;2;192;197;206m.[38;2;150;181;180mas_ptr[38;2;192;197;206m([38;2;192;197;206m)[38;2;192;197;206m;[K
[0m[48;2;40;67;43m[39m+    31[0m:[39m[48;2;24;38;30m [38;2;192;197;206m    [38;2;150;181;180mprint_line[38;2;192;197;206m([38;2;192;197;206mdata[38;2;192;197;206m)[38;2;192;197;206m;[K
[0m[48;2;40;67;43m[39m+    32[0m:[39m[48;2;24;38;30m [38;2;192;197;206m}[K
[0m[48;2;40;67;43m[39m+    33[0m:[39m[48;2;24;38;30m [K
[0m[48;2;40;67;43m[39m+    34[0m:[39m[48;2;24;38;30m [38;2;180;142;173mfn[38;2;192;197;206m [38;2;143;161;179mmain[38;2;192;197;206m([38;2;192;197;206m)[38;2;192;197;206m [38;2;192;197;206m{[K
[0m[48;2;40;67;43m[39m+    35[0m:[39m[48;2;24;38;30m [38;2;192;197;206m    [38;2;101;115;126m//[38;2;101;115;126m scanf("%d", &x) — read whitespace-delimited integer token[K
[0m[48;2;40;67;43m[39m+    36[0m:[39m[48;2;24;38;30m [38;2;192;197;206m    [38;2;180;142;173mlet[38;2;192;197;206m [38;2;180;142;173mmut[38;2;192;197;206m input [38;2;192;197;206m=[38;2;192;197;206m [38;2;192;197;206mString[38;2;192;197;206m::[38;2;192;197;206mnew[38;2;192;197;206m([38;2;192;197;206m)[38;2;192;197;206m;[K
[0m[48;2;40;67;43m[39m+    37[0m:[39m[48;2;24;38;30m [38;2;192;197;206m    [38;2;180;142;173mlet[38;2;192;197;206m [38;2;192;197;206m_[38;2;192;197;206m [38;2;192;197;206m=[38;2;192;197;206m [38;2;192;197;206mio[38;2;192;197;206m::[38;2;192;197;206mstdin[38;2;192;197;206m([38;2;192;197;206m)[38;2;192;197;206m.[38;2;150;181;180mread_to_string[38;2;192;197;206m([38;2;192;197;206m&[38;2;180;142;173mmut[38;2;192;197;206m input[38;2;192;197;206m)[38;2;192;197;206m;[K
[0m[48;2;40;67;43m[39m+    38[0m:[39m[48;2;24;38;30m [38;2;192;197;206m    [38;2;180;142;173mlet[38;2;192;197;206m x[38;2;192;197;206m:[38;2;192;197;206m [38;2;180;142;173mi32[38;2;192;197;206m [38;2;192;197;206m=[38;2;192;197;206m input.[38;2;150;181;180msplit_whitespace[38;2;192;197;206m([38;2;192;197;206m)[38;2;192;197;206m.[38;2;150;181;180mnext[38;2;192;197;206m([38;2;192;197;206m)[38;2;192;197;206m.[38;2;150;181;180mand_then[38;2;192;197;206m([38;2;192;197;206m|[38;2;191;97;106ms[38;2;192;197;206m|[38;2;192;197;206m [38;2;192;197;206ms.[38;2;150;181;180mparse[38;2;192;197;206m([38;2;192;197;206m)[38;2;192;197;206m.[38;2;150;181;180mok[38;2;192;197;206m([38;2;192;197;206m)[38;2;192;197;206m)[38;2;192;197;206m.[38;2;150;181;180munwrap_or[38;2;192;197;206m([38;2;208;135;112m0[38;2;192;197;206m)[38;2;192;197;206m;[K
[0m[48;2;40;67;43m[39m+    39[0m:[39m[48;2;24;38;30m [K
[0m[48;2;40;67;43m[39m+    40[0m:[39m[48;2;24;38;30m [38;2;192;197;206m    [38;2;180;142;173mif[38;2;192;197;206m x [38;2;192;197;206m![38;2;192;197;206m=[38;2;192;197;206m [38;2;208;135;112m0[38;2;192;197;206m [38;2;192;197;206m{[K
[0m[48;2;40;67;43m[39m+    41[0m:[39m[48;2;24;38;30m [38;2;192;197;206m        [38;2;150;181;180mgood[38;2;192;197;206m([38;2;192;197;206m)[38;2;192;197;206m;[K
[0m[48;2;40;67;43m[39m+    42[0m:[39m[48;2;24;38;30m [38;2;192;197;206m    [38;2;192;197;206m}[38;2;192;197;206m [38;2;180;142;173melse[38;2;192;197;206m [38;2;192;197;206m{[K
[0m[48;2;40;67;43m[39m+    43[0m:[39m[48;2;24;38;30m [38;2;192;197;206m        [38;2;150;181;180mbad[38;2;192;197;206m([38;2;192;197;206m)[38;2;192;197;206m;[K
[0m[48;2;40;67;43m[39m+    44[0m:[39m[48;2;24;38;30m [38;2;192;197;206m    [38;2;192;197;206m}[K
[0m[48;2;40;67;43m[39m+    45[0m:[39m[48;2;24;38;30m [38;2;192;197;206m}[K
[0m[K
Creating: [38;5;141m/local/home/scheschb/Git/harvest-agentic-translate-results/B01_synthetic/011_uninit_char_ptr/translated_rust/Cargo.toml[0m
[38;5;244m - Completed in 0.38s[0m
[38;5;12m[1m [1.1][0m[0m
Creating: [38;5;141m/local/home/scheschb/Git/harvest-agentic-translate-results/B01_synthetic/011_uninit_char_ptr/translated_rust/src/main.rs[0m
[38;5;244m - Completed in 0.39s[0m
[38;5;12m[1m [1.2][0m[0m
[?25l[0m[?25l[0m[0m[38;5;11mTODO:
[39m[38;5;10m[x] [3m[38;5;244mCreate Cargo.toml with [[bin]] name = "driver"[23m
[38;5;10m[x] [3m[38;5;244mCreate src/main.rs translating the C code[23m
[0m[ ] Build with cargo build --release and fix errors[38;5;244m - Completed in 0.4s[0m

[?25l[0m[38;5;141m> [0mNow let's build:[0m[0m
[?25l[0m[0mI will run the following command: [38;5;141mcd /local/home/scheschb/Git/harvest-agentic-translate-results/B01_synthetic/011_uninit_char_ptr/translated_rust && cargo build --release 2>&1 | tee /tmp/build.log | tail -20[0m[38;5;244m (using tool: shell)[0m
Purpose: Build the Rust project with cargo build --release

   Compiling uninit_char_ptr v0.1.0 (/local/home/scheschb/Git/harvest-agentic-translate-results/B01_synthetic/011_uninit_char_ptr/translated_rust)
warning: the type `*const u8` does not permit being left uninitialized
  --> src/main.rs:24:31
   |
24 |         let data: *const u8 = MaybeUninit::uninit().assume_init();
   |                               ^^^^^^^^^^^^^^^^^^^^^^^^^^^^^^^^^^^
   |                               |
   |                               this code causes undefined behavior when executed
   |                               help: use `MaybeUninit<T>` instead, and only call `assume_init` after initialization is done
   |
   = note: raw pointers must be initialized
   = note: `#[warn(invalid_value)]` on by default

warning: `uninit_char_ptr` (bin "driver") generated 1 warning
    Finished `release` profile [optimized] target(s) in 0.25s
[38;5;244m - Completed in 0.375s[0m
[38;5;12m[1m [1.3][0m[0m
[?25l[0m[38;5;141m> [0mBuild succeeded. There's a warning about the uninitialized pointer — which is expected and intentional since we're faithfully reproducing the C code's undefined behavior.[0m[0m
[?25l[0m[0m[38;5;11mTODO:
[39m[38;5;10m[x] [3m[38;5;244mCreate Cargo.toml with [[bin]] name = "driver"[23m
[38;5;10m[x] [3m[38;5;244mCreate src/main.rs translating the C code[23m
[38;5;10m[x] [3m[38;5;244mBuild with cargo build --release and fix errors[23m[38;5;244m - Completed in 0.7s[0m

[?25l[0m[38;5;141m> [0mLet me verify the [38;5;10mgood()[0m path produces correct output:[0m[0m
[?25l[0m[0mI will run the following command: [38;5;141mcd /local/home/scheschb/Git/harvest-agentic-translate-results/B01_synthetic/011_uninit_char_ptr/translated_rust && echo "1" | ./target/release/driver[0m[38;5;244m (using tool: shell)[0m
Purpose: Test the good() path with input 1

string
[38;5;244m - Completed in 0.12s[0m

[?25l[0m[38;5;141m> [0mThe [38;5;10mgood()[0m path outputs [38;5;10mstring\n[0m — matching the C behavior exactly.[0m[0m
[0m[0m
Here's a summary of the translation:[0m[0m
[0m[0m
- [38;5;10mprint_line(line)[0m — takes a raw [38;5;10m*const u8[0m, checks for null, then walks to the null terminator and writes the bytes + newline to stdout. Matches [38;5;10mprintf("%s\n", line)[0m.[0m[0m
- [38;5;10mbad()[0m — uses [38;5;10mMaybeUninit::uninit().assume_init()[0m to create an uninitialized raw pointer, faithfully reproducing the C's undefined behavior of using an uninitialized [38;5;10mchar *data[0m.[0m[0m
- [38;5;10mgood()[0m — points [38;5;10mdata[0m at a static [38;5;10mb"string\0"[0m byte literal and prints it. Outputs [38;5;10mstring\n[0m.[0m[0m
- [38;5;10mmain()[0m — reads all stdin, parses the first whitespace-delimited token as an [38;5;10mi32[0m (matching [38;5;10mscanf("%d", &x)[0m behavior), then branches on [38;5;10mx != 0[0m.[0m[0m
[0m[0m
The one compiler warning about [38;5;10minvalid_value[0m is expected — it's the Rust equivalent of the C code's uninitialized pointer bug, which we're preserving per the requirements.[0m[0m[38;5;12m[1m✓ Created checkpoint 1

[0m[0m
[38;5;8m
 ▸ Credits: 3.32 • Time: 52s

[0m[1G[0m[0m[?25h