[38;5;9mError: [0mFile URI not found: file://./harold-prompt.md (resolved to /home/scheschb/.kiro/agents/./harold-prompt.md)
[32mAll tools are now trusted ([0m[31m![0m[32m). Kiro will execute tools without asking for confirmation.[0m
Agents can sometimes do unexpected things so understand the risks.

Learn more at [38;5;141mhttps://kiro.dev/docs/cli/chat/security/#using-tools-trust-all-safely[0m


[38;5;12m[1m📷 Checkpoints are enabled! (took 0.03s)

[0m
[38;5;252m[0m[?25l[38;5;141m> [0m[0m[0m
[0m[0m
Let me start by examining the C source code to understand what needs to be translated.[0m[0m
[?25l[0m[0mReading directory: [38;5;141m.[0m[38;5;244m (using tool: read, max depth: 2, max entries: 1000, excluding: defaults)[0m
[38;5;10m ✓ [0mSuccessfully read directory [38;5;141m.[0m [38;5;244m(4 entries)[0m
[38;5;244m - Completed in 0.4s[0m

[?25l[0m[?25l[0m[0mReading file: [38;5;141m./c_src/src/main.c[0m, all lines[38;5;244m (using tool: read)[0m
[38;5;10m ✓ [0mSuccessfully read [38;5;244m2206 bytes[0m from ./c_src/src/main.c
[38;5;244m - Completed in 0.3s[0m

[?25l[0m[38;5;141m> [0mNow let me analyze the C code carefully:[0m[0m
[0m[0m
1. [38;5;10mCHAR_MAX[0m on typical systems is [38;5;10m127[0m (signed char).[0m[0m
2. [38;5;10mprintHexCharLine[0m prints a [38;5;10mchar[0m with [38;5;10m%02x[0m — in C, [38;5;10mchar[0m gets promoted to [38;5;10mint[0m when passed to [38;5;10mprintf[0m. For a negative [38;5;10mchar[0m, this sign-extends, so [38;5;10m%02x[0m on a negative value prints the full [38;5;10mffffffff[0m-style hex.[0m[0m
3. [38;5;10mbad()[0m: [38;5;10mdata = 127[0m, [38;5;10mresult = 127 * 2[0m — this overflows signed char. In C with typical behavior, [38;5;10m127 * 2 = 254[0m, truncated to [38;5;10mchar[0m gives [38;5;10m-2[0m (0xFE as signed char). When promoted to [38;5;10mint[0m for printf with [38;5;10m%02x[0m, that's [38;5;10m0xfffffffe[0m.[0m[0m
4. [38;5;10mgoodG2B()[0m: [38;5;10mdata = 2[0m, [38;5;10mresult = 2 * 2 = 4[0m, prints [38;5;10m04[0m.[0m[0m
5. [38;5;10mgoodB2G()[0m: [38;5;10mdata = 127[0m, [38;5;10m127 >= 127/2 (63)[0m, so prints the "too large" message.[0m[0m
[0m[0m
Let me verify by building and running the C code:[0m[0m
[?25l[0m[0mI will run the following command: [38;5;141mcd /local/home/scheschb/Git/harvest-agentic-translate-results/B01_synthetic/019_integer_overflow_char_max_multiply/translated_rust/c_src && mkdir -p build && cd build && cmake .. -DCMAKE_BUILD_TYPE=Release 2>&1 | tail -5 && make 2>&1 | tail -5[0m[38;5;244m (using tool: shell)[0m
Purpose: Build the C code to test its output

-- Detecting CXX compile features
-- Detecting CXX compile features - done
-- Configuring done
-- Generating done
-- Build files have been written to: /local/home/scheschb/Git/harvest-agentic-translate-results/B01_synthetic/019_integer_overflow_char_max_multiply/translated_rust/c_src/build
Scanning dependencies of target driver
[ 50%] Building C object CMakeFiles/driver.dir/src/main.c.o
[100%] Linking C executable driver
[100%] Built target driver
[38;5;244m - Completed in 0.672s[0m
[38;5;12m[1m [1.1][0m[0m
[?25l[0m[?25l[0m[0mI will run the following command: [38;5;141mcd /local/home/scheschb/Git/harvest-agentic-translate-results/B01_synthetic/019_integer_overflow_char_max_multiply/translated_rust/c_src/build && echo "0" | ./driver | xxd && echo "---" && echo "1" | ./driver | xxd[0m[38;5;244m (using tool: shell)[0m
Purpose: Test C output for both inputs to see exact byte output

00000000: 6665 0a                                  fe.
---
00000000: 3034 0a64 6174 6120 7661 6c75 6520 6973  04.data value is
00000010: 2074 6f6f 206c 6172 6765 2074 6f20 7065   too large to pe
00000020: 7266 6f72 6d20 6172 6974 686d 6574 6963  rform arithmetic
00000030: 2073 6166 656c 792e 0a                    safely..
[38;5;244m - Completed in 0.14s[0m

[?25l[0m[38;5;141m> [0mSo for input [38;5;10m0[0m (bad path): output is [38;5;10mfe\n[0m, and for input [38;5;10m1[0m (good path): [38;5;10m04\ndata value is too large to perform arithmetic safely.\n[0m.[0m[0m
[0m[0m
Key insight: [38;5;10mprintHexCharLine[0m with [38;5;10m%02x[0m on a [38;5;10mchar[0m value of [38;5;10m-2[0m (from the overflow) prints [38;5;10mfe[0m — only 2 hex digits. This means on this platform, [38;5;10mchar[0m is promoted to [38;5;10mint[0m but [38;5;10m%02x[0m with the value [38;5;10m0xfffffffe[0m would print [38;5;10mfffffffe[0m... but it printed [38;5;10mfe[0m. Let me check more carefully:[0m[0m
[?25l[0m[0mI will run the following command: [38;5;141mcat <<'EOF' | gcc -x c - -o /tmp/test_hex && /tmp/test_hex
#include <stdio.h>
int main() {
    char c = -2;
    printf("%02x\n", c);
    printf("%02x\n", (unsigned char)c);
    return 0;
}
EOF[0m[38;5;244m (using tool: shell)[0m
Purpose: Test how printf %02x handles signed char promotion

fe
fe
[38;5;244m - Completed in 0.48s[0m

[?25l[0m[38;5;141m> [0mInteresting — [38;5;10m%02x[0m with a negative char prints [38;5;10mfe[0m not [38;5;10mfffffffe[0m. Let me check with explicit int:[0m[0m
[?25l[0m[0mI will run the following command: [38;5;141mcat <<'EOF' | gcc -x c - -o /tmp/test_hex2 && /tmp/test_hex2
#include <stdio.h>
int main() {
    char c = -2;
    int i = c;
    printf("char: %02x\n", c);
    printf("int:  %02x\n", i);
    printf("uint: %02x\n", (unsigned)i);
    return 0;
}
EOF[0m[38;5;244m (using tool: shell)[0m
Purpose: Deeper investigation of printf %02x behavior with char vs int

char: fe
int:  fe
uint: fe
[38;5;244m - Completed in 0.48s[0m

[?25l[0m[38;5;141m> [0mWait, that's unexpected. Let me check with [38;5;10m%x[0m instead of [38;5;10m%02x[0m:[0m[0m
[?25l[0m[0mI will run the following command: [38;5;141mcat <<'EOF' | gcc -x c - -o /tmp/test_hex3 && /tmp/test_hex3
#include <stdio.h>
int main() {
    char c = -2;
    int i = c;
    printf("char %%x:   %x\n", c);
    printf("int  %%x:   %x\n", i);
    printf("char %%02x: %02x\n", c);
    printf("int  %%02x: %02x\n", i);
    return 0;
}
EOF[0m[38;5;244m (using tool: shell)[0m
Purpose: Check if %x vs %02x makes a difference

char %x:   fe
int  %x:   fe
char %02x: fe
int  %02x: fe
[38;5;244m - Completed in 0.48s[0m

[?25l[0m[38;5;141m> [0mHmm, that's [38;5;10mfe[0m everywhere. Let me check — maybe this platform has unsigned char by default:[0m[0m
[?25l[0m[0mI will run the following command: [38;5;141mcat <<'EOF' | gcc -x c - -o /tmp/test_hex4 && /tmp/test_hex4
#include <stdio.h>
#include <limits.h>
int main() {
    printf("CHAR_MIN=%d CHAR_MAX=%d\n", CHAR_MIN, CHAR_MAX);
    char c = -2;
    printf("c as int: %d\n", (int)c);
    printf("c as hex: %x\n", (int)c);
    printf("c as %%02x: %02x\n", c);
    
    // Force signed
    signed char sc = -2;
    printf("sc as %%02x: %02x\n", sc);
    printf("sc as %%x: %x\n", sc);
    printf("sc as int: %d\n", (int)sc);
    return 0;
}
EOF[0m[38;5;244m (using tool: shell)[0m
Purpose: Check if char is signed or unsigned on this platform

CHAR_MIN=0 CHAR_MAX=255
c as int: 254
c as hex: fe
c as %02x: fe
sc as %02x: fffffffe
sc as %x: fffffffe
sc as int: -2
[38;5;244m - Completed in 0.49s[0m

[?25l[0m[38;5;141m> [0m[38;5;10mchar[0m is unsigned on this platform ([38;5;10mCHAR_MIN=0[0m, [38;5;10mCHAR_MAX=255[0m). This changes the analysis significantly:[0m[0m
[0m[0m
- [38;5;10mCHAR_MAX = 255[0m (unsigned char)[0m[0m
- [38;5;10mbad()[0m: [38;5;10mdata = 255[0m, [38;5;10mdata > 0[0m is true, [38;5;10mresult = 255 * 2 = 510[0m, truncated to unsigned char = [38;5;10m254[0m (0xFE). [38;5;10mprintHexCharLine[0m prints [38;5;10mfe[0m.[0m[0m
- [38;5;10mgoodG2B()[0m: [38;5;10mdata = 2[0m, [38;5;10mresult = 4[0m, prints [38;5;10m04[0m.[0m[0m
- [38;5;10mgoodB2G()[0m: [38;5;10mdata = 255[0m, [38;5;10mCHAR_MAX/2 = 127[0m, [38;5;10m255 >= 127[0m, so prints the message.[0m[0m
[0m[0m
Now I have the exact behavior. Let me create the Rust translation:[0m[0m
[?25l[0m[0m[38;5;11mTODO:
[39m[0m[ ] Create Cargo.toml with bin name 'driver'
[0m[ ] Create src/main.rs with byte-identical translation
[0m[ ] Build with cargo build --release and fix errors[38;5;244m - Completed in 0.4s[0m

[?25l[0m[?25l[0m[0mI'll create the following file: [38;5;141m/local/home/scheschb/Git/harvest-agentic-translate-results/B01_synthetic/019_integer_overflow_char_max_multiply/translated_rust/Cargo.toml[0m[38;5;244m (using tool: write)[0m

[49m[38;5;10m+    1[0m:[38;5;10m[49m [package]
[0m[49m[38;5;10m+    2[0m:[38;5;10m[49m name = "integer_overflow_char_max_multiply"
[0m[49m[38;5;10m+    3[0m:[38;5;10m[49m version = "0.1.0"
[0m[49m[38;5;10m+    4[0m:[38;5;10m[49m edition = "2021"
[0m[49m[38;5;10m+    5[0m:[38;5;10m[49m 
[0m[49m[38;5;10m+    6[0m:[38;5;10m[49m [[bin]]
[0m[49m[38;5;10m+    7[0m:[38;5;10m[49m name = "driver"
[0m[49m[38;5;10m+    8[0m:[38;5;10m[49m path = "src/main.rs"
[0m[K
Creating: [38;5;141m/local/home/scheschb/Git/harvest-agentic-translate-results/B01_synthetic/019_integer_overflow_char_max_multiply/translated_rust/Cargo.toml[0m
[38;5;244m - Completed in 0.42s[0m
[38;5;12m[1m [1.2][0m[0m
[?25l[0m[?25l[0m[0m[38;5;11mTODO:
[39m[38;5;10m[x] [3m[38;5;244mCreate Cargo.toml with bin name 'driver'[23m
[0m[ ] Create src/main.rs with byte-identical translation[38;5;244m - Completed in 0.4s[0m

[?25l[0m[38;5;141m> [0mNow create the Rust source. Key details:[0m[0m
- [38;5;10mchar[0m is unsigned on this platform → use [38;5;10mu8[0m[0m[0m
- [38;5;10mCHAR_MAX = 255[0m[0m[0m
- [38;5;10mprintHexCharLine[0m prints [38;5;10m%02x\n[0m — lowercase hex, min 2 digits, no sign extension since unsigned[0m[0m
- [38;5;10mbad()[0m: [38;5;10m255u8.wrapping_mul(2) = 254[0m → prints [38;5;10mfe[0m[0m[0m
- [38;5;10mscanf("%d", &x)[0m reads an int from stdin[0m[0m
[?25l[0m[0mI will run the following command: [38;5;141mmkdir -p /local/home/scheschb/Git/harvest-agentic-translate-results/B01_synthetic/019_integer_overflow_char_max_multiply/translated_rust/src[0m[38;5;244m (using tool: shell)[0m
Purpose: Create src directory

[38;5;244m - Completed in 0.12s[0m

[?25l[0m[?25l[0m[0mI'll create the following file: [38;5;141m/local/home/scheschb/Git/harvest-agentic-translate-results/B01_synthetic/019_integer_overflow_char_max_multiply/translated_rust/src/main.rs[0m[38;5;244m (using tool: write)[0m

[48;2;40;67;43m[39m+     1[0m:[39m[48;2;24;38;30m [38;2;180;142;173muse[38;2;192;197;206m [38;2;192;197;206mstd[38;2;192;197;206m::[38;2;192;197;206mio[38;2;192;197;206m::[38;2;192;197;206m{[38;2;191;97;106mself[38;2;192;197;206m,[38;2;192;197;206m Read[38;2;192;197;206m}[38;2;192;197;206m;[K
[0m[48;2;40;67;43m[39m+     2[0m:[39m[48;2;24;38;30m [K
[0m[48;2;40;67;43m[39m+     3[0m:[39m[48;2;24;38;30m [38;2;180;142;173mconst[38;2;192;197;206m [38;2;208;135;112mCHAR_MAX[38;2;192;197;206m:[38;2;192;197;206m [38;2;180;142;173mu8[38;2;192;197;206m [38;2;192;197;206m=[38;2;192;197;206m [38;2;208;135;112m255[38;2;192;197;206m;[K
[0m[48;2;40;67;43m[39m+     4[0m:[39m[48;2;24;38;30m [K
[0m[48;2;40;67;43m[39m+     5[0m:[39m[48;2;24;38;30m [38;2;180;142;173mfn[38;2;192;197;206m [38;2;143;161;179mprint_line[38;2;192;197;206m([38;2;191;97;106mline[38;2;192;197;206m:[38;2;192;197;206m [38;2;192;197;206m&[38;2;180;142;173mstr[38;2;192;197;206m)[38;2;192;197;206m [38;2;192;197;206m{[K
[0m[48;2;40;67;43m[39m+     6[0m:[39m[48;2;24;38;30m [38;2;192;197;206m    [38;2;192;197;206mprintln![38;2;192;197;206m([38;2;192;197;206m"[38;2;208;135;112m{}[38;2;192;197;206m"[38;2;192;197;206m,[38;2;192;197;206m line[38;2;192;197;206m)[38;2;192;197;206m;[K
[0m[48;2;40;67;43m[39m+     7[0m:[39m[48;2;24;38;30m [38;2;192;197;206m}[K
[0m[48;2;40;67;43m[39m+     8[0m:[39m[48;2;24;38;30m [K
[0m[48;2;40;67;43m[39m+     9[0m:[39m[48;2;24;38;30m [38;2;180;142;173mfn[38;2;192;197;206m [38;2;143;161;179mprint_hex_char_line[38;2;192;197;206m([38;2;191;97;106mc[38;2;192;197;206m:[38;2;192;197;206m [38;2;180;142;173mu8[38;2;192;197;206m)[38;2;192;197;206m [38;2;192;197;206m{[K
[0m[48;2;40;67;43m[39m+    10[0m:[39m[48;2;24;38;30m [38;2;192;197;206m    [38;2;192;197;206mprintln![38;2;192;197;206m([38;2;192;197;206m"[38;2;208;135;112m{:02x}[38;2;192;197;206m"[38;2;192;197;206m,[38;2;192;197;206m c[38;2;192;197;206m)[38;2;192;197;206m;[K
[0m[48;2;40;67;43m[39m+    11[0m:[39m[48;2;24;38;30m [38;2;192;197;206m}[K
[0m[48;2;40;67;43m[39m+    12[0m:[39m[48;2;24;38;30m [K
[0m[48;2;40;67;43m[39m+    13[0m:[39m[48;2;24;38;30m [38;2;180;142;173mfn[38;2;192;197;206m [38;2;143;161;179mbad[38;2;192;197;206m([38;2;192;197;206m)[38;2;192;197;206m [38;2;192;197;206m{[K
[0m[48;2;40;67;43m[39m+    14[0m:[39m[48;2;24;38;30m [38;2;192;197;206m    [38;2;180;142;173mlet[38;2;192;197;206m data[38;2;192;197;206m:[38;2;192;197;206m [38;2;180;142;173mu8[38;2;192;197;206m [38;2;192;197;206m=[38;2;192;197;206m [38;2;208;135;112mCHAR_MAX[38;2;192;197;206m;[K
[0m[48;2;40;67;43m[39m+    15[0m:[39m[48;2;24;38;30m [38;2;192;197;206m    [38;2;180;142;173mif[38;2;192;197;206m data [38;2;192;197;206m>[38;2;192;197;206m [38;2;208;135;112m0[38;2;192;197;206m [38;2;192;197;206m{[K
[0m[48;2;40;67;43m[39m+    16[0m:[39m[48;2;24;38;30m [38;2;192;197;206m        [38;2;180;142;173mlet[38;2;192;197;206m result[38;2;192;197;206m:[38;2;192;197;206m [38;2;180;142;173mu8[38;2;192;197;206m [38;2;192;197;206m=[38;2;192;197;206m data.[38;2;150;181;180mwrapping_mul[38;2;192;197;206m([38;2;208;135;112m2[38;2;192;197;206m)[38;2;192;197;206m;[K
[0m[48;2;40;67;43m[39m+    17[0m:[39m[48;2;24;38;30m [38;2;192;197;206m        [38;2;150;181;180mprint_hex_char_line[38;2;192;197;206m([38;2;192;197;206mresult[38;2;192;197;206m)[38;2;192;197;206m;[K
[0m[48;2;40;67;43m[39m+    18[0m:[39m[48;2;24;38;30m [38;2;192;197;206m    [38;2;192;197;206m}[K
[0m[48;2;40;67;43m[39m+    19[0m:[39m[48;2;24;38;30m [38;2;192;197;206m}[K
[0m[48;2;40;67;43m[39m+    20[0m:[39m[48;2;24;38;30m [K
[0m[48;2;40;67;43m[39m+    21[0m:[39m[48;2;24;38;30m [38;2;180;142;173mfn[38;2;192;197;206m [38;2;143;161;179mgood_g2b[38;2;192;197;206m([38;2;192;197;206m)[38;2;192;197;206m [38;2;192;197;206m{[K
[0m[48;2;40;67;43m[39m+    22[0m:[39m[48;2;24;38;30m [38;2;192;197;206m    [38;2;180;142;173mlet[38;2;192;197;206m data[38;2;192;197;206m:[38;2;192;197;206m [38;2;180;142;173mu8[38;2;192;197;206m [38;2;192;197;206m=[38;2;192;197;206m [38;2;208;135;112m2[38;2;192;197;206m;[K
[0m[48;2;40;67;43m[39m+    23[0m:[39m[48;2;24;38;30m [38;2;192;197;206m    [38;2;180;142;173mif[38;2;192;197;206m data [38;2;192;197;206m>[38;2;192;197;206m [38;2;208;135;112m0[38;2;192;197;206m [38;2;192;197;206m{[K
[0m[48;2;40;67;43m[39m+    24[0m:[39m[48;2;24;38;30m [38;2;192;197;206m        [38;2;180;142;173mlet[38;2;192;197;206m result[38;2;192;197;206m:[38;2;192;197;206m [38;2;180;142;173mu8[38;2;192;197;206m [38;2;192;197;206m=[38;2;192;197;206m data.[38;2;150;181;180mwrapping_mul[38;2;192;197;206m([38;2;208;135;112m2[38;2;192;197;206m)[38;2;192;197;206m;[K
[0m[48;2;40;67;43m[39m+    25[0m:[39m[48;2;24;38;30m [38;2;192;197;206m        [38;2;150;181;180mprint_hex_char_line[38;2;192;197;206m([38;2;192;197;206mresult[38;2;192;197;206m)[38;2;192;197;206m;[K
[0m[48;2;40;67;43m[39m+    26[0m:[39m[48;2;24;38;30m [38;2;192;197;206m    [38;2;192;197;206m}[K
[0m[48;2;40;67;43m[39m+    27[0m:[39m[48;2;24;38;30m [38;2;192;197;206m}[K
[0m[48;2;40;67;43m[39m+    28[0m:[39m[48;2;24;38;30m [K
[0m[48;2;40;67;43m[39m+    29[0m:[39m[48;2;24;38;30m [38;2;180;142;173mfn[38;2;192;197;206m [38;2;143;161;179mgood_b2g[38;2;192;197;206m([38;2;192;197;206m)[38;2;192;197;206m [38;2;192;197;206m{[K
[0m[48;2;40;67;43m[39m+    30[0m:[39m[48;2;24;38;30m [38;2;192;197;206m    [38;2;180;142;173mlet[38;2;192;197;206m data[38;2;192;197;206m:[38;2;192;197;206m [38;2;180;142;173mu8[38;2;192;197;206m;[K
[0m[48;2;40;67;43m[39m+    31[0m:[39m[48;2;24;38;30m [38;2;192;197;206m    data [38;2;192;197;206m=[38;2;192;197;206m [38;2;208;135;112mCHAR_MAX[38;2;192;197;206m;[K
[0m[48;2;40;67;43m[39m+    32[0m:[39m[48;2;24;38;30m [38;2;192;197;206m    [38;2;180;142;173mif[38;2;192;197;206m data [38;2;192;197;206m>[38;2;192;197;206m [38;2;208;135;112m0[38;2;192;197;206m [38;2;192;197;206m{[K
[0m[48;2;40;67;43m[39m+    33[0m:[39m[48;2;24;38;30m [38;2;192;197;206m        [38;2;180;142;173mif[38;2;192;197;206m data [38;2;192;197;206m<[38;2;192;197;206m [38;2;192;197;206m([38;2;208;135;112mCHAR_MAX[38;2;192;197;206m [38;2;192;197;206m/[38;2;192;197;206m [38;2;208;135;112m2[38;2;192;197;206m)[38;2;192;197;206m [38;2;192;197;206m{[K
[0m[48;2;40;67;43m[39m+    34[0m:[39m[48;2;24;38;30m [38;2;192;197;206m            [38;2;180;142;173mlet[38;2;192;197;206m result[38;2;192;197;206m:[38;2;192;197;206m [38;2;180;142;173mu8[38;2;192;197;206m [38;2;192;197;206m=[38;2;192;197;206m data.[38;2;150;181;180mwrapping_mul[38;2;192;197;206m([38;2;208;135;112m2[38;2;192;197;206m)[38;2;192;197;206m;[K
[0m[48;2;40;67;43m[39m+    35[0m:[39m[48;2;24;38;30m [38;2;192;197;206m            [38;2;150;181;180mprint_hex_char_line[38;2;192;197;206m([38;2;192;197;206mresult[38;2;192;197;206m)[38;2;192;197;206m;[K
[0m[48;2;40;67;43m[39m+    36[0m:[39m[48;2;24;38;30m [38;2;192;197;206m        [38;2;192;197;206m}[38;2;192;197;206m [38;2;180;142;173melse[38;2;192;197;206m [38;2;192;197;206m{[K
[0m[48;2;40;67;43m[39m+    37[0m:[39m[48;2;24;38;30m [38;2;192;197;206m            [38;2;150;181;180mprint_line[38;2;192;197;206m([38;2;192;197;206m"[38;2;163;190;140mdata value is too large to perform arithmetic safely.[38;2;192;197;206m"[38;2;192;197;206m)[38;2;192;197;206m;[K
[0m[48;2;40;67;43m[39m+    38[0m:[39m[48;2;24;38;30m [38;2;192;197;206m        [38;2;192;197;206m}[K
[0m[48;2;40;67;43m[39m+    39[0m:[39m[48;2;24;38;30m [38;2;192;197;206m    [38;2;192;197;206m}[K
[0m[48;2;40;67;43m[39m+    40[0m:[39m[48;2;24;38;30m [38;2;192;197;206m}[K
[0m[48;2;40;67;43m[39m+    41[0m:[39m[48;2;24;38;30m [K
[0m[48;2;40;67;43m[39m+    42[0m:[39m[48;2;24;38;30m [38;2;180;142;173mfn[38;2;192;197;206m [38;2;143;161;179mgood[38;2;192;197;206m([38;2;192;197;206m)[38;2;192;197;206m [38;2;192;197;206m{[K
[0m[48;2;40;67;43m[39m+    43[0m:[39m[48;2;24;38;30m [38;2;192;197;206m    [38;2;150;181;180mgood_g2b[38;2;192;197;206m([38;2;192;197;206m)[38;2;192;197;206m;[K
[0m[48;2;40;67;43m[39m+    44[0m:[39m[48;2;24;38;30m [38;2;192;197;206m    [38;2;150;181;180mgood_b2g[38;2;192;197;206m([38;2;192;197;206m)[38;2;192;197;206m;[K
[0m[48;2;40;67;43m[39m+    45[0m:[39m[48;2;24;38;30m [38;2;192;197;206m}[K
[0m[48;2;40;67;43m[39m+    46[0m:[39m[48;2;24;38;30m [K
[0m[48;2;40;67;43m[39m+    47[0m:[39m[48;2;24;38;30m [38;2;180;142;173mfn[38;2;192;197;206m [38;2;143;161;179mmain[38;2;192;197;206m([38;2;192;197;206m)[38;2;192;197;206m [38;2;192;197;206m{[K
[0m[48;2;40;67;43m[39m+    48[0m:[39m[48;2;24;38;30m [38;2;192;197;206m    [38;2;180;142;173mlet[38;2;192;197;206m [38;2;180;142;173mmut[38;2;192;197;206m input [38;2;192;197;206m=[38;2;192;197;206m [38;2;192;197;206mString[38;2;192;197;206m::[38;2;192;197;206mnew[38;2;192;197;206m([38;2;192;197;206m)[38;2;192;197;206m;[K
[0m[48;2;40;67;43m[39m+    49[0m:[39m[48;2;24;38;30m [38;2;192;197;206m    [38;2;192;197;206mio[38;2;192;197;206m::[38;2;192;197;206mstdin[38;2;192;197;206m([38;2;192;197;206m)[38;2;192;197;206m.[38;2;150;181;180mread_to_string[38;2;192;197;206m([38;2;192;197;206m&[38;2;180;142;173mmut[38;2;192;197;206m input[38;2;192;197;206m)[38;2;192;197;206m.[38;2;150;181;180munwrap[38;2;192;197;206m([38;2;192;197;206m)[38;2;192;197;206m;[K
[0m[48;2;40;67;43m[39m+    50[0m:[39m[48;2;24;38;30m [38;2;192;197;206m    [38;2;180;142;173mlet[38;2;192;197;206m x[38;2;192;197;206m:[38;2;192;197;206m [38;2;180;142;173mi32[38;2;192;197;206m [38;2;192;197;206m=[38;2;192;197;206m input.[38;2;150;181;180mtrim[38;2;192;197;206m([38;2;192;197;206m)[38;2;192;197;206m.[38;2;150;181;180mparse[38;2;192;197;206m([38;2;192;197;206m)[38;2;192;197;206m.[38;2;150;181;180munwrap_or[38;2;192;197;206m([38;2;208;135;112m0[38;2;192;197;206m)[38;2;192;197;206m;[K
[0m[48;2;40;67;43m[39m+    51[0m:[39m[48;2;24;38;30m [K
[0m[48;2;40;67;43m[39m+    52[0m:[39m[48;2;24;38;30m [38;2;192;197;206m    [38;2;180;142;173mif[38;2;192;197;206m x [38;2;192;197;206m![38;2;192;197;206m=[38;2;192;197;206m [38;2;208;135;112m0[38;2;192;197;206m [38;2;192;197;206m{[K
[0m[48;2;40;67;43m[39m+    53[0m:[39m[48;2;24;38;30m [38;2;192;197;206m        [38;2;150;181;180mgood[38;2;192;197;206m([38;2;192;197;206m)[38;2;192;197;206m;[K
[0m[48;2;40;67;43m[39m+    54[0m:[39m[48;2;24;38;30m [38;2;192;197;206m    [38;2;192;197;206m}[38;2;192;197;206m [38;2;180;142;173melse[38;2;192;197;206m [38;2;192;197;206m{[K
[0m[48;2;40;67;43m[39m+    55[0m:[39m[48;2;24;38;30m [38;2;192;197;206m        [38;2;150;181;180mbad[38;2;192;197;206m([38;2;192;197;206m)[38;2;192;197;206m;[K
[0m[48;2;40;67;43m[39m+    56[0m:[39m[48;2;24;38;30m [38;2;192;197;206m    [38;2;192;197;206m}[K
[0m[48;2;40;67;43m[39m+    57[0m:[39m[48;2;24;38;30m [38;2;192;197;206m}[K
[0m[K
Creating: [38;5;141m/local/home/scheschb/Git/harvest-agentic-translate-results/B01_synthetic/019_integer_overflow_char_max_multiply/translated_rust/src/main.rs[0m
[38;5;244m - Completed in 0.42s[0m
[38;5;12m[1m [1.3][0m[0m
[?25l[0m[?25l[0m[0m[38;5;11mTODO:
[39m[38;5;10m[x] [3m[38;5;244mCreate src/main.rs with byte-identical translation[23m
[0m[ ] Build with cargo build --release and fix errors[38;5;244m - Completed in 0.4s[0m

[?25l[0m[38;5;141m> [0mNow build and test:[0m[0m
[?25l[0m[0mI will run the following command: [38;5;141mcd /local/home/scheschb/Git/harvest-agentic-translate-results/B01_synthetic/019_integer_overflow_char_max_multiply/translated_rust && cargo build --release 2>&1 | tail -20[0m[38;5;244m (using tool: shell)[0m
Purpose: Build the Rust project

   Compiling integer_overflow_char_max_multiply v0.1.0 (/local/home/scheschb/Git/harvest-agentic-translate-results/B01_synthetic/019_integer_overflow_char_max_multiply/translated_rust)
    Finished `release` profile [optimized] target(s) in 0.25s
[38;5;244m - Completed in 0.376s[0m
[38;5;12m[1m [1.4][0m[0m
[?25l[0m[38;5;141m> [0mBuild succeeded. Let me verify byte-identical output:[0m[0m
[?25l[0m[0mI will run the following command: [38;5;141mcd /local/home/scheschb/Git/harvest-agentic-translate-results/B01_synthetic/019_integer_overflow_char_max_multiply/translated_rust && echo "0" | ./target/release/driver | xxd && echo "---" && echo "1" | ./target/release/driver | xxd[0m[38;5;244m (using tool: shell)[0m
Purpose: Test Rust output and compare with C output

00000000: 6665 0a                                  fe.
---
00000000: 3034 0a64 6174 6120 7661 6c75 6520 6973  04.data value is
00000010: 2074 6f6f 206c 6172 6765 2074 6f20 7065   too large to pe
00000020: 7266 6f72 6d20 6172 6974 686d 6574 6963  rform arithmetic
00000030: 2073 6166 656c 792e 0a                    safely..
[38;5;244m - Completed in 0.17s[0m

[?25l[0m[38;5;141m> [0mByte-identical with the C output. Let me do a direct diff to confirm:[0m[0m
[?25l[0m[0mI will run the following command: [38;5;141mcd /local/home/scheschb/Git/harvest-agentic-translate-results/B01_synthetic/019_integer_overflow_char_max_multiply/translated_rust && diff <(echo "0" | ./c_src/build/driver) <(echo "0" | ./target/release/driver) && diff <(echo "1" | ./c_src/build/driver) <(echo "1" | ./target/release/driver) && echo "IDENTICAL"[0m[38;5;244m (using tool: shell)[0m
Purpose: Direct diff of C vs Rust output for both inputs

IDENTICAL
[38;5;244m - Completed in 0.16s[0m

[?25l[0m[?25l[0m[0m[38;5;11mTODO:
[39m[38;5;10m[x] [3m[38;5;244mCreate Cargo.toml with bin name 'driver'[23m
[38;5;10m[x] [3m[38;5;244mCreate src/main.rs with byte-identical translation[23m
[38;5;10m[x] [3m[38;5;244mBuild with cargo build --release and fix errors[23m[38;5;244m - Completed in 0.4s[0m

[?25l[0m[38;5;141m> [0mDone. The translation is complete and verified byte-identical for both code paths.[0m[0m
[0m[0m
Key translation decisions:[0m[0m
- [38;5;10mchar[0m → [38;5;10mu8[0m — this platform has [38;5;10munsigned char[0m ([38;5;10mCHAR_MAX=255[0m, [38;5;10mCHAR_MIN=0[0m)[0m[0m
- Integer overflow in [38;5;10mbad()[0m ([38;5;10m255 * 2[0m) → [38;5;10mwrapping_mul(2)[0m to reproduce the C truncation behavior (result: [38;5;10m254[0m = [38;5;10m0xfe[0m)[0m[0m
- [38;5;10mprintf("%02x\n", charHex)[0m → [38;5;10mprintln!("{:02x}", c)[0m — no sign-extension issues since [38;5;10mu8[0m is already unsigned[0m[0m
- [38;5;10mscanf("%d", &x)[0m → [38;5;10mread_to_string[0m + [38;5;10mtrim().parse()[0m to match scanf's whitespace-skipping behavior[0m[0m
- All Rust code is safe — no [38;5;10munsafe[0m needed[0m[0m[38;5;12m[1m✓ Created checkpoint 1

[0m[0m
[38;5;8m
 ▸ Credits: 7.13 • Time: 1m 40s

[0m[1G[0m[0m[?25h