[38;5;9mError: [0mFile URI not found: file://./harold-prompt.md (resolved to /home/scheschb/.kiro/agents/./harold-prompt.md)
[32mAll tools are now trusted ([0m[31m![0m[32m). Kiro will execute tools without asking for confirmation.[0m
Agents can sometimes do unexpected things so understand the risks.

Learn more at [38;5;141mhttps://kiro.dev/docs/cli/chat/security/#using-tools-trust-all-safely[0m


[38;5;12m[1m📷 Checkpoints are enabled! (took 0.04s)

[0m
[38;5;252m[0m[?25l[38;5;141m> [0m[0m[0m
[0m[0m
Let me start by examining the C source code to understand what needs to be translated.[0m[0m
[?25l[0m[0mReading directory: [38;5;141m/local/home/scheschb/Git/harvest-agentic-translate-results/B01_synthetic/019_integer_overflow_char_max_multiply_lib/translated_rust/c_src[0m[38;5;244m (using tool: read, max depth: 2, max entries: 1000, excluding: defaults)[0m
[38;5;10m ✓ [0mSuccessfully read directory [38;5;141m/local/home/scheschb/Git/harvest-agentic-translate-results/B01_synthetic/019_integer_overflow_char_max_multiply_lib/translated_rust/c_src[0m [38;5;244m(5 entries)[0m
[38;5;244m - Completed in 0.4s[0m

[?25l[0m[?25l[0m[0mBatch fs_read operation with [38;5;141m2[0m operations[38;5;244m (using tool: read)[0m

↱ Operation 1: Reading file: [38;5;141m/local/home/scheschb/Git/harvest-agentic-translate-results/B01_synthetic/019_integer_overflow_char_max_multiply_lib/translated_rust/c_src/include/driver.h[0m, all lines
↱ Operation 2: Reading file: [38;5;141m/local/home/scheschb/Git/harvest-agentic-translate-results/B01_synthetic/019_integer_overflow_char_max_multiply_lib/translated_rust/c_src/src/driver.c[0m, all lines
[38;5;10m ✓ [0mSuccessfully read [38;5;244m1218 bytes[0m from /local/home/scheschb/Git/harvest-agentic-translate-results/B01_synthetic/019_integer_overflow_char_max_multiply_lib/translated_rust/c_src/include/driver.h

[38;5;10m ✓ [0mSuccessfully read [38;5;244m2196 bytes[0m from /local/home/scheschb/Git/harvest-agentic-translate-results/B01_synthetic/019_integer_overflow_char_max_multiply_lib/translated_rust/c_src/src/driver.c

 ⋮ 

[38;5;244m- [0mSummary: 2 operations processed, 2 successful, 0 failed
[38;5;244m - Completed in 0.3s[0m

[?25l[0m[38;5;141m> [0mNow I understand the C code. Key observations:[0m[0m
- [38;5;10mCHAR_MAX[0m is 127 on most platforms[0m[0m
- [38;5;10mprintHexCharLine[0m uses [38;5;10m%02x[0m with a [38;5;10mchar[0m argument — in C, [38;5;10mchar[0m gets promoted to [38;5;10mint[0m when passed to [38;5;10mprintf[0m, and [38;5;10m%02x[0m prints unsigned hex. For negative values (like [38;5;10m127 * 2 = -2[0m due to overflow), this will print with sign extension (e.g., [38;5;10mfffffffe[0m).[0m[0m
- Need to reproduce the exact C behavior including the integer overflow.[0m[0m
[0m[0m
Let me check what [38;5;10mCHAR_MAX[0m and the overflow behavior produce:[0m[0m
- [38;5;10mbad()[0m: [38;5;10mdata = 127[0m, [38;5;10mresult = 127 * 2[0m → overflow in [38;5;10mchar[0m → wraps to [38;5;10m-2[0m as signed char → printed as [38;5;10m%02x[0m which, due to promotion to [38;5;10mint[0m, gives [38;5;10mfffffffe[0m[0m[0m
- [38;5;10mgoodG2B()[0m: [38;5;10mdata = 2[0m, [38;5;10mresult = 2 * 2 = 4[0m → prints [38;5;10m04[0m[0m[0m
- [38;5;10mgoodB2G()[0m: [38;5;10mdata = 127[0m, [38;5;10m127 < 63[0m is false → prints the error message[0m[0m
[?25l[0m[0m[38;5;11mTODO:
[39m[0m[ ] Create Cargo.toml with cdylib crate type
[0m[ ] Create src/lib.rs with translated Rust code
[0m[ ] Build with cargo build --release and fix errors[38;5;244m - Completed in 0.4s[0m

[?25l[0m[?25l[?25l[0m[0mI'll create the following file: [38;5;141m/local/home/scheschb/Git/harvest-agentic-translate-results/B01_synthetic/019_integer_overflow_char_max_multiply_lib/translated_rust/Cargo.toml[0m[38;5;244m (using tool: write)[0m

[49m[38;5;10m+    1[0m:[38;5;10m[49m [package]
[0m[49m[38;5;10m+    2[0m:[38;5;10m[49m name = "driver"
[0m[49m[38;5;10m+    3[0m:[38;5;10m[49m version = "0.1.0"
[0m[49m[38;5;10m+    4[0m:[38;5;10m[49m edition = "2021"
[0m[49m[38;5;10m+    5[0m:[38;5;10m[49m 
[0m[49m[38;5;10m+    6[0m:[38;5;10m[49m [lib]
[0m[49m[38;5;10m+    7[0m:[38;5;10m[49m crate-type = ["cdylib"]
[0m[K
I'll create the following file: [38;5;141m/local/home/scheschb/Git/harvest-agentic-translate-results/B01_synthetic/019_integer_overflow_char_max_multiply_lib/translated_rust/src/lib.rs[0m[38;5;244m (using tool: write)[0m

[48;2;40;67;43m[39m+     1[0m:[39m[48;2;24;38;30m [38;2;180;142;173muse[38;2;192;197;206m [38;2;192;197;206mstd[38;2;192;197;206m::[38;2;192;197;206mffi[38;2;192;197;206m::[38;2;192;197;206m{[38;2;180;142;173mc_char[38;2;192;197;206m,[38;2;192;197;206m [38;2;180;142;173mc_int[38;2;192;197;206m,[38;2;192;197;206m CStr[38;2;192;197;206m}[38;2;192;197;206m;[K
[0m[48;2;40;67;43m[39m+     2[0m:[39m[48;2;24;38;30m [38;2;180;142;173muse[38;2;192;197;206m [38;2;192;197;206mstd[38;2;192;197;206m::[38;2;192;197;206mos[38;2;192;197;206m::[38;2;192;197;206mraw[38;2;192;197;206m::[38;2;180;142;173mc_char[38;2;192;197;206m [38;2;192;197;206mas[38;2;192;197;206m raw_c_char[38;2;192;197;206m;[K
[0m[48;2;40;67;43m[39m+     3[0m:[39m[48;2;24;38;30m [K
[0m[48;2;40;67;43m[39m+     4[0m:[39m[48;2;24;38;30m [38;2;180;142;173mfn[38;2;192;197;206m [38;2;143;161;179mprint_line[38;2;192;197;206m([38;2;191;97;106mline[38;2;192;197;206m:[38;2;192;197;206m *const c_char[38;2;192;197;206m)[38;2;192;197;206m [38;2;192;197;206m{[K
[0m[48;2;40;67;43m[39m+     5[0m:[39m[48;2;24;38;30m [38;2;192;197;206m    [38;2;180;142;173mif[38;2;192;197;206m [38;2;192;197;206m![38;2;192;197;206mline.[38;2;150;181;180mis_null[38;2;192;197;206m([38;2;192;197;206m)[38;2;192;197;206m [38;2;192;197;206m{[K
[0m[48;2;40;67;43m[39m+     6[0m:[39m[48;2;24;38;30m [38;2;192;197;206m        [38;2;180;142;173mlet[38;2;192;197;206m s [38;2;192;197;206m=[38;2;192;197;206m [38;2;180;142;173munsafe[38;2;192;197;206m [38;2;192;197;206m{[38;2;192;197;206m [38;2;192;197;206mCStr[38;2;192;197;206m::[38;2;192;197;206mfrom_ptr[38;2;192;197;206m([38;2;192;197;206mline[38;2;192;197;206m)[38;2;192;197;206m [38;2;192;197;206m}[38;2;192;197;206m;[K
[0m[48;2;40;67;43m[39m+     7[0m:[39m[48;2;24;38;30m [38;2;192;197;206m        [38;2;192;197;206mprintln![38;2;192;197;206m([38;2;192;197;206m"[38;2;208;135;112m{}[38;2;192;197;206m"[38;2;192;197;206m,[38;2;192;197;206m s.[38;2;150;181;180mto_str[38;2;192;197;206m([38;2;192;197;206m)[38;2;192;197;206m.[38;2;150;181;180munwrap[38;2;192;197;206m([38;2;192;197;206m)[38;2;192;197;206m)[38;2;192;197;206m;[K
[0m[48;2;40;67;43m[39m+     8[0m:[39m[48;2;24;38;30m [38;2;192;197;206m    [38;2;192;197;206m}[K
[0m[48;2;40;67;43m[39m+     9[0m:[39m[48;2;24;38;30m [38;2;192;197;206m}[K
[0m[48;2;40;67;43m[39m+    10[0m:[39m[48;2;24;38;30m [K
[0m[48;2;40;67;43m[39m+    11[0m:[39m[48;2;24;38;30m [38;2;180;142;173mfn[38;2;192;197;206m [38;2;143;161;179mprint_hex_char_line[38;2;192;197;206m([38;2;191;97;106mchar_hex[38;2;192;197;206m:[38;2;192;197;206m c_char[38;2;192;197;206m)[38;2;192;197;206m [38;2;192;197;206m{[K
[0m[48;2;40;67;43m[39m+    12[0m:[39m[48;2;24;38;30m [38;2;192;197;206m    [38;2;101;115;126m//[38;2;101;115;126m C promotes char to int, then %02x prints it as unsigned hex.[K
[0m[48;2;40;67;43m[39m+    13[0m:[39m[48;2;24;38;30m [38;2;192;197;206m    [38;2;101;115;126m//[38;2;101;115;126m For a negative signed char, this sign-extends to a full int width.[K
[0m[48;2;40;67;43m[39m+    14[0m:[39m[48;2;24;38;30m [38;2;192;197;206m    [38;2;180;142;173mlet[38;2;192;197;206m promoted [38;2;192;197;206m=[38;2;192;197;206m char_hex [38;2;192;197;206mas[38;2;192;197;206m [38;2;180;142;173mi32[38;2;192;197;206m;[K
[0m[48;2;40;67;43m[39m+    15[0m:[39m[48;2;24;38;30m [38;2;192;197;206m    [38;2;192;197;206mprint![38;2;192;197;206m([38;2;192;197;206m"[38;2;208;135;112m{:02x}[38;2;150;181;180m\n[38;2;192;197;206m"[38;2;192;197;206m,[38;2;192;197;206m promoted [38;2;192;197;206mas[38;2;192;197;206m [38;2;180;142;173mu32[38;2;192;197;206m)[38;2;192;197;206m;[K
[0m[48;2;40;67;43m[39m+    16[0m:[39m[48;2;24;38;30m [38;2;192;197;206m}[K
[0m[48;2;40;67;43m[39m+    17[0m:[39m[48;2;24;38;30m [K
[0m[48;2;40;67;43m[39m+    18[0m:[39m[48;2;24;38;30m [38;2;180;142;173mfn[38;2;192;197;206m [38;2;143;161;179mbad[38;2;192;197;206m([38;2;192;197;206m)[38;2;192;197;206m [38;2;192;197;206m{[K
[0m[48;2;40;67;43m[39m+    19[0m:[39m[48;2;24;38;30m [38;2;192;197;206m    [38;2;180;142;173mlet[38;2;192;197;206m data[38;2;192;197;206m:[38;2;192;197;206m [38;2;180;142;173mi8[38;2;192;197;206m [38;2;192;197;206m=[38;2;192;197;206m [38;2;180;142;173mi8[38;2;192;197;206m::[38;2;208;135;112mMAX[38;2;192;197;206m;[K
[0m[48;2;40;67;43m[39m+    20[0m:[39m[48;2;24;38;30m [38;2;192;197;206m    [38;2;180;142;173mif[38;2;192;197;206m data [38;2;192;197;206m>[38;2;192;197;206m [38;2;208;135;112m0[38;2;192;197;206m [38;2;192;197;206m{[K
[0m[48;2;40;67;43m[39m+    21[0m:[39m[48;2;24;38;30m [38;2;192;197;206m        [38;2;180;142;173mlet[38;2;192;197;206m result[38;2;192;197;206m:[38;2;192;197;206m [38;2;180;142;173mi8[38;2;192;197;206m [38;2;192;197;206m=[38;2;192;197;206m data.[38;2;150;181;180mwrapping_mul[38;2;192;197;206m([38;2;208;135;112m2[38;2;192;197;206m)[38;2;192;197;206m;[K
[0m[48;2;40;67;43m[39m+    22[0m:[39m[48;2;24;38;30m [38;2;192;197;206m        [38;2;150;181;180mprint_hex_char_line[38;2;192;197;206m([38;2;192;197;206mresult[38;2;192;197;206m)[38;2;192;197;206m;[K
[0m[48;2;40;67;43m[39m+    23[0m:[39m[48;2;24;38;30m [38;2;192;197;206m    [38;2;192;197;206m}[K
[0m[48;2;40;67;43m[39m+    24[0m:[39m[48;2;24;38;30m [38;2;192;197;206m}[K
[0m[48;2;40;67;43m[39m+    25[0m:[39m[48;2;24;38;30m [K
[0m[48;2;40;67;43m[39m+    26[0m:[39m[48;2;24;38;30m [38;2;180;142;173mfn[38;2;192;197;206m [38;2;143;161;179mgood_g2b[38;2;192;197;206m([38;2;192;197;206m)[38;2;192;197;206m [38;2;192;197;206m{[K
[0m[48;2;40;67;43m[39m+    27[0m:[39m[48;2;24;38;30m [38;2;192;197;206m    [38;2;180;142;173mlet[38;2;192;197;206m data[38;2;192;197;206m:[38;2;192;197;206m [38;2;180;142;173mi8[38;2;192;197;206m [38;2;192;197;206m=[38;2;192;197;206m [38;2;208;135;112m2[38;2;192;197;206m;[K
[0m[48;2;40;67;43m[39m+    28[0m:[39m[48;2;24;38;30m [38;2;192;197;206m    [38;2;180;142;173mif[38;2;192;197;206m data [38;2;192;197;206m>[38;2;192;197;206m [38;2;208;135;112m0[38;2;192;197;206m [38;2;192;197;206m{[K
[0m[48;2;40;67;43m[39m+    29[0m:[39m[48;2;24;38;30m [38;2;192;197;206m        [38;2;180;142;173mlet[38;2;192;197;206m result[38;2;192;197;206m:[38;2;192;197;206m [38;2;180;142;173mi8[38;2;192;197;206m [38;2;192;197;206m=[38;2;192;197;206m data.[38;2;150;181;180mwrapping_mul[38;2;192;197;206m([38;2;208;135;112m2[38;2;192;197;206m)[38;2;192;197;206m;[K
[0m[48;2;40;67;43m[39m+    30[0m:[39m[48;2;24;38;30m [38;2;192;197;206m        [38;2;150;181;180mprint_hex_char_line[38;2;192;197;206m([38;2;192;197;206mresult[38;2;192;197;206m)[38;2;192;197;206m;[K
[0m[48;2;40;67;43m[39m+    31[0m:[39m[48;2;24;38;30m [38;2;192;197;206m    [38;2;192;197;206m}[K
[0m[48;2;40;67;43m[39m+    32[0m:[39m[48;2;24;38;30m [38;2;192;197;206m}[K
[0m[48;2;40;67;43m[39m+    33[0m:[39m[48;2;24;38;30m [K
[0m[48;2;40;67;43m[39m+    34[0m:[39m[48;2;24;38;30m [38;2;180;142;173mfn[38;2;192;197;206m [38;2;143;161;179mgood_b2g[38;2;192;197;206m([38;2;192;197;206m)[38;2;192;197;206m [38;2;192;197;206m{[K
[0m[48;2;40;67;43m[39m+    35[0m:[39m[48;2;24;38;30m [38;2;192;197;206m    [38;2;180;142;173mlet[38;2;192;197;206m data[38;2;192;197;206m:[38;2;192;197;206m [38;2;180;142;173mi8[38;2;192;197;206m [38;2;192;197;206m=[38;2;192;197;206m [38;2;180;142;173mi8[38;2;192;197;206m::[38;2;208;135;112mMAX[38;2;192;197;206m;[K
[0m[48;2;40;67;43m[39m+    36[0m:[39m[48;2;24;38;30m [38;2;192;197;206m    [38;2;180;142;173mif[38;2;192;197;206m data [38;2;192;197;206m>[38;2;192;197;206m [38;2;208;135;112m0[38;2;192;197;206m [38;2;192;197;206m{[K
[0m[48;2;40;67;43m[39m+    37[0m:[39m[48;2;24;38;30m [38;2;192;197;206m        [38;2;180;142;173mif[38;2;192;197;206m data [38;2;192;197;206m<[38;2;192;197;206m [38;2;192;197;206m([38;2;180;142;173mi8[38;2;192;197;206m::[38;2;208;135;112mMAX[38;2;192;197;206m [38;2;192;197;206m/[38;2;192;197;206m [38;2;208;135;112m2[38;2;192;197;206m)[38;2;192;197;206m [38;2;192;197;206m{[K
[0m[48;2;40;67;43m[39m+    38[0m:[39m[48;2;24;38;30m [38;2;192;197;206m            [38;2;180;142;173mlet[38;2;192;197;206m result[38;2;192;197;206m:[38;2;192;197;206m [38;2;180;142;173mi8[38;2;192;197;206m [38;2;192;197;206m=[38;2;192;197;206m data.[38;2;150;181;180mwrapping_mul[38;2;192;197;206m([38;2;208;135;112m2[38;2;192;197;206m)[38;2;192;197;206m;[K
[0m[48;2;40;67;43m[39m+    39[0m:[39m[48;2;24;38;30m [38;2;192;197;206m            [38;2;150;181;180mprint_hex_char_line[38;2;192;197;206m([38;2;192;197;206mresult[38;2;192;197;206m)[38;2;192;197;206m;[K
[0m[48;2;40;67;43m[39m+    40[0m:[39m[48;2;24;38;30m [38;2;192;197;206m        [38;2;192;197;206m}[38;2;192;197;206m [38;2;180;142;173melse[38;2;192;197;206m [38;2;192;197;206m{[K
[0m[48;2;40;67;43m[39m+    41[0m:[39m[48;2;24;38;30m [38;2;192;197;206m            [38;2;150;181;180mprint_line[38;2;192;197;206m([K
[0m[48;2;40;67;43m[39m+    42[0m:[39m[48;2;24;38;30m [38;2;192;197;206m                c[38;2;192;197;206m"[38;2;163;190;140mdata value is too large to perform arithmetic safely.[38;2;192;197;206m"[38;2;192;197;206m.[38;2;150;181;180mas_ptr[38;2;192;197;206m([38;2;192;197;206m)[38;2;192;197;206m,[K
[0m[48;2;40;67;43m[39m+    43[0m:[39m[48;2;24;38;30m [38;2;192;197;206m            [38;2;192;197;206m)[38;2;192;197;206m;[K
[0m[48;2;40;67;43m[39m+    44[0m:[39m[48;2;24;38;30m [38;2;192;197;206m        [38;2;192;197;206m}[K
[0m[48;2;40;67;43m[39m+    45[0m:[39m[48;2;24;38;30m [38;2;192;197;206m    [38;2;192;197;206m}[K
[0m[48;2;40;67;43m[39m+    46[0m:[39m[48;2;24;38;30m [38;2;192;197;206m}[K
[0m[48;2;40;67;43m[39m+    47[0m:[39m[48;2;24;38;30m [K
[0m[48;2;40;67;43m[39m+    48[0m:[39m[48;2;24;38;30m [38;2;180;142;173mfn[38;2;192;197;206m [38;2;143;161;179mgood[38;2;192;197;206m([38;2;192;197;206m)[38;2;192;197;206m [38;2;192;197;206m{[K
[0m[48;2;40;67;43m[39m+    49[0m:[39m[48;2;24;38;30m [38;2;192;197;206m    [38;2;150;181;180mgood_g2b[38;2;192;197;206m([38;2;192;197;206m)[38;2;192;197;206m;[K
[0m[48;2;40;67;43m[39m+    50[0m:[39m[48;2;24;38;30m [38;2;192;197;206m    [38;2;150;181;180mgood_b2g[38;2;192;197;206m([38;2;192;197;206m)[38;2;192;197;206m;[K
[0m[48;2;40;67;43m[39m+    51[0m:[39m[48;2;24;38;30m [38;2;192;197;206m}[K
[0m[48;2;40;67;43m[39m+    52[0m:[39m[48;2;24;38;30m [K
[0m[48;2;40;67;43m[39m+    53[0m:[39m[48;2;24;38;30m [38;2;192;197;206m#[38;2;192;197;206m[[38;2;191;97;106munsafe[38;2;192;197;206m([38;2;192;197;206mno_mangle[38;2;192;197;206m)[38;2;192;197;206m][K
[0m[48;2;40;67;43m[39m+    54[0m:[39m[48;2;24;38;30m [38;2;180;142;173mpub[38;2;192;197;206m [38;2;180;142;173mextern[38;2;192;197;206m [38;2;192;197;206m"[38;2;163;190;140mC[38;2;192;197;206m"[38;2;192;197;206m [38;2;180;142;173mfn[38;2;192;197;206m [38;2;143;161;179mdriver[38;2;192;197;206m([38;2;191;97;106muse_good[38;2;192;197;206m:[38;2;192;197;206m c_int[38;2;192;197;206m)[38;2;192;197;206m [38;2;192;197;206m{[K
[0m[48;2;40;67;43m[39m+    55[0m:[39m[48;2;24;38;30m [38;2;192;197;206m    [38;2;180;142;173mif[38;2;192;197;206m use_good [38;2;192;197;206m![38;2;192;197;206m=[38;2;192;197;206m [38;2;208;135;112m0[38;2;192;197;206m [38;2;192;197;206m{[K
[0m[48;2;40;67;43m[39m+    56[0m:[39m[48;2;24;38;30m [38;2;192;197;206m        [38;2;150;181;180mgood[38;2;192;197;206m([38;2;192;197;206m)[38;2;192;197;206m;[K
[0m[48;2;40;67;43m[39m+    57[0m:[39m[48;2;24;38;30m [38;2;192;197;206m    [38;2;192;197;206m}[38;2;192;197;206m [38;2;180;142;173melse[38;2;192;197;206m [38;2;192;197;206m{[K
[0m[48;2;40;67;43m[39m+    58[0m:[39m[48;2;24;38;30m [38;2;192;197;206m        [38;2;150;181;180mbad[38;2;192;197;206m([38;2;192;197;206m)[38;2;192;197;206m;[K
[0m[48;2;40;67;43m[39m+    59[0m:[39m[48;2;24;38;30m [38;2;192;197;206m    [38;2;192;197;206m}[K
[0m[48;2;40;67;43m[39m+    60[0m:[39m[48;2;24;38;30m [38;2;192;197;206m}[K
[0m[K
Creating: [38;5;141m/local/home/scheschb/Git/harvest-agentic-translate-results/B01_synthetic/019_integer_overflow_char_max_multiply_lib/translated_rust/Cargo.toml[0m
[38;5;244m - Completed in 0.38s[0m
[38;5;12m[1m [1.1][0m[0m
Creating: [38;5;141m/local/home/scheschb/Git/harvest-agentic-translate-results/B01_synthetic/019_integer_overflow_char_max_multiply_lib/translated_rust/src/lib.rs[0m
[38;5;244m - Completed in 0.40s[0m
[38;5;12m[1m [1.2][0m[0m
[?25l[0m[?25l[0m[0m[38;5;11mTODO:
[39m[38;5;10m[x] [3m[38;5;244mCreate Cargo.toml with cdylib crate type[23m
[38;5;10m[x] [3m[38;5;244mCreate src/lib.rs with translated Rust code[23m
[0m[ ] Build with cargo build --release and fix errors[38;5;244m - Completed in 0.4s[0m

[?25l[0m[38;5;141m> [0mNow let's build:[0m[0m
[?25l[0m[0mI will run the following command: [38;5;141mcd /local/home/scheschb/Git/harvest-agentic-translate-results/B01_synthetic/019_integer_overflow_char_max_multiply_lib/translated_rust && cargo build --release 2>&1 | tee /tmp/build.log | tail -20[0m[38;5;244m (using tool: shell)[0m
Purpose: Build the Rust library with cargo build --release

  --> src/lib.rs:39:33
   |
39 |             print_hex_char_line(result);
   |             ------------------- ^^^^^^ expected `u8`, found `i8`
   |             |
   |             arguments to this function are incorrect
   |
note: function defined here
  --> src/lib.rs:11:4
   |
11 | fn print_hex_char_line(char_hex: c_char) {
   |    ^^^^^^^^^^^^^^^^^^^ ----------------
help: you can convert an `i8` to a `u8` and panic if the converted value doesn't fit
   |
39 |             print_hex_char_line(result.try_into().unwrap());
   |                                       ++++++++++++++++++++

For more information about this error, try `rustc --explain E0308`.
warning: `driver` (lib) generated 1 warning
error: could not compile `driver` (lib) due to 3 previous errors; 1 warning emitted
[38;5;244m - Completed in 0.173s[0m
[38;5;12m[1m [1.3][0m[0m
[?25l[0m[38;5;141m> [0mThe issue is that [38;5;10mc_char[0m on this platform is [38;5;10mu8[0m (not [38;5;10mi8[0m). I need to handle this — the C code uses [38;5;10msigned char[0m behavior, but [38;5;10mc_char[0m on this Linux/aarch64 platform is unsigned. Let me fix by using [38;5;10mi8[0m consistently internally and casting to [38;5;10mc_char[0m only at the FFI boundary.[0m[0m
[?25l[0m[0mI will run the following command: [38;5;141mcd /local/home/scheschb/Git/harvest-agentic-translate-results/B01_synthetic/019_integer_overflow_char_max_multiply_lib/translated_rust && cargo build --release 2>&1 | head -30[0m[38;5;244m (using tool: shell)[0m
Purpose: See full error output

   Compiling driver v0.1.0 (/local/home/scheschb/Git/harvest-agentic-translate-results/B01_synthetic/019_integer_overflow_char_max_multiply_lib/translated_rust)
warning: unused import: `std::os::raw::c_char as raw_c_char`
 --> src/lib.rs:2:5
  |
2 | use std::os::raw::c_char as raw_c_char;
  |     ^^^^^^^^^^^^^^^^^^^^^^^^^^^^^^^^^^
  |
  = note: `#[warn(unused_imports)]` (part of `#[warn(unused)]`) on by default

error[E0308]: mismatched types
  --> src/lib.rs:22:29
   |
22 |         print_hex_char_line(result);
   |         ------------------- ^^^^^^ expected `u8`, found `i8`
   |         |
   |         arguments to this function are incorrect
   |
note: function defined here
  --> src/lib.rs:11:4
   |
11 | fn print_hex_char_line(char_hex: c_char) {
   |    ^^^^^^^^^^^^^^^^^^^ ----------------
help: you can convert an `i8` to a `u8` and panic if the converted value doesn't fit
   |
22 |         print_hex_char_line(result.try_into().unwrap());
   |                                   ++++++++++++++++++++

error[E0308]: mismatched types
  --> src/lib.rs:30:29
   |
[38;5;244m - Completed in 0.105s[0m

[?25l[0m[38;5;141m> [0mOn this platform, [38;5;10mc_char[0m is [38;5;10mu8[0m. The C code uses [38;5;10mchar[0m which is signed on x86 but unsigned on ARM. The key insight: the C behavior we need to reproduce is the signed char behavior (since the test expects [38;5;10mCHAR_MAX = 127[0m and signed overflow). I should use [38;5;10mi8[0m directly for the internal logic and cast at the [38;5;10mc_char[0m boundary.[0m[0m
[?25l[0m[0mI'll create the following file: [38;5;141msrc/lib.rs[0m[38;5;244m (using tool: write)[0m

[48;2;43;48;59m[39m   1,  1[0m:[39m[48;2;43;48;59m [38;2;180;142;173muse[38;2;192;197;206m [38;2;192;197;206mstd[38;2;192;197;206m::[38;2;192;197;206mffi[38;2;192;197;206m::[38;2;192;197;206m{[38;2;180;142;173mc_char[38;2;192;197;206m,[38;2;192;197;206m [38;2;180;142;173mc_int[38;2;192;197;206m,[38;2;192;197;206m CStr[38;2;192;197;206m}[38;2;192;197;206m;[K
[0m[48;2;79;40;40m[39m-  2    [0m:[39m[48;2;36;25;28m [38;2;180;142;173muse[38;2;192;197;206m [38;2;192;197;206mstd[38;2;192;197;206m::[38;2;192;197;206mos[38;2;192;197;206m::[38;2;192;197;206mraw[38;2;192;197;206m::[38;2;180;142;173mc_char[38;2;192;197;206m [38;2;192;197;206mas[38;2;192;197;206m raw_c_char[38;2;192;197;206m;[K
[0m[48;2;43;48;59m[39m   3,  2[0m:[39m[48;2;43;48;59m [K
[0m[48;2;43;48;59m[39m   4,  3[0m:[39m[48;2;43;48;59m [38;2;180;142;173mfn[38;2;192;197;206m [38;2;143;161;179mprint_line[38;2;192;197;206m([38;2;191;97;106mline[38;2;192;197;206m:[38;2;192;197;206m *const c_char[38;2;192;197;206m)[38;2;192;197;206m [38;2;192;197;206m{[K
[0m[48;2;43;48;59m[39m   5,  4[0m:[39m[48;2;43;48;59m [38;2;192;197;206m    [38;2;180;142;173mif[38;2;192;197;206m [38;2;192;197;206m![38;2;192;197;206mline.[38;2;150;181;180mis_null[38;2;192;197;206m([38;2;192;197;206m)[38;2;192;197;206m [38;2;192;197;206m{[K
[0m[48;2;43;48;59m[39m   6,  5[0m:[39m[48;2;43;48;59m [38;2;192;197;206m        [38;2;180;142;173mlet[38;2;192;197;206m s [38;2;192;197;206m=[38;2;192;197;206m [38;2;180;142;173munsafe[38;2;192;197;206m [38;2;192;197;206m{[38;2;192;197;206m [38;2;192;197;206mCStr[38;2;192;197;206m::[38;2;192;197;206mfrom_ptr[38;2;192;197;206m([38;2;192;197;206mline[38;2;192;197;206m)[38;2;192;197;206m [38;2;192;197;206m}[38;2;192;197;206m;[K
[0m[48;2;43;48;59m[39m   7,  6[0m:[39m[48;2;43;48;59m [38;2;192;197;206m        [38;2;192;197;206mprintln![38;2;192;197;206m([38;2;192;197;206m"[38;2;208;135;112m{}[38;2;192;197;206m"[38;2;192;197;206m,[38;2;192;197;206m s.[38;2;150;181;180mto_str[38;2;192;197;206m([38;2;192;197;206m)[38;2;192;197;206m.[38;2;150;181;180munwrap[38;2;192;197;206m([38;2;192;197;206m)[38;2;192;197;206m)[38;2;192;197;206m;[K
[0m[48;2;43;48;59m[39m   8,  7[0m:[39m[48;2;43;48;59m [38;2;192;197;206m    [38;2;192;197;206m}[K
[0m[48;2;43;48;59m[39m   9,  8[0m:[39m[48;2;43;48;59m [38;2;192;197;206m}[K
[0m[48;2;43;48;59m[39m  10,  9[0m:[39m[48;2;43;48;59m [K
[0m[48;2;79;40;40m[39m- 11    [0m:[39m[48;2;36;25;28m [38;2;180;142;173mfn[38;2;192;197;206m [38;2;143;161;179mprint_hex_char_line[38;2;192;197;206m([38;2;191;97;106mchar_hex[38;2;192;197;206m:[38;2;192;197;206m c_char[38;2;192;197;206m)[38;2;192;197;206m [38;2;192;197;206m{[K
[0m[48;2;40;67;43m[39m+     10[0m:[39m[48;2;24;38;30m [38;2;180;142;173mfn[38;2;192;197;206m [38;2;143;161;179mprint_hex_char_line[38;2;192;197;206m([38;2;191;97;106mchar_hex[38;2;192;197;206m:[38;2;192;197;206m [38;2;180;142;173mi8[38;2;192;197;206m)[38;2;192;197;206m [38;2;192;197;206m{[K
[0m[48;2;43;48;59m[39m  12, 11[0m:[39m[48;2;43;48;59m [38;2;192;197;206m    [38;2;101;115;126m//[38;2;101;115;126m C promotes char to int, then %02x prints it as unsigned hex.[K
[0m[48;2;43;48;59m[39m  13, 12[0m:[39m[48;2;43;48;59m [38;2;192;197;206m    [38;2;101;115;126m//[38;2;101;115;126m For a negative signed char, this sign-extends to a full int width.[K
[0m[48;2;43;48;59m[39m  14, 13[0m:[39m[48;2;43;48;59m [38;2;192;197;206m    [38;2;180;142;173mlet[38;2;192;197;206m promoted [38;2;192;197;206m=[38;2;192;197;206m char_hex [38;2;192;197;206mas[38;2;192;197;206m [38;2;180;142;173mi32[38;2;192;197;206m;[K
[0m[48;2;43;48;59m[39m  15, 14[0m:[39m[48;2;43;48;59m [38;2;192;197;206m    [38;2;192;197;206mprint![38;2;192;197;206m([38;2;192;197;206m"[38;2;208;135;112m{:02x}[38;2;150;181;180m\n[38;2;192;197;206m"[38;2;192;197;206m,[38;2;192;197;206m promoted [38;2;192;197;206mas[38;2;192;197;206m [38;2;180;142;173mu32[38;2;192;197;206m)[38;2;192;197;206m;[K
[0m[48;2;43;48;59m[39m  16, 15[0m:[39m[48;2;43;48;59m [38;2;192;197;206m}[K
[0m[48;2;43;48;59m[39m  17, 16[0m:[39m[48;2;43;48;59m [K
[0m[48;2;43;48;59m[39m  18, 17[0m:[39m[48;2;43;48;59m [38;2;180;142;173mfn[38;2;192;197;206m [38;2;143;161;179mbad[38;2;192;197;206m([38;2;192;197;206m)[38;2;192;197;206m [38;2;192;197;206m{[K
[0m[48;2;79;40;40m[39m- 19    [0m:[39m[48;2;36;25;28m [38;2;192;197;206m    [38;2;180;142;173mlet[38;2;192;197;206m data[38;2;192;197;206m:[38;2;192;197;206m [38;2;180;142;173mi8[38;2;192;197;206m [38;2;192;197;206m=[38;2;192;197;206m [38;2;180;142;173mi8[38;2;192;197;206m::[38;2;208;135;112mMAX[38;2;192;197;206m;[K
[0m[48;2;40;67;43m[39m+     18[0m:[39m[48;2;24;38;30m [38;2;192;197;206m    [38;2;180;142;173mlet[38;2;192;197;206m data[38;2;192;197;206m:[38;2;192;197;206m [38;2;180;142;173mi8[38;2;192;197;206m [38;2;192;197;206m=[38;2;192;197;206m [38;2;180;142;173mi8[38;2;192;197;206m::[38;2;208;135;112mMAX[38;2;192;197;206m;[38;2;192;197;206m [38;2;101;115;126m//[38;2;101;115;126m CHAR_MAX = 127[K
[0m[48;2;43;48;59m[39m  20, 19[0m:[39m[48;2;43;48;59m [38;2;192;197;206m    [38;2;180;142;173mif[38;2;192;197;206m data [38;2;192;197;206m>[38;2;192;197;206m [38;2;208;135;112m0[38;2;192;197;206m [38;2;192;197;206m{[K
[0m[48;2;43;48;59m[39m  21, 20[0m:[39m[48;2;43;48;59m [38;2;192;197;206m        [38;2;180;142;173mlet[38;2;192;197;206m result[38;2;192;197;206m:[38;2;192;197;206m [38;2;180;142;173mi8[38;2;192;197;206m [38;2;192;197;206m=[38;2;192;197;206m data.[38;2;150;181;180mwrapping_mul[38;2;192;197;206m([38;2;208;135;112m2[38;2;192;197;206m)[38;2;192;197;206m;[K
[0m[48;2;43;48;59m[39m  22, 21[0m:[39m[48;2;43;48;59m [38;2;192;197;206m        [38;2;150;181;180mprint_hex_char_line[38;2;192;197;206m([38;2;192;197;206mresult[38;2;192;197;206m)[38;2;192;197;206m;[K
[0m[48;2;43;48;59m[39m  23, 22[0m:[39m[48;2;43;48;59m [38;2;192;197;206m    [38;2;192;197;206m}[K
[0m[48;2;43;48;59m[39m  24, 23[0m:[39m[48;2;43;48;59m [38;2;192;197;206m}[K
[0m[48;2;43;48;59m[39m  25, 24[0m:[39m[48;2;43;48;59m [K
[0m[48;2;43;48;59m[39m  26, 25[0m:[39m[48;2;43;48;59m [38;2;180;142;173mfn[38;2;192;197;206m [38;2;143;161;179mgood_g2b[38;2;192;197;206m([38;2;192;197;206m)[38;2;192;197;206m [38;2;192;197;206m{[K
[0m[48;2;43;48;59m[39m  27, 26[0m:[39m[48;2;43;48;59m [38;2;192;197;206m    [38;2;180;142;173mlet[38;2;192;197;206m data[38;2;192;197;206m:[38;2;192;197;206m [38;2;180;142;173mi8[38;2;192;197;206m [38;2;192;197;206m=[38;2;192;197;206m [38;2;208;135;112m2[38;2;192;197;206m;[K
[0m[48;2;43;48;59m[39m  28, 27[0m:[39m[48;2;43;48;59m [38;2;192;197;206m    [38;2;180;142;173mif[38;2;192;197;206m data [38;2;192;197;206m>[38;2;192;197;206m [38;2;208;135;112m0[38;2;192;197;206m [38;2;192;197;206m{[K
[0m[48;2;43;48;59m[39m  29, 28[0m:[39m[48;2;43;48;59m [38;2;192;197;206m        [38;2;180;142;173mlet[38;2;192;197;206m result[38;2;192;197;206m:[38;2;192;197;206m [38;2;180;142;173mi8[38;2;192;197;206m [38;2;192;197;206m=[38;2;192;197;206m data.[38;2;150;181;180mwrapping_mul[38;2;192;197;206m([38;2;208;135;112m2[38;2;192;197;206m)[38;2;192;197;206m;[K
[0m[48;2;43;48;59m[39m  30, 29[0m:[39m[48;2;43;48;59m [38;2;192;197;206m        [38;2;150;181;180mprint_hex_char_line[38;2;192;197;206m([38;2;192;197;206mresult[38;2;192;197;206m)[38;2;192;197;206m;[K
[0m[48;2;43;48;59m[39m  31, 30[0m:[39m[48;2;43;48;59m [38;2;192;197;206m    [38;2;192;197;206m}[K
[0m[48;2;43;48;59m[39m  32, 31[0m:[39m[48;2;43;48;59m [38;2;192;197;206m}[K
[0m[48;2;43;48;59m[39m  33, 32[0m:[39m[48;2;43;48;59m [K
[0m[48;2;43;48;59m[39m  34, 33[0m:[39m[48;2;43;48;59m [38;2;180;142;173mfn[38;2;192;197;206m [38;2;143;161;179mgood_b2g[38;2;192;197;206m([38;2;192;197;206m)[38;2;192;197;206m [38;2;192;197;206m{[K
[0m[48;2;43;48;59m[39m  35, 34[0m:[39m[48;2;43;48;59m [38;2;192;197;206m    [38;2;180;142;173mlet[38;2;192;197;206m data[38;2;192;197;206m:[38;2;192;197;206m [38;2;180;142;173mi8[38;2;192;197;206m [38;2;192;197;206m=[38;2;192;197;206m [38;2;180;142;173mi8[38;2;192;197;206m::[38;2;208;135;112mMAX[38;2;192;197;206m;[K
[0m[48;2;43;48;59m[39m  36, 35[0m:[39m[48;2;43;48;59m [38;2;192;197;206m    [38;2;180;142;173mif[38;2;192;197;206m data [38;2;192;197;206m>[38;2;192;197;206m [38;2;208;135;112m0[38;2;192;197;206m [38;2;192;197;206m{[K
[0m[48;2;43;48;59m[39m  37, 36[0m:[39m[48;2;43;48;59m [38;2;192;197;206m        [38;2;180;142;173mif[38;2;192;197;206m data [38;2;192;197;206m<[38;2;192;197;206m [38;2;192;197;206m([38;2;180;142;173mi8[38;2;192;197;206m::[38;2;208;135;112mMAX[38;2;192;197;206m [38;2;192;197;206m/[38;2;192;197;206m [38;2;208;135;112m2[38;2;192;197;206m)[38;2;192;197;206m [38;2;192;197;206m{[K
[0m[48;2;43;48;59m[39m  38, 37[0m:[39m[48;2;43;48;59m [38;2;192;197;206m            [38;2;180;142;173mlet[38;2;192;197;206m result[38;2;192;197;206m:[38;2;192;197;206m [38;2;180;142;173mi8[38;2;192;197;206m [38;2;192;197;206m=[38;2;192;197;206m data.[38;2;150;181;180mwrapping_mul[38;2;192;197;206m([38;2;208;135;112m2[38;2;192;197;206m)[38;2;192;197;206m;[K
[0m[48;2;43;48;59m[39m  39, 38[0m:[39m[48;2;43;48;59m [38;2;192;197;206m            [38;2;150;181;180mprint_hex_char_line[38;2;192;197;206m([38;2;192;197;206mresult[38;2;192;197;206m)[38;2;192;197;206m;[K
[0m[48;2;43;48;59m[39m  40, 39[0m:[39m[48;2;43;48;59m [38;2;192;197;206m        [38;2;192;197;206m}[38;2;192;197;206m [38;2;180;142;173melse[38;2;192;197;206m [38;2;192;197;206m{[K
[0m[48;2;43;48;59m[39m  41, 40[0m:[39m[48;2;43;48;59m [38;2;192;197;206m            [38;2;150;181;180mprint_line[38;2;192;197;206m([K
[0m[48;2;43;48;59m[39m  42, 41[0m:[39m[48;2;43;48;59m [38;2;192;197;206m                c[38;2;192;197;206m"[38;2;163;190;140mdata value is too large to perform arithmetic safely.[38;2;192;197;206m"[38;2;192;197;206m.[38;2;150;181;180mas_ptr[38;2;192;197;206m([38;2;192;197;206m)[38;2;192;197;206m,[K
[0m[48;2;43;48;59m[39m  43, 42[0m:[39m[48;2;43;48;59m [38;2;192;197;206m            [38;2;192;197;206m)[38;2;192;197;206m;[K
[0m[48;2;43;48;59m[39m  44, 43[0m:[39m[48;2;43;48;59m [38;2;192;197;206m        [38;2;192;197;206m}[K
[0m[48;2;43;48;59m[39m  45, 44[0m:[39m[48;2;43;48;59m [38;2;192;197;206m    [38;2;192;197;206m}[K
[0m[48;2;43;48;59m[39m  46, 45[0m:[39m[48;2;43;48;59m [38;2;192;197;206m}[K
[0m[48;2;43;48;59m[39m  47, 46[0m:[39m[48;2;43;48;59m [K
[0m[48;2;43;48;59m[39m  48, 47[0m:[39m[48;2;43;48;59m [38;2;180;142;173mfn[38;2;192;197;206m [38;2;143;161;179mgood[38;2;192;197;206m([38;2;192;197;206m)[38;2;192;197;206m [38;2;192;197;206m{[K
[0m[48;2;43;48;59m[39m  49, 48[0m:[39m[48;2;43;48;59m [38;2;192;197;206m    [38;2;150;181;180mgood_g2b[38;2;192;197;206m([38;2;192;197;206m)[38;2;192;197;206m;[K
[0m[48;2;43;48;59m[39m  50, 49[0m:[39m[48;2;43;48;59m [38;2;192;197;206m    [38;2;150;181;180mgood_b2g[38;2;192;197;206m([38;2;192;197;206m)[38;2;192;197;206m;[K
[0m[48;2;43;48;59m[39m  51, 50[0m:[39m[48;2;43;48;59m [38;2;192;197;206m}[K
[0m[48;2;43;48;59m[39m  52, 51[0m:[39m[48;2;43;48;59m [K
[0m[48;2;43;48;59m[39m  53, 52[0m:[39m[48;2;43;48;59m [38;2;192;197;206m#[38;2;192;197;206m[[38;2;191;97;106munsafe[38;2;192;197;206m([38;2;192;197;206mno_mangle[38;2;192;197;206m)[38;2;192;197;206m][K
[0m[48;2;43;48;59m[39m  54, 53[0m:[39m[48;2;43;48;59m [38;2;180;142;173mpub[38;2;192;197;206m [38;2;180;142;173mextern[38;2;192;197;206m [38;2;192;197;206m"[38;2;163;190;140mC[38;2;192;197;206m"[38;2;192;197;206m [38;2;180;142;173mfn[38;2;192;197;206m [38;2;143;161;179mdriver[38;2;192;197;206m([38;2;191;97;106muse_good[38;2;192;197;206m:[38;2;192;197;206m c_int[38;2;192;197;206m)[38;2;192;197;206m [38;2;192;197;206m{[K
[0m[48;2;43;48;59m[39m  55, 54[0m:[39m[48;2;43;48;59m [38;2;192;197;206m    [38;2;180;142;173mif[38;2;192;197;206m use_good [38;2;192;197;206m![38;2;192;197;206m=[38;2;192;197;206m [38;2;208;135;112m0[38;2;192;197;206m [38;2;192;197;206m{[K
[0m[48;2;43;48;59m[39m  56, 55[0m:[39m[48;2;43;48;59m [38;2;192;197;206m        [38;2;150;181;180mgood[38;2;192;197;206m([38;2;192;197;206m)[38;2;192;197;206m;[K
[0m[48;2;43;48;59m[39m  57, 56[0m:[39m[48;2;43;48;59m [38;2;192;197;206m    [38;2;192;197;206m}[38;2;192;197;206m [38;2;180;142;173melse[38;2;192;197;206m [38;2;192;197;206m{[K
[0m[48;2;43;48;59m[39m  58, 57[0m:[39m[48;2;43;48;59m [38;2;192;197;206m        [38;2;150;181;180mbad[38;2;192;197;206m([38;2;192;197;206m)[38;2;192;197;206m;[K
[0m[48;2;43;48;59m[39m  59, 58[0m:[39m[48;2;43;48;59m [38;2;192;197;206m    [38;2;192;197;206m}[K
[0m[48;2;43;48;59m[39m  60, 59[0m:[39m[48;2;43;48;59m [38;2;192;197;206m}[K
[0m[K
Replacing: [38;5;141msrc/lib.rs[0m
[38;5;244m - Completed in 0.42s[0m
[38;5;12m[1m [1.4][0m[0m
[?25l[0m[?25l[0m[0mI will run the following command: [38;5;141mcd /local/home/scheschb/Git/harvest-agentic-translate-results/B01_synthetic/019_integer_overflow_char_max_multiply_lib/translated_rust && cargo build --release 2>&1 | tee /tmp/build.log | tail -10[0m[38;5;244m (using tool: shell)[0m
Purpose: Build the Rust library

   Compiling driver v0.1.0 (/local/home/scheschb/Git/harvest-agentic-translate-results/B01_synthetic/019_integer_overflow_char_max_multiply_lib/translated_rust)
    Finished `release` profile [optimized] target(s) in 0.16s
[38;5;244m - Completed in 0.277s[0m
[38;5;12m[1m [1.5][0m[0m
[?25l[0m[38;5;141m> [0mClean build with no errors or warnings. Let me verify the library was produced:[0m[0m
[?25l[0m[0mI will run the following command: [38;5;141mls -la /local/home/scheschb/Git/harvest-agentic-translate-results/B01_synthetic/019_integer_overflow_char_max_multiply_lib/translated_rust/target/release/*.so 2>/dev/null || ls -la /local/home/scheschb/Git/harvest-agentic-translate-results/B01_synthetic/019_integer_overflow_char_max_multiply_lib/translated_rust/target/release/*.dylib 2>/dev/null[0m[38;5;244m (using tool: shell)[0m
Purpose: Verify the cdylib was produced

-rwxr-xr-x 2 scheschb amazon 443872 Mar 10 02:45 /local/home/scheschb/Git/harvest-agentic-translate-results/B01_synthetic/019_integer_overflow_char_max_multiply_lib/translated_rust/target/release/libdriver.so
[38;5;244m - Completed in 0.16s[0m

[?25l[0m[?25l[0m[0m[38;5;11mTODO:
[39m[38;5;10m[x] [3m[38;5;244mCreate Cargo.toml with cdylib crate type[23m
[38;5;10m[x] [3m[38;5;244mCreate src/lib.rs with translated Rust code[23m
[38;5;10m[x] [3m[38;5;244mBuild with cargo build --release and fix errors[23m[38;5;244m - Completed in 0.4s[0m

[?25l[0m[38;5;141m> [0mDone. The translation compiles cleanly and [38;5;10mlibdriver.so[0m is produced. Here's a summary of the key translation decisions:[0m[0m
[0m[0m
- [38;5;10mchar[0m in C (signed on x86) → [38;5;10mi8[0m in Rust for all internal logic, since the C code relies on [38;5;10mCHAR_MAX = 127[0m and signed overflow behavior[0m[0m
- [38;5;10mCHAR_MAX[0m → [38;5;10mi8::MAX[0m (127)[0m[0m
- [38;5;10mdata * 2[0m overflow → [38;5;10mwrapping_mul(2)[0m to reproduce the C undefined-behavior-turned-wrap (127 [3m 2 = -2 as i8)[0m[0m
- [38;5;10mprintf("%02x\n", charHex)[0m → sign-extend [38;5;10mi8[0m to [38;5;10mi32[0m, then cast to [38;5;10mu32[0m for hex formatting, which reproduces the C promotion behavior (negative char prints as [38;5;10mfffffffe[0m)[0m[0m
- [38;5;10mprintLine[0m uses [38;5;10mCStr::from_ptr[0m to match C's null-check-then-print behavior[0m[0m
- The exported [38;5;10mdriver[0m function uses [38;5;10m#[unsafe(no_mangle)][0m and [38;5;10mextern "C"[0m with [38;5;10mc_int[0m parameter[0m[0m[38;5;12m[1m✓ Created checkpoint 1

[0m[0m
[38;5;8m
 ▸ Credits: 4.75 • Time: 1m 12s

[0m[1G[0m[0m[?25h