[38;5;9mError: [0mFile URI not found: file://./harold-prompt.md (resolved to /home/scheschb/.kiro/agents/./harold-prompt.md)
[32mAll tools are now trusted ([0m[31m![0m[32m). Kiro will execute tools without asking for confirmation.[0m
Agents can sometimes do unexpected things so understand the risks.

Learn more at [38;5;141mhttps://kiro.dev/docs/cli/chat/security/#using-tools-trust-all-safely[0m


[38;5;12m[1m📷 Checkpoints are enabled! (took 0.04s)

[0m
[38;5;252m[0m[?25l[38;5;141m> [0m[0m[0m
[0m[0m
Let me start by examining the C source code to understand what needs to be translated.[0m[0m
[?25l[0m[0mReading directory: [38;5;141m/local/home/scheschb/Git/harvest-agentic-translate-results/B01_synthetic/021_complex_goto_lib/translated_rust/c_src[0m[38;5;244m (using tool: read, max depth: 2, max entries: 1000, excluding: defaults)[0m
[38;5;10m ✓ [0mSuccessfully read directory [38;5;141m/local/home/scheschb/Git/harvest-agentic-translate-results/B01_synthetic/021_complex_goto_lib/translated_rust/c_src[0m [38;5;244m(5 entries)[0m
[38;5;244m - Completed in 0.4s[0m

[?25l[0m[?25l[0m[0mBatch fs_read operation with [38;5;141m3[0m operations[38;5;244m (using tool: read)[0m

↱ Operation 1: Reading file: [38;5;141m/local/home/scheschb/Git/harvest-agentic-translate-results/B01_synthetic/021_complex_goto_lib/translated_rust/c_src/include/driver.h[0m, all lines
↱ Operation 2: Reading file: [38;5;141m/local/home/scheschb/Git/harvest-agentic-translate-results/B01_synthetic/021_complex_goto_lib/translated_rust/c_src/src/driver.c[0m, all lines
↱ Operation 3: Reading file: [38;5;141m/local/home/scheschb/Git/harvest-agentic-translate-results/B01_synthetic/021_complex_goto_lib/translated_rust/c_src/CMakeLists.txt[0m, all lines
[38;5;10m ✓ [0mSuccessfully read [38;5;244m1219 bytes[0m from /local/home/scheschb/Git/harvest-agentic-translate-results/B01_synthetic/021_complex_goto_lib/translated_rust/c_src/include/driver.h

[38;5;10m ✓ [0mSuccessfully read [38;5;244m1602 bytes[0m from /local/home/scheschb/Git/harvest-agentic-translate-results/B01_synthetic/021_complex_goto_lib/translated_rust/c_src/src/driver.c

[38;5;10m ✓ [0mSuccessfully read [38;5;244m1405 bytes[0m from /local/home/scheschb/Git/harvest-agentic-translate-results/B01_synthetic/021_complex_goto_lib/translated_rust/c_src/CMakeLists.txt

 ⋮ 

[38;5;244m- [0mSummary: 3 operations processed, 3 successful, 0 failed
[38;5;244m - Completed in 0.3s[0m

[?25l[0m[38;5;141m> [0mNow I need to carefully analyze the control flow with [38;5;10mgoto[0m statements. Let me trace through the logic:[0m[0m
[0m[0m
The C function has a [38;5;10mwhile[0m loop with two labels ([38;5;10mlabel1[0m, [38;5;10mlabel2[0m) and [38;5;10mgoto[0m jumps. The key flow:[0m[0m
1. Top of while: check [38;5;10mx > 0 || y > 0[0m, print "loop"[0m[0m
2. If [38;5;10mx == 1 && y == 4[0m, jump to [38;5;10mlabel2[0m (skipping [38;5;10mlabel1[0m)[0m[0m
3. [38;5;10mlabel1[0m: if [38;5;10mx > 0[0m, print "x", decrement x[0m[0m
4. [38;5;10mlabel2[0m: if [38;5;10my == 0[0m, [38;5;10mcontinue[0m (back to while condition)[0m[0m
5. Print "y", decrement y[0m[0m
6. If [38;5;10mx < 3[0m, [38;5;10mgoto label1[0m (re-enter at label1 without going through while check or printing "loop")[0m[0m
[0m[0m
The tricky part is [38;5;10mgoto label1[0m — it jumps back to [38;5;10mlabel1[0m without re-checking the while condition or printing "loop". I need to replicate this with a nested loop or state machine.[0m[0m
[?25l[0m[0m[38;5;11mTODO:
[39m[0m[ ] Create Cargo.toml with cdylib crate type
[0m[ ] Create src/lib.rs with driver function preserving goto control flow
[0m[ ] Build with cargo build --release and fix errors[38;5;244m - Completed in 0.4s[0m

[?25l[0m[?25l[0m[0mI'll create the following file: [38;5;141m/local/home/scheschb/Git/harvest-agentic-translate-results/B01_synthetic/021_complex_goto_lib/translated_rust/Cargo.toml[0m[38;5;244m (using tool: write)[0m

[49m[38;5;10m+    1[0m:[38;5;10m[49m [package]
[0m[49m[38;5;10m+    2[0m:[38;5;10m[49m name = "driver"
[0m[49m[38;5;10m+    3[0m:[38;5;10m[49m version = "0.1.0"
[0m[49m[38;5;10m+    4[0m:[38;5;10m[49m edition = "2021"
[0m[49m[38;5;10m+    5[0m:[38;5;10m[49m 
[0m[49m[38;5;10m+    6[0m:[38;5;10m[49m [lib]
[0m[49m[38;5;10m+    7[0m:[38;5;10m[49m crate-type = ["cdylib"]
[0m[K
Creating: [38;5;141m/local/home/scheschb/Git/harvest-agentic-translate-results/B01_synthetic/021_complex_goto_lib/translated_rust/Cargo.toml[0m
[38;5;244m - Completed in 0.38s[0m
[38;5;12m[1m [1.1][0m[0m
[?25l[0m[?25l[0m[0m[38;5;11mTODO:
[39m[38;5;10m[x] [3m[38;5;244mCreate Cargo.toml with cdylib crate type[23m
[0m[ ] Create src/lib.rs with driver function preserving goto control flow[38;5;244m - Completed in 0.4s[0m

[?25l[0m[38;5;141m> [0mNow for the tricky part — translating the goto-based control flow. The [38;5;10mgoto label1[0m from after [38;5;10my--[0m creates a loop back to [38;5;10mlabel1[0m without re-checking the while condition. I'll use a state-based approach with a loop and an enum/flag to model the goto targets.[0m[0m
[?25l[0m[0mI'll create the following file: [38;5;141m/local/home/scheschb/Git/harvest-agentic-translate-results/B01_synthetic/021_complex_goto_lib/translated_rust/src/lib.rs[0m[38;5;244m (using tool: write)[0m

[48;2;40;67;43m[39m+     1[0m:[39m[48;2;24;38;30m [38;2;180;142;173muse[38;2;192;197;206m [38;2;192;197;206mstd[38;2;192;197;206m::[38;2;192;197;206mffi[38;2;192;197;206m::[38;2;180;142;173mc_int[38;2;192;197;206m;[K
[0m[48;2;40;67;43m[39m+     2[0m:[39m[48;2;24;38;30m [K
[0m[48;2;40;67;43m[39m+     3[0m:[39m[48;2;24;38;30m [38;2;192;197;206m#[38;2;192;197;206m[[38;2;191;97;106munsafe[38;2;192;197;206m([38;2;192;197;206mno_mangle[38;2;192;197;206m)[38;2;192;197;206m][K
[0m[48;2;40;67;43m[39m+     4[0m:[39m[48;2;24;38;30m [38;2;180;142;173mpub[38;2;192;197;206m [38;2;180;142;173mextern[38;2;192;197;206m [38;2;192;197;206m"[38;2;163;190;140mC[38;2;192;197;206m"[38;2;192;197;206m [38;2;180;142;173mfn[38;2;192;197;206m [38;2;143;161;179mdriver[38;2;192;197;206m([38;2;180;142;173mmut[38;2;192;197;206m [38;2;191;97;106mx[38;2;192;197;206m:[38;2;192;197;206m c_int, [38;2;180;142;173mmut[38;2;192;197;206m [38;2;191;97;106my[38;2;192;197;206m:[38;2;192;197;206m c_int[38;2;192;197;206m)[38;2;192;197;206m [38;2;192;197;206m{[K
[0m[48;2;40;67;43m[39m+     5[0m:[39m[48;2;24;38;30m [38;2;192;197;206m    [38;2;180;142;173mwhile[38;2;192;197;206m x [38;2;192;197;206m>[38;2;192;197;206m [38;2;208;135;112m0[38;2;192;197;206m [38;2;192;197;206m|[38;2;192;197;206m|[38;2;192;197;206m y [38;2;192;197;206m>[38;2;192;197;206m [38;2;208;135;112m0[38;2;192;197;206m [38;2;192;197;206m{[K
[0m[48;2;40;67;43m[39m+     6[0m:[39m[48;2;24;38;30m [38;2;192;197;206m        [38;2;192;197;206mprint![38;2;192;197;206m([38;2;192;197;206m"[38;2;163;190;140mloop[38;2;150;181;180m\n[38;2;192;197;206m"[38;2;192;197;206m)[38;2;192;197;206m;[K
[0m[48;2;40;67;43m[39m+     7[0m:[39m[48;2;24;38;30m [K
[0m[48;2;40;67;43m[39m+     8[0m:[39m[48;2;24;38;30m [38;2;192;197;206m        [38;2;180;142;173mif[38;2;192;197;206m x [38;2;192;197;206m=[38;2;192;197;206m=[38;2;192;197;206m [38;2;208;135;112m1[38;2;192;197;206m [38;2;192;197;206m&[38;2;192;197;206m&[38;2;192;197;206m y [38;2;192;197;206m=[38;2;192;197;206m=[38;2;192;197;206m [38;2;208;135;112m4[38;2;192;197;206m [38;2;192;197;206m{[K
[0m[48;2;40;67;43m[39m+     9[0m:[39m[48;2;24;38;30m [38;2;192;197;206m            [38;2;101;115;126m//[38;2;101;115;126m goto label2[K
[0m[48;2;40;67;43m[39m+    10[0m:[39m[48;2;24;38;30m [38;2;192;197;206m            [38;2;180;142;173mif[38;2;192;197;206m y [38;2;192;197;206m=[38;2;192;197;206m=[38;2;192;197;206m [38;2;208;135;112m0[38;2;192;197;206m [38;2;192;197;206m{[K
[0m[48;2;40;67;43m[39m+    11[0m:[39m[48;2;24;38;30m [38;2;192;197;206m                [38;2;180;142;173mcontinue[38;2;192;197;206m;[K
[0m[48;2;40;67;43m[39m+    12[0m:[39m[48;2;24;38;30m [38;2;192;197;206m            [38;2;192;197;206m}[K
[0m[48;2;40;67;43m[39m+    13[0m:[39m[48;2;24;38;30m [38;2;192;197;206m            [38;2;192;197;206mprint![38;2;192;197;206m([38;2;192;197;206m"[38;2;163;190;140my[38;2;150;181;180m\n[38;2;192;197;206m"[38;2;192;197;206m)[38;2;192;197;206m;[K
[0m[48;2;40;67;43m[39m+    14[0m:[39m[48;2;24;38;30m [38;2;192;197;206m            y [38;2;192;197;206m-[38;2;192;197;206m=[38;2;192;197;206m [38;2;208;135;112m1[38;2;192;197;206m;[K
[0m[48;2;40;67;43m[39m+    15[0m:[39m[48;2;24;38;30m [38;2;192;197;206m            [38;2;180;142;173mif[38;2;192;197;206m x [38;2;192;197;206m<[38;2;192;197;206m [38;2;208;135;112m3[38;2;192;197;206m [38;2;192;197;206m{[K
[0m[48;2;40;67;43m[39m+    16[0m:[39m[48;2;24;38;30m [38;2;192;197;206m                [38;2;101;115;126m//[38;2;101;115;126m goto label1[K
[0m[48;2;40;67;43m[39m+    17[0m:[39m[48;2;24;38;30m [38;2;192;197;206m                [38;2;180;142;173mloop[38;2;192;197;206m [38;2;192;197;206m{[K
[0m[48;2;40;67;43m[39m+    18[0m:[39m[48;2;24;38;30m [38;2;192;197;206m                    [38;2;101;115;126m//[38;2;101;115;126m label1[K
[0m[48;2;40;67;43m[39m+    19[0m:[39m[48;2;24;38;30m [38;2;192;197;206m                    [38;2;180;142;173mif[38;2;192;197;206m x [38;2;192;197;206m>[38;2;192;197;206m [38;2;208;135;112m0[38;2;192;197;206m [38;2;192;197;206m{[K
[0m[48;2;40;67;43m[39m+    20[0m:[39m[48;2;24;38;30m [38;2;192;197;206m                        [38;2;192;197;206mprint![38;2;192;197;206m([38;2;192;197;206m"[38;2;163;190;140mx[38;2;150;181;180m\n[38;2;192;197;206m"[38;2;192;197;206m)[38;2;192;197;206m;[K
[0m[48;2;40;67;43m[39m+    21[0m:[39m[48;2;24;38;30m [38;2;192;197;206m                        x [38;2;192;197;206m-[38;2;192;197;206m=[38;2;192;197;206m [38;2;208;135;112m1[38;2;192;197;206m;[K
[0m[48;2;40;67;43m[39m+    22[0m:[39m[48;2;24;38;30m [38;2;192;197;206m                    [38;2;192;197;206m}[K
[0m[48;2;40;67;43m[39m+    23[0m:[39m[48;2;24;38;30m [38;2;192;197;206m                    [38;2;101;115;126m//[38;2;101;115;126m label2[K
[0m[48;2;40;67;43m[39m+    24[0m:[39m[48;2;24;38;30m [38;2;192;197;206m                    [38;2;180;142;173mif[38;2;192;197;206m y [38;2;192;197;206m=[38;2;192;197;206m=[38;2;192;197;206m [38;2;208;135;112m0[38;2;192;197;206m [38;2;192;197;206m{[K
[0m[48;2;40;67;43m[39m+    25[0m:[39m[48;2;24;38;30m [38;2;192;197;206m                        [38;2;180;142;173mbreak[38;2;192;197;206m;[38;2;192;197;206m [38;2;101;115;126m//[38;2;101;115;126m continue outer while[K
[0m[48;2;40;67;43m[39m+    26[0m:[39m[48;2;24;38;30m [38;2;192;197;206m                    [38;2;192;197;206m}[K
[0m[48;2;40;67;43m[39m+    27[0m:[39m[48;2;24;38;30m [38;2;192;197;206m                    [38;2;192;197;206mprint![38;2;192;197;206m([38;2;192;197;206m"[38;2;163;190;140my[38;2;150;181;180m\n[38;2;192;197;206m"[38;2;192;197;206m)[38;2;192;197;206m;[K
[0m[48;2;40;67;43m[39m+    28[0m:[39m[48;2;24;38;30m [38;2;192;197;206m                    y [38;2;192;197;206m-[38;2;192;197;206m=[38;2;192;197;206m [38;2;208;135;112m1[38;2;192;197;206m;[K
[0m[48;2;40;67;43m[39m+    29[0m:[39m[48;2;24;38;30m [38;2;192;197;206m                    [38;2;180;142;173mif[38;2;192;197;206m x [38;2;192;197;206m>[38;2;192;197;206m=[38;2;192;197;206m [38;2;208;135;112m3[38;2;192;197;206m [38;2;192;197;206m{[K
[0m[48;2;40;67;43m[39m+    30[0m:[39m[48;2;24;38;30m [38;2;192;197;206m                        [38;2;180;142;173mbreak[38;2;192;197;206m;[38;2;192;197;206m [38;2;101;115;126m//[38;2;101;115;126m fall out of while body, re-check condition[K
[0m[48;2;40;67;43m[39m+    31[0m:[39m[48;2;24;38;30m [38;2;192;197;206m                    [38;2;192;197;206m}[K
[0m[48;2;40;67;43m[39m+    32[0m:[39m[48;2;24;38;30m [38;2;192;197;206m                    [38;2;101;115;126m//[38;2;101;115;126m x < 3: goto label1 again[K
[0m[48;2;40;67;43m[39m+    33[0m:[39m[48;2;24;38;30m [38;2;192;197;206m                [38;2;192;197;206m}[K
[0m[48;2;40;67;43m[39m+    34[0m:[39m[48;2;24;38;30m [38;2;192;197;206m            [38;2;192;197;206m}[K
[0m[48;2;40;67;43m[39m+    35[0m:[39m[48;2;24;38;30m [38;2;192;197;206m            [38;2;180;142;173mcontinue[38;2;192;197;206m;[K
[0m[48;2;40;67;43m[39m+    36[0m:[39m[48;2;24;38;30m [38;2;192;197;206m        [38;2;192;197;206m}[K
[0m[48;2;40;67;43m[39m+    37[0m:[39m[48;2;24;38;30m [K
[0m[48;2;40;67;43m[39m+    38[0m:[39m[48;2;24;38;30m [38;2;192;197;206m        [38;2;101;115;126m//[38;2;101;115;126m label1 through end, with goto label1 loop[K
[0m[48;2;40;67;43m[39m+    39[0m:[39m[48;2;24;38;30m [38;2;192;197;206m        [38;2;180;142;173mloop[38;2;192;197;206m [38;2;192;197;206m{[K
[0m[48;2;40;67;43m[39m+    40[0m:[39m[48;2;24;38;30m [38;2;192;197;206m            [38;2;101;115;126m//[38;2;101;115;126m label1[K
[0m[48;2;40;67;43m[39m+    41[0m:[39m[48;2;24;38;30m [38;2;192;197;206m            [38;2;180;142;173mif[38;2;192;197;206m x [38;2;192;197;206m>[38;2;192;197;206m [38;2;208;135;112m0[38;2;192;197;206m [38;2;192;197;206m{[K
[0m[48;2;40;67;43m[39m+    42[0m:[39m[48;2;24;38;30m [38;2;192;197;206m                [38;2;192;197;206mprint![38;2;192;197;206m([38;2;192;197;206m"[38;2;163;190;140mx[38;2;150;181;180m\n[38;2;192;197;206m"[38;2;192;197;206m)[38;2;192;197;206m;[K
[0m[48;2;40;67;43m[39m+    43[0m:[39m[48;2;24;38;30m [38;2;192;197;206m                x [38;2;192;197;206m-[38;2;192;197;206m=[38;2;192;197;206m [38;2;208;135;112m1[38;2;192;197;206m;[K
[0m[48;2;40;67;43m[39m+    44[0m:[39m[48;2;24;38;30m [38;2;192;197;206m            [38;2;192;197;206m}[K
[0m[48;2;40;67;43m[39m+    45[0m:[39m[48;2;24;38;30m [38;2;192;197;206m            [38;2;101;115;126m//[38;2;101;115;126m label2[K
[0m[48;2;40;67;43m[39m+    46[0m:[39m[48;2;24;38;30m [38;2;192;197;206m            [38;2;180;142;173mif[38;2;192;197;206m y [38;2;192;197;206m=[38;2;192;197;206m=[38;2;192;197;206m [38;2;208;135;112m0[38;2;192;197;206m [38;2;192;197;206m{[K
[0m[48;2;40;67;43m[39m+    47[0m:[39m[48;2;24;38;30m [38;2;192;197;206m                [38;2;180;142;173mbreak[38;2;192;197;206m;[38;2;192;197;206m [38;2;101;115;126m//[38;2;101;115;126m continue outer while[K
[0m[48;2;40;67;43m[39m+    48[0m:[39m[48;2;24;38;30m [38;2;192;197;206m            [38;2;192;197;206m}[K
[0m[48;2;40;67;43m[39m+    49[0m:[39m[48;2;24;38;30m [38;2;192;197;206m            [38;2;192;197;206mprint![38;2;192;197;206m([38;2;192;197;206m"[38;2;163;190;140my[38;2;150;181;180m\n[38;2;192;197;206m"[38;2;192;197;206m)[38;2;192;197;206m;[K
[0m[48;2;40;67;43m[39m+    50[0m:[39m[48;2;24;38;30m [38;2;192;197;206m            y [38;2;192;197;206m-[38;2;192;197;206m=[38;2;192;197;206m [38;2;208;135;112m1[38;2;192;197;206m;[K
[0m[48;2;40;67;43m[39m+    51[0m:[39m[48;2;24;38;30m [38;2;192;197;206m            [38;2;180;142;173mif[38;2;192;197;206m x [38;2;192;197;206m>[38;2;192;197;206m=[38;2;192;197;206m [38;2;208;135;112m3[38;2;192;197;206m [38;2;192;197;206m{[K
[0m[48;2;40;67;43m[39m+    52[0m:[39m[48;2;24;38;30m [38;2;192;197;206m                [38;2;180;142;173mbreak[38;2;192;197;206m;[38;2;192;197;206m [38;2;101;115;126m//[38;2;101;115;126m fall out of while body, re-check condition[K
[0m[48;2;40;67;43m[39m+    53[0m:[39m[48;2;24;38;30m [38;2;192;197;206m            [38;2;192;197;206m}[K
[0m[48;2;40;67;43m[39m+    54[0m:[39m[48;2;24;38;30m [38;2;192;197;206m            [38;2;101;115;126m//[38;2;101;115;126m x < 3: goto label1 again[K
[0m[48;2;40;67;43m[39m+    55[0m:[39m[48;2;24;38;30m [38;2;192;197;206m        [38;2;192;197;206m}[K
[0m[48;2;40;67;43m[39m+    56[0m:[39m[48;2;24;38;30m [38;2;192;197;206m    [38;2;192;197;206m}[K
[0m[48;2;40;67;43m[39m+    57[0m:[39m[48;2;24;38;30m [38;2;192;197;206m}[K
[0m[K
Creating: [38;5;141m/local/home/scheschb/Git/harvest-agentic-translate-results/B01_synthetic/021_complex_goto_lib/translated_rust/src/lib.rs[0m
[38;5;244m - Completed in 0.40s[0m
[38;5;12m[1m [1.2][0m[0m
[?25l[0m[?25l[0m[0m[38;5;11mTODO:
[39m[38;5;10m[x] [3m[38;5;244mCreate src/lib.rs with driver function preserving goto control flow[23m
[0m[ ] Build with cargo build --release and fix errors[38;5;244m - Completed in 0.4s[0m

[?25l[0m[38;5;141m> [0mNow let's build:[0m[0m
[?25l[0m[0mI will run the following command: [38;5;141mcd /local/home/scheschb/Git/harvest-agentic-translate-results/B01_synthetic/021_complex_goto_lib/translated_rust && cargo build --release 2>&1 | tee /tmp/build.log | tail -20[0m[38;5;244m (using tool: shell)[0m
Purpose: Build the Rust library with cargo build --release

   Compiling driver v0.1.0 (/local/home/scheschb/Git/harvest-agentic-translate-results/B01_synthetic/021_complex_goto_lib/translated_rust)
    Finished `release` profile [optimized] target(s) in 0.17s
[38;5;244m - Completed in 0.293s[0m
[38;5;12m[1m [1.3][0m[0m
[?25l[0m[38;5;141m> [0mBuild succeeded. Let me verify the shared library was produced:[0m[0m
[?25l[0m[0mI will run the following command: [38;5;141mls -la /local/home/scheschb/Git/harvest-agentic-translate-results/B01_synthetic/021_complex_goto_lib/translated_rust/target/release/libdriver.so[0m[38;5;244m (using tool: shell)[0m
Purpose: Verify the cdylib was produced

-rwxr-xr-x 2 scheschb amazon 442480 Mar 10 02:47 /local/home/scheschb/Git/harvest-agentic-translate-results/B01_synthetic/021_complex_goto_lib/translated_rust/target/release/libdriver.so
[38;5;244m - Completed in 0.15s[0m

[?25l[0m[?25l[0m[0m[38;5;11mTODO:
[39m[38;5;10m[x] [3m[38;5;244mCreate Cargo.toml with cdylib crate type[23m
[38;5;10m[x] [3m[38;5;244mCreate src/lib.rs with driver function preserving goto control flow[23m
[38;5;10m[x] [3m[38;5;244mBuild with cargo build --release and fix errors[23m[38;5;244m - Completed in 0.4s[0m

[?25l[0m[38;5;141m> [0mDone. The translation compiles and produces [38;5;10mlibdriver.so[0m. Here's a summary of how the goto control flow was handled:[0m[0m
[0m[0m
The C code has two [38;5;10mgoto[0m targets:[0m[0m
- [38;5;10mgoto label2[0m (when [38;5;10mx==1 && y==4[0m) — skips the [38;5;10mlabel1[0m block (the [38;5;10mx > 0[0m check/decrement)[0m[0m
- [38;5;10mgoto label1[0m (when [38;5;10mx < 3[0m after decrementing [38;5;10my[0m) — loops back to [38;5;10mlabel1[0m without re-checking the [38;5;10mwhile[0m condition or printing "loop"[0m[0m
[0m[0m
In Rust, since there's no [38;5;10mgoto[0m, I modeled this with an inner [38;5;10mloop[0m that represents the [38;5;10mlabel1[0m→[38;5;10mlabel2[0m→check cycle:[0m[0m
- The inner [38;5;10mloop[0m starts at [38;5;10mlabel1[0m, falls through to [38;5;10mlabel2[0m, and if [38;5;10mx < 3[0m it loops back (simulating [38;5;10mgoto label1[0m)[0m[0m
- If [38;5;10mx >= 3[0m or [38;5;10my == 0[0m, it [38;5;10mbreak[0ms out to let the outer [38;5;10mwhile[0m re-check its condition[0m[0m
- The [38;5;10mx==1 && y==4[0m special case enters [38;5;10mlabel2[0m directly, then falls into the same inner loop pattern if [38;5;10mx < 3[0m[0m[0m[38;5;12m[1m✓ Created checkpoint 1

[0m[0m
[38;5;8m
 ▸ Credits: 4.09 • Time: 59s

[0m[1G[0m[0m[?25h