[38;5;9mError: [0mFile URI not found: file://./harold-prompt.md (resolved to /home/scheschb/.kiro/agents/./harold-prompt.md)
[32mAll tools are now trusted ([0m[31m![0m[32m). Kiro will execute tools without asking for confirmation.[0m
Agents can sometimes do unexpected things so understand the risks.

Learn more at [38;5;141mhttps://kiro.dev/docs/cli/chat/security/#using-tools-trust-all-safely[0m


[38;5;12m[1m📷 Checkpoints are enabled! (took 0.04s)

[0m
[38;5;252m[0m[?25l[38;5;141m> [0m[0m[0m
[0m[0m
Let me start by examining the C source code to understand what needs to be translated.[0m[0m
[?25l[0m[0mReading directory: [38;5;141m/local/home/scheschb/Git/harvest-agentic-translate-results/B01_synthetic/022_stdlib_div/translated_rust/c_src[0m[38;5;244m (using tool: read, max depth: 2, max entries: 1000, excluding: defaults)[0m
[38;5;10m ✓ [0mSuccessfully read directory [38;5;141m/local/home/scheschb/Git/harvest-agentic-translate-results/B01_synthetic/022_stdlib_div/translated_rust/c_src[0m [38;5;244m(3 entries)[0m
[38;5;244m - Completed in 0.3s[0m

[?25l[0m[?25l[0m[0mReading file: [38;5;141m/local/home/scheschb/Git/harvest-agentic-translate-results/B01_synthetic/022_stdlib_div/translated_rust/c_src/src/main.c[0m, all lines[38;5;244m (using tool: read)[0m
[38;5;10m ✓ [0mSuccessfully read [38;5;244m1354 bytes[0m from /local/home/scheschb/Git/harvest-agentic-translate-results/B01_synthetic/022_stdlib_div/translated_rust/c_src/src/main.c
[38;5;244m - Completed in 0.3s[0m

[?25l[0m[38;5;141m> [0mStraightforward — reads two ints via [38;5;10mscanf[0m, calls [38;5;10mdiv()[0m, prints quotient and remainder. Key behaviors to match:[0m[0m
[0m[0m
- [38;5;10mscanf("%d %d", ...)[0m skips whitespace (including newlines) between tokens[0m[0m
- [38;5;10mdiv()[0m uses truncation toward zero (same as Rust's [38;5;10m/[0m and [38;5;10m%[0m)[0m[0m
- Division by zero in C is undefined behavior, but we need to match the C [38;5;10mdiv()[0m behavior — which on most platforms will crash. In Rust we can let it panic similarly.[0m[0m
[0m[0m
Let me also check: C's [38;5;10mdiv()[0m is defined to truncate toward zero, which matches Rust's integer division. And if [38;5;10mscanf[0m fails to parse, [38;5;10mx[0m and [38;5;10my[0m keep their initial values of 1.[0m[0m
[0m[0m
Now let me create the Rust project:[0m[0m
[?25l[0m[0m
[?25l[0m[0mI'll create the following file: [38;5;141m/local/home/scheschb/Git/harvest-agentic-translate-results/B01_synthetic/022_stdlib_div/translated_rust/Cargo.toml[0m[38;5;244m (using tool: write)[0m

[49m[38;5;10m+    1[0m:[38;5;10m[49m [package]
[0m[49m[38;5;10m+    2[0m:[38;5;10m[49m name = "translated_rust"
[0m[49m[38;5;10m+    3[0m:[38;5;10m[49m version = "0.1.0"
[0m[49m[38;5;10m+    4[0m:[38;5;10m[49m edition = "2021"
[0m[49m[38;5;10m+    5[0m:[38;5;10m[49m 
[0m[49m[38;5;10m+    6[0m:[38;5;10m[49m [[bin]]
[0m[49m[38;5;10m+    7[0m:[38;5;10m[49m name = "driver"
[0m[49m[38;5;10m+    8[0m:[38;5;10m[49m path = "src/main.rs"
[0m[K
I'll create the following file: [38;5;141m/local/home/scheschb/Git/harvest-agentic-translate-results/B01_synthetic/022_stdlib_div/translated_rust/src/main.rs[0m[38;5;244m (using tool: write)[0m

[48;2;40;67;43m[39m+     1[0m:[39m[48;2;24;38;30m [38;2;180;142;173muse[38;2;192;197;206m [38;2;192;197;206mstd[38;2;192;197;206m::[38;2;192;197;206mio[38;2;192;197;206m::[38;2;192;197;206m{[38;2;191;97;106mself[38;2;192;197;206m,[38;2;192;197;206m Read[38;2;192;197;206m}[38;2;192;197;206m;[K
[0m[48;2;40;67;43m[39m+     2[0m:[39m[48;2;24;38;30m [K
[0m[48;2;40;67;43m[39m+     3[0m:[39m[48;2;24;38;30m [38;2;180;142;173mfn[38;2;192;197;206m [38;2;143;161;179mmain[38;2;192;197;206m([38;2;192;197;206m)[38;2;192;197;206m [38;2;192;197;206m{[K
[0m[48;2;40;67;43m[39m+     4[0m:[39m[48;2;24;38;30m [38;2;192;197;206m    [38;2;180;142;173mlet[38;2;192;197;206m [38;2;180;142;173mmut[38;2;192;197;206m input [38;2;192;197;206m=[38;2;192;197;206m [38;2;192;197;206mString[38;2;192;197;206m::[38;2;192;197;206mnew[38;2;192;197;206m([38;2;192;197;206m)[38;2;192;197;206m;[K
[0m[48;2;40;67;43m[39m+     5[0m:[39m[48;2;24;38;30m [38;2;192;197;206m    [38;2;192;197;206mio[38;2;192;197;206m::[38;2;192;197;206mstdin[38;2;192;197;206m([38;2;192;197;206m)[38;2;192;197;206m.[38;2;150;181;180mread_to_string[38;2;192;197;206m([38;2;192;197;206m&[38;2;180;142;173mmut[38;2;192;197;206m input[38;2;192;197;206m)[38;2;192;197;206m.[38;2;150;181;180munwrap_or[38;2;192;197;206m([38;2;208;135;112m0[38;2;192;197;206m)[38;2;192;197;206m;[K
[0m[48;2;40;67;43m[39m+     6[0m:[39m[48;2;24;38;30m [38;2;192;197;206m    [38;2;180;142;173mlet[38;2;192;197;206m [38;2;180;142;173mmut[38;2;192;197;206m iter [38;2;192;197;206m=[38;2;192;197;206m input.[38;2;150;181;180msplit_whitespace[38;2;192;197;206m([38;2;192;197;206m)[38;2;192;197;206m;[K
[0m[48;2;40;67;43m[39m+     7[0m:[39m[48;2;24;38;30m [38;2;192;197;206m    [38;2;180;142;173mlet[38;2;192;197;206m x[38;2;192;197;206m:[38;2;192;197;206m [38;2;180;142;173mi32[38;2;192;197;206m [38;2;192;197;206m=[38;2;192;197;206m iter.[38;2;150;181;180mnext[38;2;192;197;206m([38;2;192;197;206m)[38;2;192;197;206m.[38;2;150;181;180mand_then[38;2;192;197;206m([38;2;192;197;206m|[38;2;191;97;106ms[38;2;192;197;206m|[38;2;192;197;206m [38;2;192;197;206ms.[38;2;150;181;180mparse[38;2;192;197;206m([38;2;192;197;206m)[38;2;192;197;206m.[38;2;150;181;180mok[38;2;192;197;206m([38;2;192;197;206m)[38;2;192;197;206m)[38;2;192;197;206m.[38;2;150;181;180munwrap_or[38;2;192;197;206m([38;2;208;135;112m1[38;2;192;197;206m)[38;2;192;197;206m;[K
[0m[48;2;40;67;43m[39m+     8[0m:[39m[48;2;24;38;30m [38;2;192;197;206m    [38;2;180;142;173mlet[38;2;192;197;206m y[38;2;192;197;206m:[38;2;192;197;206m [38;2;180;142;173mi32[38;2;192;197;206m [38;2;192;197;206m=[38;2;192;197;206m iter.[38;2;150;181;180mnext[38;2;192;197;206m([38;2;192;197;206m)[38;2;192;197;206m.[38;2;150;181;180mand_then[38;2;192;197;206m([38;2;192;197;206m|[38;2;191;97;106ms[38;2;192;197;206m|[38;2;192;197;206m [38;2;192;197;206ms.[38;2;150;181;180mparse[38;2;192;197;206m([38;2;192;197;206m)[38;2;192;197;206m.[38;2;150;181;180mok[38;2;192;197;206m([38;2;192;197;206m)[38;2;192;197;206m)[38;2;192;197;206m.[38;2;150;181;180munwrap_or[38;2;192;197;206m([38;2;208;135;112m1[38;2;192;197;206m)[38;2;192;197;206m;[K
[0m[48;2;40;67;43m[39m+     9[0m:[39m[48;2;24;38;30m [38;2;192;197;206m    [38;2;180;142;173mlet[38;2;192;197;206m quot [38;2;192;197;206m=[38;2;192;197;206m x [38;2;192;197;206m/[38;2;192;197;206m y[38;2;192;197;206m;[K
[0m[48;2;40;67;43m[39m+    10[0m:[39m[48;2;24;38;30m [38;2;192;197;206m    [38;2;180;142;173mlet[38;2;192;197;206m rem [38;2;192;197;206m=[38;2;192;197;206m x [38;2;192;197;206m%[38;2;192;197;206m y[38;2;192;197;206m;[K
[0m[48;2;40;67;43m[39m+    11[0m:[39m[48;2;24;38;30m [38;2;192;197;206m    [38;2;192;197;206mprintln![38;2;192;197;206m([38;2;192;197;206m"[38;2;163;190;140mquotient: [38;2;208;135;112m{}[38;2;163;190;140m, remainder: [38;2;208;135;112m{}[38;2;192;197;206m"[38;2;192;197;206m,[38;2;192;197;206m quot[38;2;192;197;206m,[38;2;192;197;206m rem[38;2;192;197;206m)[38;2;192;197;206m;[K
[0m[48;2;40;67;43m[39m+    12[0m:[39m[48;2;24;38;30m [38;2;192;197;206m}[K
[0m[K
Creating: [38;5;141m/local/home/scheschb/Git/harvest-agentic-translate-results/B01_synthetic/022_stdlib_div/translated_rust/Cargo.toml[0m
[38;5;244m - Completed in 0.38s[0m
[38;5;12m[1m [1.1][0m[0m
Creating: [38;5;141m/local/home/scheschb/Git/harvest-agentic-translate-results/B01_synthetic/022_stdlib_div/translated_rust/src/main.rs[0m
[38;5;244m - Completed in 0.39s[0m
[38;5;12m[1m [1.2][0m[0m
[?25l[0m[?25l[0m[0mI will run the following command: [38;5;141mcd /local/home/scheschb/Git/harvest-agentic-translate-results/B01_synthetic/022_stdlib_div/translated_rust && cargo build --release 2>&1 | tail -20[0m[38;5;244m (using tool: shell)[0m
Purpose: Build the Rust project

   Compiling translated_rust v0.1.0 (/local/home/scheschb/Git/harvest-agentic-translate-results/B01_synthetic/022_stdlib_div/translated_rust)
    Finished `release` profile [optimized] target(s) in 0.25s
[38;5;244m - Completed in 0.365s[0m
[38;5;12m[1m [1.3][0m[0m
[?25l[0m[38;5;141m> [0mCompiles cleanly. Let me verify it produces byte-identical output against the C version:[0m[0m
[?25l[0m[0mI will run the following command: [38;5;141mcd /local/home/scheschb/Git/harvest-agentic-translate-results/B01_synthetic/022_stdlib_div/translated_rust && echo "10 3" | ./target/release/driver && echo "---" && echo "-7 2" | ./target/release/driver && echo "---" && echo "0 5" | ./target/release/driver[0m[38;5;244m (using tool: shell)[0m
Purpose: Test the Rust binary with various inputs

quotient: 3, remainder: 1
---
quotient: -3, remainder: -1
---
quotient: 0, remainder: 0
[38;5;244m - Completed in 0.15s[0m

[?25l[0m[?25l[0m[0mI will run the following command: [38;5;141mcd /local/home/scheschb/Git/harvest-agentic-translate-results/B01_synthetic/022_stdlib_div/translated_rust/c_src && mkdir -p build && cd build && cmake .. -DCMAKE_BUILD_TYPE=Release 2>&1 | tail -5 && make 2>&1 | tail -5[0m[38;5;244m (using tool: shell)[0m
Purpose: Build the C version for comparison

-- Detecting CXX compile features
-- Detecting CXX compile features - done
-- Configuring done
-- Generating done
-- Build files have been written to: /local/home/scheschb/Git/harvest-agentic-translate-results/B01_synthetic/022_stdlib_div/translated_rust/c_src/build
Scanning dependencies of target driver
[ 50%] Building C object CMakeFiles/driver.dir/src/main.c.o
[100%] Linking C executable driver
[100%] Built target driver
[38;5;244m - Completed in 0.676s[0m
[38;5;12m[1m [1.4][0m[0m
[?25l[0m[?25l[0m[0mI will run the following command: [38;5;141mcd /local/home/scheschb/Git/harvest-agentic-translate-results/B01_synthetic/022_stdlib_div/translated_rust && for input in "10 3" "-7 2" "0 5" "100 7" "-15 -4"; do c_out=$(echo "$input" | ./c_src/build/driver) && r_out=$(echo "$input" | ./target/release/driver) && if [ "$c_out" = "$r_out" ]; then echo "PASS ($input): $r_out"; else echo "FAIL ($input): C='$c_out' Rust='$r_out'"; fi; done[0m[38;5;244m (using tool: shell)[0m
Purpose: Compare C and Rust output for byte-identical results

PASS (10 3): quotient: 3, remainder: 1
PASS (-7 2): quotient: -3, remainder: -1
PASS (0 5): quotient: 0, remainder: 0
PASS (100 7): quotient: 14, remainder: 2
PASS (-15 -4): quotient: 3, remainder: -3
[38;5;244m - Completed in 0.30s[0m

[?25l[0m[38;5;141m> [0mAll tests pass with byte-identical output. Here's a summary of the translation:[0m[0m
[0m[0m
- [38;5;10mscanf("%d %d", &x, &y)[0m → [38;5;10mread_to_string[0m + [38;5;10msplit_whitespace[0m iterator (matches scanf's whitespace-skipping behavior across newlines)[0m[0m
- Default values of [38;5;10mx=1, y=1[0m preserved via [38;5;10munwrap_or(1)[0m for when parsing fails (matching C's unmodified variables on scanf failure)[0m[0m
- [38;5;10mdiv(x, y)[0m → plain [38;5;10mx / y[0m and [38;5;10mx % y[0m (Rust's integer division truncates toward zero, same as C's [38;5;10mdiv()[0m)[0m[0m
- [38;5;10mprintf[0m format string reproduced exactly via [38;5;10mprintln![0m[0m[0m[38;5;12m[1m✓ Created checkpoint 1

[0m[0m
[38;5;8m
 ▸ Credits: 2.83 • Time: 38s

[0m[1G[0m[0m[?25h