[38;5;9mError: [0mFile URI not found: file://./harold-prompt.md (resolved to /home/scheschb/.kiro/agents/./harold-prompt.md)
[32mAll tools are now trusted ([0m[31m![0m[32m). Kiro will execute tools without asking for confirmation.[0m
Agents can sometimes do unexpected things so understand the risks.

Learn more at [38;5;141mhttps://kiro.dev/docs/cli/chat/security/#using-tools-trust-all-safely[0m


[38;5;12m[1m📷 Checkpoints are enabled! (took 0.04s)

[0m
[38;5;252m[0m[?25l[38;5;141m> [0m[0m[0m
[0m[0m
Let me start by examining the C source code to understand what needs to be translated.[0m[0m
[?25l[0m[0mReading directory: [38;5;141m/local/home/scheschb/Git/harvest-agentic-translate-results/B01_synthetic/036_cast_to_char_ptr_struct_lib/translated_rust/c_src[0m[38;5;244m (using tool: read, max depth: 2, max entries: 1000, excluding: defaults)[0m
[38;5;10m ✓ [0mSuccessfully read directory [38;5;141m/local/home/scheschb/Git/harvest-agentic-translate-results/B01_synthetic/036_cast_to_char_ptr_struct_lib/translated_rust/c_src[0m [38;5;244m(5 entries)[0m
[38;5;244m - Completed in 0.4s[0m

[?25l[0m[?25l[0m[0mBatch fs_read operation with [38;5;141m2[0m operations[38;5;244m (using tool: read)[0m

↱ Operation 1: Reading file: [38;5;141m/local/home/scheschb/Git/harvest-agentic-translate-results/B01_synthetic/036_cast_to_char_ptr_struct_lib/translated_rust/c_src/include/driver.h[0m, all lines
↱ Operation 2: Reading file: [38;5;141m/local/home/scheschb/Git/harvest-agentic-translate-results/B01_synthetic/036_cast_to_char_ptr_struct_lib/translated_rust/c_src/src/driver.c[0m, all lines
[38;5;10m ✓ [0mSuccessfully read [38;5;244m1212 bytes[0m from /local/home/scheschb/Git/harvest-agentic-translate-results/B01_synthetic/036_cast_to_char_ptr_struct_lib/translated_rust/c_src/include/driver.h

[38;5;10m ✓ [0mSuccessfully read [38;5;244m1590 bytes[0m from /local/home/scheschb/Git/harvest-agentic-translate-results/B01_synthetic/036_cast_to_char_ptr_struct_lib/translated_rust/c_src/src/driver.c

 ⋮ 

[38;5;244m- [0mSummary: 2 operations processed, 2 successful, 0 failed
[38;5;244m - Completed in 0.3s[0m

[?25l[0m[38;5;141m> [0mNow I understand the code. It defines a [38;5;10mhouse_t[0m struct, fills it, then prints its raw bytes as hex. This is platform-dependent (struct layout, endianness). Let me create the Rust translation.[0m[0m
[?25l[0m[0m[38;5;11mTODO:
[39m[0m[ ] Create Cargo.toml with package name 'driver' and cdylib crate-type
[0m[ ] Create src/lib.rs with byte-identical translation of driver.c
[0m[ ] Build with cargo build --release and fix errors[38;5;244m - Completed in 0.4s[0m

[?25l[0m[?25l[?25l[0m[0mI'll create the following file: [38;5;141m/local/home/scheschb/Git/harvest-agentic-translate-results/B01_synthetic/036_cast_to_char_ptr_struct_lib/translated_rust/Cargo.toml[0m[38;5;244m (using tool: write)[0m

[49m[38;5;10m+    1[0m:[38;5;10m[49m [package]
[0m[49m[38;5;10m+    2[0m:[38;5;10m[49m name = "driver"
[0m[49m[38;5;10m+    3[0m:[38;5;10m[49m version = "0.1.0"
[0m[49m[38;5;10m+    4[0m:[38;5;10m[49m edition = "2021"
[0m[49m[38;5;10m+    5[0m:[38;5;10m[49m 
[0m[49m[38;5;10m+    6[0m:[38;5;10m[49m [lib]
[0m[49m[38;5;10m+    7[0m:[38;5;10m[49m crate-type = ["cdylib"]
[0m[K
I'll create the following file: [38;5;141m/local/home/scheschb/Git/harvest-agentic-translate-results/B01_synthetic/036_cast_to_char_ptr_struct_lib/translated_rust/src/lib.rs[0m[38;5;244m (using tool: write)[0m

[48;2;40;67;43m[39m+     1[0m:[39m[48;2;24;38;30m [38;2;180;142;173muse[38;2;192;197;206m [38;2;192;197;206mstd[38;2;192;197;206m::[38;2;192;197;206mffi[38;2;192;197;206m::[38;2;180;142;173mc_int[38;2;192;197;206m;[K
[0m[48;2;40;67;43m[39m+     2[0m:[39m[48;2;24;38;30m [K
[0m[48;2;40;67;43m[39m+     3[0m:[39m[48;2;24;38;30m [38;2;192;197;206m#[38;2;192;197;206m[[38;2;191;97;106mrepr[38;2;192;197;206m([38;2;192;197;206mC[38;2;192;197;206m)[38;2;192;197;206m][K
[0m[48;2;40;67;43m[39m+     4[0m:[39m[48;2;24;38;30m [38;2;180;142;173mstruct[38;2;192;197;206m [38;2;192;197;206mHouse[38;2;192;197;206m [38;2;192;197;206m{[K
[0m[48;2;40;67;43m[39m+     5[0m:[39m[48;2;24;38;30m [38;2;192;197;206m    [38;2;191;97;106mfloors[38;2;192;197;206m:[38;2;192;197;206m c_int,[K
[0m[48;2;40;67;43m[39m+     6[0m:[39m[48;2;24;38;30m [38;2;192;197;206m    [38;2;191;97;106mbedrooms[38;2;192;197;206m:[38;2;192;197;206m c_int,[K
[0m[48;2;40;67;43m[39m+     7[0m:[39m[48;2;24;38;30m [38;2;192;197;206m    [38;2;191;97;106mbathrooms[38;2;192;197;206m:[38;2;192;197;206m [38;2;180;142;173mf64[38;2;192;197;206m,[K
[0m[48;2;40;67;43m[39m+     8[0m:[39m[48;2;24;38;30m [38;2;192;197;206m}[K
[0m[48;2;40;67;43m[39m+     9[0m:[39m[48;2;24;38;30m [K
[0m[48;2;40;67;43m[39m+    10[0m:[39m[48;2;24;38;30m [38;2;180;142;173mfn[38;2;192;197;206m [38;2;143;161;179mprint_hex[38;2;192;197;206m([38;2;191;97;106mp[38;2;192;197;206m:[38;2;192;197;206m *const [38;2;180;142;173mu8[38;2;192;197;206m, [38;2;191;97;106mlen[38;2;192;197;206m:[38;2;192;197;206m [38;2;180;142;173musize[38;2;192;197;206m)[38;2;192;197;206m [38;2;192;197;206m{[K
[0m[48;2;40;67;43m[39m+    11[0m:[39m[48;2;24;38;30m [38;2;192;197;206m    [38;2;180;142;173mfor[38;2;192;197;206m i [38;2;192;197;206min[38;2;192;197;206m [38;2;208;135;112m0[38;2;192;197;206m..[38;2;192;197;206mlen [38;2;192;197;206m{[K
[0m[48;2;40;67;43m[39m+    12[0m:[39m[48;2;24;38;30m [38;2;192;197;206m        [38;2;180;142;173mlet[38;2;192;197;206m byte [38;2;192;197;206m=[38;2;192;197;206m [38;2;180;142;173munsafe[38;2;192;197;206m [38;2;192;197;206m{[38;2;192;197;206m [38;2;192;197;206m*[38;2;192;197;206mp.[38;2;150;181;180madd[38;2;192;197;206m([38;2;192;197;206mi[38;2;192;197;206m)[38;2;192;197;206m [38;2;192;197;206m}[38;2;192;197;206m;[K
[0m[48;2;40;67;43m[39m+    13[0m:[39m[48;2;24;38;30m [38;2;192;197;206m        [38;2;192;197;206mprint![38;2;192;197;206m([38;2;192;197;206m"[38;2;208;135;112m{:02x}[38;2;192;197;206m"[38;2;192;197;206m,[38;2;192;197;206m byte[38;2;192;197;206m)[38;2;192;197;206m;[K
[0m[48;2;40;67;43m[39m+    14[0m:[39m[48;2;24;38;30m [38;2;192;197;206m    [38;2;192;197;206m}[K
[0m[48;2;40;67;43m[39m+    15[0m:[39m[48;2;24;38;30m [38;2;192;197;206m    [38;2;192;197;206mprintln![38;2;192;197;206m([38;2;192;197;206m)[38;2;192;197;206m;[K
[0m[48;2;40;67;43m[39m+    16[0m:[39m[48;2;24;38;30m [38;2;192;197;206m}[K
[0m[48;2;40;67;43m[39m+    17[0m:[39m[48;2;24;38;30m [K
[0m[48;2;40;67;43m[39m+    18[0m:[39m[48;2;24;38;30m [38;2;192;197;206m#[38;2;192;197;206m[[38;2;191;97;106munsafe[38;2;192;197;206m([38;2;192;197;206mno_mangle[38;2;192;197;206m)[38;2;192;197;206m][K
[0m[48;2;40;67;43m[39m+    19[0m:[39m[48;2;24;38;30m [38;2;180;142;173mpub[38;2;192;197;206m [38;2;180;142;173mextern[38;2;192;197;206m [38;2;192;197;206m"[38;2;163;190;140mC[38;2;192;197;206m"[38;2;192;197;206m [38;2;180;142;173mfn[38;2;192;197;206m [38;2;143;161;179mdriver[38;2;192;197;206m([38;2;191;97;106mfloors[38;2;192;197;206m:[38;2;192;197;206m c_int[38;2;192;197;206m)[38;2;192;197;206m [38;2;192;197;206m{[K
[0m[48;2;40;67;43m[39m+    20[0m:[39m[48;2;24;38;30m [38;2;192;197;206m    [38;2;180;142;173mlet[38;2;192;197;206m house [38;2;192;197;206m=[38;2;192;197;206m House [38;2;192;197;206m{[K
[0m[48;2;40;67;43m[39m+    21[0m:[39m[48;2;24;38;30m [38;2;192;197;206m        floors[38;2;192;197;206m,[K
[0m[48;2;40;67;43m[39m+    22[0m:[39m[48;2;24;38;30m [38;2;192;197;206m        bedrooms[38;2;192;197;206m:[38;2;192;197;206m [38;2;208;135;112m3[38;2;192;197;206m,[K
[0m[48;2;40;67;43m[39m+    23[0m:[39m[48;2;24;38;30m [38;2;192;197;206m        bathrooms[38;2;192;197;206m:[38;2;192;197;206m [38;2;208;135;112m2.[38;2;208;135;112m0[38;2;192;197;206m,[K
[0m[48;2;40;67;43m[39m+    24[0m:[39m[48;2;24;38;30m [38;2;192;197;206m    [38;2;192;197;206m}[38;2;192;197;206m;[K
[0m[48;2;40;67;43m[39m+    25[0m:[39m[48;2;24;38;30m [38;2;192;197;206m    [38;2;180;142;173mlet[38;2;192;197;206m ptr [38;2;192;197;206m=[38;2;192;197;206m [38;2;192;197;206m&[38;2;192;197;206mhouse [38;2;192;197;206mas[38;2;192;197;206m [38;2;192;197;206m*[38;2;180;142;173mconst[38;2;192;197;206m House [38;2;192;197;206mas[38;2;192;197;206m [38;2;192;197;206m*[38;2;180;142;173mconst[38;2;192;197;206m [38;2;180;142;173mu8[38;2;192;197;206m;[K
[0m[48;2;40;67;43m[39m+    26[0m:[39m[48;2;24;38;30m [38;2;192;197;206m    [38;2;150;181;180mprint_hex[38;2;192;197;206m([38;2;192;197;206mptr[38;2;192;197;206m,[38;2;192;197;206m [38;2;192;197;206mstd[38;2;192;197;206m::[38;2;192;197;206mmem[38;2;192;197;206m::[38;2;192;197;206msize_of[38;2;192;197;206m::[38;2;192;197;206m<[38;2;192;197;206mHouse[38;2;192;197;206m>[38;2;192;197;206m([38;2;192;197;206m)[38;2;192;197;206m)[38;2;192;197;206m;[K
[0m[48;2;40;67;43m[39m+    27[0m:[39m[48;2;24;38;30m [38;2;192;197;206m}[K
[0m[K
Creating: [38;5;141m/local/home/scheschb/Git/harvest-agentic-translate-results/B01_synthetic/036_cast_to_char_ptr_struct_lib/translated_rust/Cargo.toml[0m
[38;5;244m - Completed in 0.38s[0m
[38;5;12m[1m [1.1][0m[0m
Creating: [38;5;141m/local/home/scheschb/Git/harvest-agentic-translate-results/B01_synthetic/036_cast_to_char_ptr_struct_lib/translated_rust/src/lib.rs[0m
[38;5;244m - Completed in 0.40s[0m
[38;5;12m[1m [1.2][0m[0m
[?25l[0m[?25l[0m[0m[38;5;11mTODO:
[39m[38;5;10m[x] [3m[38;5;244mCreate Cargo.toml with package name 'driver' and cdylib crate-type[23m
[38;5;10m[x] [3m[38;5;244mCreate src/lib.rs with byte-identical translation of driver.c[23m
[0m[ ] Build with cargo build --release and fix errors[38;5;244m - Completed in 0.4s[0m

[?25l[0m[38;5;141m> [0mNow let's build:[0m[0m
[?25l[0m[0mI will run the following command: [38;5;141mcd /local/home/scheschb/Git/harvest-agentic-translate-results/B01_synthetic/036_cast_to_char_ptr_struct_lib/translated_rust && cargo build --release 2>&1 | tee /tmp/build.log | tail -20[0m[38;5;244m (using tool: shell)[0m
Purpose: Build the Rust cdylib with cargo

   Compiling driver v0.1.0 (/local/home/scheschb/Git/harvest-agentic-translate-results/B01_synthetic/036_cast_to_char_ptr_struct_lib/translated_rust)
    Finished `release` profile [optimized] target(s) in 0.17s
[38;5;244m - Completed in 0.296s[0m
[38;5;12m[1m [1.3][0m[0m
[?25l[0m[38;5;141m> [0mBuild succeeded on the first try.[0m[0m
[?25l[0m[0m[38;5;11mTODO:
[39m[38;5;10m[x] [3m[38;5;244mCreate Cargo.toml with package name 'driver' and cdylib crate-type[23m
[38;5;10m[x] [3m[38;5;244mCreate src/lib.rs with byte-identical translation of driver.c[23m
[38;5;10m[x] [3m[38;5;244mBuild with cargo build --release and fix errors[23m[38;5;244m - Completed in 0.7s[0m

[?25l[0m[38;5;141m> [0mDone. Here's a summary of the translation:[0m[0m
[0m[0m
The C code defines a [38;5;10mhouse_t[0m struct with [38;5;10m{int floors, int bedrooms, double bathrooms}[0m, zero-initializes it, sets the fields, then casts the struct pointer to [38;5;10munsigned char *[0m and prints each byte as two-digit hex.[0m[0m
[0m[0m
Key decisions in the Rust translation:[0m[0m
- [38;5;10m#[repr(C)][0m on [38;5;10mHouse[0m ensures identical memory layout to the C struct (same field order, alignment, and padding)[0m[0m
- [38;5;10mprint_hex[0m takes a raw [38;5;10m*const u8[0m pointer and iterates with [38;5;10munsafe { *p.add(i) }[0m, matching the C pointer arithmetic exactly[0m[0m
- [38;5;10mdriver()[0m is [38;5;10mextern "C"[0m with [38;5;10m#[unsafe(no_mangle)][0m and takes [38;5;10mc_int[0m, matching the C signature[0m[0m
- The struct is initialized with all fields set explicitly (no zero-init needed since all fields are assigned), matching the C behavior where [38;5;10m{0}[0m zero-inits but then all fields are overwritten[0m[0m[38;5;12m[1m✓ Created checkpoint 1

[0m[0m
[38;5;8m
 ▸ Credits: 2.91 • Time: 41s

[0m[1G[0m[0m[?25h