[38;5;9mError: [0mFile URI not found: file://./harold-prompt.md (resolved to /home/scheschb/.kiro/agents/./harold-prompt.md)
[32mAll tools are now trusted ([0m[31m![0m[32m). Kiro will execute tools without asking for confirmation.[0m
Agents can sometimes do unexpected things so understand the risks.

Learn more at [38;5;141mhttps://kiro.dev/docs/cli/chat/security/#using-tools-trust-all-safely[0m


[38;5;12m[1m📷 Checkpoints are enabled! (took 0.04s)

[0m
[38;5;252m[0m[?25l[38;5;141m> [0m[0m[0m
[0m[0m
Let me start by examining the C source code to understand what needs to be translated.[0m[0m
[?25l[0m[0mBatch fs_read operation with [38;5;141m2[0m operations[38;5;244m (using tool: read)[0m

↱ Operation 1: Reading directory: [38;5;141m/local/home/scheschb/Git/harvest-agentic-translate-results/B01_synthetic/038_cast_to_char_ptr_float_no_strict_aliasing/translated_rust[0m
↱ Operation 2: Reading directory: [38;5;141m/local/home/scheschb/Git/harvest-agentic-translate-results/B01_synthetic/038_cast_to_char_ptr_float_no_strict_aliasing/translated_rust/c_src[0m
[38;5;10m ✓ [0mSuccessfully read directory [38;5;141m/local/home/scheschb/Git/harvest-agentic-translate-results/B01_synthetic/038_cast_to_char_ptr_float_no_strict_aliasing/translated_rust[0m [38;5;244m(4 entries)[0m

[38;5;10m ✓ [0mSuccessfully read directory [38;5;141m/local/home/scheschb/Git/harvest-agentic-translate-results/B01_synthetic/038_cast_to_char_ptr_float_no_strict_aliasing/translated_rust/c_src[0m [38;5;244m(3 entries)[0m

 ⋮ 

[38;5;244m- [0mSummary: 2 operations processed, 2 successful, 0 failed
[38;5;244m - Completed in 0.4s[0m

[?25l[0m[?25l[0m[0mReading file: [38;5;141m/local/home/scheschb/Git/harvest-agentic-translate-results/B01_synthetic/038_cast_to_char_ptr_float_no_strict_aliasing/translated_rust/c_src/src/main.c[0m, all lines[38;5;244m (using tool: read)[0m
[38;5;10m ✓ [0mSuccessfully read [38;5;244m1536 bytes[0m from /local/home/scheschb/Git/harvest-agentic-translate-results/B01_synthetic/038_cast_to_char_ptr_float_no_strict_aliasing/translated_rust/c_src/src/main.c
[38;5;244m - Completed in 0.3s[0m

[?25l[0m[38;5;141m> [0mNow I understand the C code. It reads a float from stdin via [38;5;10mscanf[0m, copies its bytes into a char array, then prints each byte as two hex digits followed by a newline. Let me also check the CMakeLists.txt to see if there are any special compiler flags.[0m[0m
[?25l[0m[0mReading file: [38;5;141m/local/home/scheschb/Git/harvest-agentic-translate-results/B01_synthetic/038_cast_to_char_ptr_float_no_strict_aliasing/translated_rust/c_src/CMakeLists.txt[0m, all lines[38;5;244m (using tool: read)[0m
[38;5;10m ✓ [0mSuccessfully read [38;5;244m1260 bytes[0m from /local/home/scheschb/Git/harvest-agentic-translate-results/B01_synthetic/038_cast_to_char_ptr_float_no_strict_aliasing/translated_rust/c_src/CMakeLists.txt
[38;5;244m - Completed in 0.3s[0m

[?25l[0m[38;5;141m> [0mGood — the [38;5;10m-fno-strict-aliasing[0m flag is relevant to the C code's type-punning via [38;5;10mmemcpy[0m, but in Rust we'll use [38;5;10mto_ne_bytes()[0m which is the safe equivalent. Now let me create the Rust project.[0m[0m
[?25l[0m[0m[38;5;11mTODO:
[39m[0m[ ] Create Cargo.toml with [[bin]] name = "driver"
[0m[ ] Create src/main.rs with equivalent logic
[0m[ ] Build with cargo build --release and fix errors[38;5;244m - Completed in 0.4s[0m

[?25l[0m[?25l[?25l[0m[0mI'll create the following file: [38;5;141m/local/home/scheschb/Git/harvest-agentic-translate-results/B01_synthetic/038_cast_to_char_ptr_float_no_strict_aliasing/translated_rust/Cargo.toml[0m[38;5;244m (using tool: write)[0m

[49m[38;5;10m+    1[0m:[38;5;10m[49m [package]
[0m[49m[38;5;10m+    2[0m:[38;5;10m[49m name = "cast_to_char_ptr_float_no_strict_aliasing"
[0m[49m[38;5;10m+    3[0m:[38;5;10m[49m version = "0.1.0"
[0m[49m[38;5;10m+    4[0m:[38;5;10m[49m edition = "2021"
[0m[49m[38;5;10m+    5[0m:[38;5;10m[49m 
[0m[49m[38;5;10m+    6[0m:[38;5;10m[49m [[bin]]
[0m[49m[38;5;10m+    7[0m:[38;5;10m[49m name = "driver"
[0m[49m[38;5;10m+    8[0m:[38;5;10m[49m path = "src/main.rs"
[0m[K
I'll create the following file: [38;5;141m/local/home/scheschb/Git/harvest-agentic-translate-results/B01_synthetic/038_cast_to_char_ptr_float_no_strict_aliasing/translated_rust/src/main.rs[0m[38;5;244m (using tool: write)[0m

[48;2;40;67;43m[39m+     1[0m:[39m[48;2;24;38;30m [38;2;180;142;173muse[38;2;192;197;206m [38;2;192;197;206mstd[38;2;192;197;206m::[38;2;192;197;206mio[38;2;192;197;206m::[38;2;192;197;206m{[38;2;191;97;106mself[38;2;192;197;206m,[38;2;192;197;206m Read[38;2;192;197;206m}[38;2;192;197;206m;[K
[0m[48;2;40;67;43m[39m+     2[0m:[39m[48;2;24;38;30m [K
[0m[48;2;40;67;43m[39m+     3[0m:[39m[48;2;24;38;30m [38;2;180;142;173mfn[38;2;192;197;206m [38;2;143;161;179mprint_hex[38;2;192;197;206m([38;2;191;97;106mbytes[38;2;192;197;206m:[38;2;192;197;206m [38;2;192;197;206m&[38;2;192;197;206m[[38;2;180;142;173mu8[38;2;192;197;206m][38;2;192;197;206m)[38;2;192;197;206m [38;2;192;197;206m{[K
[0m[48;2;40;67;43m[39m+     4[0m:[39m[48;2;24;38;30m [38;2;192;197;206m    [38;2;180;142;173mfor[38;2;192;197;206m b [38;2;192;197;206min[38;2;192;197;206m bytes [38;2;192;197;206m{[K
[0m[48;2;40;67;43m[39m+     5[0m:[39m[48;2;24;38;30m [38;2;192;197;206m        [38;2;192;197;206mprint![38;2;192;197;206m([38;2;192;197;206m"[38;2;208;135;112m{:02x}[38;2;192;197;206m"[38;2;192;197;206m,[38;2;192;197;206m b[38;2;192;197;206m)[38;2;192;197;206m;[K
[0m[48;2;40;67;43m[39m+     6[0m:[39m[48;2;24;38;30m [38;2;192;197;206m    [38;2;192;197;206m}[K
[0m[48;2;40;67;43m[39m+     7[0m:[39m[48;2;24;38;30m [38;2;192;197;206m    [38;2;192;197;206mprintln![38;2;192;197;206m([38;2;192;197;206m)[38;2;192;197;206m;[K
[0m[48;2;40;67;43m[39m+     8[0m:[39m[48;2;24;38;30m [38;2;192;197;206m}[K
[0m[48;2;40;67;43m[39m+     9[0m:[39m[48;2;24;38;30m [K
[0m[48;2;40;67;43m[39m+    10[0m:[39m[48;2;24;38;30m [38;2;180;142;173mfn[38;2;192;197;206m [38;2;143;161;179mdriver[38;2;192;197;206m([38;2;191;97;106mx[38;2;192;197;206m:[38;2;192;197;206m [38;2;180;142;173mf32[38;2;192;197;206m)[38;2;192;197;206m [38;2;192;197;206m{[K
[0m[48;2;40;67;43m[39m+    11[0m:[39m[48;2;24;38;30m [38;2;192;197;206m    [38;2;150;181;180mprint_hex[38;2;192;197;206m([38;2;192;197;206m&[38;2;192;197;206mx.[38;2;150;181;180mto_ne_bytes[38;2;192;197;206m([38;2;192;197;206m)[38;2;192;197;206m)[38;2;192;197;206m;[K
[0m[48;2;40;67;43m[39m+    12[0m:[39m[48;2;24;38;30m [38;2;192;197;206m}[K
[0m[48;2;40;67;43m[39m+    13[0m:[39m[48;2;24;38;30m [K
[0m[48;2;40;67;43m[39m+    14[0m:[39m[48;2;24;38;30m [38;2;180;142;173mfn[38;2;192;197;206m [38;2;143;161;179mmain[38;2;192;197;206m([38;2;192;197;206m)[38;2;192;197;206m [38;2;192;197;206m{[K
[0m[48;2;40;67;43m[39m+    15[0m:[39m[48;2;24;38;30m [38;2;192;197;206m    [38;2;180;142;173mlet[38;2;192;197;206m [38;2;180;142;173mmut[38;2;192;197;206m input [38;2;192;197;206m=[38;2;192;197;206m [38;2;192;197;206mString[38;2;192;197;206m::[38;2;192;197;206mnew[38;2;192;197;206m([38;2;192;197;206m)[38;2;192;197;206m;[K
[0m[48;2;40;67;43m[39m+    16[0m:[39m[48;2;24;38;30m [38;2;192;197;206m    [38;2;192;197;206mio[38;2;192;197;206m::[38;2;192;197;206mstdin[38;2;192;197;206m([38;2;192;197;206m)[38;2;192;197;206m.[38;2;150;181;180mread_to_string[38;2;192;197;206m([38;2;192;197;206m&[38;2;180;142;173mmut[38;2;192;197;206m input[38;2;192;197;206m)[38;2;192;197;206m.[38;2;150;181;180munwrap[38;2;192;197;206m([38;2;192;197;206m)[38;2;192;197;206m;[K
[0m[48;2;40;67;43m[39m+    17[0m:[39m[48;2;24;38;30m [38;2;192;197;206m    [38;2;180;142;173mlet[38;2;192;197;206m x[38;2;192;197;206m:[38;2;192;197;206m [38;2;180;142;173mf32[38;2;192;197;206m [38;2;192;197;206m=[38;2;192;197;206m input.[38;2;150;181;180mtrim[38;2;192;197;206m([38;2;192;197;206m)[38;2;192;197;206m.[38;2;150;181;180mparse[38;2;192;197;206m([38;2;192;197;206m)[38;2;192;197;206m.[38;2;150;181;180munwrap_or[38;2;192;197;206m([38;2;208;135;112m0.[38;2;208;135;112m0[38;2;192;197;206m)[38;2;192;197;206m;[K
[0m[48;2;40;67;43m[39m+    18[0m:[39m[48;2;24;38;30m [38;2;192;197;206m    [38;2;150;181;180mdriver[38;2;192;197;206m([38;2;192;197;206mx[38;2;192;197;206m)[38;2;192;197;206m;[K
[0m[48;2;40;67;43m[39m+    19[0m:[39m[48;2;24;38;30m [38;2;192;197;206m}[K
[0m[K
Creating: [38;5;141m/local/home/scheschb/Git/harvest-agentic-translate-results/B01_synthetic/038_cast_to_char_ptr_float_no_strict_aliasing/translated_rust/Cargo.toml[0m
[38;5;244m - Completed in 0.38s[0m
[38;5;12m[1m [1.1][0m[0m
Creating: [38;5;141m/local/home/scheschb/Git/harvest-agentic-translate-results/B01_synthetic/038_cast_to_char_ptr_float_no_strict_aliasing/translated_rust/src/main.rs[0m
[38;5;244m - Completed in 0.40s[0m
[38;5;12m[1m [1.2][0m[0m
[?25l[0m[?25l[0m[0m[38;5;11mTODO:
[39m[38;5;10m[x] [3m[38;5;244mCreate Cargo.toml with [[bin]] name = "driver"[23m
[38;5;10m[x] [3m[38;5;244mCreate src/main.rs with equivalent logic[23m
[0m[ ] Build with cargo build --release and fix errors[38;5;244m - Completed in 0.4s[0m

[?25l[0m[38;5;141m> [0mNow let's build it:[0m[0m
[?25l[0m[0mI will run the following command: [38;5;141mcd /local/home/scheschb/Git/harvest-agentic-translate-results/B01_synthetic/038_cast_to_char_ptr_float_no_strict_aliasing/translated_rust && cargo build --release 2>&1 | tee /tmp/build.log | tail -20[0m[38;5;244m (using tool: shell)[0m
Purpose: Build the Rust project in release mode

   Compiling cast_to_char_ptr_float_no_strict_aliasing v0.1.0 (/local/home/scheschb/Git/harvest-agentic-translate-results/B01_synthetic/038_cast_to_char_ptr_float_no_strict_aliasing/translated_rust)
    Finished `release` profile [optimized] target(s) in 0.23s
[38;5;244m - Completed in 0.356s[0m
[38;5;12m[1m [1.3][0m[0m
[?25l[0m[38;5;141m> [0mBuild succeeded. Let me do a quick sanity check to verify byte-identical output:[0m[0m
[?25l[0m[0mI will run the following command: [38;5;141mcd /local/home/scheschb/Git/harvest-agentic-translate-results/B01_synthetic/038_cast_to_char_ptr_float_no_strict_aliasing/translated_rust && echo "3.14" | ./target/release/driver[0m[38;5;244m (using tool: shell)[0m
Purpose: Test the Rust binary with a sample input

c3f54840
[38;5;244m - Completed in 0.16s[0m

[?25l[0m[?25l[0m[0mI will run the following command: [38;5;141mcd /local/home/scheschb/Git/harvest-agentic-translate-results/B01_synthetic/038_cast_to_char_ptr_float_no_strict_aliasing/translated_rust/c_src && mkdir -p build && cd build && cmake .. -DCMAKE_BUILD_TYPE=Release 2>&1 | tail -3 && make 2>&1 | tail -3 && echo "3.14" | ./driver[0m[38;5;244m (using tool: shell)[0m
Purpose: Build and test the C version for comparison

-- Configuring done
-- Generating done
-- Build files have been written to: /local/home/scheschb/Git/harvest-agentic-translate-results/B01_synthetic/038_cast_to_char_ptr_float_no_strict_aliasing/translated_rust/c_src/build
[ 50%] Building C object CMakeFiles/driver.dir/src/main.c.o
[100%] Linking C executable driver
[100%] Built target driver
c3f54840
[38;5;244m - Completed in 0.674s[0m
[38;5;12m[1m [1.4][0m[0m
[?25l[0m[38;5;141m> [0mByte-identical output. Let me also test edge cases:[0m[0m
[?25l[0m[0mI will run the following command: [38;5;141mcd /local/home/scheschb/Git/harvest-agentic-translate-results/B01_synthetic/038_cast_to_char_ptr_float_no_strict_aliasing/translated_rust && for val in "0" "1.0" "-1.0" "0.0"; do echo -n "$val -> C:"; echo "$val" | ./c_src/build/driver; echo -n "$val -> Rust:"; echo "$val" | ./target/release/driver; done[0m[38;5;244m (using tool: shell)[0m
Purpose: Compare C and Rust output for several test values

0 -> C:00000000
0 -> Rust:00000000
1.0 -> C:0000803f
1.0 -> Rust:0000803f
-1.0 -> C:000080bf
-1.0 -> Rust:000080bf
0.0 -> C:00000000
0.0 -> Rust:00000000
[38;5;244m - Completed in 0.23s[0m

[?25l[0m[38;5;141m> [0mAll outputs match exactly.[0m[0m
[?25l[0m[0m[38;5;11mTODO:
[39m[38;5;10m[x] [3m[38;5;244mCreate Cargo.toml with [[bin]] name = "driver"[23m
[38;5;10m[x] [3m[38;5;244mCreate src/main.rs with equivalent logic[23m
[38;5;10m[x] [3m[38;5;244mBuild with cargo build --release and fix errors[23m[38;5;244m - Completed in 0.4s[0m

[?25l[0m[38;5;141m> [0mDone. The translation is complete and verified:[0m[0m
[0m[0m
- [38;5;10mCargo.toml[0m — binary named [38;5;10m"driver"[0m, edition 2021[0m[0m
- [38;5;10msrc/main.rs[0m — fully safe Rust, 17 lines[0m[0m
[0m[0m
Key translation choices:[0m[0m
- C's [38;5;10mmemcpy(&raw, &x, sizeof(x))[0m → Rust's [38;5;10mx.to_ne_bytes()[0m (same native-endian byte representation, no unsafe needed)[0m[0m
- C's [38;5;10mscanf("%f", &x)[0m → [38;5;10mread_to_string[0m + [38;5;10mtrim().parse()[0m with [38;5;10munwrap_or(0.0)[0m to match scanf's behavior of initializing [38;5;10mx = 0.f[0m and leaving it unchanged on parse failure[0m[0m
- C's [38;5;10mprintf("%02x", p[i])[0m → [38;5;10mprint!("{:02x}", b)[0m (identical formatting)[0m[0m[38;5;12m[1m✓ Created checkpoint 1

[0m[0m
[38;5;8m
 ▸ Credits: 4.38 • Time: 58s

[0m[1G[0m[0m[?25h