[38;5;9mError: [0mFile URI not found: file://./harold-prompt.md (resolved to /home/scheschb/.kiro/agents/./harold-prompt.md)
[32mAll tools are now trusted ([0m[31m![0m[32m). Kiro will execute tools without asking for confirmation.[0m
Agents can sometimes do unexpected things so understand the risks.

Learn more at [38;5;141mhttps://kiro.dev/docs/cli/chat/security/#using-tools-trust-all-safely[0m


[38;5;12m[1m📷 Checkpoints are enabled! (took 0.04s)

[0m
[38;5;252m[0m[?25l[38;5;141m> [0m[0m[0m
[0m[0m
Let me start by examining the C source code to understand what needs to be translated.[0m[0m
[?25l[0m[0mReading directory: [38;5;141m/local/home/scheschb/Git/harvest-agentic-translate-results/B01_synthetic/042_float_union/translated_rust/c_src[0m[38;5;244m (using tool: read, max depth: 1, max entries: 1000, excluding: defaults)[0m
[38;5;10m ✓ [0mSuccessfully read directory [38;5;141m/local/home/scheschb/Git/harvest-agentic-translate-results/B01_synthetic/042_float_union/translated_rust/c_src[0m [38;5;244m(3 entries)[0m
[38;5;244m - Completed in 0.3s[0m

[?25l[0m[?25l[0m[0mReading file: [38;5;141m/local/home/scheschb/Git/harvest-agentic-translate-results/B01_synthetic/042_float_union/translated_rust/c_src/src/main.c[0m, all lines[38;5;244m (using tool: read)[0m
[38;5;10m ✓ [0mSuccessfully read [38;5;244m1424 bytes[0m from /local/home/scheschb/Git/harvest-agentic-translate-results/B01_synthetic/042_float_union/translated_rust/c_src/src/main.c
[38;5;244m - Completed in 0.3s[0m

[?25l[0m[38;5;141m> [0mNow I understand the code. It reads a double from stdin via [38;5;10mscanf[0m, then uses a union to reinterpret the double's bits as a [38;5;10muint64_t[0m, and prints the hex representation, the [38;5;10m%a[0m (hex float) format, and a 4-decimal-place float.[0m[0m
[0m[0m
Key details:[0m[0m
- [38;5;10m%llx[0m prints the raw bits of the double as hex (lowercase, no leading zeros padding)[0m[0m
- [38;5;10m%a[0m prints the hex float representation[0m[0m
- [38;5;10m%.4f[0m prints with 4 decimal places[0m[0m
[0m[0m
Let me create the Rust translation.[0m[0m
[?25l[0m[0m[38;5;11mTODO:
[39m[0m[ ] Create Cargo.toml with bin name 'driver'
[0m[ ] Create src/main.rs with exact output matching
[0m[ ] Build and fix any errors[38;5;244m - Completed in 0.4s[0m

[?25l[0m[?25l[0m[0mI'll create the following file: [38;5;141m/local/home/scheschb/Git/harvest-agentic-translate-results/B01_synthetic/042_float_union/translated_rust/Cargo.toml[0m[38;5;244m (using tool: write)[0m

[49m[38;5;10m+    1[0m:[38;5;10m[49m [package]
[0m[49m[38;5;10m+    2[0m:[38;5;10m[49m name = "float_union"
[0m[49m[38;5;10m+    3[0m:[38;5;10m[49m version = "0.1.0"
[0m[49m[38;5;10m+    4[0m:[38;5;10m[49m edition = "2021"
[0m[49m[38;5;10m+    5[0m:[38;5;10m[49m 
[0m[49m[38;5;10m+    6[0m:[38;5;10m[49m [[bin]]
[0m[49m[38;5;10m+    7[0m:[38;5;10m[49m name = "driver"
[0m[49m[38;5;10m+    8[0m:[38;5;10m[49m path = "src/main.rs"
[0m[K
Creating: [38;5;141m/local/home/scheschb/Git/harvest-agentic-translate-results/B01_synthetic/042_float_union/translated_rust/Cargo.toml[0m
[38;5;244m - Completed in 0.38s[0m
[38;5;12m[1m [1.1][0m[0m
[?25l[0m[?25l[0m[0m[38;5;11mTODO:
[39m[38;5;10m[x] [3m[38;5;244mCreate Cargo.toml with bin name 'driver'[23m
[0m[ ] Create src/main.rs with exact output matching[38;5;244m - Completed in 0.4s[0m

[?25l[0m[38;5;141m> [0mNow for the tricky part — matching C's [38;5;10m%a[0m format exactly. Let me check what glibc's [38;5;10m%a[0m produces for a sample value to understand the format.[0m[0m
[?25l[0m[0mI will run the following command: [38;5;141mcd /local/home/scheschb/Git/harvest-agentic-translate-results/B01_synthetic/042_float_union/translated_rust/c_src && mkdir -p build && cd build && cmake .. -DCMAKE_BUILD_TYPE=Release 2>&1 | tail -5 && make 2>&1 | tail -5[0m[38;5;244m (using tool: shell)[0m
Purpose: Build the C program to test its output format

-- Detecting CXX compile features
-- Detecting CXX compile features - done
-- Configuring done
-- Generating done
-- Build files have been written to: /local/home/scheschb/Git/harvest-agentic-translate-results/B01_synthetic/042_float_union/translated_rust/c_src/build
Scanning dependencies of target driver
[ 50%] Building C object CMakeFiles/driver.dir/src/main.c.o
[100%] Linking C executable driver
[100%] Built target driver
[38;5;244m - Completed in 0.683s[0m
[38;5;12m[1m [1.2][0m[0m
[?25l[0m[?25l[0m[0mI will run the following command: [38;5;141mcd /local/home/scheschb/Git/harvest-agentic-translate-results/B01_synthetic/042_float_union/translated_rust/c_src/build && echo "3.14" | ./driver && echo "0.0" | ./driver && echo "-1.5" | ./driver && echo "1e300" | ./driver && echo "-0.0" | ./driver && echo "inf" | ./driver && echo "-inf" | ./driver && echo "nan" | ./driver[0m[38;5;244m (using tool: shell)[0m
Purpose: Test C program output with various inputs to understand exact format

40091eb851eb851f 0x1.91eb851eb851fp+1 3.1400
0 0x0p+0 0.0000
bff8000000000000 -0x1.8p+0 -1.5000
7e37e43c8800759c 0x1.7e43c8800759cp+996 1000000000000000052504760255204420248704468581108159154915854115511802457988908195786371375080447864043704443832883878176942523235360430575644792184786706982848387200926575803737830233794788090059368953234970799945081119038967640880074652742780142494579258788820056842838115669472196386865459400540160.0000
8000000000000000 -0x0p+0 -0.0000
7ff0000000000000 inf inf
fff0000000000000 -inf -inf
7ff8000000000000 nan nan
[38;5;244m - Completed in 0.21s[0m

[?25l[0m[38;5;141m> [0mNow I can see the exact format. Key observations:[0m[0m
- [38;5;10m%llx[0m: no leading zeros, lowercase hex of the raw bits (but [38;5;10m0.0[0m prints as just [38;5;10m0[0m)[0m[0m
- [38;5;10m%a[0m: glibc format like [38;5;10m0x1.91eb851eb851fp+1[0m (lowercase, leading [38;5;10m0x1.[0m for normalized)[0m[0m
- [38;5;10m%.4f[0m: standard 4 decimal places[0m[0m
[0m[0m
The [38;5;10m%a[0m format in C (glibc) always uses a leading digit of [38;5;10m1[0m for normalized numbers. Rust doesn't have a built-in [38;5;10m%a[0m equivalent, so I need to implement it. Let me use libc's [38;5;10mprintf[0m directly to guarantee byte-identical output.[0m[0m
[?25l[0m[0mI'll create the following file: [38;5;141m/local/home/scheschb/Git/harvest-agentic-translate-results/B01_synthetic/042_float_union/translated_rust/src/main.rs[0m[38;5;244m (using tool: write)[0m

[48;2;40;67;43m[39m+     1[0m:[39m[48;2;24;38;30m [38;2;180;142;173muse[38;2;192;197;206m [38;2;192;197;206mstd[38;2;192;197;206m::[38;2;192;197;206mio[38;2;192;197;206m::[38;2;192;197;206m{[38;2;191;97;106mself[38;2;192;197;206m,[38;2;192;197;206m Read[38;2;192;197;206m}[38;2;192;197;206m;[K
[0m[48;2;40;67;43m[39m+     2[0m:[39m[48;2;24;38;30m [K
[0m[48;2;40;67;43m[39m+     3[0m:[39m[48;2;24;38;30m [38;2;180;142;173mfn[38;2;192;197;206m [38;2;143;161;179mdriver[38;2;192;197;206m([38;2;191;97;106mf[38;2;192;197;206m:[38;2;192;197;206m [38;2;180;142;173mf64[38;2;192;197;206m)[38;2;192;197;206m [38;2;192;197;206m{[K
[0m[48;2;40;67;43m[39m+     4[0m:[39m[48;2;24;38;30m [38;2;192;197;206m    [38;2;180;142;173mlet[38;2;192;197;206m bits [38;2;192;197;206m=[38;2;192;197;206m f.[38;2;150;181;180mto_bits[38;2;192;197;206m([38;2;192;197;206m)[38;2;192;197;206m;[K
[0m[48;2;40;67;43m[39m+     5[0m:[39m[48;2;24;38;30m [38;2;192;197;206m    [38;2;101;115;126m//[38;2;101;115;126m Match C's printf("%llx %a %.4f\n", u.x, f, f)[K
[0m[48;2;40;67;43m[39m+     6[0m:[39m[48;2;24;38;30m [38;2;192;197;206m    [38;2;101;115;126m//[38;2;101;115;126m Use libc printf for exact format compatibility[K
[0m[48;2;40;67;43m[39m+     7[0m:[39m[48;2;24;38;30m [38;2;192;197;206m    [38;2;180;142;173munsafe[38;2;192;197;206m [38;2;192;197;206m{[K
[0m[48;2;40;67;43m[39m+     8[0m:[39m[48;2;24;38;30m [38;2;192;197;206m        [38;2;192;197;206mlibc[38;2;192;197;206m::[38;2;192;197;206mprintf[38;2;192;197;206m([K
[0m[48;2;40;67;43m[39m+     9[0m:[39m[48;2;24;38;30m [38;2;192;197;206m            [38;2;180;142;173mb[38;2;192;197;206m"[38;2;163;190;140m%llx %a %.4f[38;2;150;181;180m\n[38;2;150;181;180m\0[38;2;192;197;206m"[38;2;192;197;206m.[38;2;150;181;180mas_ptr[38;2;192;197;206m([38;2;192;197;206m)[38;2;192;197;206m [38;2;192;197;206mas[38;2;192;197;206m [38;2;192;197;206m*[38;2;180;142;173mconst[38;2;192;197;206m [38;2;192;197;206mlibc[38;2;192;197;206m::[38;2;180;142;173mc_char[38;2;192;197;206m,[K
[0m[48;2;40;67;43m[39m+    10[0m:[39m[48;2;24;38;30m [38;2;192;197;206m            bits [38;2;192;197;206mas[38;2;192;197;206m [38;2;192;197;206mlibc[38;2;192;197;206m::[38;2;180;142;173mc_ulonglong[38;2;192;197;206m,[K
[0m[48;2;40;67;43m[39m+    11[0m:[39m[48;2;24;38;30m [38;2;192;197;206m            f[38;2;192;197;206m,[K
[0m[48;2;40;67;43m[39m+    12[0m:[39m[48;2;24;38;30m [38;2;192;197;206m            f[38;2;192;197;206m,[K
[0m[48;2;40;67;43m[39m+    13[0m:[39m[48;2;24;38;30m [38;2;192;197;206m        [38;2;192;197;206m)[38;2;192;197;206m;[K
[0m[48;2;40;67;43m[39m+    14[0m:[39m[48;2;24;38;30m [38;2;192;197;206m    [38;2;192;197;206m}[K
[0m[48;2;40;67;43m[39m+    15[0m:[39m[48;2;24;38;30m [38;2;192;197;206m}[K
[0m[48;2;40;67;43m[39m+    16[0m:[39m[48;2;24;38;30m [K
[0m[48;2;40;67;43m[39m+    17[0m:[39m[48;2;24;38;30m [38;2;180;142;173mfn[38;2;192;197;206m [38;2;143;161;179mmain[38;2;192;197;206m([38;2;192;197;206m)[38;2;192;197;206m [38;2;192;197;206m{[K
[0m[48;2;40;67;43m[39m+    18[0m:[39m[48;2;24;38;30m [38;2;192;197;206m    [38;2;180;142;173mlet[38;2;192;197;206m [38;2;180;142;173mmut[38;2;192;197;206m input [38;2;192;197;206m=[38;2;192;197;206m [38;2;192;197;206mString[38;2;192;197;206m::[38;2;192;197;206mnew[38;2;192;197;206m([38;2;192;197;206m)[38;2;192;197;206m;[K
[0m[48;2;40;67;43m[39m+    19[0m:[39m[48;2;24;38;30m [38;2;192;197;206m    [38;2;192;197;206mio[38;2;192;197;206m::[38;2;192;197;206mstdin[38;2;192;197;206m([38;2;192;197;206m)[38;2;192;197;206m.[38;2;150;181;180mread_to_string[38;2;192;197;206m([38;2;192;197;206m&[38;2;180;142;173mmut[38;2;192;197;206m input[38;2;192;197;206m)[38;2;192;197;206m.[38;2;150;181;180munwrap[38;2;192;197;206m([38;2;192;197;206m)[38;2;192;197;206m;[K
[0m[48;2;40;67;43m[39m+    20[0m:[39m[48;2;24;38;30m [38;2;192;197;206m    [38;2;101;115;126m//[38;2;101;115;126m scanf("%lf", &f) skips whitespace and parses a double[K
[0m[48;2;40;67;43m[39m+    21[0m:[39m[48;2;24;38;30m [38;2;192;197;206m    [38;2;180;142;173mlet[38;2;192;197;206m f[38;2;192;197;206m:[38;2;192;197;206m [38;2;180;142;173mf64[38;2;192;197;206m [38;2;192;197;206m=[38;2;192;197;206m input.[38;2;150;181;180msplit_whitespace[38;2;192;197;206m([38;2;192;197;206m)[38;2;192;197;206m.[38;2;150;181;180mnext[38;2;192;197;206m([38;2;192;197;206m)[38;2;192;197;206m.[38;2;150;181;180munwrap[38;2;192;197;206m([38;2;192;197;206m)[38;2;192;197;206m.[38;2;150;181;180mparse[38;2;192;197;206m([38;2;192;197;206m)[38;2;192;197;206m.[38;2;150;181;180munwrap[38;2;192;197;206m([38;2;192;197;206m)[38;2;192;197;206m;[K
[0m[48;2;40;67;43m[39m+    22[0m:[39m[48;2;24;38;30m [38;2;192;197;206m    [38;2;150;181;180mdriver[38;2;192;197;206m([38;2;192;197;206mf[38;2;192;197;206m)[38;2;192;197;206m;[K
[0m[48;2;40;67;43m[39m+    23[0m:[39m[48;2;24;38;30m [38;2;192;197;206m}[K
[0m[K
Creating: [38;5;141m/local/home/scheschb/Git/harvest-agentic-translate-results/B01_synthetic/042_float_union/translated_rust/src/main.rs[0m
[38;5;244m - Completed in 0.43s[0m
[38;5;12m[1m [1.3][0m[0m
[?25l[0m[?25l[0m[0m[38;5;11mTODO:
[39m[38;5;10m[x] [3m[38;5;244mCreate src/main.rs with exact output matching[23m
[0m[ ] Build and fix any errors[38;5;244m - Completed in 0.4s[0m

[?25l[0m[38;5;141m> [0mI need to add the [38;5;10mlibc[0m dependency to Cargo.toml:[0m[0m
[?25l[0m[0mI'll create the following file: [38;5;141mCargo.toml[0m[38;5;244m (using tool: write)[0m

[49m[39m  1,  1[0m:[39m[49m [package]
[0m[49m[39m  2,  2[0m:[39m[49m name = "float_union"
[0m[49m[39m  3,  3[0m:[39m[49m version = "0.1.0"
[0m[49m[39m  4,  4[0m:[39m[49m edition = "2021"
[0m[49m[39m  5,  5[0m:[39m[49m 
[0m[49m[39m  6,  6[0m:[39m[49m [[bin]]
[0m[49m[39m  7,  7[0m:[39m[49m name = "driver"
[0m[49m[39m  8,  8[0m:[39m[49m path = "src/main.rs"
[0m[49m[38;5;10m+     9[0m:[38;5;10m[49m 
[0m[49m[38;5;10m+    10[0m:[38;5;10m[49m [dependencies]
[0m[49m[38;5;10m+    11[0m:[38;5;10m[49m libc = "0.2"
[0m[K
Replacing: [38;5;141mCargo.toml[0m
[38;5;244m - Completed in 0.42s[0m
[38;5;12m[1m [1.4][0m[0m
[?25l[0m[38;5;141m> [0mNow let's build:[0m[0m
[?25l[0m[0mI will run the following command: [38;5;141mcd /local/home/scheschb/Git/harvest-agentic-translate-results/B01_synthetic/042_float_union/translated_rust && cargo build --release 2>&1 | tee /tmp/build.log | tail -20[0m[38;5;244m (using tool: shell)[0m
Purpose: Build the Rust project

    Updating crates.io index
     Locking 1 package to latest compatible version
   Compiling libc v0.2.183
   Compiling float_union v0.1.0 (/local/home/scheschb/Git/harvest-agentic-translate-results/B01_synthetic/042_float_union/translated_rust)
    Finished `release` profile [optimized] target(s) in 1.15s
[38;5;244m - Completed in 1.466s[0m
[38;5;12m[1m [1.5][0m[0m
[?25l[0m[38;5;141m> [0mBuild succeeded. Let me verify the output matches the C version:[0m[0m
[?25l[0m[0mI will run the following command: [38;5;141mcd /local/home/scheschb/Git/harvest-agentic-translate-results/B01_synthetic/042_float_union/translated_rust && for val in "3.14" "0.0" "-1.5" "1e300" "-0.0" "inf" "-inf" "nan"; do echo "=== $val ===" && echo "$val" | ./target/release/driver && echo "$val" | ./c_src/build/driver; done[0m[38;5;244m (using tool: shell)[0m
Purpose: Compare Rust and C output for various inputs

=== 3.14 ===
40091eb851eb851f 0x1.91eb851eb851fp+1 3.1400
40091eb851eb851f 0x1.91eb851eb851fp+1 3.1400
=== 0.0 ===
0 0x0p+0 0.0000
0 0x0p+0 0.0000
=== -1.5 ===
bff8000000000000 -0x1.8p+0 -1.5000
bff8000000000000 -0x1.8p+0 -1.5000
=== 1e300 ===
7e37e43c8800759c 0x1.7e43c8800759cp+996 1000000000000000052504760255204420248704468581108159154915854115511802457988908195786371375080447864043704443832883878176942523235360430575644792184786706982848387200926575803737830233794788090059368953234970799945081119038967640880074652742780142494579258788820056842838115669472196386865459400540160.0000
7e37e43c8800759c 0x1.7e43c8800759cp+996 1000000000000000052504760255204420248704468581108159154915854115511802457988908195786371375080447864043704443832883878176942523235360430575644792184786706982848387200926575803737830233794788090059368953234970799945081119038967640880074652742780142494579258788820056842838115669472196386865459400540160.0000
=== -0.0 ===
8000000000000000 -0x0p+0 -0.0000
8000000000000000 -0x0p+0 -0.0000
=== inf ===
7ff0000000000000 inf inf
7ff0000000000000 inf inf
=== -inf ===
fff0000000000000 -inf -inf
fff0000000000000 -inf -inf
=== nan ===
7ff8000000000000 nan nan
7ff8000000000000 nan nan
[38;5;244m - Completed in 0.36s[0m

[?25l[0m[38;5;141m> [0mEvery output is byte-identical. Let me mark the final task complete.[0m[0m
[?25l[0m[0m[38;5;11mTODO:
[39m[38;5;10m[x] [3m[38;5;244mCreate Cargo.toml with bin name 'driver'[23m
[38;5;10m[x] [3m[38;5;244mCreate src/main.rs with exact output matching[23m
[38;5;10m[x] [3m[38;5;244mBuild and fix any errors[23m[38;5;244m - Completed in 0.4s[0m

[?25l[0m[38;5;141m> [0mTranslation complete. The Rust version produces byte-identical output for all tested inputs.[0m[0m
[0m[0m
Key decisions:[0m[0m
- Used [38;5;10mlibc::printf[0m directly for the [38;5;10m%llx[0m, [38;5;10m%a[0m, and [38;5;10m%.4f[0m format specifiers — this guarantees identical output since it calls the same glibc formatting code as the C version[0m[0m
- Used [38;5;10mf64::to_bits()[0m instead of a union to safely reinterpret the double's bits as [38;5;10mu64[0m[0m[0m
- [38;5;10mscanf("%lf")[0m skips leading whitespace and reads a double, which [38;5;10msplit_whitespace().next().parse()[0m replicates[0m[0m
- Verified against edge cases: [38;5;10m0.0[0m, [38;5;10m-0.0[0m, [38;5;10minf[0m, [38;5;10m-inf[0m, [38;5;10mnan[0m, and large values like [38;5;10m1e300[0m[0m[0m[38;5;12m[1m✓ Created checkpoint 1

[0m[0m
[38;5;8m
 ▸ Credits: 5.04 • Time: 1m 8s

[0m[1G[0m[0m[?25h