[38;5;9mError: [0mFile URI not found: file://./harold-prompt.md (resolved to /home/scheschb/.kiro/agents/./harold-prompt.md)
[32mAll tools are now trusted ([0m[31m![0m[32m). Kiro will execute tools without asking for confirmation.[0m
Agents can sometimes do unexpected things so understand the risks.

Learn more at [38;5;141mhttps://kiro.dev/docs/cli/chat/security/#using-tools-trust-all-safely[0m


[38;5;12m[1m📷 Checkpoints are enabled! (took 0.04s)

[0m
[38;5;252m[0m[?25l[38;5;141m> [0m[0m[0m
[0m[0m
Let me start by examining the C source code to understand what needs to be translated.[0m[0m
[?25l[0m[0mReading directory: [38;5;141m/local/home/scheschb/Git/harvest-agentic-translate-results/B01_synthetic/042_float_union_lib/translated_rust/c_src[0m[38;5;244m (using tool: read, max depth: 2, max entries: 1000, excluding: defaults)[0m
[38;5;10m ✓ [0mSuccessfully read directory [38;5;141m/local/home/scheschb/Git/harvest-agentic-translate-results/B01_synthetic/042_float_union_lib/translated_rust/c_src[0m [38;5;244m(5 entries)[0m
[38;5;244m - Completed in 0.4s[0m

[?25l[0m[?25l[0m[0mBatch fs_read operation with [38;5;141m2[0m operations[38;5;244m (using tool: read)[0m

↱ Operation 1: Reading file: [38;5;141m/local/home/scheschb/Git/harvest-agentic-translate-results/B01_synthetic/042_float_union_lib/translated_rust/c_src/include/driver.h[0m, all lines
↱ Operation 2: Reading file: [38;5;141m/local/home/scheschb/Git/harvest-agentic-translate-results/B01_synthetic/042_float_union_lib/translated_rust/c_src/src/driver.c[0m, all lines
[38;5;10m ✓ [0mSuccessfully read [38;5;244m1215 bytes[0m from /local/home/scheschb/Git/harvest-agentic-translate-results/B01_synthetic/042_float_union_lib/translated_rust/c_src/include/driver.h

[38;5;10m ✓ [0mSuccessfully read [38;5;244m1357 bytes[0m from /local/home/scheschb/Git/harvest-agentic-translate-results/B01_synthetic/042_float_union_lib/translated_rust/c_src/src/driver.c

 ⋮ 

[38;5;244m- [0mSummary: 2 operations processed, 2 successful, 0 failed
[38;5;244m - Completed in 0.3s[0m

[?25l[0m[38;5;141m> [0mNow I understand the code. It uses a union to reinterpret a [38;5;10mdouble[0m as a [38;5;10muint64_t[0m and prints the hex representation, the hex float, and the decimal float. Let me also check the CMakeLists.txt for any additional context.[0m[0m
[?25l[0m[0mReading file: [38;5;141m/local/home/scheschb/Git/harvest-agentic-translate-results/B01_synthetic/042_float_union_lib/translated_rust/c_src/CMakeLists.txt[0m, all lines[38;5;244m (using tool: read)[0m
[38;5;10m ✓ [0mSuccessfully read [38;5;244m1405 bytes[0m from /local/home/scheschb/Git/harvest-agentic-translate-results/B01_synthetic/042_float_union_lib/translated_rust/c_src/CMakeLists.txt
[38;5;244m - Completed in 0.3s[0m

[?25l[0m[38;5;141m> [0mThe C code uses [38;5;10mprintf[0m with [38;5;10m%llx[0m, [38;5;10m%a[0m, and [38;5;10m%.4f[0m format specifiers. The [38;5;10m%a[0m format is the hex float format. To get byte-identical output, I need to use libc's [38;5;10mprintf[0m directly. Let me create the files.[0m[0m
[?25l[0m[0m[38;5;11mTODO:
[39m[0m[ ] Create Cargo.toml with cdylib crate type
[0m[ ] Create src/lib.rs with driver function using libc printf for byte-identical output
[0m[ ] Build with cargo build --release and fix errors[38;5;244m - Completed in 0.4s[0m

[?25l[0m[?25l[?25l[0m[0mI'll create the following file: [38;5;141m/local/home/scheschb/Git/harvest-agentic-translate-results/B01_synthetic/042_float_union_lib/translated_rust/Cargo.toml[0m[38;5;244m (using tool: write)[0m

[49m[38;5;10m+     1[0m:[38;5;10m[49m [package]
[0m[49m[38;5;10m+     2[0m:[38;5;10m[49m name = "driver"
[0m[49m[38;5;10m+     3[0m:[38;5;10m[49m version = "0.1.0"
[0m[49m[38;5;10m+     4[0m:[38;5;10m[49m edition = "2021"
[0m[49m[38;5;10m+     5[0m:[38;5;10m[49m 
[0m[49m[38;5;10m+     6[0m:[38;5;10m[49m [lib]
[0m[49m[38;5;10m+     7[0m:[38;5;10m[49m crate-type = ["cdylib"]
[0m[49m[38;5;10m+     8[0m:[38;5;10m[49m 
[0m[49m[38;5;10m+     9[0m:[38;5;10m[49m [dependencies]
[0m[49m[38;5;10m+    10[0m:[38;5;10m[49m libc = "0.2"
[0m[K
I'll create the following file: [38;5;141m/local/home/scheschb/Git/harvest-agentic-translate-results/B01_synthetic/042_float_union_lib/translated_rust/src/lib.rs[0m[38;5;244m (using tool: write)[0m

[48;2;40;67;43m[39m+    1[0m:[39m[48;2;24;38;30m [38;2;180;142;173muse[38;2;192;197;206m [38;2;192;197;206mstd[38;2;192;197;206m::[38;2;192;197;206mffi[38;2;192;197;206m::[38;2;180;142;173mc_double[38;2;192;197;206m;[K
[0m[48;2;40;67;43m[39m+    2[0m:[39m[48;2;24;38;30m [K
[0m[48;2;40;67;43m[39m+    3[0m:[39m[48;2;24;38;30m [38;2;192;197;206m#[38;2;192;197;206m[[38;2;191;97;106munsafe[38;2;192;197;206m([38;2;192;197;206mno_mangle[38;2;192;197;206m)[38;2;192;197;206m][K
[0m[48;2;40;67;43m[39m+    4[0m:[39m[48;2;24;38;30m [38;2;180;142;173mpub[38;2;192;197;206m [38;2;180;142;173mextern[38;2;192;197;206m [38;2;192;197;206m"[38;2;163;190;140mC[38;2;192;197;206m"[38;2;192;197;206m [38;2;180;142;173mfn[38;2;192;197;206m [38;2;143;161;179mdriver[38;2;192;197;206m([38;2;191;97;106mf[38;2;192;197;206m:[38;2;192;197;206m c_double[38;2;192;197;206m)[38;2;192;197;206m [38;2;192;197;206m{[K
[0m[48;2;40;67;43m[39m+    5[0m:[39m[48;2;24;38;30m [38;2;192;197;206m    [38;2;180;142;173mlet[38;2;192;197;206m x [38;2;192;197;206m=[38;2;192;197;206m f.[38;2;150;181;180mto_bits[38;2;192;197;206m([38;2;192;197;206m)[38;2;192;197;206m;[K
[0m[48;2;40;67;43m[39m+    6[0m:[39m[48;2;24;38;30m [38;2;192;197;206m    [38;2;180;142;173munsafe[38;2;192;197;206m [38;2;192;197;206m{[K
[0m[48;2;40;67;43m[39m+    7[0m:[39m[48;2;24;38;30m [38;2;192;197;206m        [38;2;192;197;206mlibc[38;2;192;197;206m::[38;2;192;197;206mprintf[38;2;192;197;206m([38;2;180;142;173mb[38;2;192;197;206m"[38;2;163;190;140m%llx %a %.4f[38;2;150;181;180m\n[38;2;150;181;180m\0[38;2;192;197;206m"[38;2;192;197;206m.[38;2;150;181;180mas_ptr[38;2;192;197;206m([38;2;192;197;206m)[38;2;192;197;206m [38;2;192;197;206mas[38;2;192;197;206m [38;2;192;197;206m*[38;2;180;142;173mconst[38;2;192;197;206m [38;2;192;197;206mlibc[38;2;192;197;206m::[38;2;180;142;173mc_char[38;2;192;197;206m,[38;2;192;197;206m x[38;2;192;197;206m,[38;2;192;197;206m f[38;2;192;197;206m,[38;2;192;197;206m f[38;2;192;197;206m)[38;2;192;197;206m;[K
[0m[48;2;40;67;43m[39m+    8[0m:[39m[48;2;24;38;30m [38;2;192;197;206m    [38;2;192;197;206m}[K
[0m[48;2;40;67;43m[39m+    9[0m:[39m[48;2;24;38;30m [38;2;192;197;206m}[K
[0m[K
Creating: [38;5;141m/local/home/scheschb/Git/harvest-agentic-translate-results/B01_synthetic/042_float_union_lib/translated_rust/Cargo.toml[0m
[38;5;244m - Completed in 0.39s[0m
[38;5;12m[1m [1.1][0m[0m
Creating: [38;5;141m/local/home/scheschb/Git/harvest-agentic-translate-results/B01_synthetic/042_float_union_lib/translated_rust/src/lib.rs[0m
[38;5;244m - Completed in 0.41s[0m
[38;5;12m[1m [1.2][0m[0m
[?25l[0m[?25l[0m[0m[38;5;11mTODO:
[39m[38;5;10m[x] [3m[38;5;244mCreate Cargo.toml with cdylib crate type[23m
[38;5;10m[x] [3m[38;5;244mCreate src/lib.rs with driver function using libc printf for byte-identical output[23m
[0m[ ] Build with cargo build --release and fix errors[38;5;244m - Completed in 0.4s[0m

[?25l[0m[38;5;141m> [0mNow let's build:[0m[0m
[?25l[0m[0mI will run the following command: [38;5;141mcd /local/home/scheschb/Git/harvest-agentic-translate-results/B01_synthetic/042_float_union_lib/translated_rust && cargo build --release 2>&1 | tee /tmp/build.log | tail -20[0m[38;5;244m (using tool: shell)[0m
Purpose: Build the Rust library with cargo build --release

    Updating crates.io index
     Locking 1 package to latest compatible version
   Compiling libc v0.2.183
   Compiling driver v0.1.0 (/local/home/scheschb/Git/harvest-agentic-translate-results/B01_synthetic/042_float_union_lib/translated_rust)
    Finished `release` profile [optimized] target(s) in 1.08s
[38;5;244m - Completed in 1.466s[0m
[38;5;12m[1m [1.3][0m[0m
[?25l[0m[38;5;141m> [0mBuild succeeded. Let me mark the final task complete.[0m[0m
[?25l[0m[0m[38;5;11mTODO:
[39m[38;5;10m[x] [3m[38;5;244mCreate Cargo.toml with cdylib crate type[23m
[38;5;10m[x] [3m[38;5;244mCreate src/lib.rs with driver function using libc printf for byte-identical output[23m
[38;5;10m[x] [3m[38;5;244mBuild with cargo build --release and fix errors[23m[38;5;244m - Completed in 0.32s[0m

[?25l[0m[38;5;141m> [0mDone. The translation is complete and compiles cleanly. Here's a summary of the key decisions:[0m[0m
[0m[0m
- The C union [38;5;10mraw_double_t[0m (reinterpreting [38;5;10mdouble[0m as [38;5;10muint64_t[0m) is replaced with [38;5;10mf.to_bits()[0m, which does the same bit-level reinterpretation.[0m[0m
- [38;5;10mlibc::printf[0m is used directly instead of Rust's [38;5;10mprintln![0m to guarantee byte-identical output — Rust's float formatting differs from C's [38;5;10m%a[0m and [38;5;10m%.4f[0m.[0m[0m
- The function signature [38;5;10mdriver(f: c_double)[0m matches the C [38;5;10mvoid driver(double f)[0m exactly.[0m[0m[38;5;12m[1m✓ Created checkpoint 1

[0m[0m
[38;5;8m
 ▸ Credits: 3.18 • Time: 42s

[0m[1G[0m[0m[?25h