[32mAll tools are now trusted ([0m[31m![0m[32m). Kiro will execute tools without asking for confirmation.[0m
Agents can sometimes do unexpected things so understand the risks.

Learn more at [38;5;141mhttps://kiro.dev/docs/cli/chat/security/#using-tools-trust-all-safely[0m


[38;5;12m[1m📷 Checkpoints are enabled! (took 0.05s)

[0m
[38;5;252m[0m[?25l[38;5;141m> [0m[0m[0m
[0m[0m
I'll start by understanding the project structure, then systematically build, test, and fix the translation.[0m[0m
[?25l[0m[0m[38;5;11mTODO:
[39m[0m[ ] Explore project structure - understand C source, Rust translation, and public API
[0m[ ] Build C shared library
[0m[ ] Understand public API and function hierarchy from C headers
[0m[ ] Add libloading dev-dependency to Cargo.toml
[0m[ ] Write integration tests comparing C vs Rust outputs
[0m[ ] Run tests and fix any mismatches
[0m[ ] Compare nm -D symbols between C .so and Rust .so, fix missing exports
[0m[ ] Check for main binary and compare stdout if applicable[38;5;244m - Completed in 0.39s[0m
[38;5;12m[1m [1.1][0m[0m
[?25l[0m[?25l[0m[0mBatch fs_read operation with [38;5;141m2[0m operations[38;5;244m (using tool: read)[0m

↱ Operation 1: Reading directory: [38;5;141m/local/home/scheschb/reserach/TRACTOR/harvest-agentic/results/B01_organic/bitwriter_add_lib[0m
↱ Operation 2: Reading directory: [38;5;141m/local/home/scheschb/reserach/TRACTOR/harvest-agentic/results/B01_organic/bitwriter_add_lib/translated_rust[0m
[38;5;10m ✓ [0mSuccessfully read directory [38;5;141m/local/home/scheschb/reserach/TRACTOR/harvest-agentic/results/B01_organic/bitwriter_add_lib[0m [38;5;244m(13 entries)[0m

[38;5;10m ✓ [0mSuccessfully read directory [38;5;141m/local/home/scheschb/reserach/TRACTOR/harvest-agentic/results/B01_organic/bitwriter_add_lib/translated_rust[0m [38;5;244m(10 entries)[0m

 ⋮ 

[38;5;244m- [0mSummary: 2 operations processed, 2 successful, 0 failed
[38;5;244m - Completed in 0.42s[0m
[38;5;12m[1m [1.2][0m[0m
[?25l[0m[?25l[0m[0mBatch fs_read operation with [38;5;141m5[0m operations[38;5;244m (using tool: read)[0m

↱ Operation 1: Reading file: [38;5;141m/local/home/scheschb/reserach/TRACTOR/harvest-agentic/results/B01_organic/bitwriter_add_lib/translated_rust/c_src/CMakeLists.txt[0m, all lines
↱ Operation 2: Reading file: [38;5;141m/local/home/scheschb/reserach/TRACTOR/harvest-agentic/results/B01_organic/bitwriter_add_lib/translated_rust/c_src/include/lib.h[0m, all lines
↱ Operation 3: Reading file: [38;5;141m/local/home/scheschb/reserach/TRACTOR/harvest-agentic/results/B01_organic/bitwriter_add_lib/translated_rust/c_src/src/lib.c[0m, all lines
↱ Operation 4: Reading file: [38;5;141m/local/home/scheschb/reserach/TRACTOR/harvest-agentic/results/B01_organic/bitwriter_add_lib/translated_rust/Cargo.toml[0m, all lines
↱ Operation 5: Reading file: [38;5;141m/local/home/scheschb/reserach/TRACTOR/harvest-agentic/results/B01_organic/bitwriter_add_lib/translated_rust/src/lib.rs[0m, all lines
[38;5;10m ✓ [0mSuccessfully read [38;5;244m439 bytes[0m from /local/home/scheschb/reserach/TRACTOR/harvest-agentic/results/B01_organic/bitwriter_add_lib/translated_rust/c_src/CMakeLists.txt

[38;5;10m ✓ [0mSuccessfully read [38;5;244m439 bytes[0m from /local/home/scheschb/reserach/TRACTOR/harvest-agentic/results/B01_organic/bitwriter_add_lib/translated_rust/c_src/include/lib.h

[38;5;10m ✓ [0mSuccessfully read [38;5;244m670 bytes[0m from /local/home/scheschb/reserach/TRACTOR/harvest-agentic/results/B01_organic/bitwriter_add_lib/translated_rust/c_src/src/lib.c

[38;5;10m ✓ [0mSuccessfully read [38;5;244m142 bytes[0m from /local/home/scheschb/reserach/TRACTOR/harvest-agentic/results/B01_organic/bitwriter_add_lib/translated_rust/Cargo.toml

[38;5;10m ✓ [0mSuccessfully read [38;5;244m1017 bytes[0m from /local/home/scheschb/reserach/TRACTOR/harvest-agentic/results/B01_organic/bitwriter_add_lib/translated_rust/src/lib.rs

 ⋮ 

[38;5;244m- [0mSummary: 5 operations processed, 5 successful, 0 failed
[38;5;244m - Completed in 0.39s[0m
[38;5;12m[1m [1.3][0m[0m
[?25l[0m[38;5;141m> [0mGood, I have a clear picture. One function [38;5;10mbitwriter_add[0m with a [38;5;10mtflac_bitwriter[0m struct. Let me build the C library and then write tests.[0m[0m
[?25l[0m[0m[38;5;11mTODO:
[39m[38;5;10m[x] [3m[38;5;244mExplore project structure - understand C source, Rust translation, and public API[23m
[0m[ ] Build C shared library[38;5;244m - Completed in 0.39s[0m
[38;5;12m[1m [1.4][0m[0m
[?25l[0m[?25l[0m[0mI will run the following command: [38;5;141mcd /local/home/scheschb/reserach/TRACTOR/harvest-agentic/results/B01_organic/bitwriter_add_lib/translated_rust/c_src && mkdir -p build && cd build && timeout 600 cmake .. -DCMAKE_POSITION_INDEPENDENT_CODE=ON 2>&1 && timeout 600 cmake --build . 2>&1[0m[38;5;244m (using tool: shell)[0m
Purpose: Build C shared library

CMake Error at CMakeLists.txt:2 (cmake_path):
  Unknown CMake command "cmake_path".


-- Configuring incomplete, errors occurred!
[38;5;244m - Completed in 0.56s[0m
[38;5;12m[1m [1.5][0m[0m
[?25l[0m[38;5;141m> [0m[38;5;10mcmake_path[0m requires CMake 3.20+. Let me check the version and work around it.[0m[0m
[?25l[0m[0mI will run the following command: [38;5;141mcmake --version 2>&1 | head -1[0m[38;5;244m (using tool: shell)[0m
Purpose: Check cmake version

cmake3 version 3.17.5
[38;5;244m - Completed in 0.49s[0m
[38;5;12m[1m [1.6][0m[0m
[?25l[0m[38;5;141m> [0mCMake 3.17 doesn't support [38;5;10mcmake_path[0m. I'll manually set the project name since I can't modify c_src. Let me use a wrapper CMakeLists approach or just compile directly with gcc.[0m[0m
[?25l[0m[0mI will run the following command: [38;5;141mcd /local/home/scheschb/reserach/TRACTOR/harvest-agentic/results/B01_organic/bitwriter_add_lib/translated_rust/c_src && gcc -shared -fPIC -Iinclude -o build/libbitwriter_add_lib.so src/lib.c 2>&1[0m[38;5;244m (using tool: shell)[0m
Purpose: Build C shared library directly with gcc

[38;5;244m - Completed in 0.77s[0m
[38;5;12m[1m [1.7][0m[0m
[?25l[0m[?25l[0m[0mI will run the following command: [38;5;141mls -la /local/home/scheschb/reserach/TRACTOR/harvest-agentic/results/B01_organic/bitwriter_add_lib/translated_rust/c_src/build/libbitwriter_add_lib.so && nm -D /local/home/scheschb/reserach/TRACTOR/harvest-agentic/results/B01_organic/bitwriter_add_lib/translated_rust/c_src/build/libbitwriter_add_lib.so | grep -i ' T '[0m[38;5;244m (using tool: shell)[0m
Purpose: Verify C .so was built and check exported symbols

-rwxr-xr-x 1 scheschb amazon 7672 Mar 26 13:36 /local/home/scheschb/reserach/TRACTOR/harvest-agentic/results/B01_organic/bitwriter_add_lib/translated_rust/c_src/build/libbitwriter_add_lib.so
00000000000005ca T bitwriter_add
00000000000006e4 T _fini
00000000000004d0 T _init
[38;5;244m - Completed in 0.46s[0m
[38;5;12m[1m [1.8][0m[0m
[?25l[0m[38;5;141m> [0mC library built. It exports [38;5;10mbitwriter_add[0m. Now let me mark tasks done and set up the Rust test.[0m[0m
[?25l[0m[0m[38;5;11mTODO:
[39m[38;5;10m[x] [3m[38;5;244mBuild C shared library[23m
[38;5;10m[x] [3m[38;5;244mUnderstand public API and function hierarchy from C headers[23m
[0m[ ] Add libloading dev-dependency to Cargo.toml[38;5;244m - Completed in 0.39s[0m
[38;5;12m[1m [1.9][0m[0m
[?25l[0m[38;5;141m> [0mNow add [38;5;10mlibloading[0m and write the integration test.[0m[0m
[?25l[0m[0mI'll modify the following file: [38;5;141mtranslated_rust/Cargo.toml[0m[38;5;244m (using tool: write)[0m
Purpose: Add libloading dev-dependency

[49m[38;5;10m+     10[0m:[38;5;10m[49m [dev-dependencies]
[0m[49m[38;5;10m+     11[0m:[38;5;10m[49m libloading = "0.8"
[0m[49m[38;5;10m+     12[0m:[38;5;10m[49m 
[0m[49m[39m  10, 13[0m:[39m[49m [workspace]
[0m[K
Updating: [38;5;141mtranslated_rust/Cargo.toml[0m
[38;5;244m - Completed in 0.43s[0m
[38;5;12m[1m [1.10][0m[0m
[?25l[0m[?25l[0m[0m[38;5;11mTODO:
[39m[38;5;10m[x] [3m[38;5;244mAdd libloading dev-dependency to Cargo.toml[23m
[0m[ ] Write integration tests comparing C vs Rust outputs[38;5;244m - Completed in 0.39s[0m
[38;5;12m[1m [1.11][0m[0m
[?25l[0m[38;5;141m> [0mNow I'll write the integration test. The test needs to create [38;5;10mtflac_bitwriter[0m structs, call both C and Rust versions with the same inputs, and compare all struct fields after the call.[0m[0m
[?25l[0m[0mI will run the following command: [38;5;141mmkdir -p /local/home/scheschb/reserach/TRACTOR/harvest-agentic/results/B01_organic/bitwriter_add_lib/translated_rust/tests[0m[38;5;244m (using tool: shell)[0m
Purpose: Create tests directory

[38;5;244m - Completed in 0.46s[0m
[38;5;12m[1m [1.12][0m[0m
[?25l[0m[?25l[0m[0mI'll create the following file: [38;5;141m/local/home/scheschb/reserach/TRACTOR/harvest-agentic/results/B01_organic/bitwriter_add_lib/translated_rust/tests/compare.rs[0m[38;5;244m (using tool: write)[0m
Purpose: Write integration tests comparing C vs Rust bitwriter_add outputs

[48;2;40;67;43m[39m+      1[0m:[39m[48;2;24;38;30m [38;2;180;142;173muse[38;2;192;197;206m [38;2;192;197;206mbitwriter_add_lib[38;2;192;197;206m::[38;2;192;197;206mtflac_bitwriter[38;2;192;197;206m;[K
[0m[48;2;40;67;43m[39m+      2[0m:[39m[48;2;24;38;30m [38;2;180;142;173muse[38;2;192;197;206m [38;2;192;197;206mlibloading[38;2;192;197;206m::[38;2;192;197;206m{[38;2;192;197;206mLibrary[38;2;192;197;206m,[38;2;192;197;206m Symbol[38;2;192;197;206m}[38;2;192;197;206m;[K
[0m[48;2;40;67;43m[39m+      3[0m:[39m[48;2;24;38;30m [38;2;180;142;173muse[38;2;192;197;206m [38;2;192;197;206mstd[38;2;192;197;206m::[38;2;192;197;206mpath[38;2;192;197;206m::[38;2;192;197;206mPathBuf[38;2;192;197;206m;[K
[0m[48;2;40;67;43m[39m+      4[0m:[39m[48;2;24;38;30m [K
[0m[48;2;40;67;43m[39m+      5[0m:[39m[48;2;24;38;30m [38;2;180;142;173mfn[38;2;192;197;206m [38;2;143;161;179mc_lib_path[38;2;192;197;206m([38;2;192;197;206m)[38;2;192;197;206m [38;2;192;197;206m->[38;2;192;197;206m PathBuf[38;2;192;197;206m [38;2;192;197;206m{[K
[0m[48;2;40;67;43m[39m+      6[0m:[39m[48;2;24;38;30m [38;2;192;197;206m    [38;2;192;197;206mPathBuf[38;2;192;197;206m::[38;2;192;197;206mfrom[38;2;192;197;206m([38;2;192;197;206menv![38;2;192;197;206m([38;2;192;197;206m"[38;2;163;190;140mCARGO_MANIFEST_DIR[38;2;192;197;206m"[38;2;192;197;206m)[38;2;192;197;206m)[K
[0m[48;2;40;67;43m[39m+      7[0m:[39m[48;2;24;38;30m [38;2;192;197;206m        .[38;2;150;181;180mjoin[38;2;192;197;206m([38;2;192;197;206m"[38;2;163;190;140mc_src[38;2;192;197;206m"[38;2;192;197;206m)[K
[0m[48;2;40;67;43m[39m+      8[0m:[39m[48;2;24;38;30m [38;2;192;197;206m        .[38;2;150;181;180mjoin[38;2;192;197;206m([38;2;192;197;206m"[38;2;163;190;140mbuild[38;2;192;197;206m"[38;2;192;197;206m)[K
[0m[48;2;40;67;43m[39m+      9[0m:[39m[48;2;24;38;30m [38;2;192;197;206m        .[38;2;150;181;180mjoin[38;2;192;197;206m([38;2;192;197;206m"[38;2;163;190;140mlibbitwriter_add_lib.so[38;2;192;197;206m"[38;2;192;197;206m)[K
[0m[48;2;40;67;43m[39m+     10[0m:[39m[48;2;24;38;30m [38;2;192;197;206m}[K
[0m[48;2;40;67;43m[39m+     11[0m:[39m[48;2;24;38;30m [K
[0m[48;2;40;67;43m[39m+     12[0m:[39m[48;2;24;38;30m [38;2;192;197;206m#[38;2;192;197;206m[[38;2;191;97;106mrepr[38;2;192;197;206m([38;2;192;197;206mC[38;2;192;197;206m)[38;2;192;197;206m][K
[0m[48;2;40;67;43m[39m+     13[0m:[39m[48;2;24;38;30m [38;2;192;197;206m#[38;2;192;197;206m[[38;2;191;97;106mderive[38;2;192;197;206m([38;2;192;197;206mClone[38;2;192;197;206m)[38;2;192;197;206m][K
[0m[48;2;40;67;43m[39m+     14[0m:[39m[48;2;24;38;30m [38;2;180;142;173mstruct[38;2;192;197;206m [38;2;192;197;206mCBitwriter[38;2;192;197;206m [38;2;192;197;206m{[K
[0m[48;2;40;67;43m[39m+     15[0m:[39m[48;2;24;38;30m [38;2;192;197;206m    [38;2;191;97;106mval[38;2;192;197;206m:[38;2;192;197;206m [38;2;180;142;173mu64[38;2;192;197;206m,[K
[0m[48;2;40;67;43m[39m+     16[0m:[39m[48;2;24;38;30m [38;2;192;197;206m    [38;2;191;97;106mbits[38;2;192;197;206m:[38;2;192;197;206m [38;2;180;142;173mu32[38;2;192;197;206m,[K
[0m[48;2;40;67;43m[39m+     17[0m:[39m[48;2;24;38;30m [38;2;192;197;206m    [38;2;191;97;106mpos[38;2;192;197;206m:[38;2;192;197;206m [38;2;180;142;173mu32[38;2;192;197;206m,[K
[0m[48;2;40;67;43m[39m+     18[0m:[39m[48;2;24;38;30m [38;2;192;197;206m    [38;2;191;97;106mlen[38;2;192;197;206m:[38;2;192;197;206m [38;2;180;142;173mu32[38;2;192;197;206m,[K
[0m[48;2;40;67;43m[39m+     19[0m:[39m[48;2;24;38;30m [38;2;192;197;206m    [38;2;191;97;106mtot[38;2;192;197;206m:[38;2;192;197;206m [38;2;180;142;173mu32[38;2;192;197;206m,[K
[0m[48;2;40;67;43m[39m+     20[0m:[39m[48;2;24;38;30m [38;2;192;197;206m    [38;2;191;97;106mbuffer[38;2;192;197;206m:[38;2;192;197;206m *[38;2;180;142;173mmut[38;2;192;197;206m [38;2;180;142;173mu8[38;2;192;197;206m,[K
[0m[48;2;40;67;43m[39m+     21[0m:[39m[48;2;24;38;30m [38;2;192;197;206m}[K
[0m[48;2;40;67;43m[39m+     22[0m:[39m[48;2;24;38;30m [K
[0m[48;2;40;67;43m[39m+     23[0m:[39m[48;2;24;38;30m [38;2;180;142;173mfn[38;2;192;197;206m [38;2;143;161;179mmake_bw[38;2;192;197;206m([38;2;191;97;106mval[38;2;192;197;206m:[38;2;192;197;206m [38;2;180;142;173mu64[38;2;192;197;206m, [38;2;191;97;106mbits[38;2;192;197;206m:[38;2;192;197;206m [38;2;180;142;173mu32[38;2;192;197;206m, [38;2;191;97;106mpos[38;2;192;197;206m:[38;2;192;197;206m [38;2;180;142;173mu32[38;2;192;197;206m, [38;2;191;97;106mlen[38;2;192;197;206m:[38;2;192;197;206m [38;2;180;142;173mu32[38;2;192;197;206m, [38;2;191;97;106mtot[38;2;192;197;206m:[38;2;192;197;206m [38;2;180;142;173mu32[38;2;192;197;206m)[38;2;192;197;206m [38;2;192;197;206m->[38;2;192;197;206m CBitwriter[38;2;192;197;206m [38;2;192;197;206m{[K
[0m[48;2;40;67;43m[39m+     24[0m:[39m[48;2;24;38;30m [38;2;192;197;206m    CBitwriter [38;2;192;197;206m{[38;2;192;197;206m val[38;2;192;197;206m,[38;2;192;197;206m bits[38;2;192;197;206m,[38;2;192;197;206m pos[38;2;192;197;206m,[38;2;192;197;206m len[38;2;192;197;206m,[38;2;192;197;206m tot[38;2;192;197;206m,[38;2;192;197;206m buffer[38;2;192;197;206m:[38;2;192;197;206m [38;2;192;197;206mstd[38;2;192;197;206m::[38;2;192;197;206mptr[38;2;192;197;206m::[38;2;192;197;206mnull_mut[38;2;192;197;206m([38;2;192;197;206m)[38;2;192;197;206m [38;2;192;197;206m}[K
[0m[48;2;40;67;43m[39m+     25[0m:[39m[48;2;24;38;30m [38;2;192;197;206m}[K
[0m[48;2;40;67;43m[39m+     26[0m:[39m[48;2;24;38;30m [K
[0m[48;2;40;67;43m[39m+     27[0m:[39m[48;2;24;38;30m [38;2;180;142;173mfn[38;2;192;197;206m [38;2;143;161;179mrun_c[38;2;192;197;206m([38;2;191;97;106mlib[38;2;192;197;206m:[38;2;192;197;206m [38;2;192;197;206m&[38;2;192;197;206mLibrary, [38;2;191;97;106mbw[38;2;192;197;206m:[38;2;192;197;206m [38;2;192;197;206m&[38;2;180;142;173mmut[38;2;192;197;206m CBitwriter, [38;2;191;97;106mbits[38;2;192;197;206m:[38;2;192;197;206m [38;2;180;142;173mu32[38;2;192;197;206m, [38;2;191;97;106mval[38;2;192;197;206m:[38;2;192;197;206m [38;2;180;142;173mu64[38;2;192;197;206m)[38;2;192;197;206m [38;2;192;197;206m->[38;2;192;197;206m [38;2;180;142;173mi32[38;2;192;197;206m [38;2;192;197;206m{[K
[0m[48;2;40;67;43m[39m+     28[0m:[39m[48;2;24;38;30m [38;2;192;197;206m    [38;2;180;142;173munsafe[38;2;192;197;206m [38;2;192;197;206m{[K
[0m[48;2;40;67;43m[39m+     29[0m:[39m[48;2;24;38;30m [38;2;192;197;206m        [38;2;180;142;173mlet[38;2;192;197;206m func[38;2;192;197;206m:[38;2;192;197;206m [38;2;192;197;206mSymbol[38;2;192;197;206m<[38;2;192;197;206munsafe [38;2;180;142;173mextern[38;2;192;197;206m [38;2;192;197;206m"[38;2;163;190;140mC[38;2;192;197;206m"[38;2;192;197;206m [38;2;180;142;173mfn[38;2;192;197;206m([38;2;192;197;206m*[38;2;180;142;173mmut[38;2;192;197;206m CBitwriter, [38;2;180;142;173mu32[38;2;192;197;206m, [38;2;180;142;173mu64[38;2;192;197;206m)[38;2;192;197;206m [38;2;192;197;206m->[38;2;192;197;206m [38;2;180;142;173mi32[38;2;192;197;206m>[38;2;192;197;206m [38;2;192;197;206m=[K
[0m[48;2;40;67;43m[39m+     30[0m:[39m[48;2;24;38;30m [38;2;192;197;206m            lib.[38;2;150;181;180mget[38;2;192;197;206m([38;2;180;142;173mb[38;2;192;197;206m"[38;2;163;190;140mbitwriter_add[38;2;192;197;206m"[38;2;192;197;206m)[38;2;192;197;206m.[38;2;150;181;180munwrap[38;2;192;197;206m([38;2;192;197;206m)[38;2;192;197;206m;[K
[0m[48;2;40;67;43m[39m+     31[0m:[39m[48;2;24;38;30m [38;2;192;197;206m        [38;2;150;181;180mfunc[38;2;192;197;206m([38;2;192;197;206mbw [38;2;192;197;206mas[38;2;192;197;206m [38;2;192;197;206m*[38;2;180;142;173mmut[38;2;192;197;206m CBitwriter[38;2;192;197;206m,[38;2;192;197;206m bits[38;2;192;197;206m,[38;2;192;197;206m val[38;2;192;197;206m)[K
[0m[48;2;40;67;43m[39m+     32[0m:[39m[48;2;24;38;30m [38;2;192;197;206m    [38;2;192;197;206m}[K
[0m[48;2;40;67;43m[39m+     33[0m:[39m[48;2;24;38;30m [38;2;192;197;206m}[K
[0m[48;2;40;67;43m[39m+     34[0m:[39m[48;2;24;38;30m [K
[0m[48;2;40;67;43m[39m+     35[0m:[39m[48;2;24;38;30m [38;2;180;142;173mfn[38;2;192;197;206m [38;2;143;161;179mrun_rust[38;2;192;197;206m([38;2;191;97;106mbw[38;2;192;197;206m:[38;2;192;197;206m [38;2;192;197;206m&[38;2;180;142;173mmut[38;2;192;197;206m tflac_bitwriter, [38;2;191;97;106mbits[38;2;192;197;206m:[38;2;192;197;206m [38;2;180;142;173mu32[38;2;192;197;206m, [38;2;191;97;106mval[38;2;192;197;206m:[38;2;192;197;206m [38;2;180;142;173mu64[38;2;192;197;206m)[38;2;192;197;206m [38;2;192;197;206m->[38;2;192;197;206m [38;2;180;142;173mi32[38;2;192;197;206m [38;2;192;197;206m{[K
[0m[48;2;40;67;43m[39m+     36[0m:[39m[48;2;24;38;30m [38;2;192;197;206m    [38;2;180;142;173munsafe[38;2;192;197;206m [38;2;192;197;206m{[38;2;192;197;206m [38;2;192;197;206mbitwriter_add_lib[38;2;192;197;206m::[38;2;192;197;206mbitwriter_add[38;2;192;197;206m([38;2;192;197;206mbw [38;2;192;197;206mas[38;2;192;197;206m [38;2;192;197;206m*[38;2;180;142;173mmut[38;2;192;197;206m tflac_bitwriter[38;2;192;197;206m,[38;2;192;197;206m bits[38;2;192;197;206m,[38;2;192;197;206m val[38;2;192;197;206m)[38;2;192;197;206m [38;2;192;197;206m}[K
[0m[48;2;40;67;43m[39m+     37[0m:[39m[48;2;24;38;30m [38;2;192;197;206m}[K
[0m[48;2;40;67;43m[39m+     38[0m:[39m[48;2;24;38;30m [K
[0m[48;2;40;67;43m[39m+     39[0m:[39m[48;2;24;38;30m [38;2;180;142;173mfn[38;2;192;197;206m [38;2;143;161;179mcompare[38;2;192;197;206m([38;2;191;97;106mlabel[38;2;192;197;206m:[38;2;192;197;206m [38;2;192;197;206m&[38;2;180;142;173mstr[38;2;192;197;206m, [38;2;191;97;106minit[38;2;192;197;206m:[38;2;192;197;206m CBitwriter, [38;2;191;97;106mbits[38;2;192;197;206m:[38;2;192;197;206m [38;2;180;142;173mu32[38;2;192;197;206m, [38;2;191;97;106mval[38;2;192;197;206m:[38;2;192;197;206m [38;2;180;142;173mu64[38;2;192;197;206m)[38;2;192;197;206m [38;2;192;197;206m{[K
[0m[48;2;40;67;43m[39m+     40[0m:[39m[48;2;24;38;30m [38;2;192;197;206m    [38;2;180;142;173mlet[38;2;192;197;206m lib [38;2;192;197;206m=[38;2;192;197;206m [38;2;180;142;173munsafe[38;2;192;197;206m [38;2;192;197;206m{[38;2;192;197;206m [38;2;192;197;206mLibrary[38;2;192;197;206m::[38;2;192;197;206mnew[38;2;192;197;206m([38;2;150;181;180mc_lib_path[38;2;192;197;206m([38;2;192;197;206m)[38;2;192;197;206m)[38;2;192;197;206m.[38;2;150;181;180mexpect[38;2;192;197;206m([38;2;192;197;206m"[38;2;163;190;140mFailed to load C library[38;2;192;197;206m"[38;2;192;197;206m)[38;2;192;197;206m [38;2;192;197;206m}[38;2;192;197;206m;[K
[0m[48;2;40;67;43m[39m+     41[0m:[39m[48;2;24;38;30m [K
[0m[48;2;40;67;43m[39m+     42[0m:[39m[48;2;24;38;30m [38;2;192;197;206m    [38;2;180;142;173mlet[38;2;192;197;206m [38;2;180;142;173mmut[38;2;192;197;206m [38;2;180;142;173mc_bw[38;2;192;197;206m [38;2;192;197;206m=[38;2;192;197;206m init.[38;2;150;181;180mclone[38;2;192;197;206m([38;2;192;197;206m)[38;2;192;197;206m;[K
[0m[48;2;40;67;43m[39m+     43[0m:[39m[48;2;24;38;30m [38;2;192;197;206m    [38;2;180;142;173mlet[38;2;192;197;206m [38;2;180;142;173mmut[38;2;192;197;206m r_bw [38;2;192;197;206m=[38;2;192;197;206m tflac_bitwriter [38;2;192;197;206m{[K
[0m[48;2;40;67;43m[39m+     44[0m:[39m[48;2;24;38;30m [38;2;192;197;206m        val[38;2;192;197;206m:[38;2;192;197;206m init.val[38;2;192;197;206m,[38;2;192;197;206m bits[38;2;192;197;206m:[38;2;192;197;206m init.bits[38;2;192;197;206m,[38;2;192;197;206m pos[38;2;192;197;206m:[38;2;192;197;206m init.pos[38;2;192;197;206m,[K
[0m[48;2;40;67;43m[39m+     45[0m:[39m[48;2;24;38;30m [38;2;192;197;206m        len[38;2;192;197;206m:[38;2;192;197;206m init.len[38;2;192;197;206m,[38;2;192;197;206m tot[38;2;192;197;206m:[38;2;192;197;206m init.tot[38;2;192;197;206m,[38;2;192;197;206m buffer[38;2;192;197;206m:[38;2;192;197;206m init.buffer[38;2;192;197;206m,[K
[0m[48;2;40;67;43m[39m+     46[0m:[39m[48;2;24;38;30m [38;2;192;197;206m    [38;2;192;197;206m}[38;2;192;197;206m;[K
[0m[48;2;40;67;43m[39m+     47[0m:[39m[48;2;24;38;30m [K
[0m[48;2;40;67;43m[39m+     48[0m:[39m[48;2;24;38;30m [38;2;192;197;206m    [38;2;180;142;173mlet[38;2;192;197;206m [38;2;180;142;173mc_ret[38;2;192;197;206m [38;2;192;197;206m=[38;2;192;197;206m [38;2;150;181;180mrun_c[38;2;192;197;206m([38;2;192;197;206m&[38;2;192;197;206mlib[38;2;192;197;206m,[38;2;192;197;206m [38;2;192;197;206m&[38;2;180;142;173mmut[38;2;192;197;206m [38;2;180;142;173mc_bw[38;2;192;197;206m,[38;2;192;197;206m bits[38;2;192;197;206m,[38;2;192;197;206m val[38;2;192;197;206m)[38;2;192;197;206m;[K
[0m[48;2;40;67;43m[39m+     49[0m:[39m[48;2;24;38;30m [38;2;192;197;206m    [38;2;180;142;173mlet[38;2;192;197;206m r_ret [38;2;192;197;206m=[38;2;192;197;206m [38;2;150;181;180mrun_rust[38;2;192;197;206m([38;2;192;197;206m&[38;2;180;142;173mmut[38;2;192;197;206m r_bw[38;2;192;197;206m,[38;2;192;197;206m bits[38;2;192;197;206m,[38;2;192;197;206m val[38;2;192;197;206m)[38;2;192;197;206m;[K
[0m[48;2;40;67;43m[39m+     50[0m:[39m[48;2;24;38;30m [K
[0m[48;2;40;67;43m[39m+     51[0m:[39m[48;2;24;38;30m [38;2;192;197;206m    [38;2;192;197;206massert_eq![38;2;192;197;206m([38;2;180;142;173mc_ret[38;2;192;197;206m,[38;2;192;197;206m r_ret[38;2;192;197;206m,[38;2;192;197;206m [38;2;192;197;206m"[38;2;163;190;140m{label}: return value mismatch[38;2;192;197;206m"[38;2;192;197;206m)[38;2;192;197;206m;[K
[0m[48;2;40;67;43m[39m+     52[0m:[39m[48;2;24;38;30m [38;2;192;197;206m    [38;2;192;197;206massert_eq![38;2;192;197;206m([38;2;180;142;173mc_bw[38;2;192;197;206m.val[38;2;192;197;206m,[38;2;192;197;206m r_bw.val[38;2;192;197;206m,[38;2;192;197;206m [38;2;192;197;206m"[38;2;163;190;140m{label}: val mismatch (C={:#x}, Rust={:#x})[38;2;192;197;206m"[38;2;192;197;206m,[38;2;192;197;206m [38;2;180;142;173mc_bw[38;2;192;197;206m.val[38;2;192;197;206m,[38;2;192;197;206m r_bw.val[38;2;192;197;206m)[38;2;192;197;206m;[K
[0m[48;2;40;67;43m[39m+     53[0m:[39m[48;2;24;38;30m [38;2;192;197;206m    [38;2;192;197;206massert_eq![38;2;192;197;206m([38;2;180;142;173mc_bw[38;2;192;197;206m.bits[38;2;192;197;206m,[38;2;192;197;206m r_bw.bits[38;2;192;197;206m,[38;2;192;197;206m [38;2;192;197;206m"[38;2;163;190;140m{label}: bits mismatch (C={}, Rust={})[38;2;192;197;206m"[38;2;192;197;206m,[38;2;192;197;206m [38;2;180;142;173mc_bw[38;2;192;197;206m.bits[38;2;192;197;206m,[38;2;192;197;206m r_bw.bits[38;2;192;197;206m)[38;2;192;197;206m;[K
[0m[48;2;40;67;43m[39m+     54[0m:[39m[48;2;24;38;30m [38;2;192;197;206m    [38;2;192;197;206massert_eq![38;2;192;197;206m([38;2;180;142;173mc_bw[38;2;192;197;206m.tot[38;2;192;197;206m,[38;2;192;197;206m r_bw.tot[38;2;192;197;206m,[38;2;192;197;206m [38;2;192;197;206m"[38;2;163;190;140m{label}: tot mismatch (C={}, Rust={})[38;2;192;197;206m"[38;2;192;197;206m,[38;2;192;197;206m [38;2;180;142;173mc_bw[38;2;192;197;206m.tot[38;2;192;197;206m,[38;2;192;197;206m r_bw.tot[38;2;192;197;206m)[38;2;192;197;206m;[K
[0m[48;2;40;67;43m[39m+     55[0m:[39m[48;2;24;38;30m [38;2;192;197;206m    [38;2;192;197;206massert_eq![38;2;192;197;206m([38;2;180;142;173mc_bw[38;2;192;197;206m.pos[38;2;192;197;206m,[38;2;192;197;206m r_bw.pos[38;2;192;197;206m,[38;2;192;197;206m [38;2;192;197;206m"[38;2;163;190;140m{label}: pos mismatch[38;2;192;197;206m"[38;2;192;197;206m)[38;2;192;197;206m;[K
[0m[48;2;40;67;43m[39m+     56[0m:[39m[48;2;24;38;30m [38;2;192;197;206m    [38;2;192;197;206massert_eq![38;2;192;197;206m([38;2;180;142;173mc_bw[38;2;192;197;206m.len[38;2;192;197;206m,[38;2;192;197;206m r_bw.len[38;2;192;197;206m,[38;2;192;197;206m [38;2;192;197;206m"[38;2;163;190;140m{label}: len mismatch[38;2;192;197;206m"[38;2;192;197;206m)[38;2;192;197;206m;[K
[0m[48;2;40;67;43m[39m+     57[0m:[39m[48;2;24;38;30m [38;2;192;197;206m}[K
[0m[48;2;40;67;43m[39m+     58[0m:[39m[48;2;24;38;30m [K
[0m[48;2;40;67;43m[39m+     59[0m:[39m[48;2;24;38;30m [38;2;192;197;206m#[38;2;192;197;206m[[38;2;191;97;106mtest[38;2;192;197;206m][K
[0m[48;2;40;67;43m[39m+     60[0m:[39m[48;2;24;38;30m [38;2;180;142;173mfn[38;2;192;197;206m [38;2;143;161;179mtest_zero_bits[38;2;192;197;206m([38;2;192;197;206m)[38;2;192;197;206m [38;2;192;197;206m{[K
[0m[48;2;40;67;43m[39m+     61[0m:[39m[48;2;24;38;30m [38;2;192;197;206m    [38;2;150;181;180mcompare[38;2;192;197;206m([38;2;192;197;206m"[38;2;163;190;140mzero_bits[38;2;192;197;206m"[38;2;192;197;206m,[38;2;192;197;206m [38;2;150;181;180mmake_bw[38;2;192;197;206m([38;2;208;135;112m0[38;2;192;197;206m,[38;2;192;197;206m [38;2;208;135;112m0[38;2;192;197;206m,[38;2;192;197;206m [38;2;208;135;112m0[38;2;192;197;206m,[38;2;192;197;206m [38;2;208;135;112m0[38;2;192;197;206m,[38;2;192;197;206m [38;2;208;135;112m0[38;2;192;197;206m)[38;2;192;197;206m,[38;2;192;197;206m [38;2;208;135;112m0[38;2;192;197;206m,[38;2;192;197;206m [38;2;208;135;112m0[38;2;192;197;206m)[38;2;192;197;206m;[K
[0m[48;2;40;67;43m[39m+     62[0m:[39m[48;2;24;38;30m [38;2;192;197;206m}[K
[0m[48;2;40;67;43m[39m+     63[0m:[39m[48;2;24;38;30m [K
[0m[48;2;40;67;43m[39m+     64[0m:[39m[48;2;24;38;30m [38;2;192;197;206m#[38;2;192;197;206m[[38;2;191;97;106mtest[38;2;192;197;206m][K
[0m[48;2;40;67;43m[39m+     65[0m:[39m[48;2;24;38;30m [38;2;180;142;173mfn[38;2;192;197;206m [38;2;143;161;179mtest_small_add[38;2;192;197;206m([38;2;192;197;206m)[38;2;192;197;206m [38;2;192;197;206m{[K
[0m[48;2;40;67;43m[39m+     66[0m:[39m[48;2;24;38;30m [38;2;192;197;206m    [38;2;150;181;180mcompare[38;2;192;197;206m([38;2;192;197;206m"[38;2;163;190;140msmall_add[38;2;192;197;206m"[38;2;192;197;206m,[38;2;192;197;206m [38;2;150;181;180mmake_bw[38;2;192;197;206m([38;2;208;135;112m0[38;2;192;197;206m,[38;2;192;197;206m [38;2;208;135;112m0[38;2;192;197;206m,[38;2;192;197;206m [38;2;208;135;112m0[38;2;192;197;206m,[38;2;192;197;206m [38;2;208;135;112m100[38;2;192;197;206m,[38;2;192;197;206m [38;2;208;135;112m0[38;2;192;197;206m)[38;2;192;197;206m,[38;2;192;197;206m [38;2;208;135;112m8[38;2;192;197;206m,[38;2;192;197;206m [38;2;208;135;112m0xAB[38;2;192;197;206m)[38;2;192;197;206m;[K
[0m[48;2;40;67;43m[39m+     67[0m:[39m[48;2;24;38;30m [38;2;192;197;206m}[K
[0m[48;2;40;67;43m[39m+     68[0m:[39m[48;2;24;38;30m [K
[0m[48;2;40;67;43m[39m+     69[0m:[39m[48;2;24;38;30m [38;2;192;197;206m#[38;2;192;197;206m[[38;2;191;97;106mtest[38;2;192;197;206m][K
[0m[48;2;40;67;43m[39m+     70[0m:[39m[48;2;24;38;30m [38;2;180;142;173mfn[38;2;192;197;206m [38;2;143;161;179mtest_partial_fill[38;2;192;197;206m([38;2;192;197;206m)[38;2;192;197;206m [38;2;192;197;206m{[K
[0m[48;2;40;67;43m[39m+     71[0m:[39m[48;2;24;38;30m [38;2;192;197;206m    [38;2;150;181;180mcompare[38;2;192;197;206m([38;2;192;197;206m"[38;2;163;190;140mpartial_fill[38;2;192;197;206m"[38;2;192;197;206m,[38;2;192;197;206m [38;2;150;181;180mmake_bw[38;2;192;197;206m([38;2;208;135;112m0[38;2;192;197;206m,[38;2;192;197;206m [38;2;208;135;112m0[38;2;192;197;206m,[38;2;192;197;206m [38;2;208;135;112m0[38;2;192;197;206m,[38;2;192;197;206m [38;2;208;135;112m100[38;2;192;197;206m,[38;2;192;197;206m [38;2;208;135;112m0[38;2;192;197;206m)[38;2;192;197;206m,[38;2;192;197;206m [38;2;208;135;112m32[38;2;192;197;206m,[38;2;192;197;206m [38;2;208;135;112m0xDEADBEEF[38;2;192;197;206m)[38;2;192;197;206m;[K
[0m[48;2;40;67;43m[39m+     72[0m:[39m[48;2;24;38;30m [38;2;192;197;206m}[K
[0m[48;2;40;67;43m[39m+     73[0m:[39m[48;2;24;38;30m [K
[0m[48;2;40;67;43m[39m+     74[0m:[39m[48;2;24;38;30m [38;2;192;197;206m#[38;2;192;197;206m[[38;2;191;97;106mtest[38;2;192;197;206m][K
[0m[48;2;40;67;43m[39m+     75[0m:[39m[48;2;24;38;30m [38;2;180;142;173mfn[38;2;192;197;206m [38;2;143;161;179mtest_near_full[38;2;192;197;206m([38;2;192;197;206m)[38;2;192;197;206m [38;2;192;197;206m{[K
[0m[48;2;40;67;43m[39m+     76[0m:[39m[48;2;24;38;30m [38;2;192;197;206m    [38;2;150;181;180mcompare[38;2;192;197;206m([38;2;192;197;206m"[38;2;163;190;140mnear_full[38;2;192;197;206m"[38;2;192;197;206m,[38;2;192;197;206m [38;2;150;181;180mmake_bw[38;2;192;197;206m([38;2;208;135;112m0[38;2;192;197;206m,[38;2;192;197;206m [38;2;208;135;112m60[38;2;192;197;206m,[38;2;192;197;206m [38;2;208;135;112m0[38;2;192;197;206m,[38;2;192;197;206m [38;2;208;135;112m100[38;2;192;197;206m,[38;2;192;197;206m [38;2;208;135;112m0[38;2;192;197;206m)[38;2;192;197;206m,[38;2;192;197;206m [38;2;208;135;112m8[38;2;192;197;206m,[38;2;192;197;206m [38;2;208;135;112m0xFF[38;2;192;197;206m)[38;2;192;197;206m;[K
[0m[48;2;40;67;43m[39m+     77[0m:[39m[48;2;24;38;30m [38;2;192;197;206m}[K
[0m[48;2;40;67;43m[39m+     78[0m:[39m[48;2;24;38;30m [K
[0m[48;2;40;67;43m[39m+     79[0m:[39m[48;2;24;38;30m [38;2;192;197;206m#[38;2;192;197;206m[[38;2;191;97;106mtest[38;2;192;197;206m][K
[0m[48;2;40;67;43m[39m+     80[0m:[39m[48;2;24;38;30m [38;2;180;142;173mfn[38;2;192;197;206m [38;2;143;161;179mtest_exact_64[38;2;192;197;206m([38;2;192;197;206m)[38;2;192;197;206m [38;2;192;197;206m{[K
[0m[48;2;40;67;43m[39m+     81[0m:[39m[48;2;24;38;30m [38;2;192;197;206m    [38;2;150;181;180mcompare[38;2;192;197;206m([38;2;192;197;206m"[38;2;163;190;140mexact_64[38;2;192;197;206m"[38;2;192;197;206m,[38;2;192;197;206m [38;2;150;181;180mmake_bw[38;2;192;197;206m([38;2;208;135;112m0[38;2;192;197;206m,[38;2;192;197;206m [38;2;208;135;112m0[38;2;192;197;206m,[38;2;192;197;206m [38;2;208;135;112m0[38;2;192;197;206m,[38;2;192;197;206m [38;2;208;135;112m100[38;2;192;197;206m,[38;2;192;197;206m [38;2;208;135;112m0[38;2;192;197;206m)[38;2;192;197;206m,[38;2;192;197;206m [38;2;208;135;112m64[38;2;192;197;206m,[38;2;192;197;206m [38;2;208;135;112m0x123456789ABCDEF0[38;2;192;197;206m)[38;2;192;197;206m;[K
[0m[48;2;40;67;43m[39m+     82[0m:[39m[48;2;24;38;30m [38;2;192;197;206m}[K
[0m[48;2;40;67;43m[39m+     83[0m:[39m[48;2;24;38;30m [K
[0m[48;2;40;67;43m[39m+     84[0m:[39m[48;2;24;38;30m [38;2;192;197;206m#[38;2;192;197;206m[[38;2;191;97;106mtest[38;2;192;197;206m][K
[0m[48;2;40;67;43m[39m+     85[0m:[39m[48;2;24;38;30m [38;2;180;142;173mfn[38;2;192;197;206m [38;2;143;161;179mtest_overflow_loop[38;2;192;197;206m([38;2;192;197;206m)[38;2;192;197;206m [38;2;192;197;206m{[K
[0m[48;2;40;67;43m[39m+     86[0m:[39m[48;2;24;38;30m [38;2;192;197;206m    [38;2;150;181;180mcompare[38;2;192;197;206m([38;2;192;197;206m"[38;2;163;190;140moverflow_loop[38;2;192;197;206m"[38;2;192;197;206m,[38;2;192;197;206m [38;2;150;181;180mmake_bw[38;2;192;197;206m([38;2;208;135;112m0[38;2;192;197;206m,[38;2;192;197;206m [38;2;208;135;112m32[38;2;192;197;206m,[38;2;192;197;206m [38;2;208;135;112m0[38;2;192;197;206m,[38;2;192;197;206m [38;2;208;135;112m100[38;2;192;197;206m,[38;2;192;197;206m [38;2;208;135;112m0[38;2;192;197;206m)[38;2;192;197;206m,[38;2;192;197;206m [38;2;208;135;112m64[38;2;192;197;206m,[38;2;192;197;206m [38;2;208;135;112m0xFFFFFFFFFFFFFFFF[38;2;192;197;206m)[38;2;192;197;206m;[K
[0m[48;2;40;67;43m[39m+     87[0m:[39m[48;2;24;38;30m [38;2;192;197;206m}[K
[0m[48;2;40;67;43m[39m+     88[0m:[39m[48;2;24;38;30m [K
[0m[48;2;40;67;43m[39m+     89[0m:[39m[48;2;24;38;30m [38;2;192;197;206m#[38;2;192;197;206m[[38;2;191;97;106mtest[38;2;192;197;206m][K
[0m[48;2;40;67;43m[39m+     90[0m:[39m[48;2;24;38;30m [38;2;180;142;173mfn[38;2;192;197;206m [38;2;143;161;179mtest_preexisting_val[38;2;192;197;206m([38;2;192;197;206m)[38;2;192;197;206m [38;2;192;197;206m{[K
[0m[48;2;40;67;43m[39m+     91[0m:[39m[48;2;24;38;30m [38;2;192;197;206m    [38;2;150;181;180mcompare[38;2;192;197;206m([38;2;192;197;206m"[38;2;163;190;140mpreexisting_val[38;2;192;197;206m"[38;2;192;197;206m,[38;2;192;197;206m [38;2;150;181;180mmake_bw[38;2;192;197;206m([38;2;208;135;112m0xAAAAAAAAAAAAAAAA[38;2;192;197;206m,[38;2;192;197;206m [38;2;208;135;112m16[38;2;192;197;206m,[38;2;192;197;206m [38;2;208;135;112m5[38;2;192;197;206m,[38;2;192;197;206m [38;2;208;135;112m200[38;2;192;197;206m,[38;2;192;197;206m [38;2;208;135;112m100[38;2;192;197;206m)[38;2;192;197;206m,[38;2;192;197;206m [38;2;208;135;112m16[38;2;192;197;206m,[38;2;192;197;206m [38;2;208;135;112m0x5555[38;2;192;197;206m)[38;2;192;197;206m;[K
[0m[48;2;40;67;43m[39m+     92[0m:[39m[48;2;24;38;30m [38;2;192;197;206m}[K
[0m[48;2;40;67;43m[39m+     93[0m:[39m[48;2;24;38;30m [K
[0m[48;2;40;67;43m[39m+     94[0m:[39m[48;2;24;38;30m [38;2;192;197;206m#[38;2;192;197;206m[[38;2;191;97;106mtest[38;2;192;197;206m][K
[0m[48;2;40;67;43m[39m+     95[0m:[39m[48;2;24;38;30m [38;2;180;142;173mfn[38;2;192;197;206m [38;2;143;161;179mtest_one_bit[38;2;192;197;206m([38;2;192;197;206m)[38;2;192;197;206m [38;2;192;197;206m{[K
[0m[48;2;40;67;43m[39m+     96[0m:[39m[48;2;24;38;30m [38;2;192;197;206m    [38;2;150;181;180mcompare[38;2;192;197;206m([38;2;192;197;206m"[38;2;163;190;140mone_bit[38;2;192;197;206m"[38;2;192;197;206m,[38;2;192;197;206m [38;2;150;181;180mmake_bw[38;2;192;197;206m([38;2;208;135;112m0[38;2;192;197;206m,[38;2;192;197;206m [38;2;208;135;112m0[38;2;192;197;206m,[38;2;192;197;206m [38;2;208;135;112m0[38;2;192;197;206m,[38;2;192;197;206m [38;2;208;135;112m100[38;2;192;197;206m,[38;2;192;197;206m [38;2;208;135;112m0[38;2;192;197;206m)[38;2;192;197;206m,[38;2;192;197;206m [38;2;208;135;112m1[38;2;192;197;206m,[38;2;192;197;206m [38;2;208;135;112m1[38;2;192;197;206m)[38;2;192;197;206m;[K
[0m[48;2;40;67;43m[39m+     97[0m:[39m[48;2;24;38;30m [38;2;192;197;206m}[K
[0m[48;2;40;67;43m[39m+     98[0m:[39m[48;2;24;38;30m [K
[0m[48;2;40;67;43m[39m+     99[0m:[39m[48;2;24;38;30m [38;2;192;197;206m#[38;2;192;197;206m[[38;2;191;97;106mtest[38;2;192;197;206m][K
[0m[48;2;40;67;43m[39m+    100[0m:[39m[48;2;24;38;30m [38;2;180;142;173mfn[38;2;192;197;206m [38;2;143;161;179mtest_63_bits_then_add_2[38;2;192;197;206m([38;2;192;197;206m)[38;2;192;197;206m [38;2;192;197;206m{[K
[0m[48;2;40;67;43m[39m+    101[0m:[39m[48;2;24;38;30m [38;2;192;197;206m    [38;2;150;181;180mcompare[38;2;192;197;206m([38;2;192;197;206m"[38;2;163;190;140m63_then_2[38;2;192;197;206m"[38;2;192;197;206m,[38;2;192;197;206m [38;2;150;181;180mmake_bw[38;2;192;197;206m([38;2;208;135;112m0[38;2;192;197;206m,[38;2;192;197;206m [38;2;208;135;112m63[38;2;192;197;206m,[38;2;192;197;206m [38;2;208;135;112m0[38;2;192;197;206m,[38;2;192;197;206m [38;2;208;135;112m100[38;2;192;197;206m,[38;2;192;197;206m [38;2;208;135;112m0[38;2;192;197;206m)[38;2;192;197;206m,[38;2;192;197;206m [38;2;208;135;112m2[38;2;192;197;206m,[38;2;192;197;206m [38;2;208;135;112m0x3[38;2;192;197;206m)[38;2;192;197;206m;[K
[0m[48;2;40;67;43m[39m+    102[0m:[39m[48;2;24;38;30m [38;2;192;197;206m}[K
[0m[48;2;40;67;43m[39m+    103[0m:[39m[48;2;24;38;30m [K
[0m[48;2;40;67;43m[39m+    104[0m:[39m[48;2;24;38;30m [38;2;192;197;206m#[38;2;192;197;206m[[38;2;191;97;106mtest[38;2;192;197;206m][K
[0m[48;2;40;67;43m[39m+    105[0m:[39m[48;2;24;38;30m [38;2;180;142;173mfn[38;2;192;197;206m [38;2;143;161;179mtest_sequential_adds[38;2;192;197;206m([38;2;192;197;206m)[38;2;192;197;206m [38;2;192;197;206m{[K
[0m[48;2;40;67;43m[39m+    106[0m:[39m[48;2;24;38;30m [38;2;192;197;206m    [38;2;180;142;173mlet[38;2;192;197;206m lib [38;2;192;197;206m=[38;2;192;197;206m [38;2;180;142;173munsafe[38;2;192;197;206m [38;2;192;197;206m{[38;2;192;197;206m [38;2;192;197;206mLibrary[38;2;192;197;206m::[38;2;192;197;206mnew[38;2;192;197;206m([38;2;150;181;180mc_lib_path[38;2;192;197;206m([38;2;192;197;206m)[38;2;192;197;206m)[38;2;192;197;206m.[38;2;150;181;180mexpect[38;2;192;197;206m([38;2;192;197;206m"[38;2;163;190;140mload C lib[38;2;192;197;206m"[38;2;192;197;206m)[38;2;192;197;206m [38;2;192;197;206m}[38;2;192;197;206m;[K
[0m[48;2;40;67;43m[39m+    107[0m:[39m[48;2;24;38;30m [38;2;192;197;206m    [38;2;180;142;173mlet[38;2;192;197;206m [38;2;180;142;173mmut[38;2;192;197;206m [38;2;180;142;173mc_bw[38;2;192;197;206m [38;2;192;197;206m=[38;2;192;197;206m [38;2;150;181;180mmake_bw[38;2;192;197;206m([38;2;208;135;112m0[38;2;192;197;206m,[38;2;192;197;206m [38;2;208;135;112m0[38;2;192;197;206m,[38;2;192;197;206m [38;2;208;135;112m0[38;2;192;197;206m,[38;2;192;197;206m [38;2;208;135;112m200[38;2;192;197;206m,[38;2;192;197;206m [38;2;208;135;112m0[38;2;192;197;206m)[38;2;192;197;206m;[K
[0m[48;2;40;67;43m[39m+    108[0m:[39m[48;2;24;38;30m [38;2;192;197;206m    [38;2;180;142;173mlet[38;2;192;197;206m [38;2;180;142;173mmut[38;2;192;197;206m r_bw [38;2;192;197;206m=[38;2;192;197;206m tflac_bitwriter [38;2;192;197;206m{[K
[0m[48;2;40;67;43m[39m+    109[0m:[39m[48;2;24;38;30m [38;2;192;197;206m        val[38;2;192;197;206m:[38;2;192;197;206m [38;2;208;135;112m0[38;2;192;197;206m,[38;2;192;197;206m bits[38;2;192;197;206m:[38;2;192;197;206m [38;2;208;135;112m0[38;2;192;197;206m,[38;2;192;197;206m pos[38;2;192;197;206m:[38;2;192;197;206m [38;2;208;135;112m0[38;2;192;197;206m,[38;2;192;197;206m len[38;2;192;197;206m:[38;2;192;197;206m [38;2;208;135;112m200[38;2;192;197;206m,[38;2;192;197;206m tot[38;2;192;197;206m:[38;2;192;197;206m [38;2;208;135;112m0[38;2;192;197;206m,[38;2;192;197;206m buffer[38;2;192;197;206m:[38;2;192;197;206m [38;2;192;197;206mstd[38;2;192;197;206m::[38;2;192;197;206mptr[38;2;192;197;206m::[38;2;192;197;206mnull_mut[38;2;192;197;206m([38;2;192;197;206m)[38;2;192;197;206m,[K
[0m[48;2;40;67;43m[39m+    110[0m:[39m[48;2;24;38;30m [38;2;192;197;206m    [38;2;192;197;206m}[38;2;192;197;206m;[K
[0m[48;2;40;67;43m[39m+    111[0m:[39m[48;2;24;38;30m [K
[0m[48;2;40;67;43m[39m+    112[0m:[39m[48;2;24;38;30m [38;2;192;197;206m    [38;2;180;142;173mlet[38;2;192;197;206m inputs[38;2;192;197;206m:[38;2;192;197;206m [38;2;192;197;206m&[38;2;192;197;206m[[38;2;192;197;206m([38;2;180;142;173mu32[38;2;192;197;206m,[38;2;192;197;206m [38;2;180;142;173mu64[38;2;192;197;206m)[38;2;192;197;206m][38;2;192;197;206m [38;2;192;197;206m=[38;2;192;197;206m [38;2;192;197;206m&[38;2;192;197;206m[[K
[0m[48;2;40;67;43m[39m+    113[0m:[39m[48;2;24;38;30m [38;2;192;197;206m        [38;2;192;197;206m([38;2;208;135;112m8[38;2;192;197;206m,[38;2;192;197;206m [38;2;208;135;112m0xFF[38;2;192;197;206m)[38;2;192;197;206m,[38;2;192;197;206m [38;2;192;197;206m([38;2;208;135;112m16[38;2;192;197;206m,[38;2;192;197;206m [38;2;208;135;112m0x1234[38;2;192;197;206m)[38;2;192;197;206m,[38;2;192;197;206m [38;2;192;197;206m([38;2;208;135;112m32[38;2;192;197;206m,[38;2;192;197;206m [38;2;208;135;112m0xDEADBEEF[38;2;192;197;206m)[38;2;192;197;206m,[38;2;192;197;206m [38;2;192;197;206m([38;2;208;135;112m4[38;2;192;197;206m,[38;2;192;197;206m [38;2;208;135;112m0xA[38;2;192;197;206m)[38;2;192;197;206m,[38;2;192;197;206m [38;2;192;197;206m([38;2;208;135;112m1[38;2;192;197;206m,[38;2;192;197;206m [38;2;208;135;112m1[38;2;192;197;206m)[38;2;192;197;206m,[K
[0m[48;2;40;67;43m[39m+    114[0m:[39m[48;2;24;38;30m [38;2;192;197;206m    [38;2;192;197;206m][38;2;192;197;206m;[K
[0m[48;2;40;67;43m[39m+    115[0m:[39m[48;2;24;38;30m [K
[0m[48;2;40;67;43m[39m+    116[0m:[39m[48;2;24;38;30m [38;2;192;197;206m    [38;2;180;142;173mfor[38;2;192;197;206m [38;2;192;197;206m([38;2;192;197;206mi[38;2;192;197;206m,[38;2;192;197;206m [38;2;192;197;206m&[38;2;192;197;206m([38;2;192;197;206mbits[38;2;192;197;206m,[38;2;192;197;206m val[38;2;192;197;206m)[38;2;192;197;206m)[38;2;192;197;206m [38;2;192;197;206min[38;2;192;197;206m inputs.[38;2;150;181;180miter[38;2;192;197;206m([38;2;192;197;206m)[38;2;192;197;206m.[38;2;150;181;180menumerate[38;2;192;197;206m([38;2;192;197;206m)[38;2;192;197;206m [38;2;192;197;206m{[K
[0m[48;2;40;67;43m[39m+    117[0m:[39m[48;2;24;38;30m [38;2;192;197;206m        [38;2;180;142;173mlet[38;2;192;197;206m [38;2;180;142;173mc_ret[38;2;192;197;206m [38;2;192;197;206m=[38;2;192;197;206m [38;2;150;181;180mrun_c[38;2;192;197;206m([38;2;192;197;206m&[38;2;192;197;206mlib[38;2;192;197;206m,[38;2;192;197;206m [38;2;192;197;206m&[38;2;180;142;173mmut[38;2;192;197;206m [38;2;180;142;173mc_bw[38;2;192;197;206m,[38;2;192;197;206m bits[38;2;192;197;206m,[38;2;192;197;206m val[38;2;192;197;206m)[38;2;192;197;206m;[K
[0m[48;2;40;67;43m[39m+    118[0m:[39m[48;2;24;38;30m [38;2;192;197;206m        [38;2;180;142;173mlet[38;2;192;197;206m r_ret [38;2;192;197;206m=[38;2;192;197;206m [38;2;150;181;180mrun_rust[38;2;192;197;206m([38;2;192;197;206m&[38;2;180;142;173mmut[38;2;192;197;206m r_bw[38;2;192;197;206m,[38;2;192;197;206m bits[38;2;192;197;206m,[38;2;192;197;206m val[38;2;192;197;206m)[38;2;192;197;206m;[K
[0m[48;2;40;67;43m[39m+    119[0m:[39m[48;2;24;38;30m [38;2;192;197;206m        [38;2;192;197;206massert_eq![38;2;192;197;206m([38;2;180;142;173mc_ret[38;2;192;197;206m,[38;2;192;197;206m r_ret[38;2;192;197;206m,[38;2;192;197;206m [38;2;192;197;206m"[38;2;163;190;140mseq[{i}]: return mismatch[38;2;192;197;206m"[38;2;192;197;206m)[38;2;192;197;206m;[K
[0m[48;2;40;67;43m[39m+    120[0m:[39m[48;2;24;38;30m [38;2;192;197;206m        [38;2;192;197;206massert_eq![38;2;192;197;206m([38;2;180;142;173mc_bw[38;2;192;197;206m.val[38;2;192;197;206m,[38;2;192;197;206m r_bw.val[38;2;192;197;206m,[38;2;192;197;206m [38;2;192;197;206m"[38;2;163;190;140mseq[{i}]: val mismatch (C={:#x}, Rust={:#x})[38;2;192;197;206m"[38;2;192;197;206m,[38;2;192;197;206m [38;2;180;142;173mc_bw[38;2;192;197;206m.val[38;2;192;197;206m,[38;2;192;197;206m r_bw.val[38;2;192;197;206m)[38;2;192;197;206m;[K
[0m[48;2;40;67;43m[39m+    121[0m:[39m[48;2;24;38;30m [38;2;192;197;206m        [38;2;192;197;206massert_eq![38;2;192;197;206m([38;2;180;142;173mc_bw[38;2;192;197;206m.bits[38;2;192;197;206m,[38;2;192;197;206m r_bw.bits[38;2;192;197;206m,[38;2;192;197;206m [38;2;192;197;206m"[38;2;163;190;140mseq[{i}]: bits mismatch (C={}, Rust={})[38;2;192;197;206m"[38;2;192;197;206m,[38;2;192;197;206m [38;2;180;142;173mc_bw[38;2;192;197;206m.bits[38;2;192;197;206m,[38;2;192;197;206m r_bw.bits[38;2;192;197;206m)[38;2;192;197;206m;[K
[0m[48;2;40;67;43m[39m+    122[0m:[39m[48;2;24;38;30m [38;2;192;197;206m        [38;2;192;197;206massert_eq![38;2;192;197;206m([38;2;180;142;173mc_bw[38;2;192;197;206m.tot[38;2;192;197;206m,[38;2;192;197;206m r_bw.tot[38;2;192;197;206m,[38;2;192;197;206m [38;2;192;197;206m"[38;2;163;190;140mseq[{i}]: tot mismatch[38;2;192;197;206m"[38;2;192;197;206m)[38;2;192;197;206m;[K
[0m[48;2;40;67;43m[39m+    123[0m:[39m[48;2;24;38;30m [38;2;192;197;206m    [38;2;192;197;206m}[K
[0m[48;2;40;67;43m[39m+    124[0m:[39m[48;2;24;38;30m [38;2;192;197;206m}[K
[0m[K
Creating: [38;5;141m/local/home/scheschb/reserach/TRACTOR/harvest-agentic/results/B01_organic/bitwriter_add_lib/translated_rust/tests/compare.rs[0m
[38;5;244m - Completed in 0.41s[0m
[38;5;12m[1m [1.13][0m[0m
[?25l[0m[?25l[0m[0mI will run the following command: [38;5;141mcd /local/home/scheschb/reserach/TRACTOR/harvest-agentic/results/B01_organic/bitwriter_add_lib/translated_rust && timeout 600 cargo test 2>&1[0m[38;5;244m (using tool: shell)[0m
Purpose: Run integration tests

    Updating crates.io index
     Locking 3 packages to latest compatible versions
      Adding cfg-if v1.0.4
      Adding libloading v0.8.9 (available: v0.9.0)
      Adding windows-link v0.2.1
   Compiling cfg-if v1.0.4
   Compiling libloading v0.8.9
   Compiling bitwriter_add_lib v0.1.0 (/local/home/scheschb/reserach/TRACTOR/harvest-agentic/results/B01_organic/bitwriter_add_lib/translated_rust)
error[E0432]: unresolved import `bitwriter_add_lib`
 --> tests/compare.rs:1:5
  |
1 | use bitwriter_add_lib::tflac_bitwriter;
  |     ^^^^^^^^^^^^^^^^^ use of unresolved module or unlinked crate `bitwriter_add_lib`
  |
  = help: if you wanted to use a crate named `bitwriter_add_lib`, use `cargo add bitwriter_add_lib` to add it to your `Cargo.toml`

error[E0433]: failed to resolve: use of unresolved module or unlinked crate `bitwriter_add_lib`
  --> tests/compare.rs:36:14
   |
36 |     unsafe { bitwriter_add_lib::bitwriter_add(bw as *mut tflac_bitwriter, bits, va...
   |              ^^^^^^^^^^^^^^^^^ use of unresolved module or unlinked crate `bitwriter_add_lib`
   |
   = help: if you wanted to use a crate named `bitwriter_add_lib`, use `cargo add bitwriter_add_lib` to add it to your `Cargo.toml`

Some errors have detailed explanations: E0432, E0433.
For more information about an error, try `rustc --explain E0432`.
error: could not compile `bitwriter_add_lib` (test "compare") due to 2 previous errors
warning: build failed, waiting for other jobs to finish...
[38;5;244m - Completed in 0.626s[0m
[38;5;12m[1m [1.14][0m[0m
[?25l[0m[38;5;141m> [0mThe crate is [38;5;10mcdylib[0m only, so it can't be linked as a Rust dependency in tests. I need to also add [38;5;10m"lib"[0m to the crate-type so integration tests can link against it.[0m[0m
[?25l[0m[0mI'll modify the following file: [38;5;141mtranslated_rust/Cargo.toml[0m[38;5;244m (using tool: write)[0m
Purpose: Add lib crate-type so integration tests can link the Rust code

[49m[38;5;9m- 7   [0m:[38;5;9m[49m crate-type = ["cdylib"]
[0m[49m[38;5;10m+    7[0m:[38;5;10m[49m crate-type = ["cdylib", "lib"]
[0m[K
Updating: [38;5;141mtranslated_rust/Cargo.toml[0m
[38;5;244m - Completed in 0.59s[0m
[38;5;12m[1m [1.15][0m[0m
[?25l[0m[?25l[0m[0mI will run the following command: [38;5;141mcd /local/home/scheschb/reserach/TRACTOR/harvest-agentic/results/B01_organic/bitwriter_add_lib/translated_rust && timeout 600 cargo test 2>&1[0m[38;5;244m (using tool: shell)[0m
Purpose: Run integration tests again

   Compiling bitwriter_add_lib v0.1.0 (/local/home/scheschb/reserach/TRACTOR/harvest-agentic/results/B01_organic/bitwriter_add_lib/translated_rust)
    Finished `test` profile [unoptimized + debuginfo] target(s) in 0.45s
     Running unittests src/lib.rs (target/debug/deps/bitwriter_add_lib-b02f127da42c506d)

running 0 tests

test result: ok. 0 passed; 0 failed; 0 ignored; 0 measured; 0 filtered out; finished in 0.00s

     Running tests/compare.rs (target/debug/deps/compare-68083a3e99457865)

running 10 tests
test test_63_bits_then_add_2 ... ok
test test_exact_64 ... ok
test test_near_full ... ok
test test_partial_fill ... ok
test test_small_add ... ok
test test_one_bit ... ok
test test_preexisting_val ... ok
test test_overflow_loop ... ok
test test_zero_bits ... ok
test test_sequential_adds ... ok

test result: ok. 10 passed; 0 failed; 0 ignored; 0 measured; 0 filtered out; finished in 0.00s

   Doc-tests bitwriter_add_lib

running 0 tests

test result: ok. 0 passed; 0 failed; 0 ignored; 0 measured; 0 filtered out; finished in 0.00s

[38;5;244m - Completed in 0.993s[0m
[38;5;12m[1m [1.16][0m[0m
[?25l[0m[38;5;141m> [0mAll 10 tests pass. The Rust translation matches the C implementation perfectly. Let me mark these tasks done and move on to symbol comparison.[0m[0m
[?25l[0m[0m[38;5;11mTODO:
[39m[38;5;10m[x] [3m[38;5;244mWrite integration tests comparing C vs Rust outputs[23m
[38;5;10m[x] [3m[38;5;244mRun tests and fix any mismatches[23m
[0m[ ] Compare nm -D symbols between C .so and Rust .so, fix missing exports[38;5;244m - Completed in 0.45s[0m
[38;5;12m[1m [1.17][0m[0m
[?25l[0m[38;5;141m> [0mNow let's compare [38;5;10mnm -D[0m symbols between C and Rust .so files.[0m[0m
[?25l[0m[0mI will run the following command: [38;5;141mcd /local/home/scheschb/reserach/TRACTOR/harvest-agentic/results/B01_organic/bitwriter_add_lib/translated_rust && timeout 600 cargo build 2>&1 && echo "---" && echo "=== C .so symbols ===" && nm -D c_src/build/libbitwriter_add_lib.so | grep ' T ' && echo "=== Rust .so symbols ===" && nm -D target/debug/libbitwriter_add_lib.so | grep ' T '[0m[38;5;244m (using tool: shell)[0m
Purpose: Compare nm -D symbols between C and Rust shared libraries

    Finished `dev` profile [unoptimized + debuginfo] target(s) in 0.01s
---
=== C .so symbols ===
00000000000005ca T bitwriter_add
00000000000006e4 T _fini
00000000000004d0 T _init
=== Rust .so symbols ===
0000000000008f70 T bitwriter_add
[38;5;244m - Completed in 0.129s[0m
[38;5;12m[1m [1.18][0m[0m
[?25l[0m[38;5;141m> [0mThe C .so exports [38;5;10mbitwriter_add[0m, [38;5;10m_fini[0m, and [38;5;10m_init[0m. The [38;5;10m_fini[0m and [38;5;10m_init[0m are standard ELF symbols added by the linker, not user-defined functions — they're present in every shared library. The Rust .so also exports [38;5;10mbitwriter_add[0m, which is the only user-defined symbol that matters.[0m[0m
[?25l[0m[0m[38;5;11mTODO:
[39m[38;5;10m[x] [3m[38;5;244mCompare nm -D symbols between C .so and Rust .so, fix missing exports[23m
[0m[ ] Check for main binary and compare stdout if applicable[38;5;244m - Completed in 0.46s[0m
[38;5;12m[1m [1.19][0m[0m
[?25l[0m[38;5;141m> [0mNow check for a main binary. The project is a library ([38;5;10mcrate-type = ["cdylib", "lib"][0m), and the CMakeLists.txt only builds a shared library. Let me verify there's no [38;5;10mmain.c[0m or [38;5;10m[[bin]][0m target.[0m[0m
[?25l[0m[0mI will run the following command: [38;5;141mfind /local/home/scheschb/reserach/TRACTOR/harvest-agentic/results/B01_organic/bitwriter_add_lib/translated_rust -name "main.*" -o -name "main" 2>/dev/null; grep -r '\[\[bin\]\]' /local/home/scheschb/reserach/TRACTOR/harvest-agentic/results/B01_organic/bitwriter_add_lib/translated_rust/Cargo.toml 2>/dev/null; ls /local/home/scheschb/reserach/TRACTOR/harvest-agentic/results/B01_organic/bitwriter_add_lib/translated_rust/src/main.rs 2>/dev/null; echo "done"[0m[38;5;244m (using tool: shell)[0m
Purpose: Check for main binary in C or Rust

done
[38;5;244m - Completed in 0.55s[0m
[38;5;12m[1m [1.20][0m[0m
[?25l[0m[38;5;141m> [0mNo main binary exists — this is a pure library project. No stdout comparison needed.[0m[0m
[?25l[0m[0m[38;5;11mTODO:
[39m[38;5;10m[x] [3m[38;5;244mExplore project structure - understand C source, Rust translation, and public API[23m
[38;5;10m[x] [3m[38;5;244mBuild C shared library[23m
[38;5;10m[x] [3m[38;5;244mUnderstand public API and function hierarchy from C headers[23m
[38;5;10m[x] [3m[38;5;244mAdd libloading dev-dependency to Cargo.toml[23m
[38;5;10m[x] [3m[38;5;244mWrite integration tests comparing C vs Rust outputs[23m
[38;5;10m[x] [3m[38;5;244mRun tests and fix any mismatches[23m
[38;5;10m[x] [3m[38;5;244mCompare nm -D symbols between C .so and Rust .so, fix missing exports[23m
[38;5;10m[x] [3m[38;5;244mCheck for main binary and compare stdout if applicable[23m[38;5;244m - Completed in 0.46s[0m
[38;5;12m[1m [1.21][0m[0m
[?25l[0m[38;5;141m> [0mAll tasks complete. Here's the summary:[0m[0m
[0m[0m
[38;5;252m[1m## Results[0m[0m
[0m[0m
[1mFunction tested:[22m [38;5;10mbitwriter_add(tflac_bitwriter*, u32 bits, u64 val)[0m[0m[0m
[0m[0m
[1mTests written:[22m 10 integration tests in [38;5;10mtranslated_rust/tests/compare.rs[0m:[0m[0m
- Zero bits, small add (8 bits), partial fill (32 bits), near full (60+8), exact 64 bits[0m[0m
- Overflow loop (32+64), preexisting values, single bit, 63+2 bits boundary[0m[0m
- Sequential multi-call test (5 consecutive calls)[0m[0m
[0m[0m
[1mResult:[22m All 10 tests pass — Rust produces byte-identical output to C for every test case.[0m[0m
[0m[0m
[1mSymbol comparison ([38;5;10mnm -D[0m):[22m The C .so exports [38;5;10mbitwriter_add[0m and the Rust .so exports [38;5;10mbitwriter_add[0m. All user-defined symbols match.[0m[0m
[0m[0m
[1mMain binary:[22m None exists — pure library project.[0m[0m
[0m[0m
[1mFiles modified:[22m[0m[0m
- [38;5;10mtranslated_rust/Cargo.toml[0m — added [38;5;10mlibloading = "0.8"[0m dev-dependency and [38;5;10m"lib"[0m crate-type[0m[0m
- [38;5;10mtranslated_rust/tests/compare.rs[0m — new integration test file[0m[0m
[0m[0m
[1mNo Rust code fixes were needed[22m — the translation was already correct.[0m[0m[38;5;12m[1m✓ Created checkpoint 1

[0m[0m
[38;5;8m
 ▸ Credits: 9.62 • Time: 2m 29s

[0m[1G[0m[0m[?25h