[32mAll tools are now trusted ([0m[31m![0m[32m). Kiro will execute tools without asking for confirmation.[0m
Agents can sometimes do unexpected things so understand the risks.

Learn more at [38;5;141mhttps://kiro.dev/docs/cli/chat/security/#using-tools-trust-all-safely[0m

[38;5;12m[1m📷 Checkpoints are enabled! (took 0.03s)

[0m
[38;5;252m[0m[?25l[38;5;141m> [0m[0m[0m
[0m[0m
Let me start by examining the C source code to understand what needs to be translated.[0m[0m
[?25l[0m[0mReading directory: [38;5;141m.[0m[38;5;244m (using tool: read, max depth: 3, max entries: 1000, excluding: defaults)[0m
[38;5;10m ✓ [0mSuccessfully read directory [38;5;141m.[0m [38;5;244m(6 entries)[0m
[38;5;244m - Completed in 0.3s[0m

[?25l[0m[?25l[0m[0mBatch fs_read operation with [38;5;141m3[0m operations[38;5;244m (using tool: read)[0m

↱ Operation 1: Reading file: [38;5;141m./c_src/include/staticloop.h[0m, all lines
↱ Operation 2: Reading file: [38;5;141m./c_src/src/staticloop.c[0m, all lines
↱ Operation 3: Reading file: [38;5;141m./c_src/CMakeLists.txt[0m, all lines
[38;5;10m ✓ [0mSuccessfully read [38;5;244m1257 bytes[0m from ./c_src/include/staticloop.h

[38;5;10m ✓ [0mSuccessfully read [38;5;244m1441 bytes[0m from ./c_src/src/staticloop.c

[38;5;10m ✓ [0mSuccessfully read [38;5;244m1429 bytes[0m from ./c_src/CMakeLists.txt

 ⋮ 

[38;5;244m- [0mSummary: 3 operations processed, 3 successful, 0 failed
[38;5;244m - Completed in 0.3s[0m

[?25l[0m[38;5;141m> [0mClear picture. Two functions:[0m[0m
- [38;5;10mstatic_sum(int update)[0m — uses a C [38;5;10mstatic[0m local variable to maintain a running sum[0m[0m
- [38;5;10mdriver(int stride)[0m — loops 0..9, calls [38;5;10mstatic_sum(i * stride)[0m, prints each result[0m[0m
[0m[0m
No namespace macros — the linker symbols are [38;5;10mstatic_sum[0m and [38;5;10mdriver[0m as-is.[0m[0m
[0m[0m
The key challenge is faithfully reproducing the C [38;5;10mstatic[0m local variable behavior. I'll use [38;5;10mstd::sync::atomic[0m for the mutable static.[0m[0m
[?25l[0m[0m[38;5;11mTODO:
[39m[0m[ ] Create Cargo.toml with cdylib crate-type
[0m[ ] Create src/lib.rs with translated functions
[0m[ ] Build with cargo build --release and fix errors[38;5;244m - Completed in 0.4s[0m

[?25l[0m[?25l[0m[0mI'll create the following file: [38;5;141m/local/home/scheschb/reserach/TRACTOR/harvest-agentic/results/B01_synthetic/005_static_loop_lib/translated_rust/Cargo.toml[0m[38;5;244m (using tool: write)[0m

[49m[38;5;10m+    1[0m:[38;5;10m[49m [package]
[0m[49m[38;5;10m+    2[0m:[38;5;10m[49m name = "staticloop"
[0m[49m[38;5;10m+    3[0m:[38;5;10m[49m version = "0.1.0"
[0m[49m[38;5;10m+    4[0m:[38;5;10m[49m edition = "2021"
[0m[49m[38;5;10m+    5[0m:[38;5;10m[49m 
[0m[49m[38;5;10m+    6[0m:[38;5;10m[49m [lib]
[0m[49m[38;5;10m+    7[0m:[38;5;10m[49m crate-type = ["cdylib"]
[0m[K
Creating: [38;5;141m/local/home/scheschb/reserach/TRACTOR/harvest-agentic/results/B01_synthetic/005_static_loop_lib/translated_rust/Cargo.toml[0m
[38;5;244m - Completed in 0.35s[0m
[38;5;12m[1m [1.1][0m[0m
[?25l[0m[?25l[0m[0m[38;5;11mTODO:
[39m[38;5;10m[x] [3m[38;5;244mCreate Cargo.toml with cdylib crate-type[23m
[0m[ ] Create src/lib.rs with translated functions[38;5;244m - Completed in 0.4s[0m

[?25l[0m[38;5;141m> [0mNow the lib.rs. The C [38;5;10mstatic int sum = 0[0m persists across calls — I need a global mutable static. Using [38;5;10mAtomicI32[0m matches C's non-thread-safe static (single-threaded use with [38;5;10mRelaxed[0m ordering). For [38;5;10mprintf("%d\n", ...)[0m I'll use [38;5;10mlibc::printf[0m with a format string to get byte-identical output.[0m[0m
[?25l[0m[0mI'll create the following file: [38;5;141m/local/home/scheschb/reserach/TRACTOR/harvest-agentic/results/B01_synthetic/005_static_loop_lib/translated_rust/src/lib.rs[0m[38;5;244m (using tool: write)[0m

[48;2;40;67;43m[39m+     1[0m:[39m[48;2;24;38;30m [38;2;180;142;173muse[38;2;192;197;206m [38;2;192;197;206mstd[38;2;192;197;206m::[38;2;192;197;206mffi[38;2;192;197;206m::[38;2;180;142;173mc_int[38;2;192;197;206m;[K
[0m[48;2;40;67;43m[39m+     2[0m:[39m[48;2;24;38;30m [38;2;180;142;173muse[38;2;192;197;206m [38;2;192;197;206mstd[38;2;192;197;206m::[38;2;192;197;206msync[38;2;192;197;206m::[38;2;192;197;206matomic[38;2;192;197;206m::[38;2;192;197;206m{[38;2;192;197;206mAtomicI32[38;2;192;197;206m,[38;2;192;197;206m Ordering[38;2;192;197;206m}[38;2;192;197;206m;[K
[0m[48;2;40;67;43m[39m+     3[0m:[39m[48;2;24;38;30m [K
[0m[48;2;40;67;43m[39m+     4[0m:[39m[48;2;24;38;30m [38;2;180;142;173mstatic[38;2;192;197;206m [38;2;208;135;112mSUM[38;2;192;197;206m:[38;2;192;197;206m AtomicI32 [38;2;192;197;206m=[38;2;192;197;206m [38;2;192;197;206mAtomicI32[38;2;192;197;206m::[38;2;192;197;206mnew[38;2;192;197;206m([38;2;208;135;112m0[38;2;192;197;206m)[38;2;192;197;206m;[K
[0m[48;2;40;67;43m[39m+     5[0m:[39m[48;2;24;38;30m [K
[0m[48;2;40;67;43m[39m+     6[0m:[39m[48;2;24;38;30m [38;2;192;197;206m#[38;2;192;197;206m[[38;2;191;97;106munsafe[38;2;192;197;206m([38;2;192;197;206mno_mangle[38;2;192;197;206m)[38;2;192;197;206m][K
[0m[48;2;40;67;43m[39m+     7[0m:[39m[48;2;24;38;30m [38;2;180;142;173mpub[38;2;192;197;206m [38;2;180;142;173mextern[38;2;192;197;206m [38;2;192;197;206m"[38;2;163;190;140mC[38;2;192;197;206m"[38;2;192;197;206m [38;2;180;142;173mfn[38;2;192;197;206m [38;2;143;161;179mstatic_sum[38;2;192;197;206m([38;2;191;97;106mupdate[38;2;192;197;206m:[38;2;192;197;206m c_int[38;2;192;197;206m)[38;2;192;197;206m [38;2;192;197;206m->[38;2;192;197;206m c_int[38;2;192;197;206m [38;2;192;197;206m{[K
[0m[48;2;40;67;43m[39m+     8[0m:[39m[48;2;24;38;30m [38;2;192;197;206m    [38;2;180;142;173mlet[38;2;192;197;206m new [38;2;192;197;206m=[38;2;192;197;206m [38;2;208;135;112mSUM[38;2;192;197;206m.[38;2;150;181;180mfetch_add[38;2;192;197;206m([38;2;192;197;206mupdate[38;2;192;197;206m,[38;2;192;197;206m [38;2;192;197;206mOrdering[38;2;192;197;206m::[38;2;192;197;206mRelaxed[38;2;192;197;206m)[38;2;192;197;206m [38;2;192;197;206m+[38;2;192;197;206m update[38;2;192;197;206m;[K
[0m[48;2;40;67;43m[39m+     9[0m:[39m[48;2;24;38;30m [38;2;192;197;206m    new[K
[0m[48;2;40;67;43m[39m+    10[0m:[39m[48;2;24;38;30m [38;2;192;197;206m}[K
[0m[48;2;40;67;43m[39m+    11[0m:[39m[48;2;24;38;30m [K
[0m[48;2;40;67;43m[39m+    12[0m:[39m[48;2;24;38;30m [38;2;192;197;206m#[38;2;192;197;206m[[38;2;191;97;106munsafe[38;2;192;197;206m([38;2;192;197;206mno_mangle[38;2;192;197;206m)[38;2;192;197;206m][K
[0m[48;2;40;67;43m[39m+    13[0m:[39m[48;2;24;38;30m [38;2;180;142;173mpub[38;2;192;197;206m [38;2;180;142;173mextern[38;2;192;197;206m [38;2;192;197;206m"[38;2;163;190;140mC[38;2;192;197;206m"[38;2;192;197;206m [38;2;180;142;173mfn[38;2;192;197;206m [38;2;143;161;179mdriver[38;2;192;197;206m([38;2;191;97;106mstride[38;2;192;197;206m:[38;2;192;197;206m c_int[38;2;192;197;206m)[38;2;192;197;206m [38;2;192;197;206m{[K
[0m[48;2;40;67;43m[39m+    14[0m:[39m[48;2;24;38;30m [38;2;192;197;206m    [38;2;180;142;173mfor[38;2;192;197;206m i [38;2;192;197;206min[38;2;192;197;206m [38;2;208;135;112m0[38;2;192;197;206m..[38;2;208;135;112m10[38;2;192;197;206m [38;2;192;197;206m{[K
[0m[48;2;40;67;43m[39m+    15[0m:[39m[48;2;24;38;30m [38;2;192;197;206m        [38;2;180;142;173mlet[38;2;192;197;206m result [38;2;192;197;206m=[38;2;192;197;206m [38;2;150;181;180mstatic_sum[38;2;192;197;206m([38;2;192;197;206mi [38;2;192;197;206m*[38;2;192;197;206m stride[38;2;192;197;206m)[38;2;192;197;206m;[K
[0m[48;2;40;67;43m[39m+    16[0m:[39m[48;2;24;38;30m [38;2;192;197;206m        [38;2;180;142;173munsafe[38;2;192;197;206m [38;2;192;197;206m{[K
[0m[48;2;40;67;43m[39m+    17[0m:[39m[48;2;24;38;30m [38;2;192;197;206m            [38;2;192;197;206mlibc[38;2;192;197;206m::[38;2;192;197;206mprintf[38;2;192;197;206m([38;2;180;142;173mb[38;2;192;197;206m"[38;2;163;190;140m%d[38;2;150;181;180m\n[38;2;150;181;180m\0[38;2;192;197;206m"[38;2;192;197;206m.[38;2;150;181;180mas_ptr[38;2;192;197;206m([38;2;192;197;206m)[38;2;192;197;206m [38;2;192;197;206mas[38;2;192;197;206m [38;2;192;197;206m*[38;2;180;142;173mconst[38;2;192;197;206m [38;2;192;197;206mlibc[38;2;192;197;206m::[38;2;180;142;173mc_char[38;2;192;197;206m,[38;2;192;197;206m result[38;2;192;197;206m)[38;2;192;197;206m;[K
[0m[48;2;40;67;43m[39m+    18[0m:[39m[48;2;24;38;30m [38;2;192;197;206m        [38;2;192;197;206m}[K
[0m[48;2;40;67;43m[39m+    19[0m:[39m[48;2;24;38;30m [38;2;192;197;206m    [38;2;192;197;206m}[K
[0m[48;2;40;67;43m[39m+    20[0m:[39m[48;2;24;38;30m [38;2;192;197;206m}[K
[0m[K
Creating: [38;5;141m/local/home/scheschb/reserach/TRACTOR/harvest-agentic/results/B01_synthetic/005_static_loop_lib/translated_rust/src/lib.rs[0m
[38;5;244m - Completed in 0.35s[0m
[38;5;12m[1m [1.2][0m[0m
[?25l[0m[38;5;141m> [0mI need the [38;5;10mlibc[0m crate as a dependency:[0m[0m
[?25l[0m[0mI'll modify the following file: [38;5;141mCargo.toml[0m[38;5;244m (using tool: write)[0m

[49m[38;5;10m+     6[0m:[38;5;10m[49m [dependencies]
[0m[49m[38;5;10m+     7[0m:[38;5;10m[49m libc = "0.2"
[0m[49m[38;5;10m+     8[0m:[38;5;10m[49m 
[0m[49m[39m  6,  9[0m:[39m[49m [lib]
[0m[49m[39m  7, 10[0m:[39m[49m crate-type = ["cdylib"]
[0m[K
Updating: [38;5;141mCargo.toml[0m
[38;5;244m - Completed in 0.36s[0m
[38;5;12m[1m [1.3][0m[0m
[?25l[0m[?25l[0m[0m[38;5;11mTODO:
[39m[38;5;10m[x] [3m[38;5;244mCreate src/lib.rs with translated functions[23m
[0m[ ] Build with cargo build --release and fix errors[38;5;244m - Completed in 0.4s[0m

[?25l[0m[38;5;141m> [0mNow let's build:[0m[0m
[?25l[0m[0mI will run the following command: [38;5;141mcd /local/home/scheschb/reserach/TRACTOR/harvest-agentic/results/B01_synthetic/005_static_loop_lib/translated_rust && cargo build --release 2>&1[0m[38;5;244m (using tool: shell)[0m
Purpose: Build the Rust cdylib with cargo

    Updating crates.io index
     Locking 1 package to latest compatible version
   Compiling libc v0.2.183
   Compiling staticloop v0.1.0 (/local/home/scheschb/reserach/TRACTOR/harvest-agentic/results/B01_synthetic/005_static_loop_lib/translated_rust)
    Finished `release` profile [optimized] target(s) in 0.98s
[38;5;244m - Completed in 1.279s[0m
[38;5;12m[1m [1.4][0m[0m
[?25l[0m[38;5;141m> [0mClean build. Let me verify the shared library exports the correct symbols:[0m[0m
[?25l[0m[0mI will run the following command: [38;5;141mnm -D /local/home/scheschb/reserach/TRACTOR/harvest-agentic/results/B01_synthetic/005_static_loop_lib/translated_rust/target/release/libstaticloop.so | grep -E ' T (static_sum|driver)'[0m[38;5;244m (using tool: shell)[0m
Purpose: Verify exported symbols match C library

00000000000005d0 T driver
00000000000006f0 T static_sum
[38;5;244m - Completed in 0.28s[0m

[?25l[0m[38;5;141m> [0mBoth [38;5;10mstatic_sum[0m and [38;5;10mdriver[0m are exported as expected.[0m[0m
[?25l[0m[0m[38;5;11mTODO:
[39m[38;5;10m[x] [3m[38;5;244mCreate Cargo.toml with cdylib crate-type[23m
[38;5;10m[x] [3m[38;5;244mCreate src/lib.rs with translated functions[23m
[38;5;10m[x] [3m[38;5;244mBuild with cargo build --release and fix errors[23m[38;5;244m - Completed in 0.4s[0m

[?25l[0m[38;5;141m> [0mDone. Here's a summary of the translation:[0m[0m
[0m[0m
[1mFiles created:[22m[0m[0m
- [38;5;10mCargo.toml[0m — cdylib crate with [38;5;10mlibc[0m dependency[0m[0m
- [38;5;10msrc/lib.rs[0m — the two exported functions[0m[0m
[0m[0m
[1mKey translation decisions:[22m[0m[0m
[0m[0m
- C's [38;5;10mstatic int sum = 0[0m inside [38;5;10mstatic_sum()[0m → Rust [38;5;10mstatic SUM: AtomicI32[0m (global mutable state matching C's persistent local)[0m[0m
- [38;5;10mprintf("%d\n", ...)[0m → [38;5;10mlibc::printf[0m with the same format string for byte-identical output (Rust's [38;5;10mprintln![0m could differ in buffering behavior)[0m[0m
- [38;5;10m#[unsafe(no_mangle)] pub extern "C"[0m on both functions to match the C linker symbols exactly[0m[0m
- No namespace macros in the original C, so symbol names are used as-is: [38;5;10mstatic_sum[0m and [38;5;10mdriver[0m[0m[0m[38;5;12m[1m✓ Created checkpoint 1

[0m[0m
[38;5;8m
 ▸ Credits: 4.52 • Time: 1m 5s

[0m[1G[0m[0m[?25h