[32mAll tools are now trusted ([0m[31m![0m[32m). Kiro will execute tools without asking for confirmation.[0m
Agents can sometimes do unexpected things so understand the risks.

Learn more at [38;5;141mhttps://kiro.dev/docs/cli/chat/security/#using-tools-trust-all-safely[0m

[38;5;12m[1m📷 Checkpoints are enabled! (took 0.03s)

[0m
[38;5;252m[0m[?25l[38;5;141m> [0m[0m[0m
[0m[0m
I'll start by examining the C source code to understand what needs to be translated.[0m[0m
[?25l[0m[0mReading directory: [38;5;141m.[0m[38;5;244m (using tool: read, max depth: 3, max entries: 1000, excluding: defaults)[0m
[38;5;10m ✓ [0mSuccessfully read directory [38;5;141m.[0m [38;5;244m(6 entries)[0m
[38;5;244m - Completed in 0.4s[0m

[?25l[0m[?25l[0m[0mBatch fs_read operation with [38;5;141m3[0m operations[38;5;244m (using tool: read)[0m

↱ Operation 1: Reading file: [38;5;141m./c_src/CMakeLists.txt[0m, all lines
↱ Operation 2: Reading file: [38;5;141m./c_src/include/lib.h[0m, all lines
↱ Operation 3: Reading file: [38;5;141m./c_src/src/lib.c[0m, all lines
[38;5;10m ✓ [0mSuccessfully read [38;5;244m439 bytes[0m from ./c_src/CMakeLists.txt

[38;5;10m ✓ [0mSuccessfully read [38;5;244m41 bytes[0m from ./c_src/include/lib.h

[38;5;10m ✓ [0mSuccessfully read [38;5;244m4271 bytes[0m from ./c_src/src/lib.c

 ⋮ 

[38;5;244m- [0mSummary: 3 operations processed, 3 successful, 0 failed
[38;5;244m - Completed in 0.4s[0m

[?25l[0m[38;5;141m> [0mNow I have a clear picture. The library has one public function [38;5;10mmemchra2[0m and several static helper functions. Let me create the Rust translation.[0m[0m
[?25l[0m[0m[38;5;11mTODO:
[39m[0m[ ] Create Cargo.toml with cdylib crate type
[0m[ ] Create src/lib.rs with translated Rust code
[0m[ ] Build with cargo build --release and fix errors[38;5;244m - Completed in 0.4s[0m

[?25l[0m[?25l[0m[0mI'll create the following file: [38;5;141m/local/home/scheschb/reserach/TRACTOR/harvest-agentic/results/B02_synthetic/memchra2_lib/translated_rust/Cargo.toml[0m[38;5;244m (using tool: write)[0m

[49m[38;5;10m+    1[0m:[38;5;10m[49m [package]
[0m[49m[38;5;10m+    2[0m:[38;5;10m[49m name = "memchra2_lib"
[0m[49m[38;5;10m+    3[0m:[38;5;10m[49m version = "0.1.0"
[0m[49m[38;5;10m+    4[0m:[38;5;10m[49m edition = "2021"
[0m[49m[38;5;10m+    5[0m:[38;5;10m[49m 
[0m[49m[38;5;10m+    6[0m:[38;5;10m[49m [lib]
[0m[49m[38;5;10m+    7[0m:[38;5;10m[49m crate-type = ["cdylib"]
[0m[K
Creating: [38;5;141m/local/home/scheschb/reserach/TRACTOR/harvest-agentic/results/B02_synthetic/memchra2_lib/translated_rust/Cargo.toml[0m
[38;5;244m - Completed in 0.35s[0m
[38;5;12m[1m [1.1][0m[0m
[?25l[0m[?25l[0m[0m[38;5;11mTODO:
[39m[38;5;10m[x] [3m[38;5;244mCreate Cargo.toml with cdylib crate type[23m
[0m[ ] Create src/lib.rs with translated Rust code[38;5;244m - Completed in 0.4s[0m

[?25l[0m[38;5;141m> [0mNow the Rust translation. Key things to reproduce exactly:[0m[0m
- [38;5;10mmemchra[0m: counts occurrences of [38;5;10m(char)c[0m in a buffer[0m[0m
- [38;5;10mprocess_buffer[0m: sums char values, returns -1 for null/empty[0m[0m
- [38;5;10mint_to_float_bits[0m: reinterpret int bits as float (union)[0m[0m
- [38;5;10mprocess_strings[0m: count strings starting with target via [38;5;10mstrncmp[0m[0m[0m
- [38;5;10msafe_sum_array[0m: sum with wrapping (C signed overflow is UB but typically wraps)[0m[0m
- [38;5;10minterpret_as_int[0m: reinterpret bytes as int (little-endian on x86)[0m[0m
- [38;5;10mcount_occurrences[0m: strlen then memchra[0m[0m
- [38;5;10mcomplex_iteration[0m: XOR low bytes[0m[0m
- [38;5;10mmemchra2[0m: the public function combining all of the above[0m[0m
[?25l[0m[0mI will run the following command: [38;5;141mmkdir -p src[0m[38;5;244m (using tool: shell)[0m

[38;5;244m - Completed in 0.8s[0m

[?25l[0m[?25l[0m[0mI'll create the following file: [38;5;141m/local/home/scheschb/reserach/TRACTOR/harvest-agentic/results/B02_synthetic/memchra2_lib/translated_rust/src/lib.rs[0m[38;5;244m (using tool: write)[0m

[48;2;40;67;43m[39m+      1[0m:[39m[48;2;24;38;30m [38;2;180;142;173muse[38;2;192;197;206m [38;2;192;197;206mstd[38;2;192;197;206m::[38;2;192;197;206mos[38;2;192;197;206m::[38;2;192;197;206mraw[38;2;192;197;206m::[38;2;180;142;173mc_int[38;2;192;197;206m;[K
[0m[48;2;40;67;43m[39m+      2[0m:[39m[48;2;24;38;30m [K
[0m[48;2;40;67;43m[39m+      3[0m:[39m[48;2;24;38;30m [38;2;180;142;173mfn[38;2;192;197;206m [38;2;143;161;179mmemchra[38;2;192;197;206m([38;2;191;97;106mstr_ptr[38;2;192;197;206m:[38;2;192;197;206m *const [38;2;180;142;173mu8[38;2;192;197;206m, [38;2;191;97;106mc[38;2;192;197;206m:[38;2;192;197;206m c_int, [38;2;191;97;106mn[38;2;192;197;206m:[38;2;192;197;206m [38;2;180;142;173musize[38;2;192;197;206m)[38;2;192;197;206m [38;2;192;197;206m->[38;2;192;197;206m c_int[38;2;192;197;206m [38;2;192;197;206m{[K
[0m[48;2;40;67;43m[39m+      4[0m:[39m[48;2;24;38;30m [38;2;192;197;206m    [38;2;180;142;173mlet[38;2;192;197;206m [38;2;180;142;173mmut[38;2;192;197;206m count[38;2;192;197;206m:[38;2;192;197;206m [38;2;180;142;173mc_int[38;2;192;197;206m [38;2;192;197;206m=[38;2;192;197;206m [38;2;208;135;112m0[38;2;192;197;206m;[K
[0m[48;2;40;67;43m[39m+      5[0m:[39m[48;2;24;38;30m [38;2;192;197;206m    [38;2;180;142;173mfor[38;2;192;197;206m i [38;2;192;197;206min[38;2;192;197;206m [38;2;208;135;112m0[38;2;192;197;206m..[38;2;192;197;206mn [38;2;192;197;206m{[K
[0m[48;2;40;67;43m[39m+      6[0m:[39m[48;2;24;38;30m [38;2;192;197;206m        [38;2;180;142;173mif[38;2;192;197;206m [38;2;180;142;173munsafe[38;2;192;197;206m [38;2;192;197;206m{[38;2;192;197;206m [38;2;192;197;206m*[38;2;192;197;206mstr_ptr.[38;2;150;181;180madd[38;2;192;197;206m([38;2;192;197;206mi[38;2;192;197;206m)[38;2;192;197;206m [38;2;192;197;206m}[38;2;192;197;206m [38;2;192;197;206m=[38;2;192;197;206m=[38;2;192;197;206m c [38;2;192;197;206mas[38;2;192;197;206m [38;2;180;142;173mu8[38;2;192;197;206m [38;2;192;197;206m{[K
[0m[48;2;40;67;43m[39m+      7[0m:[39m[48;2;24;38;30m [38;2;192;197;206m            count [38;2;192;197;206m+[38;2;192;197;206m=[38;2;192;197;206m [38;2;208;135;112m1[38;2;192;197;206m;[K
[0m[48;2;40;67;43m[39m+      8[0m:[39m[48;2;24;38;30m [38;2;192;197;206m        [38;2;192;197;206m}[K
[0m[48;2;40;67;43m[39m+      9[0m:[39m[48;2;24;38;30m [38;2;192;197;206m    [38;2;192;197;206m}[K
[0m[48;2;40;67;43m[39m+     10[0m:[39m[48;2;24;38;30m [38;2;192;197;206m    count[K
[0m[48;2;40;67;43m[39m+     11[0m:[39m[48;2;24;38;30m [38;2;192;197;206m}[K
[0m[48;2;40;67;43m[39m+     12[0m:[39m[48;2;24;38;30m [K
[0m[48;2;40;67;43m[39m+     13[0m:[39m[48;2;24;38;30m [38;2;180;142;173mfn[38;2;192;197;206m [38;2;143;161;179mprocess_buffer[38;2;192;197;206m([38;2;191;97;106mbuffer[38;2;192;197;206m:[38;2;192;197;206m *[38;2;180;142;173mmut[38;2;192;197;206m [38;2;180;142;173mu8[38;2;192;197;206m, [38;2;191;97;106mlen[38;2;192;197;206m:[38;2;192;197;206m [38;2;180;142;173musize[38;2;192;197;206m)[38;2;192;197;206m [38;2;192;197;206m->[38;2;192;197;206m c_int[38;2;192;197;206m [38;2;192;197;206m{[K
[0m[48;2;40;67;43m[39m+     14[0m:[39m[48;2;24;38;30m [38;2;192;197;206m    [38;2;180;142;173mif[38;2;192;197;206m buffer.[38;2;150;181;180mis_null[38;2;192;197;206m([38;2;192;197;206m)[38;2;192;197;206m [38;2;192;197;206m|[38;2;192;197;206m|[38;2;192;197;206m [38;2;180;142;173munsafe[38;2;192;197;206m [38;2;192;197;206m{[38;2;192;197;206m [38;2;192;197;206m*[38;2;192;197;206mbuffer [38;2;192;197;206m}[38;2;192;197;206m [38;2;192;197;206m=[38;2;192;197;206m=[38;2;192;197;206m [38;2;208;135;112m0[38;2;192;197;206m [38;2;192;197;206m{[K
[0m[48;2;40;67;43m[39m+     15[0m:[39m[48;2;24;38;30m [38;2;192;197;206m        [38;2;180;142;173mreturn[38;2;192;197;206m [38;2;192;197;206m-[38;2;208;135;112m1[38;2;192;197;206m;[K
[0m[48;2;40;67;43m[39m+     16[0m:[39m[48;2;24;38;30m [38;2;192;197;206m    [38;2;192;197;206m}[K
[0m[48;2;40;67;43m[39m+     17[0m:[39m[48;2;24;38;30m [38;2;192;197;206m    [38;2;180;142;173mlet[38;2;192;197;206m [38;2;180;142;173mmut[38;2;192;197;206m result[38;2;192;197;206m:[38;2;192;197;206m [38;2;180;142;173mc_int[38;2;192;197;206m [38;2;192;197;206m=[38;2;192;197;206m [38;2;208;135;112m0[38;2;192;197;206m;[K
[0m[48;2;40;67;43m[39m+     18[0m:[39m[48;2;24;38;30m [38;2;192;197;206m    [38;2;180;142;173mlet[38;2;192;197;206m [38;2;180;142;173mmut[38;2;192;197;206m i [38;2;192;197;206m=[38;2;192;197;206m buffer[38;2;192;197;206m;[K
[0m[48;2;40;67;43m[39m+     19[0m:[39m[48;2;24;38;30m [38;2;192;197;206m    [38;2;180;142;173mlet[38;2;192;197;206m end [38;2;192;197;206m=[38;2;192;197;206m [38;2;180;142;173munsafe[38;2;192;197;206m [38;2;192;197;206m{[38;2;192;197;206m buffer.[38;2;150;181;180madd[38;2;192;197;206m([38;2;192;197;206mlen[38;2;192;197;206m)[38;2;192;197;206m [38;2;192;197;206m}[38;2;192;197;206m;[K
[0m[48;2;40;67;43m[39m+     20[0m:[39m[48;2;24;38;30m [38;2;192;197;206m    [38;2;180;142;173mwhile[38;2;192;197;206m i [38;2;192;197;206m<[38;2;192;197;206m end [38;2;192;197;206m&[38;2;192;197;206m&[38;2;192;197;206m [38;2;180;142;173munsafe[38;2;192;197;206m [38;2;192;197;206m{[38;2;192;197;206m [38;2;192;197;206m*[38;2;192;197;206mi [38;2;192;197;206m}[38;2;192;197;206m [38;2;192;197;206m![38;2;192;197;206m=[38;2;192;197;206m [38;2;208;135;112m0[38;2;192;197;206m [38;2;192;197;206m{[K
[0m[48;2;40;67;43m[39m+     21[0m:[39m[48;2;24;38;30m [38;2;192;197;206m        result [38;2;192;197;206m+[38;2;192;197;206m=[38;2;192;197;206m [38;2;180;142;173munsafe[38;2;192;197;206m [38;2;192;197;206m{[38;2;192;197;206m [38;2;192;197;206m*[38;2;192;197;206mi [38;2;192;197;206m}[38;2;192;197;206m [38;2;192;197;206mas[38;2;192;197;206m [38;2;180;142;173mc_int[38;2;192;197;206m;[K
[0m[48;2;40;67;43m[39m+     22[0m:[39m[48;2;24;38;30m [38;2;192;197;206m        i [38;2;192;197;206m=[38;2;192;197;206m [38;2;180;142;173munsafe[38;2;192;197;206m [38;2;192;197;206m{[38;2;192;197;206m i.[38;2;150;181;180madd[38;2;192;197;206m([38;2;208;135;112m1[38;2;192;197;206m)[38;2;192;197;206m [38;2;192;197;206m}[38;2;192;197;206m;[K
[0m[48;2;40;67;43m[39m+     23[0m:[39m[48;2;24;38;30m [38;2;192;197;206m    [38;2;192;197;206m}[K
[0m[48;2;40;67;43m[39m+     24[0m:[39m[48;2;24;38;30m [38;2;192;197;206m    result[K
[0m[48;2;40;67;43m[39m+     25[0m:[39m[48;2;24;38;30m [38;2;192;197;206m}[K
[0m[48;2;40;67;43m[39m+     26[0m:[39m[48;2;24;38;30m [K
[0m[48;2;40;67;43m[39m+     27[0m:[39m[48;2;24;38;30m [38;2;180;142;173mfn[38;2;192;197;206m [38;2;143;161;179mint_to_float_bits[38;2;192;197;206m([38;2;191;97;106mvalue[38;2;192;197;206m:[38;2;192;197;206m c_int[38;2;192;197;206m)[38;2;192;197;206m [38;2;192;197;206m->[38;2;192;197;206m [38;2;180;142;173mf32[38;2;192;197;206m [38;2;192;197;206m{[K
[0m[48;2;40;67;43m[39m+     28[0m:[39m[48;2;24;38;30m [38;2;192;197;206m    [38;2;180;142;173mf32[38;2;192;197;206m::[38;2;192;197;206mfrom_bits[38;2;192;197;206m([38;2;192;197;206mvalue [38;2;192;197;206mas[38;2;192;197;206m [38;2;180;142;173mu32[38;2;192;197;206m)[K
[0m[48;2;40;67;43m[39m+     29[0m:[39m[48;2;24;38;30m [38;2;192;197;206m}[K
[0m[48;2;40;67;43m[39m+     30[0m:[39m[48;2;24;38;30m [K
[0m[48;2;40;67;43m[39m+     31[0m:[39m[48;2;24;38;30m [38;2;180;142;173mfn[38;2;192;197;206m [38;2;143;161;179mprocess_strings[38;2;192;197;206m([38;2;191;97;106mstrings[38;2;192;197;206m:[38;2;192;197;206m *[38;2;180;142;173mmut[38;2;192;197;206m *[38;2;180;142;173mmut[38;2;192;197;206m [38;2;180;142;173mu8[38;2;192;197;206m, [38;2;191;97;106mcount[38;2;192;197;206m:[38;2;192;197;206m c_int, [38;2;191;97;106mtarget[38;2;192;197;206m:[38;2;192;197;206m *const [38;2;180;142;173mu8[38;2;192;197;206m)[38;2;192;197;206m [38;2;192;197;206m->[38;2;192;197;206m c_int[38;2;192;197;206m [38;2;192;197;206m{[K
[0m[48;2;40;67;43m[39m+     32[0m:[39m[48;2;24;38;30m [38;2;192;197;206m    [38;2;180;142;173mif[38;2;192;197;206m strings.[38;2;150;181;180mis_null[38;2;192;197;206m([38;2;192;197;206m)[38;2;192;197;206m [38;2;192;197;206m|[38;2;192;197;206m|[38;2;192;197;206m count [38;2;192;197;206m<[38;2;192;197;206m=[38;2;192;197;206m [38;2;208;135;112m0[38;2;192;197;206m [38;2;192;197;206m{[K
[0m[48;2;40;67;43m[39m+     33[0m:[39m[48;2;24;38;30m [38;2;192;197;206m        [38;2;180;142;173mreturn[38;2;192;197;206m [38;2;208;135;112m0[38;2;192;197;206m;[K
[0m[48;2;40;67;43m[39m+     34[0m:[39m[48;2;24;38;30m [38;2;192;197;206m    [38;2;192;197;206m}[K
[0m[48;2;40;67;43m[39m+     35[0m:[39m[48;2;24;38;30m [38;2;192;197;206m    [38;2;180;142;173mlet[38;2;192;197;206m target_len [38;2;192;197;206m=[38;2;192;197;206m [38;2;180;142;173munsafe[38;2;192;197;206m [38;2;192;197;206m{[38;2;192;197;206m [38;2;150;181;180mlibc_strlen[38;2;192;197;206m([38;2;192;197;206mtarget[38;2;192;197;206m)[38;2;192;197;206m [38;2;192;197;206m}[38;2;192;197;206m;[K
[0m[48;2;40;67;43m[39m+     36[0m:[39m[48;2;24;38;30m [38;2;192;197;206m    [38;2;180;142;173mlet[38;2;192;197;206m [38;2;180;142;173mmut[38;2;192;197;206m matches[38;2;192;197;206m:[38;2;192;197;206m [38;2;180;142;173mc_int[38;2;192;197;206m [38;2;192;197;206m=[38;2;192;197;206m [38;2;208;135;112m0[38;2;192;197;206m;[K
[0m[48;2;40;67;43m[39m+     37[0m:[39m[48;2;24;38;30m [38;2;192;197;206m    [38;2;180;142;173mfor[38;2;192;197;206m idx [38;2;192;197;206min[38;2;192;197;206m [38;2;208;135;112m0[38;2;192;197;206m..[38;2;192;197;206mcount [38;2;192;197;206mas[38;2;192;197;206m [38;2;180;142;173musize[38;2;192;197;206m [38;2;192;197;206m{[K
[0m[48;2;40;67;43m[39m+     38[0m:[39m[48;2;24;38;30m [38;2;192;197;206m        [38;2;180;142;173mlet[38;2;192;197;206m s [38;2;192;197;206m=[38;2;192;197;206m [38;2;180;142;173munsafe[38;2;192;197;206m [38;2;192;197;206m{[38;2;192;197;206m [38;2;192;197;206m*[38;2;192;197;206mstrings.[38;2;150;181;180madd[38;2;192;197;206m([38;2;192;197;206midx[38;2;192;197;206m)[38;2;192;197;206m [38;2;192;197;206m}[38;2;192;197;206m;[K
[0m[48;2;40;67;43m[39m+     39[0m:[39m[48;2;24;38;30m [38;2;192;197;206m        [38;2;180;142;173mif[38;2;192;197;206m s.[38;2;150;181;180mis_null[38;2;192;197;206m([38;2;192;197;206m)[38;2;192;197;206m [38;2;192;197;206m|[38;2;192;197;206m|[38;2;192;197;206m [38;2;180;142;173munsafe[38;2;192;197;206m [38;2;192;197;206m{[38;2;192;197;206m [38;2;192;197;206m*[38;2;192;197;206ms [38;2;192;197;206m}[38;2;192;197;206m [38;2;192;197;206m=[38;2;192;197;206m=[38;2;192;197;206m [38;2;208;135;112m0[38;2;192;197;206m [38;2;192;197;206m{[K
[0m[48;2;40;67;43m[39m+     40[0m:[39m[48;2;24;38;30m [38;2;192;197;206m            [38;2;180;142;173mcontinue[38;2;192;197;206m;[K
[0m[48;2;40;67;43m[39m+     41[0m:[39m[48;2;24;38;30m [38;2;192;197;206m        [38;2;192;197;206m}[K
[0m[48;2;40;67;43m[39m+     42[0m:[39m[48;2;24;38;30m [38;2;192;197;206m        [38;2;180;142;173mif[38;2;192;197;206m [38;2;180;142;173munsafe[38;2;192;197;206m [38;2;192;197;206m{[38;2;192;197;206m [38;2;150;181;180mlibc_strncmp[38;2;192;197;206m([38;2;192;197;206ms[38;2;192;197;206m,[38;2;192;197;206m target[38;2;192;197;206m,[38;2;192;197;206m target_len[38;2;192;197;206m)[38;2;192;197;206m [38;2;192;197;206m}[38;2;192;197;206m [38;2;192;197;206m=[38;2;192;197;206m=[38;2;192;197;206m [38;2;208;135;112m0[38;2;192;197;206m [38;2;192;197;206m{[K
[0m[48;2;40;67;43m[39m+     43[0m:[39m[48;2;24;38;30m [38;2;192;197;206m            matches [38;2;192;197;206m+[38;2;192;197;206m=[38;2;192;197;206m [38;2;208;135;112m1[38;2;192;197;206m;[K
[0m[48;2;40;67;43m[39m+     44[0m:[39m[48;2;24;38;30m [38;2;192;197;206m        [38;2;192;197;206m}[K
[0m[48;2;40;67;43m[39m+     45[0m:[39m[48;2;24;38;30m [38;2;192;197;206m    [38;2;192;197;206m}[K
[0m[48;2;40;67;43m[39m+     46[0m:[39m[48;2;24;38;30m [38;2;192;197;206m    matches[K
[0m[48;2;40;67;43m[39m+     47[0m:[39m[48;2;24;38;30m [38;2;192;197;206m}[K
[0m[48;2;40;67;43m[39m+     48[0m:[39m[48;2;24;38;30m [K
[0m[48;2;40;67;43m[39m+     49[0m:[39m[48;2;24;38;30m [38;2;180;142;173mfn[38;2;192;197;206m [38;2;143;161;179msafe_sum_array[38;2;192;197;206m([38;2;191;97;106marr[38;2;192;197;206m:[38;2;192;197;206m *const c_int, [38;2;191;97;106msize[38;2;192;197;206m:[38;2;192;197;206m [38;2;180;142;173musize[38;2;192;197;206m)[38;2;192;197;206m [38;2;192;197;206m->[38;2;192;197;206m c_int[38;2;192;197;206m [38;2;192;197;206m{[K
[0m[48;2;40;67;43m[39m+     50[0m:[39m[48;2;24;38;30m [38;2;192;197;206m    [38;2;180;142;173mif[38;2;192;197;206m arr.[38;2;150;181;180mis_null[38;2;192;197;206m([38;2;192;197;206m)[38;2;192;197;206m [38;2;192;197;206m|[38;2;192;197;206m|[38;2;192;197;206m size [38;2;192;197;206m=[38;2;192;197;206m=[38;2;192;197;206m [38;2;208;135;112m0[38;2;192;197;206m [38;2;192;197;206m{[K
[0m[48;2;40;67;43m[39m+     51[0m:[39m[48;2;24;38;30m [38;2;192;197;206m        [38;2;180;142;173mreturn[38;2;192;197;206m [38;2;208;135;112m0[38;2;192;197;206m;[K
[0m[48;2;40;67;43m[39m+     52[0m:[39m[48;2;24;38;30m [38;2;192;197;206m    [38;2;192;197;206m}[K
[0m[48;2;40;67;43m[39m+     53[0m:[39m[48;2;24;38;30m [38;2;192;197;206m    [38;2;180;142;173mlet[38;2;192;197;206m [38;2;180;142;173mmut[38;2;192;197;206m sum[38;2;192;197;206m:[38;2;192;197;206m [38;2;180;142;173mc_int[38;2;192;197;206m [38;2;192;197;206m=[38;2;192;197;206m [38;2;208;135;112m0[38;2;192;197;206m;[K
[0m[48;2;40;67;43m[39m+     54[0m:[39m[48;2;24;38;30m [38;2;192;197;206m    [38;2;180;142;173mfor[38;2;192;197;206m i [38;2;192;197;206min[38;2;192;197;206m [38;2;208;135;112m0[38;2;192;197;206m..[38;2;192;197;206msize [38;2;192;197;206m{[K
[0m[48;2;40;67;43m[39m+     55[0m:[39m[48;2;24;38;30m [38;2;192;197;206m        sum [38;2;192;197;206m=[38;2;192;197;206m sum.[38;2;150;181;180mwrapping_add[38;2;192;197;206m([38;2;180;142;173munsafe[38;2;192;197;206m [38;2;192;197;206m{[38;2;192;197;206m [38;2;192;197;206m*[38;2;192;197;206marr.[38;2;150;181;180madd[38;2;192;197;206m([38;2;192;197;206mi[38;2;192;197;206m)[38;2;192;197;206m [38;2;192;197;206m}[38;2;192;197;206m)[38;2;192;197;206m;[K
[0m[48;2;40;67;43m[39m+     56[0m:[39m[48;2;24;38;30m [38;2;192;197;206m    [38;2;192;197;206m}[K
[0m[48;2;40;67;43m[39m+     57[0m:[39m[48;2;24;38;30m [38;2;192;197;206m    sum[K
[0m[48;2;40;67;43m[39m+     58[0m:[39m[48;2;24;38;30m [38;2;192;197;206m}[K
[0m[48;2;40;67;43m[39m+     59[0m:[39m[48;2;24;38;30m [K
[0m[48;2;40;67;43m[39m+     60[0m:[39m[48;2;24;38;30m [38;2;180;142;173mfn[38;2;192;197;206m [38;2;143;161;179minterpret_as_int[38;2;192;197;206m([38;2;191;97;106mbytes[38;2;192;197;206m:[38;2;192;197;206m *const [38;2;180;142;173mu8[38;2;192;197;206m, [38;2;191;97;106mlen[38;2;192;197;206m:[38;2;192;197;206m [38;2;180;142;173musize[38;2;192;197;206m)[38;2;192;197;206m [38;2;192;197;206m->[38;2;192;197;206m c_int[38;2;192;197;206m [38;2;192;197;206m{[K
[0m[48;2;40;67;43m[39m+     61[0m:[39m[48;2;24;38;30m [38;2;192;197;206m    [38;2;180;142;173mif[38;2;192;197;206m bytes.[38;2;150;181;180mis_null[38;2;192;197;206m([38;2;192;197;206m)[38;2;192;197;206m [38;2;192;197;206m|[38;2;192;197;206m|[38;2;192;197;206m len [38;2;192;197;206m<[38;2;192;197;206m [38;2;192;197;206mstd[38;2;192;197;206m::[38;2;192;197;206mmem[38;2;192;197;206m::[38;2;192;197;206msize_of[38;2;192;197;206m::[38;2;192;197;206m<[38;2;192;197;206mc_int[38;2;192;197;206m>[38;2;192;197;206m([38;2;192;197;206m)[38;2;192;197;206m [38;2;192;197;206m{[K
[0m[48;2;40;67;43m[39m+     62[0m:[39m[48;2;24;38;30m [38;2;192;197;206m        [38;2;180;142;173mreturn[38;2;192;197;206m [38;2;208;135;112m0[38;2;192;197;206m;[K
[0m[48;2;40;67;43m[39m+     63[0m:[39m[48;2;24;38;30m [38;2;192;197;206m    [38;2;192;197;206m}[K
[0m[48;2;40;67;43m[39m+     64[0m:[39m[48;2;24;38;30m [38;2;192;197;206m    [38;2;180;142;173mlet[38;2;192;197;206m [38;2;180;142;173mmut[38;2;192;197;206m buf [38;2;192;197;206m=[38;2;192;197;206m [38;2;192;197;206m[[38;2;208;135;112m0[38;2;180;142;173mu8[38;2;192;197;206m;[38;2;192;197;206m [38;2;208;135;112m4[38;2;192;197;206m][38;2;192;197;206m;[K
[0m[48;2;40;67;43m[39m+     65[0m:[39m[48;2;24;38;30m [38;2;192;197;206m    [38;2;180;142;173munsafe[38;2;192;197;206m [38;2;192;197;206m{[38;2;192;197;206m [38;2;192;197;206mstd[38;2;192;197;206m::[38;2;192;197;206mptr[38;2;192;197;206m::[38;2;192;197;206mcopy_nonoverlapping[38;2;192;197;206m([38;2;192;197;206mbytes[38;2;192;197;206m,[38;2;192;197;206m buf.[38;2;150;181;180mas_mut_ptr[38;2;192;197;206m([38;2;192;197;206m)[38;2;192;197;206m,[38;2;192;197;206m [38;2;208;135;112m4[38;2;192;197;206m)[38;2;192;197;206m [38;2;192;197;206m}[38;2;192;197;206m;[K
[0m[48;2;40;67;43m[39m+     66[0m:[39m[48;2;24;38;30m [38;2;192;197;206m    [38;2;180;142;173mc_int[38;2;192;197;206m::[38;2;192;197;206mfrom_ne_bytes[38;2;192;197;206m([38;2;192;197;206mbuf[38;2;192;197;206m)[K
[0m[48;2;40;67;43m[39m+     67[0m:[39m[48;2;24;38;30m [38;2;192;197;206m}[K
[0m[48;2;40;67;43m[39m+     68[0m:[39m[48;2;24;38;30m [K
[0m[48;2;40;67;43m[39m+     69[0m:[39m[48;2;24;38;30m [38;2;180;142;173mfn[38;2;192;197;206m [38;2;143;161;179mcount_occurrences[38;2;192;197;206m([38;2;191;97;106mtext[38;2;192;197;206m:[38;2;192;197;206m *const [38;2;180;142;173mu8[38;2;192;197;206m, [38;2;191;97;106mch[38;2;192;197;206m:[38;2;192;197;206m [38;2;180;142;173mu8[38;2;192;197;206m)[38;2;192;197;206m [38;2;192;197;206m->[38;2;192;197;206m c_int[38;2;192;197;206m [38;2;192;197;206m{[K
[0m[48;2;40;67;43m[39m+     70[0m:[39m[48;2;24;38;30m [38;2;192;197;206m    [38;2;180;142;173mif[38;2;192;197;206m text.[38;2;150;181;180mis_null[38;2;192;197;206m([38;2;192;197;206m)[38;2;192;197;206m [38;2;192;197;206m|[38;2;192;197;206m|[38;2;192;197;206m [38;2;180;142;173munsafe[38;2;192;197;206m [38;2;192;197;206m{[38;2;192;197;206m [38;2;192;197;206m*[38;2;192;197;206mtext [38;2;192;197;206m}[38;2;192;197;206m [38;2;192;197;206m=[38;2;192;197;206m=[38;2;192;197;206m [38;2;208;135;112m0[38;2;192;197;206m [38;2;192;197;206m{[K
[0m[48;2;40;67;43m[39m+     71[0m:[39m[48;2;24;38;30m [38;2;192;197;206m        [38;2;180;142;173mreturn[38;2;192;197;206m [38;2;208;135;112m0[38;2;192;197;206m;[K
[0m[48;2;40;67;43m[39m+     72[0m:[39m[48;2;24;38;30m [38;2;192;197;206m    [38;2;192;197;206m}[K
[0m[48;2;40;67;43m[39m+     73[0m:[39m[48;2;24;38;30m [38;2;192;197;206m    [38;2;180;142;173mlet[38;2;192;197;206m len [38;2;192;197;206m=[38;2;192;197;206m [38;2;180;142;173munsafe[38;2;192;197;206m [38;2;192;197;206m{[38;2;192;197;206m [38;2;150;181;180mlibc_strlen[38;2;192;197;206m([38;2;192;197;206mtext[38;2;192;197;206m)[38;2;192;197;206m [38;2;192;197;206m}[38;2;192;197;206m;[K
[0m[48;2;40;67;43m[39m+     74[0m:[39m[48;2;24;38;30m [38;2;192;197;206m    [38;2;150;181;180mmemchra[38;2;192;197;206m([38;2;192;197;206mtext[38;2;192;197;206m,[38;2;192;197;206m ch [38;2;192;197;206mas[38;2;192;197;206m [38;2;180;142;173mc_int[38;2;192;197;206m,[38;2;192;197;206m len[38;2;192;197;206m)[K
[0m[48;2;40;67;43m[39m+     75[0m:[39m[48;2;24;38;30m [38;2;192;197;206m}[K
[0m[48;2;40;67;43m[39m+     76[0m:[39m[48;2;24;38;30m [K
[0m[48;2;40;67;43m[39m+     77[0m:[39m[48;2;24;38;30m [38;2;180;142;173mfn[38;2;192;197;206m [38;2;143;161;179mcomplex_iteration[38;2;192;197;206m([38;2;191;97;106mdata[38;2;192;197;206m:[38;2;192;197;206m *const c_int, [38;2;191;97;106mcount[38;2;192;197;206m:[38;2;192;197;206m [38;2;180;142;173musize[38;2;192;197;206m)[38;2;192;197;206m [38;2;192;197;206m->[38;2;192;197;206m c_int[38;2;192;197;206m [38;2;192;197;206m{[K
[0m[48;2;40;67;43m[39m+     78[0m:[39m[48;2;24;38;30m [38;2;192;197;206m    [38;2;180;142;173mif[38;2;192;197;206m data.[38;2;150;181;180mis_null[38;2;192;197;206m([38;2;192;197;206m)[38;2;192;197;206m [38;2;192;197;206m|[38;2;192;197;206m|[38;2;192;197;206m count [38;2;192;197;206m=[38;2;192;197;206m=[38;2;192;197;206m [38;2;208;135;112m0[38;2;192;197;206m [38;2;192;197;206m{[K
[0m[48;2;40;67;43m[39m+     79[0m:[39m[48;2;24;38;30m [38;2;192;197;206m        [38;2;180;142;173mreturn[38;2;192;197;206m [38;2;192;197;206m-[38;2;208;135;112m1[38;2;192;197;206m;[K
[0m[48;2;40;67;43m[39m+     80[0m:[39m[48;2;24;38;30m [38;2;192;197;206m    [38;2;192;197;206m}[K
[0m[48;2;40;67;43m[39m+     81[0m:[39m[48;2;24;38;30m [38;2;192;197;206m    [38;2;180;142;173mlet[38;2;192;197;206m [38;2;180;142;173mmut[38;2;192;197;206m result[38;2;192;197;206m:[38;2;192;197;206m [38;2;180;142;173mc_int[38;2;192;197;206m [38;2;192;197;206m=[38;2;192;197;206m [38;2;208;135;112m0[38;2;192;197;206m;[K
[0m[48;2;40;67;43m[39m+     82[0m:[39m[48;2;24;38;30m [38;2;192;197;206m    [38;2;180;142;173mfor[38;2;192;197;206m i [38;2;192;197;206min[38;2;192;197;206m [38;2;208;135;112m0[38;2;192;197;206m..[38;2;192;197;206mcount [38;2;192;197;206m{[K
[0m[48;2;40;67;43m[39m+     83[0m:[39m[48;2;24;38;30m [38;2;192;197;206m        [38;2;180;142;173mlet[38;2;192;197;206m u [38;2;192;197;206m=[38;2;192;197;206m [38;2;180;142;173munsafe[38;2;192;197;206m [38;2;192;197;206m{[38;2;192;197;206m [38;2;192;197;206m*[38;2;192;197;206mdata.[38;2;150;181;180madd[38;2;192;197;206m([38;2;192;197;206mi[38;2;192;197;206m)[38;2;192;197;206m [38;2;192;197;206m}[38;2;192;197;206m [38;2;192;197;206mas[38;2;192;197;206m [38;2;180;142;173mu32[38;2;192;197;206m;[K
[0m[48;2;40;67;43m[39m+     84[0m:[39m[48;2;24;38;30m [38;2;192;197;206m        result [38;2;192;197;206m^[38;2;192;197;206m=[38;2;192;197;206m [38;2;192;197;206m([38;2;192;197;206mu [38;2;192;197;206m&[38;2;192;197;206m [38;2;208;135;112m0xFF[38;2;192;197;206m)[38;2;192;197;206m [38;2;192;197;206mas[38;2;192;197;206m [38;2;180;142;173mc_int[38;2;192;197;206m;[K
[0m[48;2;40;67;43m[39m+     85[0m:[39m[48;2;24;38;30m [38;2;192;197;206m    [38;2;192;197;206m}[K
[0m[48;2;40;67;43m[39m+     86[0m:[39m[48;2;24;38;30m [38;2;192;197;206m    result[K
[0m[48;2;40;67;43m[39m+     87[0m:[39m[48;2;24;38;30m [38;2;192;197;206m}[K
[0m[48;2;40;67;43m[39m+     88[0m:[39m[48;2;24;38;30m [K
[0m[48;2;40;67;43m[39m+     89[0m:[39m[48;2;24;38;30m [38;2;101;115;126m//[38;2;101;115;126m Minimal C-compatible helpers to avoid libc dependency[K
[0m[48;2;40;67;43m[39m+     90[0m:[39m[48;2;24;38;30m [38;2;180;142;173munsafe[38;2;192;197;206m [38;2;180;142;173mfn[38;2;192;197;206m [38;2;143;161;179mlibc_strlen[38;2;192;197;206m([38;2;191;97;106ms[38;2;192;197;206m:[38;2;192;197;206m *const [38;2;180;142;173mu8[38;2;192;197;206m)[38;2;192;197;206m [38;2;192;197;206m->[38;2;192;197;206m [38;2;180;142;173musize[38;2;192;197;206m [38;2;192;197;206m{[K
[0m[48;2;40;67;43m[39m+     91[0m:[39m[48;2;24;38;30m [38;2;192;197;206m    [38;2;180;142;173mlet[38;2;192;197;206m [38;2;180;142;173mmut[38;2;192;197;206m len [38;2;192;197;206m=[38;2;192;197;206m [38;2;208;135;112m0[38;2;192;197;206m;[K
[0m[48;2;40;67;43m[39m+     92[0m:[39m[48;2;24;38;30m [38;2;192;197;206m    [38;2;180;142;173mwhile[38;2;192;197;206m [38;2;192;197;206m*[38;2;192;197;206ms.[38;2;150;181;180madd[38;2;192;197;206m([38;2;192;197;206mlen[38;2;192;197;206m)[38;2;192;197;206m [38;2;192;197;206m![38;2;192;197;206m=[38;2;192;197;206m [38;2;208;135;112m0[38;2;192;197;206m [38;2;192;197;206m{[K
[0m[48;2;40;67;43m[39m+     93[0m:[39m[48;2;24;38;30m [38;2;192;197;206m        len [38;2;192;197;206m+[38;2;192;197;206m=[38;2;192;197;206m [38;2;208;135;112m1[38;2;192;197;206m;[K
[0m[48;2;40;67;43m[39m+     94[0m:[39m[48;2;24;38;30m [38;2;192;197;206m    [38;2;192;197;206m}[K
[0m[48;2;40;67;43m[39m+     95[0m:[39m[48;2;24;38;30m [38;2;192;197;206m    len[K
[0m[48;2;40;67;43m[39m+     96[0m:[39m[48;2;24;38;30m [38;2;192;197;206m}[K
[0m[48;2;40;67;43m[39m+     97[0m:[39m[48;2;24;38;30m [K
[0m[48;2;40;67;43m[39m+     98[0m:[39m[48;2;24;38;30m [38;2;180;142;173munsafe[38;2;192;197;206m [38;2;180;142;173mfn[38;2;192;197;206m [38;2;143;161;179mlibc_strncmp[38;2;192;197;206m([38;2;191;97;106ms1[38;2;192;197;206m:[38;2;192;197;206m *const [38;2;180;142;173mu8[38;2;192;197;206m, [38;2;191;97;106ms2[38;2;192;197;206m:[38;2;192;197;206m *const [38;2;180;142;173mu8[38;2;192;197;206m, [38;2;191;97;106mn[38;2;192;197;206m:[38;2;192;197;206m [38;2;180;142;173musize[38;2;192;197;206m)[38;2;192;197;206m [38;2;192;197;206m->[38;2;192;197;206m c_int[38;2;192;197;206m [38;2;192;197;206m{[K
[0m[48;2;40;67;43m[39m+     99[0m:[39m[48;2;24;38;30m [38;2;192;197;206m    [38;2;180;142;173mfor[38;2;192;197;206m i [38;2;192;197;206min[38;2;192;197;206m [38;2;208;135;112m0[38;2;192;197;206m..[38;2;192;197;206mn [38;2;192;197;206m{[K
[0m[48;2;40;67;43m[39m+    100[0m:[39m[48;2;24;38;30m [38;2;192;197;206m        [38;2;180;142;173mlet[38;2;192;197;206m a [38;2;192;197;206m=[38;2;192;197;206m [38;2;192;197;206m*[38;2;192;197;206ms1.[38;2;150;181;180madd[38;2;192;197;206m([38;2;192;197;206mi[38;2;192;197;206m)[38;2;192;197;206m;[K
[0m[48;2;40;67;43m[39m+    101[0m:[39m[48;2;24;38;30m [38;2;192;197;206m        [38;2;180;142;173mlet[38;2;192;197;206m b [38;2;192;197;206m=[38;2;192;197;206m [38;2;192;197;206m*[38;2;192;197;206ms2.[38;2;150;181;180madd[38;2;192;197;206m([38;2;192;197;206mi[38;2;192;197;206m)[38;2;192;197;206m;[K
[0m[48;2;40;67;43m[39m+    102[0m:[39m[48;2;24;38;30m [38;2;192;197;206m        [38;2;180;142;173mif[38;2;192;197;206m a [38;2;192;197;206m![38;2;192;197;206m=[38;2;192;197;206m b [38;2;192;197;206m{[K
[0m[48;2;40;67;43m[39m+    103[0m:[39m[48;2;24;38;30m [38;2;192;197;206m            [38;2;180;142;173mreturn[38;2;192;197;206m a [38;2;192;197;206mas[38;2;192;197;206m [38;2;180;142;173mc_int[38;2;192;197;206m [38;2;192;197;206m-[38;2;192;197;206m b [38;2;192;197;206mas[38;2;192;197;206m [38;2;180;142;173mc_int[38;2;192;197;206m;[K
[0m[48;2;40;67;43m[39m+    104[0m:[39m[48;2;24;38;30m [38;2;192;197;206m        [38;2;192;197;206m}[K
[0m[48;2;40;67;43m[39m+    105[0m:[39m[48;2;24;38;30m [38;2;192;197;206m        [38;2;180;142;173mif[38;2;192;197;206m a [38;2;192;197;206m=[38;2;192;197;206m=[38;2;192;197;206m [38;2;208;135;112m0[38;2;192;197;206m [38;2;192;197;206m{[K
[0m[48;2;40;67;43m[39m+    106[0m:[39m[48;2;24;38;30m [38;2;192;197;206m            [38;2;180;142;173mreturn[38;2;192;197;206m [38;2;208;135;112m0[38;2;192;197;206m;[K
[0m[48;2;40;67;43m[39m+    107[0m:[39m[48;2;24;38;30m [38;2;192;197;206m        [38;2;192;197;206m}[K
[0m[48;2;40;67;43m[39m+    108[0m:[39m[48;2;24;38;30m [38;2;192;197;206m    [38;2;192;197;206m}[K
[0m[48;2;40;67;43m[39m+    109[0m:[39m[48;2;24;38;30m [38;2;192;197;206m    [38;2;208;135;112m0[K
[0m[48;2;40;67;43m[39m+    110[0m:[39m[48;2;24;38;30m [38;2;192;197;206m}[K
[0m[48;2;40;67;43m[39m+    111[0m:[39m[48;2;24;38;30m [K
[0m[48;2;40;67;43m[39m+    112[0m:[39m[48;2;24;38;30m [38;2;192;197;206m#[38;2;192;197;206m[[38;2;191;97;106munsafe[38;2;192;197;206m([38;2;192;197;206mno_mangle[38;2;192;197;206m)[38;2;192;197;206m][K
[0m[48;2;40;67;43m[39m+    113[0m:[39m[48;2;24;38;30m [38;2;180;142;173mpub[38;2;192;197;206m [38;2;180;142;173mextern[38;2;192;197;206m [38;2;192;197;206m"[38;2;163;190;140mC[38;2;192;197;206m"[38;2;192;197;206m [38;2;180;142;173mfn[38;2;192;197;206m [38;2;143;161;179mmemchra2[38;2;192;197;206m([38;2;191;97;106ma[38;2;192;197;206m:[38;2;192;197;206m c_int, [38;2;191;97;106mb[38;2;192;197;206m:[38;2;192;197;206m c_int, [38;2;191;97;106mc[38;2;192;197;206m:[38;2;192;197;206m c_int, [38;2;191;97;106md[38;2;192;197;206m:[38;2;192;197;206m c_int[38;2;192;197;206m)[38;2;192;197;206m [38;2;192;197;206m->[38;2;192;197;206m c_int[38;2;192;197;206m [38;2;192;197;206m{[K
[0m[48;2;40;67;43m[39m+    114[0m:[39m[48;2;24;38;30m [38;2;192;197;206m    [38;2;180;142;173mlet[38;2;192;197;206m [38;2;180;142;173mmut[38;2;192;197;206m result[38;2;192;197;206m:[38;2;192;197;206m [38;2;180;142;173mc_int[38;2;192;197;206m [38;2;192;197;206m=[38;2;192;197;206m [38;2;208;135;112m0[38;2;192;197;206m;[K
[0m[48;2;40;67;43m[39m+    115[0m:[39m[48;2;24;38;30m [K
[0m[48;2;40;67;43m[39m+    116[0m:[39m[48;2;24;38;30m [38;2;192;197;206m    [38;2;101;115;126m//[38;2;101;115;126m snprintf(buffer, 64, "test%d-%d-%d-%d", a, b, c, d)[K
[0m[48;2;40;67;43m[39m+    117[0m:[39m[48;2;24;38;30m [38;2;192;197;206m    [38;2;180;142;173mlet[38;2;192;197;206m formatted [38;2;192;197;206m=[38;2;192;197;206m [38;2;192;197;206mformat![38;2;192;197;206m([38;2;192;197;206m"[38;2;163;190;140mtest[38;2;208;135;112m{}[38;2;163;190;140m-[38;2;208;135;112m{}[38;2;163;190;140m-[38;2;208;135;112m{}[38;2;163;190;140m-[38;2;208;135;112m{}[38;2;150;181;180m\0[38;2;192;197;206m"[38;2;192;197;206m,[38;2;192;197;206m a[38;2;192;197;206m,[38;2;192;197;206m b[38;2;192;197;206m,[38;2;192;197;206m c[38;2;192;197;206m,[38;2;192;197;206m d[38;2;192;197;206m)[38;2;192;197;206m;[K
[0m[48;2;40;67;43m[39m+    118[0m:[39m[48;2;24;38;30m [38;2;192;197;206m    [38;2;180;142;173mlet[38;2;192;197;206m [38;2;180;142;173mmut[38;2;192;197;206m buffer [38;2;192;197;206m=[38;2;192;197;206m [38;2;192;197;206m[[38;2;208;135;112m0[38;2;180;142;173mu8[38;2;192;197;206m;[38;2;192;197;206m [38;2;208;135;112m64[38;2;192;197;206m][38;2;192;197;206m;[K
[0m[48;2;40;67;43m[39m+    119[0m:[39m[48;2;24;38;30m [38;2;192;197;206m    [38;2;180;142;173mlet[38;2;192;197;206m copy_len [38;2;192;197;206m=[38;2;192;197;206m formatted.[38;2;150;181;180mlen[38;2;192;197;206m([38;2;192;197;206m)[38;2;192;197;206m.[38;2;150;181;180mmin[38;2;192;197;206m([38;2;208;135;112m63[38;2;192;197;206m)[38;2;192;197;206m;[K
[0m[48;2;40;67;43m[39m+    120[0m:[39m[48;2;24;38;30m [38;2;192;197;206m    buffer[38;2;192;197;206m[[38;2;192;197;206m..[38;2;192;197;206mcopy_len[38;2;192;197;206m][38;2;192;197;206m.[38;2;150;181;180mcopy_from_slice[38;2;192;197;206m([38;2;192;197;206m&[38;2;192;197;206mformatted.[38;2;150;181;180mas_bytes[38;2;192;197;206m([38;2;192;197;206m)[38;2;192;197;206m[[38;2;192;197;206m..[38;2;192;197;206mcopy_len[38;2;192;197;206m][38;2;192;197;206m)[38;2;192;197;206m;[K
[0m[48;2;40;67;43m[39m+    121[0m:[39m[48;2;24;38;30m [38;2;192;197;206m    buffer[38;2;192;197;206m[[38;2;192;197;206mcopy_len[38;2;192;197;206m][38;2;192;197;206m [38;2;192;197;206m=[38;2;192;197;206m [38;2;208;135;112m0[38;2;192;197;206m;[38;2;192;197;206m [38;2;101;115;126m//[38;2;101;115;126m ensure null termination (snprintf guarantees this)[K
[0m[48;2;40;67;43m[39m+    122[0m:[39m[48;2;24;38;30m [K
[0m[48;2;40;67;43m[39m+    123[0m:[39m[48;2;24;38;30m [38;2;192;197;206m    [38;2;180;142;173mlet[38;2;192;197;206m dash_count [38;2;192;197;206m=[38;2;192;197;206m [38;2;150;181;180mcount_occurrences[38;2;192;197;206m([38;2;192;197;206mbuffer.[38;2;150;181;180mas_ptr[38;2;192;197;206m([38;2;192;197;206m)[38;2;192;197;206m,[38;2;192;197;206m [38;2;180;142;173mb[38;2;192;197;206m'[38;2;163;190;140m-[38;2;192;197;206m'[38;2;192;197;206m)[38;2;192;197;206m;[K
[0m[48;2;40;67;43m[39m+    124[0m:[39m[48;2;24;38;30m [38;2;192;197;206m    result [38;2;192;197;206m+[38;2;192;197;206m=[38;2;192;197;206m dash_count [38;2;192;197;206m*[38;2;192;197;206m [38;2;208;135;112m10[38;2;192;197;206m;[K
[0m[48;2;40;67;43m[39m+    125[0m:[39m[48;2;24;38;30m [K
[0m[48;2;40;67;43m[39m+    126[0m:[39m[48;2;24;38;30m [38;2;192;197;206m    [38;2;180;142;173mlet[38;2;192;197;206m values[38;2;192;197;206m:[38;2;192;197;206m [38;2;192;197;206m[[38;2;180;142;173mc_int[38;2;192;197;206m;[38;2;192;197;206m [38;2;208;135;112m4[38;2;192;197;206m][38;2;192;197;206m [38;2;192;197;206m=[38;2;192;197;206m [38;2;192;197;206m[[38;2;192;197;206ma[38;2;192;197;206m,[38;2;192;197;206m b[38;2;192;197;206m,[38;2;192;197;206m c[38;2;192;197;206m,[38;2;192;197;206m d[38;2;192;197;206m][38;2;192;197;206m;[K
[0m[48;2;40;67;43m[39m+    127[0m:[39m[48;2;24;38;30m [38;2;192;197;206m    [38;2;180;142;173mlet[38;2;192;197;206m sum [38;2;192;197;206m=[38;2;192;197;206m [38;2;150;181;180msafe_sum_array[38;2;192;197;206m([38;2;192;197;206mvalues.[38;2;150;181;180mas_ptr[38;2;192;197;206m([38;2;192;197;206m)[38;2;192;197;206m,[38;2;192;197;206m [38;2;208;135;112m4[38;2;192;197;206m)[38;2;192;197;206m;[K
[0m[48;2;40;67;43m[39m+    128[0m:[39m[48;2;24;38;30m [38;2;192;197;206m    result [38;2;192;197;206m+[38;2;192;197;206m=[38;2;192;197;206m sum[38;2;192;197;206m;[K
[0m[48;2;40;67;43m[39m+    129[0m:[39m[48;2;24;38;30m [K
[0m[48;2;40;67;43m[39m+    130[0m:[39m[48;2;24;38;30m [38;2;192;197;206m    [38;2;180;142;173mlet[38;2;192;197;206m [38;2;180;142;173mmut[38;2;192;197;206m s0 [38;2;192;197;206m=[38;2;192;197;206m [38;2;192;197;206m*[38;2;180;142;173mb[38;2;192;197;206m"[38;2;163;190;140mtest1[38;2;150;181;180m\0[38;2;192;197;206m"[38;2;192;197;206m;[K
[0m[48;2;40;67;43m[39m+    131[0m:[39m[48;2;24;38;30m [38;2;192;197;206m    [38;2;180;142;173mlet[38;2;192;197;206m [38;2;180;142;173mmut[38;2;192;197;206m s1 [38;2;192;197;206m=[38;2;192;197;206m [38;2;192;197;206m*[38;2;180;142;173mb[38;2;192;197;206m"[38;2;163;190;140mtest2[38;2;150;181;180m\0[38;2;192;197;206m"[38;2;192;197;206m;[K
[0m[48;2;40;67;43m[39m+    132[0m:[39m[48;2;24;38;30m [38;2;192;197;206m    [38;2;180;142;173mlet[38;2;192;197;206m [38;2;180;142;173mmut[38;2;192;197;206m s2 [38;2;192;197;206m=[38;2;192;197;206m [38;2;192;197;206m*[38;2;180;142;173mb[38;2;192;197;206m"[38;2;163;190;140mtesting[38;2;150;181;180m\0[38;2;192;197;206m"[38;2;192;197;206m;[K
[0m[48;2;40;67;43m[39m+    133[0m:[39m[48;2;24;38;30m [38;2;192;197;206m    [38;2;180;142;173mlet[38;2;192;197;206m [38;2;180;142;173mmut[38;2;192;197;206m s3 [38;2;192;197;206m=[38;2;192;197;206m [38;2;192;197;206m*[38;2;180;142;173mb[38;2;192;197;206m"[38;2;163;190;140mother[38;2;150;181;180m\0[38;2;192;197;206m"[38;2;192;197;206m;[K
[0m[48;2;40;67;43m[39m+    134[0m:[39m[48;2;24;38;30m [38;2;192;197;206m    [38;2;180;142;173mlet[38;2;192;197;206m [38;2;180;142;173mmut[38;2;192;197;206m test_strings[38;2;192;197;206m:[38;2;192;197;206m [38;2;192;197;206m[[38;2;192;197;206m*[38;2;180;142;173mmut[38;2;192;197;206m [38;2;180;142;173mu8[38;2;192;197;206m;[38;2;192;197;206m [38;2;208;135;112m4[38;2;192;197;206m][38;2;192;197;206m [38;2;192;197;206m=[38;2;192;197;206m [38;2;192;197;206m[[K
[0m[48;2;40;67;43m[39m+    135[0m:[39m[48;2;24;38;30m [38;2;192;197;206m        s0.[38;2;150;181;180mas_mut_ptr[38;2;192;197;206m([38;2;192;197;206m)[38;2;192;197;206m,[K
[0m[48;2;40;67;43m[39m+    136[0m:[39m[48;2;24;38;30m [38;2;192;197;206m        s1.[38;2;150;181;180mas_mut_ptr[38;2;192;197;206m([38;2;192;197;206m)[38;2;192;197;206m,[K
[0m[48;2;40;67;43m[39m+    137[0m:[39m[48;2;24;38;30m [38;2;192;197;206m        s2.[38;2;150;181;180mas_mut_ptr[38;2;192;197;206m([38;2;192;197;206m)[38;2;192;197;206m,[K
[0m[48;2;40;67;43m[39m+    138[0m:[39m[48;2;24;38;30m [38;2;192;197;206m        s3.[38;2;150;181;180mas_mut_ptr[38;2;192;197;206m([38;2;192;197;206m)[38;2;192;197;206m,[K
[0m[48;2;40;67;43m[39m+    139[0m:[39m[48;2;24;38;30m [38;2;192;197;206m    [38;2;192;197;206m][38;2;192;197;206m;[K
[0m[48;2;40;67;43m[39m+    140[0m:[39m[48;2;24;38;30m [38;2;192;197;206m    [38;2;180;142;173mlet[38;2;192;197;206m target [38;2;192;197;206m=[38;2;192;197;206m [38;2;180;142;173mb[38;2;192;197;206m"[38;2;163;190;140mtest[38;2;150;181;180m\0[38;2;192;197;206m"[38;2;192;197;206m;[K
[0m[48;2;40;67;43m[39m+    141[0m:[39m[48;2;24;38;30m [38;2;192;197;206m    [38;2;180;142;173mlet[38;2;192;197;206m matches [38;2;192;197;206m=[38;2;192;197;206m [38;2;150;181;180mprocess_strings[38;2;192;197;206m([38;2;192;197;206mtest_strings.[38;2;150;181;180mas_mut_ptr[38;2;192;197;206m([38;2;192;197;206m)[38;2;192;197;206m,[38;2;192;197;206m [38;2;208;135;112m4[38;2;192;197;206m,[38;2;192;197;206m target.[38;2;150;181;180mas_ptr[38;2;192;197;206m([38;2;192;197;206m)[38;2;192;197;206m)[38;2;192;197;206m;[K
[0m[48;2;40;67;43m[39m+    142[0m:[39m[48;2;24;38;30m [38;2;192;197;206m    result [38;2;192;197;206m+[38;2;192;197;206m=[38;2;192;197;206m matches [38;2;192;197;206m*[38;2;192;197;206m [38;2;208;135;112m5[38;2;192;197;206m;[K
[0m[48;2;40;67;43m[39m+    143[0m:[39m[48;2;24;38;30m [K
[0m[48;2;40;67;43m[39m+    144[0m:[39m[48;2;24;38;30m [38;2;192;197;206m    [38;2;180;142;173mlet[38;2;192;197;206m f [38;2;192;197;206m=[38;2;192;197;206m [38;2;150;181;180mint_to_float_bits[38;2;192;197;206m([38;2;192;197;206ma[38;2;192;197;206m)[38;2;192;197;206m;[K
[0m[48;2;40;67;43m[39m+    145[0m:[39m[48;2;24;38;30m [38;2;192;197;206m    [38;2;180;142;173mif[38;2;192;197;206m f [38;2;192;197;206m>[38;2;192;197;206m [38;2;208;135;112m0.[38;2;208;135;112m0[38;2;180;142;173mf32[38;2;192;197;206m [38;2;192;197;206m&[38;2;192;197;206m&[38;2;192;197;206m f [38;2;192;197;206m<[38;2;192;197;206m [38;2;208;135;112m1000.[38;2;208;135;112m0[38;2;180;142;173mf32[38;2;192;197;206m [38;2;192;197;206m{[K
[0m[48;2;40;67;43m[39m+    146[0m:[39m[48;2;24;38;30m [38;2;192;197;206m        result [38;2;192;197;206m+[38;2;192;197;206m=[38;2;192;197;206m f [38;2;192;197;206mas[38;2;192;197;206m [38;2;180;142;173mc_int[38;2;192;197;206m;[K
[0m[48;2;40;67;43m[39m+    147[0m:[39m[48;2;24;38;30m [38;2;192;197;206m    [38;2;192;197;206m}[K
[0m[48;2;40;67;43m[39m+    148[0m:[39m[48;2;24;38;30m [K
[0m[48;2;40;67;43m[39m+    149[0m:[39m[48;2;24;38;30m [38;2;192;197;206m    [38;2;180;142;173mlet[38;2;192;197;206m buf_len [38;2;192;197;206m=[38;2;192;197;206m [38;2;180;142;173munsafe[38;2;192;197;206m [38;2;192;197;206m{[38;2;192;197;206m [38;2;150;181;180mlibc_strlen[38;2;192;197;206m([38;2;192;197;206mbuffer.[38;2;150;181;180mas_ptr[38;2;192;197;206m([38;2;192;197;206m)[38;2;192;197;206m)[38;2;192;197;206m [38;2;192;197;206m}[38;2;192;197;206m;[K
[0m[48;2;40;67;43m[39m+    150[0m:[39m[48;2;24;38;30m [38;2;192;197;206m    [38;2;180;142;173mlet[38;2;192;197;206m buf_sum [38;2;192;197;206m=[38;2;192;197;206m [38;2;150;181;180mprocess_buffer[38;2;192;197;206m([38;2;192;197;206mbuffer.[38;2;150;181;180mas_mut_ptr[38;2;192;197;206m([38;2;192;197;206m)[38;2;192;197;206m,[38;2;192;197;206m buf_len[38;2;192;197;206m)[38;2;192;197;206m;[K
[0m[48;2;40;67;43m[39m+    151[0m:[39m[48;2;24;38;30m [38;2;192;197;206m    [38;2;180;142;173mif[38;2;192;197;206m buf_sum [38;2;192;197;206m>[38;2;192;197;206m [38;2;208;135;112m0[38;2;192;197;206m [38;2;192;197;206m{[K
[0m[48;2;40;67;43m[39m+    152[0m:[39m[48;2;24;38;30m [38;2;192;197;206m        result [38;2;192;197;206m+[38;2;192;197;206m=[38;2;192;197;206m buf_sum [38;2;192;197;206m%[38;2;192;197;206m [38;2;208;135;112m256[38;2;192;197;206m;[K
[0m[48;2;40;67;43m[39m+    153[0m:[39m[48;2;24;38;30m [38;2;192;197;206m    [38;2;192;197;206m}[K
[0m[48;2;40;67;43m[39m+    154[0m:[39m[48;2;24;38;30m [K
[0m[48;2;40;67;43m[39m+    155[0m:[39m[48;2;24;38;30m [38;2;192;197;206m    [38;2;180;142;173mlet[38;2;192;197;206m [38;2;180;142;173mmut[38;2;192;197;206m bytes [38;2;192;197;206m=[38;2;192;197;206m [38;2;192;197;206m[[38;2;208;135;112m0[38;2;180;142;173mu8[38;2;192;197;206m;[38;2;192;197;206m [38;2;208;135;112m4[38;2;192;197;206m][38;2;192;197;206m;[K
[0m[48;2;40;67;43m[39m+    156[0m:[39m[48;2;24;38;30m [38;2;192;197;206m    bytes[38;2;192;197;206m[[38;2;208;135;112m0[38;2;192;197;206m][38;2;192;197;206m [38;2;192;197;206m=[38;2;192;197;206m [38;2;192;197;206m([38;2;192;197;206mb [38;2;192;197;206m&[38;2;192;197;206m [38;2;208;135;112m0xFF[38;2;192;197;206m)[38;2;192;197;206m [38;2;192;197;206mas[38;2;192;197;206m [38;2;180;142;173mu8[38;2;192;197;206m;[K
[0m[48;2;40;67;43m[39m+    157[0m:[39m[48;2;24;38;30m [38;2;192;197;206m    bytes[38;2;192;197;206m[[38;2;208;135;112m1[38;2;192;197;206m][38;2;192;197;206m [38;2;192;197;206m=[38;2;192;197;206m [38;2;192;197;206m([38;2;192;197;206mc [38;2;192;197;206m&[38;2;192;197;206m [38;2;208;135;112m0xFF[38;2;192;197;206m)[38;2;192;197;206m [38;2;192;197;206mas[38;2;192;197;206m [38;2;180;142;173mu8[38;2;192;197;206m;[K
[0m[48;2;40;67;43m[39m+    158[0m:[39m[48;2;24;38;30m [38;2;192;197;206m    bytes[38;2;192;197;206m[[38;2;208;135;112m2[38;2;192;197;206m][38;2;192;197;206m [38;2;192;197;206m=[38;2;192;197;206m [38;2;192;197;206m([38;2;192;197;206md [38;2;192;197;206m&[38;2;192;197;206m [38;2;208;135;112m0xFF[38;2;192;197;206m)[38;2;192;197;206m [38;2;192;197;206mas[38;2;192;197;206m [38;2;180;142;173mu8[38;2;192;197;206m;[K
[0m[48;2;40;67;43m[39m+    159[0m:[39m[48;2;24;38;30m [38;2;192;197;206m    bytes[38;2;192;197;206m[[38;2;208;135;112m3[38;2;192;197;206m][38;2;192;197;206m [38;2;192;197;206m=[38;2;192;197;206m [38;2;208;135;112m0[38;2;192;197;206m;[K
[0m[48;2;40;67;43m[39m+    160[0m:[39m[48;2;24;38;30m [K
[0m[48;2;40;67;43m[39m+    161[0m:[39m[48;2;24;38;30m [38;2;192;197;206m    [38;2;180;142;173mlet[38;2;192;197;206m interpreted [38;2;192;197;206m=[38;2;192;197;206m [38;2;150;181;180minterpret_as_int[38;2;192;197;206m([38;2;192;197;206mbytes.[38;2;150;181;180mas_ptr[38;2;192;197;206m([38;2;192;197;206m)[38;2;192;197;206m,[38;2;192;197;206m [38;2;208;135;112m4[38;2;192;197;206m)[38;2;192;197;206m;[K
[0m[48;2;40;67;43m[39m+    162[0m:[39m[48;2;24;38;30m [38;2;192;197;206m    result [38;2;192;197;206m^[38;2;192;197;206m=[38;2;192;197;206m interpreted[38;2;192;197;206m;[K
[0m[48;2;40;67;43m[39m+    163[0m:[39m[48;2;24;38;30m [K
[0m[48;2;40;67;43m[39m+    164[0m:[39m[48;2;24;38;30m [38;2;192;197;206m    [38;2;180;142;173mlet[38;2;192;197;206m complex_result [38;2;192;197;206m=[38;2;192;197;206m [38;2;150;181;180mcomplex_iteration[38;2;192;197;206m([38;2;192;197;206mvalues.[38;2;150;181;180mas_ptr[38;2;192;197;206m([38;2;192;197;206m)[38;2;192;197;206m,[38;2;192;197;206m [38;2;208;135;112m4[38;2;192;197;206m)[38;2;192;197;206m;[K
[0m[48;2;40;67;43m[39m+    165[0m:[39m[48;2;24;38;30m [38;2;192;197;206m    result [38;2;192;197;206m+[38;2;192;197;206m=[38;2;192;197;206m complex_result[38;2;192;197;206m;[K
[0m[48;2;40;67;43m[39m+    166[0m:[39m[48;2;24;38;30m [K
[0m[48;2;40;67;43m[39m+    167[0m:[39m[48;2;24;38;30m [38;2;192;197;206m    result[K
[0m[48;2;40;67;43m[39m+    168[0m:[39m[48;2;24;38;30m [38;2;192;197;206m}[K
[0m[K
Creating: [38;5;141m/local/home/scheschb/reserach/TRACTOR/harvest-agentic/results/B02_synthetic/memchra2_lib/translated_rust/src/lib.rs[0m
[38;5;244m - Completed in 0.36s[0m
[38;5;12m[1m [1.2][0m[0m
[?25l[0m[?25l[0m[0m[38;5;11mTODO:
[39m[38;5;10m[x] [3m[38;5;244mCreate src/lib.rs with translated Rust code[23m
[0m[ ] Build with cargo build --release and fix errors[38;5;244m - Completed in 0.3s[0m

[?25l[0m[?25l[0m[0mI will run the following command: [38;5;141mcargo build --release 2>&1[0m[38;5;244m (using tool: shell)[0m

   Compiling memchra2_lib v0.1.0 (/local/home/scheschb/reserach/TRACTOR/harvest-agentic/results/B02_synthetic/memchra2_lib/translated_rust)
    Finished `release` profile [optimized] target(s) in 0.19s
[38;5;244m - Completed in 0.294s[0m
[38;5;12m[1m [1.3][0m[0m
[?25l[0m[38;5;141m> [0mClean build. Let me verify the exported symbol is correct:[0m[0m
[?25l[0m[0mI will run the following command: [38;5;141mnm -D target/release/libmemchra2_lib.so | grep memchra2[0m[38;5;244m (using tool: shell)[0m

0000000000008e70 T memchra2
[38;5;244m - Completed in 0.11s[0m

[?25l[0m[?25l[0m[0m[38;5;11mTODO:
[39m[38;5;10m[x] [3m[38;5;244mCreate Cargo.toml with cdylib crate type[23m
[38;5;10m[x] [3m[38;5;244mCreate src/lib.rs with translated Rust code[23m
[38;5;10m[x] [3m[38;5;244mBuild with cargo build --release and fix errors[23m[38;5;244m - Completed in 0.3s[0m

[?25l[0m[38;5;141m> [0mDone. The translation compiles cleanly and exports the correct [38;5;10mmemchra2[0m symbol. Here's a summary of the key translation decisions:[0m[0m
[0m[0m
- [38;5;10msnprintf[0m → [38;5;10mformat![0m macro with manual copy into a 64-byte stack buffer (matching C's size limit and null termination)[0m[0m
- C [38;5;10munion[0m type punning ([38;5;10mint[0m ↔ [38;5;10mfloat[0m) → [38;5;10mf32::from_bits(value as u32)[0m[0m[0m
- C pointer cast [38;5;10m(int *)bytes[0m → [38;5;10mc_int::from_ne_bytes()[0m (native endian, matches C on same architecture)[0m[0m
- C signed integer overflow (technically UB) → [38;5;10mwrapping_add[0m to match typical compiler behavior[0m[0m
- [38;5;10mstrlen[0m/[38;5;10mstrncmp[0m → implemented manually to avoid a [38;5;10mlibc[0m crate dependency[0m[0m
- All static helpers kept as private Rust functions; only [38;5;10mmemchra2[0m is [38;5;10m#[unsafe(no_mangle)] pub extern "C"[0m[0m[0m
- The [38;5;10msnprintf[0m format [38;5;10m"test%d-%d-%d-%d"[0m always produces exactly 3 dashes for any input, matching the C [38;5;10mcount_occurrences(buffer, '-')[0m result of 3 → [38;5;10mdash_count * 10 = 30[0m[0m[0m[38;5;12m[1m✓ Created checkpoint 1

[0m[0m
[38;5;8m
 ▸ Credits: 4.83 • Time: 1m 25s

[0m[1G[0m[0m[?25h