[32mAll tools are now trusted ([0m[31m![0m[32m). Kiro will execute tools without asking for confirmation.[0m
Agents can sometimes do unexpected things so understand the risks.

Learn more at [38;5;141mhttps://kiro.dev/docs/cli/chat/security/#using-tools-trust-all-safely[0m


[38;5;12m[1m📷 Checkpoints are enabled! (took 0.05s)

[0m
[38;5;252m[0m[?25l[38;5;141m> [0m[0m[0m
[0m[0m
I'll start by understanding the project structure, then systematically build, test, and fix the translation.[0m[0m
[?25l[0m[0m[38;5;11mTODO:
[39m[0m[ ] Explore project structure - C headers, Rust source, Cargo.toml
[0m[ ] Build C shared library
[0m[ ] Identify public API and function hierarchy from C headers
[0m[ ] Add libloading dev-dependency to Cargo.toml
[0m[ ] Write integration tests comparing C vs Rust outputs
[0m[ ] Run cargo test and fix any mismatches
[0m[ ] Compare nm -D symbols between C .so and Rust .so, fix missing exports
[0m[ ] Compare binary outputs if main binary exists[38;5;244m - Completed in 0.38s[0m
[38;5;12m[1m [1.1][0m[0m
[?25l[0m[?25l[0m[0mReading directory: [38;5;141m/local/home/scheschb/reserach/TRACTOR/harvest-agentic/results/B01_organic/rgb_to_hsv_lib/translated_rust[0m[38;5;244m (using tool: read, max depth: 3, max entries: 1000, excluding: defaults)[0m
[38;5;10m ✓ [0mSuccessfully read directory [38;5;141m/local/home/scheschb/reserach/TRACTOR/harvest-agentic/results/B01_organic/rgb_to_hsv_lib/translated_rust[0m [38;5;244m(10 entries)[0m
[38;5;244m - Completed in 0.40s[0m
[38;5;12m[1m [1.2][0m[0m
[?25l[0m[?25l[0m[0mBatch fs_read operation with [38;5;141m5[0m operations[38;5;244m (using tool: read)[0m

↱ Operation 1: Reading file: [38;5;141m/local/home/scheschb/reserach/TRACTOR/harvest-agentic/results/B01_organic/rgb_to_hsv_lib/translated_rust/c_src/include/lib.h[0m, all lines
↱ Operation 2: Reading file: [38;5;141m/local/home/scheschb/reserach/TRACTOR/harvest-agentic/results/B01_organic/rgb_to_hsv_lib/translated_rust/c_src/src/lib.c[0m, all lines
↱ Operation 3: Reading file: [38;5;141m/local/home/scheschb/reserach/TRACTOR/harvest-agentic/results/B01_organic/rgb_to_hsv_lib/translated_rust/c_src/CMakeLists.txt[0m, all lines
↱ Operation 4: Reading file: [38;5;141m/local/home/scheschb/reserach/TRACTOR/harvest-agentic/results/B01_organic/rgb_to_hsv_lib/translated_rust/Cargo.toml[0m, all lines
↱ Operation 5: Reading file: [38;5;141m/local/home/scheschb/reserach/TRACTOR/harvest-agentic/results/B01_organic/rgb_to_hsv_lib/translated_rust/src/lib.rs[0m, all lines
[38;5;10m ✓ [0mSuccessfully read [38;5;244m47 bytes[0m from /local/home/scheschb/reserach/TRACTOR/harvest-agentic/results/B01_organic/rgb_to_hsv_lib/translated_rust/c_src/include/lib.h

[38;5;10m ✓ [0mSuccessfully read [38;5;244m822 bytes[0m from /local/home/scheschb/reserach/TRACTOR/harvest-agentic/results/B01_organic/rgb_to_hsv_lib/translated_rust/c_src/src/lib.c

[38;5;10m ✓ [0mSuccessfully read [38;5;244m439 bytes[0m from /local/home/scheschb/reserach/TRACTOR/harvest-agentic/results/B01_organic/rgb_to_hsv_lib/translated_rust/c_src/CMakeLists.txt

[38;5;10m ✓ [0mSuccessfully read [38;5;244m136 bytes[0m from /local/home/scheschb/reserach/TRACTOR/harvest-agentic/results/B01_organic/rgb_to_hsv_lib/translated_rust/Cargo.toml

[38;5;10m ✓ [0mSuccessfully read [38;5;244m1010 bytes[0m from /local/home/scheschb/reserach/TRACTOR/harvest-agentic/results/B01_organic/rgb_to_hsv_lib/translated_rust/src/lib.rs

 ⋮ 

[38;5;244m- [0mSummary: 5 operations processed, 5 successful, 0 failed
[38;5;244m - Completed in 0.45s[0m
[38;5;12m[1m [1.3][0m[0m
[?25l[0m[?25l[0m[0m[38;5;11mTODO:
[39m[38;5;10m[x] [3m[38;5;244mExplore project structure - C headers, Rust source, Cargo.toml[23m
[0m[ ] Build C shared library[38;5;244m - Completed in 0.38s[0m
[38;5;12m[1m [1.4][0m[0m
[?25l[0m[38;5;141m> [0mNow let me build the C shared library:[0m[0m
[?25l[0m[0mI will run the following command: [38;5;141mcd /local/home/scheschb/reserach/TRACTOR/harvest-agentic/results/B01_organic/rgb_to_hsv_lib/translated_rust/c_src && mkdir -p build && cd build && cmake .. -DCMAKE_POSITION_INDEPENDENT_CODE=ON 2>&1 && cmake --build . 2>&1[0m (in [38;5;141mtranslated_rust/c_src[0m)[38;5;244m (using tool: shell)[0m
Purpose: Build C shared library

CMake Error at CMakeLists.txt:2 (cmake_path):
  Unknown CMake command "cmake_path".


-- Configuring incomplete, errors occurred!
[38;5;244m - Completed in 0.54s[0m
[38;5;12m[1m [1.5][0m[0m
[?25l[0m[38;5;141m> [0mThe [38;5;10mcmake_path[0m command requires CMake 3.20+. Let me check the version and work around it:[0m[0m
[?25l[0m[0mI will run the following command: [38;5;141mcmake --version 2>&1 | head -1[0m[38;5;244m (using tool: shell)[0m

cmake3 version 3.17.5
[38;5;244m - Completed in 0.47s[0m
[38;5;12m[1m [1.6][0m[0m
[?25l[0m[38;5;141m> [0mCMake 3.17 doesn't support [38;5;10mcmake_path[0m. I'll set the project name manually via a CMake variable:[0m[0m
[?25l[0m[0mI will run the following command: [38;5;141mcd /local/home/scheschb/reserach/TRACTOR/harvest-agentic/results/B01_organic/rgb_to_hsv_lib/translated_rust/c_src && rm -rf build && mkdir -p build && cd build && cmake .. -DCMAKE_POSITION_INDEPENDENT_CODE=ON -Dproject_name=rgb_to_hsv_lib 2>&1 && cmake --build . 2>&1[0m[38;5;244m (using tool: shell)[0m
Purpose: Build C shared library with manual project name to work around cmake_path

CMake Error at CMakeLists.txt:2 (cmake_path):
  Unknown CMake command "cmake_path".


-- Configuring incomplete, errors occurred!
[38;5;244m - Completed in 0.54s[0m
[38;5;12m[1m [1.7][0m[0m
[?25l[0m[38;5;141m> [0mThe [38;5;10mcmake_path[0m call happens before I can override anything. I need to create a wrapper CMakeLists that skips those lines. I'll build it manually with gcc instead since I can't modify c_src:[0m[0m
[?25l[0m[0mI will run the following command: [38;5;141mcd /local/home/scheschb/reserach/TRACTOR/harvest-agentic/results/B01_organic/rgb_to_hsv_lib/translated_rust/c_src && mkdir -p build && gcc -shared -fPIC -O2 -I include -o build/librgb_to_hsv_lib.so src/lib.c 2>&1 && echo "SUCCESS" && ls -la build/[0m[38;5;244m (using tool: shell)[0m
Purpose: Build C shared library directly with gcc

SUCCESS
total 24
drwxr-xr-x 3 scheschb amazon 4096 Mar 26 15:02 .
drwxr-xr-x 5 scheschb amazon 4096 Mar 26 15:02 ..
-rw-r--r-- 1 scheschb amazon 2518 Mar 26 15:02 CMakeCache.txt
drwxr-xr-x 2 scheschb amazon 4096 Mar 26 15:02 CMakeFiles
-rwxr-xr-x 1 scheschb amazon 7768 Mar 26 15:02 librgb_to_hsv_lib.so
[38;5;244m - Completed in 0.83s[0m
[38;5;12m[1m [1.8][0m[0m
[?25l[0m[?25l[0m[0m[38;5;11mTODO:
[39m[38;5;10m[x] [3m[38;5;244mBuild C shared library[23m
[38;5;10m[x] [3m[38;5;244mIdentify public API and function hierarchy from C headers[23m
[0m[ ] Add libloading dev-dependency to Cargo.toml[38;5;244m - Completed in 0.38s[0m
[38;5;12m[1m [1.9][0m[0m
[?25l[0m[38;5;141m> [0mNow add [38;5;10mlibloading[0m and write the integration test:[0m[0m
[?25l[0m[0mI'll modify the following file: [38;5;141mtranslated_rust/Cargo.toml[0m[38;5;244m (using tool: write)[0m
Purpose: Add libloading dev-dependency

[49m[38;5;10m+     10[0m:[38;5;10m[49m [dev-dependencies]
[0m[49m[38;5;10m+     11[0m:[38;5;10m[49m libloading = "0.8"
[0m[49m[38;5;10m+     12[0m:[38;5;10m[49m 
[0m[49m[39m  10, 13[0m:[39m[49m [workspace]
[0m[K
Updating: [38;5;141mtranslated_rust/Cargo.toml[0m
[38;5;244m - Completed in 0.39s[0m
[38;5;12m[1m [1.10][0m[0m
[?25l[0m[?25l[0m[0m[38;5;11mTODO:
[39m[38;5;10m[x] [3m[38;5;244mAdd libloading dev-dependency to Cargo.toml[23m
[0m[ ] Write integration tests comparing C vs Rust outputs[38;5;244m - Completed in 0.40s[0m
[38;5;12m[1m [1.11][0m[0m
[?25l[0m[38;5;141m> [0mNow write the integration test:[0m[0m
[?25l[0m[0mI will run the following command: [38;5;141mmkdir -p /local/home/scheschb/reserach/TRACTOR/harvest-agentic/results/B01_organic/rgb_to_hsv_lib/translated_rust/tests[0m[38;5;244m (using tool: shell)[0m

[38;5;244m - Completed in 0.44s[0m
[38;5;12m[1m [1.12][0m[0m
[?25l[0m[?25l[0m[0mI'll create the following file: [38;5;141m/local/home/scheschb/reserach/TRACTOR/harvest-agentic/results/B01_organic/rgb_to_hsv_lib/translated_rust/tests/compare.rs[0m[38;5;244m (using tool: write)[0m
Purpose: Write integration test comparing C vs Rust rgb_to_hsv outputs

[48;2;40;67;43m[39m+     1[0m:[39m[48;2;24;38;30m [38;2;180;142;173muse[38;2;192;197;206m [38;2;192;197;206mlibloading[38;2;192;197;206m::[38;2;192;197;206m{[38;2;192;197;206mLibrary[38;2;192;197;206m,[38;2;192;197;206m Symbol[38;2;192;197;206m}[38;2;192;197;206m;[K
[0m[48;2;40;67;43m[39m+     2[0m:[39m[48;2;24;38;30m [K
[0m[48;2;40;67;43m[39m+     3[0m:[39m[48;2;24;38;30m [38;2;180;142;173mconst[38;2;192;197;206m [38;2;208;135;112mC_LIB[38;2;192;197;206m:[38;2;192;197;206m [38;2;192;197;206m&[38;2;180;142;173mstr[38;2;192;197;206m [38;2;192;197;206m=[38;2;192;197;206m [38;2;192;197;206mconcat![38;2;192;197;206m([38;2;192;197;206menv![38;2;192;197;206m([38;2;192;197;206m"[38;2;163;190;140mCARGO_MANIFEST_DIR[38;2;192;197;206m"[38;2;192;197;206m)[38;2;192;197;206m,[38;2;192;197;206m [38;2;192;197;206m"[38;2;163;190;140m/c_src/build/librgb_to_hsv_lib.so[38;2;192;197;206m"[38;2;192;197;206m)[38;2;192;197;206m;[K
[0m[48;2;40;67;43m[39m+     4[0m:[39m[48;2;24;38;30m [K
[0m[48;2;40;67;43m[39m+     5[0m:[39m[48;2;24;38;30m [38;2;180;142;173mtype[38;2;192;197;206m [38;2;192;197;206mRgbToHsvFn[38;2;192;197;206m [38;2;192;197;206m=[38;2;192;197;206m [38;2;180;142;173munsafe[38;2;192;197;206m [38;2;180;142;173mextern[38;2;192;197;206m [38;2;192;197;206m"[38;2;163;190;140mC[38;2;192;197;206m"[38;2;192;197;206m [38;2;180;142;173mfn[38;2;192;197;206m([38;2;192;197;206m*[38;2;180;142;173mmut[38;2;192;197;206m [38;2;180;142;173mf32[38;2;192;197;206m,[38;2;192;197;206m [38;2;192;197;206m*[38;2;180;142;173mconst[38;2;192;197;206m [38;2;180;142;173mf32[38;2;192;197;206m)[38;2;192;197;206m;[K
[0m[48;2;40;67;43m[39m+     6[0m:[39m[48;2;24;38;30m [K
[0m[48;2;40;67;43m[39m+     7[0m:[39m[48;2;24;38;30m [38;2;180;142;173mfn[38;2;192;197;206m [38;2;143;161;179mcall_c_rgb_to_hsv[38;2;192;197;206m([38;2;191;97;106msrc[38;2;192;197;206m:[38;2;192;197;206m [38;2;192;197;206m&[38;2;192;197;206m[[38;2;180;142;173mf32[38;2;192;197;206m; 3][38;2;192;197;206m)[38;2;192;197;206m [38;2;192;197;206m->[38;2;192;197;206m [38;2;192;197;206m[[38;2;180;142;173mf32[38;2;192;197;206m;[38;2;192;197;206m [38;2;208;135;112m3[38;2;192;197;206m][38;2;192;197;206m [38;2;192;197;206m{[K
[0m[48;2;40;67;43m[39m+     8[0m:[39m[48;2;24;38;30m [38;2;192;197;206m    [38;2;180;142;173munsafe[38;2;192;197;206m [38;2;192;197;206m{[K
[0m[48;2;40;67;43m[39m+     9[0m:[39m[48;2;24;38;30m [38;2;192;197;206m        [38;2;180;142;173mlet[38;2;192;197;206m lib [38;2;192;197;206m=[38;2;192;197;206m [38;2;192;197;206mLibrary[38;2;192;197;206m::[38;2;192;197;206mnew[38;2;192;197;206m([38;2;208;135;112mC_LIB[38;2;192;197;206m)[38;2;192;197;206m.[38;2;150;181;180mexpect[38;2;192;197;206m([38;2;192;197;206m"[38;2;163;190;140mFailed to load C library[38;2;192;197;206m"[38;2;192;197;206m)[38;2;192;197;206m;[K
[0m[48;2;40;67;43m[39m+    10[0m:[39m[48;2;24;38;30m [38;2;192;197;206m        [38;2;180;142;173mlet[38;2;192;197;206m func[38;2;192;197;206m:[38;2;192;197;206m [38;2;192;197;206mSymbol[38;2;192;197;206m<[38;2;192;197;206mRgbToHsvFn[38;2;192;197;206m>[38;2;192;197;206m [38;2;192;197;206m=[38;2;192;197;206m lib.[38;2;150;181;180mget[38;2;192;197;206m([38;2;180;142;173mb[38;2;192;197;206m"[38;2;163;190;140mrgb_to_hsv[38;2;192;197;206m"[38;2;192;197;206m)[38;2;192;197;206m.[38;2;150;181;180mexpect[38;2;192;197;206m([38;2;192;197;206m"[38;2;163;190;140mFailed to find rgb_to_hsv[38;2;192;197;206m"[38;2;192;197;206m)[38;2;192;197;206m;[K
[0m[48;2;40;67;43m[39m+    11[0m:[39m[48;2;24;38;30m [38;2;192;197;206m        [38;2;180;142;173mlet[38;2;192;197;206m [38;2;180;142;173mmut[38;2;192;197;206m dest [38;2;192;197;206m=[38;2;192;197;206m [38;2;192;197;206m[[38;2;208;135;112m0.[38;2;208;135;112m0[38;2;180;142;173mf32[38;2;192;197;206m;[38;2;192;197;206m [38;2;208;135;112m3[38;2;192;197;206m][38;2;192;197;206m;[K
[0m[48;2;40;67;43m[39m+    12[0m:[39m[48;2;24;38;30m [38;2;192;197;206m        [38;2;150;181;180mfunc[38;2;192;197;206m([38;2;192;197;206mdest.[38;2;150;181;180mas_mut_ptr[38;2;192;197;206m([38;2;192;197;206m)[38;2;192;197;206m,[38;2;192;197;206m src.[38;2;150;181;180mas_ptr[38;2;192;197;206m([38;2;192;197;206m)[38;2;192;197;206m)[38;2;192;197;206m;[K
[0m[48;2;40;67;43m[39m+    13[0m:[39m[48;2;24;38;30m [38;2;192;197;206m        dest[K
[0m[48;2;40;67;43m[39m+    14[0m:[39m[48;2;24;38;30m [38;2;192;197;206m    [38;2;192;197;206m}[K
[0m[48;2;40;67;43m[39m+    15[0m:[39m[48;2;24;38;30m [38;2;192;197;206m}[K
[0m[48;2;40;67;43m[39m+    16[0m:[39m[48;2;24;38;30m [K
[0m[48;2;40;67;43m[39m+    17[0m:[39m[48;2;24;38;30m [38;2;180;142;173mfn[38;2;192;197;206m [38;2;143;161;179mcall_rust_rgb_to_hsv[38;2;192;197;206m([38;2;191;97;106msrc[38;2;192;197;206m:[38;2;192;197;206m [38;2;192;197;206m&[38;2;192;197;206m[[38;2;180;142;173mf32[38;2;192;197;206m; 3][38;2;192;197;206m)[38;2;192;197;206m [38;2;192;197;206m->[38;2;192;197;206m [38;2;192;197;206m[[38;2;180;142;173mf32[38;2;192;197;206m;[38;2;192;197;206m [38;2;208;135;112m3[38;2;192;197;206m][38;2;192;197;206m [38;2;192;197;206m{[K
[0m[48;2;40;67;43m[39m+    18[0m:[39m[48;2;24;38;30m [38;2;192;197;206m    [38;2;180;142;173mlet[38;2;192;197;206m [38;2;180;142;173mmut[38;2;192;197;206m dest [38;2;192;197;206m=[38;2;192;197;206m [38;2;192;197;206m[[38;2;208;135;112m0.[38;2;208;135;112m0[38;2;180;142;173mf32[38;2;192;197;206m;[38;2;192;197;206m [38;2;208;135;112m3[38;2;192;197;206m][38;2;192;197;206m;[K
[0m[48;2;40;67;43m[39m+    19[0m:[39m[48;2;24;38;30m [38;2;192;197;206m    [38;2;180;142;173munsafe[38;2;192;197;206m [38;2;192;197;206m{[38;2;192;197;206m [38;2;192;197;206mrgb_to_hsv_lib[38;2;192;197;206m::[38;2;192;197;206mrgb_to_hsv[38;2;192;197;206m([38;2;192;197;206mdest.[38;2;150;181;180mas_mut_ptr[38;2;192;197;206m([38;2;192;197;206m)[38;2;192;197;206m,[38;2;192;197;206m src.[38;2;150;181;180mas_ptr[38;2;192;197;206m([38;2;192;197;206m)[38;2;192;197;206m)[38;2;192;197;206m [38;2;192;197;206m}[38;2;192;197;206m;[K
[0m[48;2;40;67;43m[39m+    20[0m:[39m[48;2;24;38;30m [38;2;192;197;206m    dest[K
[0m[48;2;40;67;43m[39m+    21[0m:[39m[48;2;24;38;30m [38;2;192;197;206m}[K
[0m[48;2;40;67;43m[39m+    22[0m:[39m[48;2;24;38;30m [K
[0m[48;2;40;67;43m[39m+    23[0m:[39m[48;2;24;38;30m [38;2;180;142;173mfn[38;2;192;197;206m [38;2;143;161;179massert_byte_identical[38;2;192;197;206m([38;2;191;97;106mname[38;2;192;197;206m:[38;2;192;197;206m [38;2;192;197;206m&[38;2;180;142;173mstr[38;2;192;197;206m, [38;2;191;97;106msrc[38;2;192;197;206m:[38;2;192;197;206m [38;2;192;197;206m&[38;2;192;197;206m[[38;2;180;142;173mf32[38;2;192;197;206m; 3][38;2;192;197;206m)[38;2;192;197;206m [38;2;192;197;206m{[K
[0m[48;2;40;67;43m[39m+    24[0m:[39m[48;2;24;38;30m [38;2;192;197;206m    [38;2;180;142;173mlet[38;2;192;197;206m [38;2;180;142;173mc_out[38;2;192;197;206m [38;2;192;197;206m=[38;2;192;197;206m [38;2;150;181;180mcall_c_rgb_to_hsv[38;2;192;197;206m([38;2;192;197;206msrc[38;2;192;197;206m)[38;2;192;197;206m;[K
[0m[48;2;40;67;43m[39m+    25[0m:[39m[48;2;24;38;30m [38;2;192;197;206m    [38;2;180;142;173mlet[38;2;192;197;206m r_out [38;2;192;197;206m=[38;2;192;197;206m [38;2;150;181;180mcall_rust_rgb_to_hsv[38;2;192;197;206m([38;2;192;197;206msrc[38;2;192;197;206m)[38;2;192;197;206m;[K
[0m[48;2;40;67;43m[39m+    26[0m:[39m[48;2;24;38;30m [38;2;192;197;206m    [38;2;180;142;173mlet[38;2;192;197;206m [38;2;180;142;173mc_bytes[38;2;192;197;206m:[38;2;192;197;206m [38;2;192;197;206m[[38;2;180;142;173mu8[38;2;192;197;206m;[38;2;192;197;206m [38;2;208;135;112m12[38;2;192;197;206m][38;2;192;197;206m [38;2;192;197;206m=[38;2;192;197;206m [38;2;180;142;173munsafe[38;2;192;197;206m [38;2;192;197;206m{[38;2;192;197;206m [38;2;192;197;206mstd[38;2;192;197;206m::[38;2;192;197;206mmem[38;2;192;197;206m::[38;2;192;197;206mtransmute[38;2;192;197;206m([38;2;180;142;173mc_out[38;2;192;197;206m)[38;2;192;197;206m [38;2;192;197;206m}[38;2;192;197;206m;[K
[0m[48;2;40;67;43m[39m+    27[0m:[39m[48;2;24;38;30m [38;2;192;197;206m    [38;2;180;142;173mlet[38;2;192;197;206m r_bytes[38;2;192;197;206m:[38;2;192;197;206m [38;2;192;197;206m[[38;2;180;142;173mu8[38;2;192;197;206m;[38;2;192;197;206m [38;2;208;135;112m12[38;2;192;197;206m][38;2;192;197;206m [38;2;192;197;206m=[38;2;192;197;206m [38;2;180;142;173munsafe[38;2;192;197;206m [38;2;192;197;206m{[38;2;192;197;206m [38;2;192;197;206mstd[38;2;192;197;206m::[38;2;192;197;206mmem[38;2;192;197;206m::[38;2;192;197;206mtransmute[38;2;192;197;206m([38;2;192;197;206mr_out[38;2;192;197;206m)[38;2;192;197;206m [38;2;192;197;206m}[38;2;192;197;206m;[K
[0m[48;2;40;67;43m[39m+    28[0m:[39m[48;2;24;38;30m [38;2;192;197;206m    [38;2;192;197;206massert_eq![38;2;192;197;206m([K
[0m[48;2;40;67;43m[39m+    29[0m:[39m[48;2;24;38;30m [38;2;192;197;206m        [38;2;180;142;173mc_bytes[38;2;192;197;206m,[38;2;192;197;206m r_bytes[38;2;192;197;206m,[K
[0m[48;2;40;67;43m[39m+    30[0m:[39m[48;2;24;38;30m [38;2;192;197;206m        [38;2;192;197;206m"[38;2;163;190;140m{name}: src={src:?} c={c_out:?} rust={r_out:?}[38;2;192;197;206m"[K
[0m[48;2;40;67;43m[39m+    31[0m:[39m[48;2;24;38;30m [38;2;192;197;206m    [38;2;192;197;206m)[38;2;192;197;206m;[K
[0m[48;2;40;67;43m[39m+    32[0m:[39m[48;2;24;38;30m [38;2;192;197;206m}[K
[0m[48;2;40;67;43m[39m+    33[0m:[39m[48;2;24;38;30m [K
[0m[48;2;40;67;43m[39m+    34[0m:[39m[48;2;24;38;30m [38;2;192;197;206m#[38;2;192;197;206m[[38;2;191;97;106mtest[38;2;192;197;206m][K
[0m[48;2;40;67;43m[39m+    35[0m:[39m[48;2;24;38;30m [38;2;180;142;173mfn[38;2;192;197;206m [38;2;143;161;179mtest_rgb_to_hsv_cases[38;2;192;197;206m([38;2;192;197;206m)[38;2;192;197;206m [38;2;192;197;206m{[K
[0m[48;2;40;67;43m[39m+    36[0m:[39m[48;2;24;38;30m [38;2;192;197;206m    [38;2;180;142;173mlet[38;2;192;197;206m cases[38;2;192;197;206m:[38;2;192;197;206m [38;2;192;197;206m&[38;2;192;197;206m[[38;2;192;197;206m([38;2;192;197;206m&[38;2;180;142;173mstr[38;2;192;197;206m,[38;2;192;197;206m [38;2;192;197;206m[[38;2;180;142;173mf32[38;2;192;197;206m;[38;2;192;197;206m [38;2;208;135;112m3[38;2;192;197;206m][38;2;192;197;206m)[38;2;192;197;206m][38;2;192;197;206m [38;2;192;197;206m=[38;2;192;197;206m [38;2;192;197;206m&[38;2;192;197;206m[[K
[0m[48;2;40;67;43m[39m+    37[0m:[39m[48;2;24;38;30m [38;2;192;197;206m        [38;2;192;197;206m([38;2;192;197;206m"[38;2;163;190;140mblack[38;2;192;197;206m"[38;2;192;197;206m,[38;2;192;197;206m [38;2;192;197;206m[[38;2;208;135;112m0.[38;2;208;135;112m0[38;2;192;197;206m,[38;2;192;197;206m [38;2;208;135;112m0.[38;2;208;135;112m0[38;2;192;197;206m,[38;2;192;197;206m [38;2;208;135;112m0.[38;2;208;135;112m0[38;2;192;197;206m][38;2;192;197;206m)[38;2;192;197;206m,[K
[0m[48;2;40;67;43m[39m+    38[0m:[39m[48;2;24;38;30m [38;2;192;197;206m        [38;2;192;197;206m([38;2;192;197;206m"[38;2;163;190;140mwhite[38;2;192;197;206m"[38;2;192;197;206m,[38;2;192;197;206m [38;2;192;197;206m[[38;2;208;135;112m1.[38;2;208;135;112m0[38;2;192;197;206m,[38;2;192;197;206m [38;2;208;135;112m1.[38;2;208;135;112m0[38;2;192;197;206m,[38;2;192;197;206m [38;2;208;135;112m1.[38;2;208;135;112m0[38;2;192;197;206m][38;2;192;197;206m)[38;2;192;197;206m,[K
[0m[48;2;40;67;43m[39m+    39[0m:[39m[48;2;24;38;30m [38;2;192;197;206m        [38;2;192;197;206m([38;2;192;197;206m"[38;2;163;190;140mred[38;2;192;197;206m"[38;2;192;197;206m,[38;2;192;197;206m [38;2;192;197;206m[[38;2;208;135;112m1.[38;2;208;135;112m0[38;2;192;197;206m,[38;2;192;197;206m [38;2;208;135;112m0.[38;2;208;135;112m0[38;2;192;197;206m,[38;2;192;197;206m [38;2;208;135;112m0.[38;2;208;135;112m0[38;2;192;197;206m][38;2;192;197;206m)[38;2;192;197;206m,[K
[0m[48;2;40;67;43m[39m+    40[0m:[39m[48;2;24;38;30m [38;2;192;197;206m        [38;2;192;197;206m([38;2;192;197;206m"[38;2;163;190;140mgreen[38;2;192;197;206m"[38;2;192;197;206m,[38;2;192;197;206m [38;2;192;197;206m[[38;2;208;135;112m0.[38;2;208;135;112m0[38;2;192;197;206m,[38;2;192;197;206m [38;2;208;135;112m1.[38;2;208;135;112m0[38;2;192;197;206m,[38;2;192;197;206m [38;2;208;135;112m0.[38;2;208;135;112m0[38;2;192;197;206m][38;2;192;197;206m)[38;2;192;197;206m,[K
[0m[48;2;40;67;43m[39m+    41[0m:[39m[48;2;24;38;30m [38;2;192;197;206m        [38;2;192;197;206m([38;2;192;197;206m"[38;2;163;190;140mblue[38;2;192;197;206m"[38;2;192;197;206m,[38;2;192;197;206m [38;2;192;197;206m[[38;2;208;135;112m0.[38;2;208;135;112m0[38;2;192;197;206m,[38;2;192;197;206m [38;2;208;135;112m0.[38;2;208;135;112m0[38;2;192;197;206m,[38;2;192;197;206m [38;2;208;135;112m1.[38;2;208;135;112m0[38;2;192;197;206m][38;2;192;197;206m)[38;2;192;197;206m,[K
[0m[48;2;40;67;43m[39m+    42[0m:[39m[48;2;24;38;30m [38;2;192;197;206m        [38;2;192;197;206m([38;2;192;197;206m"[38;2;163;190;140myellow[38;2;192;197;206m"[38;2;192;197;206m,[38;2;192;197;206m [38;2;192;197;206m[[38;2;208;135;112m1.[38;2;208;135;112m0[38;2;192;197;206m,[38;2;192;197;206m [38;2;208;135;112m1.[38;2;208;135;112m0[38;2;192;197;206m,[38;2;192;197;206m [38;2;208;135;112m0.[38;2;208;135;112m0[38;2;192;197;206m][38;2;192;197;206m)[38;2;192;197;206m,[K
[0m[48;2;40;67;43m[39m+    43[0m:[39m[48;2;24;38;30m [38;2;192;197;206m        [38;2;192;197;206m([38;2;192;197;206m"[38;2;163;190;140mcyan[38;2;192;197;206m"[38;2;192;197;206m,[38;2;192;197;206m [38;2;192;197;206m[[38;2;208;135;112m0.[38;2;208;135;112m0[38;2;192;197;206m,[38;2;192;197;206m [38;2;208;135;112m1.[38;2;208;135;112m0[38;2;192;197;206m,[38;2;192;197;206m [38;2;208;135;112m1.[38;2;208;135;112m0[38;2;192;197;206m][38;2;192;197;206m)[38;2;192;197;206m,[K
[0m[48;2;40;67;43m[39m+    44[0m:[39m[48;2;24;38;30m [38;2;192;197;206m        [38;2;192;197;206m([38;2;192;197;206m"[38;2;163;190;140mmagenta[38;2;192;197;206m"[38;2;192;197;206m,[38;2;192;197;206m [38;2;192;197;206m[[38;2;208;135;112m1.[38;2;208;135;112m0[38;2;192;197;206m,[38;2;192;197;206m [38;2;208;135;112m0.[38;2;208;135;112m0[38;2;192;197;206m,[38;2;192;197;206m [38;2;208;135;112m1.[38;2;208;135;112m0[38;2;192;197;206m][38;2;192;197;206m)[38;2;192;197;206m,[K
[0m[48;2;40;67;43m[39m+    45[0m:[39m[48;2;24;38;30m [38;2;192;197;206m        [38;2;192;197;206m([38;2;192;197;206m"[38;2;163;190;140mgray[38;2;192;197;206m"[38;2;192;197;206m,[38;2;192;197;206m [38;2;192;197;206m[[38;2;208;135;112m0.[38;2;208;135;112m5[38;2;192;197;206m,[38;2;192;197;206m [38;2;208;135;112m0.[38;2;208;135;112m5[38;2;192;197;206m,[38;2;192;197;206m [38;2;208;135;112m0.[38;2;208;135;112m5[38;2;192;197;206m][38;2;192;197;206m)[38;2;192;197;206m,[K
[0m[48;2;40;67;43m[39m+    46[0m:[39m[48;2;24;38;30m [38;2;192;197;206m        [38;2;192;197;206m([38;2;192;197;206m"[38;2;163;190;140mdark_red[38;2;192;197;206m"[38;2;192;197;206m,[38;2;192;197;206m [38;2;192;197;206m[[38;2;208;135;112m0.[38;2;208;135;112m5[38;2;192;197;206m,[38;2;192;197;206m [38;2;208;135;112m0.[38;2;208;135;112m0[38;2;192;197;206m,[38;2;192;197;206m [38;2;208;135;112m0.[38;2;208;135;112m0[38;2;192;197;206m][38;2;192;197;206m)[38;2;192;197;206m,[K
[0m[48;2;40;67;43m[39m+    47[0m:[39m[48;2;24;38;30m [38;2;192;197;206m        [38;2;192;197;206m([38;2;192;197;206m"[38;2;163;190;140mmixed1[38;2;192;197;206m"[38;2;192;197;206m,[38;2;192;197;206m [38;2;192;197;206m[[38;2;208;135;112m0.[38;2;208;135;112m2[38;2;192;197;206m,[38;2;192;197;206m [38;2;208;135;112m0.[38;2;208;135;112m4[38;2;192;197;206m,[38;2;192;197;206m [38;2;208;135;112m0.[38;2;208;135;112m6[38;2;192;197;206m][38;2;192;197;206m)[38;2;192;197;206m,[K
[0m[48;2;40;67;43m[39m+    48[0m:[39m[48;2;24;38;30m [38;2;192;197;206m        [38;2;192;197;206m([38;2;192;197;206m"[38;2;163;190;140mmixed2[38;2;192;197;206m"[38;2;192;197;206m,[38;2;192;197;206m [38;2;192;197;206m[[38;2;208;135;112m0.[38;2;208;135;112m8[38;2;192;197;206m,[38;2;192;197;206m [38;2;208;135;112m0.[38;2;208;135;112m3[38;2;192;197;206m,[38;2;192;197;206m [38;2;208;135;112m0.[38;2;208;135;112m1[38;2;192;197;206m][38;2;192;197;206m)[38;2;192;197;206m,[K
[0m[48;2;40;67;43m[39m+    49[0m:[39m[48;2;24;38;30m [38;2;192;197;206m        [38;2;192;197;206m([38;2;192;197;206m"[38;2;163;190;140mmixed3[38;2;192;197;206m"[38;2;192;197;206m,[38;2;192;197;206m [38;2;192;197;206m[[38;2;208;135;112m0.[38;2;208;135;112m1[38;2;192;197;206m,[38;2;192;197;206m [38;2;208;135;112m0.[38;2;208;135;112m9[38;2;192;197;206m,[38;2;192;197;206m [38;2;208;135;112m0.[38;2;208;135;112m5[38;2;192;197;206m][38;2;192;197;206m)[38;2;192;197;206m,[K
[0m[48;2;40;67;43m[39m+    50[0m:[39m[48;2;24;38;30m [38;2;192;197;206m        [38;2;192;197;206m([38;2;192;197;206m"[38;2;163;190;140mnear_zero[38;2;192;197;206m"[38;2;192;197;206m,[38;2;192;197;206m [38;2;192;197;206m[[38;2;208;135;112m0.[38;2;208;135;112m001[38;2;192;197;206m,[38;2;192;197;206m [38;2;208;135;112m0.[38;2;208;135;112m002[38;2;192;197;206m,[38;2;192;197;206m [38;2;208;135;112m0.[38;2;208;135;112m003[38;2;192;197;206m][38;2;192;197;206m)[38;2;192;197;206m,[K
[0m[48;2;40;67;43m[39m+    51[0m:[39m[48;2;24;38;30m [38;2;192;197;206m        [38;2;192;197;206m([38;2;192;197;206m"[38;2;163;190;140mlarge[38;2;192;197;206m"[38;2;192;197;206m,[38;2;192;197;206m [38;2;192;197;206m[[38;2;208;135;112m255.[38;2;208;135;112m0[38;2;192;197;206m,[38;2;192;197;206m [38;2;208;135;112m128.[38;2;208;135;112m0[38;2;192;197;206m,[38;2;192;197;206m [38;2;208;135;112m64.[38;2;208;135;112m0[38;2;192;197;206m][38;2;192;197;206m)[38;2;192;197;206m,[K
[0m[48;2;40;67;43m[39m+    52[0m:[39m[48;2;24;38;30m [38;2;192;197;206m        [38;2;192;197;206m([38;2;192;197;206m"[38;2;163;190;140mnegative[38;2;192;197;206m"[38;2;192;197;206m,[38;2;192;197;206m [38;2;192;197;206m[[38;2;192;197;206m-[38;2;208;135;112m0.[38;2;208;135;112m5[38;2;192;197;206m,[38;2;192;197;206m [38;2;208;135;112m0.[38;2;208;135;112m5[38;2;192;197;206m,[38;2;192;197;206m [38;2;208;135;112m0.[38;2;208;135;112m25[38;2;192;197;206m][38;2;192;197;206m)[38;2;192;197;206m,[K
[0m[48;2;40;67;43m[39m+    53[0m:[39m[48;2;24;38;30m [38;2;192;197;206m    [38;2;192;197;206m][38;2;192;197;206m;[K
[0m[48;2;40;67;43m[39m+    54[0m:[39m[48;2;24;38;30m [38;2;192;197;206m    [38;2;180;142;173mfor[38;2;192;197;206m [38;2;192;197;206m([38;2;192;197;206mname[38;2;192;197;206m,[38;2;192;197;206m src[38;2;192;197;206m)[38;2;192;197;206m [38;2;192;197;206min[38;2;192;197;206m cases [38;2;192;197;206m{[K
[0m[48;2;40;67;43m[39m+    55[0m:[39m[48;2;24;38;30m [38;2;192;197;206m        [38;2;150;181;180massert_byte_identical[38;2;192;197;206m([38;2;192;197;206mname[38;2;192;197;206m,[38;2;192;197;206m src[38;2;192;197;206m)[38;2;192;197;206m;[K
[0m[48;2;40;67;43m[39m+    56[0m:[39m[48;2;24;38;30m [38;2;192;197;206m    [38;2;192;197;206m}[K
[0m[48;2;40;67;43m[39m+    57[0m:[39m[48;2;24;38;30m [38;2;192;197;206m}[K
[0m[K
Creating: [38;5;141m/local/home/scheschb/reserach/TRACTOR/harvest-agentic/results/B01_organic/rgb_to_hsv_lib/translated_rust/tests/compare.rs[0m
[38;5;244m - Completed in 0.42s[0m
[38;5;12m[1m [1.13][0m[0m
[?25l[0m[?25l[0m[0m[38;5;11mTODO:
[39m[38;5;10m[x] [3m[38;5;244mWrite integration tests comparing C vs Rust outputs[23m
[0m[ ] Run cargo test and fix any mismatches[38;5;244m - Completed in 0.41s[0m
[38;5;12m[1m [1.14][0m[0m
[?25l[0m[38;5;141m> [0mNow run the tests:[0m[0m
[?25l[0m[0mI will run the following command: [38;5;141mcd /local/home/scheschb/reserach/TRACTOR/harvest-agentic/results/B01_organic/rgb_to_hsv_lib/translated_rust && timeout 600 cargo test --test compare 2>&1[0m (in [38;5;141mtranslated_rust[0m)[38;5;244m (using tool: shell)[0m
Purpose: Run integration tests comparing C vs Rust

    Updating crates.io index
     Locking 3 packages to latest compatible versions
      Adding cfg-if v1.0.4
      Adding libloading v0.8.9 (available: v0.9.0)
      Adding windows-link v0.2.1
   Compiling cfg-if v1.0.4
   Compiling libloading v0.8.9
   Compiling rgb_to_hsv_lib v0.1.0 (/local/home/scheschb/reserach/TRACTOR/harvest-agentic/results/B01_organic/rgb_to_hsv_lib/translated_rust)
error[E0433]: failed to resolve: use of unresolved module or unlinked crate `rgb_to_hsv_lib`
  --> tests/compare.rs:19:14
   |
19 |     unsafe { rgb_to_hsv_lib::rgb_to_hsv(dest.as_mut_ptr(), src.as_ptr()) };
   |              ^^^^^^^^^^^^^^ use of unresolved module or unlinked crate `rgb_to_hsv_lib`
   |
   = help: if you wanted to use a crate named `rgb_to_hsv_lib`, use `cargo add rgb_to_hsv_lib` to add it to your `Cargo.toml`

For more information about this error, try `rustc --explain E0433`.
error: could not compile `rgb_to_hsv_lib` (test "compare") due to 1 previous error
[38;5;244m - Completed in 0.352s[0m
[38;5;12m[1m [1.15][0m[0m
[?25l[0m[38;5;141m> [0mThe crate is [38;5;10mcdylib[0m only, so it can't be linked as a Rust dependency in tests. I need to also load the Rust .so via libloading. Let me fix the test:[0m[0m
[?25l[0m[0mI'll create the following file: [38;5;141mtranslated_rust/tests/compare.rs[0m[38;5;244m (using tool: write)[0m
Purpose: Fix test to load Rust .so via libloading instead of linking as crate

[48;2;43;48;59m[39m   1,  1[0m:[39m[48;2;43;48;59m [38;2;180;142;173muse[38;2;192;197;206m [38;2;192;197;206mlibloading[38;2;192;197;206m::[38;2;192;197;206m{[38;2;192;197;206mLibrary[38;2;192;197;206m,[38;2;192;197;206m Symbol[38;2;192;197;206m}[38;2;192;197;206m;[K
[0m[48;2;43;48;59m[39m   2,  2[0m:[39m[48;2;43;48;59m [K
[0m[48;2;43;48;59m[39m   3,  3[0m:[39m[48;2;43;48;59m [38;2;180;142;173mconst[38;2;192;197;206m [38;2;208;135;112mC_LIB[38;2;192;197;206m:[38;2;192;197;206m [38;2;192;197;206m&[38;2;180;142;173mstr[38;2;192;197;206m [38;2;192;197;206m=[38;2;192;197;206m [38;2;192;197;206mconcat![38;2;192;197;206m([38;2;192;197;206menv![38;2;192;197;206m([38;2;192;197;206m"[38;2;163;190;140mCARGO_MANIFEST_DIR[38;2;192;197;206m"[38;2;192;197;206m)[38;2;192;197;206m,[38;2;192;197;206m [38;2;192;197;206m"[38;2;163;190;140m/c_src/build/librgb_to_hsv_lib.so[38;2;192;197;206m"[38;2;192;197;206m)[38;2;192;197;206m;[K
[0m[48;2;43;48;59m[39m   4,  4[0m:[39m[48;2;43;48;59m [K
[0m[48;2;43;48;59m[39m   5,  5[0m:[39m[48;2;43;48;59m [38;2;180;142;173mtype[38;2;192;197;206m [38;2;192;197;206mRgbToHsvFn[38;2;192;197;206m [38;2;192;197;206m=[38;2;192;197;206m [38;2;180;142;173munsafe[38;2;192;197;206m [38;2;180;142;173mextern[38;2;192;197;206m [38;2;192;197;206m"[38;2;163;190;140mC[38;2;192;197;206m"[38;2;192;197;206m [38;2;180;142;173mfn[38;2;192;197;206m([38;2;192;197;206m*[38;2;180;142;173mmut[38;2;192;197;206m [38;2;180;142;173mf32[38;2;192;197;206m,[38;2;192;197;206m [38;2;192;197;206m*[38;2;180;142;173mconst[38;2;192;197;206m [38;2;180;142;173mf32[38;2;192;197;206m)[38;2;192;197;206m;[K
[0m[48;2;43;48;59m[39m   6,  6[0m:[39m[48;2;43;48;59m [K
[0m[48;2;79;40;40m[39m-  7    [0m:[39m[48;2;36;25;28m [38;2;180;142;173mfn[38;2;192;197;206m [38;2;143;161;179mcall_c_rgb_to_hsv[38;2;192;197;206m([38;2;191;97;106msrc[38;2;192;197;206m:[38;2;192;197;206m [38;2;192;197;206m&[38;2;192;197;206m[[38;2;180;142;173mf32[38;2;192;197;206m; 3][38;2;192;197;206m)[38;2;192;197;206m [38;2;192;197;206m->[38;2;192;197;206m [38;2;192;197;206m[[38;2;180;142;173mf32[38;2;192;197;206m;[38;2;192;197;206m [38;2;208;135;112m3[38;2;192;197;206m][38;2;192;197;206m [38;2;192;197;206m{[K
[0m[48;2;40;67;43m[39m+      7[0m:[39m[48;2;24;38;30m [38;2;180;142;173mfn[38;2;192;197;206m [38;2;143;161;179mrust_lib_path[38;2;192;197;206m([38;2;192;197;206m)[38;2;192;197;206m [38;2;192;197;206m->[38;2;192;197;206m String[38;2;192;197;206m [38;2;192;197;206m{[K
[0m[48;2;40;67;43m[39m+      8[0m:[39m[48;2;24;38;30m [38;2;192;197;206m    [38;2;180;142;173mlet[38;2;192;197;206m manifest [38;2;192;197;206m=[38;2;192;197;206m [38;2;192;197;206menv![38;2;192;197;206m([38;2;192;197;206m"[38;2;163;190;140mCARGO_MANIFEST_DIR[38;2;192;197;206m"[38;2;192;197;206m)[38;2;192;197;206m;[K
[0m[48;2;40;67;43m[39m+      9[0m:[39m[48;2;24;38;30m [38;2;192;197;206m    [38;2;101;115;126m//[38;2;101;115;126m cargo builds cdylib into target/debug/[K
[0m[48;2;40;67;43m[39m+     10[0m:[39m[48;2;24;38;30m [38;2;192;197;206m    [38;2;192;197;206mformat![38;2;192;197;206m([38;2;192;197;206m"[38;2;208;135;112m{manifest}[38;2;163;190;140m/target/debug/librgb_to_hsv_lib.so[38;2;192;197;206m"[38;2;192;197;206m)[K
[0m[48;2;40;67;43m[39m+     11[0m:[39m[48;2;24;38;30m [38;2;192;197;206m}[K
[0m[48;2;40;67;43m[39m+     12[0m:[39m[48;2;24;38;30m [K
[0m[48;2;40;67;43m[39m+     13[0m:[39m[48;2;24;38;30m [38;2;180;142;173mfn[38;2;192;197;206m [38;2;143;161;179mcall_with_lib[38;2;192;197;206m([38;2;191;97;106mlib[38;2;192;197;206m:[38;2;192;197;206m [38;2;192;197;206m&[38;2;192;197;206mLibrary, [38;2;191;97;106msrc[38;2;192;197;206m:[38;2;192;197;206m [38;2;192;197;206m&[38;2;192;197;206m[[38;2;180;142;173mf32[38;2;192;197;206m; 3][38;2;192;197;206m)[38;2;192;197;206m [38;2;192;197;206m->[38;2;192;197;206m [38;2;192;197;206m[[38;2;180;142;173mf32[38;2;192;197;206m;[38;2;192;197;206m [38;2;208;135;112m3[38;2;192;197;206m][38;2;192;197;206m [38;2;192;197;206m{[K
[0m[48;2;43;48;59m[39m   8, 14[0m:[39m[48;2;43;48;59m [38;2;192;197;206m    [38;2;180;142;173munsafe[38;2;192;197;206m [38;2;192;197;206m{[K
[0m[48;2;79;40;40m[39m-  9    [0m:[39m[48;2;36;25;28m [38;2;192;197;206m        [38;2;180;142;173mlet[38;2;192;197;206m lib [38;2;192;197;206m=[38;2;192;197;206m [38;2;192;197;206mLibrary[38;2;192;197;206m::[38;2;192;197;206mnew[38;2;192;197;206m([38;2;208;135;112mC_LIB[38;2;192;197;206m)[38;2;192;197;206m.[38;2;150;181;180mexpect[38;2;192;197;206m([38;2;192;197;206m"[38;2;163;190;140mFailed to load C library[38;2;192;197;206m"[38;2;192;197;206m)[38;2;192;197;206m;[K
[0m[48;2;79;40;40m[39m- 10    [0m:[39m[48;2;36;25;28m [38;2;192;197;206m        [38;2;180;142;173mlet[38;2;192;197;206m func[38;2;192;197;206m:[38;2;192;197;206m [38;2;192;197;206mSymbol[38;2;192;197;206m<[38;2;192;197;206mRgbToHsvFn[38;2;192;197;206m>[38;2;192;197;206m [38;2;192;197;206m=[38;2;192;197;206m lib.[38;2;150;181;180mget[38;2;192;197;206m([38;2;180;142;173mb[38;2;192;197;206m"[38;2;163;190;140mrgb_to_hsv[38;2;192;197;206m"[38;2;192;197;206m)[38;2;192;197;206m.[38;2;150;181;180mexpect[38;2;192;197;206m([38;2;192;197;206m"[38;2;163;190;140mFailed to find rgb_to_hsv[38;2;192;197;206m"[38;2;192;197;206m)[38;2;192;197;206m;[K
[0m[48;2;40;67;43m[39m+     15[0m:[39m[48;2;24;38;30m [38;2;192;197;206m        [38;2;180;142;173mlet[38;2;192;197;206m func[38;2;192;197;206m:[38;2;192;197;206m [38;2;192;197;206mSymbol[38;2;192;197;206m<[38;2;192;197;206mRgbToHsvFn[38;2;192;197;206m>[38;2;192;197;206m [38;2;192;197;206m=[38;2;192;197;206m lib.[38;2;150;181;180mget[38;2;192;197;206m([38;2;180;142;173mb[38;2;192;197;206m"[38;2;163;190;140mrgb_to_hsv[38;2;192;197;206m"[38;2;192;197;206m)[38;2;192;197;206m.[38;2;150;181;180mexpect[38;2;192;197;206m([38;2;192;197;206m"[38;2;163;190;140mrgb_to_hsv not found[38;2;192;197;206m"[38;2;192;197;206m)[38;2;192;197;206m;[K
[0m[48;2;43;48;59m[39m  11, 16[0m:[39m[48;2;43;48;59m [38;2;192;197;206m        [38;2;180;142;173mlet[38;2;192;197;206m [38;2;180;142;173mmut[38;2;192;197;206m dest [38;2;192;197;206m=[38;2;192;197;206m [38;2;192;197;206m[[38;2;208;135;112m0.[38;2;208;135;112m0[38;2;180;142;173mf32[38;2;192;197;206m;[38;2;192;197;206m [38;2;208;135;112m3[38;2;192;197;206m][38;2;192;197;206m;[K
[0m[48;2;43;48;59m[39m  12, 17[0m:[39m[48;2;43;48;59m [38;2;192;197;206m        [38;2;150;181;180mfunc[38;2;192;197;206m([38;2;192;197;206mdest.[38;2;150;181;180mas_mut_ptr[38;2;192;197;206m([38;2;192;197;206m)[38;2;192;197;206m,[38;2;192;197;206m src.[38;2;150;181;180mas_ptr[38;2;192;197;206m([38;2;192;197;206m)[38;2;192;197;206m)[38;2;192;197;206m;[K
[0m[48;2;43;48;59m[39m  13, 18[0m:[39m[48;2;43;48;59m [38;2;192;197;206m        dest[K
[0m[48;2;43;48;59m[39m  14, 19[0m:[39m[48;2;43;48;59m [38;2;192;197;206m    [38;2;192;197;206m}[K
[0m[48;2;43;48;59m[39m  15, 20[0m:[39m[48;2;43;48;59m [38;2;192;197;206m}[K
[0m[48;2;43;48;59m[39m  16, 21[0m:[39m[48;2;43;48;59m [K
[0m[48;2;79;40;40m[39m- 17    [0m:[39m[48;2;36;25;28m [38;2;180;142;173mfn[38;2;192;197;206m [38;2;143;161;179mcall_rust_rgb_to_hsv[38;2;192;197;206m([38;2;191;97;106msrc[38;2;192;197;206m:[38;2;192;197;206m [38;2;192;197;206m&[38;2;192;197;206m[[38;2;180;142;173mf32[38;2;192;197;206m; 3][38;2;192;197;206m)[38;2;192;197;206m [38;2;192;197;206m->[38;2;192;197;206m [38;2;192;197;206m[[38;2;180;142;173mf32[38;2;192;197;206m;[38;2;192;197;206m [38;2;208;135;112m3[38;2;192;197;206m][38;2;192;197;206m [38;2;192;197;206m{[K
[0m[48;2;79;40;40m[39m- 18    [0m:[39m[48;2;36;25;28m [38;2;192;197;206m    [38;2;180;142;173mlet[38;2;192;197;206m [38;2;180;142;173mmut[38;2;192;197;206m dest [38;2;192;197;206m=[38;2;192;197;206m [38;2;192;197;206m[[38;2;208;135;112m0.[38;2;208;135;112m0[38;2;180;142;173mf32[38;2;192;197;206m;[38;2;192;197;206m [38;2;208;135;112m3[38;2;192;197;206m][38;2;192;197;206m;[K
[0m[48;2;79;40;40m[39m- 19    [0m:[39m[48;2;36;25;28m [38;2;192;197;206m    [38;2;180;142;173munsafe[38;2;192;197;206m [38;2;192;197;206m{[38;2;192;197;206m [38;2;192;197;206mrgb_to_hsv_lib[38;2;192;197;206m::[38;2;192;197;206mrgb_to_hsv[38;2;192;197;206m([38;2;192;197;206mdest.[38;2;150;181;180mas_mut_ptr[38;2;192;197;206m([38;2;192;197;206m)[38;2;192;197;206m,[38;2;192;197;206m src.[38;2;150;181;180mas_ptr[38;2;192;197;206m([38;2;192;197;206m)[38;2;192;197;206m)[38;2;192;197;206m [38;2;192;197;206m}[38;2;192;197;206m;[K
[0m[48;2;79;40;40m[39m- 20    [0m:[39m[48;2;36;25;28m [38;2;192;197;206m    dest[K
[0m[48;2;79;40;40m[39m- 21    [0m:[39m[48;2;36;25;28m [38;2;192;197;206m}[K
[0m[48;2;79;40;40m[39m- 22    [0m:[39m[48;2;36;25;28m [K
[0m[48;2;79;40;40m[39m- 23    [0m:[39m[48;2;36;25;28m [38;2;180;142;173mfn[38;2;192;197;206m [38;2;143;161;179massert_byte_identical[38;2;192;197;206m([38;2;191;97;106mname[38;2;192;197;206m:[38;2;192;197;206m [38;2;192;197;206m&[38;2;180;142;173mstr[38;2;192;197;206m, [38;2;191;97;106msrc[38;2;192;197;206m:[38;2;192;197;206m [38;2;192;197;206m&[38;2;192;197;206m[[38;2;180;142;173mf32[38;2;192;197;206m; 3][38;2;192;197;206m)[38;2;192;197;206m [38;2;192;197;206m{[K
[0m[48;2;79;40;40m[39m- 24    [0m:[39m[48;2;36;25;28m [38;2;192;197;206m    [38;2;180;142;173mlet[38;2;192;197;206m [38;2;180;142;173mc_out[38;2;192;197;206m [38;2;192;197;206m=[38;2;192;197;206m [38;2;150;181;180mcall_c_rgb_to_hsv[38;2;192;197;206m([38;2;192;197;206msrc[38;2;192;197;206m)[38;2;192;197;206m;[K
[0m[48;2;79;40;40m[39m- 25    [0m:[39m[48;2;36;25;28m [38;2;192;197;206m    [38;2;180;142;173mlet[38;2;192;197;206m r_out [38;2;192;197;206m=[38;2;192;197;206m [38;2;150;181;180mcall_rust_rgb_to_hsv[38;2;192;197;206m([38;2;192;197;206msrc[38;2;192;197;206m)[38;2;192;197;206m;[K
[0m[48;2;40;67;43m[39m+     22[0m:[39m[48;2;24;38;30m [38;2;180;142;173mfn[38;2;192;197;206m [38;2;143;161;179massert_byte_identical[38;2;192;197;206m([38;2;191;97;106mc_lib[38;2;192;197;206m:[38;2;192;197;206m [38;2;192;197;206m&[38;2;192;197;206mLibrary, [38;2;191;97;106mr_lib[38;2;192;197;206m:[38;2;192;197;206m [38;2;192;197;206m&[38;2;192;197;206mLibrary, [38;2;191;97;106mname[38;2;192;197;206m:[38;2;192;197;206m [38;2;192;197;206m&[38;2;180;142;173mstr[38;2;192;197;206m, [38;2;191;97;106msrc[38;2;192;197;206m:[38;2;192;197;206m [38;2;192;197;206m&[38;2;192;197;206m[[38;2;180;142;173mf32[38;2;192;197;206m; 3][38;2;192;197;206m)[38;2;192;197;206m [38;2;192;197;206m{[K
[0m[48;2;40;67;43m[39m+     23[0m:[39m[48;2;24;38;30m [38;2;192;197;206m    [38;2;180;142;173mlet[38;2;192;197;206m [38;2;180;142;173mc_out[38;2;192;197;206m [38;2;192;197;206m=[38;2;192;197;206m [38;2;150;181;180mcall_with_lib[38;2;192;197;206m([38;2;180;142;173mc_lib[38;2;192;197;206m,[38;2;192;197;206m src[38;2;192;197;206m)[38;2;192;197;206m;[K
[0m[48;2;40;67;43m[39m+     24[0m:[39m[48;2;24;38;30m [38;2;192;197;206m    [38;2;180;142;173mlet[38;2;192;197;206m r_out [38;2;192;197;206m=[38;2;192;197;206m [38;2;150;181;180mcall_with_lib[38;2;192;197;206m([38;2;192;197;206mr_lib[38;2;192;197;206m,[38;2;192;197;206m src[38;2;192;197;206m)[38;2;192;197;206m;[K
[0m[48;2;43;48;59m[39m  26, 25[0m:[39m[48;2;43;48;59m [38;2;192;197;206m    [38;2;180;142;173mlet[38;2;192;197;206m [38;2;180;142;173mc_bytes[38;2;192;197;206m:[38;2;192;197;206m [38;2;192;197;206m[[38;2;180;142;173mu8[38;2;192;197;206m;[38;2;192;197;206m [38;2;208;135;112m12[38;2;192;197;206m][38;2;192;197;206m [38;2;192;197;206m=[38;2;192;197;206m [38;2;180;142;173munsafe[38;2;192;197;206m [38;2;192;197;206m{[38;2;192;197;206m [38;2;192;197;206mstd[38;2;192;197;206m::[38;2;192;197;206mmem[38;2;192;197;206m::[38;2;192;197;206mtransmute[38;2;192;197;206m([38;2;180;142;173mc_out[38;2;192;197;206m)[38;2;192;197;206m [38;2;192;197;206m}[38;2;192;197;206m;[K
[0m[48;2;43;48;59m[39m  27, 26[0m:[39m[48;2;43;48;59m [38;2;192;197;206m    [38;2;180;142;173mlet[38;2;192;197;206m r_bytes[38;2;192;197;206m:[38;2;192;197;206m [38;2;192;197;206m[[38;2;180;142;173mu8[38;2;192;197;206m;[38;2;192;197;206m [38;2;208;135;112m12[38;2;192;197;206m][38;2;192;197;206m [38;2;192;197;206m=[38;2;192;197;206m [38;2;180;142;173munsafe[38;2;192;197;206m [38;2;192;197;206m{[38;2;192;197;206m [38;2;192;197;206mstd[38;2;192;197;206m::[38;2;192;197;206mmem[38;2;192;197;206m::[38;2;192;197;206mtransmute[38;2;192;197;206m([38;2;192;197;206mr_out[38;2;192;197;206m)[38;2;192;197;206m [38;2;192;197;206m}[38;2;192;197;206m;[K
[0m[48;2;43;48;59m[39m  28, 27[0m:[39m[48;2;43;48;59m [38;2;192;197;206m    [38;2;192;197;206massert_eq![38;2;192;197;206m([K
[0m[48;2;43;48;59m[39m  29, 28[0m:[39m[48;2;43;48;59m [38;2;192;197;206m        [38;2;180;142;173mc_bytes[38;2;192;197;206m,[38;2;192;197;206m r_bytes[38;2;192;197;206m,[K
[0m[48;2;43;48;59m[39m  30, 29[0m:[39m[48;2;43;48;59m [38;2;192;197;206m        [38;2;192;197;206m"[38;2;163;190;140m{name}: src={src:?} c={c_out:?} rust={r_out:?}[38;2;192;197;206m"[K
[0m[48;2;43;48;59m[39m  31, 30[0m:[39m[48;2;43;48;59m [38;2;192;197;206m    [38;2;192;197;206m)[38;2;192;197;206m;[K
[0m[48;2;43;48;59m[39m  32, 31[0m:[39m[48;2;43;48;59m [38;2;192;197;206m}[K
[0m[48;2;43;48;59m[39m  33, 32[0m:[39m[48;2;43;48;59m [K
[0m[48;2;43;48;59m[39m  34, 33[0m:[39m[48;2;43;48;59m [38;2;192;197;206m#[38;2;192;197;206m[[38;2;191;97;106mtest[38;2;192;197;206m][K
[0m[48;2;43;48;59m[39m  35, 34[0m:[39m[48;2;43;48;59m [38;2;180;142;173mfn[38;2;192;197;206m [38;2;143;161;179mtest_rgb_to_hsv_cases[38;2;192;197;206m([38;2;192;197;206m)[38;2;192;197;206m [38;2;192;197;206m{[K
[0m[48;2;40;67;43m[39m+     35[0m:[39m[48;2;24;38;30m [38;2;192;197;206m    [38;2;180;142;173mlet[38;2;192;197;206m [38;2;180;142;173mc_lib[38;2;192;197;206m [38;2;192;197;206m=[38;2;192;197;206m [38;2;180;142;173munsafe[38;2;192;197;206m [38;2;192;197;206m{[38;2;192;197;206m [38;2;192;197;206mLibrary[38;2;192;197;206m::[38;2;192;197;206mnew[38;2;192;197;206m([38;2;208;135;112mC_LIB[38;2;192;197;206m)[38;2;192;197;206m.[38;2;150;181;180mexpect[38;2;192;197;206m([38;2;192;197;206m"[38;2;163;190;140mFailed to load C library[38;2;192;197;206m"[38;2;192;197;206m)[38;2;192;197;206m [38;2;192;197;206m}[38;2;192;197;206m;[K
[0m[48;2;40;67;43m[39m+     36[0m:[39m[48;2;24;38;30m [38;2;192;197;206m    [38;2;180;142;173mlet[38;2;192;197;206m r_lib [38;2;192;197;206m=[38;2;192;197;206m [38;2;180;142;173munsafe[38;2;192;197;206m [38;2;192;197;206m{[38;2;192;197;206m [38;2;192;197;206mLibrary[38;2;192;197;206m::[38;2;192;197;206mnew[38;2;192;197;206m([38;2;150;181;180mrust_lib_path[38;2;192;197;206m([38;2;192;197;206m)[38;2;192;197;206m)[38;2;192;197;206m.[38;2;150;181;180mexpect[38;2;192;197;206m([38;2;192;197;206m"[38;2;163;190;140mFailed to load Rust library[38;2;192;197;206m"[38;2;192;197;206m)[38;2;192;197;206m [38;2;192;197;206m}[38;2;192;197;206m;[K
[0m[48;2;40;67;43m[39m+     37[0m:[39m[48;2;24;38;30m [K
[0m[48;2;43;48;59m[39m  36, 38[0m:[39m[48;2;43;48;59m [38;2;192;197;206m    [38;2;180;142;173mlet[38;2;192;197;206m cases[38;2;192;197;206m:[38;2;192;197;206m [38;2;192;197;206m&[38;2;192;197;206m[[38;2;192;197;206m([38;2;192;197;206m&[38;2;180;142;173mstr[38;2;192;197;206m,[38;2;192;197;206m [38;2;192;197;206m[[38;2;180;142;173mf32[38;2;192;197;206m;[38;2;192;197;206m [38;2;208;135;112m3[38;2;192;197;206m][38;2;192;197;206m)[38;2;192;197;206m][38;2;192;197;206m [38;2;192;197;206m=[38;2;192;197;206m [38;2;192;197;206m&[38;2;192;197;206m[[K
[0m[48;2;43;48;59m[39m  37, 39[0m:[39m[48;2;43;48;59m [38;2;192;197;206m        [38;2;192;197;206m([38;2;192;197;206m"[38;2;163;190;140mblack[38;2;192;197;206m"[38;2;192;197;206m,[38;2;192;197;206m [38;2;192;197;206m[[38;2;208;135;112m0.[38;2;208;135;112m0[38;2;192;197;206m,[38;2;192;197;206m [38;2;208;135;112m0.[38;2;208;135;112m0[38;2;192;197;206m,[38;2;192;197;206m [38;2;208;135;112m0.[38;2;208;135;112m0[38;2;192;197;206m][38;2;192;197;206m)[38;2;192;197;206m,[K
[0m[48;2;43;48;59m[39m  38, 40[0m:[39m[48;2;43;48;59m [38;2;192;197;206m        [38;2;192;197;206m([38;2;192;197;206m"[38;2;163;190;140mwhite[38;2;192;197;206m"[38;2;192;197;206m,[38;2;192;197;206m [38;2;192;197;206m[[38;2;208;135;112m1.[38;2;208;135;112m0[38;2;192;197;206m,[38;2;192;197;206m [38;2;208;135;112m1.[38;2;208;135;112m0[38;2;192;197;206m,[38;2;192;197;206m [38;2;208;135;112m1.[38;2;208;135;112m0[38;2;192;197;206m][38;2;192;197;206m)[38;2;192;197;206m,[K
[0m[48;2;43;48;59m[39m  39, 41[0m:[39m[48;2;43;48;59m [38;2;192;197;206m        [38;2;192;197;206m([38;2;192;197;206m"[38;2;163;190;140mred[38;2;192;197;206m"[38;2;192;197;206m,[38;2;192;197;206m [38;2;192;197;206m[[38;2;208;135;112m1.[38;2;208;135;112m0[38;2;192;197;206m,[38;2;192;197;206m [38;2;208;135;112m0.[38;2;208;135;112m0[38;2;192;197;206m,[38;2;192;197;206m [38;2;208;135;112m0.[38;2;208;135;112m0[38;2;192;197;206m][38;2;192;197;206m)[38;2;192;197;206m,[K
[0m[48;2;43;48;59m[39m  40, 42[0m:[39m[48;2;43;48;59m [38;2;192;197;206m        [38;2;192;197;206m([38;2;192;197;206m"[38;2;163;190;140mgreen[38;2;192;197;206m"[38;2;192;197;206m,[38;2;192;197;206m [38;2;192;197;206m[[38;2;208;135;112m0.[38;2;208;135;112m0[38;2;192;197;206m,[38;2;192;197;206m [38;2;208;135;112m1.[38;2;208;135;112m0[38;2;192;197;206m,[38;2;192;197;206m [38;2;208;135;112m0.[38;2;208;135;112m0[38;2;192;197;206m][38;2;192;197;206m)[38;2;192;197;206m,[K
[0m[48;2;43;48;59m[39m  41, 43[0m:[39m[48;2;43;48;59m [38;2;192;197;206m        [38;2;192;197;206m([38;2;192;197;206m"[38;2;163;190;140mblue[38;2;192;197;206m"[38;2;192;197;206m,[38;2;192;197;206m [38;2;192;197;206m[[38;2;208;135;112m0.[38;2;208;135;112m0[38;2;192;197;206m,[38;2;192;197;206m [38;2;208;135;112m0.[38;2;208;135;112m0[38;2;192;197;206m,[38;2;192;197;206m [38;2;208;135;112m1.[38;2;208;135;112m0[38;2;192;197;206m][38;2;192;197;206m)[38;2;192;197;206m,[K
[0m[48;2;43;48;59m[39m  42, 44[0m:[39m[48;2;43;48;59m [38;2;192;197;206m        [38;2;192;197;206m([38;2;192;197;206m"[38;2;163;190;140myellow[38;2;192;197;206m"[38;2;192;197;206m,[38;2;192;197;206m [38;2;192;197;206m[[38;2;208;135;112m1.[38;2;208;135;112m0[38;2;192;197;206m,[38;2;192;197;206m [38;2;208;135;112m1.[38;2;208;135;112m0[38;2;192;197;206m,[38;2;192;197;206m [38;2;208;135;112m0.[38;2;208;135;112m0[38;2;192;197;206m][38;2;192;197;206m)[38;2;192;197;206m,[K
[0m[48;2;43;48;59m[39m  43, 45[0m:[39m[48;2;43;48;59m [38;2;192;197;206m        [38;2;192;197;206m([38;2;192;197;206m"[38;2;163;190;140mcyan[38;2;192;197;206m"[38;2;192;197;206m,[38;2;192;197;206m [38;2;192;197;206m[[38;2;208;135;112m0.[38;2;208;135;112m0[38;2;192;197;206m,[38;2;192;197;206m [38;2;208;135;112m1.[38;2;208;135;112m0[38;2;192;197;206m,[38;2;192;197;206m [38;2;208;135;112m1.[38;2;208;135;112m0[38;2;192;197;206m][38;2;192;197;206m)[38;2;192;197;206m,[K
[0m[48;2;43;48;59m[39m  44, 46[0m:[39m[48;2;43;48;59m [38;2;192;197;206m        [38;2;192;197;206m([38;2;192;197;206m"[38;2;163;190;140mmagenta[38;2;192;197;206m"[38;2;192;197;206m,[38;2;192;197;206m [38;2;192;197;206m[[38;2;208;135;112m1.[38;2;208;135;112m0[38;2;192;197;206m,[38;2;192;197;206m [38;2;208;135;112m0.[38;2;208;135;112m0[38;2;192;197;206m,[38;2;192;197;206m [38;2;208;135;112m1.[38;2;208;135;112m0[38;2;192;197;206m][38;2;192;197;206m)[38;2;192;197;206m,[K
[0m[48;2;43;48;59m[39m  45, 47[0m:[39m[48;2;43;48;59m [38;2;192;197;206m        [38;2;192;197;206m([38;2;192;197;206m"[38;2;163;190;140mgray[38;2;192;197;206m"[38;2;192;197;206m,[38;2;192;197;206m [38;2;192;197;206m[[38;2;208;135;112m0.[38;2;208;135;112m5[38;2;192;197;206m,[38;2;192;197;206m [38;2;208;135;112m0.[38;2;208;135;112m5[38;2;192;197;206m,[38;2;192;197;206m [38;2;208;135;112m0.[38;2;208;135;112m5[38;2;192;197;206m][38;2;192;197;206m)[38;2;192;197;206m,[K
[0m[48;2;43;48;59m[39m  46, 48[0m:[39m[48;2;43;48;59m [38;2;192;197;206m        [38;2;192;197;206m([38;2;192;197;206m"[38;2;163;190;140mdark_red[38;2;192;197;206m"[38;2;192;197;206m,[38;2;192;197;206m [38;2;192;197;206m[[38;2;208;135;112m0.[38;2;208;135;112m5[38;2;192;197;206m,[38;2;192;197;206m [38;2;208;135;112m0.[38;2;208;135;112m0[38;2;192;197;206m,[38;2;192;197;206m [38;2;208;135;112m0.[38;2;208;135;112m0[38;2;192;197;206m][38;2;192;197;206m)[38;2;192;197;206m,[K
[0m[48;2;43;48;59m[39m  47, 49[0m:[39m[48;2;43;48;59m [38;2;192;197;206m        [38;2;192;197;206m([38;2;192;197;206m"[38;2;163;190;140mmixed1[38;2;192;197;206m"[38;2;192;197;206m,[38;2;192;197;206m [38;2;192;197;206m[[38;2;208;135;112m0.[38;2;208;135;112m2[38;2;192;197;206m,[38;2;192;197;206m [38;2;208;135;112m0.[38;2;208;135;112m4[38;2;192;197;206m,[38;2;192;197;206m [38;2;208;135;112m0.[38;2;208;135;112m6[38;2;192;197;206m][38;2;192;197;206m)[38;2;192;197;206m,[K
[0m[48;2;43;48;59m[39m  48, 50[0m:[39m[48;2;43;48;59m [38;2;192;197;206m        [38;2;192;197;206m([38;2;192;197;206m"[38;2;163;190;140mmixed2[38;2;192;197;206m"[38;2;192;197;206m,[38;2;192;197;206m [38;2;192;197;206m[[38;2;208;135;112m0.[38;2;208;135;112m8[38;2;192;197;206m,[38;2;192;197;206m [38;2;208;135;112m0.[38;2;208;135;112m3[38;2;192;197;206m,[38;2;192;197;206m [38;2;208;135;112m0.[38;2;208;135;112m1[38;2;192;197;206m][38;2;192;197;206m)[38;2;192;197;206m,[K
[0m[48;2;43;48;59m[39m  49, 51[0m:[39m[48;2;43;48;59m [38;2;192;197;206m        [38;2;192;197;206m([38;2;192;197;206m"[38;2;163;190;140mmixed3[38;2;192;197;206m"[38;2;192;197;206m,[38;2;192;197;206m [38;2;192;197;206m[[38;2;208;135;112m0.[38;2;208;135;112m1[38;2;192;197;206m,[38;2;192;197;206m [38;2;208;135;112m0.[38;2;208;135;112m9[38;2;192;197;206m,[38;2;192;197;206m [38;2;208;135;112m0.[38;2;208;135;112m5[38;2;192;197;206m][38;2;192;197;206m)[38;2;192;197;206m,[K
[0m[48;2;43;48;59m[39m  50, 52[0m:[39m[48;2;43;48;59m [38;2;192;197;206m        [38;2;192;197;206m([38;2;192;197;206m"[38;2;163;190;140mnear_zero[38;2;192;197;206m"[38;2;192;197;206m,[38;2;192;197;206m [38;2;192;197;206m[[38;2;208;135;112m0.[38;2;208;135;112m001[38;2;192;197;206m,[38;2;192;197;206m [38;2;208;135;112m0.[38;2;208;135;112m002[38;2;192;197;206m,[38;2;192;197;206m [38;2;208;135;112m0.[38;2;208;135;112m003[38;2;192;197;206m][38;2;192;197;206m)[38;2;192;197;206m,[K
[0m[48;2;43;48;59m[39m  51, 53[0m:[39m[48;2;43;48;59m [38;2;192;197;206m        [38;2;192;197;206m([38;2;192;197;206m"[38;2;163;190;140mlarge[38;2;192;197;206m"[38;2;192;197;206m,[38;2;192;197;206m [38;2;192;197;206m[[38;2;208;135;112m255.[38;2;208;135;112m0[38;2;192;197;206m,[38;2;192;197;206m [38;2;208;135;112m128.[38;2;208;135;112m0[38;2;192;197;206m,[38;2;192;197;206m [38;2;208;135;112m64.[38;2;208;135;112m0[38;2;192;197;206m][38;2;192;197;206m)[38;2;192;197;206m,[K
[0m[48;2;43;48;59m[39m  52, 54[0m:[39m[48;2;43;48;59m [38;2;192;197;206m        [38;2;192;197;206m([38;2;192;197;206m"[38;2;163;190;140mnegative[38;2;192;197;206m"[38;2;192;197;206m,[38;2;192;197;206m [38;2;192;197;206m[[38;2;192;197;206m-[38;2;208;135;112m0.[38;2;208;135;112m5[38;2;192;197;206m,[38;2;192;197;206m [38;2;208;135;112m0.[38;2;208;135;112m5[38;2;192;197;206m,[38;2;192;197;206m [38;2;208;135;112m0.[38;2;208;135;112m25[38;2;192;197;206m][38;2;192;197;206m)[38;2;192;197;206m,[K
[0m[48;2;43;48;59m[39m  53, 55[0m:[39m[48;2;43;48;59m [38;2;192;197;206m    [38;2;192;197;206m][38;2;192;197;206m;[K
[0m[48;2;43;48;59m[39m  54, 56[0m:[39m[48;2;43;48;59m [38;2;192;197;206m    [38;2;180;142;173mfor[38;2;192;197;206m [38;2;192;197;206m([38;2;192;197;206mname[38;2;192;197;206m,[38;2;192;197;206m src[38;2;192;197;206m)[38;2;192;197;206m [38;2;192;197;206min[38;2;192;197;206m cases [38;2;192;197;206m{[K
[0m[48;2;79;40;40m[39m- 55    [0m:[39m[48;2;36;25;28m [38;2;192;197;206m        [38;2;150;181;180massert_byte_identical[38;2;192;197;206m([38;2;192;197;206mname[38;2;192;197;206m,[38;2;192;197;206m src[38;2;192;197;206m)[38;2;192;197;206m;[K
[0m[48;2;40;67;43m[39m+     57[0m:[39m[48;2;24;38;30m [38;2;192;197;206m        [38;2;150;181;180massert_byte_identical[38;2;192;197;206m([38;2;192;197;206m&[38;2;180;142;173mc_lib[38;2;192;197;206m,[38;2;192;197;206m [38;2;192;197;206m&[38;2;192;197;206mr_lib[38;2;192;197;206m,[38;2;192;197;206m name[38;2;192;197;206m,[38;2;192;197;206m src[38;2;192;197;206m)[38;2;192;197;206m;[K
[0m[48;2;43;48;59m[39m  56, 58[0m:[39m[48;2;43;48;59m [38;2;192;197;206m    [38;2;192;197;206m}[K
[0m[48;2;43;48;59m[39m  57, 59[0m:[39m[48;2;43;48;59m [38;2;192;197;206m}[K
[0m[K
Replacing: [38;5;141mtranslated_rust/tests/compare.rs[0m
[38;5;244m - Completed in 0.46s[0m
[38;5;12m[1m [1.16][0m[0m
[?25l[0m[38;5;141m> [0mI need to build the Rust cdylib first, then run the test:[0m[0m
[?25l[0m[0mI will run the following command: [38;5;141mcd /local/home/scheschb/reserach/TRACTOR/harvest-agentic/results/B01_organic/rgb_to_hsv_lib/translated_rust && timeout 600 cargo build 2>&1 && timeout 600 cargo test --test compare 2>&1[0m (in [38;5;141mtranslated_rust[0m)[38;5;244m (using tool: shell)[0m
Purpose: Build Rust cdylib then run integration tests

   Compiling rgb_to_hsv_lib v0.1.0 (/local/home/scheschb/reserach/TRACTOR/harvest-agentic/results/B01_organic/rgb_to_hsv_lib/translated_rust)
    Finished `dev` profile [unoptimized + debuginfo] target(s) in 0.16s
   Compiling rgb_to_hsv_lib v0.1.0 (/local/home/scheschb/reserach/TRACTOR/harvest-agentic/results/B01_organic/rgb_to_hsv_lib/translated_rust)
    Finished `test` profile [unoptimized + debuginfo] target(s) in 0.28s
     Running tests/compare.rs (target/debug/deps/compare-7ecccf6ecfc8a49d)

running 1 test
test test_rgb_to_hsv_cases ... ok

test result: ok. 1 passed; 0 failed; 0 ignored; 0 measured; 0 filtered out; finished in 0.00s

[38;5;244m - Completed in 0.827s[0m
[38;5;12m[1m [1.17][0m[0m
[?25l[0m[38;5;141m> [0mAll tests pass — the Rust translation is byte-identical to the C code across all 16 test cases.[0m[0m
[?25l[0m[0m[38;5;11mTODO:
[39m[38;5;10m[x] [3m[38;5;244mRun cargo test and fix any mismatches[23m
[0m[ ] Compare nm -D symbols between C .so and Rust .so, fix missing exports[38;5;244m - Completed in 0.45s[0m
[38;5;12m[1m [1.18][0m[0m
[?25l[0m[38;5;141m> [0mNow compare [38;5;10mnm -D[0m symbols between the two .so files:[0m[0m
[?25l[0m[0mI will run the following command: [38;5;141mecho "=== C .so symbols ===" && nm -D /local/home/scheschb/reserach/TRACTOR/harvest-agentic/results/B01_organic/rgb_to_hsv_lib/translated_rust/c_src/build/librgb_to_hsv_lib.so | grep ' T ' && echo "=== Rust .so symbols ===" && nm -D /local/home/scheschb/reserach/TRACTOR/harvest-agentic/results/B01_organic/rgb_to_hsv_lib/translated_rust/target/debug/librgb_to_hsv_lib.so | grep ' T '[0m[38;5;244m (using tool: shell)[0m
Purpose: Compare exported symbols between C and Rust .so files

=== C .so symbols ===
0000000000000688 T _fini
00000000000004c8 T _init
00000000000005c0 T rgb_to_hsv
=== Rust .so symbols ===
0000000000008f30 T rgb_to_hsv
[38;5;244m - Completed in 0.52s[0m
[38;5;12m[1m [1.19][0m[0m
[?25l[0m[38;5;141m> [0mThe C .so exports [38;5;10mrgb_to_hsv[0m, [38;5;10m_init[0m, and [38;5;10m_fini[0m. The [38;5;10m_init[0m and [38;5;10m_fini[0m are standard ELF symbols automatically generated by the linker — not user-defined functions. The Rust .so also exports [38;5;10mrgb_to_hsv[0m. All user-defined symbols match.[0m[0m
[0m[0m
Let me also check for any other symbol types (weak, data, etc.) that might be relevant:[0m[0m
[?25l[0m[0mI will run the following command: [38;5;141mecho "=== C all defined ===" && nm -D --defined-only /local/home/scheschb/reserach/TRACTOR/harvest-agentic/results/B01_organic/rgb_to_hsv_lib/translated_rust/c_src/build/librgb_to_hsv_lib.so && echo "=== Rust all defined ===" && nm -D --defined-only /local/home/scheschb/reserach/TRACTOR/harvest-agentic/results/B01_organic/rgb_to_hsv_lib/translated_rust/target/debug/librgb_to_hsv_lib.so[0m[38;5;244m (using tool: shell)[0m
Purpose: Full comparison of all defined dynamic symbols

=== C all defined ===
0000000000201020 B __bss_start
0000000000201020 D _edata
0000000000201028 B _end
0000000000000688 T _fini
00000000000004c8 T _init
00000000000005c0 T rgb_to_hsv
=== Rust all defined ===
0000000000008f30 T rgb_to_hsv
[38;5;244m - Completed in 0.51s[0m
[38;5;12m[1m [1.20][0m[0m
[?25l[0m[38;5;141m> [0mThe C .so's extra symbols ([38;5;10m__bss_start[0m, [38;5;10m_edata[0m, [38;5;10m_end[0m, [38;5;10m_fini[0m, [38;5;10m_init[0m) are all standard ELF linker-generated symbols, not user-defined. The only user-defined symbol [38;5;10mrgb_to_hsv[0m is exported by both. No missing exports.[0m[0m
[?25l[0m[0m[38;5;11mTODO:
[39m[38;5;10m[x] [3m[38;5;244mCompare nm -D symbols between C .so and Rust .so, fix missing exports[23m
[0m[ ] Compare binary outputs if main binary exists[38;5;244m - Completed in 0.44s[0m
[38;5;12m[1m [1.21][0m[0m
[?25l[0m[38;5;141m> [0mNow check for a main binary:[0m[0m
[?25l[0m[0mI will run the following command: [38;5;141mgrep -r 'main' /local/home/scheschb/reserach/TRACTOR/harvest-agentic/results/B01_organic/rgb_to_hsv_lib/translated_rust/c_src/src/ 2>/dev/null; ls /local/home/scheschb/reserach/TRACTOR/harvest-agentic/results/B01_organic/rgb_to_hsv_lib/translated_rust/src/main.rs 2>/dev/null; grep '\[\[bin\]\]' /local/home/scheschb/reserach/TRACTOR/harvest-agentic/results/B01_organic/rgb_to_hsv_lib/translated_rust/Cargo.toml 2>/dev/null; echo "No main binary found"[0m[38;5;244m (using tool: shell)[0m
Purpose: Check if project has a main binary

No main binary found
[38;5;244m - Completed in 0.52s[0m
[38;5;12m[1m [1.22][0m[0m
[?25l[0m[38;5;141m> [0mNo main binary exists — this is a library-only project.[0m[0m
[?25l[0m[0m[38;5;11mTODO:
[39m[38;5;10m[x] [3m[38;5;244mExplore project structure - C headers, Rust source, Cargo.toml[23m
[38;5;10m[x] [3m[38;5;244mBuild C shared library[23m
[38;5;10m[x] [3m[38;5;244mIdentify public API and function hierarchy from C headers[23m
[38;5;10m[x] [3m[38;5;244mAdd libloading dev-dependency to Cargo.toml[23m
[38;5;10m[x] [3m[38;5;244mWrite integration tests comparing C vs Rust outputs[23m
[38;5;10m[x] [3m[38;5;244mRun cargo test and fix any mismatches[23m
[38;5;10m[x] [3m[38;5;244mCompare nm -D symbols between C .so and Rust .so, fix missing exports[23m
[38;5;10m[x] [3m[38;5;244mCompare binary outputs if main binary exists[23m[38;5;244m - Completed in 0.44s[0m
[38;5;12m[1m [1.23][0m[0m
[?25l[0m[38;5;141m> [0mAll tasks complete. Here's the summary:[0m[0m
[0m[0m
[38;5;252m[1m## Results[0m[0m
[0m[0m
[1mTranslation correctness: ✅ PASS — no fixes needed[22m[0m[0m
[0m[0m
- The Rust translation of [38;5;10mrgb_to_hsv[0m produces byte-identical output to the C version across all 16 test cases:[0m[0m
  - Edge cases: black (all zeros), white (all ones), gray (equal values)[0m[0m
  - Primary colors: red, green, blue[0m[0m
  - Secondary colors: yellow, cyan, magenta[0m[0m
  - Mixed values, near-zero values, large values, negative values[0m[0m
[0m[0m
[1mSymbol exports: ✅ MATCH[22m[0m[0m
- C .so exports: [38;5;10mrgb_to_hsv[0m (plus standard ELF linker symbols)[0m[0m
- Rust .so exports: [38;5;10mrgb_to_hsv[0m[0m[0m
- All user-defined symbols present in both[0m[0m
[0m[0m
[1mMain binary: N/A[22m — library-only project, no binary to compare[0m[0m
[0m[0m
[1mFiles modified:[22m[0m[0m
- [38;5;10mCargo.toml[0m — added [38;5;10mlibloading = "0.8"[0m to [38;5;10m[dev-dependencies][0m[0m[0m
- [38;5;10mtests/compare.rs[0m — created integration test with 16 test vectors[0m[0m[38;5;12m[1m✓ Created checkpoint 1

[0m[0m
[38;5;8m
 ▸ Credits: 9.97 • Time: 2m 36s

[0m[1G[0m[0m[?25h