[32mAll tools are now trusted ([0m[31m![0m[32m). Kiro will execute tools without asking for confirmation.[0m
Agents can sometimes do unexpected things so understand the risks.

Learn more at [38;5;141mhttps://kiro.dev/docs/cli/chat/security/#using-tools-trust-all-safely[0m

[38;5;12m[1m📷 Checkpoints are enabled! (took 0.03s)

[0m
[38;5;252m[0m[?25l[38;5;141m> [0m[0m[0m
[0m[0m
I'll start by reading all the source files to understand the project structure and the C code that needs to be translated.[0m[0m
[?25l[0m[0mBatch fs_read operation with [38;5;141m2[0m operations[38;5;244m (using tool: read)[0m

↱ Operation 1: Reading directory: [38;5;141m/tmp/harvest-crust-3WkPcL/project[0m
↱ Operation 2: Reading file: [38;5;141m/tmp/harvest-crust-3WkPcL/project/Cargo.toml[0m, all lines
[38;5;10m ✓ [0mSuccessfully read directory [38;5;141m/tmp/harvest-crust-3WkPcL/project[0m [38;5;244m(21 entries)[0m

[38;5;10m ✓ [0mSuccessfully read [38;5;244m98 bytes[0m from /tmp/harvest-crust-3WkPcL/project/Cargo.toml

 ⋮ 

[38;5;244m- [0mSummary: 2 operations processed, 2 successful, 0 failed
[38;5;244m - Completed in 0.44s[0m
[38;5;12m[1m [1.1][0m[0m
[?25l[0m[?25l[0m[0mBatch fs_read operation with [38;5;141m5[0m operations[38;5;244m (using tool: read)[0m

↱ Operation 1: Reading file: [38;5;141m/tmp/harvest-crust-3WkPcL/project/c_src/src/leftpad.h[0m, all lines
↱ Operation 2: Reading file: [38;5;141m/tmp/harvest-crust-3WkPcL/project/c_src/src/leftpad.c[0m, all lines
↱ Operation 3: Reading file: [38;5;141m/tmp/harvest-crust-3WkPcL/project/c_src/tests.c[0m, all lines
↱ Operation 4: Reading file: [38;5;141m/tmp/harvest-crust-3WkPcL/project/src/leftpad.rs[0m, all lines
↱ Operation 5: Reading file: [38;5;141m/tmp/harvest-crust-3WkPcL/project/src/lib.rs[0m, all lines
[38;5;10m ✓ [0mSuccessfully read [38;5;244m730 bytes[0m from /tmp/harvest-crust-3WkPcL/project/c_src/src/leftpad.h

[38;5;10m ✓ [0mSuccessfully read [38;5;244m758 bytes[0m from /tmp/harvest-crust-3WkPcL/project/c_src/src/leftpad.c

[38;5;10m ✓ [0mSuccessfully read [38;5;244m1376 bytes[0m from /tmp/harvest-crust-3WkPcL/project/c_src/tests.c

[38;5;10m ✓ [0mSuccessfully read [38;5;244m164 bytes[0m from /tmp/harvest-crust-3WkPcL/project/src/leftpad.rs

[38;5;10m ✓ [0mSuccessfully read [38;5;244m16 bytes[0m from /tmp/harvest-crust-3WkPcL/project/src/lib.rs

 ⋮ 

[38;5;244m- [0mSummary: 5 operations processed, 5 successful, 0 failed
[38;5;244m - Completed in 0.44s[0m
[38;5;12m[1m [1.2][0m[0m
[?25l[0m[38;5;141m> [0mNow I understand the full picture. The C [38;5;10mleftpad[0m function pads a string to a minimum length, writing into a destination buffer. The Rust signature differs slightly — [38;5;10mstr[0m and [38;5;10mpadding[0m are [38;5;10m&str[0m (not nullable), and [38;5;10mdest[0m is [38;5;10m&mut [u8][0m (whose length serves as [38;5;10mdest_sz[0m).[0m[0m
[0m[0m
Let me implement it:[0m[0m
[?25l[0m[0mI'll create the following file: [38;5;141msrc/leftpad.rs[0m[38;5;244m (using tool: write)[0m

[48;2;43;48;59m[39m  1,  1[0m:[39m[48;2;43;48;59m [38;2;101;115;126m//[38;2;101;115;126m Function Declarations[K
[0m[48;2;43;48;59m[39m  2,  2[0m:[39m[48;2;43;48;59m [38;2;180;142;173mpub[38;2;192;197;206m [38;2;180;142;173mfn[38;2;192;197;206m [38;2;143;161;179mleftpad[38;2;192;197;206m([38;2;191;97;106mstr[38;2;192;197;206m:[38;2;192;197;206m [38;2;192;197;206m&[38;2;180;142;173mstr[38;2;192;197;206m, [38;2;191;97;106mpadding[38;2;192;197;206m:[38;2;192;197;206m [38;2;192;197;206m&[38;2;180;142;173mstr[38;2;192;197;206m, [38;2;191;97;106mmin_len[38;2;192;197;206m:[38;2;192;197;206m [38;2;180;142;173musize[38;2;192;197;206m, [38;2;191;97;106mdest[38;2;192;197;206m:[38;2;192;197;206m [38;2;192;197;206m&[38;2;180;142;173mmut[38;2;192;197;206m [[38;2;180;142;173mu8[38;2;192;197;206m][38;2;192;197;206m)[38;2;192;197;206m [38;2;192;197;206m->[38;2;192;197;206m [38;2;180;142;173musize[38;2;192;197;206m [38;2;192;197;206m{[K
[0m[48;2;79;40;40m[39m- 3    [0m:[39m[48;2;36;25;28m [38;2;101;115;126m//[38;2;101;115;126m Function body to be implemented[K
[0m[48;2;79;40;40m[39m- 4    [0m:[39m[48;2;36;25;28m [38;2;192;197;206munimplemented![38;2;192;197;206m([38;2;192;197;206m)[38;2;192;197;206m;[K
[0m[48;2;40;67;43m[39m+     3[0m:[39m[48;2;24;38;30m [38;2;192;197;206m    [38;2;180;142;173mlet[38;2;192;197;206m str_bytes [38;2;192;197;206m=[38;2;192;197;206m [38;2;180;142;173mstr[38;2;192;197;206m.[38;2;150;181;180mas_bytes[38;2;192;197;206m([38;2;192;197;206m)[38;2;192;197;206m;[K
[0m[48;2;40;67;43m[39m+     4[0m:[39m[48;2;24;38;30m [38;2;192;197;206m    [38;2;180;142;173mlet[38;2;192;197;206m str_len [38;2;192;197;206m=[38;2;192;197;206m str_bytes.[38;2;150;181;180mlen[38;2;192;197;206m([38;2;192;197;206m)[38;2;192;197;206m;[K
[0m[48;2;40;67;43m[39m+     5[0m:[39m[48;2;24;38;30m [38;2;192;197;206m    [38;2;180;142;173mlet[38;2;192;197;206m padding [38;2;192;197;206m=[38;2;192;197;206m [38;2;180;142;173mif[38;2;192;197;206m padding.[38;2;150;181;180mis_empty[38;2;192;197;206m([38;2;192;197;206m)[38;2;192;197;206m [38;2;192;197;206m{[38;2;192;197;206m [38;2;192;197;206m"[38;2;163;190;140m [38;2;192;197;206m"[38;2;192;197;206m [38;2;192;197;206m}[38;2;192;197;206m [38;2;180;142;173melse[38;2;192;197;206m [38;2;192;197;206m{[38;2;192;197;206m padding [38;2;192;197;206m}[38;2;192;197;206m;[K
[0m[48;2;40;67;43m[39m+     6[0m:[39m[48;2;24;38;30m [38;2;192;197;206m    [38;2;180;142;173mlet[38;2;192;197;206m pad_bytes [38;2;192;197;206m=[38;2;192;197;206m padding.[38;2;150;181;180mas_bytes[38;2;192;197;206m([38;2;192;197;206m)[38;2;192;197;206m;[K
[0m[48;2;40;67;43m[39m+     7[0m:[39m[48;2;24;38;30m [38;2;192;197;206m    [38;2;180;142;173mlet[38;2;192;197;206m npad [38;2;192;197;206m=[38;2;192;197;206m [38;2;180;142;173mif[38;2;192;197;206m str_len [38;2;192;197;206m<[38;2;192;197;206m min_len [38;2;192;197;206m{[38;2;192;197;206m min_len [38;2;192;197;206m-[38;2;192;197;206m str_len [38;2;192;197;206m}[38;2;192;197;206m [38;2;180;142;173melse[38;2;192;197;206m [38;2;192;197;206m{[38;2;192;197;206m [38;2;208;135;112m0[38;2;192;197;206m [38;2;192;197;206m}[38;2;192;197;206m;[K
[0m[48;2;40;67;43m[39m+     8[0m:[39m[48;2;24;38;30m [K
[0m[48;2;40;67;43m[39m+     9[0m:[39m[48;2;24;38;30m [38;2;192;197;206m    [38;2;180;142;173mif[38;2;192;197;206m dest.[38;2;150;181;180mis_empty[38;2;192;197;206m([38;2;192;197;206m)[38;2;192;197;206m [38;2;192;197;206m{[K
[0m[48;2;40;67;43m[39m+    10[0m:[39m[48;2;24;38;30m [38;2;192;197;206m        [38;2;180;142;173mreturn[38;2;192;197;206m str_len [38;2;192;197;206m+[38;2;192;197;206m npad[38;2;192;197;206m;[K
[0m[48;2;40;67;43m[39m+    11[0m:[39m[48;2;24;38;30m [38;2;192;197;206m    [38;2;192;197;206m}[K
[0m[48;2;40;67;43m[39m+    12[0m:[39m[48;2;24;38;30m [K
[0m[48;2;40;67;43m[39m+    13[0m:[39m[48;2;24;38;30m [38;2;192;197;206m    [38;2;180;142;173mlet[38;2;192;197;206m max [38;2;192;197;206m=[38;2;192;197;206m dest.[38;2;150;181;180mlen[38;2;192;197;206m([38;2;192;197;206m)[38;2;192;197;206m [38;2;192;197;206m-[38;2;192;197;206m [38;2;208;135;112m1[38;2;192;197;206m;[38;2;192;197;206m [38;2;101;115;126m//[38;2;101;115;126m reserve space for '\0'[K
[0m[48;2;40;67;43m[39m+    14[0m:[39m[48;2;24;38;30m [38;2;192;197;206m    [38;2;180;142;173mlet[38;2;192;197;206m [38;2;180;142;173mmut[38;2;192;197;206m dest_len [38;2;192;197;206m=[38;2;192;197;206m [38;2;208;135;112m0[38;2;192;197;206m;[K
[0m[48;2;40;67;43m[39m+    15[0m:[39m[48;2;24;38;30m [38;2;192;197;206m    [38;2;180;142;173mlet[38;2;192;197;206m [38;2;180;142;173mmut[38;2;192;197;206m pi [38;2;192;197;206m=[38;2;192;197;206m [38;2;208;135;112m0[38;2;192;197;206m;[K
[0m[48;2;40;67;43m[39m+    16[0m:[39m[48;2;24;38;30m [K
[0m[48;2;40;67;43m[39m+    17[0m:[39m[48;2;24;38;30m [38;2;192;197;206m    [38;2;180;142;173mwhile[38;2;192;197;206m dest_len [38;2;192;197;206m<[38;2;192;197;206m npad [38;2;192;197;206m&[38;2;192;197;206m&[38;2;192;197;206m dest_len [38;2;192;197;206m<[38;2;192;197;206m max [38;2;192;197;206m{[K
[0m[48;2;40;67;43m[39m+    18[0m:[39m[48;2;24;38;30m [38;2;192;197;206m        dest[38;2;192;197;206m[[38;2;192;197;206mdest_len[38;2;192;197;206m][38;2;192;197;206m [38;2;192;197;206m=[38;2;192;197;206m pad_bytes[38;2;192;197;206m[[38;2;192;197;206mpi[38;2;192;197;206m][38;2;192;197;206m;[K
[0m[48;2;40;67;43m[39m+    19[0m:[39m[48;2;24;38;30m [38;2;192;197;206m        pi [38;2;192;197;206m=[38;2;192;197;206m [38;2;192;197;206m([38;2;192;197;206mpi [38;2;192;197;206m+[38;2;192;197;206m [38;2;208;135;112m1[38;2;192;197;206m)[38;2;192;197;206m [38;2;192;197;206m%[38;2;192;197;206m pad_bytes.[38;2;150;181;180mlen[38;2;192;197;206m([38;2;192;197;206m)[38;2;192;197;206m;[K
[0m[48;2;40;67;43m[39m+    20[0m:[39m[48;2;24;38;30m [38;2;192;197;206m        dest_len [38;2;192;197;206m+[38;2;192;197;206m=[38;2;192;197;206m [38;2;208;135;112m1[38;2;192;197;206m;[K
[0m[48;2;40;67;43m[39m+    21[0m:[39m[48;2;24;38;30m [38;2;192;197;206m    [38;2;192;197;206m}[K
[0m[48;2;40;67;43m[39m+    22[0m:[39m[48;2;24;38;30m [K
[0m[48;2;40;67;43m[39m+    23[0m:[39m[48;2;24;38;30m [38;2;192;197;206m    [38;2;180;142;173mfor[38;2;192;197;206m i [38;2;192;197;206min[38;2;192;197;206m [38;2;208;135;112m0[38;2;192;197;206m..[38;2;192;197;206mstr_len [38;2;192;197;206m{[K
[0m[48;2;40;67;43m[39m+    24[0m:[39m[48;2;24;38;30m [38;2;192;197;206m        [38;2;180;142;173mif[38;2;192;197;206m dest_len [38;2;192;197;206m>[38;2;192;197;206m=[38;2;192;197;206m max [38;2;192;197;206m{[K
[0m[48;2;40;67;43m[39m+    25[0m:[39m[48;2;24;38;30m [38;2;192;197;206m            [38;2;180;142;173mbreak[38;2;192;197;206m;[K
[0m[48;2;40;67;43m[39m+    26[0m:[39m[48;2;24;38;30m [38;2;192;197;206m        [38;2;192;197;206m}[K
[0m[48;2;40;67;43m[39m+    27[0m:[39m[48;2;24;38;30m [38;2;192;197;206m        dest[38;2;192;197;206m[[38;2;192;197;206mdest_len[38;2;192;197;206m][38;2;192;197;206m [38;2;192;197;206m=[38;2;192;197;206m str_bytes[38;2;192;197;206m[[38;2;192;197;206mi[38;2;192;197;206m][38;2;192;197;206m;[K
[0m[48;2;40;67;43m[39m+    28[0m:[39m[48;2;24;38;30m [38;2;192;197;206m        dest_len [38;2;192;197;206m+[38;2;192;197;206m=[38;2;192;197;206m [38;2;208;135;112m1[38;2;192;197;206m;[K
[0m[48;2;40;67;43m[39m+    29[0m:[39m[48;2;24;38;30m [38;2;192;197;206m    [38;2;192;197;206m}[K
[0m[48;2;40;67;43m[39m+    30[0m:[39m[48;2;24;38;30m [K
[0m[48;2;40;67;43m[39m+    31[0m:[39m[48;2;24;38;30m [38;2;192;197;206m    dest[38;2;192;197;206m[[38;2;192;197;206mdest_len[38;2;192;197;206m][38;2;192;197;206m [38;2;192;197;206m=[38;2;192;197;206m [38;2;208;135;112m0[38;2;192;197;206m;[K
[0m[48;2;40;67;43m[39m+    32[0m:[39m[48;2;24;38;30m [38;2;192;197;206m    dest_len[K
[0m[48;2;43;48;59m[39m  5, 33[0m:[39m[48;2;43;48;59m [38;2;192;197;206m}[K
[0m[K
Replacing: [38;5;141msrc/leftpad.rs[0m
[38;5;244m - Completed in 0.52s[0m
[38;5;12m[1m [1.3][0m[0m
[?25l[0m[38;5;141m> [0mWait — I need to re-examine the C code's padding cycling logic more carefully. The C code resets [38;5;10mi[0m when it hits a null terminator in the padding string. Since C strings are null-terminated, [38;5;10mpadding[i][0m will be [38;5;10m\0[0m when [38;5;10mi[0m reaches the length of the padding. At that point it replaces the written char with [38;5;10mpadding[0][0m and sets [38;5;10mi = 1[0m. This is effectively cycling through the padding characters, which my [38;5;10m(pi + 1) % pad_bytes.len()[0m handles correctly.[0m[0m
[0m[0m
Let me verify it compiles:[0m[0m
[?25l[0m[0mI will run the following command: [38;5;141mcd /tmp/harvest-crust-3WkPcL/project && cargo build 2>&1[0m[38;5;244m (using tool: shell)[0m

   Compiling leftpad v0.1.0 (/tmp/harvest-crust-3WkPcL/project)
    Finished `dev` profile [unoptimized + debuginfo] target(s) in 0.08s
[38;5;244m - Completed in 0.177s[0m
[38;5;12m[1m [1.4][0m[0m
[?25l[0m[38;5;141m> [0mCompiles cleanly. Let me also write a quick test to verify the behavior matches the C tests:[0m[0m
[?25l[0m[0mI will run the following command: [38;5;141mcd /tmp/harvest-crust-3WkPcL/project && cat <<'EOF' > /tmp/test_leftpad.rs
use leftpad::leftpad::leftpad;

fn check(s: &str, pad: &str, min_len: usize, buf_sz: usize, expected_ret: usize, expected_str: Option<&str>) {
    let mut buf = vec![0u8; buf_sz];
    let ret = leftpad(s, pad, min_len, &mut buf);
    assert_eq!(ret, expected_ret, "return mismatch for leftpad({:?}, {:?}, {}, buf, {})", s, pad, min_len, buf_sz);
    if let Some(exp) = expected_str {
        let result = std::str::from_utf8(&buf[..ret]).unwrap();
        assert_eq!(result, exp, "string mismatch");
    }
}

fn main() {
    // no padding needed
    check("test", "*", 4, 10, 4, Some("test"));
    // padding is applied
    check("test", "*", 9, 10, 9, Some("*****test"));
    // string not truncated for lower target
    check("test", "*", 2, 10, 4, Some("test"));
    // padding is repeated
    check("test", " .", 9, 10, 9, Some(" . . test"));
    // default padding is spaces (we pass empty string since Rust sig uses &str)
    check("test", "", 9, 10, 9, Some("     test"));
    // default string is empty
    check("", "*", 9, 10, 9, Some("*********"));
    // doesn't write beyond buffer
    check("test", "*", 11, 10, 9, Some("*******te"));
    // calculates required size if no buf (empty slice)
    let mut empty: [u8; 0] = [];
    assert_eq!(leftpad("test", " ", 2, &mut empty), 4);
    assert_eq!(leftpad("test", " ", 4, &mut empty), 4);
    assert_eq!(leftpad("test", " ", 6, &mut empty), 6);

    println!("All tests passed!");
}
EOF
# Can't easily run a standalone file, let's use cargo test instead
cat <<'EOF' >> src/leftpad.rs

#[cfg(test)]
mod tests {
    use super::*;

    #[test]
    fn test_no_padding_needed() {
        let mut buf = [0u8; 10];
        assert_eq!(leftpad("test", "*", 4, &mut buf), 4);
        assert_eq!(&buf[..4], b"test");
    }
    #[test]
    fn test_padding_applied() {
        let mut buf = [0u8; 10];
        assert_eq!(leftpad("test", "*", 9, &mut buf), 9);
        assert_eq!(&buf[..9], b"*****test");
    }
    #[test]
    fn test_no_truncate_lower_target() {
        let mut buf = [0u8; 10];
        assert_eq!(leftpad("test", "*", 2, &mut buf), 4);
        assert_eq!(&buf[..4], b"test");
    }
    #[test]
    fn test_padding_repeated() {
        let mut buf = [0u8; 10];
        assert_eq!(leftpad("test", " .", 9, &mut buf), 9);
        assert_eq!(&buf[..9], b" . . test");
    }
    #[test]
    fn test_default_padding() {
        let mut buf = [0u8; 10];
        assert_eq!(leftpad("test", "", 9, &mut buf), 9);
        assert_eq!(&buf[..9], b"     test");
    }
    #[test]
    fn test_empty_string() {
        let mut buf = [0u8; 10];
        assert_eq!(leftpad("", "*", 9, &mut buf), 9);
        assert_eq!(&buf[..9], b"*********");
    }
    #[test]
    fn test_truncation() {
        let mut buf = [0u8; 10];
        assert_eq!(leftpad("test", "*", 11, &mut buf), 9);
        assert_eq!(&buf[..9], b"*******te");
    }
    #[test]
    fn test_empty_dest() {
        let mut empty: [u8; 0] = [];
        assert_eq!(leftpad("test", " ", 2, &mut empty), 4);
        assert_eq!(leftpad("test", " ", 4, &mut empty), 4);
        assert_eq!(leftpad("test", " ", 6, &mut empty), 6);
    }
}
EOF
cargo test 2>&1[0m[38;5;244m (using tool: shell)[0m

   Compiling leftpad v0.1.0 (/tmp/harvest-crust-3WkPcL/project)
    Finished `test` profile [unoptimized + debuginfo] target(s) in 0.29s
     Running unittests src/lib.rs (target/debug/deps/leftpad-0d9ff44a3b7affe1)

running 8 tests
test leftpad::tests::test_default_padding ... ok
test leftpad::tests::test_empty_dest ... ok
test leftpad::tests::test_empty_string ... ok
test leftpad::tests::test_no_padding_needed ... ok
test leftpad::tests::test_no_truncate_lower_target ... ok
test leftpad::tests::test_padding_applied ... ok
test leftpad::tests::test_padding_repeated ... ok
test leftpad::tests::test_truncation ... ok

test result: ok. 8 passed; 0 failed; 0 ignored; 0 measured; 0 filtered out; finished in 0.00s

   Doc-tests leftpad

running 0 tests

test result: ok. 0 passed; 0 failed; 0 ignored; 0 measured; 0 filtered out; finished in 0.00s

[38;5;244m - Completed in 0.407s[0m
[38;5;12m[1m [1.5][0m[0m
[?25l[0m[38;5;141m> [0mAll 8 tests pass. Now let me remove the test code since the instructions say not to add tests unless explicitly requested:[0m[0m
[?25l[0m[0mI'll create the following file: [38;5;141msrc/leftpad.rs[0m[38;5;244m (using tool: write)[0m

[48;2;43;48;59m[39m   1,  1[0m:[39m[48;2;43;48;59m [38;2;101;115;126m//[38;2;101;115;126m Function Declarations[K
[0m[48;2;43;48;59m[39m   2,  2[0m:[39m[48;2;43;48;59m [38;2;180;142;173mpub[38;2;192;197;206m [38;2;180;142;173mfn[38;2;192;197;206m [38;2;143;161;179mleftpad[38;2;192;197;206m([38;2;191;97;106mstr[38;2;192;197;206m:[38;2;192;197;206m [38;2;192;197;206m&[38;2;180;142;173mstr[38;2;192;197;206m, [38;2;191;97;106mpadding[38;2;192;197;206m:[38;2;192;197;206m [38;2;192;197;206m&[38;2;180;142;173mstr[38;2;192;197;206m, [38;2;191;97;106mmin_len[38;2;192;197;206m:[38;2;192;197;206m [38;2;180;142;173musize[38;2;192;197;206m, [38;2;191;97;106mdest[38;2;192;197;206m:[38;2;192;197;206m [38;2;192;197;206m&[38;2;180;142;173mmut[38;2;192;197;206m [[38;2;180;142;173mu8[38;2;192;197;206m][38;2;192;197;206m)[38;2;192;197;206m [38;2;192;197;206m->[38;2;192;197;206m [38;2;180;142;173musize[38;2;192;197;206m [38;2;192;197;206m{[K
[0m[48;2;43;48;59m[39m   3,  3[0m:[39m[48;2;43;48;59m [38;2;192;197;206m    [38;2;180;142;173mlet[38;2;192;197;206m str_bytes [38;2;192;197;206m=[38;2;192;197;206m [38;2;180;142;173mstr[38;2;192;197;206m.[38;2;150;181;180mas_bytes[38;2;192;197;206m([38;2;192;197;206m)[38;2;192;197;206m;[K
[0m[48;2;43;48;59m[39m   4,  4[0m:[39m[48;2;43;48;59m [38;2;192;197;206m    [38;2;180;142;173mlet[38;2;192;197;206m str_len [38;2;192;197;206m=[38;2;192;197;206m str_bytes.[38;2;150;181;180mlen[38;2;192;197;206m([38;2;192;197;206m)[38;2;192;197;206m;[K
[0m[48;2;43;48;59m[39m   5,  5[0m:[39m[48;2;43;48;59m [38;2;192;197;206m    [38;2;180;142;173mlet[38;2;192;197;206m padding [38;2;192;197;206m=[38;2;192;197;206m [38;2;180;142;173mif[38;2;192;197;206m padding.[38;2;150;181;180mis_empty[38;2;192;197;206m([38;2;192;197;206m)[38;2;192;197;206m [38;2;192;197;206m{[38;2;192;197;206m [38;2;192;197;206m"[38;2;163;190;140m [38;2;192;197;206m"[38;2;192;197;206m [38;2;192;197;206m}[38;2;192;197;206m [38;2;180;142;173melse[38;2;192;197;206m [38;2;192;197;206m{[38;2;192;197;206m padding [38;2;192;197;206m}[38;2;192;197;206m;[K
[0m[48;2;43;48;59m[39m   6,  6[0m:[39m[48;2;43;48;59m [38;2;192;197;206m    [38;2;180;142;173mlet[38;2;192;197;206m pad_bytes [38;2;192;197;206m=[38;2;192;197;206m padding.[38;2;150;181;180mas_bytes[38;2;192;197;206m([38;2;192;197;206m)[38;2;192;197;206m;[K
[0m[48;2;43;48;59m[39m   7,  7[0m:[39m[48;2;43;48;59m [38;2;192;197;206m    [38;2;180;142;173mlet[38;2;192;197;206m npad [38;2;192;197;206m=[38;2;192;197;206m [38;2;180;142;173mif[38;2;192;197;206m str_len [38;2;192;197;206m<[38;2;192;197;206m min_len [38;2;192;197;206m{[38;2;192;197;206m min_len [38;2;192;197;206m-[38;2;192;197;206m str_len [38;2;192;197;206m}[38;2;192;197;206m [38;2;180;142;173melse[38;2;192;197;206m [38;2;192;197;206m{[38;2;192;197;206m [38;2;208;135;112m0[38;2;192;197;206m [38;2;192;197;206m}[38;2;192;197;206m;[K
[0m[48;2;43;48;59m[39m   8,  8[0m:[39m[48;2;43;48;59m [K
[0m[48;2;43;48;59m[39m   9,  9[0m:[39m[48;2;43;48;59m [38;2;192;197;206m    [38;2;180;142;173mif[38;2;192;197;206m dest.[38;2;150;181;180mis_empty[38;2;192;197;206m([38;2;192;197;206m)[38;2;192;197;206m [38;2;192;197;206m{[K
[0m[48;2;43;48;59m[39m  10, 10[0m:[39m[48;2;43;48;59m [38;2;192;197;206m        [38;2;180;142;173mreturn[38;2;192;197;206m str_len [38;2;192;197;206m+[38;2;192;197;206m npad[38;2;192;197;206m;[K
[0m[48;2;43;48;59m[39m  11, 11[0m:[39m[48;2;43;48;59m [38;2;192;197;206m    [38;2;192;197;206m}[K
[0m[48;2;43;48;59m[39m  12, 12[0m:[39m[48;2;43;48;59m [K
[0m[48;2;79;40;40m[39m- 13    [0m:[39m[48;2;36;25;28m [38;2;192;197;206m    [38;2;180;142;173mlet[38;2;192;197;206m max [38;2;192;197;206m=[38;2;192;197;206m dest.[38;2;150;181;180mlen[38;2;192;197;206m([38;2;192;197;206m)[38;2;192;197;206m [38;2;192;197;206m-[38;2;192;197;206m [38;2;208;135;112m1[38;2;192;197;206m;[38;2;192;197;206m [38;2;101;115;126m//[38;2;101;115;126m reserve space for '\0'[K
[0m[48;2;40;67;43m[39m+     13[0m:[39m[48;2;24;38;30m [38;2;192;197;206m    [38;2;180;142;173mlet[38;2;192;197;206m max [38;2;192;197;206m=[38;2;192;197;206m dest.[38;2;150;181;180mlen[38;2;192;197;206m([38;2;192;197;206m)[38;2;192;197;206m [38;2;192;197;206m-[38;2;192;197;206m [38;2;208;135;112m1[38;2;192;197;206m;[K
[0m[48;2;43;48;59m[39m  14, 14[0m:[39m[48;2;43;48;59m [38;2;192;197;206m    [38;2;180;142;173mlet[38;2;192;197;206m [38;2;180;142;173mmut[38;2;192;197;206m dest_len [38;2;192;197;206m=[38;2;192;197;206m [38;2;208;135;112m0[38;2;192;197;206m;[K
[0m[48;2;43;48;59m[39m  15, 15[0m:[39m[48;2;43;48;59m [38;2;192;197;206m    [38;2;180;142;173mlet[38;2;192;197;206m [38;2;180;142;173mmut[38;2;192;197;206m pi [38;2;192;197;206m=[38;2;192;197;206m [38;2;208;135;112m0[38;2;192;197;206m;[K
[0m[48;2;43;48;59m[39m  16, 16[0m:[39m[48;2;43;48;59m [K
[0m[48;2;43;48;59m[39m  17, 17[0m:[39m[48;2;43;48;59m [38;2;192;197;206m    [38;2;180;142;173mwhile[38;2;192;197;206m dest_len [38;2;192;197;206m<[38;2;192;197;206m npad [38;2;192;197;206m&[38;2;192;197;206m&[38;2;192;197;206m dest_len [38;2;192;197;206m<[38;2;192;197;206m max [38;2;192;197;206m{[K
[0m[48;2;43;48;59m[39m  18, 18[0m:[39m[48;2;43;48;59m [38;2;192;197;206m        dest[38;2;192;197;206m[[38;2;192;197;206mdest_len[38;2;192;197;206m][38;2;192;197;206m [38;2;192;197;206m=[38;2;192;197;206m pad_bytes[38;2;192;197;206m[[38;2;192;197;206mpi[38;2;192;197;206m][38;2;192;197;206m;[K
[0m[48;2;43;48;59m[39m  19, 19[0m:[39m[48;2;43;48;59m [38;2;192;197;206m        pi [38;2;192;197;206m=[38;2;192;197;206m [38;2;192;197;206m([38;2;192;197;206mpi [38;2;192;197;206m+[38;2;192;197;206m [38;2;208;135;112m1[38;2;192;197;206m)[38;2;192;197;206m [38;2;192;197;206m%[38;2;192;197;206m pad_bytes.[38;2;150;181;180mlen[38;2;192;197;206m([38;2;192;197;206m)[38;2;192;197;206m;[K
[0m[48;2;43;48;59m[39m  20, 20[0m:[39m[48;2;43;48;59m [38;2;192;197;206m        dest_len [38;2;192;197;206m+[38;2;192;197;206m=[38;2;192;197;206m [38;2;208;135;112m1[38;2;192;197;206m;[K
[0m[48;2;43;48;59m[39m  21, 21[0m:[39m[48;2;43;48;59m [38;2;192;197;206m    [38;2;192;197;206m}[K
[0m[48;2;43;48;59m[39m  22, 22[0m:[39m[48;2;43;48;59m [K
[0m[48;2;43;48;59m[39m  23, 23[0m:[39m[48;2;43;48;59m [38;2;192;197;206m    [38;2;180;142;173mfor[38;2;192;197;206m i [38;2;192;197;206min[38;2;192;197;206m [38;2;208;135;112m0[38;2;192;197;206m..[38;2;192;197;206mstr_len [38;2;192;197;206m{[K
[0m[48;2;43;48;59m[39m  24, 24[0m:[39m[48;2;43;48;59m [38;2;192;197;206m        [38;2;180;142;173mif[38;2;192;197;206m dest_len [38;2;192;197;206m>[38;2;192;197;206m=[38;2;192;197;206m max [38;2;192;197;206m{[K
[0m[48;2;43;48;59m[39m  25, 25[0m:[39m[48;2;43;48;59m [38;2;192;197;206m            [38;2;180;142;173mbreak[38;2;192;197;206m;[K
[0m[48;2;43;48;59m[39m  26, 26[0m:[39m[48;2;43;48;59m [38;2;192;197;206m        [38;2;192;197;206m}[K
[0m[48;2;43;48;59m[39m  27, 27[0m:[39m[48;2;43;48;59m [38;2;192;197;206m        dest[38;2;192;197;206m[[38;2;192;197;206mdest_len[38;2;192;197;206m][38;2;192;197;206m [38;2;192;197;206m=[38;2;192;197;206m str_bytes[38;2;192;197;206m[[38;2;192;197;206mi[38;2;192;197;206m][38;2;192;197;206m;[K
[0m[48;2;43;48;59m[39m  28, 28[0m:[39m[48;2;43;48;59m [38;2;192;197;206m        dest_len [38;2;192;197;206m+[38;2;192;197;206m=[38;2;192;197;206m [38;2;208;135;112m1[38;2;192;197;206m;[K
[0m[48;2;43;48;59m[39m  29, 29[0m:[39m[48;2;43;48;59m [38;2;192;197;206m    [38;2;192;197;206m}[K
[0m[48;2;43;48;59m[39m  30, 30[0m:[39m[48;2;43;48;59m [K
[0m[48;2;43;48;59m[39m  31, 31[0m:[39m[48;2;43;48;59m [38;2;192;197;206m    dest[38;2;192;197;206m[[38;2;192;197;206mdest_len[38;2;192;197;206m][38;2;192;197;206m [38;2;192;197;206m=[38;2;192;197;206m [38;2;208;135;112m0[38;2;192;197;206m;[K
[0m[48;2;43;48;59m[39m  32, 32[0m:[39m[48;2;43;48;59m [38;2;192;197;206m    dest_len[K
[0m[48;2;79;40;40m[39m- 33    [0m:[39m[48;2;36;25;28m [38;2;192;197;206m}[K
[0m[48;2;79;40;40m[39m- 34    [0m:[39m[48;2;36;25;28m [K
[0m[48;2;79;40;40m[39m- 35    [0m:[39m[48;2;36;25;28m [38;2;192;197;206m#[38;2;192;197;206m[[38;2;191;97;106mcfg[38;2;192;197;206m([38;2;192;197;206mtest[38;2;192;197;206m)[38;2;192;197;206m][K
[0m[48;2;79;40;40m[39m- 36    [0m:[39m[48;2;36;25;28m [38;2;180;142;173mmod[38;2;192;197;206m [38;2;192;197;206mtests[38;2;192;197;206m [38;2;192;197;206m{[K
[0m[48;2;79;40;40m[39m- 37    [0m:[39m[48;2;36;25;28m [38;2;192;197;206m    [38;2;180;142;173muse[38;2;192;197;206m [38;2;180;142;173msuper[38;2;192;197;206m::[38;2;192;197;206m*[38;2;192;197;206m;[K
[0m[48;2;79;40;40m[39m- 38    [0m:[39m[48;2;36;25;28m [K
[0m[48;2;79;40;40m[39m- 39    [0m:[39m[48;2;36;25;28m [38;2;192;197;206m    [38;2;192;197;206m#[38;2;192;197;206m[[38;2;191;97;106mtest[38;2;192;197;206m][K
[0m[48;2;79;40;40m[39m- 40    [0m:[39m[48;2;36;25;28m [38;2;192;197;206m    [38;2;180;142;173mfn[38;2;192;197;206m [38;2;143;161;179mtest_no_padding_needed[38;2;192;197;206m([38;2;192;197;206m)[38;2;192;197;206m [38;2;192;197;206m{[K
[0m[48;2;79;40;40m[39m- 41    [0m:[39m[48;2;36;25;28m [38;2;192;197;206m        [38;2;180;142;173mlet[38;2;192;197;206m [38;2;180;142;173mmut[38;2;192;197;206m buf [38;2;192;197;206m=[38;2;192;197;206m [38;2;192;197;206m[[38;2;208;135;112m0[38;2;180;142;173mu8[38;2;192;197;206m;[38;2;192;197;206m [38;2;208;135;112m10[38;2;192;197;206m][38;2;192;197;206m;[K
[0m[48;2;79;40;40m[39m- 42    [0m:[39m[48;2;36;25;28m [38;2;192;197;206m        [38;2;192;197;206massert_eq![38;2;192;197;206m([38;2;150;181;180mleftpad[38;2;192;197;206m([38;2;192;197;206m"[38;2;163;190;140mtest[38;2;192;197;206m"[38;2;192;197;206m,[38;2;192;197;206m [38;2;192;197;206m"[38;2;163;190;140m*[38;2;192;197;206m"[38;2;192;197;206m,[38;2;192;197;206m [38;2;208;135;112m4[38;2;192;197;206m,[38;2;192;197;206m [38;2;192;197;206m&[38;2;180;142;173mmut[38;2;192;197;206m buf[38;2;192;197;206m)[38;2;192;197;206m,[38;2;192;197;206m [38;2;208;135;112m4[38;2;192;197;206m)[38;2;192;197;206m;[K
[0m[48;2;79;40;40m[39m- 43    [0m:[39m[48;2;36;25;28m [38;2;192;197;206m        [38;2;192;197;206massert_eq![38;2;192;197;206m([38;2;192;197;206m&[38;2;192;197;206mbuf[38;2;192;197;206m[[38;2;192;197;206m..[38;2;208;135;112m4[38;2;192;197;206m][38;2;192;197;206m,[38;2;192;197;206m [38;2;180;142;173mb[38;2;192;197;206m"[38;2;163;190;140mtest[38;2;192;197;206m"[38;2;192;197;206m)[38;2;192;197;206m;[K
[0m[48;2;79;40;40m[39m- 44    [0m:[39m[48;2;36;25;28m [38;2;192;197;206m    [38;2;192;197;206m}[K
[0m[48;2;79;40;40m[39m- 45    [0m:[39m[48;2;36;25;28m [38;2;192;197;206m    [38;2;192;197;206m#[38;2;192;197;206m[[38;2;191;97;106mtest[38;2;192;197;206m][K
[0m[48;2;79;40;40m[39m- 46    [0m:[39m[48;2;36;25;28m [38;2;192;197;206m    [38;2;180;142;173mfn[38;2;192;197;206m [38;2;143;161;179mtest_padding_applied[38;2;192;197;206m([38;2;192;197;206m)[38;2;192;197;206m [38;2;192;197;206m{[K
[0m[48;2;79;40;40m[39m- 47    [0m:[39m[48;2;36;25;28m [38;2;192;197;206m        [38;2;180;142;173mlet[38;2;192;197;206m [38;2;180;142;173mmut[38;2;192;197;206m buf [38;2;192;197;206m=[38;2;192;197;206m [38;2;192;197;206m[[38;2;208;135;112m0[38;2;180;142;173mu8[38;2;192;197;206m;[38;2;192;197;206m [38;2;208;135;112m10[38;2;192;197;206m][38;2;192;197;206m;[K
[0m[48;2;79;40;40m[39m- 48    [0m:[39m[48;2;36;25;28m [38;2;192;197;206m        [38;2;192;197;206massert_eq![38;2;192;197;206m([38;2;150;181;180mleftpad[38;2;192;197;206m([38;2;192;197;206m"[38;2;163;190;140mtest[38;2;192;197;206m"[38;2;192;197;206m,[38;2;192;197;206m [38;2;192;197;206m"[38;2;163;190;140m*[38;2;192;197;206m"[38;2;192;197;206m,[38;2;192;197;206m [38;2;208;135;112m9[38;2;192;197;206m,[38;2;192;197;206m [38;2;192;197;206m&[38;2;180;142;173mmut[38;2;192;197;206m buf[38;2;192;197;206m)[38;2;192;197;206m,[38;2;192;197;206m [38;2;208;135;112m9[38;2;192;197;206m)[38;2;192;197;206m;[K
[0m[48;2;79;40;40m[39m- 49    [0m:[39m[48;2;36;25;28m [38;2;192;197;206m        [38;2;192;197;206massert_eq![38;2;192;197;206m([38;2;192;197;206m&[38;2;192;197;206mbuf[38;2;192;197;206m[[38;2;192;197;206m..[38;2;208;135;112m9[38;2;192;197;206m][38;2;192;197;206m,[38;2;192;197;206m [38;2;180;142;173mb[38;2;192;197;206m"[38;2;163;190;140m*****test[38;2;192;197;206m"[38;2;192;197;206m)[38;2;192;197;206m;[K
[0m[48;2;79;40;40m[39m- 50    [0m:[39m[48;2;36;25;28m [38;2;192;197;206m    [38;2;192;197;206m}[K
[0m[48;2;79;40;40m[39m- 51    [0m:[39m[48;2;36;25;28m [38;2;192;197;206m    [38;2;192;197;206m#[38;2;192;197;206m[[38;2;191;97;106mtest[38;2;192;197;206m][K
[0m[48;2;79;40;40m[39m- 52    [0m:[39m[48;2;36;25;28m [38;2;192;197;206m    [38;2;180;142;173mfn[38;2;192;197;206m [38;2;143;161;179mtest_no_truncate_lower_target[38;2;192;197;206m([38;2;192;197;206m)[38;2;192;197;206m [38;2;192;197;206m{[K
[0m[48;2;79;40;40m[39m- 53    [0m:[39m[48;2;36;25;28m [38;2;192;197;206m        [38;2;180;142;173mlet[38;2;192;197;206m [38;2;180;142;173mmut[38;2;192;197;206m buf [38;2;192;197;206m=[38;2;192;197;206m [38;2;192;197;206m[[38;2;208;135;112m0[38;2;180;142;173mu8[38;2;192;197;206m;[38;2;192;197;206m [38;2;208;135;112m10[38;2;192;197;206m][38;2;192;197;206m;[K
[0m[48;2;79;40;40m[39m- 54    [0m:[39m[48;2;36;25;28m [38;2;192;197;206m        [38;2;192;197;206massert_eq![38;2;192;197;206m([38;2;150;181;180mleftpad[38;2;192;197;206m([38;2;192;197;206m"[38;2;163;190;140mtest[38;2;192;197;206m"[38;2;192;197;206m,[38;2;192;197;206m [38;2;192;197;206m"[38;2;163;190;140m*[38;2;192;197;206m"[38;2;192;197;206m,[38;2;192;197;206m [38;2;208;135;112m2[38;2;192;197;206m,[38;2;192;197;206m [38;2;192;197;206m&[38;2;180;142;173mmut[38;2;192;197;206m buf[38;2;192;197;206m)[38;2;192;197;206m,[38;2;192;197;206m [38;2;208;135;112m4[38;2;192;197;206m)[38;2;192;197;206m;[K
[0m[48;2;79;40;40m[39m- 55    [0m:[39m[48;2;36;25;28m [38;2;192;197;206m        [38;2;192;197;206massert_eq![38;2;192;197;206m([38;2;192;197;206m&[38;2;192;197;206mbuf[38;2;192;197;206m[[38;2;192;197;206m..[38;2;208;135;112m4[38;2;192;197;206m][38;2;192;197;206m,[38;2;192;197;206m [38;2;180;142;173mb[38;2;192;197;206m"[38;2;163;190;140mtest[38;2;192;197;206m"[38;2;192;197;206m)[38;2;192;197;206m;[K
[0m[48;2;79;40;40m[39m- 56    [0m:[39m[48;2;36;25;28m [38;2;192;197;206m    [38;2;192;197;206m}[K
[0m[48;2;79;40;40m[39m- 57    [0m:[39m[48;2;36;25;28m [38;2;192;197;206m    [38;2;192;197;206m#[38;2;192;197;206m[[38;2;191;97;106mtest[38;2;192;197;206m][K
[0m[48;2;79;40;40m[39m- 58    [0m:[39m[48;2;36;25;28m [38;2;192;197;206m    [38;2;180;142;173mfn[38;2;192;197;206m [38;2;143;161;179mtest_padding_repeated[38;2;192;197;206m([38;2;192;197;206m)[38;2;192;197;206m [38;2;192;197;206m{[K
[0m[48;2;79;40;40m[39m- 59    [0m:[39m[48;2;36;25;28m [38;2;192;197;206m        [38;2;180;142;173mlet[38;2;192;197;206m [38;2;180;142;173mmut[38;2;192;197;206m buf [38;2;192;197;206m=[38;2;192;197;206m [38;2;192;197;206m[[38;2;208;135;112m0[38;2;180;142;173mu8[38;2;192;197;206m;[38;2;192;197;206m [38;2;208;135;112m10[38;2;192;197;206m][38;2;192;197;206m;[K
[0m[48;2;79;40;40m[39m- 60    [0m:[39m[48;2;36;25;28m [38;2;192;197;206m        [38;2;192;197;206massert_eq![38;2;192;197;206m([38;2;150;181;180mleftpad[38;2;192;197;206m([38;2;192;197;206m"[38;2;163;190;140mtest[38;2;192;197;206m"[38;2;192;197;206m,[38;2;192;197;206m [38;2;192;197;206m"[38;2;163;190;140m .[38;2;192;197;206m"[38;2;192;197;206m,[38;2;192;197;206m [38;2;208;135;112m9[38;2;192;197;206m,[38;2;192;197;206m [38;2;192;197;206m&[38;2;180;142;173mmut[38;2;192;197;206m buf[38;2;192;197;206m)[38;2;192;197;206m,[38;2;192;197;206m [38;2;208;135;112m9[38;2;192;197;206m)[38;2;192;197;206m;[K
[0m[48;2;79;40;40m[39m- 61    [0m:[39m[48;2;36;25;28m [38;2;192;197;206m        [38;2;192;197;206massert_eq![38;2;192;197;206m([38;2;192;197;206m&[38;2;192;197;206mbuf[38;2;192;197;206m[[38;2;192;197;206m..[38;2;208;135;112m9[38;2;192;197;206m][38;2;192;197;206m,[38;2;192;197;206m [38;2;180;142;173mb[38;2;192;197;206m"[38;2;163;190;140m . . test[38;2;192;197;206m"[38;2;192;197;206m)[38;2;192;197;206m;[K
[0m[48;2;79;40;40m[39m- 62    [0m:[39m[48;2;36;25;28m [38;2;192;197;206m    [38;2;192;197;206m}[K
[0m[48;2;79;40;40m[39m- 63    [0m:[39m[48;2;36;25;28m [38;2;192;197;206m    [38;2;192;197;206m#[38;2;192;197;206m[[38;2;191;97;106mtest[38;2;192;197;206m][K
[0m[48;2;79;40;40m[39m- 64    [0m:[39m[48;2;36;25;28m [38;2;192;197;206m    [38;2;180;142;173mfn[38;2;192;197;206m [38;2;143;161;179mtest_default_padding[38;2;192;197;206m([38;2;192;197;206m)[38;2;192;197;206m [38;2;192;197;206m{[K
[0m[48;2;79;40;40m[39m- 65    [0m:[39m[48;2;36;25;28m [38;2;192;197;206m        [38;2;180;142;173mlet[38;2;192;197;206m [38;2;180;142;173mmut[38;2;192;197;206m buf [38;2;192;197;206m=[38;2;192;197;206m [38;2;192;197;206m[[38;2;208;135;112m0[38;2;180;142;173mu8[38;2;192;197;206m;[38;2;192;197;206m [38;2;208;135;112m10[38;2;192;197;206m][38;2;192;197;206m;[K
[0m[48;2;79;40;40m[39m- 66    [0m:[39m[48;2;36;25;28m [38;2;192;197;206m        [38;2;192;197;206massert_eq![38;2;192;197;206m([38;2;150;181;180mleftpad[38;2;192;197;206m([38;2;192;197;206m"[38;2;163;190;140mtest[38;2;192;197;206m"[38;2;192;197;206m,[38;2;192;197;206m [38;2;192;197;206m"[38;2;192;197;206m"[38;2;192;197;206m,[38;2;192;197;206m [38;2;208;135;112m9[38;2;192;197;206m,[38;2;192;197;206m [38;2;192;197;206m&[38;2;180;142;173mmut[38;2;192;197;206m buf[38;2;192;197;206m)[38;2;192;197;206m,[38;2;192;197;206m [38;2;208;135;112m9[38;2;192;197;206m)[38;2;192;197;206m;[K
[0m[48;2;79;40;40m[39m- 67    [0m:[39m[48;2;36;25;28m [38;2;192;197;206m        [38;2;192;197;206massert_eq![38;2;192;197;206m([38;2;192;197;206m&[38;2;192;197;206mbuf[38;2;192;197;206m[[38;2;192;197;206m..[38;2;208;135;112m9[38;2;192;197;206m][38;2;192;197;206m,[38;2;192;197;206m [38;2;180;142;173mb[38;2;192;197;206m"[38;2;163;190;140m     test[38;2;192;197;206m"[38;2;192;197;206m)[38;2;192;197;206m;[K
[0m[48;2;79;40;40m[39m- 68    [0m:[39m[48;2;36;25;28m [38;2;192;197;206m    [38;2;192;197;206m}[K
[0m[48;2;79;40;40m[39m- 69    [0m:[39m[48;2;36;25;28m [38;2;192;197;206m    [38;2;192;197;206m#[38;2;192;197;206m[[38;2;191;97;106mtest[38;2;192;197;206m][K
[0m[48;2;79;40;40m[39m- 70    [0m:[39m[48;2;36;25;28m [38;2;192;197;206m    [38;2;180;142;173mfn[38;2;192;197;206m [38;2;143;161;179mtest_empty_string[38;2;192;197;206m([38;2;192;197;206m)[38;2;192;197;206m [38;2;192;197;206m{[K
[0m[48;2;79;40;40m[39m- 71    [0m:[39m[48;2;36;25;28m [38;2;192;197;206m        [38;2;180;142;173mlet[38;2;192;197;206m [38;2;180;142;173mmut[38;2;192;197;206m buf [38;2;192;197;206m=[38;2;192;197;206m [38;2;192;197;206m[[38;2;208;135;112m0[38;2;180;142;173mu8[38;2;192;197;206m;[38;2;192;197;206m [38;2;208;135;112m10[38;2;192;197;206m][38;2;192;197;206m;[K
[0m[48;2;79;40;40m[39m- 72    [0m:[39m[48;2;36;25;28m [38;2;192;197;206m        [38;2;192;197;206massert_eq![38;2;192;197;206m([38;2;150;181;180mleftpad[38;2;192;197;206m([38;2;192;197;206m"[38;2;192;197;206m"[38;2;192;197;206m,[38;2;192;197;206m [38;2;192;197;206m"[38;2;163;190;140m*[38;2;192;197;206m"[38;2;192;197;206m,[38;2;192;197;206m [38;2;208;135;112m9[38;2;192;197;206m,[38;2;192;197;206m [38;2;192;197;206m&[38;2;180;142;173mmut[38;2;192;197;206m buf[38;2;192;197;206m)[38;2;192;197;206m,[38;2;192;197;206m [38;2;208;135;112m9[38;2;192;197;206m)[38;2;192;197;206m;[K
[0m[48;2;79;40;40m[39m- 73    [0m:[39m[48;2;36;25;28m [38;2;192;197;206m        [38;2;192;197;206massert_eq![38;2;192;197;206m([38;2;192;197;206m&[38;2;192;197;206mbuf[38;2;192;197;206m[[38;2;192;197;206m..[38;2;208;135;112m9[38;2;192;197;206m][38;2;192;197;206m,[38;2;192;197;206m [38;2;180;142;173mb[38;2;192;197;206m"[38;2;163;190;140m*********[38;2;192;197;206m"[38;2;192;197;206m)[38;2;192;197;206m;[K
[0m[48;2;79;40;40m[39m- 74    [0m:[39m[48;2;36;25;28m [38;2;192;197;206m    [38;2;192;197;206m}[K
[0m[48;2;79;40;40m[39m- 75    [0m:[39m[48;2;36;25;28m [38;2;192;197;206m    [38;2;192;197;206m#[38;2;192;197;206m[[38;2;191;97;106mtest[38;2;192;197;206m][K
[0m[48;2;79;40;40m[39m- 76    [0m:[39m[48;2;36;25;28m [38;2;192;197;206m    [38;2;180;142;173mfn[38;2;192;197;206m [38;2;143;161;179mtest_truncation[38;2;192;197;206m([38;2;192;197;206m)[38;2;192;197;206m [38;2;192;197;206m{[K
[0m[48;2;79;40;40m[39m- 77    [0m:[39m[48;2;36;25;28m [38;2;192;197;206m        [38;2;180;142;173mlet[38;2;192;197;206m [38;2;180;142;173mmut[38;2;192;197;206m buf [38;2;192;197;206m=[38;2;192;197;206m [38;2;192;197;206m[[38;2;208;135;112m0[38;2;180;142;173mu8[38;2;192;197;206m;[38;2;192;197;206m [38;2;208;135;112m10[38;2;192;197;206m][38;2;192;197;206m;[K
[0m[48;2;79;40;40m[39m- 78    [0m:[39m[48;2;36;25;28m [38;2;192;197;206m        [38;2;192;197;206massert_eq![38;2;192;197;206m([38;2;150;181;180mleftpad[38;2;192;197;206m([38;2;192;197;206m"[38;2;163;190;140mtest[38;2;192;197;206m"[38;2;192;197;206m,[38;2;192;197;206m [38;2;192;197;206m"[38;2;163;190;140m*[38;2;192;197;206m"[38;2;192;197;206m,[38;2;192;197;206m [38;2;208;135;112m11[38;2;192;197;206m,[38;2;192;197;206m [38;2;192;197;206m&[38;2;180;142;173mmut[38;2;192;197;206m buf[38;2;192;197;206m)[38;2;192;197;206m,[38;2;192;197;206m [38;2;208;135;112m9[38;2;192;197;206m)[38;2;192;197;206m;[K
[0m[48;2;79;40;40m[39m- 79    [0m:[39m[48;2;36;25;28m [38;2;192;197;206m        [38;2;192;197;206massert_eq![38;2;192;197;206m([38;2;192;197;206m&[38;2;192;197;206mbuf[38;2;192;197;206m[[38;2;192;197;206m..[38;2;208;135;112m9[38;2;192;197;206m][38;2;192;197;206m,[38;2;192;197;206m [38;2;180;142;173mb[38;2;192;197;206m"[38;2;163;190;140m*******te[38;2;192;197;206m"[38;2;192;197;206m)[38;2;192;197;206m;[K
[0m[48;2;79;40;40m[39m- 80    [0m:[39m[48;2;36;25;28m [38;2;192;197;206m    [38;2;192;197;206m}[K
[0m[48;2;79;40;40m[39m- 81    [0m:[39m[48;2;36;25;28m [38;2;192;197;206m    [38;2;192;197;206m#[38;2;192;197;206m[[38;2;191;97;106mtest[38;2;192;197;206m][K
[0m[48;2;79;40;40m[39m- 82    [0m:[39m[48;2;36;25;28m [38;2;192;197;206m    [38;2;180;142;173mfn[38;2;192;197;206m [38;2;143;161;179mtest_empty_dest[38;2;192;197;206m([38;2;192;197;206m)[38;2;192;197;206m [38;2;192;197;206m{[K
[0m[48;2;79;40;40m[39m- 83    [0m:[39m[48;2;36;25;28m [38;2;192;197;206m        [38;2;180;142;173mlet[38;2;192;197;206m [38;2;180;142;173mmut[38;2;192;197;206m empty[38;2;192;197;206m:[38;2;192;197;206m [38;2;192;197;206m[[38;2;180;142;173mu8[38;2;192;197;206m;[38;2;192;197;206m [38;2;208;135;112m0[38;2;192;197;206m][38;2;192;197;206m [38;2;192;197;206m=[38;2;192;197;206m [38;2;192;197;206m[[38;2;192;197;206m][38;2;192;197;206m;[K
[0m[48;2;79;40;40m[39m- 84    [0m:[39m[48;2;36;25;28m [38;2;192;197;206m        [38;2;192;197;206massert_eq![38;2;192;197;206m([38;2;150;181;180mleftpad[38;2;192;197;206m([38;2;192;197;206m"[38;2;163;190;140mtest[38;2;192;197;206m"[38;2;192;197;206m,[38;2;192;197;206m [38;2;192;197;206m"[38;2;163;190;140m [38;2;192;197;206m"[38;2;192;197;206m,[38;2;192;197;206m [38;2;208;135;112m2[38;2;192;197;206m,[38;2;192;197;206m [38;2;192;197;206m&[38;2;180;142;173mmut[38;2;192;197;206m empty[38;2;192;197;206m)[38;2;192;197;206m,[38;2;192;197;206m [38;2;208;135;112m4[38;2;192;197;206m)[38;2;192;197;206m;[K
[0m[48;2;79;40;40m[39m- 85    [0m:[39m[48;2;36;25;28m [38;2;192;197;206m        [38;2;192;197;206massert_eq![38;2;192;197;206m([38;2;150;181;180mleftpad[38;2;192;197;206m([38;2;192;197;206m"[38;2;163;190;140mtest[38;2;192;197;206m"[38;2;192;197;206m,[38;2;192;197;206m [38;2;192;197;206m"[38;2;163;190;140m [38;2;192;197;206m"[38;2;192;197;206m,[38;2;192;197;206m [38;2;208;135;112m4[38;2;192;197;206m,[38;2;192;197;206m [38;2;192;197;206m&[38;2;180;142;173mmut[38;2;192;197;206m empty[38;2;192;197;206m)[38;2;192;197;206m,[38;2;192;197;206m [38;2;208;135;112m4[38;2;192;197;206m)[38;2;192;197;206m;[K
[0m[48;2;79;40;40m[39m- 86    [0m:[39m[48;2;36;25;28m [38;2;192;197;206m        [38;2;192;197;206massert_eq![38;2;192;197;206m([38;2;150;181;180mleftpad[38;2;192;197;206m([38;2;192;197;206m"[38;2;163;190;140mtest[38;2;192;197;206m"[38;2;192;197;206m,[38;2;192;197;206m [38;2;192;197;206m"[38;2;163;190;140m [38;2;192;197;206m"[38;2;192;197;206m,[38;2;192;197;206m [38;2;208;135;112m6[38;2;192;197;206m,[38;2;192;197;206m [38;2;192;197;206m&[38;2;180;142;173mmut[38;2;192;197;206m empty[38;2;192;197;206m)[38;2;192;197;206m,[38;2;192;197;206m [38;2;208;135;112m6[38;2;192;197;206m)[38;2;192;197;206m;[K
[0m[48;2;79;40;40m[39m- 87    [0m:[39m[48;2;36;25;28m [38;2;192;197;206m    [38;2;192;197;206m}[K
[0m[48;2;43;48;59m[39m  88, 33[0m:[39m[48;2;43;48;59m [38;2;192;197;206m}[K
[0m[K
Replacing: [38;5;141msrc/leftpad.rs[0m
[38;5;244m - Completed in 0.46s[0m
[38;5;12m[1m [1.6][0m[0m
[?25l[0m[?25l[0m[0mI will run the following command: [38;5;141mcd /tmp/harvest-crust-3WkPcL/project && cargo build 2>&1[0m[38;5;244m (using tool: shell)[0m

   Compiling leftpad v0.1.0 (/tmp/harvest-crust-3WkPcL/project)
    Finished `dev` profile [unoptimized + debuginfo] target(s) in 0.05s
[38;5;244m - Completed in 0.141s[0m
[38;5;12m[1m [1.7][0m[0m
[?25l[0m[38;5;141m> [0mDone. Here's a summary of the translation:[0m[0m
[0m[0m
The C [38;5;10mleftpad[0m function pads a string on the left to reach a minimum length, writing into a destination buffer. The Rust implementation:[0m[0m
[0m[0m
- Treats an empty [38;5;10mpadding[0m string the same as C's [38;5;10mNULL[0m/empty — defaults to [38;5;10m" "[0m[0m[0m
- Cycles through padding characters using modular arithmetic ([38;5;10m% pad_bytes.len()[0m), matching the C behavior of resetting on null terminator[0m[0m
- Reserves the last byte of [38;5;10mdest[0m for the [38;5;10m\0[0m terminator (matching C's [38;5;10mdest_sz - 1[0m limit)[0m[0m
- Returns [38;5;10mstr_len + npad[0m without writing when [38;5;10mdest[0m is empty (matching C's [38;5;10m!dest || !dest_sz[0m case)[0m[0m
- No [38;5;10munsafe[0m code needed — pure safe Rust[0m[0m[38;5;12m[1m✓ Created checkpoint 1

[0m[0m
[38;5;8m
 ▸ Credits: 1.44 • Time: 1m 1s

[0m[1G[0m[0m[?25h