[32mAll tools are now trusted ([0m[31m![0m[32m). Kiro will execute tools without asking for confirmation.[0m
Agents can sometimes do unexpected things so understand the risks.

Learn more at [38;5;141mhttps://kiro.dev/docs/cli/chat/security/#using-tools-trust-all-safely[0m

[38;5;12m[1m📷 Checkpoints are enabled! (took 0.04s)

[0m
[38;5;252m[0m[?25l[38;5;141m> [0m[0m[0m
[0m[0m
I'll start by reading the project structure, C source files, Rust source files, and Cargo.toml to understand what we're working with.[0m[0m
[?25l[0m[0mReading directory: [38;5;141m/tmp/harvest-crust-verify-I5vM3p/project[0m[38;5;244m (using tool: read, max depth: 3, max entries: 1000, excluding: defaults)[0m
[38;5;10m ✓ [0mSuccessfully read directory [38;5;141m/tmp/harvest-crust-verify-I5vM3p/project[0m [38;5;244m(22 entries)[0m
[38;5;244m - Completed in 0.44s[0m
[38;5;12m[1m [1.1][0m[0m
[?25l[0m[?25l[0m[0mBatch fs_read operation with [38;5;141m7[0m operations[38;5;244m (using tool: read)[0m

↱ Operation 1: Reading file: [38;5;141m/tmp/harvest-crust-verify-I5vM3p/project/Cargo.toml[0m, all lines
↱ Operation 2: Reading file: [38;5;141m/tmp/harvest-crust-verify-I5vM3p/project/src/lib.rs[0m, all lines
↱ Operation 3: Reading file: [38;5;141m/tmp/harvest-crust-verify-I5vM3p/project/src/leftpad.rs[0m, all lines
↱ Operation 4: Reading file: [38;5;141m/tmp/harvest-crust-verify-I5vM3p/project/c_src/src/leftpad.h[0m, all lines
↱ Operation 5: Reading file: [38;5;141m/tmp/harvest-crust-verify-I5vM3p/project/c_src/src/leftpad.c[0m, all lines
↱ Operation 6: Reading file: [38;5;141m/tmp/harvest-crust-verify-I5vM3p/project/c_src/tests.c[0m, all lines
↱ Operation 7: Reading file: [38;5;141m/tmp/harvest-crust-verify-I5vM3p/project/c_src/bin/main.c[0m, all lines
[38;5;10m ✓ [0mSuccessfully read [38;5;244m98 bytes[0m from /tmp/harvest-crust-verify-I5vM3p/project/Cargo.toml

[38;5;10m ✓ [0mSuccessfully read [38;5;244m16 bytes[0m from /tmp/harvest-crust-verify-I5vM3p/project/src/lib.rs

[38;5;10m ✓ [0mSuccessfully read [38;5;244m846 bytes[0m from /tmp/harvest-crust-verify-I5vM3p/project/src/leftpad.rs

[38;5;10m ✓ [0mSuccessfully read [38;5;244m730 bytes[0m from /tmp/harvest-crust-verify-I5vM3p/project/c_src/src/leftpad.h

[38;5;10m ✓ [0mSuccessfully read [38;5;244m758 bytes[0m from /tmp/harvest-crust-verify-I5vM3p/project/c_src/src/leftpad.c

[38;5;10m ✓ [0mSuccessfully read [38;5;244m1376 bytes[0m from /tmp/harvest-crust-verify-I5vM3p/project/c_src/tests.c

[38;5;10m ✓ [0mSuccessfully read [38;5;244m936 bytes[0m from /tmp/harvest-crust-verify-I5vM3p/project/c_src/bin/main.c

 ⋮ 

[38;5;244m- [0mSummary: 7 operations processed, 7 successful, 0 failed
[38;5;244m - Completed in 0.44s[0m
[38;5;12m[1m [1.2][0m[0m
[?25l[0m[?25l[0m[0m[38;5;11mTODO:
[39m[0m[ ] Analyze C vs Rust differences and compile/run C tests to verify ground truth
[0m[ ] Write comprehensive Rust tests in src/bin/test_leftpad.rs
[0m[ ] Run cargo test and fix any failures[38;5;244m - Completed in 0.45s[0m
[38;5;12m[1m [1.3][0m[0m
[?25l[0m[38;5;141m> [0mNow let me compile and run the C tests to verify ground truth behavior, and also write a small C program to explore edge cases.[0m[0m
[?25l[0m[0mI will run the following command: [38;5;141mcd /tmp/harvest-crust-verify-I5vM3p/project/c_src && gcc -o test_prog tests.c src/leftpad.c -I src -lm 2>&1 && echo "--- BUILD OK ---" && ./test_prog && echo "--- ALL C TESTS PASSED ---"[0m[38;5;244m (using tool: shell)[0m
Purpose: Compile and run the existing C tests

--- BUILD OK ---
--- ALL C TESTS PASSED ---
[38;5;244m - Completed in 0.102s[0m
[38;5;12m[1m [1.4][0m[0m
[?25l[0m[38;5;141m> [0mGood, C tests pass. Now let me write a more detailed C test program to explore edge cases and get exact ground truth values:[0m[0m
[?25l[0m[0mI'll create the following file: [38;5;141m/tmp/harvest-crust-verify-I5vM3p/project/c_src/explore.c[0m[38;5;244m (using tool: write)[0m

[48;2;40;67;43m[39m+     1[0m:[39m[48;2;24;38;30m [38;2;180;142;173m#include[38;2;192;197;206m [38;2;192;197;206m<[38;2;163;190;140mstdio.h[38;2;192;197;206m>[K
[0m[48;2;40;67;43m[39m+     2[0m:[39m[48;2;24;38;30m [38;2;192;197;206m#include [38;2;192;197;206m<[38;2;163;190;140mstring.h[38;2;192;197;206m>[K
[0m[48;2;40;67;43m[39m+     3[0m:[39m[48;2;24;38;30m [38;2;192;197;206m#include [38;2;192;197;206m"[38;2;163;190;140mleftpad.h[38;2;192;197;206m"[K
[0m[48;2;40;67;43m[39m+     4[0m:[39m[48;2;24;38;30m [K
[0m[48;2;40;67;43m[39m+     5[0m:[39m[48;2;24;38;30m [38;2;192;197;206mint main() {[K
[0m[48;2;40;67;43m[39m+     6[0m:[39m[48;2;24;38;30m [38;2;192;197;206m    char buf[64];[K
[0m[48;2;40;67;43m[39m+     7[0m:[39m[48;2;24;38;30m [38;2;192;197;206m    size_t r;[K
[0m[48;2;40;67;43m[39m+     8[0m:[39m[48;2;24;38;30m [K
[0m[48;2;40;67;43m[39m+     9[0m:[39m[48;2;24;38;30m [38;2;192;197;206m    [38;2;101;115;126m//[38;2;101;115;126m 1. No padding needed (str_len == min_len)[K
[0m[48;2;40;67;43m[39m+    10[0m:[39m[48;2;24;38;30m [38;2;101;115;126m    r = leftpad("test", "*", 4, buf, 64);[K
[0m[48;2;40;67;43m[39m+    11[0m:[39m[48;2;24;38;30m [38;2;101;115;126m    printf("1: ret=%zu buf='%s'\n", r, buf);[K
[0m[48;2;40;67;43m[39m+    12[0m:[39m[48;2;24;38;30m [K
[0m[48;2;40;67;43m[39m+    13[0m:[39m[48;2;24;38;30m [38;2;101;115;126m    // 2. Padding applied[K
[0m[48;2;40;67;43m[39m+    14[0m:[39m[48;2;24;38;30m [38;2;101;115;126m    r = leftpad("test", "*", 9, buf, 64);[K
[0m[48;2;40;67;43m[39m+    15[0m:[39m[48;2;24;38;30m [38;2;101;115;126m    printf("2: ret=%zu buf='%s'\n", r, buf);[K
[0m[48;2;40;67;43m[39m+    16[0m:[39m[48;2;24;38;30m [K
[0m[48;2;40;67;43m[39m+    17[0m:[39m[48;2;24;38;30m [38;2;101;115;126m    // 3. min_len < str_len[K
[0m[48;2;40;67;43m[39m+    18[0m:[39m[48;2;24;38;30m [38;2;101;115;126m    r = leftpad("test", "*", 2, buf, 64);[K
[0m[48;2;40;67;43m[39m+    19[0m:[39m[48;2;24;38;30m [38;2;101;115;126m    printf("3: ret=%zu buf='%s'\n", r, buf);[K
[0m[48;2;40;67;43m[39m+    20[0m:[39m[48;2;24;38;30m [K
[0m[48;2;40;67;43m[39m+    21[0m:[39m[48;2;24;38;30m [38;2;101;115;126m    // 4. Multi-char padding repeated[K
[0m[48;2;40;67;43m[39m+    22[0m:[39m[48;2;24;38;30m [38;2;101;115;126m    r = leftpad("test", " .", 9, buf, 64);[K
[0m[48;2;40;67;43m[39m+    23[0m:[39m[48;2;24;38;30m [38;2;101;115;126m    printf("4: ret=%zu buf='%s'\n", r, buf);[K
[0m[48;2;40;67;43m[39m+    24[0m:[39m[48;2;24;38;30m [K
[0m[48;2;40;67;43m[39m+    25[0m:[39m[48;2;24;38;30m [38;2;101;115;126m    // 5. NULL padding -> spaces[K
[0m[48;2;40;67;43m[39m+    26[0m:[39m[48;2;24;38;30m [38;2;101;115;126m    r = leftpad("test", NULL, 9, buf, 64);[K
[0m[48;2;40;67;43m[39m+    27[0m:[39m[48;2;24;38;30m [38;2;101;115;126m    printf("5: ret=%zu buf='%s'\n", r, buf);[K
[0m[48;2;40;67;43m[39m+    28[0m:[39m[48;2;24;38;30m [K
[0m[48;2;40;67;43m[39m+    29[0m:[39m[48;2;24;38;30m [38;2;101;115;126m    // 6. NULL str -> empty string padded[K
[0m[48;2;40;67;43m[39m+    30[0m:[39m[48;2;24;38;30m [38;2;101;115;126m    r = leftpad(NULL, "*", 9, buf, 64);[K
[0m[48;2;40;67;43m[39m+    31[0m:[39m[48;2;24;38;30m [38;2;101;115;126m    printf("6: ret=%zu buf='%s'\n", r, buf);[K
[0m[48;2;40;67;43m[39m+    32[0m:[39m[48;2;24;38;30m [K
[0m[48;2;40;67;43m[39m+    33[0m:[39m[48;2;24;38;30m [38;2;101;115;126m    // 7. Truncation: output exceeds dest_sz[K
[0m[48;2;40;67;43m[39m+    34[0m:[39m[48;2;24;38;30m [38;2;101;115;126m    r = leftpad("test", "*", 11, buf, 10);[K
[0m[48;2;40;67;43m[39m+    35[0m:[39m[48;2;24;38;30m [38;2;101;115;126m    printf("7: ret=%zu buf='%s'\n", r, buf);[K
[0m[48;2;40;67;43m[39m+    36[0m:[39m[48;2;24;38;30m [K
[0m[48;2;40;67;43m[39m+    37[0m:[39m[48;2;24;38;30m [38;2;101;115;126m    // 8. NULL dest -> returns needed length[K
[0m[48;2;40;67;43m[39m+    38[0m:[39m[48;2;24;38;30m [38;2;101;115;126m    r = leftpad("test", " ", 6, NULL, 10);[K
[0m[48;2;40;67;43m[39m+    39[0m:[39m[48;2;24;38;30m [38;2;101;115;126m    printf("8: ret=%zu\n", r);[K
[0m[48;2;40;67;43m[39m+    40[0m:[39m[48;2;24;38;30m [K
[0m[48;2;40;67;43m[39m+    41[0m:[39m[48;2;24;38;30m [38;2;101;115;126m    // 9. dest_sz=0 -> returns needed length[K
[0m[48;2;40;67;43m[39m+    42[0m:[39m[48;2;24;38;30m [38;2;101;115;126m    r = leftpad("test", " ", 6, buf, 0);[K
[0m[48;2;40;67;43m[39m+    43[0m:[39m[48;2;24;38;30m [38;2;101;115;126m    printf("9: ret=%zu\n", r);[K
[0m[48;2;40;67;43m[39m+    44[0m:[39m[48;2;24;38;30m [K
[0m[48;2;40;67;43m[39m+    45[0m:[39m[48;2;24;38;30m [38;2;101;115;126m    // 10. Empty string with padding[K
[0m[48;2;40;67;43m[39m+    46[0m:[39m[48;2;24;38;30m [38;2;101;115;126m    r = leftpad("", "*", 5, buf, 64);[K
[0m[48;2;40;67;43m[39m+    47[0m:[39m[48;2;24;38;30m [38;2;101;115;126m    printf("10: ret=%zu buf='%s'\n", r, buf);[K
[0m[48;2;40;67;43m[39m+    48[0m:[39m[48;2;24;38;30m [K
[0m[48;2;40;67;43m[39m+    49[0m:[39m[48;2;24;38;30m [38;2;101;115;126m    // 11. Empty string, min_len=0[K
[0m[48;2;40;67;43m[39m+    50[0m:[39m[48;2;24;38;30m [38;2;101;115;126m    r = leftpad("", "*", 0, buf, 64);[K
[0m[48;2;40;67;43m[39m+    51[0m:[39m[48;2;24;38;30m [38;2;101;115;126m    printf("11: ret=%zu buf='%s'\n", r, buf);[K
[0m[48;2;40;67;43m[39m+    52[0m:[39m[48;2;24;38;30m [K
[0m[48;2;40;67;43m[39m+    53[0m:[39m[48;2;24;38;30m [38;2;101;115;126m    // 12. min_len=0[K
[0m[48;2;40;67;43m[39m+    54[0m:[39m[48;2;24;38;30m [38;2;101;115;126m    r = leftpad("hello", "*", 0, buf, 64);[K
[0m[48;2;40;67;43m[39m+    55[0m:[39m[48;2;24;38;30m [38;2;101;115;126m    printf("12: ret=%zu buf='%s'\n", r, buf);[K
[0m[48;2;40;67;43m[39m+    56[0m:[39m[48;2;24;38;30m [K
[0m[48;2;40;67;43m[39m+    57[0m:[39m[48;2;24;38;30m [38;2;101;115;126m    // 13. dest_sz=1 (only room for null terminator)[K
[0m[48;2;40;67;43m[39m+    58[0m:[39m[48;2;24;38;30m [38;2;101;115;126m    r = leftpad("test", "*", 9, buf, 1);[K
[0m[48;2;40;67;43m[39m+    59[0m:[39m[48;2;24;38;30m [38;2;101;115;126m    printf("13: ret=%zu buf='%s'\n", r, buf);[K
[0m[48;2;40;67;43m[39m+    60[0m:[39m[48;2;24;38;30m [K
[0m[48;2;40;67;43m[39m+    61[0m:[39m[48;2;24;38;30m [38;2;101;115;126m    // 14. Empty padding string -> defaults to space[K
[0m[48;2;40;67;43m[39m+    62[0m:[39m[48;2;24;38;30m [38;2;101;115;126m    r = leftpad("test", "", 8, buf, 64);[K
[0m[48;2;40;67;43m[39m+    63[0m:[39m[48;2;24;38;30m [38;2;101;115;126m    printf("14: ret=%zu buf='%s'\n", r, buf);[K
[0m[48;2;40;67;43m[39m+    64[0m:[39m[48;2;24;38;30m [K
[0m[48;2;40;67;43m[39m+    65[0m:[39m[48;2;24;38;30m [38;2;101;115;126m    // 15. NULL str, NULL padding[K
[0m[48;2;40;67;43m[39m+    66[0m:[39m[48;2;24;38;30m [38;2;101;115;126m    r = leftpad(NULL, NULL, 5, buf, 64);[K
[0m[48;2;40;67;43m[39m+    67[0m:[39m[48;2;24;38;30m [38;2;101;115;126m    printf("15: ret=%zu buf='%s'\n", r, buf);[K
[0m[48;2;40;67;43m[39m+    68[0m:[39m[48;2;24;38;30m [K
[0m[48;2;40;67;43m[39m+    69[0m:[39m[48;2;24;38;30m [38;2;101;115;126m    // 16. NULL dest, dest_sz=0[K
[0m[48;2;40;67;43m[39m+    70[0m:[39m[48;2;24;38;30m [38;2;101;115;126m    r = leftpad("test", "*", 8, NULL, 0);[K
[0m[48;2;40;67;43m[39m+    71[0m:[39m[48;2;24;38;30m [38;2;101;115;126m    printf("16: ret=%zu\n", r);[K
[0m[48;2;40;67;43m[39m+    72[0m:[39m[48;2;24;38;30m [K
[0m[48;2;40;67;43m[39m+    73[0m:[39m[48;2;24;38;30m [38;2;101;115;126m    // 17. Exact fit: output fills dest_sz exactly[K
[0m[48;2;40;67;43m[39m+    74[0m:[39m[48;2;24;38;30m [38;2;101;115;126m    r = leftpad("ab", "*", 4, buf, 5);[K
[0m[48;2;40;67;43m[39m+    75[0m:[39m[48;2;24;38;30m [38;2;101;115;126m    printf("17: ret=%zu buf='%s'\n", r, buf);[K
[0m[48;2;40;67;43m[39m+    76[0m:[39m[48;2;24;38;30m [K
[0m[48;2;40;67;43m[39m+    77[0m:[39m[48;2;24;38;30m [38;2;101;115;126m    // 18. dest_sz=2[K
[0m[48;2;40;67;43m[39m+    78[0m:[39m[48;2;24;38;30m [38;2;101;115;126m    r = leftpad("test", "*", 9, buf, 2);[K
[0m[48;2;40;67;43m[39m+    79[0m:[39m[48;2;24;38;30m [38;2;101;115;126m    printf("18: ret=%zu buf='%s'\n", r, buf);[K
[0m[48;2;40;67;43m[39m+    80[0m:[39m[48;2;24;38;30m [K
[0m[48;2;40;67;43m[39m+    81[0m:[39m[48;2;24;38;30m [38;2;101;115;126m    // 19. 3-char padding pattern[K
[0m[48;2;40;67;43m[39m+    82[0m:[39m[48;2;24;38;30m [38;2;101;115;126m    r = leftpad("x", "abc", 7, buf, 64);[K
[0m[48;2;40;67;43m[39m+    83[0m:[39m[48;2;24;38;30m [38;2;101;115;126m    printf("19: ret=%zu buf='%s'\n", r, buf);[K
[0m[48;2;40;67;43m[39m+    84[0m:[39m[48;2;24;38;30m [K
[0m[48;2;40;67;43m[39m+    85[0m:[39m[48;2;24;38;30m [38;2;101;115;126m    return 0;[K
[0m[48;2;40;67;43m[39m+    86[0m:[39m[48;2;24;38;30m [38;2;101;115;126m}[K
[0m[K
Creating: [38;5;141m/tmp/harvest-crust-verify-I5vM3p/project/c_src/explore.c[0m
[38;5;244m - Completed in 0.45s[0m
[38;5;12m[1m [1.5][0m[0m
[?25l[0m[?25l[0m[0mI will run the following command: [38;5;141mcd /tmp/harvest-crust-verify-I5vM3p/project/c_src && gcc -o explore explore.c src/leftpad.c -I src && ./explore[0m[38;5;244m (using tool: shell)[0m
Purpose: Run the exploration C program to get ground truth values

1: ret=4 buf='test'
2: ret=9 buf='*****test'
3: ret=4 buf='test'
4: ret=9 buf=' . . test'
5: ret=9 buf='     test'
6: ret=9 buf='*********'
7: ret=9 buf='*******te'
8: ret=6
9: ret=6
10: ret=5 buf='*****'
11: ret=0 buf=''
12: ret=5 buf='hello'
13: ret=0 buf=''
14: ret=8 buf='    test'
15: ret=5 buf='     '
16: ret=8
17: ret=4 buf='**ab'
18: ret=1 buf='*'
19: ret=7 buf='abcabcx'
[38;5;244m - Completed in 0.108s[0m
[38;5;12m[1m [1.6][0m[0m
[?25l[0m[38;5;141m> [0mNow I have all the ground truth. Let me analyze the key differences between C and Rust implementations:[0m[0m
[0m[0m
1. [1mC accepts NULL str[22m (treats as empty string) — Rust takes [38;5;10m&str[0m, so NULL str isn't applicable[0m[0m
2. [1mC accepts NULL padding[22m (defaults to space) — Rust takes [38;5;10m&str[0m, checks [38;5;10mis_empty()[0m instead[0m[0m
3. [1mC has separate [38;5;10mdest[0m and [38;5;10mdest_sz[0m params[22m — Rust uses [38;5;10m&mut [u8][0m where [38;5;10mdest.len()[0m is the size[0m[0m
4. [1mC: [38;5;10m!dest || !dest_sz[0m[22m returns length — Rust: [38;5;10mdest.is_empty()[0m returns length[0m[0m
5. [1mC padding cycling handles embedded NUL[22m — Rust uses [38;5;10m%[0m modulo cycling[0m[0m
[0m[0m
The Rust API can't pass NULL for str (it's [38;5;10m&str[0m), so those C tests with NULL str don't directly apply. Let me also check: the Rust code uses [38;5;10mdest.is_empty()[0m which corresponds to [38;5;10mdest_sz == 0[0m in C. There's no equivalent of [38;5;10mdest == NULL[0m in Rust.[0m[0m
[?25l[0m[0m[38;5;11mTODO:
[39m[38;5;10m[x] [3m[38;5;244mAnalyze C vs Rust differences and compile/run C tests to verify ground truth[23m
[0m[ ] Write comprehensive Rust tests in src/bin/test_leftpad.rs[38;5;244m - Completed in 0.45s[0m
[38;5;12m[1m [1.7][0m[0m
[?25l[0m[38;5;141m> [0mNow let me create the test file. I need to map C ground truth to Rust API carefully — [38;5;10mdest_sz[0m in C becomes [38;5;10mdest.len()[0m in Rust, and the dest buffer includes the null terminator slot in C.[0m[0m
[?25l[0m[0mI will run the following command: [38;5;141mmkdir -p /tmp/harvest-crust-verify-I5vM3p/project/src/bin[0m[38;5;244m (using tool: shell)[0m
Purpose: Create bin directory for test files

[38;5;244m - Completed in 0.48s[0m
[38;5;12m[1m [1.8][0m[0m
[?25l[0m[?25l[0m[0mI'll create the following file: [38;5;141m/tmp/harvest-crust-verify-I5vM3p/project/src/bin/test_leftpad.rs[0m[38;5;244m (using tool: write)[0m
Purpose: Create comprehensive Rust test file for leftpad

[48;2;40;67;43m[39m+      1[0m:[39m[48;2;24;38;30m [38;2;180;142;173muse[38;2;192;197;206m [38;2;192;197;206mleftpad[38;2;192;197;206m::[38;2;192;197;206mleftpad[38;2;192;197;206m::[38;2;192;197;206mleftpad[38;2;192;197;206m;[K
[0m[48;2;40;67;43m[39m+      2[0m:[39m[48;2;24;38;30m [K
[0m[48;2;40;67;43m[39m+      3[0m:[39m[48;2;24;38;30m [38;2;180;142;173mfn[38;2;192;197;206m [38;2;143;161;179mpad[38;2;192;197;206m([38;2;191;97;106ms[38;2;192;197;206m:[38;2;192;197;206m [38;2;192;197;206m&[38;2;180;142;173mstr[38;2;192;197;206m, [38;2;191;97;106mpadding[38;2;192;197;206m:[38;2;192;197;206m [38;2;192;197;206m&[38;2;180;142;173mstr[38;2;192;197;206m, [38;2;191;97;106mmin_len[38;2;192;197;206m:[38;2;192;197;206m [38;2;180;142;173musize[38;2;192;197;206m, [38;2;191;97;106mdest_sz[38;2;192;197;206m:[38;2;192;197;206m [38;2;180;142;173musize[38;2;192;197;206m)[38;2;192;197;206m [38;2;192;197;206m->[38;2;192;197;206m [38;2;192;197;206m([38;2;180;142;173musize[38;2;192;197;206m, String[38;2;192;197;206m)[38;2;192;197;206m [38;2;192;197;206m{[K
[0m[48;2;40;67;43m[39m+      4[0m:[39m[48;2;24;38;30m [38;2;192;197;206m    [38;2;180;142;173mlet[38;2;192;197;206m [38;2;180;142;173mmut[38;2;192;197;206m buf [38;2;192;197;206m=[38;2;192;197;206m [38;2;192;197;206mvec![38;2;192;197;206m[[38;2;208;135;112m0[38;2;180;142;173mu8[38;2;192;197;206m;[38;2;192;197;206m dest_sz[38;2;192;197;206m][38;2;192;197;206m;[K
[0m[48;2;40;67;43m[39m+      5[0m:[39m[48;2;24;38;30m [38;2;192;197;206m    [38;2;180;142;173mlet[38;2;192;197;206m r [38;2;192;197;206m=[38;2;192;197;206m [38;2;150;181;180mleftpad[38;2;192;197;206m([38;2;192;197;206ms[38;2;192;197;206m,[38;2;192;197;206m padding[38;2;192;197;206m,[38;2;192;197;206m min_len[38;2;192;197;206m,[38;2;192;197;206m [38;2;192;197;206m&[38;2;180;142;173mmut[38;2;192;197;206m buf[38;2;192;197;206m)[38;2;192;197;206m;[K
[0m[48;2;40;67;43m[39m+      6[0m:[39m[48;2;24;38;30m [38;2;192;197;206m    [38;2;101;115;126m//[38;2;101;115;126m Output is null-terminated in buf[0..r], extract the string portion[K
[0m[48;2;40;67;43m[39m+      7[0m:[39m[48;2;24;38;30m [38;2;192;197;206m    [38;2;180;142;173mlet[38;2;192;197;206m out [38;2;192;197;206m=[38;2;192;197;206m [38;2;180;142;173mif[38;2;192;197;206m dest_sz [38;2;192;197;206m>[38;2;192;197;206m [38;2;208;135;112m0[38;2;192;197;206m [38;2;192;197;206m{[K
[0m[48;2;40;67;43m[39m+      8[0m:[39m[48;2;24;38;30m [38;2;192;197;206m        [38;2;192;197;206mString[38;2;192;197;206m::[38;2;192;197;206mfrom_utf8_lossy[38;2;192;197;206m([38;2;192;197;206m&[38;2;192;197;206mbuf[38;2;192;197;206m[[38;2;192;197;206m..[38;2;192;197;206mr[38;2;192;197;206m][38;2;192;197;206m)[38;2;192;197;206m.[38;2;150;181;180mto_string[38;2;192;197;206m([38;2;192;197;206m)[K
[0m[48;2;40;67;43m[39m+      9[0m:[39m[48;2;24;38;30m [38;2;192;197;206m    [38;2;192;197;206m}[38;2;192;197;206m [38;2;180;142;173melse[38;2;192;197;206m [38;2;192;197;206m{[K
[0m[48;2;40;67;43m[39m+     10[0m:[39m[48;2;24;38;30m [38;2;192;197;206m        [38;2;192;197;206mString[38;2;192;197;206m::[38;2;192;197;206mnew[38;2;192;197;206m([38;2;192;197;206m)[K
[0m[48;2;40;67;43m[39m+     11[0m:[39m[48;2;24;38;30m [38;2;192;197;206m    [38;2;192;197;206m}[38;2;192;197;206m;[K
[0m[48;2;40;67;43m[39m+     12[0m:[39m[48;2;24;38;30m [38;2;192;197;206m    [38;2;192;197;206m([38;2;192;197;206mr[38;2;192;197;206m,[38;2;192;197;206m out[38;2;192;197;206m)[K
[0m[48;2;40;67;43m[39m+     13[0m:[39m[48;2;24;38;30m [38;2;192;197;206m}[K
[0m[48;2;40;67;43m[39m+     14[0m:[39m[48;2;24;38;30m [K
[0m[48;2;40;67;43m[39m+     15[0m:[39m[48;2;24;38;30m [38;2;101;115;126m//[38;2;101;115;126m No padding needed (str_len == min_len)[K
[0m[48;2;40;67;43m[39m+     16[0m:[39m[48;2;24;38;30m [38;2;192;197;206m#[38;2;192;197;206m[[38;2;191;97;106mtest[38;2;192;197;206m][K
[0m[48;2;40;67;43m[39m+     17[0m:[39m[48;2;24;38;30m [38;2;180;142;173mfn[38;2;192;197;206m [38;2;143;161;179mtest_no_padding_needed[38;2;192;197;206m([38;2;192;197;206m)[38;2;192;197;206m [38;2;192;197;206m{[K
[0m[48;2;40;67;43m[39m+     18[0m:[39m[48;2;24;38;30m [38;2;192;197;206m    [38;2;180;142;173mlet[38;2;192;197;206m [38;2;192;197;206m([38;2;192;197;206mr[38;2;192;197;206m,[38;2;192;197;206m s[38;2;192;197;206m)[38;2;192;197;206m [38;2;192;197;206m=[38;2;192;197;206m [38;2;150;181;180mpad[38;2;192;197;206m([38;2;192;197;206m"[38;2;163;190;140mtest[38;2;192;197;206m"[38;2;192;197;206m,[38;2;192;197;206m [38;2;192;197;206m"[38;2;163;190;140m*[38;2;192;197;206m"[38;2;192;197;206m,[38;2;192;197;206m [38;2;208;135;112m4[38;2;192;197;206m,[38;2;192;197;206m [38;2;208;135;112m64[38;2;192;197;206m)[38;2;192;197;206m;[K
[0m[48;2;40;67;43m[39m+     19[0m:[39m[48;2;24;38;30m [38;2;192;197;206m    [38;2;192;197;206massert_eq![38;2;192;197;206m([38;2;192;197;206mr[38;2;192;197;206m,[38;2;192;197;206m [38;2;208;135;112m4[38;2;192;197;206m)[38;2;192;197;206m;[K
[0m[48;2;40;67;43m[39m+     20[0m:[39m[48;2;24;38;30m [38;2;192;197;206m    [38;2;192;197;206massert_eq![38;2;192;197;206m([38;2;192;197;206ms[38;2;192;197;206m,[38;2;192;197;206m [38;2;192;197;206m"[38;2;163;190;140mtest[38;2;192;197;206m"[38;2;192;197;206m)[38;2;192;197;206m;[K
[0m[48;2;40;67;43m[39m+     21[0m:[39m[48;2;24;38;30m [38;2;192;197;206m}[K
[0m[48;2;40;67;43m[39m+     22[0m:[39m[48;2;24;38;30m [K
[0m[48;2;40;67;43m[39m+     23[0m:[39m[48;2;24;38;30m [38;2;101;115;126m//[38;2;101;115;126m Padding applied[K
[0m[48;2;40;67;43m[39m+     24[0m:[39m[48;2;24;38;30m [38;2;192;197;206m#[38;2;192;197;206m[[38;2;191;97;106mtest[38;2;192;197;206m][K
[0m[48;2;40;67;43m[39m+     25[0m:[39m[48;2;24;38;30m [38;2;180;142;173mfn[38;2;192;197;206m [38;2;143;161;179mtest_padding_applied[38;2;192;197;206m([38;2;192;197;206m)[38;2;192;197;206m [38;2;192;197;206m{[K
[0m[48;2;40;67;43m[39m+     26[0m:[39m[48;2;24;38;30m [38;2;192;197;206m    [38;2;180;142;173mlet[38;2;192;197;206m [38;2;192;197;206m([38;2;192;197;206mr[38;2;192;197;206m,[38;2;192;197;206m s[38;2;192;197;206m)[38;2;192;197;206m [38;2;192;197;206m=[38;2;192;197;206m [38;2;150;181;180mpad[38;2;192;197;206m([38;2;192;197;206m"[38;2;163;190;140mtest[38;2;192;197;206m"[38;2;192;197;206m,[38;2;192;197;206m [38;2;192;197;206m"[38;2;163;190;140m*[38;2;192;197;206m"[38;2;192;197;206m,[38;2;192;197;206m [38;2;208;135;112m9[38;2;192;197;206m,[38;2;192;197;206m [38;2;208;135;112m64[38;2;192;197;206m)[38;2;192;197;206m;[K
[0m[48;2;40;67;43m[39m+     27[0m:[39m[48;2;24;38;30m [38;2;192;197;206m    [38;2;192;197;206massert_eq![38;2;192;197;206m([38;2;192;197;206mr[38;2;192;197;206m,[38;2;192;197;206m [38;2;208;135;112m9[38;2;192;197;206m)[38;2;192;197;206m;[K
[0m[48;2;40;67;43m[39m+     28[0m:[39m[48;2;24;38;30m [38;2;192;197;206m    [38;2;192;197;206massert_eq![38;2;192;197;206m([38;2;192;197;206ms[38;2;192;197;206m,[38;2;192;197;206m [38;2;192;197;206m"[38;2;163;190;140m*****test[38;2;192;197;206m"[38;2;192;197;206m)[38;2;192;197;206m;[K
[0m[48;2;40;67;43m[39m+     29[0m:[39m[48;2;24;38;30m [38;2;192;197;206m}[K
[0m[48;2;40;67;43m[39m+     30[0m:[39m[48;2;24;38;30m [K
[0m[48;2;40;67;43m[39m+     31[0m:[39m[48;2;24;38;30m [38;2;101;115;126m//[38;2;101;115;126m min_len < str_len: no padding, full string[K
[0m[48;2;40;67;43m[39m+     32[0m:[39m[48;2;24;38;30m [38;2;192;197;206m#[38;2;192;197;206m[[38;2;191;97;106mtest[38;2;192;197;206m][K
[0m[48;2;40;67;43m[39m+     33[0m:[39m[48;2;24;38;30m [38;2;180;142;173mfn[38;2;192;197;206m [38;2;143;161;179mtest_min_len_less_than_str_len[38;2;192;197;206m([38;2;192;197;206m)[38;2;192;197;206m [38;2;192;197;206m{[K
[0m[48;2;40;67;43m[39m+     34[0m:[39m[48;2;24;38;30m [38;2;192;197;206m    [38;2;180;142;173mlet[38;2;192;197;206m [38;2;192;197;206m([38;2;192;197;206mr[38;2;192;197;206m,[38;2;192;197;206m s[38;2;192;197;206m)[38;2;192;197;206m [38;2;192;197;206m=[38;2;192;197;206m [38;2;150;181;180mpad[38;2;192;197;206m([38;2;192;197;206m"[38;2;163;190;140mtest[38;2;192;197;206m"[38;2;192;197;206m,[38;2;192;197;206m [38;2;192;197;206m"[38;2;163;190;140m*[38;2;192;197;206m"[38;2;192;197;206m,[38;2;192;197;206m [38;2;208;135;112m2[38;2;192;197;206m,[38;2;192;197;206m [38;2;208;135;112m64[38;2;192;197;206m)[38;2;192;197;206m;[K
[0m[48;2;40;67;43m[39m+     35[0m:[39m[48;2;24;38;30m [38;2;192;197;206m    [38;2;192;197;206massert_eq![38;2;192;197;206m([38;2;192;197;206mr[38;2;192;197;206m,[38;2;192;197;206m [38;2;208;135;112m4[38;2;192;197;206m)[38;2;192;197;206m;[K
[0m[48;2;40;67;43m[39m+     36[0m:[39m[48;2;24;38;30m [38;2;192;197;206m    [38;2;192;197;206massert_eq![38;2;192;197;206m([38;2;192;197;206ms[38;2;192;197;206m,[38;2;192;197;206m [38;2;192;197;206m"[38;2;163;190;140mtest[38;2;192;197;206m"[38;2;192;197;206m)[38;2;192;197;206m;[K
[0m[48;2;40;67;43m[39m+     37[0m:[39m[48;2;24;38;30m [38;2;192;197;206m}[K
[0m[48;2;40;67;43m[39m+     38[0m:[39m[48;2;24;38;30m [K
[0m[48;2;40;67;43m[39m+     39[0m:[39m[48;2;24;38;30m [38;2;101;115;126m//[38;2;101;115;126m Multi-char padding repeated cyclically[K
[0m[48;2;40;67;43m[39m+     40[0m:[39m[48;2;24;38;30m [38;2;192;197;206m#[38;2;192;197;206m[[38;2;191;97;106mtest[38;2;192;197;206m][K
[0m[48;2;40;67;43m[39m+     41[0m:[39m[48;2;24;38;30m [38;2;180;142;173mfn[38;2;192;197;206m [38;2;143;161;179mtest_multi_char_padding[38;2;192;197;206m([38;2;192;197;206m)[38;2;192;197;206m [38;2;192;197;206m{[K
[0m[48;2;40;67;43m[39m+     42[0m:[39m[48;2;24;38;30m [38;2;192;197;206m    [38;2;180;142;173mlet[38;2;192;197;206m [38;2;192;197;206m([38;2;192;197;206mr[38;2;192;197;206m,[38;2;192;197;206m s[38;2;192;197;206m)[38;2;192;197;206m [38;2;192;197;206m=[38;2;192;197;206m [38;2;150;181;180mpad[38;2;192;197;206m([38;2;192;197;206m"[38;2;163;190;140mtest[38;2;192;197;206m"[38;2;192;197;206m,[38;2;192;197;206m [38;2;192;197;206m"[38;2;163;190;140m .[38;2;192;197;206m"[38;2;192;197;206m,[38;2;192;197;206m [38;2;208;135;112m9[38;2;192;197;206m,[38;2;192;197;206m [38;2;208;135;112m64[38;2;192;197;206m)[38;2;192;197;206m;[K
[0m[48;2;40;67;43m[39m+     43[0m:[39m[48;2;24;38;30m [38;2;192;197;206m    [38;2;192;197;206massert_eq![38;2;192;197;206m([38;2;192;197;206mr[38;2;192;197;206m,[38;2;192;197;206m [38;2;208;135;112m9[38;2;192;197;206m)[38;2;192;197;206m;[K
[0m[48;2;40;67;43m[39m+     44[0m:[39m[48;2;24;38;30m [38;2;192;197;206m    [38;2;192;197;206massert_eq![38;2;192;197;206m([38;2;192;197;206ms[38;2;192;197;206m,[38;2;192;197;206m [38;2;192;197;206m"[38;2;163;190;140m . . test[38;2;192;197;206m"[38;2;192;197;206m)[38;2;192;197;206m;[K
[0m[48;2;40;67;43m[39m+     45[0m:[39m[48;2;24;38;30m [38;2;192;197;206m}[K
[0m[48;2;40;67;43m[39m+     46[0m:[39m[48;2;24;38;30m [K
[0m[48;2;40;67;43m[39m+     47[0m:[39m[48;2;24;38;30m [38;2;101;115;126m//[38;2;101;115;126m Empty padding defaults to space[K
[0m[48;2;40;67;43m[39m+     48[0m:[39m[48;2;24;38;30m [38;2;192;197;206m#[38;2;192;197;206m[[38;2;191;97;106mtest[38;2;192;197;206m][K
[0m[48;2;40;67;43m[39m+     49[0m:[39m[48;2;24;38;30m [38;2;180;142;173mfn[38;2;192;197;206m [38;2;143;161;179mtest_empty_padding_defaults_to_space[38;2;192;197;206m([38;2;192;197;206m)[38;2;192;197;206m [38;2;192;197;206m{[K
[0m[48;2;40;67;43m[39m+     50[0m:[39m[48;2;24;38;30m [38;2;192;197;206m    [38;2;180;142;173mlet[38;2;192;197;206m [38;2;192;197;206m([38;2;192;197;206mr[38;2;192;197;206m,[38;2;192;197;206m s[38;2;192;197;206m)[38;2;192;197;206m [38;2;192;197;206m=[38;2;192;197;206m [38;2;150;181;180mpad[38;2;192;197;206m([38;2;192;197;206m"[38;2;163;190;140mtest[38;2;192;197;206m"[38;2;192;197;206m,[38;2;192;197;206m [38;2;192;197;206m"[38;2;192;197;206m"[38;2;192;197;206m,[38;2;192;197;206m [38;2;208;135;112m9[38;2;192;197;206m,[38;2;192;197;206m [38;2;208;135;112m64[38;2;192;197;206m)[38;2;192;197;206m;[K
[0m[48;2;40;67;43m[39m+     51[0m:[39m[48;2;24;38;30m [38;2;192;197;206m    [38;2;192;197;206massert_eq![38;2;192;197;206m([38;2;192;197;206mr[38;2;192;197;206m,[38;2;192;197;206m [38;2;208;135;112m9[38;2;192;197;206m)[38;2;192;197;206m;[K
[0m[48;2;40;67;43m[39m+     52[0m:[39m[48;2;24;38;30m [38;2;192;197;206m    [38;2;192;197;206massert_eq![38;2;192;197;206m([38;2;192;197;206ms[38;2;192;197;206m,[38;2;192;197;206m [38;2;192;197;206m"[38;2;163;190;140m     test[38;2;192;197;206m"[38;2;192;197;206m)[38;2;192;197;206m;[K
[0m[48;2;40;67;43m[39m+     53[0m:[39m[48;2;24;38;30m [38;2;192;197;206m}[K
[0m[48;2;40;67;43m[39m+     54[0m:[39m[48;2;24;38;30m [K
[0m[48;2;40;67;43m[39m+     55[0m:[39m[48;2;24;38;30m [38;2;101;115;126m//[38;2;101;115;126m Empty str with padding[K
[0m[48;2;40;67;43m[39m+     56[0m:[39m[48;2;24;38;30m [38;2;192;197;206m#[38;2;192;197;206m[[38;2;191;97;106mtest[38;2;192;197;206m][K
[0m[48;2;40;67;43m[39m+     57[0m:[39m[48;2;24;38;30m [38;2;180;142;173mfn[38;2;192;197;206m [38;2;143;161;179mtest_empty_str_with_padding[38;2;192;197;206m([38;2;192;197;206m)[38;2;192;197;206m [38;2;192;197;206m{[K
[0m[48;2;40;67;43m[39m+     58[0m:[39m[48;2;24;38;30m [38;2;192;197;206m    [38;2;180;142;173mlet[38;2;192;197;206m [38;2;192;197;206m([38;2;192;197;206mr[38;2;192;197;206m,[38;2;192;197;206m s[38;2;192;197;206m)[38;2;192;197;206m [38;2;192;197;206m=[38;2;192;197;206m [38;2;150;181;180mpad[38;2;192;197;206m([38;2;192;197;206m"[38;2;192;197;206m"[38;2;192;197;206m,[38;2;192;197;206m [38;2;192;197;206m"[38;2;163;190;140m*[38;2;192;197;206m"[38;2;192;197;206m,[38;2;192;197;206m [38;2;208;135;112m9[38;2;192;197;206m,[38;2;192;197;206m [38;2;208;135;112m64[38;2;192;197;206m)[38;2;192;197;206m;[K
[0m[48;2;40;67;43m[39m+     59[0m:[39m[48;2;24;38;30m [38;2;192;197;206m    [38;2;192;197;206massert_eq![38;2;192;197;206m([38;2;192;197;206mr[38;2;192;197;206m,[38;2;192;197;206m [38;2;208;135;112m9[38;2;192;197;206m)[38;2;192;197;206m;[K
[0m[48;2;40;67;43m[39m+     60[0m:[39m[48;2;24;38;30m [38;2;192;197;206m    [38;2;192;197;206massert_eq![38;2;192;197;206m([38;2;192;197;206ms[38;2;192;197;206m,[38;2;192;197;206m [38;2;192;197;206m"[38;2;163;190;140m*********[38;2;192;197;206m"[38;2;192;197;206m)[38;2;192;197;206m;[K
[0m[48;2;40;67;43m[39m+     61[0m:[39m[48;2;24;38;30m [38;2;192;197;206m}[K
[0m[48;2;40;67;43m[39m+     62[0m:[39m[48;2;24;38;30m [K
[0m[48;2;40;67;43m[39m+     63[0m:[39m[48;2;24;38;30m [38;2;101;115;126m//[38;2;101;115;126m Truncation: output exceeds dest_sz[K
[0m[48;2;40;67;43m[39m+     64[0m:[39m[48;2;24;38;30m [38;2;192;197;206m#[38;2;192;197;206m[[38;2;191;97;106mtest[38;2;192;197;206m][K
[0m[48;2;40;67;43m[39m+     65[0m:[39m[48;2;24;38;30m [38;2;180;142;173mfn[38;2;192;197;206m [38;2;143;161;179mtest_truncation[38;2;192;197;206m([38;2;192;197;206m)[38;2;192;197;206m [38;2;192;197;206m{[K
[0m[48;2;40;67;43m[39m+     66[0m:[39m[48;2;24;38;30m [38;2;192;197;206m    [38;2;180;142;173mlet[38;2;192;197;206m [38;2;192;197;206m([38;2;192;197;206mr[38;2;192;197;206m,[38;2;192;197;206m s[38;2;192;197;206m)[38;2;192;197;206m [38;2;192;197;206m=[38;2;192;197;206m [38;2;150;181;180mpad[38;2;192;197;206m([38;2;192;197;206m"[38;2;163;190;140mtest[38;2;192;197;206m"[38;2;192;197;206m,[38;2;192;197;206m [38;2;192;197;206m"[38;2;163;190;140m*[38;2;192;197;206m"[38;2;192;197;206m,[38;2;192;197;206m [38;2;208;135;112m11[38;2;192;197;206m,[38;2;192;197;206m [38;2;208;135;112m10[38;2;192;197;206m)[38;2;192;197;206m;[K
[0m[48;2;40;67;43m[39m+     67[0m:[39m[48;2;24;38;30m [38;2;192;197;206m    [38;2;192;197;206massert_eq![38;2;192;197;206m([38;2;192;197;206mr[38;2;192;197;206m,[38;2;192;197;206m [38;2;208;135;112m9[38;2;192;197;206m)[38;2;192;197;206m;[K
[0m[48;2;40;67;43m[39m+     68[0m:[39m[48;2;24;38;30m [38;2;192;197;206m    [38;2;192;197;206massert_eq![38;2;192;197;206m([38;2;192;197;206ms[38;2;192;197;206m,[38;2;192;197;206m [38;2;192;197;206m"[38;2;163;190;140m*******te[38;2;192;197;206m"[38;2;192;197;206m)[38;2;192;197;206m;[K
[0m[48;2;40;67;43m[39m+     69[0m:[39m[48;2;24;38;30m [38;2;192;197;206m}[K
[0m[48;2;40;67;43m[39m+     70[0m:[39m[48;2;24;38;30m [K
[0m[48;2;40;67;43m[39m+     71[0m:[39m[48;2;24;38;30m [38;2;101;115;126m//[38;2;101;115;126m Empty dest returns needed length (like NULL dest in C)[K
[0m[48;2;40;67;43m[39m+     72[0m:[39m[48;2;24;38;30m [38;2;192;197;206m#[38;2;192;197;206m[[38;2;191;97;106mtest[38;2;192;197;206m][K
[0m[48;2;40;67;43m[39m+     73[0m:[39m[48;2;24;38;30m [38;2;180;142;173mfn[38;2;192;197;206m [38;2;143;161;179mtest_empty_dest_returns_needed_length[38;2;192;197;206m([38;2;192;197;206m)[38;2;192;197;206m [38;2;192;197;206m{[K
[0m[48;2;40;67;43m[39m+     74[0m:[39m[48;2;24;38;30m [38;2;192;197;206m    [38;2;180;142;173mlet[38;2;192;197;206m [38;2;180;142;173mmut[38;2;192;197;206m buf[38;2;192;197;206m:[38;2;192;197;206m [38;2;192;197;206m[[38;2;180;142;173mu8[38;2;192;197;206m;[38;2;192;197;206m [38;2;208;135;112m0[38;2;192;197;206m][38;2;192;197;206m [38;2;192;197;206m=[38;2;192;197;206m [38;2;192;197;206m[[38;2;192;197;206m][38;2;192;197;206m;[K
[0m[48;2;40;67;43m[39m+     75[0m:[39m[48;2;24;38;30m [38;2;192;197;206m    [38;2;192;197;206massert_eq![38;2;192;197;206m([38;2;150;181;180mleftpad[38;2;192;197;206m([38;2;192;197;206m"[38;2;163;190;140mtest[38;2;192;197;206m"[38;2;192;197;206m,[38;2;192;197;206m [38;2;192;197;206m"[38;2;163;190;140m [38;2;192;197;206m"[38;2;192;197;206m,[38;2;192;197;206m [38;2;208;135;112m6[38;2;192;197;206m,[38;2;192;197;206m [38;2;192;197;206m&[38;2;180;142;173mmut[38;2;192;197;206m buf[38;2;192;197;206m)[38;2;192;197;206m,[38;2;192;197;206m [38;2;208;135;112m6[38;2;192;197;206m)[38;2;192;197;206m;[K
[0m[48;2;40;67;43m[39m+     76[0m:[39m[48;2;24;38;30m [38;2;192;197;206m    [38;2;192;197;206massert_eq![38;2;192;197;206m([38;2;150;181;180mleftpad[38;2;192;197;206m([38;2;192;197;206m"[38;2;163;190;140mtest[38;2;192;197;206m"[38;2;192;197;206m,[38;2;192;197;206m [38;2;192;197;206m"[38;2;163;190;140m [38;2;192;197;206m"[38;2;192;197;206m,[38;2;192;197;206m [38;2;208;135;112m4[38;2;192;197;206m,[38;2;192;197;206m [38;2;192;197;206m&[38;2;180;142;173mmut[38;2;192;197;206m buf[38;2;192;197;206m)[38;2;192;197;206m,[38;2;192;197;206m [38;2;208;135;112m4[38;2;192;197;206m)[38;2;192;197;206m;[K
[0m[48;2;40;67;43m[39m+     77[0m:[39m[48;2;24;38;30m [38;2;192;197;206m    [38;2;192;197;206massert_eq![38;2;192;197;206m([38;2;150;181;180mleftpad[38;2;192;197;206m([38;2;192;197;206m"[38;2;163;190;140mtest[38;2;192;197;206m"[38;2;192;197;206m,[38;2;192;197;206m [38;2;192;197;206m"[38;2;163;190;140m [38;2;192;197;206m"[38;2;192;197;206m,[38;2;192;197;206m [38;2;208;135;112m2[38;2;192;197;206m,[38;2;192;197;206m [38;2;192;197;206m&[38;2;180;142;173mmut[38;2;192;197;206m buf[38;2;192;197;206m)[38;2;192;197;206m,[38;2;192;197;206m [38;2;208;135;112m4[38;2;192;197;206m)[38;2;192;197;206m;[K
[0m[48;2;40;67;43m[39m+     78[0m:[39m[48;2;24;38;30m [38;2;192;197;206m}[K
[0m[48;2;40;67;43m[39m+     79[0m:[39m[48;2;24;38;30m [K
[0m[48;2;40;67;43m[39m+     80[0m:[39m[48;2;24;38;30m [38;2;101;115;126m//[38;2;101;115;126m Empty string, min_len=0[K
[0m[48;2;40;67;43m[39m+     81[0m:[39m[48;2;24;38;30m [38;2;192;197;206m#[38;2;192;197;206m[[38;2;191;97;106mtest[38;2;192;197;206m][K
[0m[48;2;40;67;43m[39m+     82[0m:[39m[48;2;24;38;30m [38;2;180;142;173mfn[38;2;192;197;206m [38;2;143;161;179mtest_empty_str_zero_min_len[38;2;192;197;206m([38;2;192;197;206m)[38;2;192;197;206m [38;2;192;197;206m{[K
[0m[48;2;40;67;43m[39m+     83[0m:[39m[48;2;24;38;30m [38;2;192;197;206m    [38;2;180;142;173mlet[38;2;192;197;206m [38;2;192;197;206m([38;2;192;197;206mr[38;2;192;197;206m,[38;2;192;197;206m s[38;2;192;197;206m)[38;2;192;197;206m [38;2;192;197;206m=[38;2;192;197;206m [38;2;150;181;180mpad[38;2;192;197;206m([38;2;192;197;206m"[38;2;192;197;206m"[38;2;192;197;206m,[38;2;192;197;206m [38;2;192;197;206m"[38;2;163;190;140m*[38;2;192;197;206m"[38;2;192;197;206m,[38;2;192;197;206m [38;2;208;135;112m0[38;2;192;197;206m,[38;2;192;197;206m [38;2;208;135;112m64[38;2;192;197;206m)[38;2;192;197;206m;[K
[0m[48;2;40;67;43m[39m+     84[0m:[39m[48;2;24;38;30m [38;2;192;197;206m    [38;2;192;197;206massert_eq![38;2;192;197;206m([38;2;192;197;206mr[38;2;192;197;206m,[38;2;192;197;206m [38;2;208;135;112m0[38;2;192;197;206m)[38;2;192;197;206m;[K
[0m[48;2;40;67;43m[39m+     85[0m:[39m[48;2;24;38;30m [38;2;192;197;206m    [38;2;192;197;206massert_eq![38;2;192;197;206m([38;2;192;197;206ms[38;2;192;197;206m,[38;2;192;197;206m [38;2;192;197;206m"[38;2;192;197;206m"[38;2;192;197;206m)[38;2;192;197;206m;[K
[0m[48;2;40;67;43m[39m+     86[0m:[39m[48;2;24;38;30m [38;2;192;197;206m}[K
[0m[48;2;40;67;43m[39m+     87[0m:[39m[48;2;24;38;30m [K
[0m[48;2;40;67;43m[39m+     88[0m:[39m[48;2;24;38;30m [38;2;101;115;126m//[38;2;101;115;126m min_len=0 with non-empty string[K
[0m[48;2;40;67;43m[39m+     89[0m:[39m[48;2;24;38;30m [38;2;192;197;206m#[38;2;192;197;206m[[38;2;191;97;106mtest[38;2;192;197;206m][K
[0m[48;2;40;67;43m[39m+     90[0m:[39m[48;2;24;38;30m [38;2;180;142;173mfn[38;2;192;197;206m [38;2;143;161;179mtest_zero_min_len[38;2;192;197;206m([38;2;192;197;206m)[38;2;192;197;206m [38;2;192;197;206m{[K
[0m[48;2;40;67;43m[39m+     91[0m:[39m[48;2;24;38;30m [38;2;192;197;206m    [38;2;180;142;173mlet[38;2;192;197;206m [38;2;192;197;206m([38;2;192;197;206mr[38;2;192;197;206m,[38;2;192;197;206m s[38;2;192;197;206m)[38;2;192;197;206m [38;2;192;197;206m=[38;2;192;197;206m [38;2;150;181;180mpad[38;2;192;197;206m([38;2;192;197;206m"[38;2;163;190;140mhello[38;2;192;197;206m"[38;2;192;197;206m,[38;2;192;197;206m [38;2;192;197;206m"[38;2;163;190;140m*[38;2;192;197;206m"[38;2;192;197;206m,[38;2;192;197;206m [38;2;208;135;112m0[38;2;192;197;206m,[38;2;192;197;206m [38;2;208;135;112m64[38;2;192;197;206m)[38;2;192;197;206m;[K
[0m[48;2;40;67;43m[39m+     92[0m:[39m[48;2;24;38;30m [38;2;192;197;206m    [38;2;192;197;206massert_eq![38;2;192;197;206m([38;2;192;197;206mr[38;2;192;197;206m,[38;2;192;197;206m [38;2;208;135;112m5[38;2;192;197;206m)[38;2;192;197;206m;[K
[0m[48;2;40;67;43m[39m+     93[0m:[39m[48;2;24;38;30m [38;2;192;197;206m    [38;2;192;197;206massert_eq![38;2;192;197;206m([38;2;192;197;206ms[38;2;192;197;206m,[38;2;192;197;206m [38;2;192;197;206m"[38;2;163;190;140mhello[38;2;192;197;206m"[38;2;192;197;206m)[38;2;192;197;206m;[K
[0m[48;2;40;67;43m[39m+     94[0m:[39m[48;2;24;38;30m [38;2;192;197;206m}[K
[0m[48;2;40;67;43m[39m+     95[0m:[39m[48;2;24;38;30m [K
[0m[48;2;40;67;43m[39m+     96[0m:[39m[48;2;24;38;30m [38;2;101;115;126m//[38;2;101;115;126m dest_sz=1 (only room for null terminator)[K
[0m[48;2;40;67;43m[39m+     97[0m:[39m[48;2;24;38;30m [38;2;192;197;206m#[38;2;192;197;206m[[38;2;191;97;106mtest[38;2;192;197;206m][K
[0m[48;2;40;67;43m[39m+     98[0m:[39m[48;2;24;38;30m [38;2;180;142;173mfn[38;2;192;197;206m [38;2;143;161;179mtest_dest_sz_one[38;2;192;197;206m([38;2;192;197;206m)[38;2;192;197;206m [38;2;192;197;206m{[K
[0m[48;2;40;67;43m[39m+     99[0m:[39m[48;2;24;38;30m [38;2;192;197;206m    [38;2;180;142;173mlet[38;2;192;197;206m [38;2;192;197;206m([38;2;192;197;206mr[38;2;192;197;206m,[38;2;192;197;206m s[38;2;192;197;206m)[38;2;192;197;206m [38;2;192;197;206m=[38;2;192;197;206m [38;2;150;181;180mpad[38;2;192;197;206m([38;2;192;197;206m"[38;2;163;190;140mtest[38;2;192;197;206m"[38;2;192;197;206m,[38;2;192;197;206m [38;2;192;197;206m"[38;2;163;190;140m*[38;2;192;197;206m"[38;2;192;197;206m,[38;2;192;197;206m [38;2;208;135;112m9[38;2;192;197;206m,[38;2;192;197;206m [38;2;208;135;112m1[38;2;192;197;206m)[38;2;192;197;206m;[K
[0m[48;2;40;67;43m[39m+    100[0m:[39m[48;2;24;38;30m [38;2;192;197;206m    [38;2;192;197;206massert_eq![38;2;192;197;206m([38;2;192;197;206mr[38;2;192;197;206m,[38;2;192;197;206m [38;2;208;135;112m0[38;2;192;197;206m)[38;2;192;197;206m;[K
[0m[48;2;40;67;43m[39m+    101[0m:[39m[48;2;24;38;30m [38;2;192;197;206m    [38;2;192;197;206massert_eq![38;2;192;197;206m([38;2;192;197;206ms[38;2;192;197;206m,[38;2;192;197;206m [38;2;192;197;206m"[38;2;192;197;206m"[38;2;192;197;206m)[38;2;192;197;206m;[K
[0m[48;2;40;67;43m[39m+    102[0m:[39m[48;2;24;38;30m [38;2;192;197;206m}[K
[0m[48;2;40;67;43m[39m+    103[0m:[39m[48;2;24;38;30m [K
[0m[48;2;40;67;43m[39m+    104[0m:[39m[48;2;24;38;30m [38;2;101;115;126m//[38;2;101;115;126m Empty padding with padding needed[K
[0m[48;2;40;67;43m[39m+    105[0m:[39m[48;2;24;38;30m [38;2;192;197;206m#[38;2;192;197;206m[[38;2;191;97;106mtest[38;2;192;197;206m][K
[0m[48;2;40;67;43m[39m+    106[0m:[39m[48;2;24;38;30m [38;2;180;142;173mfn[38;2;192;197;206m [38;2;143;161;179mtest_empty_padding_with_padding[38;2;192;197;206m([38;2;192;197;206m)[38;2;192;197;206m [38;2;192;197;206m{[K
[0m[48;2;40;67;43m[39m+    107[0m:[39m[48;2;24;38;30m [38;2;192;197;206m    [38;2;180;142;173mlet[38;2;192;197;206m [38;2;192;197;206m([38;2;192;197;206mr[38;2;192;197;206m,[38;2;192;197;206m s[38;2;192;197;206m)[38;2;192;197;206m [38;2;192;197;206m=[38;2;192;197;206m [38;2;150;181;180mpad[38;2;192;197;206m([38;2;192;197;206m"[38;2;163;190;140mtest[38;2;192;197;206m"[38;2;192;197;206m,[38;2;192;197;206m [38;2;192;197;206m"[38;2;192;197;206m"[38;2;192;197;206m,[38;2;192;197;206m [38;2;208;135;112m8[38;2;192;197;206m,[38;2;192;197;206m [38;2;208;135;112m64[38;2;192;197;206m)[38;2;192;197;206m;[K
[0m[48;2;40;67;43m[39m+    108[0m:[39m[48;2;24;38;30m [38;2;192;197;206m    [38;2;192;197;206massert_eq![38;2;192;197;206m([38;2;192;197;206mr[38;2;192;197;206m,[38;2;192;197;206m [38;2;208;135;112m8[38;2;192;197;206m)[38;2;192;197;206m;[K
[0m[48;2;40;67;43m[39m+    109[0m:[39m[48;2;24;38;30m [38;2;192;197;206m    [38;2;192;197;206massert_eq![38;2;192;197;206m([38;2;192;197;206ms[38;2;192;197;206m,[38;2;192;197;206m [38;2;192;197;206m"[38;2;163;190;140m    test[38;2;192;197;206m"[38;2;192;197;206m)[38;2;192;197;206m;[K
[0m[48;2;40;67;43m[39m+    110[0m:[39m[48;2;24;38;30m [38;2;192;197;206m}[K
[0m[48;2;40;67;43m[39m+    111[0m:[39m[48;2;24;38;30m [K
[0m[48;2;40;67;43m[39m+    112[0m:[39m[48;2;24;38;30m [38;2;101;115;126m//[38;2;101;115;126m Empty str, empty padding[K
[0m[48;2;40;67;43m[39m+    113[0m:[39m[48;2;24;38;30m [38;2;192;197;206m#[38;2;192;197;206m[[38;2;191;97;106mtest[38;2;192;197;206m][K
[0m[48;2;40;67;43m[39m+    114[0m:[39m[48;2;24;38;30m [38;2;180;142;173mfn[38;2;192;197;206m [38;2;143;161;179mtest_empty_str_empty_padding[38;2;192;197;206m([38;2;192;197;206m)[38;2;192;197;206m [38;2;192;197;206m{[K
[0m[48;2;40;67;43m[39m+    115[0m:[39m[48;2;24;38;30m [38;2;192;197;206m    [38;2;180;142;173mlet[38;2;192;197;206m [38;2;192;197;206m([38;2;192;197;206mr[38;2;192;197;206m,[38;2;192;197;206m s[38;2;192;197;206m)[38;2;192;197;206m [38;2;192;197;206m=[38;2;192;197;206m [38;2;150;181;180mpad[38;2;192;197;206m([38;2;192;197;206m"[38;2;192;197;206m"[38;2;192;197;206m,[38;2;192;197;206m [38;2;192;197;206m"[38;2;192;197;206m"[38;2;192;197;206m,[38;2;192;197;206m [38;2;208;135;112m5[38;2;192;197;206m,[38;2;192;197;206m [38;2;208;135;112m64[38;2;192;197;206m)[38;2;192;197;206m;[K
[0m[48;2;40;67;43m[39m+    116[0m:[39m[48;2;24;38;30m [38;2;192;197;206m    [38;2;192;197;206massert_eq![38;2;192;197;206m([38;2;192;197;206mr[38;2;192;197;206m,[38;2;192;197;206m [38;2;208;135;112m5[38;2;192;197;206m)[38;2;192;197;206m;[K
[0m[48;2;40;67;43m[39m+    117[0m:[39m[48;2;24;38;30m [38;2;192;197;206m    [38;2;192;197;206massert_eq![38;2;192;197;206m([38;2;192;197;206ms[38;2;192;197;206m,[38;2;192;197;206m [38;2;192;197;206m"[38;2;163;190;140m     [38;2;192;197;206m"[38;2;192;197;206m)[38;2;192;197;206m;[K
[0m[48;2;40;67;43m[39m+    118[0m:[39m[48;2;24;38;30m [38;2;192;197;206m}[K
[0m[48;2;40;67;43m[39m+    119[0m:[39m[48;2;24;38;30m [K
[0m[48;2;40;67;43m[39m+    120[0m:[39m[48;2;24;38;30m [38;2;101;115;126m//[38;2;101;115;126m Exact fit: output fills dest_sz exactly (dest_sz = output_len + 1 for null)[K
[0m[48;2;40;67;43m[39m+    121[0m:[39m[48;2;24;38;30m [38;2;192;197;206m#[38;2;192;197;206m[[38;2;191;97;106mtest[38;2;192;197;206m][K
[0m[48;2;40;67;43m[39m+    122[0m:[39m[48;2;24;38;30m [38;2;180;142;173mfn[38;2;192;197;206m [38;2;143;161;179mtest_exact_fit[38;2;192;197;206m([38;2;192;197;206m)[38;2;192;197;206m [38;2;192;197;206m{[K
[0m[48;2;40;67;43m[39m+    123[0m:[39m[48;2;24;38;30m [38;2;192;197;206m    [38;2;180;142;173mlet[38;2;192;197;206m [38;2;192;197;206m([38;2;192;197;206mr[38;2;192;197;206m,[38;2;192;197;206m s[38;2;192;197;206m)[38;2;192;197;206m [38;2;192;197;206m=[38;2;192;197;206m [38;2;150;181;180mpad[38;2;192;197;206m([38;2;192;197;206m"[38;2;163;190;140mab[38;2;192;197;206m"[38;2;192;197;206m,[38;2;192;197;206m [38;2;192;197;206m"[38;2;163;190;140m*[38;2;192;197;206m"[38;2;192;197;206m,[38;2;192;197;206m [38;2;208;135;112m4[38;2;192;197;206m,[38;2;192;197;206m [38;2;208;135;112m5[38;2;192;197;206m)[38;2;192;197;206m;[K
[0m[48;2;40;67;43m[39m+    124[0m:[39m[48;2;24;38;30m [38;2;192;197;206m    [38;2;192;197;206massert_eq![38;2;192;197;206m([38;2;192;197;206mr[38;2;192;197;206m,[38;2;192;197;206m [38;2;208;135;112m4[38;2;192;197;206m)[38;2;192;197;206m;[K
[0m[48;2;40;67;43m[39m+    125[0m:[39m[48;2;24;38;30m [38;2;192;197;206m    [38;2;192;197;206massert_eq![38;2;192;197;206m([38;2;192;197;206ms[38;2;192;197;206m,[38;2;192;197;206m [38;2;192;197;206m"[38;2;163;190;140m**ab[38;2;192;197;206m"[38;2;192;197;206m)[38;2;192;197;206m;[K
[0m[48;2;40;67;43m[39m+    126[0m:[39m[48;2;24;38;30m [38;2;192;197;206m}[K
[0m[48;2;40;67;43m[39m+    127[0m:[39m[48;2;24;38;30m [K
[0m[48;2;40;67;43m[39m+    128[0m:[39m[48;2;24;38;30m [38;2;101;115;126m//[38;2;101;115;126m dest_sz=2[K
[0m[48;2;40;67;43m[39m+    129[0m:[39m[48;2;24;38;30m [38;2;192;197;206m#[38;2;192;197;206m[[38;2;191;97;106mtest[38;2;192;197;206m][K
[0m[48;2;40;67;43m[39m+    130[0m:[39m[48;2;24;38;30m [38;2;180;142;173mfn[38;2;192;197;206m [38;2;143;161;179mtest_dest_sz_two[38;2;192;197;206m([38;2;192;197;206m)[38;2;192;197;206m [38;2;192;197;206m{[K
[0m[48;2;40;67;43m[39m+    131[0m:[39m[48;2;24;38;30m [38;2;192;197;206m    [38;2;180;142;173mlet[38;2;192;197;206m [38;2;192;197;206m([38;2;192;197;206mr[38;2;192;197;206m,[38;2;192;197;206m s[38;2;192;197;206m)[38;2;192;197;206m [38;2;192;197;206m=[38;2;192;197;206m [38;2;150;181;180mpad[38;2;192;197;206m([38;2;192;197;206m"[38;2;163;190;140mtest[38;2;192;197;206m"[38;2;192;197;206m,[38;2;192;197;206m [38;2;192;197;206m"[38;2;163;190;140m*[38;2;192;197;206m"[38;2;192;197;206m,[38;2;192;197;206m [38;2;208;135;112m9[38;2;192;197;206m,[38;2;192;197;206m [38;2;208;135;112m2[38;2;192;197;206m)[38;2;192;197;206m;[K
[0m[48;2;40;67;43m[39m+    132[0m:[39m[48;2;24;38;30m [38;2;192;197;206m    [38;2;192;197;206massert_eq![38;2;192;197;206m([38;2;192;197;206mr[38;2;192;197;206m,[38;2;192;197;206m [38;2;208;135;112m1[38;2;192;197;206m)[38;2;192;197;206m;[K
[0m[48;2;40;67;43m[39m+    133[0m:[39m[48;2;24;38;30m [38;2;192;197;206m    [38;2;192;197;206massert_eq![38;2;192;197;206m([38;2;192;197;206ms[38;2;192;197;206m,[38;2;192;197;206m [38;2;192;197;206m"[38;2;163;190;140m*[38;2;192;197;206m"[38;2;192;197;206m)[38;2;192;197;206m;[K
[0m[48;2;40;67;43m[39m+    134[0m:[39m[48;2;24;38;30m [38;2;192;197;206m}[K
[0m[48;2;40;67;43m[39m+    135[0m:[39m[48;2;24;38;30m [K
[0m[48;2;40;67;43m[39m+    136[0m:[39m[48;2;24;38;30m [38;2;101;115;126m//[38;2;101;115;126m 3-char padding pattern[K
[0m[48;2;40;67;43m[39m+    137[0m:[39m[48;2;24;38;30m [38;2;192;197;206m#[38;2;192;197;206m[[38;2;191;97;106mtest[38;2;192;197;206m][K
[0m[48;2;40;67;43m[39m+    138[0m:[39m[48;2;24;38;30m [38;2;180;142;173mfn[38;2;192;197;206m [38;2;143;161;179mtest_three_char_padding[38;2;192;197;206m([38;2;192;197;206m)[38;2;192;197;206m [38;2;192;197;206m{[K
[0m[48;2;40;67;43m[39m+    139[0m:[39m[48;2;24;38;30m [38;2;192;197;206m    [38;2;180;142;173mlet[38;2;192;197;206m [38;2;192;197;206m([38;2;192;197;206mr[38;2;192;197;206m,[38;2;192;197;206m s[38;2;192;197;206m)[38;2;192;197;206m [38;2;192;197;206m=[38;2;192;197;206m [38;2;150;181;180mpad[38;2;192;197;206m([38;2;192;197;206m"[38;2;163;190;140mx[38;2;192;197;206m"[38;2;192;197;206m,[38;2;192;197;206m [38;2;192;197;206m"[38;2;163;190;140mabc[38;2;192;197;206m"[38;2;192;197;206m,[38;2;192;197;206m [38;2;208;135;112m7[38;2;192;197;206m,[38;2;192;197;206m [38;2;208;135;112m64[38;2;192;197;206m)[38;2;192;197;206m;[K
[0m[48;2;40;67;43m[39m+    140[0m:[39m[48;2;24;38;30m [38;2;192;197;206m    [38;2;192;197;206massert_eq![38;2;192;197;206m([38;2;192;197;206mr[38;2;192;197;206m,[38;2;192;197;206m [38;2;208;135;112m7[38;2;192;197;206m)[38;2;192;197;206m;[K
[0m[48;2;40;67;43m[39m+    141[0m:[39m[48;2;24;38;30m [38;2;192;197;206m    [38;2;192;197;206massert_eq![38;2;192;197;206m([38;2;192;197;206ms[38;2;192;197;206m,[38;2;192;197;206m [38;2;192;197;206m"[38;2;163;190;140mabcabcx[38;2;192;197;206m"[38;2;192;197;206m)[38;2;192;197;206m;[K
[0m[48;2;40;67;43m[39m+    142[0m:[39m[48;2;24;38;30m [38;2;192;197;206m}[K
[0m[48;2;40;67;43m[39m+    143[0m:[39m[48;2;24;38;30m [K
[0m[48;2;40;67;43m[39m+    144[0m:[39m[48;2;24;38;30m [38;2;101;115;126m//[38;2;101;115;126m Empty string, empty padding, min_len=0[K
[0m[48;2;40;67;43m[39m+    145[0m:[39m[48;2;24;38;30m [38;2;192;197;206m#[38;2;192;197;206m[[38;2;191;97;106mtest[38;2;192;197;206m][K
[0m[48;2;40;67;43m[39m+    146[0m:[39m[48;2;24;38;30m [38;2;180;142;173mfn[38;2;192;197;206m [38;2;143;161;179mtest_all_empty[38;2;192;197;206m([38;2;192;197;206m)[38;2;192;197;206m [38;2;192;197;206m{[K
[0m[48;2;40;67;43m[39m+    147[0m:[39m[48;2;24;38;30m [38;2;192;197;206m    [38;2;180;142;173mlet[38;2;192;197;206m [38;2;192;197;206m([38;2;192;197;206mr[38;2;192;197;206m,[38;2;192;197;206m s[38;2;192;197;206m)[38;2;192;197;206m [38;2;192;197;206m=[38;2;192;197;206m [38;2;150;181;180mpad[38;2;192;197;206m([38;2;192;197;206m"[38;2;192;197;206m"[38;2;192;197;206m,[38;2;192;197;206m [38;2;192;197;206m"[38;2;192;197;206m"[38;2;192;197;206m,[38;2;192;197;206m [38;2;208;135;112m0[38;2;192;197;206m,[38;2;192;197;206m [38;2;208;135;112m64[38;2;192;197;206m)[38;2;192;197;206m;[K
[0m[48;2;40;67;43m[39m+    148[0m:[39m[48;2;24;38;30m [38;2;192;197;206m    [38;2;192;197;206massert_eq![38;2;192;197;206m([38;2;192;197;206mr[38;2;192;197;206m,[38;2;192;197;206m [38;2;208;135;112m0[38;2;192;197;206m)[38;2;192;197;206m;[K
[0m[48;2;40;67;43m[39m+    149[0m:[39m[48;2;24;38;30m [38;2;192;197;206m    [38;2;192;197;206massert_eq![38;2;192;197;206m([38;2;192;197;206ms[38;2;192;197;206m,[38;2;192;197;206m [38;2;192;197;206m"[38;2;192;197;206m"[38;2;192;197;206m)[38;2;192;197;206m;[K
[0m[48;2;40;67;43m[39m+    150[0m:[39m[48;2;24;38;30m [38;2;192;197;206m}[K
[0m[48;2;40;67;43m[39m+    151[0m:[39m[48;2;24;38;30m [K
[0m[48;2;40;67;43m[39m+    152[0m:[39m[48;2;24;38;30m [38;2;101;115;126m//[38;2;101;115;126m Padding only (empty string padded to length)[K
[0m[48;2;40;67;43m[39m+    153[0m:[39m[48;2;24;38;30m [38;2;192;197;206m#[38;2;192;197;206m[[38;2;191;97;106mtest[38;2;192;197;206m][K
[0m[48;2;40;67;43m[39m+    154[0m:[39m[48;2;24;38;30m [38;2;180;142;173mfn[38;2;192;197;206m [38;2;143;161;179mtest_empty_str_padded[38;2;192;197;206m([38;2;192;197;206m)[38;2;192;197;206m [38;2;192;197;206m{[K
[0m[48;2;40;67;43m[39m+    155[0m:[39m[48;2;24;38;30m [38;2;192;197;206m    [38;2;180;142;173mlet[38;2;192;197;206m [38;2;192;197;206m([38;2;192;197;206mr[38;2;192;197;206m,[38;2;192;197;206m s[38;2;192;197;206m)[38;2;192;197;206m [38;2;192;197;206m=[38;2;192;197;206m [38;2;150;181;180mpad[38;2;192;197;206m([38;2;192;197;206m"[38;2;192;197;206m"[38;2;192;197;206m,[38;2;192;197;206m [38;2;192;197;206m"[38;2;163;190;140m*[38;2;192;197;206m"[38;2;192;197;206m,[38;2;192;197;206m [38;2;208;135;112m5[38;2;192;197;206m,[38;2;192;197;206m [38;2;208;135;112m64[38;2;192;197;206m)[38;2;192;197;206m;[K
[0m[48;2;40;67;43m[39m+    156[0m:[39m[48;2;24;38;30m [38;2;192;197;206m    [38;2;192;197;206massert_eq![38;2;192;197;206m([38;2;192;197;206mr[38;2;192;197;206m,[38;2;192;197;206m [38;2;208;135;112m5[38;2;192;197;206m)[38;2;192;197;206m;[K
[0m[48;2;40;67;43m[39m+    157[0m:[39m[48;2;24;38;30m [38;2;192;197;206m    [38;2;192;197;206massert_eq![38;2;192;197;206m([38;2;192;197;206ms[38;2;192;197;206m,[38;2;192;197;206m [38;2;192;197;206m"[38;2;163;190;140m*****[38;2;192;197;206m"[38;2;192;197;206m)[38;2;192;197;206m;[K
[0m[48;2;40;67;43m[39m+    158[0m:[39m[48;2;24;38;30m [38;2;192;197;206m}[K
[0m[48;2;40;67;43m[39m+    159[0m:[39m[48;2;24;38;30m [K
[0m[48;2;40;67;43m[39m+    160[0m:[39m[48;2;24;38;30m [38;2;180;142;173mfn[38;2;192;197;206m [38;2;143;161;179mmain[38;2;192;197;206m([38;2;192;197;206m)[38;2;192;197;206m [38;2;192;197;206m{[38;2;192;197;206m}[K
[0m[K
Creating: [38;5;141m/tmp/harvest-crust-verify-I5vM3p/project/src/bin/test_leftpad.rs[0m
[38;5;244m - Completed in 0.47s[0m
[38;5;12m[1m [1.9][0m[0m
[?25l[0m[?25l[0m[0m[38;5;11mTODO:
[39m[38;5;10m[x] [3m[38;5;244mWrite comprehensive Rust tests in src/bin/test_leftpad.rs[23m
[0m[ ] Run cargo test and fix any failures[38;5;244m - Completed in 0.46s[0m
[38;5;12m[1m [1.10][0m[0m
[?25l[0m[38;5;141m> [0mNow let's run the tests:[0m[0m
[?25l[0m[0mI will run the following command: [38;5;141mcd /tmp/harvest-crust-verify-I5vM3p/project && cargo test 2>&1[0m[38;5;244m (using tool: shell)[0m
Purpose: Run cargo test to verify all tests pass

   Compiling leftpad v0.1.0 (/tmp/harvest-crust-verify-I5vM3p/project)
    Finished `test` profile [unoptimized + debuginfo] target(s) in 0.37s
     Running unittests src/lib.rs (target/debug/deps/leftpad-0d9ff44a3b7affe1)

running 0 tests

test result: ok. 0 passed; 0 failed; 0 ignored; 0 measured; 0 filtered out; finished in 0.00s

     Running unittests src/bin/test_leftpad.rs (target/debug/deps/test_leftpad-c4bd3ace2c0fc3f4)

running 18 tests
test test_all_empty ... ok
test test_dest_sz_one ... ok
test test_dest_sz_two ... ok
test test_empty_dest_returns_needed_length ... ok
test test_empty_padding_defaults_to_space ... ok
test test_empty_padding_with_padding ... ok
test test_empty_str_empty_padding ... ok
test test_empty_str_padded ... ok
test test_empty_str_with_padding ... ok
test test_min_len_less_than_str_len ... ok
test test_multi_char_padding ... ok
test test_exact_fit ... ok
test test_no_padding_needed ... ok
test test_truncation ... ok
test test_empty_str_zero_min_len ... ok
test test_zero_min_len ... ok
test test_three_char_padding ... ok
test test_padding_applied ... ok

test result: ok. 18 passed; 0 failed; 0 ignored; 0 measured; 0 filtered out; finished in 0.00s

   Doc-tests leftpad

running 0 tests

test result: ok. 0 passed; 0 failed; 0 ignored; 0 measured; 0 filtered out; finished in 0.00s

[38;5;244m - Completed in 0.486s[0m
[38;5;12m[1m [1.11][0m[0m
[?25l[0m[38;5;141m> [0mAll 18 tests pass.[0m[0m
[?25l[0m[0m[38;5;11mTODO:
[39m[38;5;10m[x] [3m[38;5;244mAnalyze C vs Rust differences and compile/run C tests to verify ground truth[23m
[38;5;10m[x] [3m[38;5;244mWrite comprehensive Rust tests in src/bin/test_leftpad.rs[23m
[38;5;10m[x] [3m[38;5;244mRun cargo test and fix any failures[23m[38;5;244m - Completed in 0.45s[0m
[38;5;12m[1m [1.12][0m[0m
[?25l[0m[38;5;141m> [0mAll done. Here's a summary of what was created:[0m[0m
[0m[0m
[1mTest file:[22m [38;5;10msrc/bin/test_leftpad.rs[0m — 18 tests, all passing.[0m[0m
[0m[0m
[1mTest coverage:[22m[0m[0m
[0m[0m
| Category | Tests |[0m[0m
|---|---|[0m[0m
| Normal path | no padding needed, padding applied, min_len < str_len |[0m[0m
| Padding behavior | multi-char cycling (2-char, 3-char patterns), empty padding defaults to space |[0m[0m
| Empty/boundary inputs | empty string + padding, empty string + zero min_len, zero min_len with string, all-empty |[0m[0m
| Buffer sizing | truncation when output exceeds dest, dest_sz=1 (null terminator only), dest_sz=2, exact fit |[0m[0m
| Length calculation | empty dest returns needed length (equivalent to C's NULL dest behavior) |[0m[0m
[0m[0m
Each test was validated against the C implementation's actual output by compiling and running the C code first. The Rust translation matches C behavior correctly across all cases.[0m[0m[38;5;12m[1m✓ Created checkpoint 1

[0m[0m
[38;5;8m
 ▸ Credits: 2.63 • Time: 1m 43s

[0m[1G[0m[0m[?25h