[32mAll tools are now trusted ([0m[31m![0m[32m). Kiro will execute tools without asking for confirmation.[0m
Agents can sometimes do unexpected things so understand the risks.

Learn more at [38;5;141mhttps://kiro.dev/docs/cli/chat/security/#using-tools-trust-all-safely[0m

[38;5;12m[1m📷 Checkpoints are enabled! (took 0.05s)

[0m
[38;5;252m[0m[?25l[38;5;141m> [0m[0m[0m
[0m[0m
I'll start by understanding the project structure, then systematically build, test, and fix the translation.[0m[0m
[?25l[0m[0m[38;5;11mTODO:
[39m[0m[ ] Explore project structure - understand C source, Rust translation, and build system
[0m[ ] Build C shared library
[0m[ ] Understand public API and function hierarchy from C headers
[0m[ ] Add libloading dev-dependency to Cargo.toml
[0m[ ] Write integration tests comparing C vs Rust outputs
[0m[ ] Run tests and fix any mismatches
[0m[ ] Compare nm -D symbols and add missing exports
[0m[ ] Compare binary outputs if applicable[38;5;244m - Completed in 0.38s[0m
[38;5;12m[1m [1.1][0m[0m
[?25l[0m[?25l[0m[0mBatch fs_read operation with [38;5;141m2[0m operations[38;5;244m (using tool: read)[0m

↱ Operation 1: Reading directory: [38;5;141m/local/home/scheschb/reserach/TRACTOR/harvest-agentic/results/B02_organic/get_predict_func_lib[0m
↱ Operation 2: Reading directory: [38;5;141m/local/home/scheschb/reserach/TRACTOR/harvest-agentic/results/B02_organic/get_predict_func_lib/translated_rust[0m
[38;5;10m ✓ [0mSuccessfully read directory [38;5;141m/local/home/scheschb/reserach/TRACTOR/harvest-agentic/results/B02_organic/get_predict_func_lib[0m [38;5;244m(13 entries)[0m

[38;5;10m ✓ [0mSuccessfully read directory [38;5;141m/local/home/scheschb/reserach/TRACTOR/harvest-agentic/results/B02_organic/get_predict_func_lib/translated_rust[0m [38;5;244m(11 entries)[0m

 ⋮ 

[38;5;244m- [0mSummary: 2 operations processed, 2 successful, 0 failed
[38;5;244m - Completed in 0.41s[0m
[38;5;12m[1m [1.2][0m[0m
[?25l[0m[?25l[0m[0mBatch fs_read operation with [38;5;141m5[0m operations[38;5;244m (using tool: read)[0m
Purpose: Read all source files to understand the project

↱ Operation 1: Reading file: [38;5;141m/local/home/scheschb/reserach/TRACTOR/harvest-agentic/results/B02_organic/get_predict_func_lib/translated_rust/c_src/CMakeLists.txt[0m, all lines
↱ Operation 2: Reading file: [38;5;141m/local/home/scheschb/reserach/TRACTOR/harvest-agentic/results/B02_organic/get_predict_func_lib/translated_rust/c_src/include/lib.h[0m, all lines
↱ Operation 3: Reading file: [38;5;141m/local/home/scheschb/reserach/TRACTOR/harvest-agentic/results/B02_organic/get_predict_func_lib/translated_rust/c_src/src/lib.c[0m, all lines
↱ Operation 4: Reading file: [38;5;141m/local/home/scheschb/reserach/TRACTOR/harvest-agentic/results/B02_organic/get_predict_func_lib/translated_rust/Cargo.toml[0m, all lines
↱ Operation 5: Reading file: [38;5;141m/local/home/scheschb/reserach/TRACTOR/harvest-agentic/results/B02_organic/get_predict_func_lib/translated_rust/src/lib.rs[0m, all lines
[38;5;10m ✓ [0mSuccessfully read [38;5;244m439 bytes[0m from /local/home/scheschb/reserach/TRACTOR/harvest-agentic/results/B02_organic/get_predict_func_lib/translated_rust/c_src/CMakeLists.txt

[38;5;10m ✓ [0mSuccessfully read [38;5;244m31 bytes[0m from /local/home/scheschb/reserach/TRACTOR/harvest-agentic/results/B02_organic/get_predict_func_lib/translated_rust/c_src/include/lib.h

[38;5;10m ✓ [0mSuccessfully read [38;5;244m9013 bytes[0m from /local/home/scheschb/reserach/TRACTOR/harvest-agentic/results/B02_organic/get_predict_func_lib/translated_rust/c_src/src/lib.c

[38;5;10m ✓ [0mSuccessfully read [38;5;244m148 bytes[0m from /local/home/scheschb/reserach/TRACTOR/harvest-agentic/results/B02_organic/get_predict_func_lib/translated_rust/Cargo.toml

[38;5;10m ✓ [0mSuccessfully read [38;5;244m9665 bytes[0m from /local/home/scheschb/reserach/TRACTOR/harvest-agentic/results/B02_organic/get_predict_func_lib/translated_rust/src/lib.rs

 ⋮ 

[38;5;244m- [0mSummary: 5 operations processed, 5 successful, 0 failed
[38;5;244m - Completed in 0.40s[0m
[38;5;12m[1m [1.3][0m[0m
[?25l[0m[?25l[0m[0m[38;5;11mTODO:
[39m[38;5;10m[x] [3m[38;5;244mExplore project structure - understand C source, Rust translation, and build system[23m
[0m[ ] Build C shared library[38;5;244m - Completed in 0.38s[0m
[38;5;12m[1m [1.4][0m[0m
[?25l[0m[38;5;141m> [0mNow let me build the C shared library:[0m[0m
[?25l[0m[0mI will run the following command: [38;5;141mcd /local/home/scheschb/reserach/TRACTOR/harvest-agentic/results/B02_organic/get_predict_func_lib/translated_rust/c_src && mkdir -p build && cd build && timeout 600 cmake .. -DCMAKE_POSITION_INDEPENDENT_CODE=ON 2>&1 && timeout 600 cmake --build . 2>&1[0m[38;5;244m (using tool: shell)[0m
Purpose: Build C shared library

CMake Error at CMakeLists.txt:2 (cmake_path):
  Unknown CMake command "cmake_path".


-- Configuring incomplete, errors occurred!
[38;5;244m - Completed in 0.56s[0m
[38;5;12m[1m [1.5][0m[0m
[?25l[0m[38;5;141m> [0m[38;5;10mcmake_path[0m requires CMake 3.20+. Let me check the version and work around it:[0m[0m
[?25l[0m[0mI will run the following command: [38;5;141mcmake --version 2>&1 | head -1[0m[38;5;244m (using tool: shell)[0m
Purpose: Check cmake version

cmake3 version 3.17.5
[38;5;244m - Completed in 0.49s[0m
[38;5;12m[1m [1.6][0m[0m
[?25l[0m[38;5;141m> [0mCMake 3.17 doesn't support [38;5;10mcmake_path[0m. I can't modify c_src, so I'll pass the project name manually:[0m[0m
[?25l[0m[0mI will run the following command: [38;5;141mcd /local/home/scheschb/reserach/TRACTOR/harvest-agentic/results/B02_organic/get_predict_func_lib/translated_rust/c_src && rm -rf build && mkdir -p build && cd build && timeout 600 cmake .. -DCMAKE_POSITION_INDEPENDENT_CODE=ON -DCMAKE_PROJECT_INCLUDE_BEFORE=/dev/null 2>&1 | tail -5[0m[38;5;244m (using tool: shell)[0m
Purpose: Try cmake with workaround

CMake Error at CMakeLists.txt:2 (cmake_path):
  Unknown CMake command "cmake_path".


-- Configuring incomplete, errors occurred!
[38;5;244m - Completed in 0.64s[0m
[38;5;12m[1m [1.7][0m[0m
[?25l[0m[38;5;141m> [0mI need a newer cmake. Let me check if there's a newer one available:[0m[0m
[?25l[0m[0mI will run the following command: [38;5;141mwhich cmake3 2>/dev/null; pip3 install --user cmake 2>&1 | tail -5; ~/.local/bin/cmake --version 2>&1 | head -1 || python3 -m pip install --user cmake 2>&1 | tail -5[0m[38;5;244m (using tool: shell)[0m
Purpose: Try to get a newer cmake

/usr/bin/cmake3
Requirement already satisfied: cmake in /home/scheschb/.local/lib/python3.12/site-packages (4.3.0)

[notice] A new release of pip is available: 24.3.1 -> 26.0.1
[notice] To update, run: python3.12 -m pip install --upgrade pip
cmake version 4.3.0
[38;5;244m - Completed in 1.288s[0m
[38;5;12m[1m [1.8][0m[0m
[?25l[0m[?25l[0m[0mI will run the following command: [38;5;141mcd /local/home/scheschb/reserach/TRACTOR/harvest-agentic/results/B02_organic/get_predict_func_lib/translated_rust/c_src && rm -rf build && mkdir -p build && cd build && timeout 600 ~/.local/bin/cmake .. -DCMAKE_POSITION_INDEPENDENT_CODE=ON 2>&1 && timeout 600 ~/.local/bin/cmake --build . 2>&1[0m[38;5;244m (using tool: shell)[0m
Purpose: Build C shared library with newer cmake

-- The C compiler identification is GNU 7.3.1
-- The CXX compiler identification is GNU 7.3.1
-- Detecting C compiler ABI info
-- Detecting C compiler ABI info - done
-- Check for working C compiler: /usr/bin/cc - skipped
-- Detecting C compile features
-- Detecting C compile features - done
-- Detecting CXX compiler ABI info
-- Detecting CXX compiler ABI info - done
-- Check for working CXX compiler: /usr/bin/c++ - skipped
-- Detecting CXX compile features
-- Detecting CXX compile features - done
-- Configuring done (0.4s)
-- Generating done (0.0s)
-- Build files have been written to: /local/home/scheschb/reserach/TRACTOR/harvest-agentic/results/B02_organic/get_predict_func_lib/translated_rust/c_src/build
[ 50%] Building C object CMakeFiles/translated_rust.dir/src/lib.c.o
[100%] Linking C shared library libtranslated_rust.so
[100%] Built target translated_rust
[38;5;244m - Completed in 0.818s[0m
[38;5;12m[1m [1.9][0m[0m
[?25l[0m[38;5;141m> [0mC library built. Let me verify the .so and check its symbols:[0m[0m
[?25l[0m[0mI will run the following command: [38;5;141mls -la /local/home/scheschb/reserach/TRACTOR/harvest-agentic/results/B02_organic/get_predict_func_lib/translated_rust/c_src/build/libtranslated_rust.so && nm -D /local/home/scheschb/reserach/TRACTOR/harvest-agentic/results/B02_organic/get_predict_func_lib/translated_rust/c_src/build/libtranslated_rust.so | grep -i " T "[0m[38;5;244m (using tool: shell)[0m
Purpose: Check C .so symbols

-rwxr-xr-x 1 scheschb amazon 16672 Mar 26 23:07 /local/home/scheschb/reserach/TRACTOR/harvest-agentic/results/B02_organic/get_predict_func_lib/translated_rust/c_src/build/libtranslated_rust.so
0000000000001b0c T _fini
000000000000199c T get_predict_func
00000000000004e8 T _init
[38;5;244m - Completed in 0.49s[0m
[38;5;12m[1m [1.10][0m[0m
[?25l[0m[?25l[0m[0m[38;5;11mTODO:
[39m[38;5;10m[x] [3m[38;5;244mBuild C shared library[23m
[38;5;10m[x] [3m[38;5;244mUnderstand public API and function hierarchy from C headers[23m
[0m[ ] Add libloading dev-dependency to Cargo.toml[38;5;244m - Completed in 0.43s[0m
[38;5;12m[1m [1.11][0m[0m
[?25l[0m[38;5;141m> [0mNow add libloading and write the integration tests:[0m[0m
[?25l[0m[0mI'll modify the following file: [38;5;141mtranslated_rust/Cargo.toml[0m[38;5;244m (using tool: write)[0m
Purpose: Add libloading dev-dependency

[49m[38;5;10m+     10[0m:[38;5;10m[49m [dev-dependencies]
[0m[49m[38;5;10m+     11[0m:[38;5;10m[49m libloading = "0.8"
[0m[49m[38;5;10m+     12[0m:[38;5;10m[49m 
[0m[49m[39m  10, 13[0m:[39m[49m [workspace]
[0m[K
Updating: [38;5;141mtranslated_rust/Cargo.toml[0m
[38;5;244m - Completed in 0.43s[0m
[38;5;12m[1m [1.12][0m[0m
[?25l[0m[?25l[0m[0m[38;5;11mTODO:
[39m[38;5;10m[x] [3m[38;5;244mAdd libloading dev-dependency to Cargo.toml[23m
[0m[ ] Write integration tests comparing C vs Rust outputs[38;5;244m - Completed in 0.40s[0m
[38;5;12m[1m [1.13][0m[0m
[?25l[0m[38;5;141m> [0mNow write the integration test. The only public API is [38;5;10mget_predict_func(int pfcn) -> int[0m. I'll test all pfcn values (0-11 plus some out-of-range) comparing C vs Rust:[0m[0m
[?25l[0m[0mI will run the following command: [38;5;141mmkdir -p /local/home/scheschb/reserach/TRACTOR/harvest-agentic/results/B02_organic/get_predict_func_lib/translated_rust/tests[0m[38;5;244m (using tool: shell)[0m
Purpose: Create tests directory

[38;5;244m - Completed in 0.45s[0m
[38;5;12m[1m [1.14][0m[0m
[?25l[0m[?25l[0m[0mI'll create the following file: [38;5;141m/local/home/scheschb/reserach/TRACTOR/harvest-agentic/results/B02_organic/get_predict_func_lib/translated_rust/tests/c_vs_rust.rs[0m[38;5;244m (using tool: write)[0m
Purpose: Write integration test comparing C vs Rust get_predict_func

[48;2;40;67;43m[39m+     1[0m:[39m[48;2;24;38;30m [38;2;180;142;173muse[38;2;192;197;206m [38;2;192;197;206mlibloading[38;2;192;197;206m::[38;2;192;197;206m{[38;2;192;197;206mLibrary[38;2;192;197;206m,[38;2;192;197;206m Symbol[38;2;192;197;206m}[38;2;192;197;206m;[K
[0m[48;2;40;67;43m[39m+     2[0m:[39m[48;2;24;38;30m [38;2;180;142;173muse[38;2;192;197;206m [38;2;192;197;206mstd[38;2;192;197;206m::[38;2;192;197;206mos[38;2;192;197;206m::[38;2;192;197;206mraw[38;2;192;197;206m::[38;2;180;142;173mc_int[38;2;192;197;206m;[K
[0m[48;2;40;67;43m[39m+     3[0m:[39m[48;2;24;38;30m [K
[0m[48;2;40;67;43m[39m+     4[0m:[39m[48;2;24;38;30m [38;2;180;142;173mconst[38;2;192;197;206m [38;2;208;135;112mC_LIB_PATH[38;2;192;197;206m:[38;2;192;197;206m [38;2;192;197;206m&[38;2;180;142;173mstr[38;2;192;197;206m [38;2;192;197;206m=[38;2;192;197;206m [38;2;192;197;206mconcat![38;2;192;197;206m([38;2;192;197;206menv![38;2;192;197;206m([38;2;192;197;206m"[38;2;163;190;140mCARGO_MANIFEST_DIR[38;2;192;197;206m"[38;2;192;197;206m)[38;2;192;197;206m,[38;2;192;197;206m [38;2;192;197;206m"[38;2;163;190;140m/c_src/build/libtranslated_rust.so[38;2;192;197;206m"[38;2;192;197;206m)[38;2;192;197;206m;[K
[0m[48;2;40;67;43m[39m+     5[0m:[39m[48;2;24;38;30m [K
[0m[48;2;40;67;43m[39m+     6[0m:[39m[48;2;24;38;30m [38;2;180;142;173mfn[38;2;192;197;206m [38;2;143;161;179mc_get_predict_func[38;2;192;197;206m([38;2;191;97;106mpfcn[38;2;192;197;206m:[38;2;192;197;206m c_int[38;2;192;197;206m)[38;2;192;197;206m [38;2;192;197;206m->[38;2;192;197;206m c_int[38;2;192;197;206m [38;2;192;197;206m{[K
[0m[48;2;40;67;43m[39m+     7[0m:[39m[48;2;24;38;30m [38;2;192;197;206m    [38;2;180;142;173munsafe[38;2;192;197;206m [38;2;192;197;206m{[K
[0m[48;2;40;67;43m[39m+     8[0m:[39m[48;2;24;38;30m [38;2;192;197;206m        [38;2;180;142;173mlet[38;2;192;197;206m lib [38;2;192;197;206m=[38;2;192;197;206m [38;2;192;197;206mLibrary[38;2;192;197;206m::[38;2;192;197;206mnew[38;2;192;197;206m([38;2;208;135;112mC_LIB_PATH[38;2;192;197;206m)[38;2;192;197;206m.[38;2;150;181;180mexpect[38;2;192;197;206m([38;2;192;197;206m"[38;2;163;190;140mFailed to load C .so[38;2;192;197;206m"[38;2;192;197;206m)[38;2;192;197;206m;[K
[0m[48;2;40;67;43m[39m+     9[0m:[39m[48;2;24;38;30m [38;2;192;197;206m        [38;2;180;142;173mlet[38;2;192;197;206m func[38;2;192;197;206m:[38;2;192;197;206m [38;2;192;197;206mSymbol[38;2;192;197;206m<[38;2;192;197;206munsafe [38;2;180;142;173mextern[38;2;192;197;206m [38;2;192;197;206m"[38;2;163;190;140mC[38;2;192;197;206m"[38;2;192;197;206m [38;2;180;142;173mfn[38;2;192;197;206m([38;2;192;197;206mc_int[38;2;192;197;206m)[38;2;192;197;206m [38;2;192;197;206m->[38;2;192;197;206m c_int[38;2;192;197;206m>[38;2;192;197;206m [38;2;192;197;206m=[K
[0m[48;2;40;67;43m[39m+    10[0m:[39m[48;2;24;38;30m [38;2;192;197;206m            lib.[38;2;150;181;180mget[38;2;192;197;206m([38;2;180;142;173mb[38;2;192;197;206m"[38;2;163;190;140mget_predict_func[38;2;192;197;206m"[38;2;192;197;206m)[38;2;192;197;206m.[38;2;150;181;180mexpect[38;2;192;197;206m([38;2;192;197;206m"[38;2;163;190;140mSymbol not found[38;2;192;197;206m"[38;2;192;197;206m)[38;2;192;197;206m;[K
[0m[48;2;40;67;43m[39m+    11[0m:[39m[48;2;24;38;30m [38;2;192;197;206m        [38;2;150;181;180mfunc[38;2;192;197;206m([38;2;192;197;206mpfcn[38;2;192;197;206m)[K
[0m[48;2;40;67;43m[39m+    12[0m:[39m[48;2;24;38;30m [38;2;192;197;206m    [38;2;192;197;206m}[K
[0m[48;2;40;67;43m[39m+    13[0m:[39m[48;2;24;38;30m [38;2;192;197;206m}[K
[0m[48;2;40;67;43m[39m+    14[0m:[39m[48;2;24;38;30m [K
[0m[48;2;40;67;43m[39m+    15[0m:[39m[48;2;24;38;30m [38;2;192;197;206m#[38;2;192;197;206m[[38;2;191;97;106mtest[38;2;192;197;206m][K
[0m[48;2;40;67;43m[39m+    16[0m:[39m[48;2;24;38;30m [38;2;180;142;173mfn[38;2;192;197;206m [38;2;143;161;179mtest_get_predict_func_all_cases[38;2;192;197;206m([38;2;192;197;206m)[38;2;192;197;206m [38;2;192;197;206m{[K
[0m[48;2;40;67;43m[39m+    17[0m:[39m[48;2;24;38;30m [38;2;192;197;206m    [38;2;101;115;126m//[38;2;101;115;126m Test pfcn 0..=11 (should return 1 in C), default cases (should return 0)[K
[0m[48;2;40;67;43m[39m+    18[0m:[39m[48;2;24;38;30m [38;2;192;197;206m    [38;2;180;142;173mlet[38;2;192;197;206m test_values[38;2;192;197;206m:[38;2;192;197;206m [38;2;192;197;206mVec[38;2;192;197;206m<[38;2;192;197;206mc_int[38;2;192;197;206m>[38;2;192;197;206m [38;2;192;197;206m=[38;2;192;197;206m [38;2;192;197;206m([38;2;192;197;206m-[38;2;208;135;112m2[38;2;192;197;206m..[38;2;192;197;206m=[38;2;208;135;112m20[38;2;192;197;206m)[38;2;192;197;206m.[38;2;150;181;180mcollect[38;2;192;197;206m([38;2;192;197;206m)[38;2;192;197;206m;[K
[0m[48;2;40;67;43m[39m+    19[0m:[39m[48;2;24;38;30m [38;2;192;197;206m    [38;2;180;142;173mfor[38;2;192;197;206m [38;2;192;197;206m&[38;2;192;197;206mpfcn [38;2;192;197;206min[38;2;192;197;206m [38;2;192;197;206m&[38;2;192;197;206mtest_values [38;2;192;197;206m{[K
[0m[48;2;40;67;43m[39m+    20[0m:[39m[48;2;24;38;30m [38;2;192;197;206m        [38;2;180;142;173mlet[38;2;192;197;206m [38;2;180;142;173mc_result[38;2;192;197;206m [38;2;192;197;206m=[38;2;192;197;206m [38;2;150;181;180mc_get_predict_func[38;2;192;197;206m([38;2;192;197;206mpfcn[38;2;192;197;206m)[38;2;192;197;206m;[K
[0m[48;2;40;67;43m[39m+    21[0m:[39m[48;2;24;38;30m [38;2;192;197;206m        [38;2;180;142;173mlet[38;2;192;197;206m rust_result [38;2;192;197;206m=[38;2;192;197;206m [38;2;192;197;206mget_predict_func_lib[38;2;192;197;206m::[38;2;192;197;206mget_predict_func[38;2;192;197;206m([38;2;192;197;206mpfcn[38;2;192;197;206m)[38;2;192;197;206m;[K
[0m[48;2;40;67;43m[39m+    22[0m:[39m[48;2;24;38;30m [38;2;192;197;206m        [38;2;192;197;206massert_eq![38;2;192;197;206m([K
[0m[48;2;40;67;43m[39m+    23[0m:[39m[48;2;24;38;30m [38;2;192;197;206m            [38;2;180;142;173mc_result[38;2;192;197;206m,[38;2;192;197;206m rust_result[38;2;192;197;206m,[K
[0m[48;2;40;67;43m[39m+    24[0m:[39m[48;2;24;38;30m [38;2;192;197;206m            [38;2;192;197;206m"[38;2;163;190;140mMismatch for pfcn={}: C={}, Rust={}[38;2;192;197;206m"[38;2;192;197;206m,[K
[0m[48;2;40;67;43m[39m+    25[0m:[39m[48;2;24;38;30m [38;2;192;197;206m            pfcn[38;2;192;197;206m,[38;2;192;197;206m [38;2;180;142;173mc_result[38;2;192;197;206m,[38;2;192;197;206m rust_result[K
[0m[48;2;40;67;43m[39m+    26[0m:[39m[48;2;24;38;30m [38;2;192;197;206m        [38;2;192;197;206m)[38;2;192;197;206m;[K
[0m[48;2;40;67;43m[39m+    27[0m:[39m[48;2;24;38;30m [38;2;192;197;206m    [38;2;192;197;206m}[K
[0m[48;2;40;67;43m[39m+    28[0m:[39m[48;2;24;38;30m [38;2;192;197;206m}[K
[0m[K
Creating: [38;5;141m/local/home/scheschb/reserach/TRACTOR/harvest-agentic/results/B02_organic/get_predict_func_lib/translated_rust/tests/c_vs_rust.rs[0m
[38;5;244m - Completed in 0.43s[0m
[38;5;12m[1m [1.15][0m[0m
[?25l[0m[?25l[0m[0mI will run the following command: [38;5;141mcd /local/home/scheschb/reserach/TRACTOR/harvest-agentic/results/B02_organic/get_predict_func_lib/translated_rust && timeout 600 cargo test --test c_vs_rust 2>&1 | tail -30[0m[38;5;244m (using tool: shell)[0m
Purpose: Run integration tests

    Updating crates.io index
     Locking 3 packages to latest compatible versions
      Adding cfg-if v1.0.4
      Adding libloading v0.8.9 (available: v0.9.0)
      Adding windows-link v0.2.1
   Compiling cfg-if v1.0.4
   Compiling libloading v0.8.9
   Compiling get_predict_func_lib v0.1.0 (/local/home/scheschb/reserach/TRACTOR/harvest-agentic/results/B02_organic/get_predict_func_lib/translated_rust)
error[E0433]: failed to resolve: use of unresolved module or unlinked crate `get_predict_func_lib`
  --> tests/c_vs_rust.rs:21:27
   |
21 | ...result = get_predict_func_lib::get_predic...
   |             ^^^^^^^^^^^^^^^^^^^^ use of unresolved module or unlinked crate `get_predict_func_lib`
   |
   = help: if you wanted to use a crate named `get_predict_func_lib`, use `cargo add get_predict_func_lib` to add it to your `Cargo.toml`

For more information about this error, try `rustc --explain E0433`.
error: could not compile `get_predict_func_lib` (test "c_vs_rust") due to 1 previous error
[38;5;244m - Completed in 0.331s[0m
[38;5;12m[1m [1.16][0m[0m
[?25l[0m[38;5;141m> [0mThe crate is a [38;5;10mcdylib[0m only, so it can't be linked as a Rust dependency in tests. I need to also load the Rust .so via libloading. Let me update the test:[0m[0m
[?25l[0m[0mI'll create the following file: [38;5;141mtranslated_rust/tests/c_vs_rust.rs[0m[38;5;244m (using tool: write)[0m
Purpose: Fix test to load both C and Rust .so via libloading

[48;2;43;48;59m[39m   1,  1[0m:[39m[48;2;43;48;59m [38;2;180;142;173muse[38;2;192;197;206m [38;2;192;197;206mlibloading[38;2;192;197;206m::[38;2;192;197;206m{[38;2;192;197;206mLibrary[38;2;192;197;206m,[38;2;192;197;206m Symbol[38;2;192;197;206m}[38;2;192;197;206m;[K
[0m[48;2;43;48;59m[39m   2,  2[0m:[39m[48;2;43;48;59m [38;2;180;142;173muse[38;2;192;197;206m [38;2;192;197;206mstd[38;2;192;197;206m::[38;2;192;197;206mos[38;2;192;197;206m::[38;2;192;197;206mraw[38;2;192;197;206m::[38;2;180;142;173mc_int[38;2;192;197;206m;[K
[0m[48;2;43;48;59m[39m   3,  3[0m:[39m[48;2;43;48;59m [K
[0m[48;2;43;48;59m[39m   4,  4[0m:[39m[48;2;43;48;59m [38;2;180;142;173mconst[38;2;192;197;206m [38;2;208;135;112mC_LIB_PATH[38;2;192;197;206m:[38;2;192;197;206m [38;2;192;197;206m&[38;2;180;142;173mstr[38;2;192;197;206m [38;2;192;197;206m=[38;2;192;197;206m [38;2;192;197;206mconcat![38;2;192;197;206m([38;2;192;197;206menv![38;2;192;197;206m([38;2;192;197;206m"[38;2;163;190;140mCARGO_MANIFEST_DIR[38;2;192;197;206m"[38;2;192;197;206m)[38;2;192;197;206m,[38;2;192;197;206m [38;2;192;197;206m"[38;2;163;190;140m/c_src/build/libtranslated_rust.so[38;2;192;197;206m"[38;2;192;197;206m)[38;2;192;197;206m;[K
[0m[48;2;43;48;59m[39m   5,  5[0m:[39m[48;2;43;48;59m [K
[0m[48;2;79;40;40m[39m-  6    [0m:[39m[48;2;36;25;28m [38;2;180;142;173mfn[38;2;192;197;206m [38;2;143;161;179mc_get_predict_func[38;2;192;197;206m([38;2;191;97;106mpfcn[38;2;192;197;206m:[38;2;192;197;206m c_int[38;2;192;197;206m)[38;2;192;197;206m [38;2;192;197;206m->[38;2;192;197;206m c_int[38;2;192;197;206m [38;2;192;197;206m{[K
[0m[48;2;40;67;43m[39m+      6[0m:[39m[48;2;24;38;30m [38;2;180;142;173mfn[38;2;192;197;206m [38;2;143;161;179mfind_rust_lib[38;2;192;197;206m([38;2;192;197;206m)[38;2;192;197;206m [38;2;192;197;206m->[38;2;192;197;206m String[38;2;192;197;206m [38;2;192;197;206m{[K
[0m[48;2;40;67;43m[39m+      7[0m:[39m[48;2;24;38;30m [38;2;192;197;206m    [38;2;180;142;173mlet[38;2;192;197;206m manifest [38;2;192;197;206m=[38;2;192;197;206m [38;2;192;197;206menv![38;2;192;197;206m([38;2;192;197;206m"[38;2;163;190;140mCARGO_MANIFEST_DIR[38;2;192;197;206m"[38;2;192;197;206m)[38;2;192;197;206m;[K
[0m[48;2;40;67;43m[39m+      8[0m:[39m[48;2;24;38;30m [38;2;192;197;206m    [38;2;101;115;126m//[38;2;101;115;126m cargo builds cdylib into target/debug/[K
[0m[48;2;40;67;43m[39m+      9[0m:[39m[48;2;24;38;30m [38;2;192;197;206m    [38;2;180;142;173mfor[38;2;192;197;206m name [38;2;192;197;206min[38;2;192;197;206m [38;2;192;197;206m&[38;2;192;197;206m[[38;2;192;197;206m"[38;2;163;190;140mlibget_predict_func_lib.so[38;2;192;197;206m"[38;2;192;197;206m][38;2;192;197;206m [38;2;192;197;206m{[K
[0m[48;2;40;67;43m[39m+     10[0m:[39m[48;2;24;38;30m [38;2;192;197;206m        [38;2;180;142;173mlet[38;2;192;197;206m p [38;2;192;197;206m=[38;2;192;197;206m [38;2;192;197;206mformat![38;2;192;197;206m([38;2;192;197;206m"[38;2;208;135;112m{}[38;2;163;190;140m/target/debug/[38;2;208;135;112m{}[38;2;192;197;206m"[38;2;192;197;206m,[38;2;192;197;206m manifest[38;2;192;197;206m,[38;2;192;197;206m name[38;2;192;197;206m)[38;2;192;197;206m;[K
[0m[48;2;40;67;43m[39m+     11[0m:[39m[48;2;24;38;30m [38;2;192;197;206m        [38;2;180;142;173mif[38;2;192;197;206m [38;2;192;197;206mstd[38;2;192;197;206m::[38;2;192;197;206mpath[38;2;192;197;206m::[38;2;192;197;206mPath[38;2;192;197;206m::[38;2;192;197;206mnew[38;2;192;197;206m([38;2;192;197;206m&[38;2;192;197;206mp[38;2;192;197;206m)[38;2;192;197;206m.[38;2;150;181;180mexists[38;2;192;197;206m([38;2;192;197;206m)[38;2;192;197;206m [38;2;192;197;206m{[K
[0m[48;2;40;67;43m[39m+     12[0m:[39m[48;2;24;38;30m [38;2;192;197;206m            [38;2;180;142;173mreturn[38;2;192;197;206m p[38;2;192;197;206m;[K
[0m[48;2;40;67;43m[39m+     13[0m:[39m[48;2;24;38;30m [38;2;192;197;206m        [38;2;192;197;206m}[K
[0m[48;2;40;67;43m[39m+     14[0m:[39m[48;2;24;38;30m [38;2;192;197;206m    [38;2;192;197;206m}[K
[0m[48;2;40;67;43m[39m+     15[0m:[39m[48;2;24;38;30m [38;2;192;197;206m    [38;2;192;197;206mpanic![38;2;192;197;206m([38;2;192;197;206m"[38;2;163;190;140mRust .so not found - build with `cargo build` first[38;2;192;197;206m"[38;2;192;197;206m)[38;2;192;197;206m;[K
[0m[48;2;40;67;43m[39m+     16[0m:[39m[48;2;24;38;30m [38;2;192;197;206m}[K
[0m[48;2;40;67;43m[39m+     17[0m:[39m[48;2;24;38;30m [K
[0m[48;2;40;67;43m[39m+     18[0m:[39m[48;2;24;38;30m [38;2;180;142;173mtype[38;2;192;197;206m [38;2;192;197;206mGetPredictFuncFn[38;2;192;197;206m [38;2;192;197;206m=[38;2;192;197;206m [38;2;180;142;173munsafe[38;2;192;197;206m [38;2;180;142;173mextern[38;2;192;197;206m [38;2;192;197;206m"[38;2;163;190;140mC[38;2;192;197;206m"[38;2;192;197;206m [38;2;180;142;173mfn[38;2;192;197;206m([38;2;180;142;173mc_int[38;2;192;197;206m)[38;2;192;197;206m [38;2;192;197;206m->[38;2;192;197;206m c_int[38;2;192;197;206m;[K
[0m[48;2;40;67;43m[39m+     19[0m:[39m[48;2;24;38;30m [K
[0m[48;2;40;67;43m[39m+     20[0m:[39m[48;2;24;38;30m [38;2;180;142;173mfn[38;2;192;197;206m [38;2;143;161;179mload_func[38;2;192;197;206m([38;2;191;97;106mlib[38;2;192;197;206m:[38;2;192;197;206m [38;2;192;197;206m&[38;2;192;197;206mLibrary[38;2;192;197;206m)[38;2;192;197;206m [38;2;192;197;206m->[38;2;192;197;206m GetPredictFuncFn[38;2;192;197;206m [38;2;192;197;206m{[K
[0m[48;2;43;48;59m[39m   7, 21[0m:[39m[48;2;43;48;59m [38;2;192;197;206m    [38;2;180;142;173munsafe[38;2;192;197;206m [38;2;192;197;206m{[K
[0m[48;2;79;40;40m[39m-  8    [0m:[39m[48;2;36;25;28m [38;2;192;197;206m        [38;2;180;142;173mlet[38;2;192;197;206m lib [38;2;192;197;206m=[38;2;192;197;206m [38;2;192;197;206mLibrary[38;2;192;197;206m::[38;2;192;197;206mnew[38;2;192;197;206m([38;2;208;135;112mC_LIB_PATH[38;2;192;197;206m)[38;2;192;197;206m.[38;2;150;181;180mexpect[38;2;192;197;206m([38;2;192;197;206m"[38;2;163;190;140mFailed to load C .so[38;2;192;197;206m"[38;2;192;197;206m)[38;2;192;197;206m;[K
[0m[48;2;79;40;40m[39m-  9    [0m:[39m[48;2;36;25;28m [38;2;192;197;206m        [38;2;180;142;173mlet[38;2;192;197;206m func[38;2;192;197;206m:[38;2;192;197;206m [38;2;192;197;206mSymbol[38;2;192;197;206m<[38;2;192;197;206munsafe [38;2;180;142;173mextern[38;2;192;197;206m [38;2;192;197;206m"[38;2;163;190;140mC[38;2;192;197;206m"[38;2;192;197;206m [38;2;180;142;173mfn[38;2;192;197;206m([38;2;192;197;206mc_int[38;2;192;197;206m)[38;2;192;197;206m [38;2;192;197;206m->[38;2;192;197;206m c_int[38;2;192;197;206m>[38;2;192;197;206m [38;2;192;197;206m=[K
[0m[48;2;79;40;40m[39m- 10    [0m:[39m[48;2;36;25;28m [38;2;192;197;206m            lib.[38;2;150;181;180mget[38;2;192;197;206m([38;2;180;142;173mb[38;2;192;197;206m"[38;2;163;190;140mget_predict_func[38;2;192;197;206m"[38;2;192;197;206m)[38;2;192;197;206m.[38;2;150;181;180mexpect[38;2;192;197;206m([38;2;192;197;206m"[38;2;163;190;140mSymbol not found[38;2;192;197;206m"[38;2;192;197;206m)[38;2;192;197;206m;[K
[0m[48;2;79;40;40m[39m- 11    [0m:[39m[48;2;36;25;28m [38;2;192;197;206m        [38;2;150;181;180mfunc[38;2;192;197;206m([38;2;192;197;206mpfcn[38;2;192;197;206m)[K
[0m[48;2;40;67;43m[39m+     22[0m:[39m[48;2;24;38;30m [38;2;192;197;206m        [38;2;180;142;173mlet[38;2;192;197;206m sym[38;2;192;197;206m:[38;2;192;197;206m [38;2;192;197;206mSymbol[38;2;192;197;206m<[38;2;192;197;206mGetPredictFuncFn[38;2;192;197;206m>[38;2;192;197;206m [38;2;192;197;206m=[38;2;192;197;206m lib.[38;2;150;181;180mget[38;2;192;197;206m([38;2;180;142;173mb[38;2;192;197;206m"[38;2;163;190;140mget_predict_func[38;2;192;197;206m"[38;2;192;197;206m)[38;2;192;197;206m.[38;2;150;181;180mexpect[38;2;192;197;206m([38;2;192;197;206m"[38;2;163;190;140mSymbol not found[38;2;192;197;206m"[38;2;192;197;206m)[38;2;192;197;206m;[K
[0m[48;2;40;67;43m[39m+     23[0m:[39m[48;2;24;38;30m [38;2;192;197;206m        [38;2;192;197;206m*[38;2;192;197;206msym[K
[0m[48;2;43;48;59m[39m  12, 24[0m:[39m[48;2;43;48;59m [38;2;192;197;206m    [38;2;192;197;206m}[K
[0m[48;2;43;48;59m[39m  13, 25[0m:[39m[48;2;43;48;59m [38;2;192;197;206m}[K
[0m[48;2;43;48;59m[39m  14, 26[0m:[39m[48;2;43;48;59m [K
[0m[48;2;43;48;59m[39m  15, 27[0m:[39m[48;2;43;48;59m [38;2;192;197;206m#[38;2;192;197;206m[[38;2;191;97;106mtest[38;2;192;197;206m][K
[0m[48;2;43;48;59m[39m  16, 28[0m:[39m[48;2;43;48;59m [38;2;180;142;173mfn[38;2;192;197;206m [38;2;143;161;179mtest_get_predict_func_all_cases[38;2;192;197;206m([38;2;192;197;206m)[38;2;192;197;206m [38;2;192;197;206m{[K
[0m[48;2;79;40;40m[39m- 17    [0m:[39m[48;2;36;25;28m [38;2;192;197;206m    [38;2;101;115;126m//[38;2;101;115;126m Test pfcn 0..=11 (should return 1 in C), default cases (should return 0)[K
[0m[48;2;40;67;43m[39m+     29[0m:[39m[48;2;24;38;30m [38;2;192;197;206m    [38;2;180;142;173mlet[38;2;192;197;206m [38;2;180;142;173mc_lib[38;2;192;197;206m [38;2;192;197;206m=[38;2;192;197;206m [38;2;180;142;173munsafe[38;2;192;197;206m [38;2;192;197;206m{[38;2;192;197;206m [38;2;192;197;206mLibrary[38;2;192;197;206m::[38;2;192;197;206mnew[38;2;192;197;206m([38;2;208;135;112mC_LIB_PATH[38;2;192;197;206m)[38;2;192;197;206m.[38;2;150;181;180mexpect[38;2;192;197;206m([38;2;192;197;206m"[38;2;163;190;140mFailed to load C .so[38;2;192;197;206m"[38;2;192;197;206m)[38;2;192;197;206m [38;2;192;197;206m}[38;2;192;197;206m;[K
[0m[48;2;40;67;43m[39m+     30[0m:[39m[48;2;24;38;30m [38;2;192;197;206m    [38;2;180;142;173mlet[38;2;192;197;206m rust_lib [38;2;192;197;206m=[38;2;192;197;206m [38;2;180;142;173munsafe[38;2;192;197;206m [38;2;192;197;206m{[38;2;192;197;206m [38;2;192;197;206mLibrary[38;2;192;197;206m::[38;2;192;197;206mnew[38;2;192;197;206m([38;2;150;181;180mfind_rust_lib[38;2;192;197;206m([38;2;192;197;206m)[38;2;192;197;206m)[38;2;192;197;206m.[38;2;150;181;180mexpect[38;2;192;197;206m([38;2;192;197;206m"[38;2;163;190;140mFailed to load Rust .so[38;2;192;197;206m"[38;2;192;197;206m)[38;2;192;197;206m [38;2;192;197;206m}[38;2;192;197;206m;[K
[0m[48;2;40;67;43m[39m+     31[0m:[39m[48;2;24;38;30m [38;2;192;197;206m    [38;2;180;142;173mlet[38;2;192;197;206m [38;2;180;142;173mc_fn[38;2;192;197;206m [38;2;192;197;206m=[38;2;192;197;206m [38;2;150;181;180mload_func[38;2;192;197;206m([38;2;192;197;206m&[38;2;180;142;173mc_lib[38;2;192;197;206m)[38;2;192;197;206m;[K
[0m[48;2;40;67;43m[39m+     32[0m:[39m[48;2;24;38;30m [38;2;192;197;206m    [38;2;180;142;173mlet[38;2;192;197;206m rust_fn [38;2;192;197;206m=[38;2;192;197;206m [38;2;150;181;180mload_func[38;2;192;197;206m([38;2;192;197;206m&[38;2;192;197;206mrust_lib[38;2;192;197;206m)[38;2;192;197;206m;[K
[0m[48;2;40;67;43m[39m+     33[0m:[39m[48;2;24;38;30m [K
[0m[48;2;43;48;59m[39m  18, 34[0m:[39m[48;2;43;48;59m [38;2;192;197;206m    [38;2;180;142;173mlet[38;2;192;197;206m test_values[38;2;192;197;206m:[38;2;192;197;206m [38;2;192;197;206mVec[38;2;192;197;206m<[38;2;192;197;206mc_int[38;2;192;197;206m>[38;2;192;197;206m [38;2;192;197;206m=[38;2;192;197;206m [38;2;192;197;206m([38;2;192;197;206m-[38;2;208;135;112m2[38;2;192;197;206m..[38;2;192;197;206m=[38;2;208;135;112m20[38;2;192;197;206m)[38;2;192;197;206m.[38;2;150;181;180mcollect[38;2;192;197;206m([38;2;192;197;206m)[38;2;192;197;206m;[K
[0m[48;2;43;48;59m[39m  19, 35[0m:[39m[48;2;43;48;59m [38;2;192;197;206m    [38;2;180;142;173mfor[38;2;192;197;206m [38;2;192;197;206m&[38;2;192;197;206mpfcn [38;2;192;197;206min[38;2;192;197;206m [38;2;192;197;206m&[38;2;192;197;206mtest_values [38;2;192;197;206m{[K
[0m[48;2;79;40;40m[39m- 20    [0m:[39m[48;2;36;25;28m [38;2;192;197;206m        [38;2;180;142;173mlet[38;2;192;197;206m [38;2;180;142;173mc_result[38;2;192;197;206m [38;2;192;197;206m=[38;2;192;197;206m [38;2;150;181;180mc_get_predict_func[38;2;192;197;206m([38;2;192;197;206mpfcn[38;2;192;197;206m)[38;2;192;197;206m;[K
[0m[48;2;79;40;40m[39m- 21    [0m:[39m[48;2;36;25;28m [38;2;192;197;206m        [38;2;180;142;173mlet[38;2;192;197;206m rust_result [38;2;192;197;206m=[38;2;192;197;206m [38;2;192;197;206mget_predict_func_lib[38;2;192;197;206m::[38;2;192;197;206mget_predict_func[38;2;192;197;206m([38;2;192;197;206mpfcn[38;2;192;197;206m)[38;2;192;197;206m;[K
[0m[48;2;40;67;43m[39m+     36[0m:[39m[48;2;24;38;30m [38;2;192;197;206m        [38;2;180;142;173mlet[38;2;192;197;206m [38;2;180;142;173mc_result[38;2;192;197;206m [38;2;192;197;206m=[38;2;192;197;206m [38;2;180;142;173munsafe[38;2;192;197;206m [38;2;192;197;206m{[38;2;192;197;206m [38;2;150;181;180mc_fn[38;2;192;197;206m([38;2;192;197;206mpfcn[38;2;192;197;206m)[38;2;192;197;206m [38;2;192;197;206m}[38;2;192;197;206m;[K
[0m[48;2;40;67;43m[39m+     37[0m:[39m[48;2;24;38;30m [38;2;192;197;206m        [38;2;180;142;173mlet[38;2;192;197;206m rust_result [38;2;192;197;206m=[38;2;192;197;206m [38;2;180;142;173munsafe[38;2;192;197;206m [38;2;192;197;206m{[38;2;192;197;206m [38;2;150;181;180mrust_fn[38;2;192;197;206m([38;2;192;197;206mpfcn[38;2;192;197;206m)[38;2;192;197;206m [38;2;192;197;206m}[38;2;192;197;206m;[K
[0m[48;2;43;48;59m[39m  22, 38[0m:[39m[48;2;43;48;59m [38;2;192;197;206m        [38;2;192;197;206massert_eq![38;2;192;197;206m([K
[0m[48;2;43;48;59m[39m  23, 39[0m:[39m[48;2;43;48;59m [38;2;192;197;206m            [38;2;180;142;173mc_result[38;2;192;197;206m,[38;2;192;197;206m rust_result[38;2;192;197;206m,[K
[0m[48;2;43;48;59m[39m  24, 40[0m:[39m[48;2;43;48;59m [38;2;192;197;206m            [38;2;192;197;206m"[38;2;163;190;140mMismatch for pfcn={}: C={}, Rust={}[38;2;192;197;206m"[38;2;192;197;206m,[K
[0m[48;2;43;48;59m[39m  25, 41[0m:[39m[48;2;43;48;59m [38;2;192;197;206m            pfcn[38;2;192;197;206m,[38;2;192;197;206m [38;2;180;142;173mc_result[38;2;192;197;206m,[38;2;192;197;206m rust_result[K
[0m[48;2;43;48;59m[39m  26, 42[0m:[39m[48;2;43;48;59m [38;2;192;197;206m        [38;2;192;197;206m)[38;2;192;197;206m;[K
[0m[48;2;43;48;59m[39m  27, 43[0m:[39m[48;2;43;48;59m [38;2;192;197;206m    [38;2;192;197;206m}[K
[0m[48;2;43;48;59m[39m  28, 44[0m:[39m[48;2;43;48;59m [38;2;192;197;206m}[K
[0m[K
Replacing: [38;5;141mtranslated_rust/tests/c_vs_rust.rs[0m
[38;5;244m - Completed in 0.49s[0m
[38;5;12m[1m [1.17][0m[0m
[?25l[0m[?25l[0m[0mI will run the following command: [38;5;141mcd /local/home/scheschb/reserach/TRACTOR/harvest-agentic/results/B02_organic/get_predict_func_lib/translated_rust && timeout 600 cargo build 2>&1 | tail -5 && timeout 600 cargo test --test c_vs_rust 2>&1 | tail -20[0m[38;5;244m (using tool: shell)[0m
Purpose: Build Rust .so then run tests

   Compiling get_predict_func_lib v0.1.0 (/local/home/scheschb/reserach/TRACTOR/harvest-agentic/results/B02_organic/get_predict_func_lib/translated_rust)
    Finished `dev` profile [unoptimized + debuginfo] target(s) in 0.18s
   Compiling get_predict_func_lib v0.1.0 (/local/home/scheschb/reserach/TRACTOR/harvest-agentic/results/B02_organic/get_predict_func_lib/translated_rust)
    Finished `test` profile [unoptimized + debuginfo] target(s) in 0.29s
     Running tests/c_vs_rust.rs (target/debug/deps/c_vs_rust-149f69b32ab2db12)

running 1 test
test test_get_predict_func_all_cases ... ok

test result: ok. 1 passed; 0 failed; 0 ignored; 0 measured; 0 filtered out; finished in 0.00s

[38;5;244m - Completed in 0.932s[0m
[38;5;12m[1m [1.18][0m[0m
[?25l[0m[38;5;141m> [0mAll tests pass. Now let me complete the remaining tasks - compare [38;5;10mnm -D[0m symbols:[0m[0m
[?25l[0m[0m[38;5;11mTODO:
[39m[38;5;10m[x] [3m[38;5;244mWrite integration tests comparing C vs Rust outputs[23m
[38;5;10m[x] [3m[38;5;244mRun tests and fix any mismatches[23m
[0m[ ] Compare nm -D symbols and add missing exports[38;5;244m - Completed in 0.61s[0m
[38;5;12m[1m [1.19][0m[0m
[?25l[0m[?25l[0m[0mI will run the following command: [38;5;141mecho "=== C .so exported symbols ===" && nm -D /local/home/scheschb/reserach/TRACTOR/harvest-agentic/results/B02_organic/get_predict_func_lib/translated_rust/c_src/build/libtranslated_rust.so | grep " T " && echo "" && echo "=== Rust .so exported symbols ===" && nm -D /local/home/scheschb/reserach/TRACTOR/harvest-agentic/results/B02_organic/get_predict_func_lib/translated_rust/target/debug/libget_predict_func_lib.so | grep " T "[0m[38;5;244m (using tool: shell)[0m
Purpose: Compare nm -D symbols between C and Rust .so

=== C .so exported symbols ===
0000000000001b0c T _fini
000000000000199c T get_predict_func
00000000000004e8 T _init

=== Rust .so exported symbols ===
0000000000011a50 T get_predict_func
[38;5;244m - Completed in 0.53s[0m
[38;5;12m[1m [1.20][0m[0m
[?25l[0m[38;5;141m> [0mThe C .so exports [38;5;10mget_predict_func[0m, [38;5;10m_fini[0m, and [38;5;10m_init[0m. The [38;5;10m_fini[0m and [38;5;10m_init[0m are standard ELF symbols automatically generated by the linker — not user-defined symbols. The Rust .so already exports [38;5;10mget_predict_func[0m, which is the only user-defined symbol. The symbols match.[0m[0m
[?25l[0m[0m[38;5;11mTODO:
[39m[38;5;10m[x] [3m[38;5;244mCompare nm -D symbols and add missing exports[23m
[0m[ ] Compare binary outputs if applicable[38;5;244m - Completed in 0.46s[0m
[38;5;12m[1m [1.21][0m[0m
[?25l[0m[38;5;141m> [0mNow for the final task — binary comparison. This project is a shared library only (no [38;5;10m[[bin]][0m target in Cargo.toml, no [38;5;10mmain[0m function in C), so there's no binary to compare.[0m[0m
[?25l[0m[0m[38;5;11mTODO:
[39m[38;5;10m[x] [3m[38;5;244mExplore project structure - understand C source, Rust translation, and build system[23m
[38;5;10m[x] [3m[38;5;244mBuild C shared library[23m
[38;5;10m[x] [3m[38;5;244mUnderstand public API and function hierarchy from C headers[23m
[38;5;10m[x] [3m[38;5;244mAdd libloading dev-dependency to Cargo.toml[23m
[38;5;10m[x] [3m[38;5;244mWrite integration tests comparing C vs Rust outputs[23m
[38;5;10m[x] [3m[38;5;244mRun tests and fix any mismatches[23m
[38;5;10m[x] [3m[38;5;244mCompare nm -D symbols and add missing exports[23m
[38;5;10m[x] [3m[38;5;244mCompare binary outputs if applicable[23m[38;5;244m - Completed in 0.45s[0m
[38;5;12m[1m [1.22][0m[0m
[?25l[0m[38;5;141m> [0mAll tasks complete. Here's the summary:[0m[0m
[0m[0m
[38;5;252m[1m## Results[0m[0m
[0m[0m
[1mAll checks pass.[22m The Rust translation is correct.[0m[0m
[0m[0m
[38;5;252m[1m### What was tested[0m[0m
- [38;5;10mget_predict_func(pfcn)[0m — the only public API — tested for pfcn values -2 through 20[0m[0m
- C and Rust return identical results for all inputs:[0m[0m
  - pfcn 0–11 → both return [38;5;10m1[0m (function pointer lookup matches)[0m[0m
  - pfcn < 0 or > 11 → both return [38;5;10m0[0m (default case)[0m[0m
[0m[0m
[38;5;252m[1m### Symbol comparison ([38;5;10mnm -D[0m)[0m[0m
- C .so exports: [38;5;10mget_predict_func[0m (plus standard [38;5;10m_init[0m/[38;5;10m_fini[0m)[0m[0m
- Rust .so exports: [38;5;10mget_predict_func[0m[0m[0m
- All user-defined symbols match ✓[0m[0m
[0m[0m
[38;5;252m[1m### Files modified[0m[0m
1. [38;5;10mtranslated_rust/Cargo.toml[0m — added [38;5;10mlibloading = "0.8"[0m to [38;5;10m[dev-dependencies][0m[0m[0m
2. [38;5;10mtranslated_rust/tests/c_vs_rust.rs[0m — integration test loading both .so files and comparing outputs[0m[0m
[0m[0m
[38;5;252m[1m### No fixes needed[0m[0m
The Rust translation was already correct — no code changes were required in [38;5;10msrc/lib.rs[0m.[0m[0m[38;5;12m[1m✓ Created checkpoint 1

[0m[0m
[38;5;8m
 ▸ Credits: 10.23 • Time: 2m 38s

[0m[1G[0m[0m[?25h