[32mAll tools are now trusted ([0m[31m![0m[32m). Kiro will execute tools without asking for confirmation.[0m
Agents can sometimes do unexpected things so understand the risks.

Learn more at [38;5;141mhttps://kiro.dev/docs/cli/chat/security/#using-tools-trust-all-safely[0m


[38;5;12mCheckpoints are not available in this directory. Use '/checkpoint init' to enable checkpoints.

[39m
[38;5;252m[0m[?25l[38;5;141m> [0m[0m[0m
[0m[0m
I'll start by understanding the project structure, then read all source files to build comprehensive tests.[0m[0m
[?25l[0m[0m[38;5;11mTODO:
[39m[0m[ ] Read project structure, Cargo.toml, lib.rs, all C sources, and all Rust sources
[0m[ ] Build and run C code to get ground truth outputs
[0m[ ] Create test files in src/bin/ for every module
[0m[ ] Run cargo test and iterate until all tests pass[38;5;244m - Completed in 0.0s[0m

[?25l[0m[?25l[0m[0mReading directory: [38;5;141m/tmp/harvest-crust-verify-4Oxwe2/project[0m[38;5;244m (using tool: read, max depth: 3, max entries: 1000, excluding: defaults)[0m
[38;5;10m ✓ [0mSuccessfully read directory [38;5;141m/tmp/harvest-crust-verify-4Oxwe2/project[0m [38;5;244m(13 entries)[0m
[38;5;244m - Completed in 0.0s[0m

[?25l[0m[?25l[0m[0mBatch fs_read operation with [38;5;141m4[0m operations[38;5;244m (using tool: read)[0m

↱ Operation 1: Reading file: [38;5;141m/tmp/harvest-crust-verify-4Oxwe2/project/Cargo.toml[0m, all lines
↱ Operation 2: Reading file: [38;5;141m/tmp/harvest-crust-verify-4Oxwe2/project/src/lib.rs[0m, all lines
↱ Operation 3: Reading file: [38;5;141m/tmp/harvest-crust-verify-4Oxwe2/project/c_src/my_regex_test.c[0m, all lines
↱ Operation 4: Reading file: [38;5;141m/tmp/harvest-crust-verify-4Oxwe2/project/c_src/my_regex.h[0m, all lines
[38;5;10m ✓ [0mSuccessfully read [38;5;244m97 bytes[0m from /tmp/harvest-crust-verify-4Oxwe2/project/Cargo.toml

[38;5;10m ✓ [0mSuccessfully read [38;5;244m17 bytes[0m from /tmp/harvest-crust-verify-4Oxwe2/project/src/lib.rs

[38;5;10m ✓ [0mSuccessfully read [38;5;244m395 bytes[0m from /tmp/harvest-crust-verify-4Oxwe2/project/c_src/my_regex_test.c

[38;5;10m ✓ [0mSuccessfully read [38;5;244m58558 bytes[0m from /tmp/harvest-crust-verify-4Oxwe2/project/c_src/my_regex.h

 ⋮ 

[38;5;244m- [0mSummary: 4 operations processed, 4 successful, 0 failed
[38;5;244m - Completed in 0.0s[0m

[?25l[0m[38;5;141m> [0mNow let me read the Rust translation:[0m[0m
[?25l[0m[0mReading file: [38;5;141m/tmp/harvest-crust-verify-4Oxwe2/project/src/my_regex.rs[0m, all lines[38;5;244m (using tool: read)[0m
[38;5;10m ✓ [0mSuccessfully read [38;5;244m34183 bytes[0m from /tmp/harvest-crust-verify-4Oxwe2/project/src/my_regex.rs
[38;5;244m - Completed in 0.0s[0m

[?25l[0m[38;5;141m> [0mNow let me also read the C++ test file for more test cases:[0m[0m
[?25l[0m[0mReading file: [38;5;141m/tmp/harvest-crust-verify-4Oxwe2/project/c_src/my_regex_tests.cpp[0m, all lines[38;5;244m (using tool: read)[0m
[38;5;10m ✓ [0mSuccessfully read [38;5;244m18603 bytes[0m from /tmp/harvest-crust-verify-4Oxwe2/project/c_src/my_regex_tests.cpp
[38;5;244m - Completed in 0.0s[0m

[?25l[0m[38;5;141m> [0mNow I need to build and run the C code to get ground truth outputs. Let me write a C test program that exercises the key functions:[0m[0m
[?25l[0m[0m[38;5;11mTODO:
[39m[38;5;10m[x] [3m[38;5;244mRead project structure, Cargo.toml, lib.rs, all C sources, and all Rust sources[23m
[0m[ ] Build and run C code to get ground truth outputs[38;5;244m - Completed in 0.0s[0m

[?25l[0m[38;5;141m> [0mNow let me write a comprehensive C test program to get ground truth values:[0m[0m
[?25l[0m[0mI'll create the following file: [38;5;141m/tmp/harvest-crust-verify-4Oxwe2/project/c_src/ground_truth.c[0m[38;5;244m (using tool: write)[0m

[48;2;40;67;43m[39m+      1[0m:[39m[48;2;24;38;30m [38;2;180;142;173m#include[38;2;192;197;206m [38;2;192;197;206m"[38;2;163;190;140mmy_regex.h[38;2;192;197;206m"[K
[0m[48;2;40;67;43m[39m+      2[0m:[39m[48;2;24;38;30m [38;2;192;197;206m#include [38;2;192;197;206m<[38;2;163;190;140mstdlib.h[38;2;192;197;206m>[K
[0m[48;2;40;67;43m[39m+      3[0m:[39m[48;2;24;38;30m [K
[0m[48;2;40;67;43m[39m+      4[0m:[39m[48;2;24;38;30m [38;2;101;115;126m//[38;2;101;115;126m Test regex_parse and regex_match with various patterns/texts[K
[0m[48;2;40;67;43m[39m+      5[0m:[39m[48;2;24;38;30m [38;2;101;115;126m// Output format: PARSE|pattern|result|token_count[K
[0m[48;2;40;67;43m[39m+      6[0m:[39m[48;2;24;38;30m [38;2;101;115;126m//                MATCH|pattern|text|start_i|match_len[K
[0m[48;2;40;67;43m[39m+      7[0m:[39m[48;2;24;38;30m [38;2;101;115;126m//                CAPS|pattern|text|cap_slots|match_len|cap0_pos,cap0_span|cap1_pos,cap1_span|...[K
[0m[48;2;40;67;43m[39m+      8[0m:[39m[48;2;24;38;30m [38;2;101;115;126m//                TOKEN|index|kind|mode|count_lo|count_hi|pair_offset|mask0|mask15[K
[0m[48;2;40;67;43m[39m+      9[0m:[39m[48;2;24;38;30m [K
[0m[48;2;40;67;43m[39m+     10[0m:[39m[48;2;24;38;30m [38;2;101;115;126mvoid test_parse_match(const char *pattern, const char *text, size_t start_i) {[K
[0m[48;2;40;67;43m[39m+     11[0m:[39m[48;2;24;38;30m [38;2;101;115;126m    RegexToken tokens[1024];[K
[0m[48;2;40;67;43m[39m+     12[0m:[39m[48;2;24;38;30m [38;2;101;115;126m    int16_t tc = 1024;[K
[0m[48;2;40;67;43m[39m+     13[0m:[39m[48;2;24;38;30m [38;2;101;115;126m    int e = regex_parse(pattern, tokens, &tc, 0);[K
[0m[48;2;40;67;43m[39m+     14[0m:[39m[48;2;24;38;30m [38;2;101;115;126m    printf("PARSE|%s|%d|%d\n", pattern, e, tc);[K
[0m[48;2;40;67;43m[39m+     15[0m:[39m[48;2;24;38;30m [38;2;101;115;126m    if (e != 0) return;[K
[0m[48;2;40;67;43m[39m+     16[0m:[39m[48;2;24;38;30m [38;2;101;115;126m    int64_t ml = regex_match(tokens, text, start_i, 0, 0, 0);[K
[0m[48;2;40;67;43m[39m+     17[0m:[39m[48;2;24;38;30m [38;2;101;115;126m    printf("MATCH|%s|%s|%zu|%zd\n", pattern, text, start_i, ml);[K
[0m[48;2;40;67;43m[39m+     18[0m:[39m[48;2;24;38;30m [38;2;101;115;126m}[K
[0m[48;2;40;67;43m[39m+     19[0m:[39m[48;2;24;38;30m [K
[0m[48;2;40;67;43m[39m+     20[0m:[39m[48;2;24;38;30m [38;2;101;115;126mvoid test_parse_match_caps(const char *pattern, const char *text, uint16_t cap_slots) {[K
[0m[48;2;40;67;43m[39m+     21[0m:[39m[48;2;24;38;30m [38;2;101;115;126m    RegexToken tokens[1024];[K
[0m[48;2;40;67;43m[39m+     22[0m:[39m[48;2;24;38;30m [38;2;101;115;126m    int16_t tc = 1024;[K
[0m[48;2;40;67;43m[39m+     23[0m:[39m[48;2;24;38;30m [38;2;101;115;126m    int e = regex_parse(pattern, tokens, &tc, 0);[K
[0m[48;2;40;67;43m[39m+     24[0m:[39m[48;2;24;38;30m [38;2;101;115;126m    if (e != 0) { printf("PARSE_ERR|%s|%d\n", pattern, e); return; }[K
[0m[48;2;40;67;43m[39m+     25[0m:[39m[48;2;24;38;30m [38;2;101;115;126m    int64_t cap_pos[16];[K
[0m[48;2;40;67;43m[39m+     26[0m:[39m[48;2;24;38;30m [38;2;101;115;126m    int64_t cap_span[16];[K
[0m[48;2;40;67;43m[39m+     27[0m:[39m[48;2;24;38;30m [38;2;101;115;126m    memset(cap_pos, 0xFF, sizeof(cap_pos));[K
[0m[48;2;40;67;43m[39m+     28[0m:[39m[48;2;24;38;30m [38;2;101;115;126m    memset(cap_span, 0xFF, sizeof(cap_span));[K
[0m[48;2;40;67;43m[39m+     29[0m:[39m[48;2;24;38;30m [38;2;101;115;126m    int64_t ml = regex_match(tokens, text, 0, cap_slots, cap_pos, cap_span);[K
[0m[48;2;40;67;43m[39m+     30[0m:[39m[48;2;24;38;30m [38;2;101;115;126m    printf("CAPS|%s|%s|%d|%zd", pattern, text, cap_slots, ml);[K
[0m[48;2;40;67;43m[39m+     31[0m:[39m[48;2;24;38;30m [38;2;101;115;126m    for (int i = 0; i < cap_slots; i++)[K
[0m[48;2;40;67;43m[39m+     32[0m:[39m[48;2;24;38;30m [38;2;101;115;126m        printf("|%zd,%zd", cap_pos[i], cap_span[i]);[K
[0m[48;2;40;67;43m[39m+     33[0m:[39m[48;2;24;38;30m [38;2;101;115;126m    printf("\n");[K
[0m[48;2;40;67;43m[39m+     34[0m:[39m[48;2;24;38;30m [38;2;101;115;126m}[K
[0m[48;2;40;67;43m[39m+     35[0m:[39m[48;2;24;38;30m [K
[0m[48;2;40;67;43m[39m+     36[0m:[39m[48;2;24;38;30m [38;2;101;115;126mvoid test_parse_tokens(const char *pattern) {[K
[0m[48;2;40;67;43m[39m+     37[0m:[39m[48;2;24;38;30m [38;2;101;115;126m    RegexToken tokens[1024];[K
[0m[48;2;40;67;43m[39m+     38[0m:[39m[48;2;24;38;30m [38;2;101;115;126m    int16_t tc = 1024;[K
[0m[48;2;40;67;43m[39m+     39[0m:[39m[48;2;24;38;30m [38;2;101;115;126m    int e = regex_parse(pattern, tokens, &tc, 0);[K
[0m[48;2;40;67;43m[39m+     40[0m:[39m[48;2;24;38;30m [38;2;101;115;126m    if (e != 0) { printf("PARSE_ERR|%s|%d\n", pattern, e); return; }[K
[0m[48;2;40;67;43m[39m+     41[0m:[39m[48;2;24;38;30m [38;2;101;115;126m    for (int i = 0; i < tc; i++) {[K
[0m[48;2;40;67;43m[39m+     42[0m:[39m[48;2;24;38;30m [38;2;101;115;126m        printf("TOKEN|%d|%d|%d|%d|%d|%d|%d|%d\n",[K
[0m[48;2;40;67;43m[39m+     43[0m:[39m[48;2;24;38;30m [38;2;101;115;126m            i, tokens[i].kind, tokens[i].mode, tokens[i].count_lo, tokens[i].count_hi, tokens[i].pair_offset, tokens[i].mask[0], tokens[i].mask[15]);[K
[0m[48;2;40;67;43m[39m+     44[0m:[39m[48;2;24;38;30m [38;2;101;115;126m    }[K
[0m[48;2;40;67;43m[39m+     45[0m:[39m[48;2;24;38;30m [38;2;101;115;126m}[K
[0m[48;2;40;67;43m[39m+     46[0m:[39m[48;2;24;38;30m [K
[0m[48;2;40;67;43m[39m+     47[0m:[39m[48;2;24;38;30m [38;2;101;115;126mvoid test_parse_flags(const char *pattern, int32_t flags) {[K
[0m[48;2;40;67;43m[39m+     48[0m:[39m[48;2;24;38;30m [38;2;101;115;126m    RegexToken tokens[1024];[K
[0m[48;2;40;67;43m[39m+     49[0m:[39m[48;2;24;38;30m [38;2;101;115;126m    int16_t tc = 1024;[K
[0m[48;2;40;67;43m[39m+     50[0m:[39m[48;2;24;38;30m [38;2;101;115;126m    int e = regex_parse(pattern, tokens, &tc, flags);[K
[0m[48;2;40;67;43m[39m+     51[0m:[39m[48;2;24;38;30m [38;2;101;115;126m    printf("PARSE_FLAGS|%s|%d|%d|%d\n", pattern, flags, e, tc);[K
[0m[48;2;40;67;43m[39m+     52[0m:[39m[48;2;24;38;30m [38;2;101;115;126m    if (e == 0) {[K
[0m[48;2;40;67;43m[39m+     53[0m:[39m[48;2;24;38;30m [38;2;101;115;126m        for (int i = 0; i < tc; i++) {[K
[0m[48;2;40;67;43m[39m+     54[0m:[39m[48;2;24;38;30m [38;2;101;115;126m            if (tokens[i].kind == 0) { // NORMAL[K
[0m[48;2;40;67;43m[39m+     55[0m:[39m[48;2;24;38;30m [38;2;101;115;126m                printf("TOKEN_MASK|%d", i);[K
[0m[48;2;40;67;43m[39m+     56[0m:[39m[48;2;24;38;30m [38;2;101;115;126m                for (int m = 0; m < 16; m++) printf("|%d", tokens[i].mask[m]);[K
[0m[48;2;40;67;43m[39m+     57[0m:[39m[48;2;24;38;30m [38;2;101;115;126m                printf("\n");[K
[0m[48;2;40;67;43m[39m+     58[0m:[39m[48;2;24;38;30m [38;2;101;115;126m            }[K
[0m[48;2;40;67;43m[39m+     59[0m:[39m[48;2;24;38;30m [38;2;101;115;126m        }[K
[0m[48;2;40;67;43m[39m+     60[0m:[39m[48;2;24;38;30m [38;2;101;115;126m    }[K
[0m[48;2;40;67;43m[39m+     61[0m:[39m[48;2;24;38;30m [38;2;101;115;126m}[K
[0m[48;2;40;67;43m[39m+     62[0m:[39m[48;2;24;38;30m [K
[0m[48;2;40;67;43m[39m+     63[0m:[39m[48;2;24;38;30m [38;2;101;115;126mint main(void) {[K
[0m[48;2;40;67;43m[39m+     64[0m:[39m[48;2;24;38;30m [38;2;101;115;126m    // === Basic parse + match tests ===[K
[0m[48;2;40;67;43m[39m+     65[0m:[39m[48;2;24;38;30m [38;2;101;115;126m    // Simple literal[K
[0m[48;2;40;67;43m[39m+     66[0m:[39m[48;2;24;38;30m [38;2;101;115;126m    test_parse_match("abc", "abcdef", 0);[K
[0m[48;2;40;67;43m[39m+     67[0m:[39m[48;2;24;38;30m [38;2;101;115;126m    test_parse_match("abc", "xyzabc", 0);[K
[0m[48;2;40;67;43m[39m+     68[0m:[39m[48;2;24;38;30m [38;2;101;115;126m    test_parse_match("abc", "xyzabc", 3);[K
[0m[48;2;40;67;43m[39m+     69[0m:[39m[48;2;24;38;30m [38;2;101;115;126m    [K
[0m[48;2;40;67;43m[39m+     70[0m:[39m[48;2;24;38;30m [38;2;101;115;126m    // Digit patterns[K
[0m[48;2;40;67;43m[39m+     71[0m:[39m[48;2;24;38;30m [38;2;101;115;126m    test_parse_match("[0-9]+\\.[0-9]+", "23.53) ", 0);[K
[0m[48;2;40;67;43m[39m+     72[0m:[39m[48;2;24;38;30m [38;2;101;115;126m    test_parse_match("[0-9]+\\.[0-9]+", ".53) ", 0);[K
[0m[48;2;40;67;43m[39m+     73[0m:[39m[48;2;24;38;30m [38;2;101;115;126m    test_parse_match("[0-9]+\\.[0-9]+", "5.5", 0);[K
[0m[48;2;40;67;43m[39m+     74[0m:[39m[48;2;24;38;30m [38;2;101;115;126m    [K
[0m[48;2;40;67;43m[39m+     75[0m:[39m[48;2;24;38;30m [38;2;101;115;126m    // Quantifiers[K
[0m[48;2;40;67;43m[39m+     76[0m:[39m[48;2;24;38;30m [38;2;101;115;126m    test_parse_match("a?", "a", 0);[K
[0m[48;2;40;67;43m[39m+     77[0m:[39m[48;2;24;38;30m [38;2;101;115;126m    test_parse_match("a?", "", 0);[K
[0m[48;2;40;67;43m[39m+     78[0m:[39m[48;2;24;38;30m [38;2;101;115;126m    test_parse_match("a?", "b", 0);[K
[0m[48;2;40;67;43m[39m+     79[0m:[39m[48;2;24;38;30m [38;2;101;115;126m    test_parse_match("a+", "aaa", 0);[K
[0m[48;2;40;67;43m[39m+     80[0m:[39m[48;2;24;38;30m [38;2;101;115;126m    test_parse_match("a+", "", 0);[K
[0m[48;2;40;67;43m[39m+     81[0m:[39m[48;2;24;38;30m [38;2;101;115;126m    test_parse_match("a*", "aaa", 0);[K
[0m[48;2;40;67;43m[39m+     82[0m:[39m[48;2;24;38;30m [38;2;101;115;126m    test_parse_match("a*", "", 0);[K
[0m[48;2;40;67;43m[39m+     83[0m:[39m[48;2;24;38;30m [38;2;101;115;126m    test_parse_match("a{3}", "aaaa", 0);[K
[0m[48;2;40;67;43m[39m+     84[0m:[39m[48;2;24;38;30m [38;2;101;115;126m    test_parse_match("a{3}", "aa", 0);[K
[0m[48;2;40;67;43m[39m+     85[0m:[39m[48;2;24;38;30m [38;2;101;115;126m    test_parse_match("a{2,4}", "aaaaa", 0);[K
[0m[48;2;40;67;43m[39m+     86[0m:[39m[48;2;24;38;30m [38;2;101;115;126m    test_parse_match("a{2,4}", "a", 0);[K
[0m[48;2;40;67;43m[39m+     87[0m:[39m[48;2;24;38;30m [38;2;101;115;126m    test_parse_match("a{2,}", "aaaaaaa", 0);[K
[0m[48;2;40;67;43m[39m+     88[0m:[39m[48;2;24;38;30m [38;2;101;115;126m    [K
[0m[48;2;40;67;43m[39m+     89[0m:[39m[48;2;24;38;30m [38;2;101;115;126m    // Dot[K
[0m[48;2;40;67;43m[39m+     90[0m:[39m[48;2;24;38;30m [38;2;101;115;126m    test_parse_match(".", "x", 0);[K
[0m[48;2;40;67;43m[39m+     91[0m:[39m[48;2;24;38;30m [38;2;101;115;126m    test_parse_match(".", "", 0);[K
[0m[48;2;40;67;43m[39m+     92[0m:[39m[48;2;24;38;30m [38;2;101;115;126m    test_parse_match(".+", "hello", 0);[K
[0m[48;2;40;67;43m[39m+     93[0m:[39m[48;2;24;38;30m [38;2;101;115;126m    [K
[0m[48;2;40;67;43m[39m+     94[0m:[39m[48;2;24;38;30m [38;2;101;115;126m    // Anchors[K
[0m[48;2;40;67;43m[39m+     95[0m:[39m[48;2;24;38;30m [38;2;101;115;126m    test_parse_match("^abc", "abcdef", 0);[K
[0m[48;2;40;67;43m[39m+     96[0m:[39m[48;2;24;38;30m [38;2;101;115;126m    test_parse_match("^abc", "xabc", 0);[K
[0m[48;2;40;67;43m[39m+     97[0m:[39m[48;2;24;38;30m [38;2;101;115;126m    test_parse_match("abc$", "xyzabc", 0);[K
[0m[48;2;40;67;43m[39m+     98[0m:[39m[48;2;24;38;30m [38;2;101;115;126m    test_parse_match("abc$", "abcx", 0);[K
[0m[48;2;40;67;43m[39m+     99[0m:[39m[48;2;24;38;30m [38;2;101;115;126m    test_parse_match("^abc$", "abc", 0);[K
[0m[48;2;40;67;43m[39m+    100[0m:[39m[48;2;24;38;30m [38;2;101;115;126m    test_parse_match("^abc$", "abcd", 0);[K
[0m[48;2;40;67;43m[39m+    101[0m:[39m[48;2;24;38;30m [38;2;101;115;126m    test_parse_match("^asdf$", "asdf", 0);[K
[0m[48;2;40;67;43m[39m+    102[0m:[39m[48;2;24;38;30m [38;2;101;115;126m    test_parse_match("^asdf", "asdf", 0);[K
[0m[48;2;40;67;43m[39m+    103[0m:[39m[48;2;24;38;30m [38;2;101;115;126m    test_parse_match("asdf$", "asdf", 0);[K
[0m[48;2;40;67;43m[39m+    104[0m:[39m[48;2;24;38;30m [38;2;101;115;126m    [K
[0m[48;2;40;67;43m[39m+    105[0m:[39m[48;2;24;38;30m [38;2;101;115;126m    // Alternation[K
[0m[48;2;40;67;43m[39m+    106[0m:[39m[48;2;24;38;30m [38;2;101;115;126m    test_parse_match("a|b", "a", 0);[K
[0m[48;2;40;67;43m[39m+    107[0m:[39m[48;2;24;38;30m [38;2;101;115;126m    test_parse_match("a|b", "b", 0);[K
[0m[48;2;40;67;43m[39m+    108[0m:[39m[48;2;24;38;30m [38;2;101;115;126m    test_parse_match("a|b", "c", 0);[K
[0m[48;2;40;67;43m[39m+    109[0m:[39m[48;2;24;38;30m [38;2;101;115;126m    test_parse_match("(a|b)c", "ac", 0);[K
[0m[48;2;40;67;43m[39m+    110[0m:[39m[48;2;24;38;30m [38;2;101;115;126m    test_parse_match("(a|b)c", "bc", 0);[K
[0m[48;2;40;67;43m[39m+    111[0m:[39m[48;2;24;38;30m [38;2;101;115;126m    test_parse_match("(a|b)c", "cc", 0);[K
[0m[48;2;40;67;43m[39m+    112[0m:[39m[48;2;24;38;30m [38;2;101;115;126m    [K
[0m[48;2;40;67;43m[39m+    113[0m:[39m[48;2;24;38;30m [38;2;101;115;126m    // Character classes[K
[0m[48;2;40;67;43m[39m+    114[0m:[39m[48;2;24;38;30m [38;2;101;115;126m    test_parse_match("[abc]", "b", 0);[K
[0m[48;2;40;67;43m[39m+    115[0m:[39m[48;2;24;38;30m [38;2;101;115;126m    test_parse_match("[abc]", "d", 0);[K
[0m[48;2;40;67;43m[39m+    116[0m:[39m[48;2;24;38;30m [38;2;101;115;126m    test_parse_match("[^abc]", "d", 0);[K
[0m[48;2;40;67;43m[39m+    117[0m:[39m[48;2;24;38;30m [38;2;101;115;126m    test_parse_match("[^abc]", "a", 0);[K
[0m[48;2;40;67;43m[39m+    118[0m:[39m[48;2;24;38;30m [38;2;101;115;126m    test_parse_match("[a-z]+", "hello", 0);[K
[0m[48;2;40;67;43m[39m+    119[0m:[39m[48;2;24;38;30m [38;2;101;115;126m    test_parse_match("[a-z]+", "HELLO", 0);[K
[0m[48;2;40;67;43m[39m+    120[0m:[39m[48;2;24;38;30m [38;2;101;115;126m    [K
[0m[48;2;40;67;43m[39m+    121[0m:[39m[48;2;24;38;30m [38;2;101;115;126m    // Escape sequences[K
[0m[48;2;40;67;43m[39m+    122[0m:[39m[48;2;24;38;30m [38;2;101;115;126m    test_parse_match("\\d+", "12345", 0);[K
[0m[48;2;40;67;43m[39m+    123[0m:[39m[48;2;24;38;30m [38;2;101;115;126m    test_parse_match("\\d+", "abc", 0);[K
[0m[48;2;40;67;43m[39m+    124[0m:[39m[48;2;24;38;30m [38;2;101;115;126m    test_parse_match("\\w+", "hello_world123", 0);[K
[0m[48;2;40;67;43m[39m+    125[0m:[39m[48;2;24;38;30m [38;2;101;115;126m    test_parse_match("\\s+", "   ", 0);[K
[0m[48;2;40;67;43m[39m+    126[0m:[39m[48;2;24;38;30m [38;2;101;115;126m    test_parse_match("\\s+", "abc", 0);[K
[0m[48;2;40;67;43m[39m+    127[0m:[39m[48;2;24;38;30m [38;2;101;115;126m    test_parse_match("\\D+", "abc", 0);[K
[0m[48;2;40;67;43m[39m+    128[0m:[39m[48;2;24;38;30m [38;2;101;115;126m    test_parse_match("\\W+", "!@#", 0);[K
[0m[48;2;40;67;43m[39m+    129[0m:[39m[48;2;24;38;30m [38;2;101;115;126m    test_parse_match("\\S+", "abc", 0);[K
[0m[48;2;40;67;43m[39m+    130[0m:[39m[48;2;24;38;30m [38;2;101;115;126m    [K
[0m[48;2;40;67;43m[39m+    131[0m:[39m[48;2;24;38;30m [38;2;101;115;126m    // Word boundary[K
[0m[48;2;40;67;43m[39m+    132[0m:[39m[48;2;24;38;30m [38;2;101;115;126m    test_parse_match("asdf\\b", "asdf ", 0);[K
[0m[48;2;40;67;43m[39m+    133[0m:[39m[48;2;24;38;30m [38;2;101;115;126m    test_parse_match("asdf\\b", "asdfg", 0);[K
[0m[48;2;40;67;43m[39m+    134[0m:[39m[48;2;24;38;30m [38;2;101;115;126m    test_parse_match("\\basdf", "asdf", 0);[K
[0m[48;2;40;67;43m[39m+    135[0m:[39m[48;2;24;38;30m [38;2;101;115;126m    test_parse_match("\\basdf", "   asdf", 3);[K
[0m[48;2;40;67;43m[39m+    136[0m:[39m[48;2;24;38;30m [38;2;101;115;126m    test_parse_match("asdf\\B", "asdfg", 0);[K
[0m[48;2;40;67;43m[39m+    137[0m:[39m[48;2;24;38;30m [38;2;101;115;126m    test_parse_match("asdf\\B", "asdf ", 0);[K
[0m[48;2;40;67;43m[39m+    138[0m:[39m[48;2;24;38;30m [38;2;101;115;126m    [K
[0m[48;2;40;67;43m[39m+    139[0m:[39m[48;2;24;38;30m [38;2;101;115;126m    // Groups with quantifiers[K
[0m[48;2;40;67;43m[39m+    140[0m:[39m[48;2;24;38;30m [38;2;101;115;126m    test_parse_match("(ab)+", "ababab", 0);[K
[0m[48;2;40;67;43m[39m+    141[0m:[39m[48;2;24;38;30m [38;2;101;115;126m    test_parse_match("(ab)+", "cd", 0);[K
[0m[48;2;40;67;43m[39m+    142[0m:[39m[48;2;24;38;30m [38;2;101;115;126m    test_parse_match("(ab)*", "ababab", 0);[K
[0m[48;2;40;67;43m[39m+    143[0m:[39m[48;2;24;38;30m [38;2;101;115;126m    test_parse_match("(ab)*", "cd", 0);[K
[0m[48;2;40;67;43m[39m+    144[0m:[39m[48;2;24;38;30m [38;2;101;115;126m    test_parse_match("(ab)?", "ab", 0);[K
[0m[48;2;40;67;43m[39m+    145[0m:[39m[48;2;24;38;30m [38;2;101;115;126m    test_parse_match("(ab)?", "cd", 0);[K
[0m[48;2;40;67;43m[39m+    146[0m:[39m[48;2;24;38;30m [38;2;101;115;126m    [K
[0m[48;2;40;67;43m[39m+    147[0m:[39m[48;2;24;38;30m [38;2;101;115;126m    // Lazy quantifiers[K
[0m[48;2;40;67;43m[39m+    148[0m:[39m[48;2;24;38;30m [38;2;101;115;126m    test_parse_match("a+?", "aaa", 0);[K
[0m[48;2;40;67;43m[39m+    149[0m:[39m[48;2;24;38;30m [38;2;101;115;126m    test_parse_match("a*?", "aaa", 0);[K
[0m[48;2;40;67;43m[39m+    150[0m:[39m[48;2;24;38;30m [38;2;101;115;126m    test_parse_match("a??", "a", 0);[K
[0m[48;2;40;67;43m[39m+    151[0m:[39m[48;2;24;38;30m [38;2;101;115;126m    test_parse_match("(a+?)a{9}", "aaaaaaaaaa", 0);[K
[0m[48;2;40;67;43m[39m+    152[0m:[39m[48;2;24;38;30m [38;2;101;115;126m    [K
[0m[48;2;40;67;43m[39m+    153[0m:[39m[48;2;24;38;30m [38;2;101;115;126m    // Non-capturing groups[K
[0m[48;2;40;67;43m[39m+    154[0m:[39m[48;2;24;38;30m [38;2;101;115;126m    test_parse_match("(?:ab)+", "ababab", 0);[K
[0m[48;2;40;67;43m[39m+    155[0m:[39m[48;2;24;38;30m [38;2;101;115;126m    [K
[0m[48;2;40;67;43m[39m+    156[0m:[39m[48;2;24;38;30m [38;2;101;115;126m    // Complex patterns from the test suite[K
[0m[48;2;40;67;43m[39m+    157[0m:[39m[48;2;24;38;30m [38;2;101;115;126m    test_parse_match("(b|a|as|q)*X", "asqbX", 0);[K
[0m[48;2;40;67;43m[39m+    158[0m:[39m[48;2;24;38;30m [38;2;101;115;126m    test_parse_match("(b|a|as|q)*?X", "asqbX", 0);[K
[0m[48;2;40;67;43m[39m+    159[0m:[39m[48;2;24;38;30m [38;2;101;115;126m    test_parse_match("(b|a|as|q)+X", "asqbX", 0);[K
[0m[48;2;40;67;43m[39m+    160[0m:[39m[48;2;24;38;30m [38;2;101;115;126m    test_parse_match("(b|a|as|q|)*X", "asqbX", 0);[K
[0m[48;2;40;67;43m[39m+    161[0m:[39m[48;2;24;38;30m [38;2;101;115;126m    test_parse_match("(b|a|as|q|)*?X", "asqbX", 0);[K
[0m[48;2;40;67;43m[39m+    162[0m:[39m[48;2;24;38;30m [38;2;101;115;126m    [K
[0m[48;2;40;67;43m[39m+    163[0m:[39m[48;2;24;38;30m [38;2;101;115;126m    test_parse_match("((a)|(b))+", "aaaaaabbbabaqa", 0);[K
[0m[48;2;40;67;43m[39m+    164[0m:[39m[48;2;24;38;30m [38;2;101;115;126m    test_parse_match("((a)|(b))++", "aaaaaabbbabaqa", 0);[K
[0m[48;2;40;67;43m[39m+    165[0m:[39m[48;2;24;38;30m [38;2;101;115;126m    test_parse_match("((a)|(b))+?", "aaaaaabbbabaqa", 0);[K
[0m[48;2;40;67;43m[39m+    166[0m:[39m[48;2;24;38;30m [38;2;101;115;126m    test_parse_match("((a)|(b))*", "aaaaaabbbabaqa", 0);[K
[0m[48;2;40;67;43m[39m+    167[0m:[39m[48;2;24;38;30m [38;2;101;115;126m    [K
[0m[48;2;40;67;43m[39m+    168[0m:[39m[48;2;24;38;30m [38;2;101;115;126m    // Edge cases[K
[0m[48;2;40;67;43m[39m+    169[0m:[39m[48;2;24;38;30m [38;2;101;115;126m    test_parse_match("(a?)*a{10}", "aaaaaaaaaa", 0);[K
[0m[48;2;40;67;43m[39m+    170[0m:[39m[48;2;24;38;30m [38;2;101;115;126m    test_parse_match("(a?)*?a{10}", "aaaaaaaaaa", 0);[K
[0m[48;2;40;67;43m[39m+    171[0m:[39m[48;2;24;38;30m [38;2;101;115;126m    test_parse_match("(a)+a{9}", "aaaaaaaaaa", 0);[K
[0m[48;2;40;67;43m[39m+    172[0m:[39m[48;2;24;38;30m [38;2;101;115;126m    test_parse_match("(a)+?a{9}", "aaaaaaaaaa", 0);[K
[0m[48;2;40;67;43m[39m+    173[0m:[39m[48;2;24;38;30m [38;2;101;115;126m    [K
[0m[48;2;40;67;43m[39m+    174[0m:[39m[48;2;24;38;30m [38;2;101;115;126m    test_parse_match("()", "a", 0);[K
[0m[48;2;40;67;43m[39m+    175[0m:[39m[48;2;24;38;30m [38;2;101;115;126m    test_parse_match("(a|)*b", "aab", 0);[K
[0m[48;2;40;67;43m[39m+    176[0m:[39m[48;2;24;38;30m [38;2;101;115;126m    test_parse_match("a()a", "aa", 0);[K
[0m[48;2;40;67;43m[39m+    177[0m:[39m[48;2;24;38;30m [38;2;101;115;126m    test_parse_match("a(|)a", "aa", 0);[K
[0m[48;2;40;67;43m[39m+    178[0m:[39m[48;2;24;38;30m [38;2;101;115;126m    [K
[0m[48;2;40;67;43m[39m+    179[0m:[39m[48;2;24;38;30m [38;2;101;115;126m    // Possessive[K
[0m[48;2;40;67;43m[39m+    180[0m:[39m[48;2;24;38;30m [38;2;101;115;126m    test_parse_match("a++ab", "aaab", 0);[K
[0m[48;2;40;67;43m[39m+    181[0m:[39m[48;2;24;38;30m [38;2;101;115;126m    test_parse_match("(b|a|)*+", "asqb", 0);[K
[0m[48;2;40;67;43m[39m+    182[0m:[39m[48;2;24;38;30m [38;2;101;115;126m    test_parse_match("(a|)*+b", "aab", 0);[K
[0m[48;2;40;67;43m[39m+    183[0m:[39m[48;2;24;38;30m [38;2;101;115;126m    [K
[0m[48;2;40;67;43m[39m+    184[0m:[39m[48;2;24;38;30m [38;2;101;115;126m    // More complex[K
[0m[48;2;40;67;43m[39m+    185[0m:[39m[48;2;24;38;30m [38;2;101;115;126m    test_parse_match("^a(bc+|b[eh])g|.h$", "abh", 0);[K
[0m[48;2;40;67;43m[39m+    186[0m:[39m[48;2;24;38;30m [38;2;101;115;126m    test_parse_match("(bc+d$|ef*g.|h?i(j|k))", "effgz", 0);[K
[0m[48;2;40;67;43m[39m+    187[0m:[39m[48;2;24;38;30m [38;2;101;115;126m    test_parse_match("(bc+d$|ef*g.|h?i(j|k))", "ij", 0);[K
[0m[48;2;40;67;43m[39m+    188[0m:[39m[48;2;24;38;30m [38;2;101;115;126m    test_parse_match("(bc+d$|ef*g.|h?i(j|k))", "effg", 0);[K
[0m[48;2;40;67;43m[39m+    189[0m:[39m[48;2;24;38;30m [38;2;101;115;126m    test_parse_match("(bc+d$|ef*g.|h?i(j|k))", "bcdd", 0);[K
[0m[48;2;40;67;43m[39m+    190[0m:[39m[48;2;24;38;30m [38;2;101;115;126m    test_parse_match("(bc+d$|ef*g.|h?i(j|k))", "reffgz", 0);[K
[0m[48;2;40;67;43m[39m+    191[0m:[39m[48;2;24;38;30m [38;2;101;115;126m    [K
[0m[48;2;40;67;43m[39m+    192[0m:[39m[48;2;24;38;30m [38;2;101;115;126m    // Email-like[K
[0m[48;2;40;67;43m[39m+    193[0m:[39m[48;2;24;38;30m [38;2;101;115;126m    test_parse_match("\\w+", "testacc", 0);[K
[0m[48;2;40;67;43m[39m+    194[0m:[39m[48;2;24;38;30m [38;2;101;115;126m    test_parse_match("(\\w+\\.)+", "aa.bb.cc.dd", 0);[K
[0m[48;2;40;67;43m[39m+    195[0m:[39m[48;2;24;38;30m [38;2;101;115;126m    test_parse_match("([a-z][a-z0-9]*,)+", "a5,b7,c9,", 0);[K
[0m[48;2;40;67;43m[39m+    196[0m:[39m[48;2;24;38;30m [38;2;101;115;126m    [K
[0m[48;2;40;67;43m[39m+    197[0m:[39m[48;2;24;38;30m [38;2;101;115;126m    // Empty pattern[K
[0m[48;2;40;67;43m[39m+    198[0m:[39m[48;2;24;38;30m [38;2;101;115;126m    test_parse_match("", "anything", 0);[K
[0m[48;2;40;67;43m[39m+    199[0m:[39m[48;2;24;38;30m [38;2;101;115;126m    [K
[0m[48;2;40;67;43m[39m+    200[0m:[39m[48;2;24;38;30m [38;2;101;115;126m    // Dot with flag[K
[0m[48;2;40;67;43m[39m+    201[0m:[39m[48;2;24;38;30m [38;2;101;115;126m    test_parse_flags(".", REMIMU_FLAG_DOT_NO_NEWLINES);[K
[0m[48;2;40;67;43m[39m+    202[0m:[39m[48;2;24;38;30m [38;2;101;115;126m    test_parse_flags(".", 0);[K
[0m[48;2;40;67;43m[39m+    203[0m:[39m[48;2;24;38;30m [38;2;101;115;126m    [K
[0m[48;2;40;67;43m[39m+    204[0m:[39m[48;2;24;38;30m [38;2;101;115;126m    // Various match results[K
[0m[48;2;40;67;43m[39m+    205[0m:[39m[48;2;24;38;30m [38;2;101;115;126m    test_parse_match(".*asdf", "XXXasdf", 0);[K
[0m[48;2;40;67;43m[39m+    206[0m:[39m[48;2;24;38;30m [38;2;101;115;126m    test_parse_match(".*asdf$", "XXXasdf", 0);[K
[0m[48;2;40;67;43m[39m+    207[0m:[39m[48;2;24;38;30m [38;2;101;115;126m    test_parse_match("(b|a)*b", "aaaaaaaaaaaaaab", 0);[K
[0m[48;2;40;67;43m[39m+    208[0m:[39m[48;2;24;38;30m [38;2;101;115;126m    test_parse_match("(b|a)*?b", "aaaaaaaaaaaaaab", 0);[K
[0m[48;2;40;67;43m[39m+    209[0m:[39m[48;2;24;38;30m [38;2;101;115;126m    test_parse_match("(b|a|)*bb", "aaaaaaaaaaaaaab", 0);[K
[0m[48;2;40;67;43m[39m+    210[0m:[39m[48;2;24;38;30m [38;2;101;115;126m    test_parse_match("(b|a|)*?bb", "aaaaaaaaaaaaaab", 0);[K
[0m[48;2;40;67;43m[39m+    211[0m:[39m[48;2;24;38;30m [38;2;101;115;126m    [K
[0m[48;2;40;67;43m[39m+    212[0m:[39m[48;2;24;38;30m [38;2;101;115;126m    // === Capture tests ===[K
[0m[48;2;40;67;43m[39m+    213[0m:[39m[48;2;24;38;30m [38;2;101;115;126m    test_parse_match_caps("((a)|(b))++", "aaaaaabbbabaqa", 5);[K
[0m[48;2;40;67;43m[39m+    214[0m:[39m[48;2;24;38;30m [38;2;101;115;126m    test_parse_match_caps("(\\w+)", "hello", 2);[K
[0m[48;2;40;67;43m[39m+    215[0m:[39m[48;2;24;38;30m [38;2;101;115;126m    test_parse_match_caps("(a)(b)(c)", "abc", 4);[K
[0m[48;2;40;67;43m[39m+    216[0m:[39m[48;2;24;38;30m [38;2;101;115;126m    test_parse_match_caps("(a+)(b+)", "aaabbb", 3);[K
[0m[48;2;40;67;43m[39m+    217[0m:[39m[48;2;24;38;30m [38;2;101;115;126m    test_parse_match_caps("(a|(b))+", "abab", 3);[K
[0m[48;2;40;67;43m[39m+    218[0m:[39m[48;2;24;38;30m [38;2;101;115;126m    test_parse_match_caps("((a)|(b))+", "aaaaaabbbabaqa", 4);[K
[0m[48;2;40;67;43m[39m+    219[0m:[39m[48;2;24;38;30m [38;2;101;115;126m    test_parse_match_caps("(\\d)*?\\.(\\d)+", "123.456", 3);[K
[0m[48;2;40;67;43m[39m+    220[0m:[39m[48;2;24;38;30m [38;2;101;115;126m    test_parse_match_caps("([0-9])*?\\.([0-9])+", "123.456", 3);[K
[0m[48;2;40;67;43m[39m+    221[0m:[39m[48;2;24;38;30m [38;2;101;115;126m    test_parse_match_caps("([0-9]){3,5}?\\.([0-9])+", "12345.678", 3);[K
[0m[48;2;40;67;43m[39m+    222[0m:[39m[48;2;24;38;30m [38;2;101;115;126m    test_parse_match_caps("(a)(b)?", "a", 3);[K
[0m[48;2;40;67;43m[39m+    223[0m:[39m[48;2;24;38;30m [38;2;101;115;126m    test_parse_match_caps("(a)(b)?", "ab", 3);[K
[0m[48;2;40;67;43m[39m+    224[0m:[39m[48;2;24;38;30m [38;2;101;115;126m    test_parse_match_caps("(a*)(b*)", "aaabbb", 3);[K
[0m[48;2;40;67;43m[39m+    225[0m:[39m[48;2;24;38;30m [38;2;101;115;126m    test_parse_match_caps("(a+?)(a*)", "aaaa", 3);[K
[0m[48;2;40;67;43m[39m+    226[0m:[39m[48;2;24;38;30m [38;2;101;115;126m    test_parse_match_caps("(\\s)(\\w+)", " hello", 3);[K
[0m[48;2;40;67;43m[39m+    227[0m:[39m[48;2;24;38;30m [38;2;101;115;126m    [K
[0m[48;2;40;67;43m[39m+    228[0m:[39m[48;2;24;38;30m [38;2;101;115;126m    // === Token structure tests ===[K
[0m[48;2;40;67;43m[39m+    229[0m:[39m[48;2;24;38;30m [38;2;101;115;126m    test_parse_tokens("abc");[K
[0m[48;2;40;67;43m[39m+    230[0m:[39m[48;2;24;38;30m [38;2;101;115;126m    test_parse_tokens("[0-9]+");[K
[0m[48;2;40;67;43m[39m+    231[0m:[39m[48;2;24;38;30m [38;2;101;115;126m    test_parse_tokens("(a|b)");[K
[0m[48;2;40;67;43m[39m+    232[0m:[39m[48;2;24;38;30m [38;2;101;115;126m    test_parse_tokens("a{2,5}");[K
[0m[48;2;40;67;43m[39m+    233[0m:[39m[48;2;24;38;30m [38;2;101;115;126m    test_parse_tokens("(?:ab)");[K
[0m[48;2;40;67;43m[39m+    234[0m:[39m[48;2;24;38;30m [38;2;101;115;126m    test_parse_tokens("^abc$");[K
[0m[48;2;40;67;43m[39m+    235[0m:[39m[48;2;24;38;30m [38;2;101;115;126m    test_parse_tokens("\\d\\w\\s");[K
[0m[48;2;40;67;43m[39m+    236[0m:[39m[48;2;24;38;30m [38;2;101;115;126m    [K
[0m[48;2;40;67;43m[39m+    237[0m:[39m[48;2;24;38;30m [38;2;101;115;126m    // === Parse error tests ===[K
[0m[48;2;40;67;43m[39m+    238[0m:[39m[48;2;24;38;30m [38;2;101;115;126m    {[K
[0m[48;2;40;67;43m[39m+    239[0m:[39m[48;2;24;38;30m [38;2;101;115;126m        RegexToken tokens[1024];[K
[0m[48;2;40;67;43m[39m+    240[0m:[39m[48;2;24;38;30m [38;2;101;115;126m        int16_t tc = 1024;[K
[0m[48;2;40;67;43m[39m+    241[0m:[39m[48;2;24;38;30m [38;2;101;115;126m        int e;[K
[0m[48;2;40;67;43m[39m+    242[0m:[39m[48;2;24;38;30m [38;2;101;115;126m        [K
[0m[48;2;40;67;43m[39m+    243[0m:[39m[48;2;24;38;30m [38;2;101;115;126m        e = regex_parse("(", tokens, &tc, 0);[K
[0m[48;2;40;67;43m[39m+    244[0m:[39m[48;2;24;38;30m [38;2;101;115;126m        printf("PARSE_ERR|(|%d\n", e);[K
[0m[48;2;40;67;43m[39m+    245[0m:[39m[48;2;24;38;30m [38;2;101;115;126m        [K
[0m[48;2;40;67;43m[39m+    246[0m:[39m[48;2;24;38;30m [38;2;101;115;126m        tc = 1024;[K
[0m[48;2;40;67;43m[39m+    247[0m:[39m[48;2;24;38;30m [38;2;101;115;126m        e = regex_parse(")", tokens, &tc, 0);[K
[0m[48;2;40;67;43m[39m+    248[0m:[39m[48;2;24;38;30m [38;2;101;115;126m        printf("PARSE_ERR|)|%d\n", e);[K
[0m[48;2;40;67;43m[39m+    249[0m:[39m[48;2;24;38;30m [38;2;101;115;126m        [K
[0m[48;2;40;67;43m[39m+    250[0m:[39m[48;2;24;38;30m [38;2;101;115;126m        tc = 1024;[K
[0m[48;2;40;67;43m[39m+    251[0m:[39m[48;2;24;38;30m [38;2;101;115;126m        e = regex_parse("[", tokens, &tc, 0);[K
[0m[48;2;40;67;43m[39m+    252[0m:[39m[48;2;24;38;30m [38;2;101;115;126m        printf("PARSE_ERR|[|%d\n", e);[K
[0m[48;2;40;67;43m[39m+    253[0m:[39m[48;2;24;38;30m [38;2;101;115;126m        [K
[0m[48;2;40;67;43m[39m+    254[0m:[39m[48;2;24;38;30m [38;2;101;115;126m        tc = 1024;[K
[0m[48;2;40;67;43m[39m+    255[0m:[39m[48;2;24;38;30m [38;2;101;115;126m        e = regex_parse("*", tokens, &tc, 0);[K
[0m[48;2;40;67;43m[39m+    256[0m:[39m[48;2;24;38;30m [38;2;101;115;126m        printf("PARSE_ERR|*|%d\n", e);[K
[0m[48;2;40;67;43m[39m+    257[0m:[39m[48;2;24;38;30m [38;2;101;115;126m        [K
[0m[48;2;40;67;43m[39m+    258[0m:[39m[48;2;24;38;30m [38;2;101;115;126m        tc = 1024;[K
[0m[48;2;40;67;43m[39m+    259[0m:[39m[48;2;24;38;30m [38;2;101;115;126m        e = regex_parse("+", tokens, &tc, 0);[K
[0m[48;2;40;67;43m[39m+    260[0m:[39m[48;2;24;38;30m [38;2;101;115;126m        printf("PARSE_ERR|+|%d\n", e);[K
[0m[48;2;40;67;43m[39m+    261[0m:[39m[48;2;24;38;30m [38;2;101;115;126m        [K
[0m[48;2;40;67;43m[39m+    262[0m:[39m[48;2;24;38;30m [38;2;101;115;126m        tc = 1024;[K
[0m[48;2;40;67;43m[39m+    263[0m:[39m[48;2;24;38;30m [38;2;101;115;126m        e = regex_parse("?", tokens, &tc, 0);[K
[0m[48;2;40;67;43m[39m+    264[0m:[39m[48;2;24;38;30m [38;2;101;115;126m        printf("PARSE_ERR|?|%d\n", e);[K
[0m[48;2;40;67;43m[39m+    265[0m:[39m[48;2;24;38;30m [38;2;101;115;126m        [K
[0m[48;2;40;67;43m[39m+    266[0m:[39m[48;2;24;38;30m [38;2;101;115;126m        tc = 1024;[K
[0m[48;2;40;67;43m[39m+    267[0m:[39m[48;2;24;38;30m [38;2;101;115;126m        e = regex_parse("\\", tokens, &tc, 0);[K
[0m[48;2;40;67;43m[39m+    268[0m:[39m[48;2;24;38;30m [38;2;101;115;126m        printf("PARSE_ERR|\\|%d\n", e);[K
[0m[48;2;40;67;43m[39m+    269[0m:[39m[48;2;24;38;30m [38;2;101;115;126m        [K
[0m[48;2;40;67;43m[39m+    270[0m:[39m[48;2;24;38;30m [38;2;101;115;126m        tc = 1024;[K
[0m[48;2;40;67;43m[39m+    271[0m:[39m[48;2;24;38;30m [38;2;101;115;126m        e = regex_parse("a{5,3}", tokens, &tc, 0);[K
[0m[48;2;40;67;43m[39m+    272[0m:[39m[48;2;24;38;30m [38;2;101;115;126m        printf("PARSE_ERR|a{5,3}|%d\n", e);[K
[0m[48;2;40;67;43m[39m+    273[0m:[39m[48;2;24;38;30m [38;2;101;115;126m        [K
[0m[48;2;40;67;43m[39m+    274[0m:[39m[48;2;24;38;30m [38;2;101;115;126m        tc = 1024;[K
[0m[48;2;40;67;43m[39m+    275[0m:[39m[48;2;24;38;30m [38;2;101;115;126m        e = regex_parse("(()", tokens, &tc, 0);[K
[0m[48;2;40;67;43m[39m+    276[0m:[39m[48;2;24;38;30m [38;2;101;115;126m        printf("PARSE_ERR|(()| %d\n", e);[K
[0m[48;2;40;67;43m[39m+    277[0m:[39m[48;2;24;38;30m [38;2;101;115;126m    }[K
[0m[48;2;40;67;43m[39m+    278[0m:[39m[48;2;24;38;30m [38;2;101;115;126m    [K
[0m[48;2;40;67;43m[39m+    279[0m:[39m[48;2;24;38;30m [38;2;101;115;126m    // Small buffer test[K
[0m[48;2;40;67;43m[39m+    280[0m:[39m[48;2;24;38;30m [38;2;101;115;126m    {[K
[0m[48;2;40;67;43m[39m+    281[0m:[39m[48;2;24;38;30m [38;2;101;115;126m        RegexToken tokens[3];[K
[0m[48;2;40;67;43m[39m+    282[0m:[39m[48;2;24;38;30m [38;2;101;115;126m        int16_t tc = 3;[K
[0m[48;2;40;67;43m[39m+    283[0m:[39m[48;2;24;38;30m [38;2;101;115;126m        int e = regex_parse("abcdef", tokens, &tc, 0);[K
[0m[48;2;40;67;43m[39m+    284[0m:[39m[48;2;24;38;30m [38;2;101;115;126m        printf("SMALL_BUF|abcdef|%d\n", e);[K
[0m[48;2;40;67;43m[39m+    285[0m:[39m[48;2;24;38;30m [38;2;101;115;126m    }[K
[0m[48;2;40;67;43m[39m+    286[0m:[39m[48;2;24;38;30m [38;2;101;115;126m    [K
[0m[48;2;40;67;43m[39m+    287[0m:[39m[48;2;24;38;30m [38;2;101;115;126m    // start_i tests[K
[0m[48;2;40;67;43m[39m+    288[0m:[39m[48;2;24;38;30m [38;2;101;115;126m    test_parse_match("abc", "xxxabc", 3);[K
[0m[48;2;40;67;43m[39m+    289[0m:[39m[48;2;24;38;30m [38;2;101;115;126m    test_parse_match("abc", "xxxabc", 0);[K
[0m[48;2;40;67;43m[39m+    290[0m:[39m[48;2;24;38;30m [38;2;101;115;126m    test_parse_match("\\bfoo", "bar foo", 4);[K
[0m[48;2;40;67;43m[39m+    291[0m:[39m[48;2;24;38;30m [38;2;101;115;126m    [K
[0m[48;2;40;67;43m[39m+    292[0m:[39m[48;2;24;38;30m [38;2;101;115;126m    // More edge cases from the C++ test suite[K
[0m[48;2;40;67;43m[39m+    293[0m:[39m[48;2;24;38;30m [38;2;101;115;126m    test_parse_match("(ab?)b", "aba) ", 0);[K
[0m[48;2;40;67;43m[39m+    294[0m:[39m[48;2;24;38;30m [38;2;101;115;126m    test_parse_match("(ab?)*b", "abba) ", 0);[K
[0m[48;2;40;67;43m[39m+    295[0m:[39m[48;2;24;38;30m [38;2;101;115;126m    test_parse_match("(ab?)*?b", "abbc) ", 0);[K
[0m[48;2;40;67;43m[39m+    296[0m:[39m[48;2;24;38;30m [38;2;101;115;126m    test_parse_match("(a|a|ab)bc", "abc) ", 0);[K
[0m[48;2;40;67;43m[39m+    297[0m:[39m[48;2;24;38;30m [38;2;101;115;126m    test_parse_match("(ab|ab|a)bc", "abc) ", 0);[K
[0m[48;2;40;67;43m[39m+    298[0m:[39m[48;2;24;38;30m [38;2;101;115;126m    test_parse_match("\\d\\.\\d", "5.5", 0);[K
[0m[48;2;40;67;43m[39m+    299[0m:[39m[48;2;24;38;30m [38;2;101;115;126m    test_parse_match("\\d*\\.\\d*", "5.5", 0);[K
[0m[48;2;40;67;43m[39m+    300[0m:[39m[48;2;24;38;30m [38;2;101;115;126m    test_parse_match("(a|ab)*b", "aaaaabbbbbbbx", 0);[K
[0m[48;2;40;67;43m[39m+    301[0m:[39m[48;2;24;38;30m [38;2;101;115;126m    test_parse_match("(ab?)*?b", "aaaaabbbbbbbx", 0);[K
[0m[48;2;40;67;43m[39m+    302[0m:[39m[48;2;24;38;30m [38;2;101;115;126m    test_parse_match("a*a*?", "aaaa", 0);[K
[0m[48;2;40;67;43m[39m+    303[0m:[39m[48;2;24;38;30m [38;2;101;115;126m    test_parse_match("a*?a*", "aaaa", 0);[K
[0m[48;2;40;67;43m[39m+    304[0m:[39m[48;2;24;38;30m [38;2;101;115;126m    test_parse_match("(b|a)*b", "bbbbbbb", 0);[K
[0m[48;2;40;67;43m[39m+    305[0m:[39m[48;2;24;38;30m [38;2;101;115;126m    test_parse_match("(b|a)*?b", "bbbbbbb", 0);[K
[0m[48;2;40;67;43m[39m+    306[0m:[39m[48;2;24;38;30m [38;2;101;115;126m    test_parse_match("(b|a|)*", "asqb", 0);[K
[0m[48;2;40;67;43m[39m+    307[0m:[39m[48;2;24;38;30m [38;2;101;115;126m    test_parse_match("(|a)+", "aaaa", 0);[K
[0m[48;2;40;67;43m[39m+    308[0m:[39m[48;2;24;38;30m [38;2;101;115;126m    test_parse_match("(|a)+?", "aaaa", 0);[K
[0m[48;2;40;67;43m[39m+    309[0m:[39m[48;2;24;38;30m [38;2;101;115;126m    test_parse_match("()+", "aaaa", 0);[K
[0m[48;2;40;67;43m[39m+    310[0m:[39m[48;2;24;38;30m [38;2;101;115;126m    test_parse_match("()+?", "aaaa", 0);[K
[0m[48;2;40;67;43m[39m+    311[0m:[39m[48;2;24;38;30m [38;2;101;115;126m    test_parse_match("(|)+?", "aaaa", 0);[K
[0m[48;2;40;67;43m[39m+    312[0m:[39m[48;2;24;38;30m [38;2;101;115;126m    test_parse_match("a(|)*a", "aa", 0);[K
[0m[48;2;40;67;43m[39m+    313[0m:[39m[48;2;24;38;30m [38;2;101;115;126m    test_parse_match("a(|)*?a", "aa", 0);[K
[0m[48;2;40;67;43m[39m+    314[0m:[39m[48;2;24;38;30m [38;2;101;115;126m    [K
[0m[48;2;40;67;43m[39m+    315[0m:[39m[48;2;24;38;30m [38;2;101;115;126m    // Escaped special chars in patterns[K
[0m[48;2;40;67;43m[39m+    316[0m:[39m[48;2;24;38;30m [38;2;101;115;126m    test_parse_match("\\.", ".", 0);[K
[0m[48;2;40;67;43m[39m+    317[0m:[39m[48;2;24;38;30m [38;2;101;115;126m    test_parse_match("\\.", "a", 0);[K
[0m[48;2;40;67;43m[39m+    318[0m:[39m[48;2;24;38;30m [38;2;101;115;126m    test_parse_match("\\*", "*", 0);[K
[0m[48;2;40;67;43m[39m+    319[0m:[39m[48;2;24;38;30m [38;2;101;115;126m    test_parse_match("\\+", "+", 0);[K
[0m[48;2;40;67;43m[39m+    320[0m:[39m[48;2;24;38;30m [38;2;101;115;126m    test_parse_match("\\?", "?", 0);[K
[0m[48;2;40;67;43m[39m+    321[0m:[39m[48;2;24;38;30m [38;2;101;115;126m    test_parse_match("\\(", "(", 0);[K
[0m[48;2;40;67;43m[39m+    322[0m:[39m[48;2;24;38;30m [38;2;101;115;126m    test_parse_match("\\)", ")", 0);[K
[0m[48;2;40;67;43m[39m+    323[0m:[39m[48;2;24;38;30m [38;2;101;115;126m    test_parse_match("\\[", "[", 0);[K
[0m[48;2;40;67;43m[39m+    324[0m:[39m[48;2;24;38;30m [38;2;101;115;126m    test_parse_match("\\]", "]", 0);[K
[0m[48;2;40;67;43m[39m+    325[0m:[39m[48;2;24;38;30m [38;2;101;115;126m    test_parse_match("\\{", "{", 0);[K
[0m[48;2;40;67;43m[39m+    326[0m:[39m[48;2;24;38;30m [38;2;101;115;126m    test_parse_match("\\}", "}", 0);[K
[0m[48;2;40;67;43m[39m+    327[0m:[39m[48;2;24;38;30m [38;2;101;115;126m    test_parse_match("\\|", "|", 0);[K
[0m[48;2;40;67;43m[39m+    328[0m:[39m[48;2;24;38;30m [38;2;101;115;126m    test_parse_match("\\^", "^", 0);[K
[0m[48;2;40;67;43m[39m+    329[0m:[39m[48;2;24;38;30m [38;2;101;115;126m    test_parse_match("\\$", "$", 0);[K
[0m[48;2;40;67;43m[39m+    330[0m:[39m[48;2;24;38;30m [38;2;101;115;126m    test_parse_match("\\\\", "\\", 0);[K
[0m[48;2;40;67;43m[39m+    331[0m:[39m[48;2;24;38;30m [38;2;101;115;126m    test_parse_match("\\/", "/", 0);[K
[0m[48;2;40;67;43m[39m+    332[0m:[39m[48;2;24;38;30m [38;2;101;115;126m    test_parse_match("\\-", "-", 0);[K
[0m[48;2;40;67;43m[39m+    333[0m:[39m[48;2;24;38;30m [38;2;101;115;126m    test_parse_match("\\:", ":", 0);[K
[0m[48;2;40;67;43m[39m+    334[0m:[39m[48;2;24;38;30m [38;2;101;115;126m    [K
[0m[48;2;40;67;43m[39m+    335[0m:[39m[48;2;24;38;30m [38;2;101;115;126m    // Escape sequences[K
[0m[48;2;40;67;43m[39m+    336[0m:[39m[48;2;24;38;30m [38;2;101;115;126m    test_parse_match("\\n", "\n", 0);[K
[0m[48;2;40;67;43m[39m+    337[0m:[39m[48;2;24;38;30m [38;2;101;115;126m    test_parse_match("\\r", "\r", 0);[K
[0m[48;2;40;67;43m[39m+    338[0m:[39m[48;2;24;38;30m [38;2;101;115;126m    test_parse_match("\\t", "\t", 0);[K
[0m[48;2;40;67;43m[39m+    339[0m:[39m[48;2;24;38;30m [38;2;101;115;126m    [K
[0m[48;2;40;67;43m[39m+    340[0m:[39m[48;2;24;38;30m [38;2;101;115;126m    return 0;[K
[0m[48;2;40;67;43m[39m+    341[0m:[39m[48;2;24;38;30m [38;2;101;115;126m}[K
[0m[K
Creating: [38;5;141m/tmp/harvest-crust-verify-4Oxwe2/project/c_src/ground_truth.c[0m
[38;5;244m - Completed in 0.20s[0m

[?25l[0m[?25l[0m[0mI will run the following command: [38;5;141mcd /tmp/harvest-crust-verify-4Oxwe2/project/c_src && gcc -o ground_truth ground_truth.c -lm 2>&1 && echo "BUILD OK"[0m[38;5;244m (using tool: shell)[0m

BUILD OK
[38;5;244m - Completed in 0.149s[0m

[?25l[0m[?25l[0m[0mI will run the following command: [38;5;141mcd /tmp/harvest-crust-verify-4Oxwe2/project/c_src && ./ground_truth 2>&1[0m[38;5;244m (using tool: shell)[0m

PARSE|abc|0|6
MATCH|abc|abcdef|0|3
PARSE|abc|0|6
MATCH|abc|xyzabc|0|-1
PARSE|abc|0|6
MATCH|abc|xyzabc|3|6
PARSE|[0-9]+\.[0-9]+|0|6
MATCH|[0-9]+\.[0-9]+|23.53) |0|5
PARSE|[0-9]+\.[0-9]+|0|6
MATCH|[0-9]+\.[0-9]+|.53) |0|-1
PARSE|[0-9]+\.[0-9]+|0|6
MATCH|[0-9]+\.[0-9]+|5.5|0|3
PARSE|a?|0|4
MATCH|a?|a|0|1
PARSE|a?|0|4
MATCH|a?||0|0
PARSE|a?|0|4
MATCH|a?|b|0|0
PARSE|a+|0|4
MATCH|a+|aaa|0|3
PARSE|a+|0|4
MATCH|a+||0|-1
PARSE|a*|0|4
MATCH|a*|aaa|0|3
PARSE|a*|0|4
MATCH|a*||0|0
PARSE|a{3}|0|4
MATCH|a{3}|aaaa|0|3
PARSE|a{3}|0|4
MATCH|a{3}|aa|0|-1
PARSE|a{2,4}|0|4
MATCH|a{2,4}|aaaaa|0|4
PARSE|a{2,4}|0|4
MATCH|a{2,4}|a|0|-1
PARSE|a{2,}|0|4
MATCH|a{2,}|aaaaaaa|0|7
PARSE|.|0|4
MATCH|.|x|0|1
PARSE|.|0|4
MATCH|.||0|-1
PARSE|.+|0|4
MATCH|.+|hello|0|5
PARSE|^abc|0|7
MATCH|^abc|abcdef|0|3
PARSE|^abc|0|7
MATCH|^abc|xabc|0|-1
PARSE|abc$|0|7
MATCH|abc$|xyzabc|0|-1
PARSE|abc$|0|7
MATCH|abc$|abcx|0|-1
PARSE|^abc$|0|8
MATCH|^abc$|abc|0|3
PARSE|^abc$|0|8
MATCH|^abc$|abcd|0|-1
PARSE|^asdf$|0|9
MATCH|^asdf$|asdf|0|4
PARSE|^asdf|0|8
MATCH|^asdf|asdf|0|4
PARSE|asdf$|0|8
MATCH|asdf$|asdf|0|4
PARSE|a|b|0|6
MATCH|a|b|a|0|1
PARSE|a|b|0|6
MATCH|a|b|b|0|1
PARSE|a|b|0|6
MATCH|a|b|c|0|-1
PARSE|(a|b)c|0|9
MATCH|(a|b)c|ac|0|2
PARSE|(a|b)c|0|9
MATCH|(a|b)c|bc|0|2
PARSE|(a|b)c|0|9
MATCH|(a|b)c|cc|0|-1
PARSE|[abc]|0|4
MATCH|[abc]|b|0|1
PARSE|[abc]|0|4
MATCH|[abc]|d|0|-1
PARSE|[^abc]|0|4
MATCH|[^abc]|d|0|1
PARSE|[^abc]|0|4
MATCH|[^abc]|a|0|-1
PARSE|[a-z]+|0|4
MATCH|[a-z]+|hello|0|5
PARSE|[a-z]+|0|4
MATCH|[a-z]+|HELLO|0|-1
PARSE|\d+|0|4
MATCH|\d+|12345|0|5
PARSE|\d+|0|4
MATCH|\d+|abc|0|-1
PARSE|\w+|0|4
MATCH|\w+|hello_world123|0|14
PARSE|\s+|0|4
MATCH|\s+|   |0|3
PARSE|\s+|0|4
MATCH|\s+|abc|0|-1
PARSE|\D+|0|4
MATCH|\D+|abc|0|3
PARSE|\W+|0|4
MATCH|\W+|!@#|0|3
PARSE|\S+|0|4
MATCH|\S+|abc|0|3
PARSE|asdf\b|0|8
MATCH|asdf\b|asdf |0|4
PARSE|asdf\b|0|8
MATCH|asdf\b|asdfg|0|-1
PARSE|\basdf|0|8
MATCH|\basdf|asdf|0|4
PARSE|\basdf|0|8
MATCH|\basdf|   asdf|3|7
PARSE|asdf\B|0|8
MATCH|asdf\B|asdfg|0|4
PARSE|asdf\B|0|8
MATCH|asdf\B|asdf |0|-1
PARSE|(ab)+|0|7
MATCH|(ab)+|ababab|0|6
PARSE|(ab)+|0|7
MATCH|(ab)+|cd|0|-1
PARSE|(ab)*|0|7
MATCH|(ab)*|ababab|0|6
PARSE|(ab)*|0|7
MATCH|(ab)*|cd|0|0
PARSE|(ab)?|0|7
MATCH|(ab)?|ab|0|2
PARSE|(ab)?|0|7
MATCH|(ab)?|cd|0|0
PARSE|a+?|0|4
MATCH|a+?|aaa|0|1
PARSE|a*?|0|4
MATCH|a*?|aaa|0|0
PARSE|a??|0|4
MATCH|a??|a|0|0
PARSE|(a+?)a{9}|0|7
MATCH|(a+?)a{9}|aaaaaaaaaa|0|10
PARSE|(?:ab)+|0|7
MATCH|(?:ab)+|ababab|0|6
PARSE|(b|a|as|q)*X|0|14
MATCH|(b|a|as|q)*X|asqbX|0|5
PARSE|(b|a|as|q)*?X|0|14
MATCH|(b|a|as|q)*?X|asqbX|0|5
PARSE|(b|a|as|q)+X|0|14
MATCH|(b|a|as|q)+X|asqbX|0|5
PARSE|(b|a|as|q|)*X|0|15
MATCH|(b|a|as|q|)*X|asqbX|0|5
PARSE|(b|a|as|q|)*?X|0|15
MATCH|(b|a|as|q|)*?X|asqbX|0|5
PARSE|((a)|(b))+|0|12
MATCH|((a)|(b))+|aaaaaabbbabaqa|0|12
PARSE|((a)|(b))++|0|12
MATCH|((a)|(b))++|aaaaaabbbabaqa|0|12
PARSE|((a)|(b))+?|0|12
MATCH|((a)|(b))+?|aaaaaabbbabaqa|0|1
PARSE|((a)|(b))*|0|12
MATCH|((a)|(b))*|aaaaaabbbabaqa|0|12
PARSE|(a?)*a{10}|0|7
MATCH|(a?)*a{10}|aaaaaaaaaa|0|10
PARSE|(a?)*?a{10}|0|7
MATCH|(a?)*?a{10}|aaaaaaaaaa|0|10
PARSE|(a)+a{9}|0|7
MATCH|(a)+a{9}|aaaaaaaaaa|0|10
PARSE|(a)+?a{9}|0|7
MATCH|(a)+?a{9}|aaaaaaaaaa|0|10
PARSE|()|0|5
MATCH|()|a|0|0
PARSE|(a|)*b|0|8
MATCH|(a|)*b|aab|0|3
PARSE|a()a|0|7
MATCH|a()a|aa|0|2
PARSE|a(|)a|0|8
MATCH|a(|)a|aa|0|2
PARSE|a++ab|0|6
MATCH|a++ab|aaab|0|-1
PARSE|(b|a|)*+|0|9
MATCH|(b|a|)*+|asqb|0|1
PARSE|(a|)*+b|0|8
MATCH|(a|)*+b|aab|0|3
PARSE|^a(bc+|b[eh])g|.h$|0|17
MATCH|^a(bc+|b[eh])g|.h$|abh|0|-1
PARSE|(bc+d$|ef*g.|h?i(j|k))|0|22
MATCH|(bc+d$|ef*g.|h?i(j|k))|effgz|0|5
PARSE|(bc+d$|ef*g.|h?i(j|k))|0|22
MATCH|(bc+d$|ef*g.|h?i(j|k))|ij|0|2
PARSE|(bc+d$|ef*g.|h?i(j|k))|0|22
MATCH|(bc+d$|ef*g.|h?i(j|k))|effg|0|-1
PARSE|(bc+d$|ef*g.|h?i(j|k))|0|22
MATCH|(bc+d$|ef*g.|h?i(j|k))|bcdd|0|-1
PARSE|(bc+d$|ef*g.|h?i(j|k))|0|22
MATCH|(bc+d$|ef*g.|h?i(j|k))|reffgz|0|-1
PARSE|\w+|0|4
MATCH|\w+|testacc|0|7
PARSE|(\w+\.)+|0|7
MATCH|(\w+\.)+|aa.bb.cc.dd|0|9
PARSE|([a-z][a-z0-9]*,)+|0|8
MATCH|([a-z][a-z0-9]*,)+|a5,b7,c9,|0|9
PARSE||0|3
MATCH||anything|0|0
PARSE_FLAGS|.|1|0|4
TOKEN_MASK|1|65535|65499|65535|65535|65535|65535|65535|65535|65535|65535|65535|65535|65535|65535|65535|65535
PARSE_FLAGS|.|0|0|4
TOKEN_MASK|1|65535|65535|65535|65535|65535|65535|65535|65535|65535|65535|65535|65535|65535|65535|65535|65535
PARSE|.*asdf|0|8
MATCH|.*asdf|XXXasdf|0|7
PARSE|.*asdf$|0|9
MATCH|.*asdf$|XXXasdf|0|7
PARSE|(b|a)*b|0|9
MATCH|(b|a)*b|aaaaaaaaaaaaaab|0|15
PARSE|(b|a)*?b|0|9
MATCH|(b|a)*?b|aaaaaaaaaaaaaab|0|15
PARSE|(b|a|)*bb|0|11
MATCH|(b|a|)*bb|aaaaaaaaaaaaaab|0|-1
PARSE|(b|a|)*?bb|0|11
MATCH|(b|a|)*?bb|aaaaaaaaaaaaaab|0|-1
CAPS|((a)|(b))++|aaaaaabbbabaqa|5|12|0,12|-1,-1|-1,-1|-1,-1|-1,-1
CAPS|(\w+)|hello|2|5|0,5|0,5
CAPS|(a)(b)(c)|abc|4|3|0,3|0,1|1,1|2,1
CAPS|(a+)(b+)|aaabbb|3|6|0,6|0,3|3,3
CAPS|(a|(b))+|abab|3|4|0,4|3,1|3,1
CAPS|((a)|(b))+|aaaaaabbbabaqa|4|12|0,12|11,1|11,1|10,1
CAPS|(\d)*?\.(\d)+|123.456|3|7|0,7|2,1|6,1
CAPS|([0-9])*?\.([0-9])+|123.456|3|7|0,7|2,1|6,1
CAPS|([0-9]){3,5}?\.([0-9])+|12345.678|3|9|0,9|4,1|8,1
CAPS|(a)(b)?|a|3|1|0,1|0,1|-1,-1
CAPS|(a)(b)?|ab|3|2|0,2|0,1|1,1
CAPS|(a*)(b*)|aaabbb|3|6|0,6|0,3|3,3
CAPS|(a+?)(a*)|aaaa|3|4|0,4|0,1|1,3
CAPS|(\s)(\w+)| hello|3|6|0,6|0,1|1,5
TOKEN|0|1|0|1|2|4|1|4
TOKEN|1|0|0|1|2|0|0|0
TOKEN|2|0|0|1|2|0|0|0
TOKEN|3|0|0|1|2|0|0|0
TOKEN|4|3|0|1|2|-4|0|0
TOKEN|5|9|0|1|2|0|0|0
TOKEN|0|1|0|1|2|2|1|2
TOKEN|1|0|0|1|0|0|0|0
TOKEN|2|3|0|1|2|-2|0|0
TOKEN|3|9|0|1|2|0|0|0
TOKEN|0|1|0|1|2|6|3|6
TOKEN|1|1|0|1|2|4|1|2
TOKEN|2|0|0|1|2|0|0|0
TOKEN|3|4|0|1|2|2|0|0
TOKEN|4|0|0|1|2|0|0|0
TOKEN|5|3|0|1|2|-4|0|0
TOKEN|6|3|0|1|2|-6|2|0
TOKEN|7|9|0|1|2|0|0|0
TOKEN|0|1|0|1|2|2|1|2
TOKEN|1|0|0|2|6|0|0|0
TOKEN|2|3|0|1|2|-2|0|0
TOKEN|3|9|0|1|2|0|0|0
TOKEN|0|1|0|1|2|5|3|5
TOKEN|1|2|0|1|2|3|1|3
TOKEN|2|0|0|1|2|0|0|0
TOKEN|3|0|0|1|2|0|0|0
TOKEN|4|3|0|1|2|-3|0|0
TOKEN|5|3|0|1|2|-5|2|0
TOKEN|6|9|0|1|2|0|0|0
TOKEN|0|1|0|1|2|6|1|6
TOKEN|1|5|0|1|2|0|0|0
TOKEN|2|0|0|1|2|0|0|0
TOKEN|3|0|0|1|2|0|0|0
TOKEN|4|0|0|1|2|0|0|0
TOKEN|5|6|0|1|2|0|0|0
TOKEN|6|3|0|1|2|-6|0|0
TOKEN|7|9|0|1|2|0|0|0
TOKEN|0|1|0|1|2|4|1|4
TOKEN|1|0|0|1|2|0|0|0
TOKEN|2|0|0|1|2|0|0|0
TOKEN|3|0|0|1|2|0|15872|0
TOKEN|4|3|0|1|2|-4|0|0
TOKEN|5|9|0|1|2|0|0|0
(paren_count > 0)
PARSE_ERR|(|-1
PARSE_ERR|)|-1
(state >= STATE_CC_INIT)
PARSE_ERR|[|-1
quantifier in non-quantifier context
PARSE_ERR|*|-1
quantifier in non-quantifier context
PARSE_ERR|+|-1
quantifier in non-quantifier context
PARSE_ERR|?|-1
(esc_state != 0)
PARSE_ERR|\|-1
quantifier range is backwards
PARSE_ERR|a{5,3}|-1
(paren_count > 0)
PARSE_ERR|(()| -1
buffer overflow
SMALL_BUF|abcdef|-2
PARSE|abc|0|6
MATCH|abc|xxxabc|3|6
PARSE|abc|0|6
MATCH|abc|xxxabc|0|-1
PARSE|\bfoo|0|7
MATCH|\bfoo|bar foo|4|7
PARSE|(ab?)b|0|8
MATCH|(ab?)b|aba) |0|2
PARSE|(ab?)*b|0|8
MATCH|(ab?)*b|abba) |0|3
PARSE|(ab?)*?b|0|8
MATCH|(ab?)*?b|abbc) |0|3
PARSE|(a|a|ab)bc|0|13
MATCH|(a|a|ab)bc|abc) |0|3
PARSE|(ab|ab|a)bc|0|14
MATCH|(ab|ab|a)bc|abc) |0|3
PARSE|\d\.\d|0|6
MATCH|\d\.\d|5.5|0|3
PARSE|\d*\.\d*|0|6
MATCH|\d*\.\d*|5.5|0|3
PARSE|(a|ab)*b|0|10
MATCH|(a|ab)*b|aaaaabbbbbbbx|0|6
PARSE|(ab?)*?b|0|8
MATCH|(ab?)*?b|aaaaabbbbbbbx|0|7
PARSE|a*a*?|0|5
MATCH|a*a*?|aaaa|0|4
PARSE|a*?a*|0|5
MATCH|a*?a*|aaaa|0|4
PARSE|(b|a)*b|0|9
MATCH|(b|a)*b|bbbbbbb|0|7
PARSE|(b|a)*?b|0|9
MATCH|(b|a)*?b|bbbbbbb|0|1
PARSE|(b|a|)*|0|9
MATCH|(b|a|)*|asqb|0|1
PARSE|(|a)+|0|7
MATCH|(|a)+|aaaa|0|0
PARSE|(|a)+?|0|7
MATCH|(|a)+?|aaaa|0|0
PARSE|()+|0|5
MATCH|()+|aaaa|0|0
PARSE|()+?|0|5
MATCH|()+?|aaaa|0|0
PARSE|(|)+?|0|6
MATCH|(|)+?|aaaa|0|0
PARSE|a(|)*a|0|8
MATCH|a(|)*a|aa|0|2
PARSE|a(|)*?a|0|8
MATCH|a(|)*?a|aa|0|2
PARSE|\.|0|4
MATCH|\.|.|0|1
PARSE|\.|0|4
MATCH|\.|a|0|-1
PARSE|\*|0|4
MATCH|\*|*|0|1
PARSE|\+|0|4
MATCH|\+|+|0|1
PARSE|\?|0|4
MATCH|\?|?|0|1
PARSE|\(|0|4
MATCH|\(|(|0|1
PARSE|\)|0|4
MATCH|\)|)|0|1
PARSE|\[|0|4
MATCH|\[|[|0|1
PARSE|\]|0|4
MATCH|\]|]|0|1
PARSE|\{|0|4
MATCH|\{|{|0|1
PARSE|\}|0|4
MATCH|\}|}|0|1
PARSE|\||0|4
MATCH|\||||0|1
PARSE|\^|0|4
MATCH|\^|^|0|1
PARSE|\$|0|4
MATCH|\$|$|0|1
PARSE|\\|0|4
MATCH|\\|\|0|1
PARSE|\/|0|4
MATCH|\/|/|0|1
PARSE|\-|0|4
MATCH|\-|-|0|1
PARSE|\:|0|4
MATCH|\:|:|0|1
PARSE|\n|0|4
MATCH|\n|
|0|1
PARSE|\r|0|4
MATCH|\r||0|1
PARSE|\t|0|4
MATCH|\t|	|0|1
[38;5;244m - Completed in 0.4s[0m

[?25l[0m[38;5;141m> [0mI have all the ground truth. Now let me mark step 1 complete and create the test file:[0m[0m
[?25l[0m[0m[38;5;11mTODO:
[39m[38;5;10m[x] [3m[38;5;244mBuild and run C code to get ground truth outputs[23m
[0m[ ] Create test files in src/bin/ for every module[38;5;244m - Completed in 0.0s[0m

[?25l[0m[38;5;141m> [0mNow let me create the test file. I need to create [38;5;10msrc/bin/[0m directory first:[0m[0m
[?25l[0m[0mI will run the following command: [38;5;141mmkdir -p /tmp/harvest-crust-verify-4Oxwe2/project/src/bin[0m[38;5;244m (using tool: shell)[0m

[38;5;244m - Completed in 0.4s[0m

[?25l[0m[?25l[?25l[?25l[?25l[38;5;141m> [0mLet me split the test file into smaller pieces:[0m[0m
[?25l[?25l[?25l[?25l[0m[0m[1mTool validation failed: [0m
[38;5;9mTool 'execute_bash' validation failed: missing field `command`
[0m[?25l[?25l[0m[0m[1mTool validation failed: [0m
[38;5;9mTool 'execute_bash' validation failed: missing field `command`
[0m[?25l[?25l[0m[0m[1mTool validation failed: [0m
[38;5;9mTool 'execute_bash' validation failed: missing field `command`
[0m[?25l[?25l[0m[0m[1mTool validation failed: [0m
[38;5;9mTool 'execute_bash' validation failed: missing field `command`
[0m[?25l[?25l[0m[0m[1mTool validation failed: [0m
[38;5;9mTool 'execute_bash' validation failed: missing field `command`
[0m[?25l[?25l[0m[0m[1mTool validation failed: [0m
[38;5;9mTool 'execute_bash' validation failed: missing field `command`
[0m[?25l[?25l[0m[0m[1mTool validation failed: [0m
[38;5;9mTool 'execute_bash' validation failed: missing field `command`
[0m[?25l[?25l[0m[0m[1mTool validation failed: [0m
[38;5;9mTool 'execute_bash' validation failed: missing field `command`
[0m[?25l[?25l[0m[0m[1mTool validation failed: [0m
[38;5;9mTool 'execute_bash' validation failed: missing field `command`
[0m[1m[38;5;9mKiro is having trouble responding right now: 
   0: No such file or directory (os error 2)
   1: No such file or directory (os error 2)

Location:
   crates/chat-cli/src/cli/chat/mod.rs:1693

Backtrace omitted. Run with RUST_BACKTRACE=1 environment variable to display it.
Run with RUST_BACKTRACE=full to include source snippets.
[0m[0m[1G[0m[0m[?25herror: Tool approval required but --no-interactive was specified. Use --trust-all-tools to automatically approve tools.
