[32mAll tools are now trusted ([0m[31m![0m[32m). Kiro will execute tools without asking for confirmation.[0m
Agents can sometimes do unexpected things so understand the risks.

Learn more at [38;5;141mhttps://kiro.dev/docs/cli/chat/security/#using-tools-trust-all-safely[0m


[38;5;12m[1m📷 Checkpoints are enabled! (took 0.06s)

[0m
[38;5;252m[0m[?25l[38;5;141m> [0m[0m[0m
[0m[0m
I'll start by understanding the project structure, then systematically build, test, and fix the translation.[0m[0m
[?25l[0m[0m[38;5;11mTODO:
[39m[0m[ ] Explore project structure and understand C/Rust code
[0m[ ] Build C shared library
[0m[ ] Examine C headers for public API and function hierarchy
[0m[ ] Add libloading dev-dependency and write integration tests
[0m[ ] Run tests and fix any Rust mismatches
[0m[ ] Compare binary outputs if main exists
[0m[ ] Compare nm -D symbols and add missing exports[38;5;244m - Completed in 0.39s[0m
[38;5;12m[1m [1.1][0m[0m
[?25l[0m[?25l[0m[0mReading directory: [38;5;141m/local/home/scheschb/reserach/TRACTOR/harvest-agentic/results/B01_synthetic/034_cast_to_char_ptr_int[0m[38;5;244m (using tool: read, max depth: 3, max entries: 1000, excluding: defaults)[0m
[38;5;10m ✓ [0mSuccessfully read directory [38;5;141m/local/home/scheschb/reserach/TRACTOR/harvest-agentic/results/B01_synthetic/034_cast_to_char_ptr_int[0m [38;5;244m(21 entries)[0m
[38;5;244m - Completed in 0.40s[0m
[38;5;12m[1m [1.2][0m[0m
[?25l[0m[?25l[0m[0mBatch fs_read operation with [38;5;141m4[0m operations[38;5;244m (using tool: read)[0m

↱ Operation 1: Reading file: [38;5;141m/local/home/scheschb/reserach/TRACTOR/harvest-agentic/results/B01_synthetic/034_cast_to_char_ptr_int/translated_rust/c_src/src/main.c[0m, all lines
↱ Operation 2: Reading file: [38;5;141m/local/home/scheschb/reserach/TRACTOR/harvest-agentic/results/B01_synthetic/034_cast_to_char_ptr_int/translated_rust/c_src/CMakeLists.txt[0m, all lines
↱ Operation 3: Reading file: [38;5;141m/local/home/scheschb/reserach/TRACTOR/harvest-agentic/results/B01_synthetic/034_cast_to_char_ptr_int/translated_rust/src/main.rs[0m, all lines
↱ Operation 4: Reading file: [38;5;141m/local/home/scheschb/reserach/TRACTOR/harvest-agentic/results/B01_synthetic/034_cast_to_char_ptr_int/translated_rust/Cargo.toml[0m, all lines
[38;5;10m ✓ [0mSuccessfully read [38;5;244m1450 bytes[0m from /local/home/scheschb/reserach/TRACTOR/harvest-agentic/results/B01_synthetic/034_cast_to_char_ptr_int/translated_rust/c_src/src/main.c

[38;5;10m ✓ [0mSuccessfully read [38;5;244m1200 bytes[0m from /local/home/scheschb/reserach/TRACTOR/harvest-agentic/results/B01_synthetic/034_cast_to_char_ptr_int/translated_rust/c_src/CMakeLists.txt

[38;5;10m ✓ [0mSuccessfully read [38;5;244m390 bytes[0m from /local/home/scheschb/reserach/TRACTOR/harvest-agentic/results/B01_synthetic/034_cast_to_char_ptr_int/translated_rust/src/main.rs

[38;5;10m ✓ [0mSuccessfully read [38;5;244m133 bytes[0m from /local/home/scheschb/reserach/TRACTOR/harvest-agentic/results/B01_synthetic/034_cast_to_char_ptr_int/translated_rust/Cargo.toml

 ⋮ 

[38;5;244m- [0mSummary: 4 operations processed, 4 successful, 0 failed
[38;5;244m - Completed in 0.38s[0m
[38;5;12m[1m [1.3][0m[0m
[?25l[0m[38;5;141m> [0mGood, I can see the full picture now. The C code:[0m[0m
- [38;5;10mprint_hex[0m prints the bytes of an int as hex[0m[0m
- [38;5;10mdriver(int x)[0m calls [38;5;10mprint_hex[0m on the bytes of [38;5;10mx[0m[0m[0m
- [38;5;10mmain[0m reads an int from stdin and calls [38;5;10mdriver[0m[0m[0m
[0m[0m
The CMakeLists.txt only builds an executable, not a shared library. I need to build it as a shared library for testing. Let me build the C code and also modify the Rust Cargo.toml to add a cdylib target and libloading.[0m[0m
[?25l[0m[0m[38;5;11mTODO:
[39m[38;5;10m[x] [3m[38;5;244mExplore project structure and understand C/Rust code[23m
[0m[ ] Build C shared library[38;5;244m - Completed in 0.39s[0m
[38;5;12m[1m [1.4][0m[0m
[?25l[0m[38;5;141m> [0mNow let me build the C shared library. Since CMakeLists.txt only builds an executable, I'll compile the .so manually:[0m[0m
[?25l[0m[0mI will run the following command: [38;5;141mcd /local/home/scheschb/reserach/TRACTOR/harvest-agentic/results/B01_synthetic/034_cast_to_char_ptr_int/translated_rust/c_src && mkdir -p build && cd build && timeout 60 gcc -shared -fPIC -o libdriver.so ../src/main.c -lm 2>&1[0m[38;5;244m (using tool: shell)[0m
Purpose: Build C shared library from main.c

[38;5;244m - Completed in 0.81s[0m
[38;5;12m[1m [1.5][0m[0m
[?25l[0m[?25l[0m[0mI will run the following command: [38;5;141mnm -D /local/home/scheschb/reserach/TRACTOR/harvest-agentic/results/B01_synthetic/034_cast_to_char_ptr_int/translated_rust/c_src/build/libdriver.so | grep -i ' T '[0m[38;5;244m (using tool: shell)[0m
Purpose: Check exported symbols from C .so

0000000000000761 T driver
00000000000007b8 T _fini
00000000000005d8 T _init
0000000000000780 T main
[38;5;244m - Completed in 0.44s[0m
[38;5;12m[1m [1.6][0m[0m
[?25l[0m[38;5;141m> [0mC .so exports [38;5;10mdriver[0m and [38;5;10mmain[0m. Now let me also build the C executable for binary comparison:[0m[0m
[?25l[0m[0mI will run the following command: [38;5;141mcd /local/home/scheschb/reserach/TRACTOR/harvest-agentic/results/B01_synthetic/034_cast_to_char_ptr_int/translated_rust/c_src/build && timeout 60 cmake .. -DCMAKE_POSITION_INDEPENDENT_CODE=ON 2>&1 && timeout 60 cmake --build . 2>&1[0m[38;5;244m (using tool: shell)[0m
Purpose: Build C executable via cmake

-- The C compiler identification is GNU 7.3.1
-- The CXX compiler identification is GNU 7.3.1
-- Check for working C compiler: /usr/bin/cc
-- Check for working C compiler: /usr/bin/cc - works
-- Detecting C compiler ABI info
-- Detecting C compiler ABI info - done
-- Detecting C compile features
-- Detecting C compile features - done
-- Check for working CXX compiler: /usr/bin/c++
-- Check for working CXX compiler: /usr/bin/c++ - works
-- Detecting CXX compiler ABI info
-- Detecting CXX compiler ABI info - done
-- Detecting CXX compile features
-- Detecting CXX compile features - done
-- Configuring done
-- Generating done
-- Build files have been written to: /local/home/scheschb/reserach/TRACTOR/harvest-agentic/results/B01_synthetic/034_cast_to_char_ptr_int/translated_rust/c_src/build
Scanning dependencies of target driver
[ 50%] Building C object CMakeFiles/driver.dir/src/main.c.o
[100%] Linking C executable driver
[100%] Built target driver
[38;5;244m - Completed in 0.621s[0m
[38;5;12m[1m [1.7][0m[0m
[?25l[0m[?25l[0m[0m[38;5;11mTODO:
[39m[38;5;10m[x] [3m[38;5;244mBuild C shared library[23m
[38;5;10m[x] [3m[38;5;244mExamine C headers for public API and function hierarchy[23m
[0m[ ] Add libloading dev-dependency and write integration tests[38;5;244m - Completed in 0.48s[0m
[38;5;12m[1m [1.8][0m[0m
[?25l[0m[38;5;141m> [0mNow I need to:[0m[0m
1. Add [38;5;10mlibloading[0m dev-dependency and a [38;5;10mcdylib[0m lib target to Cargo.toml[0m[0m
2. Create a [38;5;10mlib.rs[0m that exports [38;5;10mdriver[0m with [38;5;10m#[no_mangle][0m[0m[0m
3. Write integration tests[0m[0m
[?25l[0m[0mI'll modify the following file: [38;5;141mtranslated_rust/Cargo.toml[0m[38;5;244m (using tool: write)[0m
Purpose: Add cdylib lib target and libloading dev-dependency

[49m[39m   1,  1[0m:[39m[49m [package]
[0m[49m[39m   2,  2[0m:[39m[49m name = "cast_to_char_ptr_int"
[0m[49m[39m   3,  3[0m:[39m[49m version = "0.1.0"
[0m[49m[39m   4,  4[0m:[39m[49m edition = "2021"
[0m[49m[39m   5,  5[0m:[39m[49m 
[0m[49m[39m   6,  6[0m:[39m[49m [workspace]
[0m[49m[39m   7,  7[0m:[39m[49m 
[0m[49m[38;5;10m+      8[0m:[38;5;10m[49m [lib]
[0m[49m[38;5;10m+      9[0m:[38;5;10m[49m name = "driver"
[0m[49m[38;5;10m+     10[0m:[38;5;10m[49m crate-type = ["cdylib"]
[0m[49m[38;5;10m+     11[0m:[38;5;10m[49m path = "src/lib.rs"
[0m[49m[38;5;10m+     12[0m:[38;5;10m[49m 
[0m[49m[39m   8, 13[0m:[39m[49m [[bin]]
[0m[49m[39m   9, 14[0m:[39m[49m name = "driver"
[0m[49m[38;5;9m- 10    [0m:[38;5;9m[49m path = "src/main.rs"
[0m[49m[38;5;10m+     15[0m:[38;5;10m[49m path = "src/main.rs"
[0m[49m[38;5;10m+     16[0m:[38;5;10m[49m 
[0m[49m[38;5;10m+     17[0m:[38;5;10m[49m [dev-dependencies]
[0m[49m[38;5;10m+     18[0m:[38;5;10m[49m libloading = "0.8"
[0m[K
Updating: [38;5;141mtranslated_rust/Cargo.toml[0m
[38;5;244m - Completed in 0.43s[0m
[38;5;12m[1m [1.9][0m[0m
[?25l[0m[38;5;141m> [0mNow create [38;5;10mlib.rs[0m that exports [38;5;10mdriver[0m as a C-compatible function:[0m[0m
[?25l[0m[0mI'll create the following file: [38;5;141m/local/home/scheschb/reserach/TRACTOR/harvest-agentic/results/B01_synthetic/034_cast_to_char_ptr_int/translated_rust/src/lib.rs[0m[38;5;244m (using tool: write)[0m
Purpose: Create lib.rs with no_mangle extern C driver function

[48;2;40;67;43m[39m+     1[0m:[39m[48;2;24;38;30m [38;2;180;142;173mfn[38;2;192;197;206m [38;2;143;161;179mprint_hex[38;2;192;197;206m([38;2;191;97;106mbytes[38;2;192;197;206m:[38;2;192;197;206m [38;2;192;197;206m&[38;2;192;197;206m[[38;2;180;142;173mu8[38;2;192;197;206m][38;2;192;197;206m)[38;2;192;197;206m [38;2;192;197;206m{[K
[0m[48;2;40;67;43m[39m+     2[0m:[39m[48;2;24;38;30m [38;2;192;197;206m    [38;2;180;142;173mfor[38;2;192;197;206m b [38;2;192;197;206min[38;2;192;197;206m bytes [38;2;192;197;206m{[K
[0m[48;2;40;67;43m[39m+     3[0m:[39m[48;2;24;38;30m [38;2;192;197;206m        [38;2;192;197;206mprint![38;2;192;197;206m([38;2;192;197;206m"[38;2;208;135;112m{:02x}[38;2;192;197;206m"[38;2;192;197;206m,[38;2;192;197;206m b[38;2;192;197;206m)[38;2;192;197;206m;[K
[0m[48;2;40;67;43m[39m+     4[0m:[39m[48;2;24;38;30m [38;2;192;197;206m    [38;2;192;197;206m}[K
[0m[48;2;40;67;43m[39m+     5[0m:[39m[48;2;24;38;30m [38;2;192;197;206m    [38;2;192;197;206mprintln![38;2;192;197;206m([38;2;192;197;206m)[38;2;192;197;206m;[K
[0m[48;2;40;67;43m[39m+     6[0m:[39m[48;2;24;38;30m [38;2;192;197;206m}[K
[0m[48;2;40;67;43m[39m+     7[0m:[39m[48;2;24;38;30m [K
[0m[48;2;40;67;43m[39m+     8[0m:[39m[48;2;24;38;30m [38;2;192;197;206m#[38;2;192;197;206m[[38;2;191;97;106mno_mangle[38;2;192;197;206m][K
[0m[48;2;40;67;43m[39m+     9[0m:[39m[48;2;24;38;30m [38;2;180;142;173mpub[38;2;192;197;206m [38;2;180;142;173mextern[38;2;192;197;206m [38;2;192;197;206m"[38;2;163;190;140mC[38;2;192;197;206m"[38;2;192;197;206m [38;2;180;142;173mfn[38;2;192;197;206m [38;2;143;161;179mdriver[38;2;192;197;206m([38;2;191;97;106mx[38;2;192;197;206m:[38;2;192;197;206m [38;2;180;142;173mi32[38;2;192;197;206m)[38;2;192;197;206m [38;2;192;197;206m{[K
[0m[48;2;40;67;43m[39m+    10[0m:[39m[48;2;24;38;30m [38;2;192;197;206m    [38;2;150;181;180mprint_hex[38;2;192;197;206m([38;2;192;197;206m&[38;2;192;197;206mx.[38;2;150;181;180mto_ne_bytes[38;2;192;197;206m([38;2;192;197;206m)[38;2;192;197;206m)[38;2;192;197;206m;[K
[0m[48;2;40;67;43m[39m+    11[0m:[39m[48;2;24;38;30m [38;2;192;197;206m}[K
[0m[K
Creating: [38;5;141m/local/home/scheschb/reserach/TRACTOR/harvest-agentic/results/B01_synthetic/034_cast_to_char_ptr_int/translated_rust/src/lib.rs[0m
[38;5;244m - Completed in 0.44s[0m
[38;5;12m[1m [1.10][0m[0m
[?25l[0m[38;5;141m> [0mNow write the integration test. The [38;5;10mdriver[0m function prints to stdout, so I'll capture stdout from both C and Rust versions and compare:[0m[0m
[?25l[0m[0mI will run the following command: [38;5;141mmkdir -p /local/home/scheschb/reserach/TRACTOR/harvest-agentic/results/B01_synthetic/034_cast_to_char_ptr_int/translated_rust/tests[0m[38;5;244m (using tool: shell)[0m
Purpose: Create tests directory

[38;5;244m - Completed in 0.45s[0m
[38;5;12m[1m [1.11][0m[0m
[?25l[0m[?25l[0m[0mI'll create the following file: [38;5;141m/local/home/scheschb/reserach/TRACTOR/harvest-agentic/results/B01_synthetic/034_cast_to_char_ptr_int/translated_rust/tests/test_driver.rs[0m[38;5;244m (using tool: write)[0m
Purpose: Write integration tests comparing C and Rust driver outputs

[48;2;40;67;43m[39m+     1[0m:[39m[48;2;24;38;30m [38;2;180;142;173muse[38;2;192;197;206m [38;2;192;197;206mlibloading[38;2;192;197;206m::[38;2;192;197;206m{[38;2;192;197;206mLibrary[38;2;192;197;206m,[38;2;192;197;206m Symbol[38;2;192;197;206m}[38;2;192;197;206m;[K
[0m[48;2;40;67;43m[39m+     2[0m:[39m[48;2;24;38;30m [38;2;180;142;173muse[38;2;192;197;206m [38;2;192;197;206mstd[38;2;192;197;206m::[38;2;192;197;206mprocess[38;2;192;197;206m::[38;2;192;197;206mCommand[38;2;192;197;206m;[K
[0m[48;2;40;67;43m[39m+     3[0m:[39m[48;2;24;38;30m [K
[0m[48;2;40;67;43m[39m+     4[0m:[39m[48;2;24;38;30m [38;2;180;142;173mconst[38;2;192;197;206m [38;2;208;135;112mC_LIB_PATH[38;2;192;197;206m:[38;2;192;197;206m [38;2;192;197;206m&[38;2;180;142;173mstr[38;2;192;197;206m [38;2;192;197;206m=[38;2;192;197;206m [38;2;192;197;206mconcat![38;2;192;197;206m([38;2;192;197;206menv![38;2;192;197;206m([38;2;192;197;206m"[38;2;163;190;140mCARGO_MANIFEST_DIR[38;2;192;197;206m"[38;2;192;197;206m)[38;2;192;197;206m,[38;2;192;197;206m [38;2;192;197;206m"[38;2;163;190;140m/c_src/build/libdriver.so[38;2;192;197;206m"[38;2;192;197;206m)[38;2;192;197;206m;[K
[0m[48;2;40;67;43m[39m+     5[0m:[39m[48;2;24;38;30m [K
[0m[48;2;40;67;43m[39m+     6[0m:[39m[48;2;24;38;30m [38;2;180;142;173mfn[38;2;192;197;206m [38;2;143;161;179mcapture_stdout[38;2;192;197;206m<[38;2;192;197;206mF[38;2;192;197;206m:[38;2;192;197;206m FnOnce[38;2;192;197;206m([38;2;192;197;206m)[38;2;192;197;206m>[38;2;192;197;206m([38;2;191;97;106mf[38;2;192;197;206m:[38;2;192;197;206m F[38;2;192;197;206m)[38;2;192;197;206m [38;2;192;197;206m->[38;2;192;197;206m String[38;2;192;197;206m [38;2;192;197;206m{[K
[0m[48;2;40;67;43m[39m+     7[0m:[39m[48;2;24;38;30m [38;2;192;197;206m    [38;2;101;115;126m//[38;2;101;115;126m We use a subprocess approach: run the C and Rust binaries with same input[K
[0m[48;2;40;67;43m[39m+     8[0m:[39m[48;2;24;38;30m [38;2;192;197;206m    [38;2;101;115;126m//[38;2;101;115;126m For the library function test, we compare via subprocess since driver() prints to stdout[K
[0m[48;2;40;67;43m[39m+     9[0m:[39m[48;2;24;38;30m [38;2;192;197;206m    [38;2;150;181;180mf[38;2;192;197;206m([38;2;192;197;206m)[38;2;192;197;206m;[K
[0m[48;2;40;67;43m[39m+    10[0m:[39m[48;2;24;38;30m [38;2;192;197;206m    [38;2;192;197;206mString[38;2;192;197;206m::[38;2;192;197;206mnew[38;2;192;197;206m([38;2;192;197;206m)[38;2;192;197;206m [38;2;101;115;126m//[38;2;101;115;126m placeholder - we use binary comparison below[K
[0m[48;2;40;67;43m[39m+    11[0m:[39m[48;2;24;38;30m [38;2;192;197;206m}[K
[0m[48;2;40;67;43m[39m+    12[0m:[39m[48;2;24;38;30m [K
[0m[48;2;40;67;43m[39m+    13[0m:[39m[48;2;24;38;30m [38;2;101;115;126m///[38;2;101;115;126m Test driver() by running both C and Rust binaries with same inputs and comparing stdout[K
[0m[48;2;40;67;43m[39m+    14[0m:[39m[48;2;24;38;30m [38;2;192;197;206m#[38;2;192;197;206m[[38;2;191;97;106mtest[38;2;192;197;206m][K
[0m[48;2;40;67;43m[39m+    15[0m:[39m[48;2;24;38;30m [38;2;180;142;173mfn[38;2;192;197;206m [38;2;143;161;179mtest_driver_via_binaries[38;2;192;197;206m([38;2;192;197;206m)[38;2;192;197;206m [38;2;192;197;206m{[K
[0m[48;2;40;67;43m[39m+    16[0m:[39m[48;2;24;38;30m [38;2;192;197;206m    [38;2;180;142;173mlet[38;2;192;197;206m rust_bin [38;2;192;197;206m=[38;2;192;197;206m [38;2;192;197;206menv![38;2;192;197;206m([38;2;192;197;206m"[38;2;163;190;140mCARGO_BIN_EXE_driver[38;2;192;197;206m"[38;2;192;197;206m)[38;2;192;197;206m;[K
[0m[48;2;40;67;43m[39m+    17[0m:[39m[48;2;24;38;30m [38;2;192;197;206m    [38;2;180;142;173mlet[38;2;192;197;206m [38;2;180;142;173mc_bin[38;2;192;197;206m [38;2;192;197;206m=[38;2;192;197;206m [38;2;192;197;206mconcat![38;2;192;197;206m([38;2;192;197;206menv![38;2;192;197;206m([38;2;192;197;206m"[38;2;163;190;140mCARGO_MANIFEST_DIR[38;2;192;197;206m"[38;2;192;197;206m)[38;2;192;197;206m,[38;2;192;197;206m [38;2;192;197;206m"[38;2;163;190;140m/c_src/build/driver[38;2;192;197;206m"[38;2;192;197;206m)[38;2;192;197;206m;[K
[0m[48;2;40;67;43m[39m+    18[0m:[39m[48;2;24;38;30m [K
[0m[48;2;40;67;43m[39m+    19[0m:[39m[48;2;24;38;30m [38;2;192;197;206m    [38;2;180;142;173mlet[38;2;192;197;206m test_inputs [38;2;192;197;206m=[38;2;192;197;206m [38;2;192;197;206m[[38;2;192;197;206m"[38;2;163;190;140m0[38;2;192;197;206m"[38;2;192;197;206m,[38;2;192;197;206m [38;2;192;197;206m"[38;2;163;190;140m1[38;2;192;197;206m"[38;2;192;197;206m,[38;2;192;197;206m [38;2;192;197;206m"[38;2;163;190;140m-1[38;2;192;197;206m"[38;2;192;197;206m,[38;2;192;197;206m [38;2;192;197;206m"[38;2;163;190;140m255[38;2;192;197;206m"[38;2;192;197;206m,[38;2;192;197;206m [38;2;192;197;206m"[38;2;163;190;140m256[38;2;192;197;206m"[38;2;192;197;206m,[38;2;192;197;206m [38;2;192;197;206m"[38;2;163;190;140m2147483647[38;2;192;197;206m"[38;2;192;197;206m,[38;2;192;197;206m [38;2;192;197;206m"[38;2;163;190;140m-2147483648[38;2;192;197;206m"[38;2;192;197;206m,[38;2;192;197;206m [38;2;192;197;206m"[38;2;163;190;140m12345678[38;2;192;197;206m"[38;2;192;197;206m][38;2;192;197;206m;[K
[0m[48;2;40;67;43m[39m+    20[0m:[39m[48;2;24;38;30m [K
[0m[48;2;40;67;43m[39m+    21[0m:[39m[48;2;24;38;30m [38;2;192;197;206m    [38;2;180;142;173mfor[38;2;192;197;206m input [38;2;192;197;206min[38;2;192;197;206m [38;2;192;197;206m&[38;2;192;197;206mtest_inputs [38;2;192;197;206m{[K
[0m[48;2;40;67;43m[39m+    22[0m:[39m[48;2;24;38;30m [38;2;192;197;206m        [38;2;180;142;173mlet[38;2;192;197;206m [38;2;180;142;173mc_out[38;2;192;197;206m [38;2;192;197;206m=[38;2;192;197;206m [38;2;192;197;206mCommand[38;2;192;197;206m::[38;2;192;197;206mnew[38;2;192;197;206m([38;2;180;142;173mc_bin[38;2;192;197;206m)[K
[0m[48;2;40;67;43m[39m+    23[0m:[39m[48;2;24;38;30m [38;2;192;197;206m            .[38;2;150;181;180mstdin[38;2;192;197;206m([38;2;192;197;206mstd[38;2;192;197;206m::[38;2;192;197;206mprocess[38;2;192;197;206m::[38;2;192;197;206mStdio[38;2;192;197;206m::[38;2;192;197;206mpiped[38;2;192;197;206m([38;2;192;197;206m)[38;2;192;197;206m)[K
[0m[48;2;40;67;43m[39m+    24[0m:[39m[48;2;24;38;30m [38;2;192;197;206m            .[38;2;150;181;180mstdout[38;2;192;197;206m([38;2;192;197;206mstd[38;2;192;197;206m::[38;2;192;197;206mprocess[38;2;192;197;206m::[38;2;192;197;206mStdio[38;2;192;197;206m::[38;2;192;197;206mpiped[38;2;192;197;206m([38;2;192;197;206m)[38;2;192;197;206m)[K
[0m[48;2;40;67;43m[39m+    25[0m:[39m[48;2;24;38;30m [38;2;192;197;206m            .[38;2;150;181;180mstderr[38;2;192;197;206m([38;2;192;197;206mstd[38;2;192;197;206m::[38;2;192;197;206mprocess[38;2;192;197;206m::[38;2;192;197;206mStdio[38;2;192;197;206m::[38;2;192;197;206mpiped[38;2;192;197;206m([38;2;192;197;206m)[38;2;192;197;206m)[K
[0m[48;2;40;67;43m[39m+    26[0m:[39m[48;2;24;38;30m [38;2;192;197;206m            .[38;2;150;181;180mspawn[38;2;192;197;206m([38;2;192;197;206m)[K
[0m[48;2;40;67;43m[39m+    27[0m:[39m[48;2;24;38;30m [38;2;192;197;206m            .[38;2;150;181;180mand_then[38;2;192;197;206m([38;2;192;197;206m|[38;2;180;142;173mmut[38;2;192;197;206m [38;2;191;97;106mchild[38;2;192;197;206m|[38;2;192;197;206m [38;2;192;197;206m{[K
[0m[48;2;40;67;43m[39m+    28[0m:[39m[48;2;24;38;30m [38;2;192;197;206m                [38;2;180;142;173muse[38;2;192;197;206m [38;2;192;197;206mstd[38;2;192;197;206m::[38;2;192;197;206mio[38;2;192;197;206m::[38;2;192;197;206mWrite[38;2;192;197;206m;[K
[0m[48;2;40;67;43m[39m+    29[0m:[39m[48;2;24;38;30m [38;2;192;197;206m                child.stdin.[38;2;150;181;180mtake[38;2;192;197;206m([38;2;192;197;206m)[38;2;192;197;206m.[38;2;150;181;180munwrap[38;2;192;197;206m([38;2;192;197;206m)[38;2;192;197;206m.[38;2;150;181;180mwrite_all[38;2;192;197;206m([38;2;192;197;206minput.[38;2;150;181;180mas_bytes[38;2;192;197;206m([38;2;192;197;206m)[38;2;192;197;206m)[38;2;192;197;206m.[38;2;150;181;180munwrap[38;2;192;197;206m([38;2;192;197;206m)[38;2;192;197;206m;[K
[0m[48;2;40;67;43m[39m+    30[0m:[39m[48;2;24;38;30m [38;2;192;197;206m                child.[38;2;150;181;180mwait_with_output[38;2;192;197;206m([38;2;192;197;206m)[K
[0m[48;2;40;67;43m[39m+    31[0m:[39m[48;2;24;38;30m [38;2;192;197;206m            [38;2;192;197;206m}[38;2;192;197;206m)[K
[0m[48;2;40;67;43m[39m+    32[0m:[39m[48;2;24;38;30m [38;2;192;197;206m            .[38;2;150;181;180mexpect[38;2;192;197;206m([38;2;192;197;206m"[38;2;163;190;140mfailed to run C binary[38;2;192;197;206m"[38;2;192;197;206m)[38;2;192;197;206m;[K
[0m[48;2;40;67;43m[39m+    33[0m:[39m[48;2;24;38;30m [K
[0m[48;2;40;67;43m[39m+    34[0m:[39m[48;2;24;38;30m [38;2;192;197;206m        [38;2;180;142;173mlet[38;2;192;197;206m rust_out [38;2;192;197;206m=[38;2;192;197;206m [38;2;192;197;206mCommand[38;2;192;197;206m::[38;2;192;197;206mnew[38;2;192;197;206m([38;2;192;197;206mrust_bin[38;2;192;197;206m)[K
[0m[48;2;40;67;43m[39m+    35[0m:[39m[48;2;24;38;30m [38;2;192;197;206m            .[38;2;150;181;180mstdin[38;2;192;197;206m([38;2;192;197;206mstd[38;2;192;197;206m::[38;2;192;197;206mprocess[38;2;192;197;206m::[38;2;192;197;206mStdio[38;2;192;197;206m::[38;2;192;197;206mpiped[38;2;192;197;206m([38;2;192;197;206m)[38;2;192;197;206m)[K
[0m[48;2;40;67;43m[39m+    36[0m:[39m[48;2;24;38;30m [38;2;192;197;206m            .[38;2;150;181;180mstdout[38;2;192;197;206m([38;2;192;197;206mstd[38;2;192;197;206m::[38;2;192;197;206mprocess[38;2;192;197;206m::[38;2;192;197;206mStdio[38;2;192;197;206m::[38;2;192;197;206mpiped[38;2;192;197;206m([38;2;192;197;206m)[38;2;192;197;206m)[K
[0m[48;2;40;67;43m[39m+    37[0m:[39m[48;2;24;38;30m [38;2;192;197;206m            .[38;2;150;181;180mstderr[38;2;192;197;206m([38;2;192;197;206mstd[38;2;192;197;206m::[38;2;192;197;206mprocess[38;2;192;197;206m::[38;2;192;197;206mStdio[38;2;192;197;206m::[38;2;192;197;206mpiped[38;2;192;197;206m([38;2;192;197;206m)[38;2;192;197;206m)[K
[0m[48;2;40;67;43m[39m+    38[0m:[39m[48;2;24;38;30m [38;2;192;197;206m            .[38;2;150;181;180mspawn[38;2;192;197;206m([38;2;192;197;206m)[K
[0m[48;2;40;67;43m[39m+    39[0m:[39m[48;2;24;38;30m [38;2;192;197;206m            .[38;2;150;181;180mand_then[38;2;192;197;206m([38;2;192;197;206m|[38;2;180;142;173mmut[38;2;192;197;206m [38;2;191;97;106mchild[38;2;192;197;206m|[38;2;192;197;206m [38;2;192;197;206m{[K
[0m[48;2;40;67;43m[39m+    40[0m:[39m[48;2;24;38;30m [38;2;192;197;206m                [38;2;180;142;173muse[38;2;192;197;206m [38;2;192;197;206mstd[38;2;192;197;206m::[38;2;192;197;206mio[38;2;192;197;206m::[38;2;192;197;206mWrite[38;2;192;197;206m;[K
[0m[48;2;40;67;43m[39m+    41[0m:[39m[48;2;24;38;30m [38;2;192;197;206m                child.stdin.[38;2;150;181;180mtake[38;2;192;197;206m([38;2;192;197;206m)[38;2;192;197;206m.[38;2;150;181;180munwrap[38;2;192;197;206m([38;2;192;197;206m)[38;2;192;197;206m.[38;2;150;181;180mwrite_all[38;2;192;197;206m([38;2;192;197;206minput.[38;2;150;181;180mas_bytes[38;2;192;197;206m([38;2;192;197;206m)[38;2;192;197;206m)[38;2;192;197;206m.[38;2;150;181;180munwrap[38;2;192;197;206m([38;2;192;197;206m)[38;2;192;197;206m;[K
[0m[48;2;40;67;43m[39m+    42[0m:[39m[48;2;24;38;30m [38;2;192;197;206m                child.[38;2;150;181;180mwait_with_output[38;2;192;197;206m([38;2;192;197;206m)[K
[0m[48;2;40;67;43m[39m+    43[0m:[39m[48;2;24;38;30m [38;2;192;197;206m            [38;2;192;197;206m}[38;2;192;197;206m)[K
[0m[48;2;40;67;43m[39m+    44[0m:[39m[48;2;24;38;30m [38;2;192;197;206m            .[38;2;150;181;180mexpect[38;2;192;197;206m([38;2;192;197;206m"[38;2;163;190;140mfailed to run Rust binary[38;2;192;197;206m"[38;2;192;197;206m)[38;2;192;197;206m;[K
[0m[48;2;40;67;43m[39m+    45[0m:[39m[48;2;24;38;30m [K
[0m[48;2;40;67;43m[39m+    46[0m:[39m[48;2;24;38;30m [38;2;192;197;206m        [38;2;192;197;206massert_eq![38;2;192;197;206m([K
[0m[48;2;40;67;43m[39m+    47[0m:[39m[48;2;24;38;30m [38;2;192;197;206m            [38;2;180;142;173mc_out[38;2;192;197;206m.stdout[38;2;192;197;206m,[38;2;192;197;206m rust_out.stdout[38;2;192;197;206m,[K
[0m[48;2;40;67;43m[39m+    48[0m:[39m[48;2;24;38;30m [38;2;192;197;206m            [38;2;192;197;206m"[38;2;163;190;140mstdout mismatch for input '{}': C={:?} Rust={:?}[38;2;192;197;206m"[38;2;192;197;206m,[K
[0m[48;2;40;67;43m[39m+    49[0m:[39m[48;2;24;38;30m [38;2;192;197;206m            input[38;2;192;197;206m,[K
[0m[48;2;40;67;43m[39m+    50[0m:[39m[48;2;24;38;30m [38;2;192;197;206m            [38;2;192;197;206mString[38;2;192;197;206m::[38;2;192;197;206mfrom_utf8_lossy[38;2;192;197;206m([38;2;192;197;206m&[38;2;180;142;173mc_out[38;2;192;197;206m.stdout[38;2;192;197;206m)[38;2;192;197;206m,[K
[0m[48;2;40;67;43m[39m+    51[0m:[39m[48;2;24;38;30m [38;2;192;197;206m            [38;2;192;197;206mString[38;2;192;197;206m::[38;2;192;197;206mfrom_utf8_lossy[38;2;192;197;206m([38;2;192;197;206m&[38;2;192;197;206mrust_out.stdout[38;2;192;197;206m)[K
[0m[48;2;40;67;43m[39m+    52[0m:[39m[48;2;24;38;30m [38;2;192;197;206m        [38;2;192;197;206m)[38;2;192;197;206m;[K
[0m[48;2;40;67;43m[39m+    53[0m:[39m[48;2;24;38;30m [38;2;192;197;206m    [38;2;192;197;206m}[K
[0m[48;2;40;67;43m[39m+    54[0m:[39m[48;2;24;38;30m [38;2;192;197;206m}[K
[0m[48;2;40;67;43m[39m+    55[0m:[39m[48;2;24;38;30m [K
[0m[48;2;40;67;43m[39m+    56[0m:[39m[48;2;24;38;30m [38;2;101;115;126m///[38;2;101;115;126m Test that the Rust .so exports driver and it produces same output as C .so[K
[0m[48;2;40;67;43m[39m+    57[0m:[39m[48;2;24;38;30m [38;2;192;197;206m#[38;2;192;197;206m[[38;2;191;97;106mtest[38;2;192;197;206m][K
[0m[48;2;40;67;43m[39m+    58[0m:[39m[48;2;24;38;30m [38;2;180;142;173mfn[38;2;192;197;206m [38;2;143;161;179mtest_driver_ffi[38;2;192;197;206m([38;2;192;197;206m)[38;2;192;197;206m [38;2;192;197;206m{[K
[0m[48;2;40;67;43m[39m+    59[0m:[39m[48;2;24;38;30m [38;2;192;197;206m    [38;2;101;115;126m//[38;2;101;115;126m Load both libraries[K
[0m[48;2;40;67;43m[39m+    60[0m:[39m[48;2;24;38;30m [38;2;192;197;206m    [38;2;180;142;173mlet[38;2;192;197;206m [38;2;180;142;173mc_lib[38;2;192;197;206m [38;2;192;197;206m=[38;2;192;197;206m [38;2;180;142;173munsafe[38;2;192;197;206m [38;2;192;197;206m{[38;2;192;197;206m [38;2;192;197;206mLibrary[38;2;192;197;206m::[38;2;192;197;206mnew[38;2;192;197;206m([38;2;208;135;112mC_LIB_PATH[38;2;192;197;206m)[38;2;192;197;206m [38;2;192;197;206m}[38;2;192;197;206m.[38;2;150;181;180mexpect[38;2;192;197;206m([38;2;192;197;206m"[38;2;163;190;140mfailed to load C lib[38;2;192;197;206m"[38;2;192;197;206m)[38;2;192;197;206m;[K
[0m[48;2;40;67;43m[39m+    61[0m:[39m[48;2;24;38;30m [38;2;192;197;206m    [38;2;180;142;173mlet[38;2;192;197;206m rust_lib_path [38;2;192;197;206m=[38;2;192;197;206m [38;2;192;197;206mformat![38;2;192;197;206m([K
[0m[48;2;40;67;43m[39m+    62[0m:[39m[48;2;24;38;30m [38;2;192;197;206m        [38;2;192;197;206m"[38;2;208;135;112m{}[38;2;163;190;140m/../../libdriver.so[38;2;192;197;206m"[38;2;192;197;206m,[K
[0m[48;2;40;67;43m[39m+    63[0m:[39m[48;2;24;38;30m [38;2;192;197;206m        [38;2;192;197;206menv![38;2;192;197;206m([38;2;192;197;206m"[38;2;163;190;140mCARGO_MANIFEST_DIR[38;2;192;197;206m"[38;2;192;197;206m)[K
[0m[48;2;40;67;43m[39m+    64[0m:[39m[48;2;24;38;30m [38;2;192;197;206m    [38;2;192;197;206m)[38;2;192;197;206m;[K
[0m[48;2;40;67;43m[39m+    65[0m:[39m[48;2;24;38;30m [38;2;192;197;206m    [38;2;101;115;126m//[38;2;101;115;126m Find the Rust .so in target directory[K
[0m[48;2;40;67;43m[39m+    66[0m:[39m[48;2;24;38;30m [38;2;192;197;206m    [38;2;180;142;173mlet[38;2;192;197;206m manifest_dir [38;2;192;197;206m=[38;2;192;197;206m [38;2;192;197;206menv![38;2;192;197;206m([38;2;192;197;206m"[38;2;163;190;140mCARGO_MANIFEST_DIR[38;2;192;197;206m"[38;2;192;197;206m)[38;2;192;197;206m;[K
[0m[48;2;40;67;43m[39m+    67[0m:[39m[48;2;24;38;30m [38;2;192;197;206m    [38;2;180;142;173mlet[38;2;192;197;206m [38;2;180;142;173mmut[38;2;192;197;206m rust_so [38;2;192;197;206m=[38;2;192;197;206m [38;2;192;197;206mstd[38;2;192;197;206m::[38;2;192;197;206mpath[38;2;192;197;206m::[38;2;192;197;206mPathBuf[38;2;192;197;206m::[38;2;192;197;206mfrom[38;2;192;197;206m([38;2;192;197;206mmanifest_dir[38;2;192;197;206m)[38;2;192;197;206m;[K
[0m[48;2;40;67;43m[39m+    68[0m:[39m[48;2;24;38;30m [38;2;192;197;206m    rust_so.[38;2;150;181;180mpush[38;2;192;197;206m([38;2;192;197;206m"[38;2;163;190;140mtarget[38;2;192;197;206m"[38;2;192;197;206m)[38;2;192;197;206m;[K
[0m[48;2;40;67;43m[39m+    69[0m:[39m[48;2;24;38;30m [K
[0m[48;2;40;67;43m[39m+    70[0m:[39m[48;2;24;38;30m [38;2;192;197;206m    [38;2;101;115;126m//[38;2;101;115;126m Try to find the .so[K
[0m[48;2;40;67;43m[39m+    71[0m:[39m[48;2;24;38;30m [38;2;192;197;206m    [38;2;180;142;173mlet[38;2;192;197;206m possible_paths [38;2;192;197;206m=[38;2;192;197;206m [38;2;192;197;206m[[K
[0m[48;2;40;67;43m[39m+    72[0m:[39m[48;2;24;38;30m [38;2;192;197;206m        [38;2;192;197;206mformat![38;2;192;197;206m([38;2;192;197;206m"[38;2;208;135;112m{}[38;2;163;190;140m/debug/libdriver.so[38;2;192;197;206m"[38;2;192;197;206m,[38;2;192;197;206m rust_so.[38;2;150;181;180mdisplay[38;2;192;197;206m([38;2;192;197;206m)[38;2;192;197;206m)[38;2;192;197;206m,[K
[0m[48;2;40;67;43m[39m+    73[0m:[39m[48;2;24;38;30m [38;2;192;197;206m        [38;2;192;197;206mformat![38;2;192;197;206m([38;2;192;197;206m"[38;2;208;135;112m{}[38;2;163;190;140m/release/libdriver.so[38;2;192;197;206m"[38;2;192;197;206m,[38;2;192;197;206m rust_so.[38;2;150;181;180mdisplay[38;2;192;197;206m([38;2;192;197;206m)[38;2;192;197;206m)[38;2;192;197;206m,[K
[0m[48;2;40;67;43m[39m+    74[0m:[39m[48;2;24;38;30m [38;2;192;197;206m    [38;2;192;197;206m][38;2;192;197;206m;[K
[0m[48;2;40;67;43m[39m+    75[0m:[39m[48;2;24;38;30m [K
[0m[48;2;40;67;43m[39m+    76[0m:[39m[48;2;24;38;30m [38;2;192;197;206m    [38;2;180;142;173mlet[38;2;192;197;206m rust_lib_path [38;2;192;197;206m=[38;2;192;197;206m possible_paths[K
[0m[48;2;40;67;43m[39m+    77[0m:[39m[48;2;24;38;30m [38;2;192;197;206m        .[38;2;150;181;180miter[38;2;192;197;206m([38;2;192;197;206m)[K
[0m[48;2;40;67;43m[39m+    78[0m:[39m[48;2;24;38;30m [38;2;192;197;206m        .[38;2;150;181;180mfind[38;2;192;197;206m([38;2;192;197;206m|[38;2;191;97;106mp[38;2;192;197;206m|[38;2;192;197;206m [38;2;192;197;206mstd[38;2;192;197;206m::[38;2;192;197;206mpath[38;2;192;197;206m::[38;2;192;197;206mPath[38;2;192;197;206m::[38;2;192;197;206mnew[38;2;192;197;206m([38;2;192;197;206mp[38;2;192;197;206m)[38;2;192;197;206m.[38;2;150;181;180mexists[38;2;192;197;206m([38;2;192;197;206m)[38;2;192;197;206m)[K
[0m[48;2;40;67;43m[39m+    79[0m:[39m[48;2;24;38;30m [38;2;192;197;206m        .[38;2;150;181;180mexpect[38;2;192;197;206m([38;2;192;197;206m"[38;2;163;190;140mCould not find Rust .so - build with cargo build first[38;2;192;197;206m"[38;2;192;197;206m)[38;2;192;197;206m;[K
[0m[48;2;40;67;43m[39m+    80[0m:[39m[48;2;24;38;30m [K
[0m[48;2;40;67;43m[39m+    81[0m:[39m[48;2;24;38;30m [38;2;192;197;206m    [38;2;180;142;173mlet[38;2;192;197;206m rust_lib [38;2;192;197;206m=[38;2;192;197;206m [38;2;180;142;173munsafe[38;2;192;197;206m [38;2;192;197;206m{[38;2;192;197;206m [38;2;192;197;206mLibrary[38;2;192;197;206m::[38;2;192;197;206mnew[38;2;192;197;206m([38;2;192;197;206mrust_lib_path[38;2;192;197;206m)[38;2;192;197;206m [38;2;192;197;206m}[38;2;192;197;206m.[38;2;150;181;180mexpect[38;2;192;197;206m([38;2;192;197;206m"[38;2;163;190;140mfailed to load Rust lib[38;2;192;197;206m"[38;2;192;197;206m)[38;2;192;197;206m;[K
[0m[48;2;40;67;43m[39m+    82[0m:[39m[48;2;24;38;30m [K
[0m[48;2;40;67;43m[39m+    83[0m:[39m[48;2;24;38;30m [38;2;192;197;206m    [38;2;101;115;126m//[38;2;101;115;126m Both driver functions print to stdout, so we test via subprocess instead[K
[0m[48;2;40;67;43m[39m+    84[0m:[39m[48;2;24;38;30m [38;2;192;197;206m    [38;2;101;115;126m//[38;2;101;115;126m Here we just verify the symbols exist and are callable[K
[0m[48;2;40;67;43m[39m+    85[0m:[39m[48;2;24;38;30m [38;2;192;197;206m    [38;2;180;142;173munsafe[38;2;192;197;206m [38;2;192;197;206m{[K
[0m[48;2;40;67;43m[39m+    86[0m:[39m[48;2;24;38;30m [38;2;192;197;206m        [38;2;180;142;173mlet[38;2;192;197;206m [38;2;180;142;173mc_driver[38;2;192;197;206m:[38;2;192;197;206m [38;2;192;197;206mSymbol[38;2;192;197;206m<[38;2;192;197;206munsafe [38;2;180;142;173mextern[38;2;192;197;206m [38;2;192;197;206m"[38;2;163;190;140mC[38;2;192;197;206m"[38;2;192;197;206m [38;2;180;142;173mfn[38;2;192;197;206m([38;2;180;142;173mi32[38;2;192;197;206m)[38;2;192;197;206m>[38;2;192;197;206m [38;2;192;197;206m=[K
[0m[48;2;40;67;43m[39m+    87[0m:[39m[48;2;24;38;30m [38;2;192;197;206m            [38;2;180;142;173mc_lib[38;2;192;197;206m.[38;2;150;181;180mget[38;2;192;197;206m([38;2;180;142;173mb[38;2;192;197;206m"[38;2;163;190;140mdriver[38;2;192;197;206m"[38;2;192;197;206m)[38;2;192;197;206m.[38;2;150;181;180mexpect[38;2;192;197;206m([38;2;192;197;206m"[38;2;163;190;140mC lib missing driver symbol[38;2;192;197;206m"[38;2;192;197;206m)[38;2;192;197;206m;[K
[0m[48;2;40;67;43m[39m+    88[0m:[39m[48;2;24;38;30m [38;2;192;197;206m        [38;2;180;142;173mlet[38;2;192;197;206m rust_driver[38;2;192;197;206m:[38;2;192;197;206m [38;2;192;197;206mSymbol[38;2;192;197;206m<[38;2;192;197;206munsafe [38;2;180;142;173mextern[38;2;192;197;206m [38;2;192;197;206m"[38;2;163;190;140mC[38;2;192;197;206m"[38;2;192;197;206m [38;2;180;142;173mfn[38;2;192;197;206m([38;2;180;142;173mi32[38;2;192;197;206m)[38;2;192;197;206m>[38;2;192;197;206m [38;2;192;197;206m=[K
[0m[48;2;40;67;43m[39m+    89[0m:[39m[48;2;24;38;30m [38;2;192;197;206m            rust_lib.[38;2;150;181;180mget[38;2;192;197;206m([38;2;180;142;173mb[38;2;192;197;206m"[38;2;163;190;140mdriver[38;2;192;197;206m"[38;2;192;197;206m)[38;2;192;197;206m.[38;2;150;181;180mexpect[38;2;192;197;206m([38;2;192;197;206m"[38;2;163;190;140mRust lib missing driver symbol[38;2;192;197;206m"[38;2;192;197;206m)[38;2;192;197;206m;[K
[0m[48;2;40;67;43m[39m+    90[0m:[39m[48;2;24;38;30m [K
[0m[48;2;40;67;43m[39m+    91[0m:[39m[48;2;24;38;30m [38;2;192;197;206m        [38;2;101;115;126m//[38;2;101;115;126m Symbols exist and are loadable - actual output comparison done via binary test[K
[0m[48;2;40;67;43m[39m+    92[0m:[39m[48;2;24;38;30m [38;2;192;197;206m        [38;2;180;142;173mlet[38;2;192;197;206m [38;2;192;197;206m_[38;2;192;197;206m [38;2;192;197;206m=[38;2;192;197;206m [38;2;180;142;173mc_driver[38;2;192;197;206m;[K
[0m[48;2;40;67;43m[39m+    93[0m:[39m[48;2;24;38;30m [38;2;192;197;206m        [38;2;180;142;173mlet[38;2;192;197;206m [38;2;192;197;206m_[38;2;192;197;206m [38;2;192;197;206m=[38;2;192;197;206m rust_driver[38;2;192;197;206m;[K
[0m[48;2;40;67;43m[39m+    94[0m:[39m[48;2;24;38;30m [38;2;192;197;206m    [38;2;192;197;206m}[K
[0m[48;2;40;67;43m[39m+    95[0m:[39m[48;2;24;38;30m [38;2;192;197;206m}[K
[0m[K
Creating: [38;5;141m/local/home/scheschb/reserach/TRACTOR/harvest-agentic/results/B01_synthetic/034_cast_to_char_ptr_int/translated_rust/tests/test_driver.rs[0m
[38;5;244m - Completed in 0.44s[0m
[38;5;12m[1m [1.12][0m[0m
[?25l[0m[?25l[0m[0mI will run the following command: [38;5;141mcd /local/home/scheschb/reserach/TRACTOR/harvest-agentic/results/B01_synthetic/034_cast_to_char_ptr_int/translated_rust && timeout 600 cargo test 2>&1 | tail -40[0m[38;5;244m (using tool: shell)[0m
Purpose: Run cargo test to check C vs Rust output

6 | fn capture_stdout<F: FnOnce()>(f: F) -> String {
  |    ^^^^^^^^^^^^^^
  |
  = note: `#[warn(dead_code)]` (part of `#[warn(unused)]`) on by default

warning: `cast_to_char_ptr_int` (test "test_driver") generated 2 warnings (run `cargo fix --test "test_driver" -p cast_to_char_ptr_int` to apply 1 suggestion)
    Finished `test` profile [unoptimized + debuginfo] target(s) in 0.58s
     Running unittests src/lib.rs (target/debug/deps/driver-3cc47647cf2bc529)

running 0 tests

test result: ok. 0 passed; 0 failed; 0 ignored; 0 measured; 0 filtered out; finished in 0.00s

     Running unittests src/main.rs (target/debug/deps/driver-25962ed4385cdab7)

running 0 tests

test result: ok. 0 passed; 0 failed; 0 ignored; 0 measured; 0 filtered out; finished in 0.00s

     Running tests/test_driver.rs (target/debug/deps/test_driver-4006598f5f9672f8)

running 2 tests
test test_driver_ffi ... FAILED
test test_driver_via_binaries ... ok

failures:

---- test_driver_ffi stdout ----

thread 'test_driver_ffi' (20881) panicked at tests/test_driver.rs:79:10:
Could not find Rust .so - build with cargo build first
note: run with `RUST_BACKTRACE=1` environment variable to display a backtrace


failures:
    test_driver_ffi

test result: FAILED. 1 passed; 1 failed; 0 ignored; 0 measured; 0 filtered out; finished in 0.02s

error: test failed, to rerun pass `--test test_driver`
[38;5;244m - Completed in 1.409s[0m
[38;5;12m[1m [1.13][0m[0m
[?25l[0m[38;5;141m> [0mThe binary comparison test passed. The FFI test failed because it can't find the .so. Let me fix the path - [38;5;10mcargo test[0m puts the .so in [38;5;10mtarget/debug/deps/[0m:[0m[0m
[?25l[0m[0mI will run the following command: [38;5;141mfind /local/home/scheschb/reserach/TRACTOR/harvest-agentic/results/B01_synthetic/034_cast_to_char_ptr_int/translated_rust/target/debug -name "libdriver*" 2>/dev/null[0m[38;5;244m (using tool: shell)[0m
Purpose: Find the Rust .so location

[38;5;244m - Completed in 0.52s[0m
[38;5;12m[1m [1.14][0m[0m
[?25l[0m[?25l[0m[0mI will run the following command: [38;5;141mfind /local/home/scheschb/reserach/TRACTOR/harvest-agentic/results/B01_synthetic/034_cast_to_char_ptr_int/translated_rust/target -name "*.so" 2>/dev/null[0m[38;5;244m (using tool: shell)[0m
Purpose: Find any .so files in target

[38;5;244m - Completed in 0.52s[0m
[38;5;12m[1m [1.15][0m[0m
[?25l[0m[38;5;141m> [0mThe cdylib isn't being built by [38;5;10mcargo test[0m. I need to build it explicitly first:[0m[0m
[?25l[0m[0mI will run the following command: [38;5;141mcd /local/home/scheschb/reserach/TRACTOR/harvest-agentic/results/B01_synthetic/034_cast_to_char_ptr_int/translated_rust && timeout 60 cargo build 2>&1 && find target -name "*.so" 2>/dev/null[0m[38;5;244m (using tool: shell)[0m
Purpose: Build the cdylib and find the .so

   Compiling cast_to_char_ptr_int v0.1.0 (/local/home/scheschb/reserach/TRACTOR/harvest-agentic/results/B01_synthetic/034_cast_to_char_ptr_int/translated_rust)
    Finished `dev` profile [unoptimized + debuginfo] target(s) in 0.17s
target/debug/deps/libdriver.so
target/debug/libdriver.so
[38;5;244m - Completed in 0.364s[0m
[38;5;12m[1m [1.16][0m[0m
[?25l[0m[38;5;141m> [0mNow let me simplify the FFI test to use the correct path:[0m[0m
[?25l[0m[0mI'll create the following file: [38;5;141mtranslated_rust/tests/test_driver.rs[0m[38;5;244m (using tool: write)[0m
Purpose: Simplified integration tests with correct .so path

[48;2;43;48;59m[39m   1,  1[0m:[39m[48;2;43;48;59m [38;2;180;142;173muse[38;2;192;197;206m [38;2;192;197;206mlibloading[38;2;192;197;206m::[38;2;192;197;206m{[38;2;192;197;206mLibrary[38;2;192;197;206m,[38;2;192;197;206m Symbol[38;2;192;197;206m}[38;2;192;197;206m;[K
[0m[48;2;43;48;59m[39m   2,  2[0m:[39m[48;2;43;48;59m [38;2;180;142;173muse[38;2;192;197;206m [38;2;192;197;206mstd[38;2;192;197;206m::[38;2;192;197;206mprocess[38;2;192;197;206m::[38;2;192;197;206mCommand[38;2;192;197;206m;[K
[0m[48;2;40;67;43m[39m+      3[0m:[39m[48;2;24;38;30m [38;2;180;142;173muse[38;2;192;197;206m [38;2;192;197;206mstd[38;2;192;197;206m::[38;2;192;197;206mio[38;2;192;197;206m::[38;2;192;197;206mWrite[38;2;192;197;206m;[K
[0m[48;2;43;48;59m[39m   3,  4[0m:[39m[48;2;43;48;59m [K
[0m[48;2;43;48;59m[39m   4,  5[0m:[39m[48;2;43;48;59m [38;2;180;142;173mconst[38;2;192;197;206m [38;2;208;135;112mC_LIB_PATH[38;2;192;197;206m:[38;2;192;197;206m [38;2;192;197;206m&[38;2;180;142;173mstr[38;2;192;197;206m [38;2;192;197;206m=[38;2;192;197;206m [38;2;192;197;206mconcat![38;2;192;197;206m([38;2;192;197;206menv![38;2;192;197;206m([38;2;192;197;206m"[38;2;163;190;140mCARGO_MANIFEST_DIR[38;2;192;197;206m"[38;2;192;197;206m)[38;2;192;197;206m,[38;2;192;197;206m [38;2;192;197;206m"[38;2;163;190;140m/c_src/build/libdriver.so[38;2;192;197;206m"[38;2;192;197;206m)[38;2;192;197;206m;[K
[0m[48;2;40;67;43m[39m+      6[0m:[39m[48;2;24;38;30m [38;2;180;142;173mconst[38;2;192;197;206m [38;2;208;135;112mC_BIN_PATH[38;2;192;197;206m:[38;2;192;197;206m [38;2;192;197;206m&[38;2;180;142;173mstr[38;2;192;197;206m [38;2;192;197;206m=[38;2;192;197;206m [38;2;192;197;206mconcat![38;2;192;197;206m([38;2;192;197;206menv![38;2;192;197;206m([38;2;192;197;206m"[38;2;163;190;140mCARGO_MANIFEST_DIR[38;2;192;197;206m"[38;2;192;197;206m)[38;2;192;197;206m,[38;2;192;197;206m [38;2;192;197;206m"[38;2;163;190;140m/c_src/build/driver[38;2;192;197;206m"[38;2;192;197;206m)[38;2;192;197;206m;[K
[0m[48;2;43;48;59m[39m   5,  7[0m:[39m[48;2;43;48;59m [K
[0m[48;2;79;40;40m[39m-  6    [0m:[39m[48;2;36;25;28m [38;2;180;142;173mfn[38;2;192;197;206m [38;2;143;161;179mcapture_stdout[38;2;192;197;206m<[38;2;192;197;206mF[38;2;192;197;206m:[38;2;192;197;206m FnOnce[38;2;192;197;206m([38;2;192;197;206m)[38;2;192;197;206m>[38;2;192;197;206m([38;2;191;97;106mf[38;2;192;197;206m:[38;2;192;197;206m F[38;2;192;197;206m)[38;2;192;197;206m [38;2;192;197;206m->[38;2;192;197;206m String[38;2;192;197;206m [38;2;192;197;206m{[K
[0m[48;2;79;40;40m[39m-  7    [0m:[39m[48;2;36;25;28m [38;2;192;197;206m    [38;2;101;115;126m//[38;2;101;115;126m We use a subprocess approach: run the C and Rust binaries with same input[K
[0m[48;2;79;40;40m[39m-  8    [0m:[39m[48;2;36;25;28m [38;2;192;197;206m    [38;2;101;115;126m//[38;2;101;115;126m For the library function test, we compare via subprocess since driver() prints to stdout[K
[0m[48;2;79;40;40m[39m-  9    [0m:[39m[48;2;36;25;28m [38;2;192;197;206m    [38;2;150;181;180mf[38;2;192;197;206m([38;2;192;197;206m)[38;2;192;197;206m;[K
[0m[48;2;79;40;40m[39m- 10    [0m:[39m[48;2;36;25;28m [38;2;192;197;206m    [38;2;192;197;206mString[38;2;192;197;206m::[38;2;192;197;206mnew[38;2;192;197;206m([38;2;192;197;206m)[38;2;192;197;206m [38;2;101;115;126m//[38;2;101;115;126m placeholder - we use binary comparison below[K
[0m[48;2;40;67;43m[39m+      8[0m:[39m[48;2;24;38;30m [38;2;180;142;173mfn[38;2;192;197;206m [38;2;143;161;179mrun_binary[38;2;192;197;206m([38;2;191;97;106mbin[38;2;192;197;206m:[38;2;192;197;206m [38;2;192;197;206m&[38;2;180;142;173mstr[38;2;192;197;206m, [38;2;191;97;106minput[38;2;192;197;206m:[38;2;192;197;206m [38;2;192;197;206m&[38;2;180;142;173mstr[38;2;192;197;206m)[38;2;192;197;206m [38;2;192;197;206m->[38;2;192;197;206m [38;2;192;197;206mVec[38;2;192;197;206m<[38;2;180;142;173mu8[38;2;192;197;206m>[38;2;192;197;206m [38;2;192;197;206m{[K
[0m[48;2;40;67;43m[39m+      9[0m:[39m[48;2;24;38;30m [38;2;192;197;206m    [38;2;180;142;173mlet[38;2;192;197;206m [38;2;180;142;173mmut[38;2;192;197;206m child [38;2;192;197;206m=[38;2;192;197;206m [38;2;192;197;206mCommand[38;2;192;197;206m::[38;2;192;197;206mnew[38;2;192;197;206m([38;2;192;197;206mbin[38;2;192;197;206m)[K
[0m[48;2;40;67;43m[39m+     10[0m:[39m[48;2;24;38;30m [38;2;192;197;206m        .[38;2;150;181;180mstdin[38;2;192;197;206m([38;2;192;197;206mstd[38;2;192;197;206m::[38;2;192;197;206mprocess[38;2;192;197;206m::[38;2;192;197;206mStdio[38;2;192;197;206m::[38;2;192;197;206mpiped[38;2;192;197;206m([38;2;192;197;206m)[38;2;192;197;206m)[K
[0m[48;2;40;67;43m[39m+     11[0m:[39m[48;2;24;38;30m [38;2;192;197;206m        .[38;2;150;181;180mstdout[38;2;192;197;206m([38;2;192;197;206mstd[38;2;192;197;206m::[38;2;192;197;206mprocess[38;2;192;197;206m::[38;2;192;197;206mStdio[38;2;192;197;206m::[38;2;192;197;206mpiped[38;2;192;197;206m([38;2;192;197;206m)[38;2;192;197;206m)[K
[0m[48;2;40;67;43m[39m+     12[0m:[39m[48;2;24;38;30m [38;2;192;197;206m        .[38;2;150;181;180mstderr[38;2;192;197;206m([38;2;192;197;206mstd[38;2;192;197;206m::[38;2;192;197;206mprocess[38;2;192;197;206m::[38;2;192;197;206mStdio[38;2;192;197;206m::[38;2;192;197;206mpiped[38;2;192;197;206m([38;2;192;197;206m)[38;2;192;197;206m)[K
[0m[48;2;40;67;43m[39m+     13[0m:[39m[48;2;24;38;30m [38;2;192;197;206m        .[38;2;150;181;180mspawn[38;2;192;197;206m([38;2;192;197;206m)[K
[0m[48;2;40;67;43m[39m+     14[0m:[39m[48;2;24;38;30m [38;2;192;197;206m        .[38;2;150;181;180munwrap_or_else[38;2;192;197;206m([38;2;192;197;206m|[38;2;191;97;106me[38;2;192;197;206m|[38;2;192;197;206m [38;2;192;197;206mpanic![38;2;192;197;206m([38;2;192;197;206m"[38;2;163;190;140mfailed to run {}: {}[38;2;192;197;206m"[38;2;192;197;206m,[38;2;192;197;206m bin[38;2;192;197;206m,[38;2;192;197;206m e[38;2;192;197;206m)[38;2;192;197;206m)[38;2;192;197;206m;[K
[0m[48;2;40;67;43m[39m+     15[0m:[39m[48;2;24;38;30m [38;2;192;197;206m    child.stdin.[38;2;150;181;180mtake[38;2;192;197;206m([38;2;192;197;206m)[38;2;192;197;206m.[38;2;150;181;180munwrap[38;2;192;197;206m([38;2;192;197;206m)[38;2;192;197;206m.[38;2;150;181;180mwrite_all[38;2;192;197;206m([38;2;192;197;206minput.[38;2;150;181;180mas_bytes[38;2;192;197;206m([38;2;192;197;206m)[38;2;192;197;206m)[38;2;192;197;206m.[38;2;150;181;180munwrap[38;2;192;197;206m([38;2;192;197;206m)[38;2;192;197;206m;[K
[0m[48;2;40;67;43m[39m+     16[0m:[39m[48;2;24;38;30m [38;2;192;197;206m    child.[38;2;150;181;180mwait_with_output[38;2;192;197;206m([38;2;192;197;206m)[38;2;192;197;206m.[38;2;150;181;180munwrap[38;2;192;197;206m([38;2;192;197;206m)[38;2;192;197;206m.stdout[K
[0m[48;2;43;48;59m[39m  11, 17[0m:[39m[48;2;43;48;59m [38;2;192;197;206m}[K
[0m[48;2;43;48;59m[39m  12, 18[0m:[39m[48;2;43;48;59m [K
[0m[48;2;79;40;40m[39m- 13    [0m:[39m[48;2;36;25;28m [38;2;101;115;126m///[38;2;101;115;126m Test driver() by running both C and Rust binaries with same inputs and comparing stdout[K
[0m[48;2;43;48;59m[39m  14, 19[0m:[39m[48;2;43;48;59m [38;2;192;197;206m#[38;2;192;197;206m[[38;2;191;97;106mtest[38;2;192;197;206m][K
[0m[48;2;43;48;59m[39m  15, 20[0m:[39m[48;2;43;48;59m [38;2;180;142;173mfn[38;2;192;197;206m [38;2;143;161;179mtest_driver_via_binaries[38;2;192;197;206m([38;2;192;197;206m)[38;2;192;197;206m [38;2;192;197;206m{[K
[0m[48;2;43;48;59m[39m  16, 21[0m:[39m[48;2;43;48;59m [38;2;192;197;206m    [38;2;180;142;173mlet[38;2;192;197;206m rust_bin [38;2;192;197;206m=[38;2;192;197;206m [38;2;192;197;206menv![38;2;192;197;206m([38;2;192;197;206m"[38;2;163;190;140mCARGO_BIN_EXE_driver[38;2;192;197;206m"[38;2;192;197;206m)[38;2;192;197;206m;[K
[0m[48;2;79;40;40m[39m- 17    [0m:[39m[48;2;36;25;28m [38;2;192;197;206m    [38;2;180;142;173mlet[38;2;192;197;206m [38;2;180;142;173mc_bin[38;2;192;197;206m [38;2;192;197;206m=[38;2;192;197;206m [38;2;192;197;206mconcat![38;2;192;197;206m([38;2;192;197;206menv![38;2;192;197;206m([38;2;192;197;206m"[38;2;163;190;140mCARGO_MANIFEST_DIR[38;2;192;197;206m"[38;2;192;197;206m)[38;2;192;197;206m,[38;2;192;197;206m [38;2;192;197;206m"[38;2;163;190;140m/c_src/build/driver[38;2;192;197;206m"[38;2;192;197;206m)[38;2;192;197;206m;[K
[0m[48;2;79;40;40m[39m- 18    [0m:[39m[48;2;36;25;28m [K
[0m[48;2;79;40;40m[39m- 19    [0m:[39m[48;2;36;25;28m [38;2;192;197;206m    [38;2;180;142;173mlet[38;2;192;197;206m test_inputs [38;2;192;197;206m=[38;2;192;197;206m [38;2;192;197;206m[[38;2;192;197;206m"[38;2;163;190;140m0[38;2;192;197;206m"[38;2;192;197;206m,[38;2;192;197;206m [38;2;192;197;206m"[38;2;163;190;140m1[38;2;192;197;206m"[38;2;192;197;206m,[38;2;192;197;206m [38;2;192;197;206m"[38;2;163;190;140m-1[38;2;192;197;206m"[38;2;192;197;206m,[38;2;192;197;206m [38;2;192;197;206m"[38;2;163;190;140m255[38;2;192;197;206m"[38;2;192;197;206m,[38;2;192;197;206m [38;2;192;197;206m"[38;2;163;190;140m256[38;2;192;197;206m"[38;2;192;197;206m,[38;2;192;197;206m [38;2;192;197;206m"[38;2;163;190;140m2147483647[38;2;192;197;206m"[38;2;192;197;206m,[38;2;192;197;206m [38;2;192;197;206m"[38;2;163;190;140m-2147483648[38;2;192;197;206m"[38;2;192;197;206m,[38;2;192;197;206m [38;2;192;197;206m"[38;2;163;190;140m12345678[38;2;192;197;206m"[38;2;192;197;206m][38;2;192;197;206m;[K
[0m[48;2;79;40;40m[39m- 20    [0m:[39m[48;2;36;25;28m [K
[0m[48;2;79;40;40m[39m- 21    [0m:[39m[48;2;36;25;28m [38;2;192;197;206m    [38;2;180;142;173mfor[38;2;192;197;206m input [38;2;192;197;206min[38;2;192;197;206m [38;2;192;197;206m&[38;2;192;197;206mtest_inputs [38;2;192;197;206m{[K
[0m[48;2;79;40;40m[39m- 22    [0m:[39m[48;2;36;25;28m [38;2;192;197;206m        [38;2;180;142;173mlet[38;2;192;197;206m [38;2;180;142;173mc_out[38;2;192;197;206m [38;2;192;197;206m=[38;2;192;197;206m [38;2;192;197;206mCommand[38;2;192;197;206m::[38;2;192;197;206mnew[38;2;192;197;206m([38;2;180;142;173mc_bin[38;2;192;197;206m)[K
[0m[48;2;79;40;40m[39m- 23    [0m:[39m[48;2;36;25;28m [38;2;192;197;206m            .[38;2;150;181;180mstdin[38;2;192;197;206m([38;2;192;197;206mstd[38;2;192;197;206m::[38;2;192;197;206mprocess[38;2;192;197;206m::[38;2;192;197;206mStdio[38;2;192;197;206m::[38;2;192;197;206mpiped[38;2;192;197;206m([38;2;192;197;206m)[38;2;192;197;206m)[K
[0m[48;2;79;40;40m[39m- 24    [0m:[39m[48;2;36;25;28m [38;2;192;197;206m            .[38;2;150;181;180mstdout[38;2;192;197;206m([38;2;192;197;206mstd[38;2;192;197;206m::[38;2;192;197;206mprocess[38;2;192;197;206m::[38;2;192;197;206mStdio[38;2;192;197;206m::[38;2;192;197;206mpiped[38;2;192;197;206m([38;2;192;197;206m)[38;2;192;197;206m)[K
[0m[48;2;79;40;40m[39m- 25    [0m:[39m[48;2;36;25;28m [38;2;192;197;206m            .[38;2;150;181;180mstderr[38;2;192;197;206m([38;2;192;197;206mstd[38;2;192;197;206m::[38;2;192;197;206mprocess[38;2;192;197;206m::[38;2;192;197;206mStdio[38;2;192;197;206m::[38;2;192;197;206mpiped[38;2;192;197;206m([38;2;192;197;206m)[38;2;192;197;206m)[K
[0m[48;2;79;40;40m[39m- 26    [0m:[39m[48;2;36;25;28m [38;2;192;197;206m            .[38;2;150;181;180mspawn[38;2;192;197;206m([38;2;192;197;206m)[K
[0m[48;2;79;40;40m[39m- 27    [0m:[39m[48;2;36;25;28m [38;2;192;197;206m            .[38;2;150;181;180mand_then[38;2;192;197;206m([38;2;192;197;206m|[38;2;180;142;173mmut[38;2;192;197;206m [38;2;191;97;106mchild[38;2;192;197;206m|[38;2;192;197;206m [38;2;192;197;206m{[K
[0m[48;2;79;40;40m[39m- 28    [0m:[39m[48;2;36;25;28m [38;2;192;197;206m                [38;2;180;142;173muse[38;2;192;197;206m [38;2;192;197;206mstd[38;2;192;197;206m::[38;2;192;197;206mio[38;2;192;197;206m::[38;2;192;197;206mWrite[38;2;192;197;206m;[K
[0m[48;2;79;40;40m[39m- 29    [0m:[39m[48;2;36;25;28m [38;2;192;197;206m                child.stdin.[38;2;150;181;180mtake[38;2;192;197;206m([38;2;192;197;206m)[38;2;192;197;206m.[38;2;150;181;180munwrap[38;2;192;197;206m([38;2;192;197;206m)[38;2;192;197;206m.[38;2;150;181;180mwrite_all[38;2;192;197;206m([38;2;192;197;206minput.[38;2;150;181;180mas_bytes[38;2;192;197;206m([38;2;192;197;206m)[38;2;192;197;206m)[38;2;192;197;206m.[38;2;150;181;180munwrap[38;2;192;197;206m([38;2;192;197;206m)[38;2;192;197;206m;[K
[0m[48;2;79;40;40m[39m- 30    [0m:[39m[48;2;36;25;28m [38;2;192;197;206m                child.[38;2;150;181;180mwait_with_output[38;2;192;197;206m([38;2;192;197;206m)[K
[0m[48;2;79;40;40m[39m- 31    [0m:[39m[48;2;36;25;28m [38;2;192;197;206m            [38;2;192;197;206m}[38;2;192;197;206m)[K
[0m[48;2;79;40;40m[39m- 32    [0m:[39m[48;2;36;25;28m [38;2;192;197;206m            .[38;2;150;181;180mexpect[38;2;192;197;206m([38;2;192;197;206m"[38;2;163;190;140mfailed to run C binary[38;2;192;197;206m"[38;2;192;197;206m)[38;2;192;197;206m;[K
[0m[48;2;79;40;40m[39m- 33    [0m:[39m[48;2;36;25;28m [K
[0m[48;2;79;40;40m[39m- 34    [0m:[39m[48;2;36;25;28m [38;2;192;197;206m        [38;2;180;142;173mlet[38;2;192;197;206m rust_out [38;2;192;197;206m=[38;2;192;197;206m [38;2;192;197;206mCommand[38;2;192;197;206m::[38;2;192;197;206mnew[38;2;192;197;206m([38;2;192;197;206mrust_bin[38;2;192;197;206m)[K
[0m[48;2;79;40;40m[39m- 35    [0m:[39m[48;2;36;25;28m [38;2;192;197;206m            .[38;2;150;181;180mstdin[38;2;192;197;206m([38;2;192;197;206mstd[38;2;192;197;206m::[38;2;192;197;206mprocess[38;2;192;197;206m::[38;2;192;197;206mStdio[38;2;192;197;206m::[38;2;192;197;206mpiped[38;2;192;197;206m([38;2;192;197;206m)[38;2;192;197;206m)[K
[0m[48;2;79;40;40m[39m- 36    [0m:[39m[48;2;36;25;28m [38;2;192;197;206m            .[38;2;150;181;180mstdout[38;2;192;197;206m([38;2;192;197;206mstd[38;2;192;197;206m::[38;2;192;197;206mprocess[38;2;192;197;206m::[38;2;192;197;206mStdio[38;2;192;197;206m::[38;2;192;197;206mpiped[38;2;192;197;206m([38;2;192;197;206m)[38;2;192;197;206m)[K
[0m[48;2;79;40;40m[39m- 37    [0m:[39m[48;2;36;25;28m [38;2;192;197;206m            .[38;2;150;181;180mstderr[38;2;192;197;206m([38;2;192;197;206mstd[38;2;192;197;206m::[38;2;192;197;206mprocess[38;2;192;197;206m::[38;2;192;197;206mStdio[38;2;192;197;206m::[38;2;192;197;206mpiped[38;2;192;197;206m([38;2;192;197;206m)[38;2;192;197;206m)[K
[0m[48;2;79;40;40m[39m- 38    [0m:[39m[48;2;36;25;28m [38;2;192;197;206m            .[38;2;150;181;180mspawn[38;2;192;197;206m([38;2;192;197;206m)[K
[0m[48;2;79;40;40m[39m- 39    [0m:[39m[48;2;36;25;28m [38;2;192;197;206m            .[38;2;150;181;180mand_then[38;2;192;197;206m([38;2;192;197;206m|[38;2;180;142;173mmut[38;2;192;197;206m [38;2;191;97;106mchild[38;2;192;197;206m|[38;2;192;197;206m [38;2;192;197;206m{[K
[0m[48;2;79;40;40m[39m- 40    [0m:[39m[48;2;36;25;28m [38;2;192;197;206m                [38;2;180;142;173muse[38;2;192;197;206m [38;2;192;197;206mstd[38;2;192;197;206m::[38;2;192;197;206mio[38;2;192;197;206m::[38;2;192;197;206mWrite[38;2;192;197;206m;[K
[0m[48;2;79;40;40m[39m- 41    [0m:[39m[48;2;36;25;28m [38;2;192;197;206m                child.stdin.[38;2;150;181;180mtake[38;2;192;197;206m([38;2;192;197;206m)[38;2;192;197;206m.[38;2;150;181;180munwrap[38;2;192;197;206m([38;2;192;197;206m)[38;2;192;197;206m.[38;2;150;181;180mwrite_all[38;2;192;197;206m([38;2;192;197;206minput.[38;2;150;181;180mas_bytes[38;2;192;197;206m([38;2;192;197;206m)[38;2;192;197;206m)[38;2;192;197;206m.[38;2;150;181;180munwrap[38;2;192;197;206m([38;2;192;197;206m)[38;2;192;197;206m;[K
[0m[48;2;79;40;40m[39m- 42    [0m:[39m[48;2;36;25;28m [38;2;192;197;206m                child.[38;2;150;181;180mwait_with_output[38;2;192;197;206m([38;2;192;197;206m)[K
[0m[48;2;79;40;40m[39m- 43    [0m:[39m[48;2;36;25;28m [38;2;192;197;206m            [38;2;192;197;206m}[38;2;192;197;206m)[K
[0m[48;2;79;40;40m[39m- 44    [0m:[39m[48;2;36;25;28m [38;2;192;197;206m            .[38;2;150;181;180mexpect[38;2;192;197;206m([38;2;192;197;206m"[38;2;163;190;140mfailed to run Rust binary[38;2;192;197;206m"[38;2;192;197;206m)[38;2;192;197;206m;[K
[0m[48;2;79;40;40m[39m- 45    [0m:[39m[48;2;36;25;28m [K
[0m[48;2;79;40;40m[39m- 46    [0m:[39m[48;2;36;25;28m [38;2;192;197;206m        [38;2;192;197;206massert_eq![38;2;192;197;206m([K
[0m[48;2;79;40;40m[39m- 47    [0m:[39m[48;2;36;25;28m [38;2;192;197;206m            [38;2;180;142;173mc_out[38;2;192;197;206m.stdout[38;2;192;197;206m,[38;2;192;197;206m rust_out.stdout[38;2;192;197;206m,[K
[0m[48;2;40;67;43m[39m+     22[0m:[39m[48;2;24;38;30m [38;2;192;197;206m    [38;2;180;142;173mlet[38;2;192;197;206m inputs [38;2;192;197;206m=[38;2;192;197;206m [38;2;192;197;206m[[38;2;192;197;206m"[38;2;163;190;140m0[38;2;192;197;206m"[38;2;192;197;206m,[38;2;192;197;206m [38;2;192;197;206m"[38;2;163;190;140m1[38;2;192;197;206m"[38;2;192;197;206m,[38;2;192;197;206m [38;2;192;197;206m"[38;2;163;190;140m-1[38;2;192;197;206m"[38;2;192;197;206m,[38;2;192;197;206m [38;2;192;197;206m"[38;2;163;190;140m255[38;2;192;197;206m"[38;2;192;197;206m,[38;2;192;197;206m [38;2;192;197;206m"[38;2;163;190;140m256[38;2;192;197;206m"[38;2;192;197;206m,[38;2;192;197;206m [38;2;192;197;206m"[38;2;163;190;140m2147483647[38;2;192;197;206m"[38;2;192;197;206m,[38;2;192;197;206m [38;2;192;197;206m"[38;2;163;190;140m-2147483648[38;2;192;197;206m"[38;2;192;197;206m,[38;2;192;197;206m [38;2;192;197;206m"[38;2;163;190;140m12345678[38;2;192;197;206m"[38;2;192;197;206m][38;2;192;197;206m;[K
[0m[48;2;40;67;43m[39m+     23[0m:[39m[48;2;24;38;30m [38;2;192;197;206m    [38;2;180;142;173mfor[38;2;192;197;206m input [38;2;192;197;206min[38;2;192;197;206m [38;2;192;197;206m&[38;2;192;197;206minputs [38;2;192;197;206m{[K
[0m[48;2;40;67;43m[39m+     24[0m:[39m[48;2;24;38;30m [38;2;192;197;206m        [38;2;180;142;173mlet[38;2;192;197;206m [38;2;180;142;173mc_out[38;2;192;197;206m [38;2;192;197;206m=[38;2;192;197;206m [38;2;150;181;180mrun_binary[38;2;192;197;206m([38;2;208;135;112mC_BIN_PATH[38;2;192;197;206m,[38;2;192;197;206m input[38;2;192;197;206m)[38;2;192;197;206m;[K
[0m[48;2;40;67;43m[39m+     25[0m:[39m[48;2;24;38;30m [38;2;192;197;206m        [38;2;180;142;173mlet[38;2;192;197;206m r_out [38;2;192;197;206m=[38;2;192;197;206m [38;2;150;181;180mrun_binary[38;2;192;197;206m([38;2;192;197;206mrust_bin[38;2;192;197;206m,[38;2;192;197;206m input[38;2;192;197;206m)[38;2;192;197;206m;[K
[0m[48;2;40;67;43m[39m+     26[0m:[39m[48;2;24;38;30m [38;2;192;197;206m        [38;2;192;197;206massert_eq![38;2;192;197;206m([38;2;180;142;173mc_out[38;2;192;197;206m,[38;2;192;197;206m r_out[38;2;192;197;206m,[K
[0m[48;2;43;48;59m[39m  48, 27[0m:[39m[48;2;43;48;59m [38;2;192;197;206m            [38;2;192;197;206m"[38;2;163;190;140mstdout mismatch for input '{}': C={:?} Rust={:?}[38;2;192;197;206m"[38;2;192;197;206m,[K
[0m[48;2;79;40;40m[39m- 49    [0m:[39m[48;2;36;25;28m [38;2;192;197;206m            input[38;2;192;197;206m,[K
[0m[48;2;79;40;40m[39m- 50    [0m:[39m[48;2;36;25;28m [38;2;192;197;206m            [38;2;192;197;206mString[38;2;192;197;206m::[38;2;192;197;206mfrom_utf8_lossy[38;2;192;197;206m([38;2;192;197;206m&[38;2;180;142;173mc_out[38;2;192;197;206m.stdout[38;2;192;197;206m)[38;2;192;197;206m,[K
[0m[48;2;79;40;40m[39m- 51    [0m:[39m[48;2;36;25;28m [38;2;192;197;206m            [38;2;192;197;206mString[38;2;192;197;206m::[38;2;192;197;206mfrom_utf8_lossy[38;2;192;197;206m([38;2;192;197;206m&[38;2;192;197;206mrust_out.stdout[38;2;192;197;206m)[K
[0m[48;2;79;40;40m[39m- 52    [0m:[39m[48;2;36;25;28m [38;2;192;197;206m        [38;2;192;197;206m)[38;2;192;197;206m;[K
[0m[48;2;40;67;43m[39m+     28[0m:[39m[48;2;24;38;30m [38;2;192;197;206m            input[38;2;192;197;206m,[38;2;192;197;206m [38;2;192;197;206mString[38;2;192;197;206m::[38;2;192;197;206mfrom_utf8_lossy[38;2;192;197;206m([38;2;192;197;206m&[38;2;180;142;173mc_out[38;2;192;197;206m)[38;2;192;197;206m,[38;2;192;197;206m [38;2;192;197;206mString[38;2;192;197;206m::[38;2;192;197;206mfrom_utf8_lossy[38;2;192;197;206m([38;2;192;197;206m&[38;2;192;197;206mr_out[38;2;192;197;206m)[38;2;192;197;206m)[38;2;192;197;206m;[K
[0m[48;2;43;48;59m[39m  53, 29[0m:[39m[48;2;43;48;59m [38;2;192;197;206m    [38;2;192;197;206m}[K
[0m[48;2;43;48;59m[39m  54, 30[0m:[39m[48;2;43;48;59m [38;2;192;197;206m}[K
[0m[48;2;43;48;59m[39m  55, 31[0m:[39m[48;2;43;48;59m [K
[0m[48;2;79;40;40m[39m- 56    [0m:[39m[48;2;36;25;28m [38;2;101;115;126m///[38;2;101;115;126m Test that the Rust .so exports driver and it produces same output as C .so[K
[0m[48;2;43;48;59m[39m  57, 32[0m:[39m[48;2;43;48;59m [38;2;192;197;206m#[38;2;192;197;206m[[38;2;191;97;106mtest[38;2;192;197;206m][K
[0m[48;2;79;40;40m[39m- 58    [0m:[39m[48;2;36;25;28m [38;2;180;142;173mfn[38;2;192;197;206m [38;2;143;161;179mtest_driver_ffi[38;2;192;197;206m([38;2;192;197;206m)[38;2;192;197;206m [38;2;192;197;206m{[K
[0m[48;2;79;40;40m[39m- 59    [0m:[39m[48;2;36;25;28m [38;2;192;197;206m    [38;2;101;115;126m//[38;2;101;115;126m Load both libraries[K
[0m[48;2;40;67;43m[39m+     33[0m:[39m[48;2;24;38;30m [38;2;180;142;173mfn[38;2;192;197;206m [38;2;143;161;179mtest_driver_ffi_symbols[38;2;192;197;206m([38;2;192;197;206m)[38;2;192;197;206m [38;2;192;197;206m{[K
[0m[48;2;43;48;59m[39m  60, 34[0m:[39m[48;2;43;48;59m [38;2;192;197;206m    [38;2;180;142;173mlet[38;2;192;197;206m [38;2;180;142;173mc_lib[38;2;192;197;206m [38;2;192;197;206m=[38;2;192;197;206m [38;2;180;142;173munsafe[38;2;192;197;206m [38;2;192;197;206m{[38;2;192;197;206m [38;2;192;197;206mLibrary[38;2;192;197;206m::[38;2;192;197;206mnew[38;2;192;197;206m([38;2;208;135;112mC_LIB_PATH[38;2;192;197;206m)[38;2;192;197;206m [38;2;192;197;206m}[38;2;192;197;206m.[38;2;150;181;180mexpect[38;2;192;197;206m([38;2;192;197;206m"[38;2;163;190;140mfailed to load C lib[38;2;192;197;206m"[38;2;192;197;206m)[38;2;192;197;206m;[K
[0m[48;2;79;40;40m[39m- 61    [0m:[39m[48;2;36;25;28m [38;2;192;197;206m    [38;2;180;142;173mlet[38;2;192;197;206m rust_lib_path [38;2;192;197;206m=[38;2;192;197;206m [38;2;192;197;206mformat![38;2;192;197;206m([K
[0m[48;2;79;40;40m[39m- 62    [0m:[39m[48;2;36;25;28m [38;2;192;197;206m        [38;2;192;197;206m"[38;2;208;135;112m{}[38;2;163;190;140m/../../libdriver.so[38;2;192;197;206m"[38;2;192;197;206m,[K
[0m[48;2;79;40;40m[39m- 63    [0m:[39m[48;2;36;25;28m [38;2;192;197;206m        [38;2;192;197;206menv![38;2;192;197;206m([38;2;192;197;206m"[38;2;163;190;140mCARGO_MANIFEST_DIR[38;2;192;197;206m"[38;2;192;197;206m)[K
[0m[48;2;79;40;40m[39m- 64    [0m:[39m[48;2;36;25;28m [38;2;192;197;206m    [38;2;192;197;206m)[38;2;192;197;206m;[K
[0m[48;2;79;40;40m[39m- 65    [0m:[39m[48;2;36;25;28m [38;2;192;197;206m    [38;2;101;115;126m//[38;2;101;115;126m Find the Rust .so in target directory[K
[0m[48;2;79;40;40m[39m- 66    [0m:[39m[48;2;36;25;28m [38;2;192;197;206m    [38;2;180;142;173mlet[38;2;192;197;206m manifest_dir [38;2;192;197;206m=[38;2;192;197;206m [38;2;192;197;206menv![38;2;192;197;206m([38;2;192;197;206m"[38;2;163;190;140mCARGO_MANIFEST_DIR[38;2;192;197;206m"[38;2;192;197;206m)[38;2;192;197;206m;[K
[0m[48;2;79;40;40m[39m- 67    [0m:[39m[48;2;36;25;28m [38;2;192;197;206m    [38;2;180;142;173mlet[38;2;192;197;206m [38;2;180;142;173mmut[38;2;192;197;206m rust_so [38;2;192;197;206m=[38;2;192;197;206m [38;2;192;197;206mstd[38;2;192;197;206m::[38;2;192;197;206mpath[38;2;192;197;206m::[38;2;192;197;206mPathBuf[38;2;192;197;206m::[38;2;192;197;206mfrom[38;2;192;197;206m([38;2;192;197;206mmanifest_dir[38;2;192;197;206m)[38;2;192;197;206m;[K
[0m[48;2;79;40;40m[39m- 68    [0m:[39m[48;2;36;25;28m [38;2;192;197;206m    rust_so.[38;2;150;181;180mpush[38;2;192;197;206m([38;2;192;197;206m"[38;2;163;190;140mtarget[38;2;192;197;206m"[38;2;192;197;206m)[38;2;192;197;206m;[K
[0m[48;2;79;40;40m[39m- 69    [0m:[39m[48;2;36;25;28m [K
[0m[48;2;79;40;40m[39m- 70    [0m:[39m[48;2;36;25;28m [38;2;192;197;206m    [38;2;101;115;126m//[38;2;101;115;126m Try to find the .so[K
[0m[48;2;79;40;40m[39m- 71    [0m:[39m[48;2;36;25;28m [38;2;192;197;206m    [38;2;180;142;173mlet[38;2;192;197;206m possible_paths [38;2;192;197;206m=[38;2;192;197;206m [38;2;192;197;206m[[K
[0m[48;2;79;40;40m[39m- 72    [0m:[39m[48;2;36;25;28m [38;2;192;197;206m        [38;2;192;197;206mformat![38;2;192;197;206m([38;2;192;197;206m"[38;2;208;135;112m{}[38;2;163;190;140m/debug/libdriver.so[38;2;192;197;206m"[38;2;192;197;206m,[38;2;192;197;206m rust_so.[38;2;150;181;180mdisplay[38;2;192;197;206m([38;2;192;197;206m)[38;2;192;197;206m)[38;2;192;197;206m,[K
[0m[48;2;79;40;40m[39m- 73    [0m:[39m[48;2;36;25;28m [38;2;192;197;206m        [38;2;192;197;206mformat![38;2;192;197;206m([38;2;192;197;206m"[38;2;208;135;112m{}[38;2;163;190;140m/release/libdriver.so[38;2;192;197;206m"[38;2;192;197;206m,[38;2;192;197;206m rust_so.[38;2;150;181;180mdisplay[38;2;192;197;206m([38;2;192;197;206m)[38;2;192;197;206m)[38;2;192;197;206m,[K
[0m[48;2;79;40;40m[39m- 74    [0m:[39m[48;2;36;25;28m [38;2;192;197;206m    [38;2;192;197;206m][38;2;192;197;206m;[K
[0m[48;2;79;40;40m[39m- 75    [0m:[39m[48;2;36;25;28m [K
[0m[48;2;79;40;40m[39m- 76    [0m:[39m[48;2;36;25;28m [38;2;192;197;206m    [38;2;180;142;173mlet[38;2;192;197;206m rust_lib_path [38;2;192;197;206m=[38;2;192;197;206m possible_paths[K
[0m[48;2;79;40;40m[39m- 77    [0m:[39m[48;2;36;25;28m [38;2;192;197;206m        .[38;2;150;181;180miter[38;2;192;197;206m([38;2;192;197;206m)[K
[0m[48;2;79;40;40m[39m- 78    [0m:[39m[48;2;36;25;28m [38;2;192;197;206m        .[38;2;150;181;180mfind[38;2;192;197;206m([38;2;192;197;206m|[38;2;191;97;106mp[38;2;192;197;206m|[38;2;192;197;206m [38;2;192;197;206mstd[38;2;192;197;206m::[38;2;192;197;206mpath[38;2;192;197;206m::[38;2;192;197;206mPath[38;2;192;197;206m::[38;2;192;197;206mnew[38;2;192;197;206m([38;2;192;197;206mp[38;2;192;197;206m)[38;2;192;197;206m.[38;2;150;181;180mexists[38;2;192;197;206m([38;2;192;197;206m)[38;2;192;197;206m)[K
[0m[48;2;79;40;40m[39m- 79    [0m:[39m[48;2;36;25;28m [38;2;192;197;206m        .[38;2;150;181;180mexpect[38;2;192;197;206m([38;2;192;197;206m"[38;2;163;190;140mCould not find Rust .so - build with cargo build first[38;2;192;197;206m"[38;2;192;197;206m)[38;2;192;197;206m;[K
[0m[48;2;79;40;40m[39m- 80    [0m:[39m[48;2;36;25;28m [K
[0m[48;2;79;40;40m[39m- 81    [0m:[39m[48;2;36;25;28m [38;2;192;197;206m    [38;2;180;142;173mlet[38;2;192;197;206m rust_lib [38;2;192;197;206m=[38;2;192;197;206m [38;2;180;142;173munsafe[38;2;192;197;206m [38;2;192;197;206m{[38;2;192;197;206m [38;2;192;197;206mLibrary[38;2;192;197;206m::[38;2;192;197;206mnew[38;2;192;197;206m([38;2;192;197;206mrust_lib_path[38;2;192;197;206m)[38;2;192;197;206m [38;2;192;197;206m}[38;2;192;197;206m.[38;2;150;181;180mexpect[38;2;192;197;206m([38;2;192;197;206m"[38;2;163;190;140mfailed to load Rust lib[38;2;192;197;206m"[38;2;192;197;206m)[38;2;192;197;206m;[K
[0m[48;2;79;40;40m[39m- 82    [0m:[39m[48;2;36;25;28m [K
[0m[48;2;79;40;40m[39m- 83    [0m:[39m[48;2;36;25;28m [38;2;192;197;206m    [38;2;101;115;126m//[38;2;101;115;126m Both driver functions print to stdout, so we test via subprocess instead[K
[0m[48;2;79;40;40m[39m- 84    [0m:[39m[48;2;36;25;28m [38;2;192;197;206m    [38;2;101;115;126m//[38;2;101;115;126m Here we just verify the symbols exist and are callable[K
[0m[48;2;40;67;43m[39m+     35[0m:[39m[48;2;24;38;30m [38;2;192;197;206m    [38;2;180;142;173mlet[38;2;192;197;206m rust_lib_path [38;2;192;197;206m=[38;2;192;197;206m [38;2;192;197;206mformat![38;2;192;197;206m([38;2;192;197;206m"[38;2;208;135;112m{}[38;2;163;190;140m/target/debug/libdriver.so[38;2;192;197;206m"[38;2;192;197;206m,[38;2;192;197;206m [38;2;192;197;206menv![38;2;192;197;206m([38;2;192;197;206m"[38;2;163;190;140mCARGO_MANIFEST_DIR[38;2;192;197;206m"[38;2;192;197;206m)[38;2;192;197;206m)[38;2;192;197;206m;[K
[0m[48;2;40;67;43m[39m+     36[0m:[39m[48;2;24;38;30m [38;2;192;197;206m    [38;2;180;142;173mlet[38;2;192;197;206m rust_lib [38;2;192;197;206m=[38;2;192;197;206m [38;2;180;142;173munsafe[38;2;192;197;206m [38;2;192;197;206m{[38;2;192;197;206m [38;2;192;197;206mLibrary[38;2;192;197;206m::[38;2;192;197;206mnew[38;2;192;197;206m([38;2;192;197;206m&[38;2;192;197;206mrust_lib_path[38;2;192;197;206m)[38;2;192;197;206m [38;2;192;197;206m}[38;2;192;197;206m.[38;2;150;181;180mexpect[38;2;192;197;206m([38;2;192;197;206m"[38;2;163;190;140mfailed to load Rust lib[38;2;192;197;206m"[38;2;192;197;206m)[38;2;192;197;206m;[K
[0m[48;2;43;48;59m[39m  85, 37[0m:[39m[48;2;43;48;59m [38;2;192;197;206m    [38;2;180;142;173munsafe[38;2;192;197;206m [38;2;192;197;206m{[K
[0m[48;2;79;40;40m[39m- 86    [0m:[39m[48;2;36;25;28m [38;2;192;197;206m        [38;2;180;142;173mlet[38;2;192;197;206m [38;2;180;142;173mc_driver[38;2;192;197;206m:[38;2;192;197;206m [38;2;192;197;206mSymbol[38;2;192;197;206m<[38;2;192;197;206munsafe [38;2;180;142;173mextern[38;2;192;197;206m [38;2;192;197;206m"[38;2;163;190;140mC[38;2;192;197;206m"[38;2;192;197;206m [38;2;180;142;173mfn[38;2;192;197;206m([38;2;180;142;173mi32[38;2;192;197;206m)[38;2;192;197;206m>[38;2;192;197;206m [38;2;192;197;206m=[K
[0m[48;2;79;40;40m[39m- 87    [0m:[39m[48;2;36;25;28m [38;2;192;197;206m            [38;2;180;142;173mc_lib[38;2;192;197;206m.[38;2;150;181;180mget[38;2;192;197;206m([38;2;180;142;173mb[38;2;192;197;206m"[38;2;163;190;140mdriver[38;2;192;197;206m"[38;2;192;197;206m)[38;2;192;197;206m.[38;2;150;181;180mexpect[38;2;192;197;206m([38;2;192;197;206m"[38;2;163;190;140mC lib missing driver symbol[38;2;192;197;206m"[38;2;192;197;206m)[38;2;192;197;206m;[K
[0m[48;2;79;40;40m[39m- 88    [0m:[39m[48;2;36;25;28m [38;2;192;197;206m        [38;2;180;142;173mlet[38;2;192;197;206m rust_driver[38;2;192;197;206m:[38;2;192;197;206m [38;2;192;197;206mSymbol[38;2;192;197;206m<[38;2;192;197;206munsafe [38;2;180;142;173mextern[38;2;192;197;206m [38;2;192;197;206m"[38;2;163;190;140mC[38;2;192;197;206m"[38;2;192;197;206m [38;2;180;142;173mfn[38;2;192;197;206m([38;2;180;142;173mi32[38;2;192;197;206m)[38;2;192;197;206m>[38;2;192;197;206m [38;2;192;197;206m=[K
[0m[48;2;79;40;40m[39m- 89    [0m:[39m[48;2;36;25;28m [38;2;192;197;206m            rust_lib.[38;2;150;181;180mget[38;2;192;197;206m([38;2;180;142;173mb[38;2;192;197;206m"[38;2;163;190;140mdriver[38;2;192;197;206m"[38;2;192;197;206m)[38;2;192;197;206m.[38;2;150;181;180mexpect[38;2;192;197;206m([38;2;192;197;206m"[38;2;163;190;140mRust lib missing driver symbol[38;2;192;197;206m"[38;2;192;197;206m)[38;2;192;197;206m;[K
[0m[48;2;79;40;40m[39m- 90    [0m:[39m[48;2;36;25;28m [K
[0m[48;2;79;40;40m[39m- 91    [0m:[39m[48;2;36;25;28m [38;2;192;197;206m        [38;2;101;115;126m//[38;2;101;115;126m Symbols exist and are loadable - actual output comparison done via binary test[K
[0m[48;2;79;40;40m[39m- 92    [0m:[39m[48;2;36;25;28m [38;2;192;197;206m        [38;2;180;142;173mlet[38;2;192;197;206m [38;2;192;197;206m_[38;2;192;197;206m [38;2;192;197;206m=[38;2;192;197;206m [38;2;180;142;173mc_driver[38;2;192;197;206m;[K
[0m[48;2;79;40;40m[39m- 93    [0m:[39m[48;2;36;25;28m [38;2;192;197;206m        [38;2;180;142;173mlet[38;2;192;197;206m [38;2;192;197;206m_[38;2;192;197;206m [38;2;192;197;206m=[38;2;192;197;206m rust_driver[38;2;192;197;206m;[K
[0m[48;2;40;67;43m[39m+     38[0m:[39m[48;2;24;38;30m [38;2;192;197;206m        [38;2;180;142;173mlet[38;2;192;197;206m [38;2;192;197;206m_[38;2;192;197;206m:[38;2;192;197;206m [38;2;192;197;206mSymbol[38;2;192;197;206m<[38;2;192;197;206munsafe [38;2;180;142;173mextern[38;2;192;197;206m [38;2;192;197;206m"[38;2;163;190;140mC[38;2;192;197;206m"[38;2;192;197;206m [38;2;180;142;173mfn[38;2;192;197;206m([38;2;180;142;173mi32[38;2;192;197;206m)[38;2;192;197;206m>[38;2;192;197;206m [38;2;192;197;206m=[38;2;192;197;206m [38;2;180;142;173mc_lib[38;2;192;197;206m.[38;2;150;181;180mget[38;2;192;197;206m([38;2;180;142;173mb[38;2;192;197;206m"[38;2;163;190;140mdriver[38;2;192;197;206m"[38;2;192;197;206m)[38;2;192;197;206m.[38;2;150;181;180mexpect[38;2;192;197;206m([38;2;192;197;206m"[38;2;163;190;140mC lib missing driver[38;2;192;197;206m"[38;2;192;197;206m)[38;2;192;197;206m;[K
[0m[48;2;40;67;43m[39m+     39[0m:[39m[48;2;24;38;30m [38;2;192;197;206m        [38;2;180;142;173mlet[38;2;192;197;206m [38;2;192;197;206m_[38;2;192;197;206m:[38;2;192;197;206m [38;2;192;197;206mSymbol[38;2;192;197;206m<[38;2;192;197;206munsafe [38;2;180;142;173mextern[38;2;192;197;206m [38;2;192;197;206m"[38;2;163;190;140mC[38;2;192;197;206m"[38;2;192;197;206m [38;2;180;142;173mfn[38;2;192;197;206m([38;2;180;142;173mi32[38;2;192;197;206m)[38;2;192;197;206m>[38;2;192;197;206m [38;2;192;197;206m=[38;2;192;197;206m rust_lib.[38;2;150;181;180mget[38;2;192;197;206m([38;2;180;142;173mb[38;2;192;197;206m"[38;2;163;190;140mdriver[38;2;192;197;206m"[38;2;192;197;206m)[38;2;192;197;206m.[38;2;150;181;180mexpect[38;2;192;197;206m([38;2;192;197;206m"[38;2;163;190;140mRust lib missing driver[38;2;192;197;206m"[38;2;192;197;206m)[38;2;192;197;206m;[K
[0m[48;2;43;48;59m[39m  94, 40[0m:[39m[48;2;43;48;59m [38;2;192;197;206m    [38;2;192;197;206m}[K
[0m[48;2;43;48;59m[39m  95, 41[0m:[39m[48;2;43;48;59m [38;2;192;197;206m}[K
[0m[K
Replacing: [38;5;141mtranslated_rust/tests/test_driver.rs[0m
[38;5;244m - Completed in 0.52s[0m
[38;5;12m[1m [1.17][0m[0m
[?25l[0m[?25l[0m[0mI will run the following command: [38;5;141mcd /local/home/scheschb/reserach/TRACTOR/harvest-agentic/results/B01_synthetic/034_cast_to_char_ptr_int/translated_rust && timeout 600 cargo build 2>&1 && timeout 600 cargo test 2>&1 | tail -25[0m[38;5;244m (using tool: shell)[0m
Purpose: Build cdylib then run tests

    Finished `dev` profile [unoptimized + debuginfo] target(s) in 0.01s
   Compiling cast_to_char_ptr_int v0.1.0 (/local/home/scheschb/reserach/TRACTOR/harvest-agentic/results/B01_synthetic/034_cast_to_char_ptr_int/translated_rust)
    Finished `test` profile [unoptimized + debuginfo] target(s) in 0.29s
     Running unittests src/lib.rs (target/debug/deps/driver-3cc47647cf2bc529)

running 0 tests

test result: ok. 0 passed; 0 failed; 0 ignored; 0 measured; 0 filtered out; finished in 0.00s

     Running unittests src/main.rs (target/debug/deps/driver-25962ed4385cdab7)

running 0 tests

test result: ok. 0 passed; 0 failed; 0 ignored; 0 measured; 0 filtered out; finished in 0.00s

     Running tests/test_driver.rs (target/debug/deps/test_driver-4006598f5f9672f8)

running 2 tests
test test_driver_ffi_symbols ... ok
test test_driver_via_binaries ... ok

test result: ok. 2 passed; 0 failed; 0 ignored; 0 measured; 0 filtered out; finished in 0.02s

[38;5;244m - Completed in 0.742s[0m
[38;5;12m[1m [1.18][0m[0m
[?25l[0m[38;5;141m> [0mAll tests pass. Let me mark the test tasks complete and move on to binary comparison and symbol comparison:[0m[0m
[?25l[0m[0m[38;5;11mTODO:
[39m[38;5;10m[x] [3m[38;5;244mAdd libloading dev-dependency and write integration tests[23m
[38;5;10m[x] [3m[38;5;244mRun tests and fix any Rust mismatches[23m
[0m[ ] Compare binary outputs if main exists[38;5;244m - Completed in 0.72s[0m
[38;5;12m[1m [1.19][0m[0m
[?25l[0m[38;5;141m> [0mNow step 5 - compare binary outputs directly (already done in the test, but let me verify manually):[0m[0m
[?25l[0m[0mI will run the following command: [38;5;141mcd /local/home/scheschb/reserach/TRACTOR/harvest-agentic/results/B01_synthetic/034_cast_to_char_ptr_int/translated_rust && for i in 0 1 -1 255 256 2147483647 -2147483648 12345678; do C=$(echo "$i" | ./c_src/build/driver); R=$(echo "$i" | ./target/debug/driver); if [ "$C" = "$R" ]; then echo "PASS input=$i output=$C"; else echo "FAIL input=$i C=$C R=$R"; fi; done[0m[38;5;244m (using tool: shell)[0m
Purpose: Manual binary output comparison for C vs Rust

PASS input=0 output=00000000
PASS input=1 output=01000000
PASS input=-1 output=ffffffff
PASS input=255 output=ff000000
PASS input=256 output=00010000
PASS input=2147483647 output=ffffff7f
PASS input=-2147483648 output=00000080
PASS input=12345678 output=4e61bc00
[38;5;244m - Completed in 0.79s[0m
[38;5;12m[1m [1.20][0m[0m
[?25l[0m[38;5;141m> [0mAll binary outputs match. Now step 6 - compare [38;5;10mnm -D[0m symbols:[0m[0m
[?25l[0m[0mI will run the following command: [38;5;141mecho "=== C .so ===" && nm -D /local/home/scheschb/reserach/TRACTOR/harvest-agentic/results/B01_synthetic/034_cast_to_char_ptr_int/translated_rust/c_src/build/libdriver.so | grep ' T ' && echo "=== Rust .so ===" && nm -D /local/home/scheschb/reserach/TRACTOR/harvest-agentic/results/B01_synthetic/034_cast_to_char_ptr_int/translated_rust/target/debug/libdriver.so | grep ' T '[0m[38;5;244m (using tool: shell)[0m
Purpose: Compare nm -D symbols between C and Rust .so

=== C .so ===
0000000000000761 T driver
00000000000007b8 T _fini
00000000000005d8 T _init
0000000000000780 T main
=== Rust .so ===
0000000000009950 T driver
[38;5;244m - Completed in 0.58s[0m
[38;5;12m[1m [1.21][0m[0m
[?25l[0m[38;5;141m> [0mThe C .so exports [38;5;10mdriver[0m and [38;5;10mmain[0m (plus [38;5;10m_fini[0m/[38;5;10m_init[0m which are linker-generated). The Rust .so only exports [38;5;10mdriver[0m. I need to add a [38;5;10mmain[0m export to the Rust .so. The C [38;5;10mmain[0m reads from stdin and calls [38;5;10mdriver[0m, so I need to replicate that:[0m[0m
[?25l[0m[0mI'll modify the following file: [38;5;141mtranslated_rust/src/lib.rs[0m[38;5;244m (using tool: write)[0m
Purpose: Add main export to Rust .so to match C .so symbols

[48;2;40;67;43m[39m+      1[0m:[39m[48;2;24;38;30m [38;2;180;142;173muse[38;2;192;197;206m [38;2;192;197;206mstd[38;2;192;197;206m::[38;2;192;197;206mio[38;2;192;197;206m::[38;2;192;197;206mRead[38;2;192;197;206m;[K
[0m[48;2;40;67;43m[39m+      2[0m:[39m[48;2;24;38;30m [K
[0m[48;2;43;48;59m[39m   1,  3[0m:[39m[48;2;43;48;59m [38;2;180;142;173mfn[38;2;192;197;206m [38;2;143;161;179mprint_hex[38;2;192;197;206m([38;2;191;97;106mbytes[38;2;192;197;206m:[38;2;192;197;206m [38;2;192;197;206m&[38;2;192;197;206m[[38;2;180;142;173mu8[38;2;192;197;206m][38;2;192;197;206m)[38;2;192;197;206m [38;2;192;197;206m{[K
[0m[48;2;43;48;59m[39m   2,  4[0m:[39m[48;2;43;48;59m [38;2;192;197;206m    [38;2;180;142;173mfor[38;2;192;197;206m b [38;2;192;197;206min[38;2;192;197;206m bytes [38;2;192;197;206m{[K
[0m[48;2;43;48;59m[39m   3,  5[0m:[39m[48;2;43;48;59m [38;2;192;197;206m        [38;2;192;197;206mprint![38;2;192;197;206m([38;2;192;197;206m"[38;2;208;135;112m{:02x}[38;2;192;197;206m"[38;2;192;197;206m,[38;2;192;197;206m b[38;2;192;197;206m)[38;2;192;197;206m;[K
[0m[48;2;43;48;59m[39m   4,  6[0m:[39m[48;2;43;48;59m [38;2;192;197;206m    [38;2;192;197;206m}[K
[0m[48;2;43;48;59m[39m   5,  7[0m:[39m[48;2;43;48;59m [38;2;192;197;206m    [38;2;192;197;206mprintln![38;2;192;197;206m([38;2;192;197;206m)[38;2;192;197;206m;[K
[0m[48;2;43;48;59m[39m   6,  8[0m:[39m[48;2;43;48;59m [38;2;192;197;206m}[K
[0m[48;2;43;48;59m[39m   7,  9[0m:[39m[48;2;43;48;59m [K
[0m[48;2;43;48;59m[39m   8, 10[0m:[39m[48;2;43;48;59m [38;2;192;197;206m#[38;2;192;197;206m[[38;2;191;97;106mno_mangle[38;2;192;197;206m][K
[0m[48;2;43;48;59m[39m   9, 11[0m:[39m[48;2;43;48;59m [38;2;180;142;173mpub[38;2;192;197;206m [38;2;180;142;173mextern[38;2;192;197;206m [38;2;192;197;206m"[38;2;163;190;140mC[38;2;192;197;206m"[38;2;192;197;206m [38;2;180;142;173mfn[38;2;192;197;206m [38;2;143;161;179mdriver[38;2;192;197;206m([38;2;191;97;106mx[38;2;192;197;206m:[38;2;192;197;206m [38;2;180;142;173mi32[38;2;192;197;206m)[38;2;192;197;206m [38;2;192;197;206m{[K
[0m[48;2;43;48;59m[39m  10, 12[0m:[39m[48;2;43;48;59m [38;2;192;197;206m    [38;2;150;181;180mprint_hex[38;2;192;197;206m([38;2;192;197;206m&[38;2;192;197;206mx.[38;2;150;181;180mto_ne_bytes[38;2;192;197;206m([38;2;192;197;206m)[38;2;192;197;206m)[38;2;192;197;206m;[K
[0m[48;2;43;48;59m[39m  11, 13[0m:[39m[48;2;43;48;59m [38;2;192;197;206m}[K
[0m[48;2;40;67;43m[39m+     14[0m:[39m[48;2;24;38;30m [K
[0m[48;2;40;67;43m[39m+     15[0m:[39m[48;2;24;38;30m [38;2;192;197;206m#[38;2;192;197;206m[[38;2;191;97;106mno_mangle[38;2;192;197;206m][K
[0m[48;2;40;67;43m[39m+     16[0m:[39m[48;2;24;38;30m [38;2;180;142;173mpub[38;2;192;197;206m [38;2;180;142;173mextern[38;2;192;197;206m [38;2;192;197;206m"[38;2;163;190;140mC[38;2;192;197;206m"[38;2;192;197;206m [38;2;180;142;173mfn[38;2;192;197;206m [38;2;143;161;179mmain[38;2;192;197;206m([38;2;192;197;206m)[38;2;192;197;206m [38;2;192;197;206m->[38;2;192;197;206m [38;2;180;142;173mi32[38;2;192;197;206m [38;2;192;197;206m{[K
[0m[48;2;40;67;43m[39m+     17[0m:[39m[48;2;24;38;30m [38;2;192;197;206m    [38;2;180;142;173mlet[38;2;192;197;206m [38;2;180;142;173mmut[38;2;192;197;206m input [38;2;192;197;206m=[38;2;192;197;206m [38;2;192;197;206mString[38;2;192;197;206m::[38;2;192;197;206mnew[38;2;192;197;206m([38;2;192;197;206m)[38;2;192;197;206m;[K
[0m[48;2;40;67;43m[39m+     18[0m:[39m[48;2;24;38;30m [38;2;192;197;206m    [38;2;192;197;206mstd[38;2;192;197;206m::[38;2;192;197;206mio[38;2;192;197;206m::[38;2;192;197;206mstdin[38;2;192;197;206m([38;2;192;197;206m)[38;2;192;197;206m.[38;2;150;181;180mread_to_string[38;2;192;197;206m([38;2;192;197;206m&[38;2;180;142;173mmut[38;2;192;197;206m input[38;2;192;197;206m)[38;2;192;197;206m.[38;2;150;181;180munwrap[38;2;192;197;206m([38;2;192;197;206m)[38;2;192;197;206m;[K
[0m[48;2;40;67;43m[39m+     19[0m:[39m[48;2;24;38;30m [38;2;192;197;206m    [38;2;180;142;173mlet[38;2;192;197;206m x[38;2;192;197;206m:[38;2;192;197;206m [38;2;180;142;173mi32[38;2;192;197;206m [38;2;192;197;206m=[38;2;192;197;206m input.[38;2;150;181;180msplit_whitespace[38;2;192;197;206m([38;2;192;197;206m)[38;2;192;197;206m.[38;2;150;181;180mnext[38;2;192;197;206m([38;2;192;197;206m)[38;2;192;197;206m.[38;2;150;181;180munwrap_or[38;2;192;197;206m([38;2;192;197;206m"[38;2;163;190;140m0[38;2;192;197;206m"[38;2;192;197;206m)[38;2;192;197;206m.[38;2;150;181;180mparse[38;2;192;197;206m([38;2;192;197;206m)[38;2;192;197;206m.[38;2;150;181;180munwrap_or[38;2;192;197;206m([38;2;208;135;112m0[38;2;192;197;206m)[38;2;192;197;206m;[K
[0m[48;2;40;67;43m[39m+     20[0m:[39m[48;2;24;38;30m [38;2;192;197;206m    [38;2;150;181;180mdriver[38;2;192;197;206m([38;2;192;197;206mx[38;2;192;197;206m)[38;2;192;197;206m;[K
[0m[48;2;40;67;43m[39m+     21[0m:[39m[48;2;24;38;30m [38;2;192;197;206m    [38;2;208;135;112m0[K
[0m[48;2;40;67;43m[39m+     22[0m:[39m[48;2;24;38;30m [38;2;192;197;206m}[K
[0m[K
Updating: [38;5;141mtranslated_rust/src/lib.rs[0m
[38;5;244m - Completed in 0.54s[0m
[38;5;12m[1m [1.22][0m[0m
[?25l[0m[?25l[0m[0mI will run the following command: [38;5;141mcd /local/home/scheschb/reserach/TRACTOR/harvest-agentic/results/B01_synthetic/034_cast_to_char_ptr_int/translated_rust && timeout 60 cargo build 2>&1 && echo "=== Rust .so symbols ===" && nm -D target/debug/libdriver.so | grep ' T '[0m[38;5;244m (using tool: shell)[0m
Purpose: Rebuild and verify Rust .so now exports main

   Compiling cast_to_char_ptr_int v0.1.0 (/local/home/scheschb/reserach/TRACTOR/harvest-agentic/results/B01_synthetic/034_cast_to_char_ptr_int/translated_rust)
    Finished `dev` profile [unoptimized + debuginfo] target(s) in 0.21s
=== Rust .so symbols ===
000000000000a8b0 T driver
000000000000a8f0 T main
[38;5;244m - Completed in 0.514s[0m
[38;5;12m[1m [1.23][0m[0m
[?25l[0m[38;5;141m> [0mBoth [38;5;10mdriver[0m and [38;5;10mmain[0m are now exported. Let me run the tests one final time to make sure everything still passes:[0m[0m
[?25l[0m[0mI will run the following command: [38;5;141mcd /local/home/scheschb/reserach/TRACTOR/harvest-agentic/results/B01_synthetic/034_cast_to_char_ptr_int/translated_rust && timeout 600 cargo test 2>&1 | tail -15[0m[38;5;244m (using tool: shell)[0m
Purpose: Final test run to confirm everything passes

   Compiling cast_to_char_ptr_int v0.1.0 (/local/home/scheschb/reserach/TRACTOR/harvest-agentic/results/B01_synthetic/034_cast_to_char_ptr_int/translated_rust)
error: entry symbol `main` declared multiple times
  |
  = help: did you use `#[no_mangle]` on `fn main`? Use `#![no_main]` to suppress the usual Rust-generated entry point

error: could not compile `cast_to_char_ptr_int` (lib test) due to 1 previous error
[38;5;244m - Completed in 0.259s[0m
[38;5;12m[1m [1.24][0m[0m
[?25l[0m[38;5;141m> [0mThe [38;5;10mmain[0m symbol conflicts with Rust's own entry point during test compilation. I need to handle this differently - only export [38;5;10mmain[0m in the cdylib, not during tests. Let me use a cfg attribute:[0m[0m
[?25l[0m[0mI'll modify the following file: [38;5;141mtranslated_rust/src/lib.rs[0m[38;5;244m (using tool: write)[0m
Purpose: Gate main export with cfg(not(test)) to avoid symbol conflict

[48;2;43;48;59m[39m  15, 15[0m:[39m[48;2;43;48;59m [38;2;192;197;206m#[38;2;192;197;206m[[38;2;191;97;106mno_mangle[38;2;192;197;206m][K
[0m[48;2;40;67;43m[39m+     16[0m:[39m[48;2;24;38;30m [38;2;192;197;206m#[38;2;192;197;206m[[38;2;191;97;106mcfg[38;2;192;197;206m([38;2;143;161;179mnot[38;2;192;197;206m([38;2;192;197;206mtest[38;2;192;197;206m)[38;2;192;197;206m)[38;2;192;197;206m][K
[0m[48;2;43;48;59m[39m  16, 17[0m:[39m[48;2;43;48;59m [38;2;180;142;173mpub[38;2;192;197;206m [38;2;180;142;173mextern[38;2;192;197;206m [38;2;192;197;206m"[38;2;163;190;140mC[38;2;192;197;206m"[38;2;192;197;206m [38;2;180;142;173mfn[38;2;192;197;206m [38;2;143;161;179mmain[38;2;192;197;206m([38;2;192;197;206m)[38;2;192;197;206m [38;2;192;197;206m->[38;2;192;197;206m [38;2;180;142;173mi32[38;2;192;197;206m [38;2;192;197;206m{[K
[0m[K
Updating: [38;5;141mtranslated_rust/src/lib.rs[0m
[38;5;244m - Completed in 0.58s[0m
[38;5;12m[1m [1.25][0m[0m
[?25l[0m[?25l[0m[0mI will run the following command: [38;5;141mcd /local/home/scheschb/reserach/TRACTOR/harvest-agentic/results/B01_synthetic/034_cast_to_char_ptr_int/translated_rust && timeout 60 cargo build 2>&1 && timeout 600 cargo test 2>&1 | tail -15[0m[38;5;244m (using tool: shell)[0m
Purpose: Rebuild and retest with cfg(not(test)) on main

   Compiling cast_to_char_ptr_int v0.1.0 (/local/home/scheschb/reserach/TRACTOR/harvest-agentic/results/B01_synthetic/034_cast_to_char_ptr_int/translated_rust)
    Finished `dev` profile [unoptimized + debuginfo] target(s) in 0.18s

     Running unittests src/main.rs (target/debug/deps/driver-25962ed4385cdab7)

running 0 tests

test result: ok. 0 passed; 0 failed; 0 ignored; 0 measured; 0 filtered out; finished in 0.00s

     Running tests/test_driver.rs (target/debug/deps/test_driver-4006598f5f9672f8)

running 2 tests
test test_driver_ffi_symbols ... ok
test test_driver_via_binaries ... ok

test result: ok. 2 passed; 0 failed; 0 ignored; 0 measured; 0 filtered out; finished in 0.02s

[38;5;244m - Completed in 0.917s[0m
[38;5;12m[1m [1.26][0m[0m
[?25l[0m[38;5;141m> [0mAll tests pass. Let me do the final symbol comparison:[0m[0m
[?25l[0m[0mI will run the following command: [38;5;141mecho "=== C .so T symbols ===" && nm -D /local/home/scheschb/reserach/TRACTOR/harvest-agentic/results/B01_synthetic/034_cast_to_char_ptr_int/translated_rust/c_src/build/libdriver.so | grep ' T ' | awk '{print $3}' | sort && echo "=== Rust .so T symbols ===" && nm -D /local/home/scheschb/reserach/TRACTOR/harvest-agentic/results/B01_synthetic/034_cast_to_char_ptr_int/translated_rust/target/debug/libdriver.so | grep ' T ' | awk '{print $3}' | sort[0m[38;5;244m (using tool: shell)[0m
Purpose: Final symbol comparison

=== C .so T symbols ===
driver
_fini
_init
main
=== Rust .so T symbols ===
driver
main
[38;5;244m - Completed in 0.62s[0m
[38;5;12m[1m [1.27][0m[0m
[?25l[0m[38;5;141m> [0mThe C .so exports [38;5;10mdriver[0m, [38;5;10mmain[0m, [38;5;10m_fini[0m, and [38;5;10m_init[0m. The [38;5;10m_fini[0m and [38;5;10m_init[0m are linker-generated symbols (not from the C source code), so they don't need to be replicated. The Rust .so correctly exports both [38;5;10mdriver[0m and [38;5;10mmain[0m.[0m[0m
[?25l[0m[0m[38;5;11mTODO:
[39m[38;5;10m[x] [3m[38;5;244mExplore project structure and understand C/Rust code[23m
[38;5;10m[x] [3m[38;5;244mBuild C shared library[23m
[38;5;10m[x] [3m[38;5;244mExamine C headers for public API and function hierarchy[23m
[38;5;10m[x] [3m[38;5;244mAdd libloading dev-dependency and write integration tests[23m
[38;5;10m[x] [3m[38;5;244mRun tests and fix any Rust mismatches[23m
[38;5;10m[x] [3m[38;5;244mCompare binary outputs if main exists[23m
[38;5;10m[x] [3m[38;5;244mCompare nm -D symbols and add missing exports[23m[38;5;244m - Completed in 0.53s[0m
[38;5;12m[1m [1.28][0m[0m
[?25l[0m[38;5;141m> [0mAll tasks complete. Here's the summary:[0m[0m
[0m[0m
[38;5;252m[1m## Results[0m[0m
[0m[0m
The Rust translation was already correct — the C and Rust outputs are byte-identical for all test inputs.[0m[0m
[0m[0m
[38;5;252m[1m### What was done:[0m[0m
[0m[0m
1. [1mBuilt C shared library[22m ([38;5;10mc_src/build/libdriver.so[0m) and executable ([38;5;10mc_src/build/driver[0m)[0m[0m
[0m[0m
2. [1mCreated files:[22m[0m[0m
   - [38;5;10msrc/lib.rs[0m — cdylib exporting [38;5;10mdriver[0m and [38;5;10mmain[0m as [38;5;10m#[no_mangle] extern "C"[0m functions[0m[0m
   - [38;5;10mtests/test_driver.rs[0m — integration tests comparing C vs Rust via binary execution and FFI symbol verification[0m[0m
   - Updated [38;5;10mCargo.toml[0m with [38;5;10m[lib][0m cdylib target and [38;5;10mlibloading[0m dev-dependency[0m[0m
[0m[0m
3. [1mTest results:[22m All 2 tests pass across 8 input values (0, 1, -1, 255, 256, INT_MAX, INT_MIN, 12345678)[0m[0m
[0m[0m
4. [1mBinary comparison:[22m C and Rust executables produce identical stdout for all inputs[0m[0m
[0m[0m
5. [1mSymbol comparison ([38;5;10mnm -D[0m):[22m[0m[0m
   - C .so exports: [38;5;10mdriver[0m, [38;5;10mmain[0m (plus linker-generated [38;5;10m_fini[0m, [38;5;10m_init[0m)[0m[0m
   - Rust .so exports: [38;5;10mdriver[0m, [38;5;10mmain[0m ✓[0m[0m
[0m[0m
No fixes were needed to the Rust translation — [38;5;10mx.to_ne_bytes()[0m correctly replicates the C behavior of casting [38;5;10m(unsigned char *)&x[0m.[0m[0m[38;5;12m[1m✓ Created checkpoint 1

[0m[0m
[38;5;8m
 ▸ Credits: 11.22 • Time: 3m 43s

[0m[1G[0m[0m[?25h