[32mAll tools are now trusted ([0m[31m![0m[32m). Kiro will execute tools without asking for confirmation.[0m
Agents can sometimes do unexpected things so understand the risks.

Learn more at [38;5;141mhttps://kiro.dev/docs/cli/chat/security/#using-tools-trust-all-safely[0m


[38;5;12m[1m📷 Checkpoints are enabled! (took 0.04s)

[0m
[38;5;252m[0m[?25l[38;5;141m> [0m[0m[0m
[0m[0m
I'll start by reading all the source files to understand the project structure and the C code that needs to be translated.[0m[0m
[?25l[0m[0mBatch fs_read operation with [38;5;141m2[0m operations[38;5;244m (using tool: read)[0m

↱ Operation 1: Reading directory: [38;5;141m/tmp/harvest-crust-SQwHzw/project[0m
↱ Operation 2: Reading file: [38;5;141m/tmp/harvest-crust-SQwHzw/project/Cargo.toml[0m, all lines
[38;5;10m ✓ [0mSuccessfully read directory [38;5;141m/tmp/harvest-crust-SQwHzw/project[0m [38;5;244m(100 entries)[0m

[38;5;10m ✓ [0mSuccessfully read [38;5;244m180 bytes[0m from /tmp/harvest-crust-SQwHzw/project/Cargo.toml

 ⋮ 

[38;5;244m- [0mSummary: 2 operations processed, 2 successful, 0 failed
[38;5;244m - Completed in 0.53s[0m
[38;5;12m[1m [1.1][0m[0m
[?25l[0m[38;5;141m> [0mNow let me read the key source files:[0m[0m
[?25l[0m[0mBatch fs_read operation with [38;5;141m4[0m operations[38;5;244m (using tool: read)[0m

↱ Operation 1: Reading file: [38;5;141m/tmp/harvest-crust-SQwHzw/project/c_src/include/queue.h[0m, all lines
↱ Operation 2: Reading file: [38;5;141m/tmp/harvest-crust-SQwHzw/project/c_src/src/queue.c[0m, all lines
↱ Operation 3: Reading file: [38;5;141m/tmp/harvest-crust-SQwHzw/project/src/queue.rs[0m, all lines
↱ Operation 4: Reading file: [38;5;141m/tmp/harvest-crust-SQwHzw/project/src/lib.rs[0m, all lines
[38;5;10m ✓ [0mSuccessfully read [38;5;244m2197 bytes[0m from /tmp/harvest-crust-SQwHzw/project/c_src/include/queue.h

[38;5;10m ✓ [0mSuccessfully read [38;5;244m1291 bytes[0m from /tmp/harvest-crust-SQwHzw/project/c_src/src/queue.c

[38;5;10m ✓ [0mSuccessfully read [38;5;244m1152 bytes[0m from /tmp/harvest-crust-SQwHzw/project/src/queue.rs

[38;5;10m ✓ [0mSuccessfully read [38;5;244m14 bytes[0m from /tmp/harvest-crust-SQwHzw/project/src/lib.rs

 ⋮ 

[38;5;244m- [0mSummary: 4 operations processed, 4 successful, 0 failed
[38;5;244m - Completed in 0.46s[0m
[38;5;12m[1m [1.2][0m[0m
[?25l[0m[38;5;141m> [0mI have a clear picture now. The C code implements a simple FIFO queue with a singly linked list. The Rust interface uses [38;5;10mOption<Box<QueueNode<T>>>[0m for ownership and a raw pointer tail for efficient appending. Let me implement all the methods.[0m[0m
[?25l[0m[0mI'll modify the following file: [38;5;141msrc/queue.rs[0m[38;5;244m (using tool: write)[0m
Purpose: Implement all queue methods translating C logic to Rust

[48;2;43;48;59m[39m  19, 19[0m:[39m[48;2;43;48;59m [38;2;192;197;206m    [38;2;101;115;126m///[38;2;101;115;126m Checks if the queue is empty.[K
[0m[48;2;43;48;59m[39m  20, 20[0m:[39m[48;2;43;48;59m [38;2;192;197;206m    [38;2;180;142;173mpub[38;2;192;197;206m [38;2;180;142;173mfn[38;2;192;197;206m [38;2;143;161;179mis_empty[38;2;192;197;206m([38;2;192;197;206m&[38;2;191;97;106mself[38;2;192;197;206m)[38;2;192;197;206m [38;2;192;197;206m->[38;2;192;197;206m [38;2;180;142;173mbool[38;2;192;197;206m [38;2;192;197;206m{[K
[0m[48;2;79;40;40m[39m- 21    [0m:[39m[48;2;36;25;28m [38;2;192;197;206m        [38;2;192;197;206munimplemented![38;2;192;197;206m([38;2;192;197;206m)[K
[0m[48;2;40;67;43m[39m+     21[0m:[39m[48;2;24;38;30m [38;2;192;197;206m        [38;2;191;97;106mself[38;2;192;197;206m.size [38;2;192;197;206m=[38;2;192;197;206m=[38;2;192;197;206m [38;2;208;135;112m0[K
[0m[48;2;43;48;59m[39m  22, 22[0m:[39m[48;2;43;48;59m [38;2;192;197;206m    [38;2;192;197;206m}[K
[0m[48;2;43;48;59m[39m  23, 23[0m:[39m[48;2;43;48;59m [38;2;192;197;206m    [38;2;101;115;126m///[38;2;101;115;126m Adds a value to the back of the queue.[K
[0m[48;2;43;48;59m[39m  24, 24[0m:[39m[48;2;43;48;59m [38;2;192;197;206m    [38;2;180;142;173mpub[38;2;192;197;206m [38;2;180;142;173mfn[38;2;192;197;206m [38;2;143;161;179mpush[38;2;192;197;206m([38;2;192;197;206m&[38;2;180;142;173mmut[38;2;192;197;206m [38;2;191;97;106mself[38;2;192;197;206m, [38;2;191;97;106mvalue[38;2;192;197;206m:[38;2;192;197;206m T[38;2;192;197;206m)[38;2;192;197;206m [38;2;192;197;206m{[K
[0m[48;2;79;40;40m[39m- 25    [0m:[39m[48;2;36;25;28m [38;2;192;197;206m        [38;2;192;197;206munimplemented![38;2;192;197;206m([38;2;192;197;206m)[K
[0m[48;2;40;67;43m[39m+     25[0m:[39m[48;2;24;38;30m [38;2;192;197;206m        [38;2;180;142;173mlet[38;2;192;197;206m [38;2;180;142;173mmut[38;2;192;197;206m new_node [38;2;192;197;206m=[38;2;192;197;206m [38;2;192;197;206mBox[38;2;192;197;206m::[38;2;192;197;206mnew[38;2;192;197;206m([38;2;192;197;206mQueueNode [38;2;192;197;206m{[38;2;192;197;206m value[38;2;192;197;206m,[38;2;192;197;206m next[38;2;192;197;206m:[38;2;192;197;206m [38;2;192;197;206mNone[38;2;192;197;206m [38;2;192;197;206m}[38;2;192;197;206m)[38;2;192;197;206m;[K
[0m[48;2;40;67;43m[39m+     26[0m:[39m[48;2;24;38;30m [38;2;192;197;206m        [38;2;180;142;173mlet[38;2;192;197;206m raw[38;2;192;197;206m:[38;2;192;197;206m [38;2;192;197;206m*[38;2;180;142;173mmut[38;2;192;197;206m [38;2;192;197;206mQueueNode[38;2;192;197;206m<[38;2;192;197;206mT[38;2;192;197;206m>[38;2;192;197;206m [38;2;192;197;206m=[38;2;192;197;206m [38;2;192;197;206m&[38;2;180;142;173mmut[38;2;192;197;206m [38;2;192;197;206m*[38;2;192;197;206mnew_node[38;2;192;197;206m;[K
[0m[48;2;40;67;43m[39m+     27[0m:[39m[48;2;24;38;30m [K
[0m[48;2;40;67;43m[39m+     28[0m:[39m[48;2;24;38;30m [38;2;192;197;206m        [38;2;180;142;173mif[38;2;192;197;206m [38;2;191;97;106mself[38;2;192;197;206m.[38;2;150;181;180mis_empty[38;2;192;197;206m([38;2;192;197;206m)[38;2;192;197;206m [38;2;192;197;206m{[K
[0m[48;2;40;67;43m[39m+     29[0m:[39m[48;2;24;38;30m [38;2;192;197;206m            [38;2;191;97;106mself[38;2;192;197;206m.head [38;2;192;197;206m=[38;2;192;197;206m [38;2;192;197;206mSome[38;2;192;197;206m([38;2;192;197;206mnew_node[38;2;192;197;206m)[38;2;192;197;206m;[K
[0m[48;2;40;67;43m[39m+     30[0m:[39m[48;2;24;38;30m [38;2;192;197;206m            [38;2;191;97;106mself[38;2;192;197;206m.tail [38;2;192;197;206m=[38;2;192;197;206m [38;2;192;197;206mSome[38;2;192;197;206m([38;2;192;197;206mraw[38;2;192;197;206m)[38;2;192;197;206m;[K
[0m[48;2;40;67;43m[39m+     31[0m:[39m[48;2;24;38;30m [38;2;192;197;206m        [38;2;192;197;206m}[38;2;192;197;206m [38;2;180;142;173melse[38;2;192;197;206m [38;2;192;197;206m{[K
[0m[48;2;40;67;43m[39m+     32[0m:[39m[48;2;24;38;30m [38;2;192;197;206m            [38;2;180;142;173munsafe[38;2;192;197;206m [38;2;192;197;206m{[38;2;192;197;206m [38;2;192;197;206m([38;2;192;197;206m*[38;2;191;97;106mself[38;2;192;197;206m.tail.[38;2;150;181;180munwrap[38;2;192;197;206m([38;2;192;197;206m)[38;2;192;197;206m)[38;2;192;197;206m.next [38;2;192;197;206m=[38;2;192;197;206m [38;2;192;197;206mSome[38;2;192;197;206m([38;2;192;197;206mnew_node[38;2;192;197;206m)[38;2;192;197;206m;[38;2;192;197;206m [38;2;192;197;206m}[K
[0m[48;2;40;67;43m[39m+     33[0m:[39m[48;2;24;38;30m [38;2;192;197;206m            [38;2;191;97;106mself[38;2;192;197;206m.tail [38;2;192;197;206m=[38;2;192;197;206m [38;2;192;197;206mSome[38;2;192;197;206m([38;2;192;197;206mraw[38;2;192;197;206m)[38;2;192;197;206m;[K
[0m[48;2;40;67;43m[39m+     34[0m:[39m[48;2;24;38;30m [38;2;192;197;206m        [38;2;192;197;206m}[K
[0m[48;2;40;67;43m[39m+     35[0m:[39m[48;2;24;38;30m [38;2;192;197;206m        [38;2;191;97;106mself[38;2;192;197;206m.size [38;2;192;197;206m+[38;2;192;197;206m=[38;2;192;197;206m [38;2;208;135;112m1[38;2;192;197;206m;[K
[0m[48;2;43;48;59m[39m  26, 36[0m:[39m[48;2;43;48;59m [38;2;192;197;206m    [38;2;192;197;206m}[K
[0m[48;2;43;48;59m[39m  27, 37[0m:[39m[48;2;43;48;59m [38;2;192;197;206m    [38;2;101;115;126m///[38;2;101;115;126m Removes and returns the value at the front of the queue.[K
[0m[48;2;43;48;59m[39m  28, 38[0m:[39m[48;2;43;48;59m [38;2;192;197;206m    [38;2;180;142;173mpub[38;2;192;197;206m [38;2;180;142;173mfn[38;2;192;197;206m [38;2;143;161;179mpop[38;2;192;197;206m([38;2;192;197;206m&[38;2;180;142;173mmut[38;2;192;197;206m [38;2;191;97;106mself[38;2;192;197;206m)[38;2;192;197;206m [38;2;192;197;206m->[38;2;192;197;206m [38;2;192;197;206mOption[38;2;192;197;206m<[38;2;192;197;206mT[38;2;192;197;206m>[38;2;192;197;206m [38;2;192;197;206m{[K
[0m[48;2;79;40;40m[39m- 29    [0m:[39m[48;2;36;25;28m [38;2;192;197;206m        [38;2;192;197;206munimplemented![38;2;192;197;206m([38;2;192;197;206m)[K
[0m[48;2;40;67;43m[39m+     39[0m:[39m[48;2;24;38;30m [38;2;192;197;206m        [38;2;191;97;106mself[38;2;192;197;206m.head.[38;2;150;181;180mtake[38;2;192;197;206m([38;2;192;197;206m)[38;2;192;197;206m.[38;2;150;181;180mmap[38;2;192;197;206m([38;2;192;197;206m|[38;2;191;97;106mnode[38;2;192;197;206m|[38;2;192;197;206m [38;2;192;197;206m{[K
[0m[48;2;40;67;43m[39m+     40[0m:[39m[48;2;24;38;30m [38;2;192;197;206m            [38;2;191;97;106mself[38;2;192;197;206m.head [38;2;192;197;206m=[38;2;192;197;206m node.next[38;2;192;197;206m;[K
[0m[48;2;40;67;43m[39m+     41[0m:[39m[48;2;24;38;30m [38;2;192;197;206m            [38;2;180;142;173mif[38;2;192;197;206m [38;2;191;97;106mself[38;2;192;197;206m.size [38;2;192;197;206m=[38;2;192;197;206m=[38;2;192;197;206m [38;2;208;135;112m1[38;2;192;197;206m [38;2;192;197;206m{[K
[0m[48;2;40;67;43m[39m+     42[0m:[39m[48;2;24;38;30m [38;2;192;197;206m                [38;2;191;97;106mself[38;2;192;197;206m.tail [38;2;192;197;206m=[38;2;192;197;206m [38;2;192;197;206mNone[38;2;192;197;206m;[K
[0m[48;2;40;67;43m[39m+     43[0m:[39m[48;2;24;38;30m [38;2;192;197;206m            [38;2;192;197;206m}[K
[0m[48;2;40;67;43m[39m+     44[0m:[39m[48;2;24;38;30m [38;2;192;197;206m            [38;2;191;97;106mself[38;2;192;197;206m.size [38;2;192;197;206m-[38;2;192;197;206m=[38;2;192;197;206m [38;2;208;135;112m1[38;2;192;197;206m;[K
[0m[48;2;40;67;43m[39m+     45[0m:[39m[48;2;24;38;30m [38;2;192;197;206m            node.value[K
[0m[48;2;40;67;43m[39m+     46[0m:[39m[48;2;24;38;30m [38;2;192;197;206m        [38;2;192;197;206m}[38;2;192;197;206m)[K
[0m[48;2;43;48;59m[39m  30, 47[0m:[39m[48;2;43;48;59m [38;2;192;197;206m    [38;2;192;197;206m}[K
[0m[48;2;43;48;59m[39m  31, 48[0m:[39m[48;2;43;48;59m [38;2;192;197;206m    [38;2;101;115;126m///[38;2;101;115;126m Returns a reference to the value at the front of the queue.[K
[0m[48;2;43;48;59m[39m  32, 49[0m:[39m[48;2;43;48;59m [38;2;192;197;206m    [38;2;180;142;173mpub[38;2;192;197;206m [38;2;180;142;173mfn[38;2;192;197;206m [38;2;143;161;179mfront[38;2;192;197;206m([38;2;192;197;206m&[38;2;191;97;106mself[38;2;192;197;206m)[38;2;192;197;206m [38;2;192;197;206m->[38;2;192;197;206m [38;2;192;197;206mOption[38;2;192;197;206m<[38;2;192;197;206m&[38;2;192;197;206mT[38;2;192;197;206m>[38;2;192;197;206m [38;2;192;197;206m{[K
[0m[48;2;79;40;40m[39m- 33    [0m:[39m[48;2;36;25;28m [38;2;192;197;206m        [38;2;192;197;206munimplemented![38;2;192;197;206m([38;2;192;197;206m)[K
[0m[48;2;40;67;43m[39m+     50[0m:[39m[48;2;24;38;30m [38;2;192;197;206m        [38;2;191;97;106mself[38;2;192;197;206m.head.[38;2;150;181;180mas_ref[38;2;192;197;206m([38;2;192;197;206m)[38;2;192;197;206m.[38;2;150;181;180mmap[38;2;192;197;206m([38;2;192;197;206m|[38;2;191;97;106mnode[38;2;192;197;206m|[38;2;192;197;206m [38;2;192;197;206m&[38;2;192;197;206mnode.value[38;2;192;197;206m)[K
[0m[48;2;43;48;59m[39m  34, 51[0m:[39m[48;2;43;48;59m [38;2;192;197;206m    [38;2;192;197;206m}[K
[0m[48;2;43;48;59m[39m  35, 52[0m:[39m[48;2;43;48;59m [38;2;192;197;206m    [38;2;101;115;126m///[38;2;101;115;126m Returns a reference to the value at the back of the queue.[K
[0m[48;2;43;48;59m[39m  36, 53[0m:[39m[48;2;43;48;59m [38;2;192;197;206m    [38;2;180;142;173mpub[38;2;192;197;206m [38;2;180;142;173mfn[38;2;192;197;206m [38;2;143;161;179mback[38;2;192;197;206m([38;2;192;197;206m&[38;2;191;97;106mself[38;2;192;197;206m)[38;2;192;197;206m [38;2;192;197;206m->[38;2;192;197;206m [38;2;192;197;206mOption[38;2;192;197;206m<[38;2;192;197;206m&[38;2;192;197;206mT[38;2;192;197;206m>[38;2;192;197;206m [38;2;192;197;206m{[K
[0m[48;2;79;40;40m[39m- 37    [0m:[39m[48;2;36;25;28m [38;2;192;197;206m        [38;2;192;197;206munimplemented![38;2;192;197;206m([38;2;192;197;206m)[K
[0m[48;2;40;67;43m[39m+     54[0m:[39m[48;2;24;38;30m [38;2;192;197;206m        [38;2;191;97;106mself[38;2;192;197;206m.tail.[38;2;150;181;180mmap[38;2;192;197;206m([38;2;192;197;206m|[38;2;191;97;106mptr[38;2;192;197;206m|[38;2;192;197;206m [38;2;180;142;173munsafe[38;2;192;197;206m [38;2;192;197;206m{[38;2;192;197;206m [38;2;192;197;206m&[38;2;192;197;206m([38;2;192;197;206m*[38;2;192;197;206mptr[38;2;192;197;206m)[38;2;192;197;206m.value [38;2;192;197;206m}[38;2;192;197;206m)[K
[0m[48;2;43;48;59m[39m  38, 55[0m:[39m[48;2;43;48;59m [38;2;192;197;206m    [38;2;192;197;206m}[K
[0m[48;2;43;48;59m[39m  39, 56[0m:[39m[48;2;43;48;59m [38;2;192;197;206m    [38;2;101;115;126m///[38;2;101;115;126m Frees all nodes in the queue.[K
[0m[48;2;43;48;59m[39m  40, 57[0m:[39m[48;2;43;48;59m [38;2;192;197;206m    [38;2;180;142;173mpub[38;2;192;197;206m [38;2;180;142;173mfn[38;2;192;197;206m [38;2;143;161;179mfree[38;2;192;197;206m([38;2;192;197;206m&[38;2;180;142;173mmut[38;2;192;197;206m [38;2;191;97;106mself[38;2;192;197;206m)[38;2;192;197;206m [38;2;192;197;206m{[K
[0m[48;2;79;40;40m[39m- 41    [0m:[39m[48;2;36;25;28m [38;2;192;197;206m        [38;2;192;197;206munimplemented![38;2;192;197;206m([38;2;192;197;206m)[K
[0m[48;2;40;67;43m[39m+     58[0m:[39m[48;2;24;38;30m [38;2;192;197;206m        [38;2;180;142;173mwhile[38;2;192;197;206m [38;2;191;97;106mself[38;2;192;197;206m.[38;2;150;181;180mpop[38;2;192;197;206m([38;2;192;197;206m)[38;2;192;197;206m.[38;2;150;181;180mis_some[38;2;192;197;206m([38;2;192;197;206m)[38;2;192;197;206m [38;2;192;197;206m{[38;2;192;197;206m}[K
[0m[48;2;43;48;59m[39m  42, 59[0m:[39m[48;2;43;48;59m [38;2;192;197;206m    [38;2;192;197;206m}[K
[0m[K
Updating: [38;5;141msrc/queue.rs[0m
[38;5;244m - Completed in 0.49s[0m
[38;5;12m[1m [1.3][0m[0m
[?25l[0m[?25l[0m[0mI will run the following command: [38;5;141mcd /tmp/harvest-crust-SQwHzw/project && cargo build 2>&1[0m[38;5;244m (using tool: shell)[0m
Purpose: Build the project to verify it compiles

   Compiling libqueue v0.1.0 (/tmp/harvest-crust-SQwHzw/project)
warning: type `QueueNode<T>` is more private than the item `Queue::head`
 --> src/queue.rs:6:5
  |
6 |     pub head: Option<Box<QueueNode<T>>>,
  |     ^^^^^^^^^^^^^^^^^^^^^^^^^^^^^^^^^^^ field `Queue::head` is reachable at visibility `pub`
  |
note: but type `QueueNode<T>` is only usable at visibility `pub(self)`
 --> src/queue.rs:1:1
  |
1 | struct QueueNode<T> {
  | ^^^^^^^^^^^^^^^^^^^
  = note: `#[warn(private_interfaces)]` on by default

warning: type `QueueNode<T>` is more private than the item `Queue::tail`
 --> src/queue.rs:7:5
  |
7 |     pub tail: Option<*mut QueueNode<T>>, // Tail for efficient appending
  |     ^^^^^^^^^^^^^^^^^^^^^^^^^^^^^^^^^^^ field `Queue::tail` is reachable at visibility `pub`
  |
note: but type `QueueNode<T>` is only usable at visibility `pub(self)`
 --> src/queue.rs:1:1
  |
1 | struct QueueNode<T> {
  | ^^^^^^^^^^^^^^^^^^^

warning: `libqueue` (lib) generated 2 warnings
    Finished `dev` profile [unoptimized + debuginfo] target(s) in 0.09s
[38;5;244m - Completed in 0.190s[0m
[38;5;12m[1m [1.4][0m[0m
[?25l[0m[38;5;141m> [0mCompiles successfully. The warnings are about visibility of [38;5;10mQueueNode[0m (it's private but used in public fields) — those come from the provided struct definitions which I'm not allowed to modify.[0m[0m
[0m[0m
Let me verify the final file:[0m[0m
[?25l[0m[0mReading file: [38;5;141m/tmp/harvest-crust-SQwHzw/project/src/queue.rs[0m, all lines[38;5;244m (using tool: read)[0m
[38;5;10m ✓ [0mSuccessfully read [38;5;244m1765 bytes[0m from /tmp/harvest-crust-SQwHzw/project/src/queue.rs
[38;5;244m - Completed in 0.46s[0m
[38;5;12m[1m [1.5][0m[0m
[?25l[0m[38;5;141m> [0mAll done. Here's a summary of the implementation:[0m[0m
[0m[0m
- [38;5;10mis_empty()[0m — checks [38;5;10mself.size == 0[0m, matching the C logic[0m[0m
- [38;5;10mpush()[0m — allocates a new [38;5;10mBox<QueueNode>[0m, gets a raw pointer for the tail, and links it into the list. If empty, both head and tail point to the new node; otherwise, the old tail's [38;5;10mnext[0m is set to the new node via [38;5;10munsafe[0m raw pointer dereference[0m[0m
- [38;5;10mpop()[0m — takes the head node, advances head to [38;5;10mhead.next[0m, clears tail when popping the last element, decrements size, returns the value wrapped in [38;5;10mOption[0m (mirrors C's [38;5;10mNULL[0m return for empty queue)[0m[0m
- [38;5;10mfront()[0m — returns a reference to the head node's value, or [38;5;10mNone[0m if empty[0m[0m
- [38;5;10mback()[0m — dereferences the raw tail pointer via [38;5;10munsafe[0m to return a reference to the tail's value, or [38;5;10mNone[0m if empty[0m[0m
- [38;5;10mfree()[0m — repeatedly pops until empty, which drops all nodes (Rust's [38;5;10mBox[0m handles deallocation automatically)[0m[0m
[0m[0m
The [38;5;10munsafe[0m usage is minimal and necessary only because the provided struct definition uses a raw pointer ([38;5;10m*mut QueueNode<T>[0m) for the tail — this is required for O(1) append without traversing the list.[0m[0m[38;5;12m[1m✓ Created checkpoint 1

[0m[0m
[38;5;8m
 ▸ Credits: 1.06 • Time: 35s

[0m[1G[0m[0m[?25h