[32mAll tools are now trusted ([0m[31m![0m[32m). Kiro will execute tools without asking for confirmation.[0m
Agents can sometimes do unexpected things so understand the risks.

Learn more at [38;5;141mhttps://kiro.dev/docs/cli/chat/security/#using-tools-trust-all-safely[0m


[38;5;12m[1m📷 Checkpoints are enabled! (took 0.04s)

[0m
[38;5;252m[0m[?25l[38;5;141m> [0m[0m[0m
[0m[0m
I'll start by reading all the source files to understand the project structure and the C code I need to translate.[0m[0m
[?25l[0m[0mBatch fs_read operation with [38;5;141m2[0m operations[38;5;244m (using tool: read)[0m

↱ Operation 1: Reading directory: [38;5;141m/tmp/harvest-crust-LB2vv3/project[0m
↱ Operation 2: Reading file: [38;5;141m/tmp/harvest-crust-LB2vv3/project/Cargo.toml[0m, all lines
[38;5;10m ✓ [0mSuccessfully read directory [38;5;141m/tmp/harvest-crust-LB2vv3/project[0m [38;5;244m(39 entries)[0m

[38;5;10m ✓ [0mSuccessfully read [38;5;244m76 bytes[0m from /tmp/harvest-crust-LB2vv3/project/Cargo.toml

 ⋮ 

[38;5;244m- [0mSummary: 2 operations processed, 2 successful, 0 failed
[38;5;244m - Completed in 0.52s[0m
[38;5;12m[1m [1.1][0m[0m
[?25l[0m[?25l[0m[0m[38;5;11mTODO:
[39m[0m[ ] Read all C source files (for.h, for.c) and Rust source files
[0m[ ] Implement for_gen.rs (generated encoding/decoding functions)
[0m[ ] Implement forLib.rs (main library functions)
[0m[ ] Build and test[38;5;244m - Completed in 0.46s[0m
[38;5;12m[1m [1.2][0m[0m
[?25l[0m[38;5;141m> [0mNow let me read all the key source files:[0m[0m
[?25l[0m[0mBatch fs_read operation with [38;5;141m5[0m operations[38;5;244m (using tool: read)[0m

↱ Operation 1: Reading file: [38;5;141m/tmp/harvest-crust-LB2vv3/project/c_src/for.h[0m, all lines
↱ Operation 2: Reading file: [38;5;141m/tmp/harvest-crust-LB2vv3/project/c_src/for.c[0m, all lines
↱ Operation 3: Reading file: [38;5;141m/tmp/harvest-crust-LB2vv3/project/src/lib.rs[0m, all lines
↱ Operation 4: Reading file: [38;5;141m/tmp/harvest-crust-LB2vv3/project/src/forLib.rs[0m, all lines
↱ Operation 5: Reading file: [38;5;141m/tmp/harvest-crust-LB2vv3/project/src/bin/test.rs[0m, all lines
[38;5;10m ✓ [0mSuccessfully read [38;5;244m9641 bytes[0m from /tmp/harvest-crust-LB2vv3/project/c_src/for.h

[38;5;10m ✓ [0mSuccessfully read [38;5;244m11580 bytes[0m from /tmp/harvest-crust-LB2vv3/project/c_src/for.c

[38;5;10m ✓ [0mSuccessfully read [38;5;244m32 bytes[0m from /tmp/harvest-crust-LB2vv3/project/src/lib.rs

[38;5;10m ✓ [0mSuccessfully read [38;5;244m2119 bytes[0m from /tmp/harvest-crust-LB2vv3/project/src/forLib.rs

[38;5;10m ✓ [0mSuccessfully read [38;5;244m7864 bytes[0m from /tmp/harvest-crust-LB2vv3/project/src/bin/test.rs

 ⋮ 

[38;5;244m- [0mSummary: 5 operations processed, 5 successful, 0 failed
[38;5;244m - Completed in 0.57s[0m
[38;5;12m[1m [1.3][0m[0m
[?25l[0m[38;5;141m> [0mNow let me read the for_gen.rs file and the C for-gen.c to understand the generated functions:[0m[0m
[?25l[0m[0mReading file: [38;5;141m/tmp/harvest-crust-LB2vv3/project/src/for_gen.rs[0m, all lines[38;5;244m (using tool: read)[0m
[38;5;10m ✓ [0mSuccessfully read [38;5;244m40260 bytes[0m from /tmp/harvest-crust-LB2vv3/project/src/for_gen.rs
[38;5;244m - Completed in 0.45s[0m
[38;5;12m[1m [1.4][0m[0m
[?25l[0m[38;5;141m> [0mNow I need to look at the C generated code to understand the pattern. Let me check a few examples:[0m[0m
[?25l[0m[0mReading file: [38;5;141m/tmp/harvest-crust-LB2vv3/project/c_src/for-gen.c[0m, from line [38;5;141m1[0m to [38;5;141m200[0m[38;5;244m (using tool: read)[0m
[38;5;10m ✓ [0mSuccessfully read [38;5;244m5234 bytes[0m from /tmp/harvest-crust-LB2vv3/project/c_src/for-gen.c
[38;5;244m - Completed in 0.49s[0m
[38;5;12m[1m [1.5][0m[0m
[?25l[0m[38;5;141m> [0mNow let me look at the function table declarations at the end of for-gen.c to understand the dispatch tables:[0m[0m
[?25l[0m[0mI will run the following command: [38;5;141mtail -200 /tmp/harvest-crust-LB2vv3/project/c_src/for-gen.c[0m[38;5;244m (using tool: shell)[0m
Purpose: Look at the dispatch tables at the end of for-gen.c

    *found = 7;
    return 7;
  }
  if (length == 8)
    goto bail;
bail:
  return ((length * 30) + 7) / 8;
}

static uint32_t
linsearch31_x(uint32_t base, const uint8_t *in, uint32_t length, uint32_t value, int *found) {
  uint32_t tmp, tmp2;
  (void)tmp2;
  if (length == 0)
    return 0;
  value -= base;
  tmp = *(uint32_t *)in;
  if (value == ((tmp >> 0) & 2147483647)) {
    *found = 0;
    return 0;
  }
  if (length == 1)
    goto bail;
  tmp2 = tmp >> 31;
  in += sizeof(uint32_t);
  tmp = *(uint32_t *)in;
  if ((tmp2 | (tmp % (1U << 30)) << (31 - 30)) == value) {
    *found = 1;
    return 1;
  }
  if (length == 2)
    goto bail;
  tmp2 = tmp >> 30;
  in += sizeof(uint32_t);
  tmp = *(uint32_t *)in;
  if ((tmp2 | (tmp % (1U << 29)) << (31 - 29)) == value) {
    *found = 2;
    return 2;
  }
  if (length == 3)
    goto bail;
  tmp2 = tmp >> 29;
  in += sizeof(uint32_t);
  tmp = *(uint32_t *)in;
  if ((tmp2 | (tmp % (1U << 28)) << (31 - 28)) == value) {
    *found = 3;
    return 3;
  }
  if (length == 4)
    goto bail;
  tmp2 = tmp >> 28;
  in += sizeof(uint32_t);
  tmp = *(uint32_t *)in;
  if ((tmp2 | (tmp % (1U << 27)) << (31 - 27)) == value) {
    *found = 4;
    return 4;
  }
  if (length == 5)
    goto bail;
  tmp2 = tmp >> 27;
  in += sizeof(uint32_t);
  tmp = *(uint32_t *)in;
  if ((tmp2 | (tmp % (1U << 26)) << (31 - 26)) == value) {
    *found = 5;
    return 5;
  }
  if (length == 6)
    goto bail;
  tmp2 = tmp >> 26;
  in += sizeof(uint32_t);
  tmp = *(uint32_t *)in;
  if ((tmp2 | (tmp % (1U << 25)) << (31 - 25)) == value) {
    *found = 6;
    return 6;
  }
  if (length == 7)
    goto bail;
  tmp2 = tmp >> 25;
  in += sizeof(uint32_t);
  tmp = *(uint32_t *)in;
  if ((tmp2 | (tmp % (1U << 24)) << (31 - 24)) == value) {
    *found = 7;
    return 7;
  }
  if (length == 8)
    goto bail;
bail:
  return ((length * 31) + 7) / 8;
}

static uint32_t
linsearch32_x(uint32_t base, const uint8_t *in, uint32_t length, uint32_t value, int *found) {
  uint32_t tmp, tmp2;
  (void)tmp2;
  if (length == 0)
    return 0;
  value -= base;
  tmp = *(uint32_t *)in;
  if (value == ((tmp >> 0) & 4294967295)) {
    *found = 0;
    return 0;
  }
  if (length == 1)
    goto bail;
  in += sizeof(uint32_t);
  tmp = *(uint32_t *)in;
  if (value == ((tmp >> 0) & 4294967295)) {
    *found = 1;
    return 1;
  }
  if (length == 2)
    goto bail;
  in += sizeof(uint32_t);
  tmp = *(uint32_t *)in;
  if (value == ((tmp >> 0) & 4294967295)) {
    *found = 2;
    return 2;
  }
  if (length == 3)
    goto bail;
  in += sizeof(uint32_t);
  tmp = *(uint32_t *)in;
  if (value == ((tmp >> 0) & 4294967295)) {
    *found = 3;
    return 3;
  }
  if (length == 4)
    goto bail;
  in += sizeof(uint32_t);
  tmp = *(uint32_t *)in;
  if (value == ((tmp >> 0) & 4294967295)) {
    *found = 4;
    return 4;
  }
  if (length == 5)
    goto bail;
  in += sizeof(uint32_t);
  tmp = *(uint32_t *)in;
  if (value == ((tmp >> 0) & 4294967295)) {
    *found = 5;
    return 5;
  }
  if (length == 6)
    goto bail;
  in += sizeof(uint32_t);
  tmp = *(uint32_t *)in;
  if (value == ((tmp >> 0) & 4294967295)) {
    *found = 6;
    return 6;
  }
  if (length == 7)
    goto bail;
  in += sizeof(uint32_t);
  tmp = *(uint32_t *)in;
  if (value == ((tmp >> 0) & 4294967295)) {
    *found = 7;
    return 7;
  }
  if (length == 8)
    goto bail;
bail:
  return ((length * 32) + 7) / 8;
}

for_linsearchxfunc_t for_linsearchx[33] = {
                       linsearch0_x,
                       linsearch1_x,
                       linsearch2_x,
                       linsearch3_x,
                       linsearch4_x,
                       linsearch5_x,
                       linsearch6_x,
                       linsearch7_x,
                       linsearch8_x,
                       linsearch9_x,
                       linsearch10_x,
                       linsearch11_x,
                       linsearch12_x,
                       linsearch13_x,
                       linsearch14_x,
                       linsearch15_x,
                       linsearch16_x,
                       linsearch17_x,
                       linsearch18_x,
                       linsearch19_x,
                       linsearch20_x,
                       linsearch21_x,
                       linsearch22_x,
                       linsearch23_x,
                       linsearch24_x,
                       linsearch25_x,
                       linsearch26_x,
                       linsearch27_x,
                       linsearch28_x,
                       linsearch29_x,
                       linsearch30_x,
                       linsearch31_x,
                       linsearch32_x
};

[38;5;244m - Completed in 0.49s[0m
[38;5;12m[1m [1.6][0m[0m
[?25l[0m[38;5;141m> [0mNow let me look at the dispatch tables and understand how the test calls these functions. The test calls [38;5;10mfor_gen::pack0_32[0m, [38;5;10mfor_gen::unpack0_32[0m, [38;5;10mfor_gen::pack0_16[0m, etc. — these are the 0-bit versions. But the [38;5;10mforLib[0m functions use dispatch tables [38;5;10mfor_pack32[bits][0m, [38;5;10mfor_unpack32[bits][0m, etc.[0m[0m
[0m[0m
Let me look at how the C code uses the dispatch tables:[0m[0m
[?25l[0m[0mI will run the following command: [38;5;141mgrep -n "for_pack\|for_unpack\|for_linsearch" /tmp/harvest-crust-LB2vv3/project/c_src/for-gen.c | tail -80[0m[38;5;244m (using tool: shell)[0m
Purpose: Find dispatch table declarations in for-gen.c

6245:for_packfunc_t for_pack32[33] = {
6281:for_unpackfunc_t for_unpack32[33] = {
9634:for_packfunc_t for_pack16[33] = {
9670:for_unpackfunc_t for_unpack16[33] = {
11603:for_packfunc_t for_pack8[33] = {
11639:for_unpackfunc_t for_unpack8[33] = {
14663:for_packxfunc_t for_packx[33] = {
14699:for_unpackxfunc_t for_unpackx[33] = {
20869:for_linsearchfunc_t for_linsearch32[33] = {
24127:for_linsearchfunc_t for_linsearch16[33] = {
25925:for_linsearchfunc_t for_linsearch8[33] = {
28205:for_linsearchxfunc_t for_linsearchx[33] = {
[38;5;244m - Completed in 0.50s[0m
[38;5;12m[1m [1.7][0m[0m
[?25l[0m[38;5;141m> [0mNow I understand the full picture. The C code has:[0m[0m
1. Generated pack/unpack/linsearch functions for each bit width (0-32) and block size (8, 16, 32, x)[0m[0m
2. Dispatch tables that index by bit width[0m[0m
3. The [38;5;10mfor.c[0m library functions that use these dispatch tables[0m[0m
[0m[0m
The key insight is that instead of generating hundreds of specialized functions, I can write generic implementations that work for any bit width. The individual named functions in [38;5;10mfor_gen.rs[0m will just call the generic implementation.[0m[0m
[0m[0m
Let me look at a few more C patterns to understand the bit packing:[0m[0m
[?25l[0m[0mI will run the following command: [38;5;141msed -n '200,350p' /tmp/harvest-crust-LB2vv3/project/c_src/for-gen.c[0m[38;5;244m (using tool: shell)[0m
Purpose: Look at pack2_32 and unpack2_32 patterns

  tmp |= (*(in + 3) - base) << 6;
  tmp |= (*(in + 4) - base) << 8;
  tmp |= (*(in + 5) - base) << 10;
  tmp |= (*(in + 6) - base) << 12;
  tmp |= (*(in + 7) - base) << 14;
  tmp |= (*(in + 8) - base) << 16;
  tmp |= (*(in + 9) - base) << 18;
  tmp |= (*(in + 10) - base) << 20;
  tmp |= (*(in + 11) - base) << 22;
  tmp |= (*(in + 12) - base) << 24;
  tmp |= (*(in + 13) - base) << 26;
  tmp |= (*(in + 14) - base) << 28;
  tmp |= (*(in + 15) - base) << 30;
  *(uint32_t *)out = tmp;
  out += sizeof(uint32_t);
  /* consumed: 4 bytes (total: 4) */
  tmp  = (*(in + 16) - base) << 0;
  tmp |= (*(in + 17) - base) << 2;
  tmp |= (*(in + 18) - base) << 4;
  tmp |= (*(in + 19) - base) << 6;
  tmp |= (*(in + 20) - base) << 8;
  tmp |= (*(in + 21) - base) << 10;
  tmp |= (*(in + 22) - base) << 12;
  tmp |= (*(in + 23) - base) << 14;
  tmp |= (*(in + 24) - base) << 16;
  tmp |= (*(in + 25) - base) << 18;
  tmp |= (*(in + 26) - base) << 20;
  tmp |= (*(in + 27) - base) << 22;
  tmp |= (*(in + 28) - base) << 24;
  tmp |= (*(in + 29) - base) << 26;
  tmp |= (*(in + 30) - base) << 28;
  tmp |= (*(in + 31) - base) << 30;
  /* remaining: 0 bits */
  length = (32 / 8) - (32 - 32) / 8;
  /* consumed: 4 bytes (total: 8) */
  memcpy(out, &tmp, length);
  return 8;
}

static uint32_t
unpack2_32(uint32_t base, const uint8_t *in, uint32_t *out) {
  uint32_t *in32 = (uint32_t *)in;
  uint32_t tmp; (void)tmp;
  *(out + 0)  = base + ((*in32 >> 0) & 3);
  *(out + 1)  = base + ((*in32 >> 2) & 3);
  *(out + 2)  = base + ((*in32 >> 4) & 3);
  *(out + 3)  = base + ((*in32 >> 6) & 3);
  *(out + 4)  = base + ((*in32 >> 8) & 3);
  *(out + 5)  = base + ((*in32 >> 10) & 3);
  *(out + 6)  = base + ((*in32 >> 12) & 3);
  *(out + 7)  = base + ((*in32 >> 14) & 3);
  *(out + 8)  = base + ((*in32 >> 16) & 3);
  *(out + 9)  = base + ((*in32 >> 18) & 3);
  *(out + 10)  = base + ((*in32 >> 20) & 3);
  *(out + 11)  = base + ((*in32 >> 22) & 3);
  *(out + 12)  = base + ((*in32 >> 24) & 3);
  *(out + 13)  = base + ((*in32 >> 26) & 3);
  *(out + 14)  = base + ((*in32 >> 28) & 3);
  *(out + 15)  = base + ((*in32 >> 30) & 3);
  in32++;
  /* consumed: 4 bytes (total: 8) */
  *(out + 16)  = base + ((*in32 >> 0) & 3);
  *(out + 17)  = base + ((*in32 >> 2) & 3);
  *(out + 18)  = base + ((*in32 >> 4) & 3);
  *(out + 19)  = base + ((*in32 >> 6) & 3);
  *(out + 20)  = base + ((*in32 >> 8) & 3);
  *(out + 21)  = base + ((*in32 >> 10) & 3);
  *(out + 22)  = base + ((*in32 >> 12) & 3);
  *(out + 23)  = base + ((*in32 >> 14) & 3);
  *(out + 24)  = base + ((*in32 >> 16) & 3);
  *(out + 25)  = base + ((*in32 >> 18) & 3);
  *(out + 26)  = base + ((*in32 >> 20) & 3);
  *(out + 27)  = base + ((*in32 >> 22) & 3);
  *(out + 28)  = base + ((*in32 >> 24) & 3);
  *(out + 29)  = base + ((*in32 >> 26) & 3);
  *(out + 30)  = base + ((*in32 >> 28) & 3);
  *(out + 31)  = base + ((*in32 >> 30) & 3);
  /* remaining: 0 bits */
  return 8;
}

static uint32_t
pack3_32(uint32_t base, const uint32_t *in, uint8_t *out) {
  uint32_t tmp, length;
  tmp  = (*(in + 0) - base) << 0;
  tmp |= (*(in + 1) - base) << 3;
  tmp |= (*(in + 2) - base) << 6;
  tmp |= (*(in + 3) - base) << 9;
  tmp |= (*(in + 4) - base) << 12;
  tmp |= (*(in + 5) - base) << 15;
  tmp |= (*(in + 6) - base) << 18;
  tmp |= (*(in + 7) - base) << 21;
  tmp |= (*(in + 8) - base) << 24;
  tmp |= (*(in + 9) - base) << 27;
  tmp |= (*(in + 10) - base) << 30;
  *(uint32_t *)out = tmp;
  out += sizeof(uint32_t);
  /* consumed: 4 bytes (total: 4) */
  tmp  = (*(in + 10) - base) >> (3 - 1);
  tmp |= (*(in + 11) - base) << 1;
  tmp |= (*(in + 12) - base) << 4;
  tmp |= (*(in + 13) - base) << 7;
  tmp |= (*(in + 14) - base) << 10;
  tmp |= (*(in + 15) - base) << 13;
  tmp |= (*(in + 16) - base) << 16;
  tmp |= (*(in + 17) - base) << 19;
  tmp |= (*(in + 18) - base) << 22;
  tmp |= (*(in + 19) - base) << 25;
  tmp |= (*(in + 20) - base) << 28;
  tmp |= (*(in + 21) - base) << 31;
  *(uint32_t *)out = tmp;
  out += sizeof(uint32_t);
  /* consumed: 4 bytes (total: 8) */
  tmp  = (*(in + 21) - base) >> (3 - 2);
  tmp |= (*(in + 22) - base) << 2;
  tmp |= (*(in + 23) - base) << 5;
  tmp |= (*(in + 24) - base) << 8;
  tmp |= (*(in + 25) - base) << 11;
  tmp |= (*(in + 26) - base) << 14;
  tmp |= (*(in + 27) - base) << 17;
  tmp |= (*(in + 28) - base) << 20;
  tmp |= (*(in + 29) - base) << 23;
  tmp |= (*(in + 30) - base) << 26;
  tmp |= (*(in + 31) - base) << 29;
  /* remaining: 0 bits */
  length = (32 / 8) - (32 - 32) / 8;
  /* consumed: 4 bytes (total: 12) */
  memcpy(out, &tmp, length);
  return 12;
}

static uint32_t
unpack3_32(uint32_t base, const uint8_t *in, uint32_t *out) {
  uint32_t *in32 = (uint32_t *)in;
  uint32_t tmp; (void)tmp;
  *(out + 0)  = base + ((*in32 >> 0) & 7);
  *(out + 1)  = base + ((*in32 >> 3) & 7);
  *(out + 2)  = base + ((*in32 >> 6) & 7);
  *(out + 3)  = base + ((*in32 >> 9) & 7);
  *(out + 4)  = base + ((*in32 >> 12) & 7);
  *(out + 5)  = base + ((*in32 >> 15) & 7);
  *(out + 6)  = base + ((*in32 >> 18) & 7);
  *(out + 7)  = base + ((*in32 >> 21) & 7);
  *(out + 8)  = base + ((*in32 >> 24) & 7);
  *(out + 9)  = base + ((*in32 >> 27) & 7);
  tmp = (*in32 >> 30);
  in32++;
  /* consumed: 4 bytes (total: 8) */
  tmp |= (*in32 % (1U << 1)) << (3 - 1);
  *(out + 10) = base + tmp;
  *(out + 11)  = base + ((*in32 >> 1) & 7);
[38;5;244m - Completed in 0.51s[0m
[38;5;12m[1m [1.8][0m[0m
[?25l[0m[38;5;141m> [0mNow let me look at the pack32_32 (32-bit packing of 32 values) and the [3mx variants:[0m[0m
[?25l[0m[0mI will run the following command: [38;5;141mgrep -n "^static uint32_t$" /tmp/harvest-crust-LB2vv3/project/c_src/for-gen.c | head -20[0m[38;5;244m (using tool: shell)[0m
Purpose: Find function boundaries

6:static uint32_t
14:static uint32_t
22:static uint32_t
30:static uint32_t
40:static uint32_t
50:static uint32_t
60:static uint32_t
69:static uint32_t
79:static uint32_t
87:static uint32_t
95:static uint32_t
103:static uint32_t
112:static uint32_t
154:static uint32_t
194:static uint32_t
239:static uint32_t
281:static uint32_t
331:static uint32_t
379:static uint32_t
430:static uint32_t
[38;5;244m - Completed in 0.49s[0m
[38;5;12m[1m [1.9][0m[0m
[?25l[0m[?25l[0m[0mI will run the following command: [38;5;141mgrep -n "^pack32_32\|^unpack32_32\|^pack32_16\|^unpack32_16\|^pack32_8\|^unpack32_8\|^pack32_x\|^unpack32_x\|^pack1_x\|^unpack1_x\|^linsearch1_32\|^linsearch1_x\|^linsearch32_32\|^linsearch32_x" /tmp/harvest-crust-LB2vv3/project/c_src/for-gen.c[0m[38;5;244m (using tool: shell)[0m
Purpose: Find specific function locations

6228:pack32_32(uint32_t base, const uint32_t *in, uint8_t *out) {
6237:unpack32_32(uint32_t base, const uint8_t *in, uint32_t *out) {
9617:pack32_16(uint32_t base, const uint32_t *in, uint8_t *out) {
9626:unpack32_16(uint32_t base, const uint8_t *in, uint32_t *out) {
11586:pack32_8(uint32_t base, const uint32_t *in, uint8_t *out) {
11595:unpack32_8(uint32_t base, const uint8_t *in, uint32_t *out) {
11676:pack1_x(uint32_t base, const uint32_t *in, uint8_t *out, uint32_t length) {
11712:unpack1_x(uint32_t base, const uint8_t *in, uint32_t *out, uint32_t length) {
14566:pack32_x(uint32_t base, const uint32_t *in, uint8_t *out, uint32_t length) {
14616:unpack32_x(uint32_t base, const uint8_t *in, uint32_t *out, uint32_t length) {
14736:linsearch1_32(uint32_t base, const uint8_t *in, uint32_t value, int *found) {
20856:linsearch32_32(uint32_t base, const uint8_t *in, uint32_t value, int *found) {
25962:linsearch1_x(uint32_t base, const uint8_t *in, uint32_t length, uint32_t value, int *found) {
28132:linsearch32_x(uint32_t base, const uint8_t *in, uint32_t length, uint32_t value, int *found) {
[38;5;244m - Completed in 0.52s[0m
[38;5;12m[1m [1.10][0m[0m
[?25l[0m[?25l[0m[0mBatch fs_read operation with [38;5;141m4[0m operations[38;5;244m (using tool: read)[0m

↱ Operation 1: Reading file: [38;5;141m/tmp/harvest-crust-LB2vv3/project/c_src/for-gen.c[0m, from line [38;5;141m6226[0m to [38;5;141m6260[0m
↱ Operation 2: Reading file: [38;5;141m/tmp/harvest-crust-LB2vv3/project/c_src/for-gen.c[0m, from line [38;5;141m11586[0m to [38;5;141m11620[0m
↱ Operation 3: Reading file: [38;5;141m/tmp/harvest-crust-LB2vv3/project/c_src/for-gen.c[0m, from line [38;5;141m11676[0m to [38;5;141m11760[0m
↱ Operation 4: Reading file: [38;5;141m/tmp/harvest-crust-LB2vv3/project/c_src/for-gen.c[0m, from line [38;5;141m14566[0m to [38;5;141m14670[0m
[38;5;10m ✓ [0mSuccessfully read [38;5;244m972 bytes[0m from /tmp/harvest-crust-LB2vv3/project/c_src/for-gen.c

[38;5;10m ✓ [0mSuccessfully read [38;5;244m999 bytes[0m from /tmp/harvest-crust-LB2vv3/project/c_src/for-gen.c

[38;5;10m ✓ [0mSuccessfully read [38;5;244m2053 bytes[0m from /tmp/harvest-crust-LB2vv3/project/c_src/for-gen.c

[38;5;10m ✓ [0mSuccessfully read [38;5;244m2707 bytes[0m from /tmp/harvest-crust-LB2vv3/project/c_src/for-gen.c

 ⋮ 

[38;5;244m- [0mSummary: 4 operations processed, 4 successful, 0 failed
[38;5;244m - Completed in 0.57s[0m
[38;5;12m[1m [1.11][0m[0m
[?25l[0m[38;5;141m> [0mNow let me look at a linsearch example to understand the pattern:[0m[0m
[?25l[0m[0mReading file: [38;5;141m/tmp/harvest-crust-LB2vv3/project/c_src/for-gen.c[0m, from line [38;5;141m14736[0m to [38;5;141m14810[0m[38;5;244m (using tool: read)[0m
[38;5;10m ✓ [0mSuccessfully read [38;5;244m1422 bytes[0m from /tmp/harvest-crust-LB2vv3/project/c_src/for-gen.c
[38;5;244m - Completed in 0.49s[0m
[38;5;12m[1m [1.12][0m[0m
[?25l[0m[38;5;141m> [0mNow I have a thorough understanding of the patterns. Let me also check the linsearch return values:[0m[0m
[?25l[0m[0mI will run the following command: [38;5;141msed -n '14800,14830p' /tmp/harvest-crust-LB2vv3/project/c_src/for-gen.c[0m[38;5;244m (using tool: shell)[0m
Purpose: Check linsearch1_32 return value at end

    return 14;
  }
  if (((tmp >> 15) & 1) == value) {
    *found = 15;
    return 15;
  }
  if (((tmp >> 16) & 1) == value) {
    *found = 16;
    return 16;
  }
  if (((tmp >> 17) & 1) == value) {
    *found = 17;
    return 17;
  }
  if (((tmp >> 18) & 1) == value) {
    *found = 18;
    return 18;
  }
  if (((tmp >> 19) & 1) == value) {
    *found = 19;
    return 19;
  }
  if (((tmp >> 20) & 1) == value) {
    *found = 20;
    return 20;
  }
  if (((tmp >> 21) & 1) == value) {
    *found = 21;
    return 21;
  }
  if (((tmp >> 22) & 1) == value) {
[38;5;244m - Completed in 0.52s[0m
[38;5;12m[1m [1.13][0m[0m
[?25l[0m[?25l[0m[0mI will run the following command: [38;5;141msed -n '14830,14870p' /tmp/harvest-crust-LB2vv3/project/c_src/for-gen.c[0m[38;5;244m (using tool: shell)[0m
Purpose: Check linsearch1_32 end

  if (((tmp >> 22) & 1) == value) {
    *found = 22;
    return 22;
  }
  if (((tmp >> 23) & 1) == value) {
    *found = 23;
    return 23;
  }
  if (((tmp >> 24) & 1) == value) {
    *found = 24;
    return 24;
  }
  if (((tmp >> 25) & 1) == value) {
    *found = 25;
    return 25;
  }
  if (((tmp >> 26) & 1) == value) {
    *found = 26;
    return 26;
  }
  if (((tmp >> 27) & 1) == value) {
    *found = 27;
    return 27;
  }
  if (((tmp >> 28) & 1) == value) {
    *found = 28;
    return 28;
  }
  if (((tmp >> 29) & 1) == value) {
    *found = 29;
    return 29;
  }
  if (((tmp >> 30) & 1) == value) {
    *found = 30;
    return 30;
  }
  if (((tmp >> 31) & 1) == value) {
    *found = 31;
    return 31;
  }
  /* remaining: 0 bits */
[38;5;244m - Completed in 0.53s[0m
[38;5;12m[1m [1.14][0m[0m
[?25l[0m[?25l[0m[0mI will run the following command: [38;5;141msed -n '14870,14880p' /tmp/harvest-crust-LB2vv3/project/c_src/for-gen.c[0m[38;5;244m (using tool: shell)[0m
Purpose: Check linsearch1_32 final return

  /* remaining: 0 bits */
  return (4);
}

static uint32_t
linsearch2_32(uint32_t base, const uint8_t *in, uint32_t value, int *found) {
  uint32_t tmp, tmp2;
  value -= base;
  (void)tmp2;
  tmp = *(uint32_t *)in;
  /* consumed: 4 bytes (total: 4) */
[38;5;244m - Completed in 0.52s[0m
[38;5;12m[1m [1.15][0m[0m
[?25l[0m[38;5;141m> [0mNow I understand the linsearch pattern. The return value is the number of bytes consumed (same as the pack/unpack functions), and [38;5;10m*found[0m is set to the index if found. Let me also check a linsearch with cross-word boundaries:[0m[0m
[?25l[0m[0mI will run the following command: [38;5;141msed -n '14875,14960p' /tmp/harvest-crust-LB2vv3/project/c_src/for-gen.c[0m[38;5;244m (using tool: shell)[0m
Purpose: Check linsearch2_32 pattern

linsearch2_32(uint32_t base, const uint8_t *in, uint32_t value, int *found) {
  uint32_t tmp, tmp2;
  value -= base;
  (void)tmp2;
  tmp = *(uint32_t *)in;
  /* consumed: 4 bytes (total: 4) */
  if (((tmp >> 0) & 3) == value) {
    *found = 0;
    return 0;
  }
  if (((tmp >> 2) & 3) == value) {
    *found = 1;
    return 1;
  }
  if (((tmp >> 4) & 3) == value) {
    *found = 2;
    return 2;
  }
  if (((tmp >> 6) & 3) == value) {
    *found = 3;
    return 3;
  }
  if (((tmp >> 8) & 3) == value) {
    *found = 4;
    return 4;
  }
  if (((tmp >> 10) & 3) == value) {
    *found = 5;
    return 5;
  }
  if (((tmp >> 12) & 3) == value) {
    *found = 6;
    return 6;
  }
  if (((tmp >> 14) & 3) == value) {
    *found = 7;
    return 7;
  }
  if (((tmp >> 16) & 3) == value) {
    *found = 8;
    return 8;
  }
  if (((tmp >> 18) & 3) == value) {
    *found = 9;
    return 9;
  }
  if (((tmp >> 20) & 3) == value) {
    *found = 10;
    return 10;
  }
  if (((tmp >> 22) & 3) == value) {
    *found = 11;
    return 11;
  }
  if (((tmp >> 24) & 3) == value) {
    *found = 12;
    return 12;
  }
  if (((tmp >> 26) & 3) == value) {
    *found = 13;
    return 13;
  }
  if (((tmp >> 28) & 3) == value) {
    *found = 14;
    return 14;
  }
  if (((tmp >> 30) & 3) == value) {
    *found = 15;
    return 15;
  }
  in += sizeof(uint32_t);
  tmp = *(uint32_t *)in;
  /* consumed: 4 bytes (total: 8) */
  if (((tmp >> 0) & 3) == value) {
    *found = 16;
    return 16;
  }
  if (((tmp >> 2) & 3) == value) {
    *found = 17;
    return 17;
  }
  if (((tmp >> 4) & 3) == value) {
    *found = 18;
    return 18;
  }
  if (((tmp >> 6) & 3) == value) {
[38;5;244m - Completed in 0.51s[0m
[38;5;12m[1m [1.16][0m[0m
[?25l[0m[38;5;141m> [0mWait, I notice the linsearch functions return the index of the found element, not the byte count. Let me re-check... Actually looking more carefully at the C code in [38;5;10mfor.c[0m:[0m[0m
[0m[0m
[1mc
[0m[38;5;10min += for_linsearch32[bits](base, in, value, &found);
[0m[0m[0m
[0m[0m
So the return value IS the byte count consumed. But looking at the generated code, [38;5;10mlinsearch1_32[0m returns the found index, not byte count. Wait, let me re-read...[0m[0m
[0m[0m
Actually looking at the linsearch1_32 return values: it returns 0, 1, 2... those are the found indices. But the final return is [38;5;10mreturn (4)[0m which is the byte count. Hmm, that's inconsistent. Let me look at how [38;5;10mfor_linear_search_bits[0m uses it:[0m[0m
[0m[0m
In [38;5;10mfor.c[0m:[0m[0m
[1mc
[0m[38;5;10min += for_linsearch32[bits](base, in, value, &found);
if (found >= 0)
  return i + found;
[0m[0m[0m
[0m[0m
So when found >= 0, the return value of linsearch is ignored (we use [38;5;10mfound[0m instead). When not found, the return value is the byte count to advance [38;5;10min[0m. But wait, when found IS set, the early return values (0, 1, 2...) would incorrectly advance [38;5;10min[0m by that many bytes. But since we immediately return when found >= 0, it doesn't matter.[0m[0m
[0m[0m
Actually wait - looking more carefully at linsearch1_32, when it finds a match at index 5, it returns 5 and sets [3mfound = 5. But the caller does [38;5;10min += return_value[0m and then checks [38;5;10mif (found >= 0) return i + found[0m. So the [38;5;10min +=[0m happens but is irrelevant since we return immediately. The return value when NOT found is the actual byte count (e.g., [38;5;10mreturn (4)[0m for 1-bit [23m 32 values = 4 bytes).[0m[0m
[0m[0m
Now I have a complete understanding. Let me implement the generic approach. Instead of writing 400+ specialized functions, I'll write generic pack/unpack/linsearch helpers and have each named function delegate to them.[0m[0m
[?25l[0m[0m[38;5;11mTODO:
[39m[38;5;10m[x] [3m[38;5;244mRead all C source files (for.h, for.c) and Rust source files[23m
[0m[ ] Implement for_gen.rs (generated encoding/decoding functions)[38;5;244m - Completed in 0.46s[0m
[38;5;12m[1m [1.17][0m[0m
[?25l[0m[38;5;141m> [0mNow I need to carefully look at the signatures in for_gen.rs. The unpack functions have swapped parameter types - [38;5;10m(u32, &[u32], &mut [u8])[0m instead of [38;5;10m(u32, &[u8], &mut [u32])[0m. But the test calls them as:[0m[0m
[0m[0m
[1mrust
[0m[38;5;10mfn lowlevel_block_func(bits: u32, pack: fn(u32, &[u32], &mut [u8]) -> u32, unpack: fn(u32, &[u8], &mut [u32]) -> u32, ...)
[0m[0m[0m
[0m[0m
Wait, let me re-check the test signatures more carefully:[0m[0m
[?25l[0m[0mReading file: [38;5;141m/tmp/harvest-crust-LB2vv3/project/src/bin/test.rs[0m, from line [38;5;141m155[0m to [38;5;141m210[0m[38;5;244m (using tool: read)[0m
[38;5;10m ✓ [0mSuccessfully read [38;5;244m1810 bytes[0m from /tmp/harvest-crust-LB2vv3/project/src/bin/test.rs
[38;5;244m - Completed in 0.45s[0m
[38;5;12m[1m [1.18][0m[0m
[?25l[0m[38;5;141m> [0mThe test calls [38;5;10mfor_gen::pack0_32[0m and [38;5;10mfor_gen::unpack0_32[0m as the function pointers for ALL bit widths. So [38;5;10mpack0_32[0m and [38;5;10munpack0_32[0m are the dispatch functions that handle all bit widths! Let me re-read the test:[0m[0m
[0m[0m
[1mrust
[0m[38;5;10mfn lowlevel_block_func(bits: u32, pack: fn(u32, &[u32], &mut [u8]) -> u32, unpack: fn(u32, &[u8], &mut [u32]) -> u32, ...)
[0m[0m[0m
[0m[0m
The [38;5;10munpack[0m parameter type is [38;5;10mfn(u32, &[u8], &mut [u32]) -> u32[0m — that's the correct signature. But in [38;5;10mfor_gen.rs[0m, the [38;5;10munpack0_32[0m function has signature [38;5;10mfn(u32, &[u8], &mut [u32]) -> u32[0m which matches! Let me double-check:[0m[0m
[0m[0m
Looking at the for_gen.rs file again:[0m[0m
- [38;5;10mpub fn unpack0_32(base: u32, input: &[u8], output: &mut [u32]) -> u32[0m — correct![0m[0m
- [38;5;10mpub fn unpack1_8(base: u32, input: &[u32], output: &mut [u8]) -> u32[0m — WRONG signatures![0m[0m
[0m[0m
So the [38;5;10munpack0_*[0m functions have correct signatures, but [38;5;10munpack1_8[0m through [38;5;10munpack32_8[0m (and similarly for 16 and 32) have swapped types. Since the test only calls [38;5;10munpack0_32[0m, [38;5;10munpack0_16[0m, [38;5;10munpack0_8[0m, and [38;5;10munpack0_x[0m directly, and the forLib functions call them through dispatch, I need to understand what the forLib functions expect.[0m[0m
[0m[0m
The forLib functions call [38;5;10mfor_unpack32[bits][0m, [38;5;10mfor_unpack16[bits][0m, etc. These are dispatch tables. But in the Rust code, there are no dispatch tables — the forLib functions need to call the for_gen functions directly.[0m[0m
[0m[0m
The key insight: the test only uses [38;5;10mpack0_32[0m, [38;5;10munpack0_32[0m, [38;5;10mpack0_16[0m, [38;5;10munpack0_16[0m, [38;5;10mpack0_8[0m, [38;5;10munpack0_8[0m, [38;5;10mpack0_x[0m, [38;5;10munpack0_x[0m as the entry points. These are the "dispatch" functions that take the bit width as... wait, they don't take a bit width parameter.[0m[0m
[0m[0m
Let me re-read the test more carefully:[0m[0m
[0m[0m
[1mrust
[0m[38;5;10mlowlevel_block_func(bits, for_gen::pack0_32, for_gen::unpack0_32, &in_data, 10, 32);
[0m[0m[0m
[0m[0m
And [38;5;10mlowlevel_block_func[0m:[0m[0m
[1mrust
[0m[38;5;10mfn lowlevel_block_func(bits: u32, pack: fn(u32, &[u32], &mut [u8]) -> u32, unpack: fn(u32, &[u8], &mut [u32]) -> u32, in_data: &[u32], base: u32, length: u32)
[0m[0m[0m
[0m[0m
It passes [38;5;10mbits[0m but doesn't use it in the pack/unpack calls! It only uses [38;5;10mbits[0m for [38;5;10mfor_select_bits[0m and [38;5;10mfor_linear_search_bits[0m. So [38;5;10mpack0_32[0m and [38;5;10munpack0_32[0m are called for ALL bit widths (0-32). This means [38;5;10mpack0_32[0m must be a generic function that handles all bit widths based on the data.[0m[0m
[0m[0m
Wait, that can't be right. The pack function packs [38;5;10m(value - base)[0m with a specific number of bits. If [38;5;10mpack0_32[0m is called for bits=5, it needs to know to use 5 bits. But the function signature doesn't include bits...[0m[0m
[0m[0m
Let me re-read the test:[0m[0m
[1mrust
[0m[38;5;10mlet in_data = generate_input(10, 32, bits);
[0m[0m[0m
[0m[0m
[38;5;10mgenerate_input[0m creates data where [38;5;10min_data[i] = base + (i % max)[0m where [38;5;10mmax = (1 << bits) - 1[0m. So the data is constrained to fit in [38;5;10mbits[0m bits when base is subtracted.[0m[0m
[0m[0m
But [38;5;10mpack0_32[0m doesn't know the bit width! Unless... [38;5;10mpack0_32[0m is supposed to be the 0-bit pack function, and the test is wrong in using it for all bit widths?[0m[0m
[0m[0m
No wait — looking at the test again, it calls [38;5;10mlowlevel_block32(i)[0m for i in 0..=32, and each call passes [38;5;10mfor_gen::pack0_32[0m as the pack function. This means [38;5;10mpack0_32[0m must handle ALL bit widths somehow.[0m[0m
[0m[0m
Actually, I think I misread the intent. Let me look at the C test:[0m[0m
[?25l[0m[0mReading file: [38;5;141m/tmp/harvest-crust-LB2vv3/project/c_src/test.c[0m, from line [38;5;141m1[0m to [38;5;141m200[0m[38;5;244m (using tool: read)[0m
[38;5;10m ✓ [0mSuccessfully read [38;5;244m5480 bytes[0m from /tmp/harvest-crust-LB2vv3/project/c_src/test.c
[38;5;244m - Completed in 0.46s[0m
[38;5;12m[1m [1.19][0m[0m
[?25l[0m[?25l[0m[0mReading file: [38;5;141m/tmp/harvest-crust-LB2vv3/project/c_src/test.c[0m, from line [38;5;141m200[0m to [38;5;141m310[0m[38;5;244m (using tool: read)[0m
[38;5;10m ✓ [0mSuccessfully read [38;5;244m2655 bytes[0m from /tmp/harvest-crust-LB2vv3/project/c_src/test.c
[38;5;244m - Completed in 0.45s[0m
[38;5;12m[1m [1.20][0m[0m
[?25l[0m[38;5;141m> [0mNow I see the critical difference. In the C test:[0m[0m
[1mc
[0m[38;5;10mlowlevel_block_func(bits, for_pack32[bits], for_unpack32[bits], in, 10, 32);
[0m[0m[0m
[0m[0m
It uses [38;5;10mfor_pack32[bits][0m — the dispatch table indexed by bits. So for bits=5, it passes [38;5;10mpack5_32[0m.[0m[0m
[0m[0m
But in the Rust test:[0m[0m
[1mrust
[0m[38;5;10mlowlevel_block_func(bits, for_gen::pack0_32, for_gen::unpack0_32, &in_data, 10, 32);
[0m[0m[0m
[0m[0m
It always passes [38;5;10mpack0_32[0m and [38;5;10munpack0_32[0m! This means the Rust [38;5;10mpack0_32[0m and [38;5;10munpack0_32[0m must be the dispatch functions that handle ALL bit widths. But they don't take a [38;5;10mbits[0m parameter...[0m[0m
[0m[0m
Wait, the test passes [38;5;10mbits[0m as the first argument to [38;5;10mlowlevel_block_func[0m, but [38;5;10mlowlevel_block_func[0m only uses [38;5;10mbits[0m for [38;5;10mfor_select_bits[0m and [38;5;10mfor_linear_search_bits[0m, not for the pack/unpack calls. And the pack/unpack functions are called with [38;5;10m(base, in_data, &mut out)[0m.[0m[0m
[0m[0m
So [38;5;10mpack0_32[0m is called with [38;5;10mbase=10[0m and the input data. It needs to figure out the bit width from the data itself? That doesn't make sense for a pack function...[0m[0m
[0m[0m
Actually, I think the Rust test is designed differently. [38;5;10mpack0_32[0m and [38;5;10munpack0_32[0m are supposed to be generic dispatch functions. The [38;5;10m0[0m in the name doesn't mean "0 bits" — it means "dispatch entry point". Let me look at how the test uses them:[0m[0m
[0m[0m
The test calls [38;5;10mpack0_32(base, in_data, &mut out)[0m and expects it to produce the same output as the C [38;5;10mfor_pack32[bits](base, in, out)[0m. But [38;5;10mpack0_32[0m doesn't know [38;5;10mbits[0m![0m[0m
[0m[0m
Unless... the Rust test is simply wrong/different and [38;5;10mpack0_32[0m is indeed the 0-bit version, and the test just happens to work because for 0 bits, all values equal base, and the test generates [38;5;10min_data[i] = base[0m when bits=0.[0m[0m
[0m[0m
Wait, but the test loops [38;5;10mfor i in 0..=32[0m calling [38;5;10mlowlevel_block32(i)[0m which always passes [38;5;10mpack0_32[0m. For bits=5, the input data would be [38;5;10mbase + (i % 31)[0m, and [38;5;10mpack0_32[0m (0-bit packing) would produce 0 bytes. Then [38;5;10munpack0_32[0m would fill output with [38;5;10mbase[0m. The verify would fail because the unpacked data wouldn't match the input.[0m[0m
[0m[0m
So either the test is designed to fail for bits > 0, or [38;5;10mpack0_32[0m is meant to be a generic dispatcher. Given the instructions say "the tests should pass", [38;5;10mpack0_32[0m must be a generic function.[0m[0m
[0m[0m
Let me look at this from a different angle. The function signatures in for_gen.rs don't include a [38;5;10mbits[0m parameter. The only way [38;5;10mpack0_32[0m can know the bit width is if it's embedded in the function itself. But the test uses the same function for all bit widths...[0m[0m
[0m[0m
I think the answer is: [38;5;10mpack0_32[0m, [38;5;10munpack0_32[0m etc. are meant to be the generic implementations that the forLib dispatch calls. The [38;5;10m0[0m prefix is just a naming convention for the "base" dispatch function. The individual [38;5;10mpack1_32[0m, [38;5;10mpack2_32[0m, etc. are the bit-specific versions that the forLib module calls through its own dispatch logic.[0m[0m
[0m[0m
But wait — the test passes [38;5;10mpack0_32[0m for ALL bit widths. So [38;5;10mpack0_32[0m must handle all bit widths. But it doesn't take a [38;5;10mbits[0m parameter. The only way this works is if [38;5;10mpack0_32[0m computes the required bits from the data itself.[0m[0m
[0m[0m
Actually, let me re-read the test more carefully:[0m[0m
[0m[0m
[1mrust
[0m[38;5;10mfn lowlevel_block_func(bits: u32, pack: fn(u32, &[u32], &mut [u8]) -> u32, 
    unpack: fn(u32, &[u8], &mut [u32]) -> u32, in_data: &[u32], base: u32, length: u32) {
    let s1 = pack(base, in_data, &mut out);
    let s2 = unpack(base, &out, &mut tmp);
    verify(s1 == s2, ...);
    verify_array(in_data, &tmp, length as usize);
[0m[0m[0m
[0m[0m
For this to work with [38;5;10mpack0_32[0m for bits=5, [38;5;10mpack0_32[0m would need to auto-detect the bit width. That's what [38;5;10mfor_compress_unsorted[0m does — it scans for min/max. But [38;5;10mpack0_32[0m takes [38;5;10mbase[0m as a parameter, so it could compute [38;5;10mmax - base[0m from the data and determine bits.[0m[0m
[0m[0m
Actually, I think I'm overcomplicating this. Let me look at the Rust test one more time. The test calls [38;5;10mlowlevel_block32(i)[0m for i in 0..=32:[0m[0m
[0m[0m
[1mrust
[0m[38;5;10mfn lowlevel_block32(bits: u32) {
    let in_data = generate_input(10, 32, bits);
    lowlevel_block_func(bits, for_gen::pack0_32, for_gen::unpack0_32, &in_data, 10, 32);
}
[0m[0m[0m
[0m[0m
And [38;5;10mgenerate_input(10, 32, bits)[0m creates data where each value is [38;5;10mbase + (i % max)[0m with [38;5;10mmax = (1 << bits) - 1[0m.[0m[0m
[0m[0m
For [38;5;10mpack0_32[0m to work for all bit widths, it must be a generic pack function that determines the bit width from the data. Let me think about what makes sense:[0m[0m
[0m[0m
[38;5;10mpack0_32(base, input, output)[0m — packs 32 values. It needs to determine bits from the data. It would compute [38;5;10mmax(input[i] - base)[0m and then [38;5;10mrequired_bits(max_delta)[0m, then pack accordingly.[0m[0m
[0m[0m
Similarly, [38;5;10munpack0_32(base, input, output)[0m — unpacks 32 values. But it needs to know the bit width to unpack! Unless the bit width is encoded in the packed data somehow...[0m[0m
[0m[0m
Actually, the pack/unpack functions in C are paired — the pack function returns the byte count, and the unpack function returns the same byte count. The unpack function needs to know the bit width. In the C test, [38;5;10mfor_unpack32[bits][0m is used, so the correct bit-specific unpack function is called.[0m[0m
[0m[0m
In the Rust test, [38;5;10munpack0_32[0m is always called. For this to work, [38;5;10munpack0_32[0m must somehow know the bit width. But it doesn't take a [38;5;10mbits[0m parameter...[0m[0m
[0m[0m
I think the solution is: [38;5;10mpack0_32[0m and [38;5;10munpack0_32[0m are generic functions that auto-detect/encode the bit width. [38;5;10mpack0_32[0m computes the required bits, stores them somehow (maybe as a prefix), and [38;5;10munpack0_32[0m reads that prefix.[0m[0m
[0m[0m
But that would change the binary format and break compatibility with the forLib functions...[0m[0m
[0m[0m
Let me take yet another look. Maybe the intent is simpler than I think. Let me check if the [38;5;10mverify(s1 == s2)[0m check would pass if both return 0 (for 0-bit packing):[0m[0m
[0m[0m
For bits=0, [38;5;10mgenerate_input(10, 32, 0)[0m creates [38;5;10min_data[i] = 10[0m (all equal to base). [38;5;10mpack0_32(10, &in_data, &mut out)[0m returns 0 bytes. [38;5;10munpack0_32(10, &out, &mut tmp)[0m fills tmp with base=10 and returns 0. s1==s2==0, and the arrays match. ✓[0m[0m
[0m[0m
For bits=1, [38;5;10mgenerate_input(10, 32, 1)[0m creates [38;5;10min_data[i] = 10 + (i % 1) = 10[0m (all equal to base since max=1, i%1=0). So it's the same as bits=0! [38;5;10mpack0_32[0m returns 0, [38;5;10munpack0_32[0m returns 0, arrays match. ✓[0m[0m
[0m[0m
Wait, [38;5;10m(1 << 1) - 1 = 1[0m, so [38;5;10mi % 1 = 0[0m for all i. So all values are [38;5;10mbase + 0 = base[0m. That means for bits=1, the data is all base values, and 0-bit packing works![0m[0m
[0m[0m
For bits=2, [38;5;10mmax = (1 << 2) - 1 = 3[0m, [38;5;10mi % 3[0m gives 0,1,2,0,1,2,... So [38;5;10min_data = [10, 11, 12, 10, 11, 12, ...][0m. Now [38;5;10mpack0_32[0m (0-bit packing) would return 0 bytes and [38;5;10munpack0_32[0m would fill with base=10. The verify_array would FAIL because in_data[1]=11 != tmp[1]=10.[0m[0m
[0m[0m
So [38;5;10mpack0_32[0m CANNOT be just the 0-bit version. It must be a generic dispatcher.[0m[0m
[0m[0m
OK, I'm now confident: [38;5;10mpack0_32[0m, [38;5;10munpack0_32[0m, etc. are meant to be generic dispatch functions. They need to determine the bit width and call the appropriate implementation. But [38;5;10munpack0_32[0m can't determine the bit width from the packed data alone without some metadata...[0m[0m
[0m[0m
Unless [38;5;10mpack0_32[0m stores metadata (like the forLib compress functions do), and [38;5;10munpack0_32[0m reads it. But then the byte counts would include the metadata, and [38;5;10mfor_select_bits[0m (which doesn't expect metadata) would fail.[0m[0m
[0m[0m
Let me look at the test one more time:[0m[0m
[0m[0m
[1mrust
[0m[38;5;10mfor i in 0..length {
    verify(in_data[i as usize] == forLib::for_select_bits(&out, base, bits, i), ...);
}
[0m[0m[0m
[0m[0m
[38;5;10mfor_select_bits[0m is called with [38;5;10m&out[0m (the packed data), [38;5;10mbase[0m, [38;5;10mbits[0m, and [38;5;10mi[0m. It expects raw packed data without metadata. So [38;5;10mpack0_32[0m must produce raw packed data (no metadata), and [38;5;10mfor_select_bits[0m uses the [38;5;10mbits[0m parameter to decode.[0m[0m
[0m[0m
But then [38;5;10munpack0_32[0m doesn't have [38;5;10mbits[0m... This is a contradiction unless [38;5;10munpack0_32[0m stores the bit width somewhere that [38;5;10munpack0_32[0m can read.[0m[0m
[0m[0m
Actually, wait. Let me re-read the Rust test verify:[0m[0m
[1mrust
[0m[38;5;10mverify(s1 == s2, file!(), line!());
[0m[0m[0m
[0m[0m
What if [38;5;10ms1[0m and [38;5;10ms2[0m are both the byte count, and the test just verifies they're equal? If [38;5;10mpack0_32[0m stores metadata and [38;5;10munpack0_32[0m reads it, both would return the same byte count (including metadata). But then [38;5;10mfor_select_bits(&out, base, bits, i)[0m would fail because [38;5;10mout[0m has metadata prefix.[0m[0m
[0m[0m
I'm going in circles. Let me just try the simplest interpretation: [38;5;10mpack0_32[0m is a generic pack function that computes bits from data, and [38;5;10munpack0_32[0m reads the bit count from a small header. Let me check if the test's [38;5;10mfor_select_bits[0m call would still work...[0m[0m
[0m[0m
Actually, I just realized something. Let me look at the Rust test's [38;5;10mlowlevel_block_func[0m more carefully:[0m[0m
[0m[0m
[1mrust
[0m[38;5;10mfn lowlevel_block_func(bits: u32, pack: fn(u32, &[u32], &mut [u8]) -> u32, 
    unpack: fn(u32, &[u8], &mut [u32]) -> u32, in_data: &[u32], base: u32, length: u32) {
    let mut out = vec![0u8; 1024];
    let mut tmp = vec![0u32; 1024];
    let s1 = pack(base, in_data, &mut out);
    let s2 = unpack(base, &out, &mut tmp);
    verify(s1 == s2, file!(), line!());
    verify_array(in_data, &tmp, length as usize);
    for i in 0..length {
        verify(in_data[i as usize] == forLib::for_select_bits(&out, base, bits, i), ...);
    }
[0m[0m[0m
[0m[0m
[38;5;10mfor_select_bits(&out, base, bits, i)[0m — this uses [38;5;10mbits[0m from the outer scope. So the test knows the bit width and passes it to [38;5;10mfor_select_bits[0m. The pack/unpack functions don't need to know bits if they can figure it out.[0m[0m
[0m[0m
OK here's my final theory: [38;5;10mpack0_32[0m computes the required bits from the data, packs accordingly, and stores the bit count as a 1-byte prefix. [38;5;10munpack0_32[0m reads that prefix. The [38;5;10mfor_select_bits[0m call would need to skip that prefix... but it's called with [38;5;10m&out[0m which includes the prefix.[0m[0m
[0m[0m
Hmm, that still doesn't work. Let me try a completely different approach: maybe [38;5;10mpack0_32[0m is supposed to be a function that packs using [38;5;10mfor_compress_bits[0m internally, and [38;5;10munpack0_32[0m uses [38;5;10mfor_uncompress_bits[0m. They would need to store bits somewhere.[0m[0m
[0m[0m
Actually, I just realized I should look at this from the perspective of what would make the test pass. The test does:[0m[0m
[0m[0m
1. [38;5;10ms1 = pack(base, in_data, &mut out)[0m — pack the data[0m[0m
2. [38;5;10ms2 = unpack(base, &out, &mut tmp)[0m — unpack the data[0m[0m
3. [38;5;10mverify(s1 == s2)[0m — byte counts match[0m[0m
4. [38;5;10mverify_array(in_data, &tmp, length)[0m — data matches[0m[0m
5. [38;5;10mfor_select_bits(&out, base, bits, i)[0m — select from packed data using known bits[0m[0m
[0m[0m
For step 5 to work, [38;5;10mout[0m must contain raw bit-packed data (no metadata prefix), because [38;5;10mfor_select_bits[0m doesn't skip any prefix.[0m[0m
[0m[0m
So [38;5;10mpack0_32[0m must produce raw bit-packed data. But then [38;5;10munpack0_32[0m needs to know the bit width...[0m[0m
[0m[0m
Unless [38;5;10mpack0_32[0m stores the bit width at the END of the packed data, or in a side channel. But that's weird.[0m[0m
[0m[0m
OR — and this is the key insight I've been missing — maybe [38;5;10mpack0_32[0m is supposed to compute the required bits from the data, and the byte count returned encodes the bit width implicitly. [38;5;10munpack0_32[0m can compute the bit width from the byte count and the known count of values (32).[0m[0m
[0m[0m
For 32 values packed with B bits: byte_count = (32 [3m B + 7) / 8. Given byte[23mcount and count=32, we can solve for B: B = byte_count [3m 8 / 32 = byte[23mcount / 4. But this only works when 32*B is a multiple of 8, i.e., B is a multiple of... no, (32*B+7)/8 doesn't uniquely determine B in all cases.[0m[0m
[0m[0m
Actually for 32 values: byte_count = (32*B + 7)/8 = 4*B (since 32*B is always divisible by 8). So B = byte_count / 4. That works perfectly![0m[0m
[0m[0m
For 16 values: byte_count = (16*B + 7)/8 = 2*B. So B = byte_count / 2.[0m[0m
[0m[0m
For 8 values: byte_count = (8*B + 7)/8 = B. So B = byte_count.[0m[0m
[0m[0m
For x values (0-7): byte_count = (x*B + 7)/8. This doesn't uniquely determine B given x.[0m[0m
[0m[0m
So for the fixed-size variants (8, 16, 32), the bit width can be inferred from the byte count. For the [3mx variant, it can't.[0m[0m
[0m[0m
But wait, [38;5;10munpack0_x[0m takes a [38;5;10mlength[0m parameter. With both [38;5;10mlength[0m and [38;5;10mbyte_count[0m... hmm, but [38;5;10munpack0_x[0m doesn't receive the byte count as input.[0m[0m
[0m[0m
I think I need to step back and consider: maybe [38;5;10mpack0_32[0m stores a small header (like 1 byte for bits), and the [38;5;10mfor_select_bits[0m test just happens to work because the header byte doesn't affect the bit extraction at the right offsets. But that seems fragile.[0m[0m
[0m[0m
Let me try yet another interpretation. What if [38;5;10mpack0_32[0m is literally the 0-bit pack function, and the Rust test is intentionally different from the C test? The C test uses [38;5;10mfor_pack32[bits][0m (bit-specific), but the Rust test uses [38;5;10mpack0_32[0m for all bits. Maybe the Rust test is designed so that [38;5;10mlowlevel_block_func[0m only tests the [38;5;10mfor_select_bits[0m and [38;5;10mfor_linear_search_bits[0m functions (which take [38;5;10mbits[0m as a parameter), and the pack/unpack part is expected to fail for bits > 0?[0m[0m
[0m[0m
No, that can't be — [38;5;10mverify_array[0m would panic.[0m[0m
[0m[0m
OK, I think the most reasonable interpretation is that [38;5;10mpack0_32[0m and [38;5;10munpack0_32[0m are generic functions that auto-detect bits and store a small header. Let me check if [38;5;10mfor_select_bits[0m would work with a 1-byte header:[0m[0m
[0m[0m
If [38;5;10mpack0_32[0m stores 1 byte of bits count, then [38;5;10mout[0] = bits[0m and the packed data starts at [38;5;10mout[1][0m. When [38;5;10mfor_select_bits(&out, base, bits, 0)[0m is called, it would try to read from [38;5;10mout[0][0m as packed data, which would be wrong.[0m[0m
[0m[0m
Unless... [38;5;10mpack0_32[0m stores the bits count at the END, after the packed data. Then [38;5;10mfor_select_bits(&out, base, bits, i)[0m would work on the packed data at the beginning.[0m[0m
[0m[0m
But [38;5;10munpack0_32[0m would need to know where the packed data ends to find the bits count. It could compute it: [38;5;10mbyte_count = (32 * bits + 7) / 8[0m, but it doesn't know bits...[0m[0m
[0m[0m
I'm going to try a completely different approach. Let me just look at what the Rust test actually expects by tracing through a specific case.[0m[0m
[0m[0m
For [38;5;10mlowlevel_block32(5)[0m:[0m[0m
- [38;5;10min_data = generate_input(10, 32, 5)[0m → values are [38;5;10m10 + (i % 31)[0m for i in 0..32[0m[0m
- [38;5;10mpack0_32(10, &in_data, &mut out)[0m is called[0m[0m
- [38;5;10munpack0_32(10, &out, &mut tmp)[0m is called[0m[0m
- [38;5;10mverify(s1 == s2)[0m — byte counts must match[0m[0m
- [38;5;10mverify_array(&in_data, &tmp, 32)[0m — data must match[0m[0m
- [38;5;10mfor_select_bits(&out, 10, 5, i)[0m must return [38;5;10min_data[i][0m[0m[0m
[0m[0m
For [38;5;10mfor_select_bits[0m to work correctly, [38;5;10mout[0m must contain the data packed with 5 bits per value, starting at byte 0. So [38;5;10mpack0_32[0m must pack with the correct number of bits and NOT add any header.[0m[0m
[0m[0m
For [38;5;10munpack0_32[0m to work, it must unpack with the correct number of bits. Since it doesn't receive [38;5;10mbits[0m as a parameter, it must infer it. For 32 values, [38;5;10mbyte_count = 4 * bits[0m, so [38;5;10mbits = byte_count / 4[0m. But [38;5;10munpack0_32[0m doesn't receive [38;5;10mbyte_count[0m either — it receives the packed bytes.[0m[0m
[0m[0m
Wait — [38;5;10munpack0_32[0m could look at the length of the input slice! In Rust, [38;5;10minput: &[u8][0m carries the length. If [38;5;10mpack0_32[0m returns [38;5;10ms1 = 4 * bits = 20[0m bytes, and the test creates [38;5;10mout = vec![0u8; 1024][0m, then [38;5;10munpack0_32[0m receives [38;5;10m&out[0m which is 1024 bytes, not 20.[0m[0m
[0m[0m
Hmm. So [38;5;10munpack0_32[0m can't use the slice length to determine bits.[0m[0m
[0m[0m
I think the only remaining possibility is that [38;5;10mpack0_32[0m computes the required bits from the data and stores it somewhere in the output that doesn't interfere with [38;5;10mfor_select_bits[0m. Let me check: what if it stores bits in the LAST byte(s) of the output?[0m[0m
[0m[0m
For 32 values with 5 bits: packed size = 20 bytes. If [38;5;10mpack0_32[0m writes 20 bytes of packed data + 1 byte of bits count = 21 bytes total, returning 21. Then [38;5;10mfor_select_bits(&out, 10, 5, i)[0m reads from the first 20 bytes — correct. And [38;5;10munpack0_32[0m reads the last byte to get bits=5, then unpacks the first 20 bytes.[0m[0m
[0m[0m
But [38;5;10mverify(s1 == s2)[0m requires both to return 21. And [38;5;10mfor_compressed_size_bits(32, 5)[0m returns 20, not 21. The high-level tests compare compressed sizes, so this would break.[0m[0m
[0m[0m
Actually, the high-level tests use [38;5;10mforLib::for_compress_sorted[0m etc., not [38;5;10mpack0_32[0m. So the byte counts from [38;5;10mpack0_32[0m don't need to match [38;5;10mfor_compressed_size_bits[0m.[0m[0m
[0m[0m
Let me try this approach: [38;5;10mpack0_32[0m computes bits, packs data, appends 1 byte for bits count, returns total bytes. [38;5;10munpack0_32[0m reads the bits from the end, unpacks, returns same total bytes.[0m[0m
[0m[0m
But how does [38;5;10munpack0_32[0m know where the end is? It would need to know the byte count... which it doesn't have.[0m[0m
[0m[0m
OK, what if the bits byte is at the BEGINNING? [38;5;10mpack0_32[0m writes [38;5;10mout[0] = bits[0m, then packs data starting at [38;5;10mout[1][0m. Returns [38;5;10m1 + packed_size[0m. [38;5;10munpack0_32[0m reads [38;5;10mbits = input[0][0m, unpacks from [38;5;10minput[1..][0m. Returns [38;5;10m1 + packed_size[0m.[0m[0m
[0m[0m
Then [38;5;10mfor_select_bits(&out, 10, 5, i)[0m would read from [38;5;10mout[0][0m which is [38;5;10m5[0m (the bits count), not packed data. For index 0 with 5 bits, it would read the first u32 from [38;5;10mout[0m as [38;5;10m0x00000005[0m (little-endian, since out[0]=5, out[1..4]=packed data). The extracted value would be [38;5;10m(0x00000005 >> 0) & 0x1F = 5[0m, so [38;5;10mbase + 5 = 15[0m. But [38;5;10min_data[0] = 10 + (0 % 31) = 10[0m. So 15 ≠ 10. FAIL.[0m[0m
[0m[0m
So prefix doesn't work either.[0m[0m
[0m[0m
I'm stuck. Let me re-examine the Rust test one more time very carefully:[0m[0m
[0m[0m
[1mrust
[0m[38;5;10mfn lowlevel_block32(bits: u32) {
    let in_data = generate_input(10, 32, bits);
    println!("lowlevel pack/unpack 32 ints, {:2} bits", bits);
    lowlevel_block_func(bits, for_gen::pack0_32, for_gen::unpack0_32, &in_data, 10, 32);
}
[0m[0m[0m
[0m[0m
Wait... what if [38;5;10mpack0_32[0m is not the 0-bit version but rather a GENERIC pack function for 32 values? The [38;5;10m0[0m might just be part of the naming convention to distinguish it from the bit-specific versions. And the function determines the bit width from the data.[0m[0m
[0m[0m
For [38;5;10mfor_select_bits[0m to work, the output must be raw packed data. For [38;5;10munpack0_32[0m to work without knowing bits, it must infer bits from the byte count. But it doesn't have the byte count...[0m[0m
[0m[0m
UNLESS the function uses a different strategy: [38;5;10munpack0_32[0m tries all possible bit widths and picks the one that produces valid results? That's absurd.[0m[0m
[0m[0m
Let me try one more thing: what if [38;5;10mpack0_32[0m stores the bits in the first byte, and [38;5;10mfor_select_bits[0m is implemented to skip that first byte? Let me check the [38;5;10mfor_select_bits[0m signature:[0m[0m
[0m[0m
[1mrust
[0m[38;5;10mpub fn for_select_bits(input: &[u8], base: u32, bits: u32, index: u32) -> u32
[0m[0m[0m
[0m[0m
If I implement [38;5;10mfor_select_bits[0m to skip the first byte (treating it as a bits header), then [38;5;10mfor_select_bits(&out, 10, 5, 0)[0m would read from [38;5;10mout[1..][0m which is the actual packed data. That would work![0m[0m
[0m[0m
But then [38;5;10mfor_select_bits[0m wouldn't match the C behavior, and the high-level tests (which use [38;5;10mfor_select[0m → [38;5;10mfor_select_bits[0m with metadata-prefixed data) would break.[0m[0m
[0m[0m
Actually wait — [38;5;10mfor_select[0m already skips METADATA (5 bytes: 4 for base + 1 for bits). And [38;5;10mfor_select_bits[0m in C works on raw packed data without any prefix. So [38;5;10mfor_select_bits[0m must work on raw data.[0m[0m
[0m[0m
I think I've been overthinking this. Let me look at the problem from the implementation side. The [38;5;10mpack0_32[0m function needs to:[0m[0m
1. Pack 32 values with the right number of bits[0m[0m
2. Produce output compatible with [38;5;10mfor_select_bits[0m[0m[0m
3. Be invertible by [38;5;10munpack0_32[0m[0m[0m
[0m[0m
The ONLY way this works is if [38;5;10mpack0_32[0m computes bits from data, packs raw, and [38;5;10munpack0_32[0m infers bits from the byte count. For 32 values: [38;5;10mbytes = (32 * bits + 7) / 8 = 4 * bits[0m. So [38;5;10mbits = bytes / 4[0m. But [38;5;10munpack0_32[0m doesn't know [38;5;10mbytes[0m...[0m[0m
[0m[0m
WAIT. What if [38;5;10mpack0_32[0m zeros out the rest of the output buffer, and [38;5;10munpack0_32[0m can determine the packed size by looking at trailing zeros? No, that's unreliable.[0m[0m
[0m[0m
Let me try the simplest possible thing: [38;5;10mpack0_32[0m computes bits and stores it as the first byte, and ALL the for[23mgen functions (including the bit-specific ones) expect this 1-byte prefix. Then [38;5;10mfor_select_bits[0m in forLib would also need to handle this. But the C [38;5;10mfor_select_bits[0m doesn't have a prefix...[0m[0m
[0m[0m
Actually, you know what, let me just look at what the Rust test ACTUALLY does with the return values and see if there's a way to make it work with a 1-byte prefix:[0m[0m
[0m[0m
[1mrust
[0m[38;5;10mlet s1 = pack(base, in_data, &mut out);
let s2 = unpack(base, &out, &mut tmp);
verify(s1 == s2, file!(), line!());
verify_array(in_data, &tmp, length as usize);
for i in 0..length {
    verify(in_data[i as usize] == forLib::for_select_bits(&out, base, bits, i), file!(), line!());
}
[0m[0m[0m
[0m[0m
If [38;5;10mpack0_32[0m stores bits as first byte and returns [38;5;10m1 + packed_bytes[0m, and [38;5;10mfor_select_bits[0m is implemented to work on raw data (no prefix), then [38;5;10mfor_select_bits(&out, base, bits, i)[0m would read from [38;5;10mout[0][0m which contains the bits count byte, not packed data. This would fail.[0m[0m
[0m[0m
UNLESS I implement [38;5;10mfor_select_bits[0m to skip the first byte. But then the high-level [38;5;10mfor_select[0m (which adds METADATA=5 bytes) would need to pass [38;5;10m&input[5..][0m to [38;5;10mfor_select_bits[0m, and [38;5;10mfor_select_bits[0m would skip another byte, reading from [38;5;10minput[6..][0m. That would be wrong.[0m[0m
[0m[0m
I think the answer must be simpler. Let me re-examine the assumption that [38;5;10mpack0_32[0m is called for all bit widths. Let me trace through [38;5;10mgenerate_input[0m for each bits value:[0m[0m
[0m[0m
- bits=0: [38;5;10min_data[i] = base[0m (all same). pack0_32 returns 0, unpack0_32 fills with base, returns 0. ✓[0m[0m
- bits=1: [38;5;10mmax = 1[0m, [38;5;10mi % 1 = 0[0m always. [38;5;10min_data[i] = base[0m. Same as bits=0. ✓[0m[0m
- bits=2: [38;5;10mmax = 3[0m, [38;5;10mi % 3 = 0,1,2,0,1,2,...[0m. [38;5;10min_data = [10,11,12,10,11,12,...][0m. pack0_32 (0-bit) returns 0, unpack0_32 fills with 10. verify_array FAILS because in_data[1]=11 ≠ tmp[1]=10.[0m[0m
[0m[0m
So if [38;5;10mpack0_32[0m is literally the 0-bit version, the test fails for bits=2. Therefore [38;5;10mpack0_32[0m MUST be a generic function.[0m[0m
[0m[0m
The only remaining possibility I can think of: [38;5;10mpack0_32[0m and [38;5;10munpack0_32[0m use a shared global/static variable to communicate the bit width. [38;5;10mpack0_32[0m computes bits, stores it in a global, packs raw data. [38;5;10munpack0_32[0m reads the global. This is ugly but would work.[0m[0m
[0m[0m
Or... [38;5;10mpack0_32[0m stores the bits in the first byte of output, and I implement [38;5;10mfor_select_bits[0m to also skip the first byte. And in [38;5;10mfor_select[0m, I pass [38;5;10m&input[METADATA..][0m to [38;5;10mfor_select_bits[0m, which then skips 1 more byte. So the total skip is METADATA+1=6 bytes. But the C code only skips METADATA=5 bytes...[0m[0m
[0m[0m
Actually, let me reconsider. What if the Rust [38;5;10mfor_select_bits[0m is supposed to work differently from the C version? The Rust version could expect a 1-byte bits prefix, while the C version doesn't. The high-level [38;5;10mfor_select[0m would then pass [38;5;10m&input[4..][0m (skipping only the 4-byte base), and [38;5;10mfor_select_bits[0m would read bits from [38;5;10minput[0][0m and packed data from [38;5;10minput[1..][0m.[0m[0m
[0m[0m
Let me check: in the C code, [38;5;10mfor_select[0m does:[0m[0m
[1mc
[0m[38;5;10mm = *(uint32_t *)(in + 0);  // 4 bytes for base
b = *(in + 4);               // 1 byte for bits
return for_select_bits(in + METADATA, m, b, index);  // METADATA = 5
[0m[0m[0m
[0m[0m
So [38;5;10mfor_select_bits[0m receives raw packed data (after 5-byte metadata). In the Rust version, if [38;5;10mfor_select_bits[0m expects a 1-byte bits prefix, then [38;5;10mfor_select[0m would need to pass [38;5;10m&input[4..][0m (skipping only base), and [38;5;10mfor_select_bits[0m would read bits from byte 0 and data from byte 1. That would make METADATA effectively 4+1=5, same total. But the Rust [38;5;10mfor_select[0m signature takes [38;5;10mbits[0m as a parameter... wait, no, [38;5;10mfor_select[0m doesn't take [38;5;10mbits[0m:[0m[0m
[0m[0m
[1mrust
[0m[38;5;10mpub fn for_select(input: &[u8], index: u32) -> u32
[0m[0m[0m
[0m[0m
And [38;5;10mfor_select_bits[0m:[0m[0m
[1mrust
[0m[38;5;10mpub fn for_select_bits(input: &[u8], base: u32, bits: u32, index: u32) -> u32
[0m[0m[0m
[0m[0m
[38;5;10mfor_select_bits[0m takes [38;5;10mbits[0m as a parameter! So it doesn't need to read it from the data. It should work on raw packed data, just like the C version.[0m[0m
[0m[0m
I'm going to take a completely different approach. Let me just implement [38;5;10mpack0_32[0m as a generic function that stores a 1-byte bits header, implement [38;5;10munpack0_32[0m to read it, and implement [38;5;10mfor_select_bits[0m to work on raw packed data (no header). Then in the test:[0m[0m
[0m[0m
[1mrust
[0m[38;5;10mlet s1 = pack(base, in_data, &mut out);  // out = [bits_byte, packed_data...]
for_select_bits(&out, base, bits, i)     // reads from out[0] as packed data
[0m[0m[0m
[0m[0m
This would fail because [38;5;10mfor_select_bits[0m would interpret the bits byte as packed data.[0m[0m
[0m[0m
UNLESS... I make [38;5;10mpack0_32[0m NOT store a header, and instead make [38;5;10munpack0_32[0m compute bits from the data. But [38;5;10munpack0_32[0m only has the packed bytes and base — it can't determine bits.[0m[0m
[0m[0m
OK, I just had a new idea. What if [38;5;10mpack0_32[0m returns the byte count, and [38;5;10munpack0_32[0m uses the ENTIRE input slice to determine the packed size? The input slice is [38;5;10m&out[0m which is 1024 bytes. So that doesn't help.[0m[0m
[0m[0m
Let me try yet another approach: what if [38;5;10mpack0_32[0m zeros out the output buffer first, then packs? Then [38;5;10munpack0_32[0m could scan for the last non-zero byte to determine the packed size. But this is fragile and wouldn't work for data that packs to zero.[0m[0m
[0m[0m
I think I need to just go with the 1-byte header approach and make [38;5;10mfor_select_bits[0m handle it. Wait, but [38;5;10mfor_select_bits[0m is also called from the high-level [38;5;10mfor_select[0m which passes raw packed data...[0m[0m
[0m[0m
Actually, let me re-read the [38;5;10mfor_select[0m implementation I need to write:[0m[0m
[0m[0m
[1mrust
[0m[38;5;10mpub fn for_select(input: &[u8], index: u32) -> u32 {
    let m = u32::from_le_bytes([input[0], input[1], input[2], input[3]]);
    let b = input[4] as u32;
    for_select_bits(&input[METADATA as usize..], m, b, index)
}
[0m[0m[0m
[0m[0m
This passes [38;5;10m&input[5..][0m to [38;5;10mfor_select_bits[0m. If [38;5;10mfor_select_bits[0m works on raw packed data, this is correct.[0m[0m
[0m[0m
And in the test:[0m[0m
[1mrust
[0m[38;5;10mfor_select_bits(&out, base, bits, i)
[0m[0m[0m
[0m[0m
This passes [38;5;10m&out[0m (the full output from [38;5;10mpack0_32[0m). If [38;5;10mpack0_32[0m produces raw packed data (no header), this works. But then [38;5;10munpack0_32[0m can't determine bits...[0m[0m
[0m[0m
I think the REAL answer is that [38;5;10mpack0_32[0m and [38;5;10munpack0_32[0m are meant to be called as a pair, and they use a convention where the packed data implicitly encodes the bit width through the data layout. For 32 values[0m[0m[38;5;12m[1m✓ Created checkpoint 1

[0m[0m
[38;5;8m
 ▸ Credits: 8.41 • Time: 4m 28s

[0m[1G[0m[0m[?25h