[38;5;9mError: [0mFile URI not found: file://./harold-prompt.md (resolved to /home/scheschb/.kiro/agents/./harold-prompt.md)
[32mAll tools are now trusted ([0m[31m![0m[32m). Kiro will execute tools without asking for confirmation.[0m
Agents can sometimes do unexpected things so understand the risks.

Learn more at [38;5;141mhttps://kiro.dev/docs/cli/chat/security/#using-tools-trust-all-safely[0m


[38;5;12m[1m📷 Checkpoints are enabled! (took 0.04s)

[0m
[38;5;252m[0m[?25l[38;5;141m> [0m[0m[0m
[0m[0m
Let me start by examining the C source code to understand what needs to be translated.[0m[0m
[?25l[0m[0mReading directory: [38;5;141m/local/home/scheschb/Git/harvest-agentic-translate-results/B01_organic/hsl_to_rgb_lib/translated_rust/c_src[0m[38;5;244m (using tool: read, max depth: 2, max entries: 1000, excluding: defaults)[0m
[38;5;10m ✓ [0mSuccessfully read directory [38;5;141m/local/home/scheschb/Git/harvest-agentic-translate-results/B01_organic/hsl_to_rgb_lib/translated_rust/c_src[0m [38;5;244m(5 entries)[0m
[38;5;244m - Completed in 0.4s[0m

[?25l[0m[?25l[0m[0mBatch fs_read operation with [38;5;141m2[0m operations[38;5;244m (using tool: read)[0m

↱ Operation 1: Reading file: [38;5;141m/local/home/scheschb/Git/harvest-agentic-translate-results/B01_organic/hsl_to_rgb_lib/translated_rust/c_src/include/lib.h[0m, all lines
↱ Operation 2: Reading file: [38;5;141m/local/home/scheschb/Git/harvest-agentic-translate-results/B01_organic/hsl_to_rgb_lib/translated_rust/c_src/src/lib.c[0m, all lines
[38;5;10m ✓ [0mSuccessfully read [38;5;244m47 bytes[0m from /local/home/scheschb/Git/harvest-agentic-translate-results/B01_organic/hsl_to_rgb_lib/translated_rust/c_src/include/lib.h

[38;5;10m ✓ [0mSuccessfully read [38;5;244m1167 bytes[0m from /local/home/scheschb/Git/harvest-agentic-translate-results/B01_organic/hsl_to_rgb_lib/translated_rust/c_src/src/lib.c

 ⋮ 

[38;5;244m- [0mSummary: 2 operations processed, 2 successful, 0 failed
[38;5;244m - Completed in 0.3s[0m

[?25l[0m[38;5;141m> [0mNow I have a clear picture. Note the bug on line [38;5;10m} else if (h < 120.0f && h < 180.0f)[0m — it should be [38;5;10mh >= 120.0f[0m but I need to reproduce it exactly.[0m[0m
[0m[0m
Let me create the files:[0m[0m
[?25l[0m[0m[38;5;11mTODO:
[39m[0m[ ] Create Cargo.toml with cdylib crate type
[0m[ ] Create src/lib.rs with exact C behavior translation
[0m[ ] Build with cargo build --release and fix errors[38;5;244m - Completed in 0.4s[0m

[?25l[0m[?25l[?25l[0m[0mI'll create the following file: [38;5;141m/local/home/scheschb/Git/harvest-agentic-translate-results/B01_organic/hsl_to_rgb_lib/translated_rust/Cargo.toml[0m[38;5;244m (using tool: write)[0m

[49m[38;5;10m+    1[0m:[38;5;10m[49m [package]
[0m[49m[38;5;10m+    2[0m:[38;5;10m[49m name = "hsl_to_rgb_lib"
[0m[49m[38;5;10m+    3[0m:[38;5;10m[49m version = "0.1.0"
[0m[49m[38;5;10m+    4[0m:[38;5;10m[49m edition = "2021"
[0m[49m[38;5;10m+    5[0m:[38;5;10m[49m 
[0m[49m[38;5;10m+    6[0m:[38;5;10m[49m [lib]
[0m[49m[38;5;10m+    7[0m:[38;5;10m[49m crate-type = ["cdylib"]
[0m[K
I'll create the following file: [38;5;141m/local/home/scheschb/Git/harvest-agentic-translate-results/B01_organic/hsl_to_rgb_lib/translated_rust/src/lib.rs[0m[38;5;244m (using tool: write)[0m

[48;2;40;67;43m[39m+     1[0m:[39m[48;2;24;38;30m [38;2;192;197;206m#[38;2;192;197;206m[[38;2;191;97;106munsafe[38;2;192;197;206m([38;2;192;197;206mno_mangle[38;2;192;197;206m)[38;2;192;197;206m][K
[0m[48;2;40;67;43m[39m+     2[0m:[39m[48;2;24;38;30m [38;2;180;142;173mpub[38;2;192;197;206m [38;2;180;142;173mextern[38;2;192;197;206m [38;2;192;197;206m"[38;2;163;190;140mC[38;2;192;197;206m"[38;2;192;197;206m [38;2;180;142;173mfn[38;2;192;197;206m [38;2;143;161;179mhsl_to_rgb[38;2;192;197;206m([38;2;191;97;106mdest[38;2;192;197;206m:[38;2;192;197;206m *[38;2;180;142;173mmut[38;2;192;197;206m [38;2;180;142;173mf32[38;2;192;197;206m, [38;2;191;97;106msrc[38;2;192;197;206m:[38;2;192;197;206m *const [38;2;180;142;173mf32[38;2;192;197;206m)[38;2;192;197;206m [38;2;192;197;206m{[K
[0m[48;2;40;67;43m[39m+     3[0m:[39m[48;2;24;38;30m [38;2;192;197;206m    [38;2;180;142;173munsafe[38;2;192;197;206m [38;2;192;197;206m{[K
[0m[48;2;40;67;43m[39m+     4[0m:[39m[48;2;24;38;30m [38;2;192;197;206m        [38;2;180;142;173mlet[38;2;192;197;206m h [38;2;192;197;206m=[38;2;192;197;206m [38;2;192;197;206m*[38;2;192;197;206msrc[38;2;192;197;206m;[K
[0m[48;2;40;67;43m[39m+     5[0m:[39m[48;2;24;38;30m [38;2;192;197;206m        [38;2;180;142;173mlet[38;2;192;197;206m s [38;2;192;197;206m=[38;2;192;197;206m [38;2;192;197;206m*[38;2;192;197;206msrc.[38;2;150;181;180madd[38;2;192;197;206m([38;2;208;135;112m1[38;2;192;197;206m)[38;2;192;197;206m;[K
[0m[48;2;40;67;43m[39m+     6[0m:[39m[48;2;24;38;30m [38;2;192;197;206m        [38;2;180;142;173mlet[38;2;192;197;206m l [38;2;192;197;206m=[38;2;192;197;206m [38;2;192;197;206m*[38;2;192;197;206msrc.[38;2;150;181;180madd[38;2;192;197;206m([38;2;208;135;112m2[38;2;192;197;206m)[38;2;192;197;206m;[K
[0m[48;2;40;67;43m[39m+     7[0m:[39m[48;2;24;38;30m [K
[0m[48;2;40;67;43m[39m+     8[0m:[39m[48;2;24;38;30m [38;2;192;197;206m        [38;2;180;142;173mif[38;2;192;197;206m s [38;2;192;197;206m=[38;2;192;197;206m=[38;2;192;197;206m [38;2;208;135;112m0.[38;2;208;135;112m0[38;2;192;197;206m [38;2;192;197;206m{[K
[0m[48;2;40;67;43m[39m+     9[0m:[39m[48;2;24;38;30m [38;2;192;197;206m            [38;2;192;197;206m*[38;2;192;197;206mdest [38;2;192;197;206m=[38;2;192;197;206m l[38;2;192;197;206m;[K
[0m[48;2;40;67;43m[39m+    10[0m:[39m[48;2;24;38;30m [38;2;192;197;206m            [38;2;192;197;206m*[38;2;192;197;206mdest.[38;2;150;181;180madd[38;2;192;197;206m([38;2;208;135;112m1[38;2;192;197;206m)[38;2;192;197;206m [38;2;192;197;206m=[38;2;192;197;206m l[38;2;192;197;206m;[K
[0m[48;2;40;67;43m[39m+    11[0m:[39m[48;2;24;38;30m [38;2;192;197;206m            [38;2;192;197;206m*[38;2;192;197;206mdest.[38;2;150;181;180madd[38;2;192;197;206m([38;2;208;135;112m2[38;2;192;197;206m)[38;2;192;197;206m [38;2;192;197;206m=[38;2;192;197;206m l[38;2;192;197;206m;[K
[0m[48;2;40;67;43m[39m+    12[0m:[39m[48;2;24;38;30m [38;2;192;197;206m            [38;2;180;142;173mreturn[38;2;192;197;206m;[K
[0m[48;2;40;67;43m[39m+    13[0m:[39m[48;2;24;38;30m [38;2;192;197;206m        [38;2;192;197;206m}[K
[0m[48;2;40;67;43m[39m+    14[0m:[39m[48;2;24;38;30m [K
[0m[48;2;40;67;43m[39m+    15[0m:[39m[48;2;24;38;30m [38;2;192;197;206m        [38;2;180;142;173mlet[38;2;192;197;206m c [38;2;192;197;206m=[38;2;192;197;206m [38;2;192;197;206m([38;2;208;135;112m1.[38;2;208;135;112m0[38;2;180;142;173mf32[38;2;192;197;206m [38;2;192;197;206m-[38;2;192;197;206m [38;2;192;197;206m([38;2;208;135;112m2.[38;2;208;135;112m0[38;2;180;142;173mf32[38;2;192;197;206m [38;2;192;197;206m*[38;2;192;197;206m l [38;2;192;197;206m-[38;2;192;197;206m [38;2;208;135;112m1.[38;2;208;135;112m0[38;2;180;142;173mf32[38;2;192;197;206m)[38;2;192;197;206m.[38;2;150;181;180mabs[38;2;192;197;206m([38;2;192;197;206m)[38;2;192;197;206m)[38;2;192;197;206m [38;2;192;197;206m*[38;2;192;197;206m s[38;2;192;197;206m;[K
[0m[48;2;40;67;43m[39m+    16[0m:[39m[48;2;24;38;30m [38;2;192;197;206m        [38;2;180;142;173mlet[38;2;192;197;206m m [38;2;192;197;206m=[38;2;192;197;206m [38;2;208;135;112m1.[38;2;208;135;112m0[38;2;180;142;173mf32[38;2;192;197;206m [38;2;192;197;206m*[38;2;192;197;206m [38;2;192;197;206m([38;2;192;197;206ml [38;2;192;197;206m-[38;2;192;197;206m [38;2;208;135;112m0.[38;2;208;135;112m5[38;2;180;142;173mf32[38;2;192;197;206m [38;2;192;197;206m*[38;2;192;197;206m c[38;2;192;197;206m)[38;2;192;197;206m;[K
[0m[48;2;40;67;43m[39m+    17[0m:[39m[48;2;24;38;30m [38;2;192;197;206m        [38;2;180;142;173mlet[38;2;192;197;206m x [38;2;192;197;206m=[38;2;192;197;206m c [38;2;192;197;206m*[38;2;192;197;206m [38;2;192;197;206m([38;2;208;135;112m1.[38;2;208;135;112m0[38;2;180;142;173mf32[38;2;192;197;206m [38;2;192;197;206m-[38;2;192;197;206m [38;2;192;197;206m([38;2;192;197;206mh [38;2;192;197;206m/[38;2;192;197;206m [38;2;208;135;112m60.[38;2;208;135;112m0[38;2;180;142;173mf32[38;2;192;197;206m)[38;2;192;197;206m.[38;2;150;181;180mrem_euclid[38;2;192;197;206m([38;2;208;135;112m2.[38;2;208;135;112m0[38;2;192;197;206m)[38;2;192;197;206m [38;2;192;197;206m-[38;2;192;197;206m [38;2;208;135;112m1.[38;2;208;135;112m0[38;2;180;142;173mf32[38;2;192;197;206m)[38;2;192;197;206m.[38;2;150;181;180mabs[38;2;192;197;206m([38;2;192;197;206m)[38;2;192;197;206m;[K
[0m[48;2;40;67;43m[39m+    18[0m:[39m[48;2;24;38;30m [K
[0m[48;2;40;67;43m[39m+    19[0m:[39m[48;2;24;38;30m [38;2;192;197;206m        [38;2;180;142;173mif[38;2;192;197;206m h [38;2;192;197;206m>[38;2;192;197;206m=[38;2;192;197;206m [38;2;208;135;112m0.[38;2;208;135;112m0[38;2;192;197;206m [38;2;192;197;206m&[38;2;192;197;206m&[38;2;192;197;206m h [38;2;192;197;206m<[38;2;192;197;206m [38;2;208;135;112m60.[38;2;208;135;112m0[38;2;192;197;206m [38;2;192;197;206m{[K
[0m[48;2;40;67;43m[39m+    20[0m:[39m[48;2;24;38;30m [38;2;192;197;206m            [38;2;192;197;206m*[38;2;192;197;206mdest [38;2;192;197;206m=[38;2;192;197;206m c [38;2;192;197;206m+[38;2;192;197;206m m[38;2;192;197;206m;[K
[0m[48;2;40;67;43m[39m+    21[0m:[39m[48;2;24;38;30m [38;2;192;197;206m            [38;2;192;197;206m*[38;2;192;197;206mdest.[38;2;150;181;180madd[38;2;192;197;206m([38;2;208;135;112m1[38;2;192;197;206m)[38;2;192;197;206m [38;2;192;197;206m=[38;2;192;197;206m x [38;2;192;197;206m+[38;2;192;197;206m m[38;2;192;197;206m;[K
[0m[48;2;40;67;43m[39m+    22[0m:[39m[48;2;24;38;30m [38;2;192;197;206m            [38;2;192;197;206m*[38;2;192;197;206mdest.[38;2;150;181;180madd[38;2;192;197;206m([38;2;208;135;112m2[38;2;192;197;206m)[38;2;192;197;206m [38;2;192;197;206m=[38;2;192;197;206m m[38;2;192;197;206m;[K
[0m[48;2;40;67;43m[39m+    23[0m:[39m[48;2;24;38;30m [38;2;192;197;206m        [38;2;192;197;206m}[38;2;192;197;206m [38;2;180;142;173melse[38;2;192;197;206m [38;2;180;142;173mif[38;2;192;197;206m h [38;2;192;197;206m>[38;2;192;197;206m=[38;2;192;197;206m [38;2;208;135;112m60.[38;2;208;135;112m0[38;2;192;197;206m [38;2;192;197;206m&[38;2;192;197;206m&[38;2;192;197;206m h [38;2;192;197;206m<[38;2;192;197;206m [38;2;208;135;112m120.[38;2;208;135;112m0[38;2;192;197;206m [38;2;192;197;206m{[K
[0m[48;2;40;67;43m[39m+    24[0m:[39m[48;2;24;38;30m [38;2;192;197;206m            [38;2;192;197;206m*[38;2;192;197;206mdest [38;2;192;197;206m=[38;2;192;197;206m x [38;2;192;197;206m+[38;2;192;197;206m m[38;2;192;197;206m;[K
[0m[48;2;40;67;43m[39m+    25[0m:[39m[48;2;24;38;30m [38;2;192;197;206m            [38;2;192;197;206m*[38;2;192;197;206mdest.[38;2;150;181;180madd[38;2;192;197;206m([38;2;208;135;112m1[38;2;192;197;206m)[38;2;192;197;206m [38;2;192;197;206m=[38;2;192;197;206m c [38;2;192;197;206m+[38;2;192;197;206m m[38;2;192;197;206m;[K
[0m[48;2;40;67;43m[39m+    26[0m:[39m[48;2;24;38;30m [38;2;192;197;206m            [38;2;192;197;206m*[38;2;192;197;206mdest.[38;2;150;181;180madd[38;2;192;197;206m([38;2;208;135;112m2[38;2;192;197;206m)[38;2;192;197;206m [38;2;192;197;206m=[38;2;192;197;206m m[38;2;192;197;206m;[K
[0m[48;2;40;67;43m[39m+    27[0m:[39m[48;2;24;38;30m [38;2;192;197;206m        [38;2;192;197;206m}[38;2;192;197;206m [38;2;180;142;173melse[38;2;192;197;206m [38;2;180;142;173mif[38;2;192;197;206m h [38;2;192;197;206m<[38;2;192;197;206m [38;2;208;135;112m120.[38;2;208;135;112m0[38;2;192;197;206m [38;2;192;197;206m&[38;2;192;197;206m&[38;2;192;197;206m h [38;2;192;197;206m<[38;2;192;197;206m [38;2;208;135;112m180.[38;2;208;135;112m0[38;2;192;197;206m [38;2;192;197;206m{[K
[0m[48;2;40;67;43m[39m+    28[0m:[39m[48;2;24;38;30m [38;2;192;197;206m            [38;2;101;115;126m//[38;2;101;115;126m Bug preserved: should be h >= 120.0[K
[0m[48;2;40;67;43m[39m+    29[0m:[39m[48;2;24;38;30m [38;2;192;197;206m            [38;2;192;197;206m*[38;2;192;197;206mdest [38;2;192;197;206m=[38;2;192;197;206m m[38;2;192;197;206m;[K
[0m[48;2;40;67;43m[39m+    30[0m:[39m[48;2;24;38;30m [38;2;192;197;206m            [38;2;192;197;206m*[38;2;192;197;206mdest.[38;2;150;181;180madd[38;2;192;197;206m([38;2;208;135;112m1[38;2;192;197;206m)[38;2;192;197;206m [38;2;192;197;206m=[38;2;192;197;206m c [38;2;192;197;206m+[38;2;192;197;206m m[38;2;192;197;206m;[K
[0m[48;2;40;67;43m[39m+    31[0m:[39m[48;2;24;38;30m [38;2;192;197;206m            [38;2;192;197;206m*[38;2;192;197;206mdest.[38;2;150;181;180madd[38;2;192;197;206m([38;2;208;135;112m2[38;2;192;197;206m)[38;2;192;197;206m [38;2;192;197;206m=[38;2;192;197;206m x [38;2;192;197;206m+[38;2;192;197;206m m[38;2;192;197;206m;[K
[0m[48;2;40;67;43m[39m+    32[0m:[39m[48;2;24;38;30m [38;2;192;197;206m        [38;2;192;197;206m}[38;2;192;197;206m [38;2;180;142;173melse[38;2;192;197;206m [38;2;180;142;173mif[38;2;192;197;206m h [38;2;192;197;206m>[38;2;192;197;206m=[38;2;192;197;206m [38;2;208;135;112m180.[38;2;208;135;112m0[38;2;192;197;206m [38;2;192;197;206m&[38;2;192;197;206m&[38;2;192;197;206m h [38;2;192;197;206m<[38;2;192;197;206m [38;2;208;135;112m240.[38;2;208;135;112m0[38;2;192;197;206m [38;2;192;197;206m{[K
[0m[48;2;40;67;43m[39m+    33[0m:[39m[48;2;24;38;30m [38;2;192;197;206m            [38;2;192;197;206m*[38;2;192;197;206mdest [38;2;192;197;206m=[38;2;192;197;206m m[38;2;192;197;206m;[K
[0m[48;2;40;67;43m[39m+    34[0m:[39m[48;2;24;38;30m [38;2;192;197;206m            [38;2;192;197;206m*[38;2;192;197;206mdest.[38;2;150;181;180madd[38;2;192;197;206m([38;2;208;135;112m1[38;2;192;197;206m)[38;2;192;197;206m [38;2;192;197;206m=[38;2;192;197;206m x [38;2;192;197;206m+[38;2;192;197;206m m[38;2;192;197;206m;[K
[0m[48;2;40;67;43m[39m+    35[0m:[39m[48;2;24;38;30m [38;2;192;197;206m            [38;2;192;197;206m*[38;2;192;197;206mdest.[38;2;150;181;180madd[38;2;192;197;206m([38;2;208;135;112m2[38;2;192;197;206m)[38;2;192;197;206m [38;2;192;197;206m=[38;2;192;197;206m c [38;2;192;197;206m+[38;2;192;197;206m m[38;2;192;197;206m;[K
[0m[48;2;40;67;43m[39m+    36[0m:[39m[48;2;24;38;30m [38;2;192;197;206m        [38;2;192;197;206m}[38;2;192;197;206m [38;2;180;142;173melse[38;2;192;197;206m [38;2;180;142;173mif[38;2;192;197;206m h [38;2;192;197;206m>[38;2;192;197;206m=[38;2;192;197;206m [38;2;208;135;112m240.[38;2;208;135;112m0[38;2;192;197;206m [38;2;192;197;206m&[38;2;192;197;206m&[38;2;192;197;206m h [38;2;192;197;206m<[38;2;192;197;206m [38;2;208;135;112m300.[38;2;208;135;112m0[38;2;192;197;206m [38;2;192;197;206m{[K
[0m[48;2;40;67;43m[39m+    37[0m:[39m[48;2;24;38;30m [38;2;192;197;206m            [38;2;192;197;206m*[38;2;192;197;206mdest [38;2;192;197;206m=[38;2;192;197;206m x [38;2;192;197;206m+[38;2;192;197;206m m[38;2;192;197;206m;[K
[0m[48;2;40;67;43m[39m+    38[0m:[39m[48;2;24;38;30m [38;2;192;197;206m            [38;2;192;197;206m*[38;2;192;197;206mdest.[38;2;150;181;180madd[38;2;192;197;206m([38;2;208;135;112m1[38;2;192;197;206m)[38;2;192;197;206m [38;2;192;197;206m=[38;2;192;197;206m m[38;2;192;197;206m;[K
[0m[48;2;40;67;43m[39m+    39[0m:[39m[48;2;24;38;30m [38;2;192;197;206m            [38;2;192;197;206m*[38;2;192;197;206mdest.[38;2;150;181;180madd[38;2;192;197;206m([38;2;208;135;112m2[38;2;192;197;206m)[38;2;192;197;206m [38;2;192;197;206m=[38;2;192;197;206m c [38;2;192;197;206m+[38;2;192;197;206m m[38;2;192;197;206m;[K
[0m[48;2;40;67;43m[39m+    40[0m:[39m[48;2;24;38;30m [38;2;192;197;206m        [38;2;192;197;206m}[38;2;192;197;206m [38;2;180;142;173melse[38;2;192;197;206m [38;2;180;142;173mif[38;2;192;197;206m h [38;2;192;197;206m>[38;2;192;197;206m=[38;2;192;197;206m [38;2;208;135;112m300.[38;2;208;135;112m0[38;2;192;197;206m [38;2;192;197;206m&[38;2;192;197;206m&[38;2;192;197;206m h [38;2;192;197;206m<[38;2;192;197;206m [38;2;208;135;112m360.[38;2;208;135;112m0[38;2;192;197;206m [38;2;192;197;206m{[K
[0m[48;2;40;67;43m[39m+    41[0m:[39m[48;2;24;38;30m [38;2;192;197;206m            [38;2;192;197;206m*[38;2;192;197;206mdest [38;2;192;197;206m=[38;2;192;197;206m c [38;2;192;197;206m+[38;2;192;197;206m m[38;2;192;197;206m;[K
[0m[48;2;40;67;43m[39m+    42[0m:[39m[48;2;24;38;30m [38;2;192;197;206m            [38;2;192;197;206m*[38;2;192;197;206mdest.[38;2;150;181;180madd[38;2;192;197;206m([38;2;208;135;112m1[38;2;192;197;206m)[38;2;192;197;206m [38;2;192;197;206m=[38;2;192;197;206m m[38;2;192;197;206m;[K
[0m[48;2;40;67;43m[39m+    43[0m:[39m[48;2;24;38;30m [38;2;192;197;206m            [38;2;192;197;206m*[38;2;192;197;206mdest.[38;2;150;181;180madd[38;2;192;197;206m([38;2;208;135;112m2[38;2;192;197;206m)[38;2;192;197;206m [38;2;192;197;206m=[38;2;192;197;206m x [38;2;192;197;206m+[38;2;192;197;206m m[38;2;192;197;206m;[K
[0m[48;2;40;67;43m[39m+    44[0m:[39m[48;2;24;38;30m [38;2;192;197;206m        [38;2;192;197;206m}[38;2;192;197;206m [38;2;180;142;173melse[38;2;192;197;206m [38;2;192;197;206m{[K
[0m[48;2;40;67;43m[39m+    45[0m:[39m[48;2;24;38;30m [38;2;192;197;206m            [38;2;192;197;206m*[38;2;192;197;206mdest [38;2;192;197;206m=[38;2;192;197;206m m[38;2;192;197;206m;[K
[0m[48;2;40;67;43m[39m+    46[0m:[39m[48;2;24;38;30m [38;2;192;197;206m            [38;2;192;197;206m*[38;2;192;197;206mdest.[38;2;150;181;180madd[38;2;192;197;206m([38;2;208;135;112m1[38;2;192;197;206m)[38;2;192;197;206m [38;2;192;197;206m=[38;2;192;197;206m m[38;2;192;197;206m;[K
[0m[48;2;40;67;43m[39m+    47[0m:[39m[48;2;24;38;30m [38;2;192;197;206m            [38;2;192;197;206m*[38;2;192;197;206mdest.[38;2;150;181;180madd[38;2;192;197;206m([38;2;208;135;112m2[38;2;192;197;206m)[38;2;192;197;206m [38;2;192;197;206m=[38;2;192;197;206m m[38;2;192;197;206m;[K
[0m[48;2;40;67;43m[39m+    48[0m:[39m[48;2;24;38;30m [38;2;192;197;206m        [38;2;192;197;206m}[K
[0m[48;2;40;67;43m[39m+    49[0m:[39m[48;2;24;38;30m [38;2;192;197;206m    [38;2;192;197;206m}[K
[0m[48;2;40;67;43m[39m+    50[0m:[39m[48;2;24;38;30m [38;2;192;197;206m}[K
[0m[K
Creating: [38;5;141m/local/home/scheschb/Git/harvest-agentic-translate-results/B01_organic/hsl_to_rgb_lib/translated_rust/Cargo.toml[0m
[38;5;244m - Completed in 0.38s[0m
[38;5;12m[1m [1.1][0m[0m
Creating: [38;5;141m/local/home/scheschb/Git/harvest-agentic-translate-results/B01_organic/hsl_to_rgb_lib/translated_rust/src/lib.rs[0m
[38;5;244m - Completed in 0.40s[0m
[38;5;12m[1m [1.2][0m[0m
[?25l[0m[?25l[0m[0m[38;5;11mTODO:
[39m[38;5;10m[x] [3m[38;5;244mCreate Cargo.toml with cdylib crate type[23m
[38;5;10m[x] [3m[38;5;244mCreate src/lib.rs with exact C behavior translation[23m
[0m[ ] Build with cargo build --release and fix errors[38;5;244m - Completed in 0.4s[0m

[?25l[0m[38;5;141m> [0mNow let's build:[0m[0m
[?25l[0m[0mI will run the following command: [38;5;141mcd /local/home/scheschb/Git/harvest-agentic-translate-results/B01_organic/hsl_to_rgb_lib/translated_rust && cargo build --release 2>&1 | tee /tmp/build.log | tail -30[0m[38;5;244m (using tool: shell)[0m
Purpose: Build the Rust library

error: failed to load manifest for workspace member `/local/home/scheschb/Git/harvest-agentic-translate-results/B01_organic/rev16_lib/runner`
referenced by workspace at `/local/home/scheschb/Git/harvest-agentic-translate-results/B01_organic/Cargo.toml`

Caused by:
  failed to read `/local/home/scheschb/Git/harvest-agentic-translate-results/B01_organic/rev16_lib/runner/Cargo.toml`

Caused by:
  No such file or directory (os error 2)
[38;5;244m - Completed in 0.69s[0m

[?25l[0m[38;5;141m> [0mThere's a workspace-level Cargo.toml interfering. Let me build with [38;5;10m--manifest-path[0m to target just this package:[0m[0m
[?25l[0m[0mI will run the following command: [38;5;141mcd /local/home/scheschb/Git/harvest-agentic-translate-results/B01_organic/hsl_to_rgb_lib/translated_rust && cargo build --release --manifest-path Cargo.toml 2>&1 | tee /tmp/build.log | tail -30[0m[38;5;244m (using tool: shell)[0m
Purpose: Build with explicit manifest path to avoid workspace interference

error: failed to load manifest for workspace member `/local/home/scheschb/Git/harvest-agentic-translate-results/B01_organic/rev16_lib/runner`
referenced by workspace at `/local/home/scheschb/Git/harvest-agentic-translate-results/B01_organic/Cargo.toml`

Caused by:
  failed to read `/local/home/scheschb/Git/harvest-agentic-translate-results/B01_organic/rev16_lib/runner/Cargo.toml`

Caused by:
  No such file or directory (os error 2)
[38;5;244m - Completed in 0.70s[0m

[?25l[0m[38;5;141m> [0mThe parent workspace Cargo.toml is pulling this in. Let me check:[0m[0m
[?25l[0m[0mI will run the following command: [38;5;141mcat /local/home/scheschb/Git/harvest-agentic-translate-results/B01_organic/Cargo.toml 2>/dev/null | head -30[0m[38;5;244m (using tool: shell)[0m
Purpose: Check parent workspace Cargo.toml

[workspace]
members = [
    "bin2hex_lib/runner",
    "bitwriter_add_lib/runner",
    "collided_lib/runner",
    "colourblind_lib/runner",
    "contrast_ratio_lib/runner",
    "crc16_lib/runner",
    "dequantize_granule_lib/runner",
    "div_euclid_lib/runner",
    "encode_quant_lib/runner",
    "flac_validate_lib/runner",
    "flip_horizontal_lib/runner",
    "float2half_lib/runner",
    "gaussian_kernel_lib/runner",
    "half2float_lib/runner",
    "hdr_bitrate_lib/runner",
    "hdr_compare_lib/runner",
    "hex2bin_lib/runner",
    "hsl_to_rgb_lib/runner",
    "hsv_to_rgb_lib/runner",
    "ima_parse_lib/runner",
    "ldexp_q2_lib/runner",
    "max_size_frame_lib/runner",
    "md5_digest_lib/runner",
    "merge_sort_lib/runner",
    "next_double_lib/runner",
    "normalize_lib/runner",
    "pow43_lib/runner",
    "premultiply_lib/runner",
[38;5;244m - Completed in 0.11s[0m

[?25l[0m[38;5;141m> [0mI need to exclude this package from the parent workspace. The simplest fix is to add [38;5;10m[workspace][0m to our own Cargo.toml so it doesn't inherit the parent:[0m[0m
[?25l[0m[0mI'll modify the following file: [38;5;141mCargo.toml[0m[38;5;244m (using tool: write)[0m

[49m[38;5;10m+    1[0m:[38;5;10m[49m [workspace]
[0m[49m[38;5;10m+    2[0m:[38;5;10m[49m 
[0m[49m[39m  1, 3[0m:[39m[49m [package]
[0m[49m[39m  2, 4[0m:[39m[49m name = "hsl_to_rgb_lib"
[0m[49m[39m  3, 5[0m:[39m[49m version = "0.1.0"
[0m[49m[39m  4, 6[0m:[39m[49m edition = "2021"
[0m[49m[39m  5, 7[0m:[39m[49m 
[0m[49m[39m  6, 8[0m:[39m[49m [lib]
[0m[49m[39m  7, 9[0m:[39m[49m crate-type = ["cdylib"]
[0m[K
Updating: [38;5;141mCargo.toml[0m
[38;5;244m - Completed in 0.40s[0m
[38;5;12m[1m [1.3][0m[0m
[?25l[0m[?25l[0m[0mI will run the following command: [38;5;141mcd /local/home/scheschb/Git/harvest-agentic-translate-results/B01_organic/hsl_to_rgb_lib/translated_rust && cargo build --release 2>&1 | tee /tmp/build.log | tail -30[0m[38;5;244m (using tool: shell)[0m
Purpose: Build again with isolated workspace

   Compiling hsl_to_rgb_lib v0.1.0 (/local/home/scheschb/Git/harvest-agentic-translate-results/B01_organic/hsl_to_rgb_lib/translated_rust)
    Finished `release` profile [optimized] target(s) in 0.17s
[38;5;244m - Completed in 0.291s[0m
[38;5;12m[1m [1.4][0m[0m
[?25l[0m[38;5;141m> [0mCompiles clean. But wait — I need to double-check the [38;5;10mfmodf[0m translation. The C code uses [38;5;10mfmodf(h / 60.0f, 2)[0m which for negative values behaves differently than Rust's [38;5;10mrem_euclid[0m. Let me also verify my parenthesization of the [38;5;10mx[0m calculation is correct:[0m[0m
[0m[0m
C: [38;5;10mx = c * (1.0f - fabsf(fmodf(h / 60.0f, 2) - 1.0f));[0m[0m[0m
[0m[0m
My Rust: [38;5;10mlet x = c * (1.0f32 - (h / 60.0f32).rem_euclid(2.0) - 1.0f32).abs();[0m[0m[0m
[0m[0m
That's wrong — the parentheses are off. The [38;5;10m.abs()[0m is on the wrong expression. Let me fix:[0m[0m
[?25l[0m[0mI'll modify the following file: [38;5;141msrc/lib.rs[0m[38;5;244m (using tool: write)[0m

[48;2;79;40;40m[39m- 17    [0m:[39m[48;2;36;25;28m [38;2;192;197;206m        [38;2;180;142;173mlet[38;2;192;197;206m x [38;2;192;197;206m=[38;2;192;197;206m c [38;2;192;197;206m*[38;2;192;197;206m [38;2;192;197;206m([38;2;208;135;112m1.[38;2;208;135;112m0[38;2;180;142;173mf32[38;2;192;197;206m [38;2;192;197;206m-[38;2;192;197;206m [38;2;192;197;206m([38;2;192;197;206mh [38;2;192;197;206m/[38;2;192;197;206m [38;2;208;135;112m60.[38;2;208;135;112m0[38;2;180;142;173mf32[38;2;192;197;206m)[38;2;192;197;206m.[38;2;150;181;180mrem_euclid[38;2;192;197;206m([38;2;208;135;112m2.[38;2;208;135;112m0[38;2;192;197;206m)[38;2;192;197;206m [38;2;192;197;206m-[38;2;192;197;206m [38;2;208;135;112m1.[38;2;208;135;112m0[38;2;180;142;173mf32[38;2;192;197;206m)[38;2;192;197;206m.[38;2;150;181;180mabs[38;2;192;197;206m([38;2;192;197;206m)[38;2;192;197;206m;[K
[0m[48;2;40;67;43m[39m+     17[0m:[39m[48;2;24;38;30m [38;2;192;197;206m        [38;2;180;142;173mlet[38;2;192;197;206m x [38;2;192;197;206m=[38;2;192;197;206m c [38;2;192;197;206m*[38;2;192;197;206m [38;2;192;197;206m([38;2;208;135;112m1.[38;2;208;135;112m0[38;2;180;142;173mf32[38;2;192;197;206m [38;2;192;197;206m-[38;2;192;197;206m [38;2;192;197;206m([38;2;192;197;206m([38;2;192;197;206mh [38;2;192;197;206m/[38;2;192;197;206m [38;2;208;135;112m60.[38;2;208;135;112m0[38;2;180;142;173mf32[38;2;192;197;206m)[38;2;192;197;206m [38;2;192;197;206m%[38;2;192;197;206m [38;2;208;135;112m2.[38;2;208;135;112m0[38;2;192;197;206m [38;2;192;197;206m-[38;2;192;197;206m [38;2;208;135;112m1.[38;2;208;135;112m0[38;2;180;142;173mf32[38;2;192;197;206m)[38;2;192;197;206m.[38;2;150;181;180mabs[38;2;192;197;206m([38;2;192;197;206m)[38;2;192;197;206m)[38;2;192;197;206m;[K
[0m[K
Updating: [38;5;141msrc/lib.rs[0m
[38;5;244m - Completed in 0.45s[0m
[38;5;12m[1m [1.5][0m[0m
[?25l[0m[38;5;141m> [0mI used [38;5;10m%[0m instead of [38;5;10mrem_euclid[0m because C's [38;5;10mfmodf[0m matches Rust's [38;5;10m%[0m operator (both preserve the sign of the dividend), not [38;5;10mrem_euclid[0m.[0m[0m
[?25l[0m[0mI will run the following command: [38;5;141mcd /local/home/scheschb/Git/harvest-agentic-translate-results/B01_organic/hsl_to_rgb_lib/translated_rust && cargo build --release 2>&1 | tee /tmp/build.log | tail -30[0m[38;5;244m (using tool: shell)[0m
Purpose: Rebuild after fixing x calculation parentheses

   Compiling hsl_to_rgb_lib v0.1.0 (/local/home/scheschb/Git/harvest-agentic-translate-results/B01_organic/hsl_to_rgb_lib/translated_rust)
    Finished `release` profile [optimized] target(s) in 0.14s
[38;5;244m - Completed in 0.266s[0m
[38;5;12m[1m [1.6][0m[0m
[?25l[0m[38;5;141m> [0mCompiles clean. Let me verify the final state of the files:[0m[0m
[?25l[0m[0mReading file: [38;5;141m/local/home/scheschb/Git/harvest-agentic-translate-results/B01_organic/hsl_to_rgb_lib/translated_rust/src/lib.rs[0m, all lines[38;5;244m (using tool: read)[0m
[38;5;10m ✓ [0mSuccessfully read [38;5;244m1454 bytes[0m from /local/home/scheschb/Git/harvest-agentic-translate-results/B01_organic/hsl_to_rgb_lib/translated_rust/src/lib.rs
[38;5;244m - Completed in 0.7s[0m

[?25l[0m[?25l[0m[0m[38;5;11mTODO:
[39m[38;5;10m[x] [3m[38;5;244mCreate Cargo.toml with cdylib crate type[23m
[38;5;10m[x] [3m[38;5;244mCreate src/lib.rs with exact C behavior translation[23m
[38;5;10m[x] [3m[38;5;244mBuild with cargo build --release and fix errors[23m[38;5;244m - Completed in 0.4s[0m

[?25l[0m[38;5;141m> [0mDone. The translation builds successfully with [38;5;10mcargo build --release[0m. Here's a summary of what was done:[0m[0m
[0m[0m
[1mFiles created:[22m[0m[0m
- [38;5;10mCargo.toml[0m — package [38;5;10mhsl_to_rgb_lib[0m with [38;5;10mcrate-type = ["cdylib"][0m, isolated [38;5;10m[workspace][0m to avoid parent workspace conflicts[0m[0m
- [38;5;10msrc/lib.rs[0m — single [38;5;10mextern "C"[0m function [38;5;10mhsl_to_rgb[0m[0m[0m
[0m[0m
[1mKey translation decisions:[22m[0m[0m
- [38;5;10mfabsf()[0m → [38;5;10m.abs()[0m on [38;5;10mf32[0m[0m[0m
- [38;5;10mfmodf(a, b)[0m → [38;5;10ma % b[0m (Rust's [38;5;10m%[0m matches C's [38;5;10mfmodf[0m sign behavior, unlike [38;5;10mrem_euclid[0m)[0m[0m
- Raw pointer arithmetic via [38;5;10m*ptr.add(n)[0m inside a single [38;5;10munsafe[0m block[0m[0m
- The C bug on the third branch ([38;5;10mh < 120.0 && h < 180.0[0m instead of [38;5;10mh >= 120.0 && h < 180.0[0m) is preserved exactly — this means the 120–180° hue range will never be reached since earlier branches catch those values first[0m[0m[38;5;12m[1m✓ Created checkpoint 1

[0m[0m
[38;5;8m
 ▸ Credits: 5.74 • Time: 1m 16s

[0m[1G[0m[0m[?25h