[32mAll tools are now trusted ([0m[31m![0m[32m). Kiro will execute tools without asking for confirmation.[0m
Agents can sometimes do unexpected things so understand the risks.

Learn more at [38;5;141mhttps://kiro.dev/docs/cli/chat/security/#using-tools-trust-all-safely[0m


[38;5;12m[1m📷 Checkpoints are enabled! (took 0.03s)

[0m
[38;5;252m[0m[?25l[38;5;141m> [0m[0m[0m
[0m[0m
I'll start by reading all the source files to understand the project structure and the C code that needs to be translated.[0m[0m
[?25l[0m[0mBatch fs_read operation with [38;5;141m2[0m operations[38;5;244m (using tool: read)[0m

↱ Operation 1: Reading directory: [38;5;141m/tmp/harvest-crust-I0LJAe/project[0m
↱ Operation 2: Reading file: [38;5;141m/tmp/harvest-crust-I0LJAe/project/Cargo.toml[0m, all lines
[38;5;10m ✓ [0mSuccessfully read directory [38;5;141m/tmp/harvest-crust-I0LJAe/project[0m [38;5;244m(22 entries)[0m

[38;5;10m ✓ [0mSuccessfully read [38;5;244m170 bytes[0m from /tmp/harvest-crust-I0LJAe/project/Cargo.toml

 ⋮ 

[38;5;244m- [0mSummary: 2 operations processed, 2 successful, 0 failed
[38;5;244m - Completed in 0.48s[0m
[38;5;12m[1m [1.1][0m[0m
[?25l[0m[?25l[0m[0mBatch fs_read operation with [38;5;141m5[0m operations[38;5;244m (using tool: read)[0m

↱ Operation 1: Reading file: [38;5;141m/tmp/harvest-crust-I0LJAe/project/c_src/src/vec.h[0m, all lines
↱ Operation 2: Reading file: [38;5;141m/tmp/harvest-crust-I0LJAe/project/c_src/src/vec.c[0m, all lines
↱ Operation 3: Reading file: [38;5;141m/tmp/harvest-crust-I0LJAe/project/src/lib.rs[0m, all lines
↱ Operation 4: Reading file: [38;5;141m/tmp/harvest-crust-I0LJAe/project/src/vec.rs[0m, all lines
↱ Operation 5: Reading file: [38;5;141m/tmp/harvest-crust-I0LJAe/project/c_src/tests/test.c[0m, all lines
[38;5;10m ✓ [0mSuccessfully read [38;5;244m4098 bytes[0m from /tmp/harvest-crust-I0LJAe/project/c_src/src/vec.h

[38;5;10m ✓ [0mSuccessfully read [38;5;244m2484 bytes[0m from /tmp/harvest-crust-I0LJAe/project/c_src/src/vec.c

[38;5;10m ✓ [0mSuccessfully read [38;5;244m12 bytes[0m from /tmp/harvest-crust-I0LJAe/project/src/lib.rs

[38;5;10m ✓ [0mSuccessfully read [38;5;244m721 bytes[0m from /tmp/harvest-crust-I0LJAe/project/src/vec.rs

[38;5;10m ✓ [0mSuccessfully read [38;5;244m8252 bytes[0m from /tmp/harvest-crust-I0LJAe/project/c_src/tests/test.c

 ⋮ 

[38;5;244m- [0mSummary: 5 operations processed, 5 successful, 0 failed
[38;5;244m - Completed in 0.46s[0m
[38;5;12m[1m [1.2][0m[0m
[?25l[0m[38;5;141m> [0mNow I have a clear picture. The C code is a generic vector library using macros. The Rust interface wraps [38;5;10mVec<T>[0m and exposes functions that match the C behavior. Let me implement all the functions:[0m[0m
[?25l[0m[0mI'll create the following file: [38;5;141msrc/vec.rs[0m[38;5;244m (using tool: write)[0m

[48;2;43;48;59m[39m   1,  1[0m:[39m[48;2;43;48;59m [38;2;101;115;126m//[38;2;101;115;126m Constants[K
[0m[48;2;43;48;59m[39m   2,  2[0m:[39m[48;2;43;48;59m [38;2;180;142;173mpub[38;2;192;197;206m [38;2;180;142;173mconst[38;2;192;197;206m [38;2;208;135;112mVEC_VERSION[38;2;192;197;206m:[38;2;192;197;206m [38;2;192;197;206m&[38;2;180;142;173mstr[38;2;192;197;206m [38;2;192;197;206m=[38;2;192;197;206m [38;2;192;197;206m"[38;2;163;190;140m0.2.1[38;2;192;197;206m"[38;2;192;197;206m;[K
[0m[48;2;43;48;59m[39m   3,  3[0m:[39m[48;2;43;48;59m [38;2;101;115;126m//[38;2;101;115;126m Function Declarations[K
[0m[48;2;79;40;40m[39m-  4    [0m:[39m[48;2;36;25;28m [38;2;180;142;173mpub[38;2;192;197;206m [38;2;180;142;173mfn[38;2;192;197;206m [38;2;143;161;179mvec_insert[38;2;192;197;206m<[38;2;192;197;206mT[38;2;192;197;206m>[38;2;192;197;206m([38;2;191;97;106mdata[38;2;192;197;206m:[38;2;192;197;206m [38;2;192;197;206m&[38;2;180;142;173mmut[38;2;192;197;206m [38;2;192;197;206mVec[38;2;192;197;206m<[38;2;192;197;206mT[38;2;192;197;206m>[38;2;192;197;206m, [38;2;191;97;106midx[38;2;192;197;206m:[38;2;192;197;206m [38;2;180;142;173musize[38;2;192;197;206m, [38;2;191;97;106mvalue[38;2;192;197;206m:[38;2;192;197;206mT[38;2;192;197;206m)[38;2;192;197;206m [38;2;192;197;206m->[38;2;192;197;206m [38;2;180;142;173mi32[38;2;192;197;206m [38;2;192;197;206m{[K
[0m[48;2;79;40;40m[39m-  5    [0m:[39m[48;2;36;25;28m [38;2;192;197;206m    [38;2;192;197;206munimplemented![38;2;192;197;206m([38;2;192;197;206m)[K
[0m[48;2;40;67;43m[39m+      4[0m:[39m[48;2;24;38;30m [38;2;180;142;173mpub[38;2;192;197;206m [38;2;180;142;173mfn[38;2;192;197;206m [38;2;143;161;179mvec_insert[38;2;192;197;206m<[38;2;192;197;206mT[38;2;192;197;206m>[38;2;192;197;206m([38;2;191;97;106mdata[38;2;192;197;206m:[38;2;192;197;206m [38;2;192;197;206m&[38;2;180;142;173mmut[38;2;192;197;206m [38;2;192;197;206mVec[38;2;192;197;206m<[38;2;192;197;206mT[38;2;192;197;206m>[38;2;192;197;206m, [38;2;191;97;106midx[38;2;192;197;206m:[38;2;192;197;206m [38;2;180;142;173musize[38;2;192;197;206m, [38;2;191;97;106mvalue[38;2;192;197;206m:[38;2;192;197;206m T[38;2;192;197;206m)[38;2;192;197;206m [38;2;192;197;206m->[38;2;192;197;206m [38;2;180;142;173mi32[38;2;192;197;206m [38;2;192;197;206m{[K
[0m[48;2;40;67;43m[39m+      5[0m:[39m[48;2;24;38;30m [38;2;192;197;206m    data.[38;2;150;181;180minsert[38;2;192;197;206m([38;2;192;197;206midx[38;2;192;197;206m,[38;2;192;197;206m value[38;2;192;197;206m)[38;2;192;197;206m;[K
[0m[48;2;40;67;43m[39m+      6[0m:[39m[48;2;24;38;30m [38;2;192;197;206m    [38;2;208;135;112m0[K
[0m[48;2;43;48;59m[39m   6,  7[0m:[39m[48;2;43;48;59m [38;2;192;197;206m}[K
[0m[48;2;43;48;59m[39m   7,  8[0m:[39m[48;2;43;48;59m [38;2;180;142;173mpub[38;2;192;197;206m [38;2;180;142;173mfn[38;2;192;197;206m [38;2;143;161;179mvec_splice[38;2;192;197;206m<[38;2;192;197;206mT[38;2;192;197;206m>[38;2;192;197;206m([38;2;191;97;106mdata[38;2;192;197;206m:[38;2;192;197;206m [38;2;192;197;206m&[38;2;180;142;173mmut[38;2;192;197;206m [38;2;192;197;206mVec[38;2;192;197;206m<[38;2;192;197;206mT[38;2;192;197;206m>[38;2;192;197;206m, [38;2;191;97;106mstart[38;2;192;197;206m:[38;2;192;197;206m [38;2;180;142;173musize[38;2;192;197;206m, [38;2;191;97;106mcount[38;2;192;197;206m:[38;2;192;197;206m [38;2;180;142;173musize[38;2;192;197;206m)[38;2;192;197;206m [38;2;192;197;206m{[K
[0m[48;2;40;67;43m[39m+      9[0m:[39m[48;2;24;38;30m [38;2;192;197;206m    data.[38;2;150;181;180mdrain[38;2;192;197;206m([38;2;192;197;206mstart[38;2;192;197;206m..[38;2;192;197;206mstart [38;2;192;197;206m+[38;2;192;197;206m count[38;2;192;197;206m)[38;2;192;197;206m;[K
[0m[48;2;43;48;59m[39m   8, 10[0m:[39m[48;2;43;48;59m [38;2;192;197;206m}[K
[0m[48;2;43;48;59m[39m   9, 11[0m:[39m[48;2;43;48;59m [38;2;180;142;173mpub[38;2;192;197;206m [38;2;180;142;173mfn[38;2;192;197;206m [38;2;143;161;179mvec_swapsplice[38;2;192;197;206m<[38;2;192;197;206mT[38;2;192;197;206m>[38;2;192;197;206m([38;2;191;97;106mdata[38;2;192;197;206m:[38;2;192;197;206m [38;2;192;197;206m&[38;2;180;142;173mmut[38;2;192;197;206m [38;2;192;197;206mVec[38;2;192;197;206m<[38;2;192;197;206mT[38;2;192;197;206m>[38;2;192;197;206m, [38;2;191;97;106mstart[38;2;192;197;206m:[38;2;192;197;206m [38;2;180;142;173musize[38;2;192;197;206m, [38;2;191;97;106mcount[38;2;192;197;206m:[38;2;192;197;206m [38;2;180;142;173musize[38;2;192;197;206m)[38;2;192;197;206m [38;2;192;197;206m{[K
[0m[48;2;40;67;43m[39m+     12[0m:[39m[48;2;24;38;30m [38;2;192;197;206m    [38;2;180;142;173mlet[38;2;192;197;206m len [38;2;192;197;206m=[38;2;192;197;206m data.[38;2;150;181;180mlen[38;2;192;197;206m([38;2;192;197;206m)[38;2;192;197;206m;[K
[0m[48;2;40;67;43m[39m+     13[0m:[39m[48;2;24;38;30m [38;2;192;197;206m    [38;2;180;142;173mfor[38;2;192;197;206m i [38;2;192;197;206min[38;2;192;197;206m [38;2;208;135;112m0[38;2;192;197;206m..[38;2;192;197;206mcount [38;2;192;197;206m{[K
[0m[48;2;40;67;43m[39m+     14[0m:[39m[48;2;24;38;30m [38;2;192;197;206m        data.[38;2;150;181;180mswap[38;2;192;197;206m([38;2;192;197;206mstart [38;2;192;197;206m+[38;2;192;197;206m i[38;2;192;197;206m,[38;2;192;197;206m len [38;2;192;197;206m-[38;2;192;197;206m count [38;2;192;197;206m+[38;2;192;197;206m i[38;2;192;197;206m)[38;2;192;197;206m;[K
[0m[48;2;40;67;43m[39m+     15[0m:[39m[48;2;24;38;30m [38;2;192;197;206m    [38;2;192;197;206m}[K
[0m[48;2;40;67;43m[39m+     16[0m:[39m[48;2;24;38;30m [38;2;192;197;206m    data.[38;2;150;181;180mtruncate[38;2;192;197;206m([38;2;192;197;206mlen [38;2;192;197;206m-[38;2;192;197;206m count[38;2;192;197;206m)[38;2;192;197;206m;[K
[0m[48;2;43;48;59m[39m  10, 17[0m:[39m[48;2;43;48;59m [38;2;192;197;206m}[K
[0m[48;2;43;48;59m[39m  11, 18[0m:[39m[48;2;43;48;59m [38;2;180;142;173mpub[38;2;192;197;206m [38;2;180;142;173mfn[38;2;192;197;206m [38;2;143;161;179mvec_reserve_po2[38;2;192;197;206m<[38;2;192;197;206mT[38;2;192;197;206m>[38;2;192;197;206m([38;2;191;97;106mdata[38;2;192;197;206m:[38;2;192;197;206m [38;2;192;197;206m&[38;2;180;142;173mmut[38;2;192;197;206m [38;2;192;197;206mVec[38;2;192;197;206m<[38;2;192;197;206mT[38;2;192;197;206m>[38;2;192;197;206m, [38;2;191;97;106mn[38;2;192;197;206m:[38;2;192;197;206m [38;2;180;142;173musize[38;2;192;197;206m)[38;2;192;197;206m [38;2;192;197;206m->[38;2;192;197;206m [38;2;180;142;173mi32[38;2;192;197;206m [38;2;192;197;206m{[K
[0m[48;2;79;40;40m[39m- 12    [0m:[39m[48;2;36;25;28m [38;2;192;197;206m    [38;2;192;197;206munimplemented![38;2;192;197;206m([38;2;192;197;206m)[K
[0m[48;2;40;67;43m[39m+     19[0m:[39m[48;2;24;38;30m [38;2;192;197;206m    [38;2;180;142;173mif[38;2;192;197;206m n [38;2;192;197;206m=[38;2;192;197;206m=[38;2;192;197;206m [38;2;208;135;112m0[38;2;192;197;206m [38;2;192;197;206m{[K
[0m[48;2;40;67;43m[39m+     20[0m:[39m[48;2;24;38;30m [38;2;192;197;206m        [38;2;180;142;173mreturn[38;2;192;197;206m [38;2;208;135;112m0[38;2;192;197;206m;[K
[0m[48;2;40;67;43m[39m+     21[0m:[39m[48;2;24;38;30m [38;2;192;197;206m    [38;2;192;197;206m}[K
[0m[48;2;40;67;43m[39m+     22[0m:[39m[48;2;24;38;30m [38;2;192;197;206m    [38;2;180;142;173mlet[38;2;192;197;206m [38;2;180;142;173mmut[38;2;192;197;206m n2 [38;2;192;197;206m=[38;2;192;197;206m [38;2;208;135;112m1[38;2;192;197;206m;[K
[0m[48;2;40;67;43m[39m+     23[0m:[39m[48;2;24;38;30m [38;2;192;197;206m    [38;2;180;142;173mwhile[38;2;192;197;206m n2 [38;2;192;197;206m<[38;2;192;197;206m n [38;2;192;197;206m{[K
[0m[48;2;40;67;43m[39m+     24[0m:[39m[48;2;24;38;30m [38;2;192;197;206m        n2 [38;2;192;197;206m<[38;2;192;197;206m<[38;2;192;197;206m=[38;2;192;197;206m [38;2;208;135;112m1[38;2;192;197;206m;[K
[0m[48;2;40;67;43m[39m+     25[0m:[39m[48;2;24;38;30m [38;2;192;197;206m    [38;2;192;197;206m}[K
[0m[48;2;40;67;43m[39m+     26[0m:[39m[48;2;24;38;30m [38;2;192;197;206m    [38;2;150;181;180mvec_reserve[38;2;192;197;206m([38;2;192;197;206mdata[38;2;192;197;206m,[38;2;192;197;206m n2[38;2;192;197;206m)[K
[0m[48;2;43;48;59m[39m  13, 27[0m:[39m[48;2;43;48;59m [38;2;192;197;206m}[K
[0m[48;2;43;48;59m[39m  14, 28[0m:[39m[48;2;43;48;59m [38;2;180;142;173mpub[38;2;192;197;206m [38;2;180;142;173mfn[38;2;192;197;206m [38;2;143;161;179mvec_expand[38;2;192;197;206m<[38;2;192;197;206mT[38;2;192;197;206m>[38;2;192;197;206m([38;2;191;97;106mdata[38;2;192;197;206m:[38;2;192;197;206m [38;2;192;197;206m&[38;2;180;142;173mmut[38;2;192;197;206m [38;2;192;197;206mVec[38;2;192;197;206m<[38;2;192;197;206mT[38;2;192;197;206m>[38;2;192;197;206m)[38;2;192;197;206m [38;2;192;197;206m->[38;2;192;197;206m [38;2;180;142;173mi32[38;2;192;197;206m [38;2;192;197;206m{[K
[0m[48;2;79;40;40m[39m- 15    [0m:[39m[48;2;36;25;28m [38;2;192;197;206m    [38;2;192;197;206munimplemented![38;2;192;197;206m([38;2;192;197;206m)[K
[0m[48;2;40;67;43m[39m+     29[0m:[39m[48;2;24;38;30m [38;2;192;197;206m    data.[38;2;150;181;180mreserve[38;2;192;197;206m([38;2;208;135;112m1[38;2;192;197;206m)[38;2;192;197;206m;[K
[0m[48;2;40;67;43m[39m+     30[0m:[39m[48;2;24;38;30m [38;2;192;197;206m    [38;2;208;135;112m0[K
[0m[48;2;43;48;59m[39m  16, 31[0m:[39m[48;2;43;48;59m [38;2;192;197;206m}[K
[0m[48;2;43;48;59m[39m  17, 32[0m:[39m[48;2;43;48;59m [38;2;180;142;173mpub[38;2;192;197;206m [38;2;180;142;173mfn[38;2;192;197;206m [38;2;143;161;179mvec_reserve[38;2;192;197;206m<[38;2;192;197;206mT[38;2;192;197;206m>[38;2;192;197;206m([38;2;191;97;106mdata[38;2;192;197;206m:[38;2;192;197;206m [38;2;192;197;206m&[38;2;180;142;173mmut[38;2;192;197;206m [38;2;192;197;206mVec[38;2;192;197;206m<[38;2;192;197;206mT[38;2;192;197;206m>[38;2;192;197;206m, [38;2;191;97;106mn[38;2;192;197;206m:[38;2;192;197;206m [38;2;180;142;173musize[38;2;192;197;206m)[38;2;192;197;206m [38;2;192;197;206m->[38;2;192;197;206m [38;2;180;142;173mi32[38;2;192;197;206m [38;2;192;197;206m{[K
[0m[48;2;79;40;40m[39m- 18    [0m:[39m[48;2;36;25;28m [38;2;192;197;206m    [38;2;192;197;206munimplemented![38;2;192;197;206m([38;2;192;197;206m)[K
[0m[48;2;40;67;43m[39m+     33[0m:[39m[48;2;24;38;30m [38;2;192;197;206m    [38;2;180;142;173mif[38;2;192;197;206m n [38;2;192;197;206m>[38;2;192;197;206m data.[38;2;150;181;180mcapacity[38;2;192;197;206m([38;2;192;197;206m)[38;2;192;197;206m [38;2;192;197;206m{[K
[0m[48;2;40;67;43m[39m+     34[0m:[39m[48;2;24;38;30m [38;2;192;197;206m        data.[38;2;150;181;180mreserve[38;2;192;197;206m([38;2;192;197;206mn [38;2;192;197;206m-[38;2;192;197;206m data.[38;2;150;181;180mlen[38;2;192;197;206m([38;2;192;197;206m)[38;2;192;197;206m)[38;2;192;197;206m;[K
[0m[48;2;40;67;43m[39m+     35[0m:[39m[48;2;24;38;30m [38;2;192;197;206m    [38;2;192;197;206m}[K
[0m[48;2;40;67;43m[39m+     36[0m:[39m[48;2;24;38;30m [38;2;192;197;206m    [38;2;208;135;112m0[K
[0m[48;2;43;48;59m[39m  19, 37[0m:[39m[48;2;43;48;59m [38;2;192;197;206m}[K
[0m[48;2;43;48;59m[39m  20, 38[0m:[39m[48;2;43;48;59m [38;2;180;142;173mpub[38;2;192;197;206m [38;2;180;142;173mfn[38;2;192;197;206m [38;2;143;161;179mvec_compact[38;2;192;197;206m<[38;2;192;197;206mT[38;2;192;197;206m>[38;2;192;197;206m([38;2;191;97;106mdata[38;2;192;197;206m:[38;2;192;197;206m [38;2;192;197;206m&[38;2;180;142;173mmut[38;2;192;197;206m [38;2;192;197;206mVec[38;2;192;197;206m<[38;2;192;197;206mT[38;2;192;197;206m>[38;2;192;197;206m)[38;2;192;197;206m [38;2;192;197;206m->[38;2;192;197;206m [38;2;180;142;173mi32[38;2;192;197;206m [38;2;192;197;206m{[K
[0m[48;2;79;40;40m[39m- 21    [0m:[39m[48;2;36;25;28m [38;2;192;197;206m    [38;2;192;197;206munimplemented![38;2;192;197;206m([38;2;192;197;206m)[K
[0m[48;2;40;67;43m[39m+     39[0m:[39m[48;2;24;38;30m [38;2;192;197;206m    data.[38;2;150;181;180mshrink_to_fit[38;2;192;197;206m([38;2;192;197;206m)[38;2;192;197;206m;[K
[0m[48;2;40;67;43m[39m+     40[0m:[39m[48;2;24;38;30m [38;2;192;197;206m    [38;2;208;135;112m0[K
[0m[48;2;43;48;59m[39m  22, 41[0m:[39m[48;2;43;48;59m [38;2;192;197;206m}[K
[0m[48;2;43;48;59m[39m  23, 42[0m:[39m[48;2;43;48;59m [38;2;180;142;173mpub[38;2;192;197;206m [38;2;180;142;173mfn[38;2;192;197;206m [38;2;143;161;179mvec_swap[38;2;192;197;206m<[38;2;192;197;206mT[38;2;192;197;206m>[38;2;192;197;206m([38;2;191;97;106mdata[38;2;192;197;206m:[38;2;192;197;206m [38;2;192;197;206m&[38;2;180;142;173mmut[38;2;192;197;206m [38;2;192;197;206mVec[38;2;192;197;206m<[38;2;192;197;206mT[38;2;192;197;206m>[38;2;192;197;206m, [38;2;191;97;106midx1[38;2;192;197;206m:[38;2;192;197;206m [38;2;180;142;173musize[38;2;192;197;206m, [38;2;191;97;106midx2[38;2;192;197;206m:[38;2;192;197;206m [38;2;180;142;173musize[38;2;192;197;206m)[38;2;192;197;206m [38;2;192;197;206m{[K
[0m[48;2;79;40;40m[39m- 24    [0m:[39m[48;2;36;25;28m [38;2;192;197;206m    [38;2;192;197;206munimplemented![38;2;192;197;206m([38;2;192;197;206m)[K
[0m[48;2;40;67;43m[39m+     43[0m:[39m[48;2;24;38;30m [38;2;192;197;206m    [38;2;180;142;173mif[38;2;192;197;206m idx1 [38;2;192;197;206m![38;2;192;197;206m=[38;2;192;197;206m idx2 [38;2;192;197;206m{[K
[0m[48;2;40;67;43m[39m+     44[0m:[39m[48;2;24;38;30m [38;2;192;197;206m        data.[38;2;150;181;180mswap[38;2;192;197;206m([38;2;192;197;206midx1[38;2;192;197;206m,[38;2;192;197;206m idx2[38;2;192;197;206m)[38;2;192;197;206m;[K
[0m[48;2;40;67;43m[39m+     45[0m:[39m[48;2;24;38;30m [38;2;192;197;206m    [38;2;192;197;206m}[K
[0m[48;2;43;48;59m[39m  25, 46[0m:[39m[48;2;43;48;59m [38;2;192;197;206m}[K
[0m[K
Replacing: [38;5;141msrc/vec.rs[0m
[38;5;244m - Completed in 0.46s[0m
[38;5;12m[1m [1.3][0m[0m
[?25l[0m[?25l[0m[0mI will run the following command: [38;5;141mcd /tmp/harvest-crust-I0LJAe/project && cargo build 2>&1[0m[38;5;244m (using tool: shell)[0m

   Compiling vec v0.1.0 (/tmp/harvest-crust-I0LJAe/project)
    Finished `dev` profile [unoptimized + debuginfo] target(s) in 0.07s
[38;5;244m - Completed in 0.166s[0m
[38;5;12m[1m [1.4][0m[0m
[?25l[0m[38;5;141m> [0mCompiles cleanly. Here's a summary of the implementations:[0m[0m
[0m[0m
- [38;5;10mvec_insert[0m — uses [38;5;10mVec::insert[0m to shift elements right and insert at index, returns 0[0m[0m
- [38;5;10mvec_splice[0m — uses [38;5;10mVec::drain[0m to remove [38;5;10mcount[0m elements starting at [38;5;10mstart[0m[0m[0m
- [38;5;10mvec_swapsplice[0m — swaps the elements at [38;5;10m[start..start+count][0m with the last [38;5;10mcount[0m elements, then truncates (matching the C memmove-from-end behavior)[0m[0m
- [38;5;10mvec_reserve_po2[0m — rounds [38;5;10mn[0m up to the next power of 2, then delegates to [38;5;10mvec_reserve[0m[0m[0m
- [38;5;10mvec_expand[0m — reserves space for one more element[0m[0m
- [38;5;10mvec_reserve[0m — ensures capacity is at least [38;5;10mn[0m[0m[0m
- [38;5;10mvec_compact[0m — shrinks allocation to fit current length[0m[0m
- [38;5;10mvec_swap[0m — swaps two elements by index (no-op if indices are equal)[0m[0m
[0m[0m
All functions return [38;5;10m0[0m (success) where the C versions do, matching the original API contract. No [38;5;10munsafe[0m code needed.[0m[0m[38;5;12m[1m✓ Created checkpoint 1

[0m[0m
[38;5;8m
 ▸ Credits: 0.81 • Time: 28s

[0m[1G[0m[0m[?25h