[32mAll tools are now trusted ([0m[31m![0m[32m). Kiro will execute tools without asking for confirmation.[0m
Agents can sometimes do unexpected things so understand the risks.

Learn more at [38;5;141mhttps://kiro.dev/docs/cli/chat/security/#using-tools-trust-all-safely[0m


[38;5;12m[1m📷 Checkpoints are enabled! (took 0.03s)

[0m
[38;5;252m[0m[?25l[38;5;141m> [0m[0m[0m
[0m[0m
I'll start by reading all the source files to understand the project structure and the C code I need to translate.[0m[0m
[?25l[0m[0mBatch fs_read operation with [38;5;141m2[0m operations[38;5;244m (using tool: read)[0m

↱ Operation 1: Reading directory: [38;5;141m/tmp/harvest-crust-GGxRQ3/project[0m
↱ Operation 2: Reading file: [38;5;141m/tmp/harvest-crust-GGxRQ3/project/Cargo.toml[0m, all lines
[38;5;10m ✓ [0mSuccessfully read directory [38;5;141m/tmp/harvest-crust-GGxRQ3/project[0m [38;5;244m(23 entries)[0m

[38;5;10m ✓ [0mSuccessfully read [38;5;244m98 bytes[0m from /tmp/harvest-crust-GGxRQ3/project/Cargo.toml

 ⋮ 

[38;5;244m- [0mSummary: 2 operations processed, 2 successful, 0 failed
[38;5;244m - Completed in 0.47s[0m
[38;5;12m[1m [1.1][0m[0m
[?25l[0m[?25l[0m[0mBatch fs_read operation with [38;5;141m6[0m operations[38;5;244m (using tool: read)[0m

↱ Operation 1: Reading file: [38;5;141m/tmp/harvest-crust-GGxRQ3/project/c_src/src/leftpad.h[0m, all lines
↱ Operation 2: Reading file: [38;5;141m/tmp/harvest-crust-GGxRQ3/project/c_src/src/leftpad.c[0m, all lines
↱ Operation 3: Reading file: [38;5;141m/tmp/harvest-crust-GGxRQ3/project/c_src/tests.c[0m, all lines
↱ Operation 4: Reading file: [38;5;141m/tmp/harvest-crust-GGxRQ3/project/src/leftpad.rs[0m, all lines
↱ Operation 5: Reading file: [38;5;141m/tmp/harvest-crust-GGxRQ3/project/src/lib.rs[0m, all lines
↱ Operation 6: Reading file: [38;5;141m/tmp/harvest-crust-GGxRQ3/project/src/bin/tests.rs[0m, all lines
[38;5;10m ✓ [0mSuccessfully read [38;5;244m730 bytes[0m from /tmp/harvest-crust-GGxRQ3/project/c_src/src/leftpad.h

[38;5;10m ✓ [0mSuccessfully read [38;5;244m758 bytes[0m from /tmp/harvest-crust-GGxRQ3/project/c_src/src/leftpad.c

[38;5;10m ✓ [0mSuccessfully read [38;5;244m1376 bytes[0m from /tmp/harvest-crust-GGxRQ3/project/c_src/tests.c

[38;5;10m ✓ [0mSuccessfully read [38;5;244m164 bytes[0m from /tmp/harvest-crust-GGxRQ3/project/src/leftpad.rs

[38;5;10m ✓ [0mSuccessfully read [38;5;244m16 bytes[0m from /tmp/harvest-crust-GGxRQ3/project/src/lib.rs

[38;5;10m ✓ [0mSuccessfully read [38;5;244m1488 bytes[0m from /tmp/harvest-crust-GGxRQ3/project/src/bin/tests.rs

 ⋮ 

[38;5;244m- [0mSummary: 6 operations processed, 6 successful, 0 failed
[38;5;244m - Completed in 0.45s[0m
[38;5;12m[1m [1.2][0m[0m
[?25l[0m[38;5;141m> [0mNow I understand the C code and the Rust interface. Let me implement the [38;5;10mleftpad[0m function:[0m[0m
[?25l[0m[0mI'll create the following file: [38;5;141msrc/leftpad.rs[0m[38;5;244m (using tool: write)[0m

[48;2;43;48;59m[39m  1,  1[0m:[39m[48;2;43;48;59m [38;2;101;115;126m//[38;2;101;115;126m Function Declarations[K
[0m[48;2;43;48;59m[39m  2,  2[0m:[39m[48;2;43;48;59m [38;2;180;142;173mpub[38;2;192;197;206m [38;2;180;142;173mfn[38;2;192;197;206m [38;2;143;161;179mleftpad[38;2;192;197;206m([38;2;191;97;106mstr[38;2;192;197;206m:[38;2;192;197;206m [38;2;192;197;206m&[38;2;180;142;173mstr[38;2;192;197;206m, [38;2;191;97;106mpadding[38;2;192;197;206m:[38;2;192;197;206m [38;2;192;197;206m&[38;2;180;142;173mstr[38;2;192;197;206m, [38;2;191;97;106mmin_len[38;2;192;197;206m:[38;2;192;197;206m [38;2;180;142;173musize[38;2;192;197;206m, [38;2;191;97;106mdest[38;2;192;197;206m:[38;2;192;197;206m [38;2;192;197;206m&[38;2;180;142;173mmut[38;2;192;197;206m [[38;2;180;142;173mu8[38;2;192;197;206m][38;2;192;197;206m)[38;2;192;197;206m [38;2;192;197;206m->[38;2;192;197;206m [38;2;180;142;173musize[38;2;192;197;206m [38;2;192;197;206m{[K
[0m[48;2;79;40;40m[39m- 3    [0m:[39m[48;2;36;25;28m [38;2;101;115;126m//[38;2;101;115;126m Function body to be implemented[K
[0m[48;2;79;40;40m[39m- 4    [0m:[39m[48;2;36;25;28m [38;2;192;197;206munimplemented![38;2;192;197;206m([38;2;192;197;206m)[38;2;192;197;206m;[K
[0m[48;2;40;67;43m[39m+     3[0m:[39m[48;2;24;38;30m [38;2;192;197;206m    [38;2;180;142;173mlet[38;2;192;197;206m str_len [38;2;192;197;206m=[38;2;192;197;206m [38;2;180;142;173mstr[38;2;192;197;206m.[38;2;150;181;180mlen[38;2;192;197;206m([38;2;192;197;206m)[38;2;192;197;206m;[K
[0m[48;2;40;67;43m[39m+     4[0m:[39m[48;2;24;38;30m [38;2;192;197;206m    [38;2;180;142;173mlet[38;2;192;197;206m padding [38;2;192;197;206m=[38;2;192;197;206m [38;2;180;142;173mif[38;2;192;197;206m padding.[38;2;150;181;180mis_empty[38;2;192;197;206m([38;2;192;197;206m)[38;2;192;197;206m [38;2;192;197;206m{[38;2;192;197;206m [38;2;192;197;206m"[38;2;163;190;140m [38;2;192;197;206m"[38;2;192;197;206m [38;2;192;197;206m}[38;2;192;197;206m [38;2;180;142;173melse[38;2;192;197;206m [38;2;192;197;206m{[38;2;192;197;206m padding [38;2;192;197;206m}[38;2;192;197;206m;[K
[0m[48;2;40;67;43m[39m+     5[0m:[39m[48;2;24;38;30m [38;2;192;197;206m    [38;2;180;142;173mlet[38;2;192;197;206m npad [38;2;192;197;206m=[38;2;192;197;206m [38;2;180;142;173mif[38;2;192;197;206m str_len [38;2;192;197;206m<[38;2;192;197;206m min_len [38;2;192;197;206m{[38;2;192;197;206m min_len [38;2;192;197;206m-[38;2;192;197;206m str_len [38;2;192;197;206m}[38;2;192;197;206m [38;2;180;142;173melse[38;2;192;197;206m [38;2;192;197;206m{[38;2;192;197;206m [38;2;208;135;112m0[38;2;192;197;206m [38;2;192;197;206m}[38;2;192;197;206m;[K
[0m[48;2;40;67;43m[39m+     6[0m:[39m[48;2;24;38;30m [38;2;192;197;206m    [38;2;180;142;173mlet[38;2;192;197;206m dest_sz [38;2;192;197;206m=[38;2;192;197;206m dest.[38;2;150;181;180mlen[38;2;192;197;206m([38;2;192;197;206m)[38;2;192;197;206m;[K
[0m[48;2;40;67;43m[39m+     7[0m:[39m[48;2;24;38;30m [38;2;192;197;206m    [38;2;180;142;173mif[38;2;192;197;206m dest_sz [38;2;192;197;206m=[38;2;192;197;206m=[38;2;192;197;206m [38;2;208;135;112m0[38;2;192;197;206m [38;2;192;197;206m{[K
[0m[48;2;40;67;43m[39m+     8[0m:[39m[48;2;24;38;30m [38;2;192;197;206m        [38;2;180;142;173mreturn[38;2;192;197;206m str_len [38;2;192;197;206m+[38;2;192;197;206m npad[38;2;192;197;206m;[K
[0m[48;2;40;67;43m[39m+     9[0m:[39m[48;2;24;38;30m [38;2;192;197;206m    [38;2;192;197;206m}[K
[0m[48;2;40;67;43m[39m+    10[0m:[39m[48;2;24;38;30m [38;2;192;197;206m    [38;2;180;142;173mlet[38;2;192;197;206m [38;2;180;142;173mmut[38;2;192;197;206m dest_len [38;2;192;197;206m=[38;2;192;197;206m [38;2;208;135;112m0[38;2;192;197;206m;[K
[0m[48;2;40;67;43m[39m+    11[0m:[39m[48;2;24;38;30m [38;2;192;197;206m    [38;2;180;142;173mlet[38;2;192;197;206m pad_bytes [38;2;192;197;206m=[38;2;192;197;206m padding.[38;2;150;181;180mas_bytes[38;2;192;197;206m([38;2;192;197;206m)[38;2;192;197;206m;[K
[0m[48;2;40;67;43m[39m+    12[0m:[39m[48;2;24;38;30m [38;2;192;197;206m    [38;2;180;142;173mlet[38;2;192;197;206m [38;2;180;142;173mmut[38;2;192;197;206m pi [38;2;192;197;206m=[38;2;192;197;206m [38;2;208;135;112m0[38;2;192;197;206m;[K
[0m[48;2;40;67;43m[39m+    13[0m:[39m[48;2;24;38;30m [38;2;192;197;206m    [38;2;180;142;173mwhile[38;2;192;197;206m dest_len [38;2;192;197;206m<[38;2;192;197;206m npad [38;2;192;197;206m&[38;2;192;197;206m&[38;2;192;197;206m dest_len [38;2;192;197;206m<[38;2;192;197;206m dest_sz [38;2;192;197;206m-[38;2;192;197;206m [38;2;208;135;112m1[38;2;192;197;206m [38;2;192;197;206m{[K
[0m[48;2;40;67;43m[39m+    14[0m:[39m[48;2;24;38;30m [38;2;192;197;206m        dest[38;2;192;197;206m[[38;2;192;197;206mdest_len[38;2;192;197;206m][38;2;192;197;206m [38;2;192;197;206m=[38;2;192;197;206m pad_bytes[38;2;192;197;206m[[38;2;192;197;206mpi[38;2;192;197;206m][38;2;192;197;206m;[K
[0m[48;2;40;67;43m[39m+    15[0m:[39m[48;2;24;38;30m [38;2;192;197;206m        pi [38;2;192;197;206m+[38;2;192;197;206m=[38;2;192;197;206m [38;2;208;135;112m1[38;2;192;197;206m;[K
[0m[48;2;40;67;43m[39m+    16[0m:[39m[48;2;24;38;30m [38;2;192;197;206m        [38;2;180;142;173mif[38;2;192;197;206m pi [38;2;192;197;206m>[38;2;192;197;206m=[38;2;192;197;206m pad_bytes.[38;2;150;181;180mlen[38;2;192;197;206m([38;2;192;197;206m)[38;2;192;197;206m [38;2;192;197;206m{[K
[0m[48;2;40;67;43m[39m+    17[0m:[39m[48;2;24;38;30m [38;2;192;197;206m            pi [38;2;192;197;206m=[38;2;192;197;206m [38;2;208;135;112m0[38;2;192;197;206m;[K
[0m[48;2;40;67;43m[39m+    18[0m:[39m[48;2;24;38;30m [38;2;192;197;206m        [38;2;192;197;206m}[K
[0m[48;2;40;67;43m[39m+    19[0m:[39m[48;2;24;38;30m [38;2;192;197;206m        dest_len [38;2;192;197;206m+[38;2;192;197;206m=[38;2;192;197;206m [38;2;208;135;112m1[38;2;192;197;206m;[K
[0m[48;2;40;67;43m[39m+    20[0m:[39m[48;2;24;38;30m [38;2;192;197;206m    [38;2;192;197;206m}[K
[0m[48;2;40;67;43m[39m+    21[0m:[39m[48;2;24;38;30m [38;2;192;197;206m    [38;2;180;142;173mlet[38;2;192;197;206m str_bytes [38;2;192;197;206m=[38;2;192;197;206m [38;2;180;142;173mstr[38;2;192;197;206m.[38;2;150;181;180mas_bytes[38;2;192;197;206m([38;2;192;197;206m)[38;2;192;197;206m;[K
[0m[48;2;40;67;43m[39m+    22[0m:[39m[48;2;24;38;30m [38;2;192;197;206m    [38;2;180;142;173mfor[38;2;192;197;206m i [38;2;192;197;206min[38;2;192;197;206m [38;2;208;135;112m0[38;2;192;197;206m..[38;2;192;197;206mstr_len [38;2;192;197;206m{[K
[0m[48;2;40;67;43m[39m+    23[0m:[39m[48;2;24;38;30m [38;2;192;197;206m        [38;2;180;142;173mif[38;2;192;197;206m dest_len [38;2;192;197;206m>[38;2;192;197;206m=[38;2;192;197;206m dest_sz [38;2;192;197;206m-[38;2;192;197;206m [38;2;208;135;112m1[38;2;192;197;206m [38;2;192;197;206m{[K
[0m[48;2;40;67;43m[39m+    24[0m:[39m[48;2;24;38;30m [38;2;192;197;206m            [38;2;180;142;173mbreak[38;2;192;197;206m;[K
[0m[48;2;40;67;43m[39m+    25[0m:[39m[48;2;24;38;30m [38;2;192;197;206m        [38;2;192;197;206m}[K
[0m[48;2;40;67;43m[39m+    26[0m:[39m[48;2;24;38;30m [38;2;192;197;206m        dest[38;2;192;197;206m[[38;2;192;197;206mdest_len[38;2;192;197;206m][38;2;192;197;206m [38;2;192;197;206m=[38;2;192;197;206m str_bytes[38;2;192;197;206m[[38;2;192;197;206mi[38;2;192;197;206m][38;2;192;197;206m;[K
[0m[48;2;40;67;43m[39m+    27[0m:[39m[48;2;24;38;30m [38;2;192;197;206m        dest_len [38;2;192;197;206m+[38;2;192;197;206m=[38;2;192;197;206m [38;2;208;135;112m1[38;2;192;197;206m;[K
[0m[48;2;40;67;43m[39m+    28[0m:[39m[48;2;24;38;30m [38;2;192;197;206m    [38;2;192;197;206m}[K
[0m[48;2;40;67;43m[39m+    29[0m:[39m[48;2;24;38;30m [38;2;192;197;206m    dest[38;2;192;197;206m[[38;2;192;197;206mdest_len[38;2;192;197;206m][38;2;192;197;206m [38;2;192;197;206m=[38;2;192;197;206m [38;2;208;135;112m0[38;2;192;197;206m;[K
[0m[48;2;40;67;43m[39m+    30[0m:[39m[48;2;24;38;30m [38;2;192;197;206m    dest_len[K
[0m[48;2;43;48;59m[39m  5, 31[0m:[39m[48;2;43;48;59m [38;2;192;197;206m}[K
[0m[K
Replacing: [38;5;141msrc/leftpad.rs[0m
[38;5;244m - Completed in 0.51s[0m
[38;5;12m[1m [1.3][0m[0m
[?25l[0m[38;5;141m> [0mWait — I need to re-check the C code's padding cycling logic more carefully. The C code resets [38;5;10mi[0m to 1 (not 0) when it hits a null terminator in the padding string. But since Rust strings don't have embedded null terminators, the cycling is simply wrapping around the padding bytes. However, the C code's logic is: if [38;5;10mpadding[i][0m is [38;5;10m\0[0m (end of string), it replaces with [38;5;10mpadding[0][0m and sets [38;5;10mi = 1[0m. This is equivalent to cycling through the padding string, which my implementation does correctly.[0m[0m
[0m[0m
Let me verify:[0m[0m
[?25l[0m[0mI will run the following command: [38;5;141mcd /tmp/harvest-crust-GGxRQ3/project && cargo test 2>&1[0m[38;5;244m (using tool: shell)[0m
Purpose: Build and run tests

   Compiling leftpad v0.1.0 (/tmp/harvest-crust-GGxRQ3/project)
    Finished `test` profile [unoptimized + debuginfo] target(s) in 0.35s
     Running unittests src/lib.rs (target/debug/deps/leftpad-0d9ff44a3b7affe1)

running 0 tests

test result: ok. 0 passed; 0 failed; 0 ignored; 0 measured; 0 filtered out; finished in 0.00s

     Running unittests src/bin/tests.rs (target/debug/deps/tests-347ffd0b67916cb0)

running 1 test
test tests::test_leftpad ... ok

test result: ok. 1 passed; 0 failed; 0 ignored; 0 measured; 0 filtered out; finished in 0.00s

   Doc-tests leftpad

running 0 tests

test result: ok. 0 passed; 0 failed; 0 ignored; 0 measured; 0 filtered out; finished in 0.00s

[38;5;244m - Completed in 0.472s[0m
[38;5;12m[1m [1.4][0m[0m
[?25l[0m[38;5;141m> [0mAll tests pass. The implementation translates the C [38;5;10mleftpad[0m function to idiomatic, safe Rust:[0m[0m
[0m[0m
- Cycles through the [38;5;10mpadding[0m string to fill up to [38;5;10mnpad[0m characters[0m[0m
- Defaults to a space if padding is empty (matching the C [38;5;10mNULL[0m or empty check)[0m[0m
- Copies the source string after padding[0m[0m
- Respects the destination buffer size limit ([38;5;10mdest_sz - 1[0m to leave room for the null terminator)[0m[0m
- Returns the number of characters written (or the required length if the buffer is empty)[0m[0m[38;5;12m[1m✓ Created checkpoint 1

[0m[0m
[38;5;8m
 ▸ Credits: 0.73 • Time: 27s

[0m[1G[0m[0m[?25h