[32mAll tools are now trusted ([0m[31m![0m[32m). Kiro will execute tools without asking for confirmation.[0m
Agents can sometimes do unexpected things so understand the risks.

Learn more at [38;5;141mhttps://kiro.dev/docs/cli/chat/security/#using-tools-trust-all-safely[0m

[38;5;12mCheckpoints are not available in this directory. Use '/checkpoint init' to enable checkpoints.

[39m
[38;5;252m[0m[?25l[38;5;141m> [0m[0m[0m
[0m[0m
I'll start by reading the project structure, C source files, Rust source files, and Cargo.toml to understand what we're working with.[0m[0m
[?25l[0m[0mReading directory: [38;5;141m/tmp/harvest-crust-verify-P8Qybt/project[0m[38;5;244m (using tool: read, max depth: 3, max entries: 1000, excluding: defaults)[0m
[38;5;10m ✓ [0mSuccessfully read directory [38;5;141m/tmp/harvest-crust-verify-P8Qybt/project[0m [38;5;244m(51 entries)[0m
[38;5;244m - Completed in 0.2s[0m

[?25l[0m[?25l[0m[0m[38;5;11mTODO:
[39m[0m[ ] Read all C and Rust source files to understand the API and behavior
[0m[ ] Compile and run C code to get ground truth outputs
[0m[ ] Write test files in src/bin/ for each module
[0m[ ] Run cargo test and iterate until all tests pass[38;5;244m - Completed in 0.0s[0m

[?25l[0m[38;5;141m> [0mNow let me read all the source files:[0m[0m
[?25l[0m[0mBatch fs_read operation with [38;5;141m13[0m operations[38;5;244m (using tool: read)[0m

↱ Operation 1: Reading file: [38;5;141m/tmp/harvest-crust-verify-P8Qybt/project/Cargo.toml[0m, all lines
↱ Operation 2: Reading file: [38;5;141m/tmp/harvest-crust-verify-P8Qybt/project/src/lib.rs[0m, all lines
↱ Operation 3: Reading file: [38;5;141m/tmp/harvest-crust-verify-P8Qybt/project/src/fnv.rs[0m, all lines
↱ Operation 4: Reading file: [38;5;141m/tmp/harvest-crust-verify-P8Qybt/project/src/myutils.rs[0m, all lines
↱ Operation 5: Reading file: [38;5;141m/tmp/harvest-crust-verify-P8Qybt/project/src/fleur.rs[0m, all lines
↱ Operation 6: Reading file: [38;5;141m/tmp/harvest-crust-verify-P8Qybt/project/c_src/fnv/fnv.h[0m, all lines
↱ Operation 7: Reading file: [38;5;141m/tmp/harvest-crust-verify-P8Qybt/project/c_src/fnv/fnv.c[0m, all lines
↱ Operation 8: Reading file: [38;5;141m/tmp/harvest-crust-verify-P8Qybt/project/c_src/myutils/myutils.h[0m, all lines
↱ Operation 9: Reading file: [38;5;141m/tmp/harvest-crust-verify-P8Qybt/project/c_src/myutils/myutils.c[0m, all lines
↱ Operation 10: Reading file: [38;5;141m/tmp/harvest-crust-verify-P8Qybt/project/c_src/fleur/fleur.h[0m, all lines
↱ Operation 11: Reading file: [38;5;141m/tmp/harvest-crust-verify-P8Qybt/project/c_src/fleur/fleur.c[0m, all lines
↱ Operation 12: Reading file: [38;5;141m/tmp/harvest-crust-verify-P8Qybt/project/c_src/test/suite_1/test_vectors.c[0m, all lines
↱ Operation 13: Reading file: [38;5;141m/tmp/harvest-crust-verify-P8Qybt/project/c_src/test/suite_2/test_fleur.c[0m, all lines
[38;5;10m ✓ [0mSuccessfully read [38;5;244m86 bytes[0m from /tmp/harvest-crust-verify-P8Qybt/project/Cargo.toml

[38;5;10m ✓ [0mSuccessfully read [38;5;244m44 bytes[0m from /tmp/harvest-crust-verify-P8Qybt/project/src/lib.rs

[38;5;10m ✓ [0mSuccessfully read [38;5;244m523 bytes[0m from /tmp/harvest-crust-verify-P8Qybt/project/src/fnv.rs

[38;5;10m ✓ [0mSuccessfully read [38;5;244m233 bytes[0m from /tmp/harvest-crust-verify-P8Qybt/project/src/myutils.rs

[38;5;10m ✓ [0mSuccessfully read [38;5;244m9572 bytes[0m from /tmp/harvest-crust-verify-P8Qybt/project/src/fleur.rs

[38;5;10m ✓ [0mSuccessfully read [38;5;244m311 bytes[0m from /tmp/harvest-crust-verify-P8Qybt/project/c_src/fnv/fnv.h

[38;5;10m ✓ [0mSuccessfully read [38;5;244m533 bytes[0m from /tmp/harvest-crust-verify-P8Qybt/project/c_src/fnv/fnv.c

[38;5;10m ✓ [0mSuccessfully read [38;5;244m49 bytes[0m from /tmp/harvest-crust-verify-P8Qybt/project/c_src/myutils/myutils.h

[38;5;10m ✓ [0mSuccessfully read [38;5;244m336 bytes[0m from /tmp/harvest-crust-verify-P8Qybt/project/c_src/myutils/myutils.c

[38;5;10m ✓ [0mSuccessfully read [38;5;244m1673 bytes[0m from /tmp/harvest-crust-verify-P8Qybt/project/c_src/fleur/fleur.h

[38;5;10m ✓ [0mSuccessfully read [38;5;244m8841 bytes[0m from /tmp/harvest-crust-verify-P8Qybt/project/c_src/fleur/fleur.c

[38;5;10m ✓ [0mSuccessfully read [38;5;244m480 bytes[0m from /tmp/harvest-crust-verify-P8Qybt/project/c_src/test/suite_1/test_vectors.c

[38;5;10m ✓ [0mSuccessfully read [38;5;244m7335 bytes[0m from /tmp/harvest-crust-verify-P8Qybt/project/c_src/test/suite_2/test_fleur.c

 ⋮ 

[38;5;244m- [0mSummary: 13 operations processed, 13 successful, 0 failed
[38;5;244m - Completed in 0.1s[0m

[?25l[0m[?25l[0m[0m[38;5;11mTODO:
[39m[38;5;10m[x] [3m[38;5;244mRead all C and Rust source files to understand the API and behavior[23m
[0m[ ] Compile and run C code to get ground truth outputs[38;5;244m - Completed in 0.0s[0m

[?25l[0m[38;5;141m> [0mNow let me compile and run the C code to get ground truth values. Let me write a small C test program:[0m[0m
[?25l[0m[0mI'll create the following file: [38;5;141m/tmp/harvest-crust-verify-P8Qybt/project/c_src/test_ground_truth.c[0m[38;5;244m (using tool: write)[0m

[48;2;40;67;43m[39m+      1[0m:[39m[48;2;24;38;30m [38;2;180;142;173m#include[38;2;192;197;206m [38;2;192;197;206m<[38;2;163;190;140mstdio.h[38;2;192;197;206m>[K
[0m[48;2;40;67;43m[39m+      2[0m:[39m[48;2;24;38;30m [38;2;192;197;206m#include [38;2;192;197;206m<[38;2;163;190;140mstring.h[38;2;192;197;206m>[K
[0m[48;2;40;67;43m[39m+      3[0m:[39m[48;2;24;38;30m [38;2;192;197;206m#include [38;2;192;197;206m<[38;2;163;190;140mmath.h[38;2;192;197;206m>[K
[0m[48;2;40;67;43m[39m+      4[0m:[39m[48;2;24;38;30m [38;2;192;197;206m#include [38;2;192;197;206m<[38;2;163;190;140mstdlib.h[38;2;192;197;206m>[K
[0m[48;2;40;67;43m[39m+      5[0m:[39m[48;2;24;38;30m [38;2;192;197;206m#include [38;2;192;197;206m"[38;2;163;190;140mfnv/fnv.h[38;2;192;197;206m"[K
[0m[48;2;40;67;43m[39m+      6[0m:[39m[48;2;24;38;30m [38;2;192;197;206m#include [38;2;192;197;206m"[38;2;163;190;140mfleur/fleur.h[38;2;192;197;206m"[K
[0m[48;2;40;67;43m[39m+      7[0m:[39m[48;2;24;38;30m [38;2;192;197;206m#include [38;2;192;197;206m"[38;2;163;190;140mmyutils/myutils.h[38;2;192;197;206m"[K
[0m[48;2;40;67;43m[39m+      8[0m:[39m[48;2;24;38;30m [K
[0m[48;2;40;67;43m[39m+      9[0m:[39m[48;2;24;38;30m [38;2;192;197;206mint main() {[K
[0m[48;2;40;67;43m[39m+     10[0m:[39m[48;2;24;38;30m [38;2;192;197;206m    [38;2;101;115;126m//[38;2;101;115;126m FNV tests[K
[0m[48;2;40;67;43m[39m+     11[0m:[39m[48;2;24;38;30m [38;2;101;115;126m    printf("=== FNV TESTS ===\n");[K
[0m[48;2;40;67;43m[39m+     12[0m:[39m[48;2;24;38;30m [38;2;101;115;126m    char digest[17];[K
[0m[48;2;40;67;43m[39m+     13[0m:[39m[48;2;24;38;30m [K
[0m[48;2;40;67;43m[39m+     14[0m:[39m[48;2;24;38;30m [38;2;101;115;126m    // test "test"[K
[0m[48;2;40;67;43m[39m+     15[0m:[39m[48;2;24;38;30m [38;2;101;115;126m    uint64_t h = fnv1("test", 4);[K
[0m[48;2;40;67;43m[39m+     16[0m:[39m[48;2;24;38;30m [38;2;101;115;126m    fnvhash fh; fh.h = h;[K
[0m[48;2;40;67;43m[39m+     17[0m:[39m[48;2;24;38;30m [38;2;101;115;126m    getDigest(&fh, digest);[K
[0m[48;2;40;67;43m[39m+     18[0m:[39m[48;2;24;38;30m [38;2;101;115;126m    printf("fnv1('test') = %lu, digest = %s\n", h, digest);[K
[0m[48;2;40;67;43m[39m+     19[0m:[39m[48;2;24;38;30m [K
[0m[48;2;40;67;43m[39m+     20[0m:[39m[48;2;24;38;30m [38;2;101;115;126m    // test empty string[K
[0m[48;2;40;67;43m[39m+     21[0m:[39m[48;2;24;38;30m [38;2;101;115;126m    h = fnv1("", 0);[K
[0m[48;2;40;67;43m[39m+     22[0m:[39m[48;2;24;38;30m [38;2;101;115;126m    fh.h = h;[K
[0m[48;2;40;67;43m[39m+     23[0m:[39m[48;2;24;38;30m [38;2;101;115;126m    getDigest(&fh, digest);[K
[0m[48;2;40;67;43m[39m+     24[0m:[39m[48;2;24;38;30m [38;2;101;115;126m    printf("fnv1('') = %lu, digest = %s\n", h, digest);[K
[0m[48;2;40;67;43m[39m+     25[0m:[39m[48;2;24;38;30m [K
[0m[48;2;40;67;43m[39m+     26[0m:[39m[48;2;24;38;30m [38;2;101;115;126m    // test "hello"[K
[0m[48;2;40;67;43m[39m+     27[0m:[39m[48;2;24;38;30m [38;2;101;115;126m    h = fnv1("hello", 5);[K
[0m[48;2;40;67;43m[39m+     28[0m:[39m[48;2;24;38;30m [38;2;101;115;126m    fh.h = h;[K
[0m[48;2;40;67;43m[39m+     29[0m:[39m[48;2;24;38;30m [38;2;101;115;126m    getDigest(&fh, digest);[K
[0m[48;2;40;67;43m[39m+     30[0m:[39m[48;2;24;38;30m [38;2;101;115;126m    printf("fnv1('hello') = %lu, digest = %s\n", h, digest);[K
[0m[48;2;40;67;43m[39m+     31[0m:[39m[48;2;24;38;30m [K
[0m[48;2;40;67;43m[39m+     32[0m:[39m[48;2;24;38;30m [38;2;101;115;126m    // test "bar"[K
[0m[48;2;40;67;43m[39m+     33[0m:[39m[48;2;24;38;30m [38;2;101;115;126m    h = fnv1("bar", 3);[K
[0m[48;2;40;67;43m[39m+     34[0m:[39m[48;2;24;38;30m [38;2;101;115;126m    fh.h = h;[K
[0m[48;2;40;67;43m[39m+     35[0m:[39m[48;2;24;38;30m [38;2;101;115;126m    getDigest(&fh, digest);[K
[0m[48;2;40;67;43m[39m+     36[0m:[39m[48;2;24;38;30m [38;2;101;115;126m    printf("fnv1('bar') = %lu, digest = %s\n", h, digest);[K
[0m[48;2;40;67;43m[39m+     37[0m:[39m[48;2;24;38;30m [K
[0m[48;2;40;67;43m[39m+     38[0m:[39m[48;2;24;38;30m [38;2;101;115;126m    // test single byte[K
[0m[48;2;40;67;43m[39m+     39[0m:[39m[48;2;24;38;30m [38;2;101;115;126m    h = fnv1("a", 1);[K
[0m[48;2;40;67;43m[39m+     40[0m:[39m[48;2;24;38;30m [38;2;101;115;126m    fh.h = h;[K
[0m[48;2;40;67;43m[39m+     41[0m:[39m[48;2;24;38;30m [38;2;101;115;126m    getDigest(&fh, digest);[K
[0m[48;2;40;67;43m[39m+     42[0m:[39m[48;2;24;38;30m [38;2;101;115;126m    printf("fnv1('a') = %lu, digest = %s\n", h, digest);[K
[0m[48;2;40;67;43m[39m+     43[0m:[39m[48;2;24;38;30m [K
[0m[48;2;40;67;43m[39m+     44[0m:[39m[48;2;24;38;30m [38;2;101;115;126m    // === MYUTILS ===[K
[0m[48;2;40;67;43m[39m+     45[0m:[39m[48;2;24;38;30m [38;2;101;115;126m    printf("\n=== MYUTILS TESTS ===\n");[K
[0m[48;2;40;67;43m[39m+     46[0m:[39m[48;2;24;38;30m [38;2;101;115;126m    printf("print_bin(0) = %s\n", print_bin(0));[K
[0m[48;2;40;67;43m[39m+     47[0m:[39m[48;2;24;38;30m [38;2;101;115;126m    printf("print_bin(1) = %s\n", print_bin(1));[K
[0m[48;2;40;67;43m[39m+     48[0m:[39m[48;2;24;38;30m [38;2;101;115;126m    printf("print_bin(255) = %s\n", print_bin(255));[K
[0m[48;2;40;67;43m[39m+     49[0m:[39m[48;2;24;38;30m [38;2;101;115;126m    printf("print_bin(UINT64_MAX) = %s\n", print_bin(UINT64_MAX));[K
[0m[48;2;40;67;43m[39m+     50[0m:[39m[48;2;24;38;30m [38;2;101;115;126m    printf("print_bin(42) = %s\n", print_bin(42));[K
[0m[48;2;40;67;43m[39m+     51[0m:[39m[48;2;24;38;30m [K
[0m[48;2;40;67;43m[39m+     52[0m:[39m[48;2;24;38;30m [38;2;101;115;126m    // === BLOOM FILTER ===[K
[0m[48;2;40;67;43m[39m+     53[0m:[39m[48;2;24;38;30m [38;2;101;115;126m    printf("\n=== BLOOM FILTER TESTS ===\n");[K
[0m[48;2;40;67;43m[39m+     54[0m:[39m[48;2;24;38;30m [K
[0m[48;2;40;67;43m[39m+     55[0m:[39m[48;2;24;38;30m [38;2;101;115;126m    // Initialize[K
[0m[48;2;40;67;43m[39m+     56[0m:[39m[48;2;24;38;30m [38;2;101;115;126m    BloomFilter bf = fleur_initialize(10000, 0.001, "");[K
[0m[48;2;40;67;43m[39m+     57[0m:[39m[48;2;24;38;30m [38;2;101;115;126m    printf("init(10000, 0.001): k=%lu, m=%lu, M=%lu\n", bf.h.k, bf.h.m, bf.M);[K
[0m[48;2;40;67;43m[39m+     58[0m:[39m[48;2;24;38;30m [K
[0m[48;2;40;67;43m[39m+     59[0m:[39m[48;2;24;38;30m [38;2;101;115;126m    BloomFilter bf1 = fleur_initialize(100, 0.00001, "toto");[K
[0m[48;2;40;67;43m[39m+     60[0m:[39m[48;2;24;38;30m [38;2;101;115;126m    printf("init(100, 0.00001): k=%lu, m=%lu, M=%lu\n", bf1.h.k, bf1.h.m, bf1.M);[K
[0m[48;2;40;67;43m[39m+     61[0m:[39m[48;2;24;38;30m [K
[0m[48;2;40;67;43m[39m+     62[0m:[39m[48;2;24;38;30m [38;2;101;115;126m    BloomFilter bf2 = fleur_initialize(9000, 0.01, "titi");[K
[0m[48;2;40;67;43m[39m+     63[0m:[39m[48;2;24;38;30m [38;2;101;115;126m    printf("init(9000, 0.01): k=%lu, m=%lu, M=%lu\n", bf2.h.k, bf2.h.m, bf2.M);[K
[0m[48;2;40;67;43m[39m+     64[0m:[39m[48;2;24;38;30m [K
[0m[48;2;40;67;43m[39m+     65[0m:[39m[48;2;24;38;30m [38;2;101;115;126m    // Fingerprint[K
[0m[48;2;40;67;43m[39m+     66[0m:[39m[48;2;24;38;30m [38;2;101;115;126m    BloomFilter bf3 = fleur_initialize(100000, 0.01, "");[K
[0m[48;2;40;67;43m[39m+     67[0m:[39m[48;2;24;38;30m [38;2;101;115;126m    uint64_t* fp = calloc(bf3.h.k, sizeof(uint64_t));[K
[0m[48;2;40;67;43m[39m+     68[0m:[39m[48;2;24;38;30m [38;2;101;115;126m    fleur_fingerprint(&bf3, "bar", 3, &fp);[K
[0m[48;2;40;67;43m[39m+     69[0m:[39m[48;2;24;38;30m [38;2;101;115;126m    printf("fingerprint('bar', n=100000, p=0.01): k=%lu\n", bf3.h.k);[K
[0m[48;2;40;67;43m[39m+     70[0m:[39m[48;2;24;38;30m [38;2;101;115;126m    for (uint64_t i = 0; i < bf3.h.k; i++) {[K
[0m[48;2;40;67;43m[39m+     71[0m:[39m[48;2;24;38;30m [38;2;101;115;126m        printf("  fp[%lu] = %lu\n", i, fp[i]);[K
[0m[48;2;40;67;43m[39m+     72[0m:[39m[48;2;24;38;30m [38;2;101;115;126m    }[K
[0m[48;2;40;67;43m[39m+     73[0m:[39m[48;2;24;38;30m [K
[0m[48;2;40;67;43m[39m+     74[0m:[39m[48;2;24;38;30m [38;2;101;115;126m    // Add and check[K
[0m[48;2;40;67;43m[39m+     75[0m:[39m[48;2;24;38;30m [38;2;101;115;126m    BloomFilter bf4 = fleur_initialize(1000, 0.001, "");[K
[0m[48;2;40;67;43m[39m+     76[0m:[39m[48;2;24;38;30m [38;2;101;115;126m    printf("\nadd/check tests (n=1000, p=0.001):\n");[K
[0m[48;2;40;67;43m[39m+     77[0m:[39m[48;2;24;38;30m [38;2;101;115;126m    int ret = fleur_add(&bf4, "hello", 5);[K
[0m[48;2;40;67;43m[39m+     78[0m:[39m[48;2;24;38;30m [38;2;101;115;126m    printf("add('hello') = %d\n", ret);[K
[0m[48;2;40;67;43m[39m+     79[0m:[39m[48;2;24;38;30m [38;2;101;115;126m    ret = fleur_add(&bf4, "world", 5);[K
[0m[48;2;40;67;43m[39m+     80[0m:[39m[48;2;24;38;30m [38;2;101;115;126m    printf("add('world') = %d\n", ret);[K
[0m[48;2;40;67;43m[39m+     81[0m:[39m[48;2;24;38;30m [38;2;101;115;126m    ret = fleur_add(&bf4, "hello", 5);[K
[0m[48;2;40;67;43m[39m+     82[0m:[39m[48;2;24;38;30m [38;2;101;115;126m    printf("add('hello') again = %d\n", ret);[K
[0m[48;2;40;67;43m[39m+     83[0m:[39m[48;2;24;38;30m [38;2;101;115;126m    printf("check('hello') = %d\n", fleur_check(&bf4, "hello", 5));[K
[0m[48;2;40;67;43m[39m+     84[0m:[39m[48;2;24;38;30m [38;2;101;115;126m    printf("check('world') = %d\n", fleur_check(&bf4, "world", 5));[K
[0m[48;2;40;67;43m[39m+     85[0m:[39m[48;2;24;38;30m [38;2;101;115;126m    printf("check('nothere') = %d\n", fleur_check(&bf4, "nothere", 7));[K
[0m[48;2;40;67;43m[39m+     86[0m:[39m[48;2;24;38;30m [K
[0m[48;2;40;67;43m[39m+     87[0m:[39m[48;2;24;38;30m [38;2;101;115;126m    // Full filter test[K
[0m[48;2;40;67;43m[39m+     88[0m:[39m[48;2;24;38;30m [38;2;101;115;126m    BloomFilter bf5 = fleur_initialize(1, 0.5, "");[K
[0m[48;2;40;67;43m[39m+     89[0m:[39m[48;2;24;38;30m [38;2;101;115;126m    printf("\nfull filter test (n=1, p=0.5): k=%lu, m=%lu, M=%lu\n", bf5.h.k, bf5.h.m, bf5.M);[K
[0m[48;2;40;67;43m[39m+     90[0m:[39m[48;2;24;38;30m [38;2;101;115;126m    ret = fleur_add(&bf5, "first", 5);[K
[0m[48;2;40;67;43m[39m+     91[0m:[39m[48;2;24;38;30m [38;2;101;115;126m    printf("add('first') = %d\n", ret);[K
[0m[48;2;40;67;43m[39m+     92[0m:[39m[48;2;24;38;30m [38;2;101;115;126m    ret = fleur_add(&bf5, "second", 6);[K
[0m[48;2;40;67;43m[39m+     93[0m:[39m[48;2;24;38;30m [38;2;101;115;126m    printf("add('second') when full = %d\n", ret);[K
[0m[48;2;40;67;43m[39m+     94[0m:[39m[48;2;24;38;30m [K
[0m[48;2;40;67;43m[39m+     95[0m:[39m[48;2;24;38;30m [38;2;101;115;126m    // Fingerprint for "foo"[K
[0m[48;2;40;67;43m[39m+     96[0m:[39m[48;2;24;38;30m [38;2;101;115;126m    uint64_t* fp2 = calloc(bf3.h.k, sizeof(uint64_t));[K
[0m[48;2;40;67;43m[39m+     97[0m:[39m[48;2;24;38;30m [38;2;101;115;126m    fleur_fingerprint(&bf3, "foo", 3, &fp2);[K
[0m[48;2;40;67;43m[39m+     98[0m:[39m[48;2;24;38;30m [38;2;101;115;126m    printf("\nfingerprint('foo', n=100000, p=0.01):\n");[K
[0m[48;2;40;67;43m[39m+     99[0m:[39m[48;2;24;38;30m [38;2;101;115;126m    for (uint64_t i = 0; i < bf3.h.k; i++) {[K
[0m[48;2;40;67;43m[39m+    100[0m:[39m[48;2;24;38;30m [38;2;101;115;126m        printf("  fp[%lu] = %lu\n", i, fp2[i]);[K
[0m[48;2;40;67;43m[39m+    101[0m:[39m[48;2;24;38;30m [38;2;101;115;126m    }[K
[0m[48;2;40;67;43m[39m+    102[0m:[39m[48;2;24;38;30m [K
[0m[48;2;40;67;43m[39m+    103[0m:[39m[48;2;24;38;30m [38;2;101;115;126m    // Read from file[K
[0m[48;2;40;67;43m[39m+    104[0m:[39m[48;2;24;38;30m [38;2;101;115;126m    printf("\n=== FILE TESTS ===\n");[K
[0m[48;2;40;67;43m[39m+    105[0m:[39m[48;2;24;38;30m [38;2;101;115;126m    FILE* f = fopen("test/suite_2/datatest.bloom", "rb");[K
[0m[48;2;40;67;43m[39m+    106[0m:[39m[48;2;24;38;30m [38;2;101;115;126m    if (f) {[K
[0m[48;2;40;67;43m[39m+    107[0m:[39m[48;2;24;38;30m [38;2;101;115;126m        BloomFilter bff = fleur_bloom_filter_from_file(f);[K
[0m[48;2;40;67;43m[39m+    108[0m:[39m[48;2;24;38;30m [38;2;101;115;126m        printf("from_file: error=%d, M=%lu, n=%lu, k=%lu, m=%lu, N=%lu, p=%f, datasize=%lu\n",[K
[0m[48;2;40;67;43m[39m+    109[0m:[39m[48;2;24;38;30m [38;2;101;115;126m            bff.error, bff.M, bff.h.n, bff.h.k, bff.h.m, bff.h.N, bff.h.p, bff.datasize);[K
[0m[48;2;40;67;43m[39m+    110[0m:[39m[48;2;24;38;30m [38;2;101;115;126m        if (bff.datasize > 0) {[K
[0m[48;2;40;67;43m[39m+    111[0m:[39m[48;2;24;38;30m [38;2;101;115;126m            printf("data='%s'\n", bff.Data);[K
[0m[48;2;40;67;43m[39m+    112[0m:[39m[48;2;24;38;30m [38;2;101;115;126m        }[K
[0m[48;2;40;67;43m[39m+    113[0m:[39m[48;2;24;38;30m [38;2;101;115;126m        fclose(f);[K
[0m[48;2;40;67;43m[39m+    114[0m:[39m[48;2;24;38;30m [38;2;101;115;126m        fleur_destroy_filter(&bff);[K
[0m[48;2;40;67;43m[39m+    115[0m:[39m[48;2;24;38;30m [38;2;101;115;126m    }[K
[0m[48;2;40;67;43m[39m+    116[0m:[39m[48;2;24;38;30m [K
[0m[48;2;40;67;43m[39m+    117[0m:[39m[48;2;24;38;30m [38;2;101;115;126m    // Header check[K
[0m[48;2;40;67;43m[39m+    118[0m:[39m[48;2;24;38;30m [38;2;101;115;126m    printf("\n=== HEADER CHECK ===\n");[K
[0m[48;2;40;67;43m[39m+    119[0m:[39m[48;2;24;38;30m [38;2;101;115;126m    FILE* fh2 = fopen("test/suite_2/header.bin", "rb");[K
[0m[48;2;40;67;43m[39m+    120[0m:[39m[48;2;24;38;30m [38;2;101;115;126m    if (fh2) {[K
[0m[48;2;40;67;43m[39m+    121[0m:[39m[48;2;24;38;30m [38;2;101;115;126m        header hdr;[K
[0m[48;2;40;67;43m[39m+    122[0m:[39m[48;2;24;38;30m [38;2;101;115;126m        fread(&hdr, sizeof(header), 1, fh2);[K
[0m[48;2;40;67;43m[39m+    123[0m:[39m[48;2;24;38;30m [38;2;101;115;126m        printf("header: version=%lu, n=%lu, p=%f, k=%lu, m=%lu, N=%lu\n",[K
[0m[48;2;40;67;43m[39m+    124[0m:[39m[48;2;24;38;30m [38;2;101;115;126m            hdr.version, hdr.n, hdr.p, hdr.k, hdr.m, hdr.N);[K
[0m[48;2;40;67;43m[39m+    125[0m:[39m[48;2;24;38;30m [38;2;101;115;126m        printf("check_header = %d\n", fleur_check_header(&hdr));[K
[0m[48;2;40;67;43m[39m+    126[0m:[39m[48;2;24;38;30m [38;2;101;115;126m        fclose(fh2);[K
[0m[48;2;40;67;43m[39m+    127[0m:[39m[48;2;24;38;30m [38;2;101;115;126m    }[K
[0m[48;2;40;67;43m[39m+    128[0m:[39m[48;2;24;38;30m [K
[0m[48;2;40;67;43m[39m+    129[0m:[39m[48;2;24;38;30m [38;2;101;115;126m    fleur_destroy_filter(&bf);[K
[0m[48;2;40;67;43m[39m+    130[0m:[39m[48;2;24;38;30m [38;2;101;115;126m    fleur_destroy_filter(&bf1);[K
[0m[48;2;40;67;43m[39m+    131[0m:[39m[48;2;24;38;30m [38;2;101;115;126m    fleur_destroy_filter(&bf2);[K
[0m[48;2;40;67;43m[39m+    132[0m:[39m[48;2;24;38;30m [38;2;101;115;126m    fleur_destroy_filter(&bf3);[K
[0m[48;2;40;67;43m[39m+    133[0m:[39m[48;2;24;38;30m [38;2;101;115;126m    fleur_destroy_filter(&bf4);[K
[0m[48;2;40;67;43m[39m+    134[0m:[39m[48;2;24;38;30m [38;2;101;115;126m    fleur_destroy_filter(&bf5);[K
[0m[48;2;40;67;43m[39m+    135[0m:[39m[48;2;24;38;30m [38;2;101;115;126m    free(fp);[K
[0m[48;2;40;67;43m[39m+    136[0m:[39m[48;2;24;38;30m [38;2;101;115;126m    free(fp2);[K
[0m[48;2;40;67;43m[39m+    137[0m:[39m[48;2;24;38;30m [K
[0m[48;2;40;67;43m[39m+    138[0m:[39m[48;2;24;38;30m [38;2;101;115;126m    return 0;[K
[0m[48;2;40;67;43m[39m+    139[0m:[39m[48;2;24;38;30m [38;2;101;115;126m}[K
[0m[K
Creating: [38;5;141m/tmp/harvest-crust-verify-P8Qybt/project/c_src/test_ground_truth.c[0m
[38;5;244m - Completed in 0.0s[0m

[?25l[0m[?25l[0m[0mI will run the following command: [38;5;141mcd /tmp/harvest-crust-verify-P8Qybt/project/c_src && gcc -o test_ground_truth test_ground_truth.c fnv/fnv.c myutils/myutils.c fleur/fleur.c -I. -Ifnv -Imyutils -Ifleur -lm 2>&1[0m[38;5;244m (using tool: shell)[0m
Purpose: Compile the C ground truth test program

[38;5;244m - Completed in 0.127s[0m

[?25l[0m[?25l[0m[0mI will run the following command: [38;5;141mcd /tmp/harvest-crust-verify-P8Qybt/project/c_src && ./test_ground_truth 2>&1[0m[38;5;244m (using tool: shell)[0m
Purpose: Run the C ground truth test program

=== FNV TESTS ===
fnv1('test') = 10090666253179731817, digest = 8c093f7e9fccbf69
fnv1('') = 14695981039346656037, digest = cbf29ce484222325
fnv1('hello') = 8883723591023973575, digest = 7b495389bdbdd4c7
fnv1('bar') = 15625701906442958976, digest = d8d9a5186bad3880
fnv1('a') = 12638153115695167422, digest = af63bd4c8601b7be

=== MYUTILS TESTS ===
print_bin(0) = 0000000000000000000000000000000000000000000000000000000000000000
print_bin(1) = 0000000000000000000000000000000000000000000000000000000000000001
print_bin(255) = 0000000000000000000000000000000000000000000000000000000011111111
print_bin(UINT64_MAX) = 1111111111111111111111111111111111111111111111111111111111111111
print_bin(42) = 0000000000000000000000000000000000000000000000000000000000101010

=== BLOOM FILTER TESTS ===
init(10000, 0.001): k=10, m=143775, M=2247
init(100, 0.00001): k=17, m=2396, M=38
init(9000, 0.01): k=7, m=86265, M=1348
fingerprint('bar', n=100000, p=0.01): k=7
  fp[0] = 20311
  fp[1] = 36825
  fp[2] = 412501
  fp[3] = 835777
  fp[4] = 658914
  fp[5] = 853361
  fp[6] = 307361

add/check tests (n=1000, p=0.001):
add('hello') = 1
add('world') = 1
add('hello') again = 0
check('hello') = 1
check('world') = 1
check('nothere') = 0

full filter test (n=1, p=0.5): k=1, m=1, M=1
add('first') = 1
add('second') when full = -1

fingerprint('foo', n=100000, p=0.01):
  fp[0] = 888439
  fp[1] = 783115
  fp[2] = 68504
  fp[3] = 105856
  fp[4] = 325730
  fp[5] = 942013
  fp[6] = 799862

=== FILE TESTS ===
from_file: error=0, M=450, n=1000, k=20, m=28755, N=3, p=0.000001, datasize=5
data='toto
'

=== HEADER CHECK ===
header: version=1, n=354253067, p=0.000100, k=14, m=6791072655, N=354249652
check_header = 1
[38;5;244m - Completed in 0.4s[0m

[?25l[0m[?25l[0m[0m[38;5;11mTODO:
[39m[38;5;10m[x] [3m[38;5;244mCompile and run C code to get ground truth outputs[23m
[0m[ ] Write test files in src/bin/ for each module[38;5;244m - Completed in 0.0s[0m

[?25l[0m[38;5;141m> [0mNow let me create the [38;5;10msrc/bin/[0m directory and write the test files:[0m[0m
[?25l[0m[0mI will run the following command: [38;5;141mmkdir -p /tmp/harvest-crust-verify-P8Qybt/project/src/bin[0m[38;5;244m (using tool: shell)[0m
Purpose: Create src/bin directory for test files

[38;5;244m - Completed in 0.4s[0m

[?25l[0m[?25l[0m[0mI'll create the following file: [38;5;141m/tmp/harvest-crust-verify-P8Qybt/project/src/bin/test_fnv.rs[0m[38;5;244m (using tool: write)[0m

[48;2;40;67;43m[39m+     1[0m:[39m[48;2;24;38;30m [38;2;180;142;173muse[38;2;192;197;206m [38;2;192;197;206mfleur[38;2;192;197;206m::[38;2;192;197;206mfnv[38;2;192;197;206m::[38;2;192;197;206m{[38;2;192;197;206mfnv1[38;2;192;197;206m,[38;2;192;197;206m getDigest[38;2;192;197;206m,[38;2;192;197;206m [38;2;208;135;112mFNV_OFFSET_BASIS[38;2;192;197;206m,[38;2;192;197;206m [38;2;208;135;112mFNV_PRIME[38;2;192;197;206m}[38;2;192;197;206m;[K
[0m[48;2;40;67;43m[39m+     2[0m:[39m[48;2;24;38;30m [K
[0m[48;2;40;67;43m[39m+     3[0m:[39m[48;2;24;38;30m [38;2;192;197;206m#[38;2;192;197;206m[[38;2;191;97;106mtest[38;2;192;197;206m][K
[0m[48;2;40;67;43m[39m+     4[0m:[39m[48;2;24;38;30m [38;2;180;142;173mfn[38;2;192;197;206m [38;2;143;161;179mtest_fnv_constants[38;2;192;197;206m([38;2;192;197;206m)[38;2;192;197;206m [38;2;192;197;206m{[K
[0m[48;2;40;67;43m[39m+     5[0m:[39m[48;2;24;38;30m [38;2;192;197;206m    [38;2;192;197;206massert_eq![38;2;192;197;206m([38;2;208;135;112mFNV_PRIME[38;2;192;197;206m,[38;2;192;197;206m [38;2;208;135;112m1099511628211[38;2;180;142;173mu64[38;2;192;197;206m)[38;2;192;197;206m;[K
[0m[48;2;40;67;43m[39m+     6[0m:[39m[48;2;24;38;30m [38;2;192;197;206m    [38;2;192;197;206massert_eq![38;2;192;197;206m([38;2;208;135;112mFNV_OFFSET_BASIS[38;2;192;197;206m,[38;2;192;197;206m [38;2;208;135;112m14695981039346656037[38;2;180;142;173mu64[38;2;192;197;206m)[38;2;192;197;206m;[K
[0m[48;2;40;67;43m[39m+     7[0m:[39m[48;2;24;38;30m [38;2;192;197;206m}[K
[0m[48;2;40;67;43m[39m+     8[0m:[39m[48;2;24;38;30m [K
[0m[48;2;40;67;43m[39m+     9[0m:[39m[48;2;24;38;30m [38;2;192;197;206m#[38;2;192;197;206m[[38;2;191;97;106mtest[38;2;192;197;206m][K
[0m[48;2;40;67;43m[39m+    10[0m:[39m[48;2;24;38;30m [38;2;180;142;173mfn[38;2;192;197;206m [38;2;143;161;179mtest_fnv1_test[38;2;192;197;206m([38;2;192;197;206m)[38;2;192;197;206m [38;2;192;197;206m{[K
[0m[48;2;40;67;43m[39m+    11[0m:[39m[48;2;24;38;30m [38;2;192;197;206m    [38;2;192;197;206massert_eq![38;2;192;197;206m([38;2;150;181;180mfnv1[38;2;192;197;206m([38;2;180;142;173mb[38;2;192;197;206m"[38;2;163;190;140mtest[38;2;192;197;206m"[38;2;192;197;206m)[38;2;192;197;206m,[38;2;192;197;206m [38;2;208;135;112m10090666253179731817[38;2;180;142;173mu64[38;2;192;197;206m)[38;2;192;197;206m;[K
[0m[48;2;40;67;43m[39m+    12[0m:[39m[48;2;24;38;30m [38;2;192;197;206m}[K
[0m[48;2;40;67;43m[39m+    13[0m:[39m[48;2;24;38;30m [K
[0m[48;2;40;67;43m[39m+    14[0m:[39m[48;2;24;38;30m [38;2;192;197;206m#[38;2;192;197;206m[[38;2;191;97;106mtest[38;2;192;197;206m][K
[0m[48;2;40;67;43m[39m+    15[0m:[39m[48;2;24;38;30m [38;2;180;142;173mfn[38;2;192;197;206m [38;2;143;161;179mtest_fnv1_empty[38;2;192;197;206m([38;2;192;197;206m)[38;2;192;197;206m [38;2;192;197;206m{[K
[0m[48;2;40;67;43m[39m+    16[0m:[39m[48;2;24;38;30m [38;2;192;197;206m    [38;2;192;197;206massert_eq![38;2;192;197;206m([38;2;150;181;180mfnv1[38;2;192;197;206m([38;2;180;142;173mb[38;2;192;197;206m"[38;2;192;197;206m"[38;2;192;197;206m)[38;2;192;197;206m,[38;2;192;197;206m [38;2;208;135;112m14695981039346656037[38;2;180;142;173mu64[38;2;192;197;206m)[38;2;192;197;206m;[K
[0m[48;2;40;67;43m[39m+    17[0m:[39m[48;2;24;38;30m [38;2;192;197;206m}[K
[0m[48;2;40;67;43m[39m+    18[0m:[39m[48;2;24;38;30m [K
[0m[48;2;40;67;43m[39m+    19[0m:[39m[48;2;24;38;30m [38;2;192;197;206m#[38;2;192;197;206m[[38;2;191;97;106mtest[38;2;192;197;206m][K
[0m[48;2;40;67;43m[39m+    20[0m:[39m[48;2;24;38;30m [38;2;180;142;173mfn[38;2;192;197;206m [38;2;143;161;179mtest_fnv1_hello[38;2;192;197;206m([38;2;192;197;206m)[38;2;192;197;206m [38;2;192;197;206m{[K
[0m[48;2;40;67;43m[39m+    21[0m:[39m[48;2;24;38;30m [38;2;192;197;206m    [38;2;192;197;206massert_eq![38;2;192;197;206m([38;2;150;181;180mfnv1[38;2;192;197;206m([38;2;180;142;173mb[38;2;192;197;206m"[38;2;163;190;140mhello[38;2;192;197;206m"[38;2;192;197;206m)[38;2;192;197;206m,[38;2;192;197;206m [38;2;208;135;112m8883723591023973575[38;2;180;142;173mu64[38;2;192;197;206m)[38;2;192;197;206m;[K
[0m[48;2;40;67;43m[39m+    22[0m:[39m[48;2;24;38;30m [38;2;192;197;206m}[K
[0m[48;2;40;67;43m[39m+    23[0m:[39m[48;2;24;38;30m [K
[0m[48;2;40;67;43m[39m+    24[0m:[39m[48;2;24;38;30m [38;2;192;197;206m#[38;2;192;197;206m[[38;2;191;97;106mtest[38;2;192;197;206m][K
[0m[48;2;40;67;43m[39m+    25[0m:[39m[48;2;24;38;30m [38;2;180;142;173mfn[38;2;192;197;206m [38;2;143;161;179mtest_fnv1_bar[38;2;192;197;206m([38;2;192;197;206m)[38;2;192;197;206m [38;2;192;197;206m{[K
[0m[48;2;40;67;43m[39m+    26[0m:[39m[48;2;24;38;30m [38;2;192;197;206m    [38;2;192;197;206massert_eq![38;2;192;197;206m([38;2;150;181;180mfnv1[38;2;192;197;206m([38;2;180;142;173mb[38;2;192;197;206m"[38;2;163;190;140mbar[38;2;192;197;206m"[38;2;192;197;206m)[38;2;192;197;206m,[38;2;192;197;206m [38;2;208;135;112m15625701906442958976[38;2;180;142;173mu64[38;2;192;197;206m)[38;2;192;197;206m;[K
[0m[48;2;40;67;43m[39m+    27[0m:[39m[48;2;24;38;30m [38;2;192;197;206m}[K
[0m[48;2;40;67;43m[39m+    28[0m:[39m[48;2;24;38;30m [K
[0m[48;2;40;67;43m[39m+    29[0m:[39m[48;2;24;38;30m [38;2;192;197;206m#[38;2;192;197;206m[[38;2;191;97;106mtest[38;2;192;197;206m][K
[0m[48;2;40;67;43m[39m+    30[0m:[39m[48;2;24;38;30m [38;2;180;142;173mfn[38;2;192;197;206m [38;2;143;161;179mtest_fnv1_a[38;2;192;197;206m([38;2;192;197;206m)[38;2;192;197;206m [38;2;192;197;206m{[K
[0m[48;2;40;67;43m[39m+    31[0m:[39m[48;2;24;38;30m [38;2;192;197;206m    [38;2;192;197;206massert_eq![38;2;192;197;206m([38;2;150;181;180mfnv1[38;2;192;197;206m([38;2;180;142;173mb[38;2;192;197;206m"[38;2;163;190;140ma[38;2;192;197;206m"[38;2;192;197;206m)[38;2;192;197;206m,[38;2;192;197;206m [38;2;208;135;112m12638153115695167422[38;2;180;142;173mu64[38;2;192;197;206m)[38;2;192;197;206m;[K
[0m[48;2;40;67;43m[39m+    32[0m:[39m[48;2;24;38;30m [38;2;192;197;206m}[K
[0m[48;2;40;67;43m[39m+    33[0m:[39m[48;2;24;38;30m [K
[0m[48;2;40;67;43m[39m+    34[0m:[39m[48;2;24;38;30m [38;2;192;197;206m#[38;2;192;197;206m[[38;2;191;97;106mtest[38;2;192;197;206m][K
[0m[48;2;40;67;43m[39m+    35[0m:[39m[48;2;24;38;30m [38;2;180;142;173mfn[38;2;192;197;206m [38;2;143;161;179mtest_digest_test[38;2;192;197;206m([38;2;192;197;206m)[38;2;192;197;206m [38;2;192;197;206m{[K
[0m[48;2;40;67;43m[39m+    36[0m:[39m[48;2;24;38;30m [38;2;192;197;206m    [38;2;180;142;173mlet[38;2;192;197;206m h [38;2;192;197;206m=[38;2;192;197;206m [38;2;150;181;180mfnv1[38;2;192;197;206m([38;2;180;142;173mb[38;2;192;197;206m"[38;2;163;190;140mtest[38;2;192;197;206m"[38;2;192;197;206m)[38;2;192;197;206m;[K
[0m[48;2;40;67;43m[39m+    37[0m:[39m[48;2;24;38;30m [38;2;192;197;206m    [38;2;192;197;206massert_eq![38;2;192;197;206m([38;2;192;197;206mgetDigest[38;2;192;197;206m([38;2;192;197;206mh[38;2;192;197;206m)[38;2;192;197;206m,[38;2;192;197;206m [38;2;192;197;206m"[38;2;163;190;140m8c093f7e9fccbf69[38;2;192;197;206m"[38;2;192;197;206m)[38;2;192;197;206m;[K
[0m[48;2;40;67;43m[39m+    38[0m:[39m[48;2;24;38;30m [38;2;192;197;206m}[K
[0m[48;2;40;67;43m[39m+    39[0m:[39m[48;2;24;38;30m [K
[0m[48;2;40;67;43m[39m+    40[0m:[39m[48;2;24;38;30m [38;2;192;197;206m#[38;2;192;197;206m[[38;2;191;97;106mtest[38;2;192;197;206m][K
[0m[48;2;40;67;43m[39m+    41[0m:[39m[48;2;24;38;30m [38;2;180;142;173mfn[38;2;192;197;206m [38;2;143;161;179mtest_digest_empty[38;2;192;197;206m([38;2;192;197;206m)[38;2;192;197;206m [38;2;192;197;206m{[K
[0m[48;2;40;67;43m[39m+    42[0m:[39m[48;2;24;38;30m [38;2;192;197;206m    [38;2;180;142;173mlet[38;2;192;197;206m h [38;2;192;197;206m=[38;2;192;197;206m [38;2;150;181;180mfnv1[38;2;192;197;206m([38;2;180;142;173mb[38;2;192;197;206m"[38;2;192;197;206m"[38;2;192;197;206m)[38;2;192;197;206m;[K
[0m[48;2;40;67;43m[39m+    43[0m:[39m[48;2;24;38;30m [38;2;192;197;206m    [38;2;192;197;206massert_eq![38;2;192;197;206m([38;2;192;197;206mgetDigest[38;2;192;197;206m([38;2;192;197;206mh[38;2;192;197;206m)[38;2;192;197;206m,[38;2;192;197;206m [38;2;192;197;206m"[38;2;163;190;140mcbf29ce484222325[38;2;192;197;206m"[38;2;192;197;206m)[38;2;192;197;206m;[K
[0m[48;2;40;67;43m[39m+    44[0m:[39m[48;2;24;38;30m [38;2;192;197;206m}[K
[0m[48;2;40;67;43m[39m+    45[0m:[39m[48;2;24;38;30m [K
[0m[48;2;40;67;43m[39m+    46[0m:[39m[48;2;24;38;30m [38;2;192;197;206m#[38;2;192;197;206m[[38;2;191;97;106mtest[38;2;192;197;206m][K
[0m[48;2;40;67;43m[39m+    47[0m:[39m[48;2;24;38;30m [38;2;180;142;173mfn[38;2;192;197;206m [38;2;143;161;179mtest_digest_hello[38;2;192;197;206m([38;2;192;197;206m)[38;2;192;197;206m [38;2;192;197;206m{[K
[0m[48;2;40;67;43m[39m+    48[0m:[39m[48;2;24;38;30m [38;2;192;197;206m    [38;2;180;142;173mlet[38;2;192;197;206m h [38;2;192;197;206m=[38;2;192;197;206m [38;2;150;181;180mfnv1[38;2;192;197;206m([38;2;180;142;173mb[38;2;192;197;206m"[38;2;163;190;140mhello[38;2;192;197;206m"[38;2;192;197;206m)[38;2;192;197;206m;[K
[0m[48;2;40;67;43m[39m+    49[0m:[39m[48;2;24;38;30m [38;2;192;197;206m    [38;2;192;197;206massert_eq![38;2;192;197;206m([38;2;192;197;206mgetDigest[38;2;192;197;206m([38;2;192;197;206mh[38;2;192;197;206m)[38;2;192;197;206m,[38;2;192;197;206m [38;2;192;197;206m"[38;2;163;190;140m7b495389bdbdd4c7[38;2;192;197;206m"[38;2;192;197;206m)[38;2;192;197;206m;[K
[0m[48;2;40;67;43m[39m+    50[0m:[39m[48;2;24;38;30m [38;2;192;197;206m}[K
[0m[48;2;40;67;43m[39m+    51[0m:[39m[48;2;24;38;30m [K
[0m[48;2;40;67;43m[39m+    52[0m:[39m[48;2;24;38;30m [38;2;192;197;206m#[38;2;192;197;206m[[38;2;191;97;106mtest[38;2;192;197;206m][K
[0m[48;2;40;67;43m[39m+    53[0m:[39m[48;2;24;38;30m [38;2;180;142;173mfn[38;2;192;197;206m [38;2;143;161;179mtest_digest_bar[38;2;192;197;206m([38;2;192;197;206m)[38;2;192;197;206m [38;2;192;197;206m{[K
[0m[48;2;40;67;43m[39m+    54[0m:[39m[48;2;24;38;30m [38;2;192;197;206m    [38;2;180;142;173mlet[38;2;192;197;206m h [38;2;192;197;206m=[38;2;192;197;206m [38;2;150;181;180mfnv1[38;2;192;197;206m([38;2;180;142;173mb[38;2;192;197;206m"[38;2;163;190;140mbar[38;2;192;197;206m"[38;2;192;197;206m)[38;2;192;197;206m;[K
[0m[48;2;40;67;43m[39m+    55[0m:[39m[48;2;24;38;30m [38;2;192;197;206m    [38;2;192;197;206massert_eq![38;2;192;197;206m([38;2;192;197;206mgetDigest[38;2;192;197;206m([38;2;192;197;206mh[38;2;192;197;206m)[38;2;192;197;206m,[38;2;192;197;206m [38;2;192;197;206m"[38;2;163;190;140md8d9a5186bad3880[38;2;192;197;206m"[38;2;192;197;206m)[38;2;192;197;206m;[K
[0m[48;2;40;67;43m[39m+    56[0m:[39m[48;2;24;38;30m [38;2;192;197;206m}[K
[0m[48;2;40;67;43m[39m+    57[0m:[39m[48;2;24;38;30m [K
[0m[48;2;40;67;43m[39m+    58[0m:[39m[48;2;24;38;30m [38;2;192;197;206m#[38;2;192;197;206m[[38;2;191;97;106mtest[38;2;192;197;206m][K
[0m[48;2;40;67;43m[39m+    59[0m:[39m[48;2;24;38;30m [38;2;180;142;173mfn[38;2;192;197;206m [38;2;143;161;179mtest_digest_a[38;2;192;197;206m([38;2;192;197;206m)[38;2;192;197;206m [38;2;192;197;206m{[K
[0m[48;2;40;67;43m[39m+    60[0m:[39m[48;2;24;38;30m [38;2;192;197;206m    [38;2;180;142;173mlet[38;2;192;197;206m h [38;2;192;197;206m=[38;2;192;197;206m [38;2;150;181;180mfnv1[38;2;192;197;206m([38;2;180;142;173mb[38;2;192;197;206m"[38;2;163;190;140ma[38;2;192;197;206m"[38;2;192;197;206m)[38;2;192;197;206m;[K
[0m[48;2;40;67;43m[39m+    61[0m:[39m[48;2;24;38;30m [38;2;192;197;206m    [38;2;192;197;206massert_eq![38;2;192;197;206m([38;2;192;197;206mgetDigest[38;2;192;197;206m([38;2;192;197;206mh[38;2;192;197;206m)[38;2;192;197;206m,[38;2;192;197;206m [38;2;192;197;206m"[38;2;163;190;140maf63bd4c8601b7be[38;2;192;197;206m"[38;2;192;197;206m)[38;2;192;197;206m;[K
[0m[48;2;40;67;43m[39m+    62[0m:[39m[48;2;24;38;30m [38;2;192;197;206m}[K
[0m[48;2;40;67;43m[39m+    63[0m:[39m[48;2;24;38;30m [K
[0m[48;2;40;67;43m[39m+    64[0m:[39m[48;2;24;38;30m [38;2;180;142;173mfn[38;2;192;197;206m [38;2;143;161;179mmain[38;2;192;197;206m([38;2;192;197;206m)[38;2;192;197;206m [38;2;192;197;206m{[38;2;192;197;206m}[K
[0m[K
Creating: [38;5;141m/tmp/harvest-crust-verify-P8Qybt/project/src/bin/test_fnv.rs[0m
[38;5;244m - Completed in 0.0s[0m

[?25l[0m[?25l[0m[0mI'll create the following file: [38;5;141m/tmp/harvest-crust-verify-P8Qybt/project/src/bin/test_myutils.rs[0m[38;5;244m (using tool: write)[0m

[48;2;40;67;43m[39m+     1[0m:[39m[48;2;24;38;30m [38;2;180;142;173muse[38;2;192;197;206m [38;2;192;197;206mfleur[38;2;192;197;206m::[38;2;192;197;206mmyutils[38;2;192;197;206m::[38;2;192;197;206mprint_bin[38;2;192;197;206m;[K
[0m[48;2;40;67;43m[39m+     2[0m:[39m[48;2;24;38;30m [K
[0m[48;2;40;67;43m[39m+     3[0m:[39m[48;2;24;38;30m [38;2;192;197;206m#[38;2;192;197;206m[[38;2;191;97;106mtest[38;2;192;197;206m][K
[0m[48;2;40;67;43m[39m+     4[0m:[39m[48;2;24;38;30m [38;2;180;142;173mfn[38;2;192;197;206m [38;2;143;161;179mtest_print_bin_zero[38;2;192;197;206m([38;2;192;197;206m)[38;2;192;197;206m [38;2;192;197;206m{[K
[0m[48;2;40;67;43m[39m+     5[0m:[39m[48;2;24;38;30m [38;2;192;197;206m    [38;2;192;197;206massert_eq![38;2;192;197;206m([38;2;150;181;180mprint_bin[38;2;192;197;206m([38;2;208;135;112m0[38;2;192;197;206m)[38;2;192;197;206m,[38;2;192;197;206m [38;2;192;197;206m"[38;2;163;190;140m0000000000000000000000000000000000000000000000000000000000000000[38;2;192;197;206m"[38;2;192;197;206m)[38;2;192;197;206m;[K
[0m[48;2;40;67;43m[39m+     6[0m:[39m[48;2;24;38;30m [38;2;192;197;206m}[K
[0m[48;2;40;67;43m[39m+     7[0m:[39m[48;2;24;38;30m [K
[0m[48;2;40;67;43m[39m+     8[0m:[39m[48;2;24;38;30m [38;2;192;197;206m#[38;2;192;197;206m[[38;2;191;97;106mtest[38;2;192;197;206m][K
[0m[48;2;40;67;43m[39m+     9[0m:[39m[48;2;24;38;30m [38;2;180;142;173mfn[38;2;192;197;206m [38;2;143;161;179mtest_print_bin_one[38;2;192;197;206m([38;2;192;197;206m)[38;2;192;197;206m [38;2;192;197;206m{[K
[0m[48;2;40;67;43m[39m+    10[0m:[39m[48;2;24;38;30m [38;2;192;197;206m    [38;2;192;197;206massert_eq![38;2;192;197;206m([38;2;150;181;180mprint_bin[38;2;192;197;206m([38;2;208;135;112m1[38;2;192;197;206m)[38;2;192;197;206m,[38;2;192;197;206m [38;2;192;197;206m"[38;2;163;190;140m0000000000000000000000000000000000000000000000000000000000000001[38;2;192;197;206m"[38;2;192;197;206m)[38;2;192;197;206m;[K
[0m[48;2;40;67;43m[39m+    11[0m:[39m[48;2;24;38;30m [38;2;192;197;206m}[K
[0m[48;2;40;67;43m[39m+    12[0m:[39m[48;2;24;38;30m [K
[0m[48;2;40;67;43m[39m+    13[0m:[39m[48;2;24;38;30m [38;2;192;197;206m#[38;2;192;197;206m[[38;2;191;97;106mtest[38;2;192;197;206m][K
[0m[48;2;40;67;43m[39m+    14[0m:[39m[48;2;24;38;30m [38;2;180;142;173mfn[38;2;192;197;206m [38;2;143;161;179mtest_print_bin_255[38;2;192;197;206m([38;2;192;197;206m)[38;2;192;197;206m [38;2;192;197;206m{[K
[0m[48;2;40;67;43m[39m+    15[0m:[39m[48;2;24;38;30m [38;2;192;197;206m    [38;2;192;197;206massert_eq![38;2;192;197;206m([38;2;150;181;180mprint_bin[38;2;192;197;206m([38;2;208;135;112m255[38;2;192;197;206m)[38;2;192;197;206m,[38;2;192;197;206m [38;2;192;197;206m"[38;2;163;190;140m0000000000000000000000000000000000000000000000000000000011111111[38;2;192;197;206m"[38;2;192;197;206m)[38;2;192;197;206m;[K
[0m[48;2;40;67;43m[39m+    16[0m:[39m[48;2;24;38;30m [38;2;192;197;206m}[K
[0m[48;2;40;67;43m[39m+    17[0m:[39m[48;2;24;38;30m [K
[0m[48;2;40;67;43m[39m+    18[0m:[39m[48;2;24;38;30m [38;2;192;197;206m#[38;2;192;197;206m[[38;2;191;97;106mtest[38;2;192;197;206m][K
[0m[48;2;40;67;43m[39m+    19[0m:[39m[48;2;24;38;30m [38;2;180;142;173mfn[38;2;192;197;206m [38;2;143;161;179mtest_print_bin_max[38;2;192;197;206m([38;2;192;197;206m)[38;2;192;197;206m [38;2;192;197;206m{[K
[0m[48;2;40;67;43m[39m+    20[0m:[39m[48;2;24;38;30m [38;2;192;197;206m    [38;2;192;197;206massert_eq![38;2;192;197;206m([38;2;150;181;180mprint_bin[38;2;192;197;206m([38;2;180;142;173mu64[38;2;192;197;206m::[38;2;208;135;112mMAX[38;2;192;197;206m)[38;2;192;197;206m,[38;2;192;197;206m [38;2;192;197;206m"[38;2;163;190;140m1111111111111111111111111111111111111111111111111111111111111111[38;2;192;197;206m"[38;2;192;197;206m)[38;2;192;197;206m;[K
[0m[48;2;40;67;43m[39m+    21[0m:[39m[48;2;24;38;30m [38;2;192;197;206m}[K
[0m[48;2;40;67;43m[39m+    22[0m:[39m[48;2;24;38;30m [K
[0m[48;2;40;67;43m[39m+    23[0m:[39m[48;2;24;38;30m [38;2;192;197;206m#[38;2;192;197;206m[[38;2;191;97;106mtest[38;2;192;197;206m][K
[0m[48;2;40;67;43m[39m+    24[0m:[39m[48;2;24;38;30m [38;2;180;142;173mfn[38;2;192;197;206m [38;2;143;161;179mtest_print_bin_42[38;2;192;197;206m([38;2;192;197;206m)[38;2;192;197;206m [38;2;192;197;206m{[K
[0m[48;2;40;67;43m[39m+    25[0m:[39m[48;2;24;38;30m [38;2;192;197;206m    [38;2;192;197;206massert_eq![38;2;192;197;206m([38;2;150;181;180mprint_bin[38;2;192;197;206m([38;2;208;135;112m42[38;2;192;197;206m)[38;2;192;197;206m,[38;2;192;197;206m [38;2;192;197;206m"[38;2;163;190;140m0000000000000000000000000000000000000000000000000000000000101010[38;2;192;197;206m"[38;2;192;197;206m)[38;2;192;197;206m;[K
[0m[48;2;40;67;43m[39m+    26[0m:[39m[48;2;24;38;30m [38;2;192;197;206m}[K
[0m[48;2;40;67;43m[39m+    27[0m:[39m[48;2;24;38;30m [K
[0m[48;2;40;67;43m[39m+    28[0m:[39m[48;2;24;38;30m [38;2;192;197;206m#[38;2;192;197;206m[[38;2;191;97;106mtest[38;2;192;197;206m][K
[0m[48;2;40;67;43m[39m+    29[0m:[39m[48;2;24;38;30m [38;2;180;142;173mfn[38;2;192;197;206m [38;2;143;161;179mtest_print_bin_length[38;2;192;197;206m([38;2;192;197;206m)[38;2;192;197;206m [38;2;192;197;206m{[K
[0m[48;2;40;67;43m[39m+    30[0m:[39m[48;2;24;38;30m [38;2;192;197;206m    [38;2;192;197;206massert_eq![38;2;192;197;206m([38;2;150;181;180mprint_bin[38;2;192;197;206m([38;2;208;135;112m0[38;2;192;197;206m)[38;2;192;197;206m.[38;2;150;181;180mlen[38;2;192;197;206m([38;2;192;197;206m)[38;2;192;197;206m,[38;2;192;197;206m [38;2;208;135;112m64[38;2;192;197;206m)[38;2;192;197;206m;[K
[0m[48;2;40;67;43m[39m+    31[0m:[39m[48;2;24;38;30m [38;2;192;197;206m    [38;2;192;197;206massert_eq![38;2;192;197;206m([38;2;150;181;180mprint_bin[38;2;192;197;206m([38;2;180;142;173mu64[38;2;192;197;206m::[38;2;208;135;112mMAX[38;2;192;197;206m)[38;2;192;197;206m.[38;2;150;181;180mlen[38;2;192;197;206m([38;2;192;197;206m)[38;2;192;197;206m,[38;2;192;197;206m [38;2;208;135;112m64[38;2;192;197;206m)[38;2;192;197;206m;[K
[0m[48;2;40;67;43m[39m+    32[0m:[39m[48;2;24;38;30m [38;2;192;197;206m}[K
[0m[48;2;40;67;43m[39m+    33[0m:[39m[48;2;24;38;30m [K
[0m[48;2;40;67;43m[39m+    34[0m:[39m[48;2;24;38;30m [38;2;180;142;173mfn[38;2;192;197;206m [38;2;143;161;179mmain[38;2;192;197;206m([38;2;192;197;206m)[38;2;192;197;206m [38;2;192;197;206m{[38;2;192;197;206m}[K
[0m[K
Creating: [38;5;141m/tmp/harvest-crust-verify-P8Qybt/project/src/bin/test_myutils.rs[0m
[38;5;244m - Completed in 0.0s[0m

[?25l[0m[?25l[0m[0mI'll create the following file: [38;5;141m/tmp/harvest-crust-verify-P8Qybt/project/src/bin/test_fleur.rs[0m[38;5;244m (using tool: write)[0m

[48;2;40;67;43m[39m+      1[0m:[39m[48;2;24;38;30m [38;2;180;142;173muse[38;2;192;197;206m [38;2;192;197;206mfleur[38;2;192;197;206m::[38;2;192;197;206mfleur[38;2;192;197;206m::[38;2;192;197;206mBloomFilter[38;2;192;197;206m;[K
[0m[48;2;40;67;43m[39m+      2[0m:[39m[48;2;24;38;30m [38;2;180;142;173muse[38;2;192;197;206m [38;2;192;197;206mstd[38;2;192;197;206m::[38;2;192;197;206mfs[38;2;192;197;206m::[38;2;192;197;206mFile[38;2;192;197;206m;[K
[0m[48;2;40;67;43m[39m+      3[0m:[39m[48;2;24;38;30m [K
[0m[48;2;40;67;43m[39m+      4[0m:[39m[48;2;24;38;30m [38;2;192;197;206m#[38;2;192;197;206m[[38;2;191;97;106mtest[38;2;192;197;206m][K
[0m[48;2;40;67;43m[39m+      5[0m:[39m[48;2;24;38;30m [38;2;180;142;173mfn[38;2;192;197;206m [38;2;143;161;179mtest_initialize_10000[38;2;192;197;206m([38;2;192;197;206m)[38;2;192;197;206m [38;2;192;197;206m{[K
[0m[48;2;40;67;43m[39m+      6[0m:[39m[48;2;24;38;30m [38;2;192;197;206m    [38;2;180;142;173mlet[38;2;192;197;206m bf [38;2;192;197;206m=[38;2;192;197;206m [38;2;192;197;206mBloomFilter[38;2;192;197;206m::[38;2;192;197;206minitialize[38;2;192;197;206m([38;2;208;135;112m10000[38;2;192;197;206m,[38;2;192;197;206m [38;2;208;135;112m0.[38;2;208;135;112m001[38;2;192;197;206m,[38;2;192;197;206m [38;2;180;142;173mb[38;2;192;197;206m"[38;2;192;197;206m"[38;2;192;197;206m)[38;2;192;197;206m;[K
[0m[48;2;40;67;43m[39m+      7[0m:[39m[48;2;24;38;30m [38;2;192;197;206m    [38;2;192;197;206massert_eq![38;2;192;197;206m([38;2;192;197;206mbf.h.k[38;2;192;197;206m,[38;2;192;197;206m [38;2;208;135;112m10[38;2;192;197;206m)[38;2;192;197;206m;[K
[0m[48;2;40;67;43m[39m+      8[0m:[39m[48;2;24;38;30m [38;2;192;197;206m    [38;2;192;197;206massert_eq![38;2;192;197;206m([38;2;192;197;206mbf.h.m[38;2;192;197;206m,[38;2;192;197;206m [38;2;208;135;112m143775[38;2;192;197;206m)[38;2;192;197;206m;[K
[0m[48;2;40;67;43m[39m+      9[0m:[39m[48;2;24;38;30m [38;2;192;197;206m    [38;2;192;197;206massert_eq![38;2;192;197;206m([38;2;192;197;206mbf.m[38;2;192;197;206m,[38;2;192;197;206m [38;2;208;135;112m2247[38;2;192;197;206m)[38;2;192;197;206m;[K
[0m[48;2;40;67;43m[39m+     10[0m:[39m[48;2;24;38;30m [38;2;192;197;206m    [38;2;192;197;206massert_eq![38;2;192;197;206m([38;2;192;197;206mbf.h.n[38;2;192;197;206m,[38;2;192;197;206m [38;2;208;135;112m10000[38;2;192;197;206m)[38;2;192;197;206m;[K
[0m[48;2;40;67;43m[39m+     11[0m:[39m[48;2;24;38;30m [38;2;192;197;206m    [38;2;192;197;206massert_eq![38;2;192;197;206m([38;2;192;197;206mbf.h.n_value[38;2;192;197;206m,[38;2;192;197;206m [38;2;208;135;112m0[38;2;192;197;206m)[38;2;192;197;206m;[K
[0m[48;2;40;67;43m[39m+     12[0m:[39m[48;2;24;38;30m [38;2;192;197;206m    [38;2;192;197;206massert_eq![38;2;192;197;206m([38;2;192;197;206mbf.version[38;2;192;197;206m,[38;2;192;197;206m [38;2;208;135;112m1[38;2;192;197;206m)[38;2;192;197;206m;[K
[0m[48;2;40;67;43m[39m+     13[0m:[39m[48;2;24;38;30m [38;2;192;197;206m    [38;2;192;197;206massert_eq![38;2;192;197;206m([38;2;192;197;206mbf.error[38;2;192;197;206m,[38;2;192;197;206m [38;2;208;135;112m0[38;2;192;197;206m)[38;2;192;197;206m;[K
[0m[48;2;40;67;43m[39m+     14[0m:[39m[48;2;24;38;30m [38;2;192;197;206m    [38;2;192;197;206massert![38;2;192;197;206m([38;2;192;197;206mbf.v.[38;2;150;181;180miter[38;2;192;197;206m([38;2;192;197;206m)[38;2;192;197;206m.[38;2;150;181;180mall[38;2;192;197;206m([38;2;192;197;206m|[38;2;192;197;206m&[38;2;191;97;106mx[38;2;192;197;206m|[38;2;192;197;206m [38;2;192;197;206mx [38;2;192;197;206m=[38;2;192;197;206m=[38;2;192;197;206m [38;2;208;135;112m0[38;2;192;197;206m)[38;2;192;197;206m)[38;2;192;197;206m;[K
[0m[48;2;40;67;43m[39m+     15[0m:[39m[48;2;24;38;30m [38;2;192;197;206m}[K
[0m[48;2;40;67;43m[39m+     16[0m:[39m[48;2;24;38;30m [K
[0m[48;2;40;67;43m[39m+     17[0m:[39m[48;2;24;38;30m [38;2;192;197;206m#[38;2;192;197;206m[[38;2;191;97;106mtest[38;2;192;197;206m][K
[0m[48;2;40;67;43m[39m+     18[0m:[39m[48;2;24;38;30m [38;2;180;142;173mfn[38;2;192;197;206m [38;2;143;161;179mtest_initialize_100[38;2;192;197;206m([38;2;192;197;206m)[38;2;192;197;206m [38;2;192;197;206m{[K
[0m[48;2;40;67;43m[39m+     19[0m:[39m[48;2;24;38;30m [38;2;192;197;206m    [38;2;180;142;173mlet[38;2;192;197;206m bf [38;2;192;197;206m=[38;2;192;197;206m [38;2;192;197;206mBloomFilter[38;2;192;197;206m::[38;2;192;197;206minitialize[38;2;192;197;206m([38;2;208;135;112m100[38;2;192;197;206m,[38;2;192;197;206m [38;2;208;135;112m0.[38;2;208;135;112m00001[38;2;192;197;206m,[38;2;192;197;206m [38;2;180;142;173mb[38;2;192;197;206m"[38;2;163;190;140mtoto[38;2;192;197;206m"[38;2;192;197;206m)[38;2;192;197;206m;[K
[0m[48;2;40;67;43m[39m+     20[0m:[39m[48;2;24;38;30m [38;2;192;197;206m    [38;2;192;197;206massert_eq![38;2;192;197;206m([38;2;192;197;206mbf.h.k[38;2;192;197;206m,[38;2;192;197;206m [38;2;208;135;112m17[38;2;192;197;206m)[38;2;192;197;206m;[K
[0m[48;2;40;67;43m[39m+     21[0m:[39m[48;2;24;38;30m [38;2;192;197;206m    [38;2;192;197;206massert_eq![38;2;192;197;206m([38;2;192;197;206mbf.h.m[38;2;192;197;206m,[38;2;192;197;206m [38;2;208;135;112m2396[38;2;192;197;206m)[38;2;192;197;206m;[K
[0m[48;2;40;67;43m[39m+     22[0m:[39m[48;2;24;38;30m [38;2;192;197;206m    [38;2;192;197;206massert_eq![38;2;192;197;206m([38;2;192;197;206mbf.m[38;2;192;197;206m,[38;2;192;197;206m [38;2;208;135;112m38[38;2;192;197;206m)[38;2;192;197;206m;[K
[0m[48;2;40;67;43m[39m+     23[0m:[39m[48;2;24;38;30m [38;2;192;197;206m}[K
[0m[48;2;40;67;43m[39m+     24[0m:[39m[48;2;24;38;30m [K
[0m[48;2;40;67;43m[39m+     25[0m:[39m[48;2;24;38;30m [38;2;192;197;206m#[38;2;192;197;206m[[38;2;191;97;106mtest[38;2;192;197;206m][K
[0m[48;2;40;67;43m[39m+     26[0m:[39m[48;2;24;38;30m [38;2;180;142;173mfn[38;2;192;197;206m [38;2;143;161;179mtest_initialize_9000[38;2;192;197;206m([38;2;192;197;206m)[38;2;192;197;206m [38;2;192;197;206m{[K
[0m[48;2;40;67;43m[39m+     27[0m:[39m[48;2;24;38;30m [38;2;192;197;206m    [38;2;180;142;173mlet[38;2;192;197;206m bf [38;2;192;197;206m=[38;2;192;197;206m [38;2;192;197;206mBloomFilter[38;2;192;197;206m::[38;2;192;197;206minitialize[38;2;192;197;206m([38;2;208;135;112m9000[38;2;192;197;206m,[38;2;192;197;206m [38;2;208;135;112m0.[38;2;208;135;112m01[38;2;192;197;206m,[38;2;192;197;206m [38;2;180;142;173mb[38;2;192;197;206m"[38;2;163;190;140mtiti[38;2;192;197;206m"[38;2;192;197;206m)[38;2;192;197;206m;[K
[0m[48;2;40;67;43m[39m+     28[0m:[39m[48;2;24;38;30m [38;2;192;197;206m    [38;2;192;197;206massert_eq![38;2;192;197;206m([38;2;192;197;206mbf.h.k[38;2;192;197;206m,[38;2;192;197;206m [38;2;208;135;112m7[38;2;192;197;206m)[38;2;192;197;206m;[K
[0m[48;2;40;67;43m[39m+     29[0m:[39m[48;2;24;38;30m [38;2;192;197;206m    [38;2;192;197;206massert_eq![38;2;192;197;206m([38;2;192;197;206mbf.h.m[38;2;192;197;206m,[38;2;192;197;206m [38;2;208;135;112m86265[38;2;192;197;206m)[38;2;192;197;206m;[K
[0m[48;2;40;67;43m[39m+     30[0m:[39m[48;2;24;38;30m [38;2;192;197;206m    [38;2;192;197;206massert_eq![38;2;192;197;206m([38;2;192;197;206mbf.m[38;2;192;197;206m,[38;2;192;197;206m [38;2;208;135;112m1348[38;2;192;197;206m)[38;2;192;197;206m;[K
[0m[48;2;40;67;43m[39m+     31[0m:[39m[48;2;24;38;30m [38;2;192;197;206m}[K
[0m[48;2;40;67;43m[39m+     32[0m:[39m[48;2;24;38;30m [K
[0m[48;2;40;67;43m[39m+     33[0m:[39m[48;2;24;38;30m [38;2;192;197;206m#[38;2;192;197;206m[[38;2;191;97;106mtest[38;2;192;197;206m][K
[0m[48;2;40;67;43m[39m+     34[0m:[39m[48;2;24;38;30m [38;2;180;142;173mfn[38;2;192;197;206m [38;2;143;161;179mtest_fingerprint_bar[38;2;192;197;206m([38;2;192;197;206m)[38;2;192;197;206m [38;2;192;197;206m{[K
[0m[48;2;40;67;43m[39m+     35[0m:[39m[48;2;24;38;30m [38;2;192;197;206m    [38;2;180;142;173mlet[38;2;192;197;206m bf [38;2;192;197;206m=[38;2;192;197;206m [38;2;192;197;206mBloomFilter[38;2;192;197;206m::[38;2;192;197;206minitialize[38;2;192;197;206m([38;2;208;135;112m100000[38;2;192;197;206m,[38;2;192;197;206m [38;2;208;135;112m0.[38;2;208;135;112m01[38;2;192;197;206m,[38;2;192;197;206m [38;2;180;142;173mb[38;2;192;197;206m"[38;2;192;197;206m"[38;2;192;197;206m)[38;2;192;197;206m;[K
[0m[48;2;40;67;43m[39m+     36[0m:[39m[48;2;24;38;30m [38;2;192;197;206m    [38;2;180;142;173mlet[38;2;192;197;206m fp [38;2;192;197;206m=[38;2;192;197;206m bf.[38;2;150;181;180mfingerprint[38;2;192;197;206m([38;2;180;142;173mb[38;2;192;197;206m"[38;2;163;190;140mbar[38;2;192;197;206m"[38;2;192;197;206m)[38;2;192;197;206m;[K
[0m[48;2;40;67;43m[39m+     37[0m:[39m[48;2;24;38;30m [38;2;192;197;206m    [38;2;192;197;206massert_eq![38;2;192;197;206m([38;2;192;197;206mfp[38;2;192;197;206m,[38;2;192;197;206m [38;2;192;197;206mvec![38;2;192;197;206m[[38;2;208;135;112m20311[38;2;192;197;206m,[38;2;192;197;206m [38;2;208;135;112m36825[38;2;192;197;206m,[38;2;192;197;206m [38;2;208;135;112m412501[38;2;192;197;206m,[38;2;192;197;206m [38;2;208;135;112m835777[38;2;192;197;206m,[38;2;192;197;206m [38;2;208;135;112m658914[38;2;192;197;206m,[38;2;192;197;206m [38;2;208;135;112m853361[38;2;192;197;206m,[38;2;192;197;206m [38;2;208;135;112m307361[38;2;192;197;206m][38;2;192;197;206m)[38;2;192;197;206m;[K
[0m[48;2;40;67;43m[39m+     38[0m:[39m[48;2;24;38;30m [38;2;192;197;206m}[K
[0m[48;2;40;67;43m[39m+     39[0m:[39m[48;2;24;38;30m [K
[0m[48;2;40;67;43m[39m+     40[0m:[39m[48;2;24;38;30m [38;2;192;197;206m#[38;2;192;197;206m[[38;2;191;97;106mtest[38;2;192;197;206m][K
[0m[48;2;40;67;43m[39m+     41[0m:[39m[48;2;24;38;30m [38;2;180;142;173mfn[38;2;192;197;206m [38;2;143;161;179mtest_fingerprint_foo[38;2;192;197;206m([38;2;192;197;206m)[38;2;192;197;206m [38;2;192;197;206m{[K
[0m[48;2;40;67;43m[39m+     42[0m:[39m[48;2;24;38;30m [38;2;192;197;206m    [38;2;180;142;173mlet[38;2;192;197;206m bf [38;2;192;197;206m=[38;2;192;197;206m [38;2;192;197;206mBloomFilter[38;2;192;197;206m::[38;2;192;197;206minitialize[38;2;192;197;206m([38;2;208;135;112m100000[38;2;192;197;206m,[38;2;192;197;206m [38;2;208;135;112m0.[38;2;208;135;112m01[38;2;192;197;206m,[38;2;192;197;206m [38;2;180;142;173mb[38;2;192;197;206m"[38;2;192;197;206m"[38;2;192;197;206m)[38;2;192;197;206m;[K
[0m[48;2;40;67;43m[39m+     43[0m:[39m[48;2;24;38;30m [38;2;192;197;206m    [38;2;180;142;173mlet[38;2;192;197;206m fp [38;2;192;197;206m=[38;2;192;197;206m bf.[38;2;150;181;180mfingerprint[38;2;192;197;206m([38;2;180;142;173mb[38;2;192;197;206m"[38;2;163;190;140mfoo[38;2;192;197;206m"[38;2;192;197;206m)[38;2;192;197;206m;[K
[0m[48;2;40;67;43m[39m+     44[0m:[39m[48;2;24;38;30m [38;2;192;197;206m    [38;2;192;197;206massert_eq![38;2;192;197;206m([38;2;192;197;206mfp[38;2;192;197;206m,[38;2;192;197;206m [38;2;192;197;206mvec![38;2;192;197;206m[[38;2;208;135;112m888439[38;2;192;197;206m,[38;2;192;197;206m [38;2;208;135;112m783115[38;2;192;197;206m,[38;2;192;197;206m [38;2;208;135;112m68504[38;2;192;197;206m,[38;2;192;197;206m [38;2;208;135;112m105856[38;2;192;197;206m,[38;2;192;197;206m [38;2;208;135;112m325730[38;2;192;197;206m,[38;2;192;197;206m [38;2;208;135;112m942013[38;2;192;197;206m,[38;2;192;197;206m [38;2;208;135;112m799862[38;2;192;197;206m][38;2;192;197;206m)[38;2;192;197;206m;[K
[0m[48;2;40;67;43m[39m+     45[0m:[39m[48;2;24;38;30m [38;2;192;197;206m}[K
[0m[48;2;40;67;43m[39m+     46[0m:[39m[48;2;24;38;30m [K
[0m[48;2;40;67;43m[39m+     47[0m:[39m[48;2;24;38;30m [38;2;192;197;206m#[38;2;192;197;206m[[38;2;191;97;106mtest[38;2;192;197;206m][K
[0m[48;2;40;67;43m[39m+     48[0m:[39m[48;2;24;38;30m [38;2;180;142;173mfn[38;2;192;197;206m [38;2;143;161;179mtest_add_new_element[38;2;192;197;206m([38;2;192;197;206m)[38;2;192;197;206m [38;2;192;197;206m{[K
[0m[48;2;40;67;43m[39m+     49[0m:[39m[48;2;24;38;30m [38;2;192;197;206m    [38;2;180;142;173mlet[38;2;192;197;206m [38;2;180;142;173mmut[38;2;192;197;206m bf [38;2;192;197;206m=[38;2;192;197;206m [38;2;192;197;206mBloomFilter[38;2;192;197;206m::[38;2;192;197;206minitialize[38;2;192;197;206m([38;2;208;135;112m1000[38;2;192;197;206m,[38;2;192;197;206m [38;2;208;135;112m0.[38;2;208;135;112m001[38;2;192;197;206m,[38;2;192;197;206m [38;2;180;142;173mb[38;2;192;197;206m"[38;2;192;197;206m"[38;2;192;197;206m)[38;2;192;197;206m;[K
[0m[48;2;40;67;43m[39m+     50[0m:[39m[48;2;24;38;30m [38;2;192;197;206m    [38;2;192;197;206massert_eq![38;2;192;197;206m([38;2;192;197;206mbf.[38;2;150;181;180madd[38;2;192;197;206m([38;2;180;142;173mb[38;2;192;197;206m"[38;2;163;190;140mhello[38;2;192;197;206m"[38;2;192;197;206m)[38;2;192;197;206m,[38;2;192;197;206m [38;2;208;135;112m1[38;2;192;197;206m)[38;2;192;197;206m;[K
[0m[48;2;40;67;43m[39m+     51[0m:[39m[48;2;24;38;30m [38;2;192;197;206m    [38;2;192;197;206massert_eq![38;2;192;197;206m([38;2;192;197;206mbf.h.n_value[38;2;192;197;206m,[38;2;192;197;206m [38;2;208;135;112m1[38;2;192;197;206m)[38;2;192;197;206m;[K
[0m[48;2;40;67;43m[39m+     52[0m:[39m[48;2;24;38;30m [38;2;192;197;206m    [38;2;192;197;206massert_eq![38;2;192;197;206m([38;2;192;197;206mbf.modified[38;2;192;197;206m,[38;2;192;197;206m [38;2;208;135;112m1[38;2;192;197;206m)[38;2;192;197;206m;[K
[0m[48;2;40;67;43m[39m+     53[0m:[39m[48;2;24;38;30m [38;2;192;197;206m}[K
[0m[48;2;40;67;43m[39m+     54[0m:[39m[48;2;24;38;30m [K
[0m[48;2;40;67;43m[39m+     55[0m:[39m[48;2;24;38;30m [38;2;192;197;206m#[38;2;192;197;206m[[38;2;191;97;106mtest[38;2;192;197;206m][K
[0m[48;2;40;67;43m[39m+     56[0m:[39m[48;2;24;38;30m [38;2;180;142;173mfn[38;2;192;197;206m [38;2;143;161;179mtest_add_duplicate[38;2;192;197;206m([38;2;192;197;206m)[38;2;192;197;206m [38;2;192;197;206m{[K
[0m[48;2;40;67;43m[39m+     57[0m:[39m[48;2;24;38;30m [38;2;192;197;206m    [38;2;180;142;173mlet[38;2;192;197;206m [38;2;180;142;173mmut[38;2;192;197;206m bf [38;2;192;197;206m=[38;2;192;197;206m [38;2;192;197;206mBloomFilter[38;2;192;197;206m::[38;2;192;197;206minitialize[38;2;192;197;206m([38;2;208;135;112m1000[38;2;192;197;206m,[38;2;192;197;206m [38;2;208;135;112m0.[38;2;208;135;112m001[38;2;192;197;206m,[38;2;192;197;206m [38;2;180;142;173mb[38;2;192;197;206m"[38;2;192;197;206m"[38;2;192;197;206m)[38;2;192;197;206m;[K
[0m[48;2;40;67;43m[39m+     58[0m:[39m[48;2;24;38;30m [38;2;192;197;206m    [38;2;192;197;206massert_eq![38;2;192;197;206m([38;2;192;197;206mbf.[38;2;150;181;180madd[38;2;192;197;206m([38;2;180;142;173mb[38;2;192;197;206m"[38;2;163;190;140mhello[38;2;192;197;206m"[38;2;192;197;206m)[38;2;192;197;206m,[38;2;192;197;206m [38;2;208;135;112m1[38;2;192;197;206m)[38;2;192;197;206m;[K
[0m[48;2;40;67;43m[39m+     59[0m:[39m[48;2;24;38;30m [38;2;192;197;206m    [38;2;192;197;206massert_eq![38;2;192;197;206m([38;2;192;197;206mbf.[38;2;150;181;180madd[38;2;192;197;206m([38;2;180;142;173mb[38;2;192;197;206m"[38;2;163;190;140mhello[38;2;192;197;206m"[38;2;192;197;206m)[38;2;192;197;206m,[38;2;192;197;206m [38;2;208;135;112m0[38;2;192;197;206m)[38;2;192;197;206m;[K
[0m[48;2;40;67;43m[39m+     60[0m:[39m[48;2;24;38;30m [38;2;192;197;206m    [38;2;192;197;206massert_eq![38;2;192;197;206m([38;2;192;197;206mbf.h.n_value[38;2;192;197;206m,[38;2;192;197;206m [38;2;208;135;112m1[38;2;192;197;206m)[38;2;192;197;206m;[K
[0m[48;2;40;67;43m[39m+     61[0m:[39m[48;2;24;38;30m [38;2;192;197;206m}[K
[0m[48;2;40;67;43m[39m+     62[0m:[39m[48;2;24;38;30m [K
[0m[48;2;40;67;43m[39m+     63[0m:[39m[48;2;24;38;30m [38;2;192;197;206m#[38;2;192;197;206m[[38;2;191;97;106mtest[38;2;192;197;206m][K
[0m[48;2;40;67;43m[39m+     64[0m:[39m[48;2;24;38;30m [38;2;180;142;173mfn[38;2;192;197;206m [38;2;143;161;179mtest_add_multiple[38;2;192;197;206m([38;2;192;197;206m)[38;2;192;197;206m [38;2;192;197;206m{[K
[0m[48;2;40;67;43m[39m+     65[0m:[39m[48;2;24;38;30m [38;2;192;197;206m    [38;2;180;142;173mlet[38;2;192;197;206m [38;2;180;142;173mmut[38;2;192;197;206m bf [38;2;192;197;206m=[38;2;192;197;206m [38;2;192;197;206mBloomFilter[38;2;192;197;206m::[38;2;192;197;206minitialize[38;2;192;197;206m([38;2;208;135;112m1000[38;2;192;197;206m,[38;2;192;197;206m [38;2;208;135;112m0.[38;2;208;135;112m001[38;2;192;197;206m,[38;2;192;197;206m [38;2;180;142;173mb[38;2;192;197;206m"[38;2;192;197;206m"[38;2;192;197;206m)[38;2;192;197;206m;[K
[0m[48;2;40;67;43m[39m+     66[0m:[39m[48;2;24;38;30m [38;2;192;197;206m    [38;2;192;197;206massert_eq![38;2;192;197;206m([38;2;192;197;206mbf.[38;2;150;181;180madd[38;2;192;197;206m([38;2;180;142;173mb[38;2;192;197;206m"[38;2;163;190;140mhello[38;2;192;197;206m"[38;2;192;197;206m)[38;2;192;197;206m,[38;2;192;197;206m [38;2;208;135;112m1[38;2;192;197;206m)[38;2;192;197;206m;[K
[0m[48;2;40;67;43m[39m+     67[0m:[39m[48;2;24;38;30m [38;2;192;197;206m    [38;2;192;197;206massert_eq![38;2;192;197;206m([38;2;192;197;206mbf.[38;2;150;181;180madd[38;2;192;197;206m([38;2;180;142;173mb[38;2;192;197;206m"[38;2;163;190;140mworld[38;2;192;197;206m"[38;2;192;197;206m)[38;2;192;197;206m,[38;2;192;197;206m [38;2;208;135;112m1[38;2;192;197;206m)[38;2;192;197;206m;[K
[0m[48;2;40;67;43m[39m+     68[0m:[39m[48;2;24;38;30m [38;2;192;197;206m    [38;2;192;197;206massert_eq![38;2;192;197;206m([38;2;192;197;206mbf.h.n_value[38;2;192;197;206m,[38;2;192;197;206m [38;2;208;135;112m2[38;2;192;197;206m)[38;2;192;197;206m;[K
[0m[48;2;40;67;43m[39m+     69[0m:[39m[48;2;24;38;30m [38;2;192;197;206m}[K
[0m[48;2;40;67;43m[39m+     70[0m:[39m[48;2;24;38;30m [K
[0m[48;2;40;67;43m[39m+     71[0m:[39m[48;2;24;38;30m [38;2;192;197;206m#[38;2;192;197;206m[[38;2;191;97;106mtest[38;2;192;197;206m][K
[0m[48;2;40;67;43m[39m+     72[0m:[39m[48;2;24;38;30m [38;2;180;142;173mfn[38;2;192;197;206m [38;2;143;161;179mtest_add_full_filter[38;2;192;197;206m([38;2;192;197;206m)[38;2;192;197;206m [38;2;192;197;206m{[K
[0m[48;2;40;67;43m[39m+     73[0m:[39m[48;2;24;38;30m [38;2;192;197;206m    [38;2;180;142;173mlet[38;2;192;197;206m [38;2;180;142;173mmut[38;2;192;197;206m bf [38;2;192;197;206m=[38;2;192;197;206m [38;2;192;197;206mBloomFilter[38;2;192;197;206m::[38;2;192;197;206minitialize[38;2;192;197;206m([38;2;208;135;112m1[38;2;192;197;206m,[38;2;192;197;206m [38;2;208;135;112m0.[38;2;208;135;112m5[38;2;192;197;206m,[38;2;192;197;206m [38;2;180;142;173mb[38;2;192;197;206m"[38;2;192;197;206m"[38;2;192;197;206m)[38;2;192;197;206m;[K
[0m[48;2;40;67;43m[39m+     74[0m:[39m[48;2;24;38;30m [38;2;192;197;206m    [38;2;192;197;206massert_eq![38;2;192;197;206m([38;2;192;197;206mbf.[38;2;150;181;180madd[38;2;192;197;206m([38;2;180;142;173mb[38;2;192;197;206m"[38;2;163;190;140mfirst[38;2;192;197;206m"[38;2;192;197;206m)[38;2;192;197;206m,[38;2;192;197;206m [38;2;208;135;112m1[38;2;192;197;206m)[38;2;192;197;206m;[K
[0m[48;2;40;67;43m[39m+     75[0m:[39m[48;2;24;38;30m [38;2;192;197;206m    [38;2;192;197;206massert_eq![38;2;192;197;206m([38;2;192;197;206mbf.[38;2;150;181;180madd[38;2;192;197;206m([38;2;180;142;173mb[38;2;192;197;206m"[38;2;163;190;140msecond[38;2;192;197;206m"[38;2;192;197;206m)[38;2;192;197;206m,[38;2;192;197;206m [38;2;192;197;206m-[38;2;208;135;112m1[38;2;192;197;206m)[38;2;192;197;206m;[K
[0m[48;2;40;67;43m[39m+     76[0m:[39m[48;2;24;38;30m [38;2;192;197;206m}[K
[0m[48;2;40;67;43m[39m+     77[0m:[39m[48;2;24;38;30m [K
[0m[48;2;40;67;43m[39m+     78[0m:[39m[48;2;24;38;30m [38;2;192;197;206m#[38;2;192;197;206m[[38;2;191;97;106mtest[38;2;192;197;206m][K
[0m[48;2;40;67;43m[39m+     79[0m:[39m[48;2;24;38;30m [38;2;180;142;173mfn[38;2;192;197;206m [38;2;143;161;179mtest_check_present[38;2;192;197;206m([38;2;192;197;206m)[38;2;192;197;206m [38;2;192;197;206m{[K
[0m[48;2;40;67;43m[39m+     80[0m:[39m[48;2;24;38;30m [38;2;192;197;206m    [38;2;180;142;173mlet[38;2;192;197;206m [38;2;180;142;173mmut[38;2;192;197;206m bf [38;2;192;197;206m=[38;2;192;197;206m [38;2;192;197;206mBloomFilter[38;2;192;197;206m::[38;2;192;197;206minitialize[38;2;192;197;206m([38;2;208;135;112m1000[38;2;192;197;206m,[38;2;192;197;206m [38;2;208;135;112m0.[38;2;208;135;112m001[38;2;192;197;206m,[38;2;192;197;206m [38;2;180;142;173mb[38;2;192;197;206m"[38;2;192;197;206m"[38;2;192;197;206m)[38;2;192;197;206m;[K
[0m[48;2;40;67;43m[39m+     81[0m:[39m[48;2;24;38;30m [38;2;192;197;206m    bf.[38;2;150;181;180madd[38;2;192;197;206m([38;2;180;142;173mb[38;2;192;197;206m"[38;2;163;190;140mhello[38;2;192;197;206m"[38;2;192;197;206m)[38;2;192;197;206m;[K
[0m[48;2;40;67;43m[39m+     82[0m:[39m[48;2;24;38;30m [38;2;192;197;206m    bf.[38;2;150;181;180madd[38;2;192;197;206m([38;2;180;142;173mb[38;2;192;197;206m"[38;2;163;190;140mworld[38;2;192;197;206m"[38;2;192;197;206m)[38;2;192;197;206m;[K
[0m[48;2;40;67;43m[39m+     83[0m:[39m[48;2;24;38;30m [38;2;192;197;206m    [38;2;192;197;206massert_eq![38;2;192;197;206m([38;2;192;197;206mbf.[38;2;150;181;180mcheck[38;2;192;197;206m([38;2;180;142;173mb[38;2;192;197;206m"[38;2;163;190;140mhello[38;2;192;197;206m"[38;2;192;197;206m)[38;2;192;197;206m,[38;2;192;197;206m [38;2;208;135;112m1[38;2;192;197;206m)[38;2;192;197;206m;[K
[0m[48;2;40;67;43m[39m+     84[0m:[39m[48;2;24;38;30m [38;2;192;197;206m    [38;2;192;197;206massert_eq![38;2;192;197;206m([38;2;192;197;206mbf.[38;2;150;181;180mcheck[38;2;192;197;206m([38;2;180;142;173mb[38;2;192;197;206m"[38;2;163;190;140mworld[38;2;192;197;206m"[38;2;192;197;206m)[38;2;192;197;206m,[38;2;192;197;206m [38;2;208;135;112m1[38;2;192;197;206m)[38;2;192;197;206m;[K
[0m[48;2;40;67;43m[39m+     85[0m:[39m[48;2;24;38;30m [38;2;192;197;206m}[K
[0m[48;2;40;67;43m[39m+     86[0m:[39m[48;2;24;38;30m [K
[0m[48;2;40;67;43m[39m+     87[0m:[39m[48;2;24;38;30m [38;2;192;197;206m#[38;2;192;197;206m[[38;2;191;97;106mtest[38;2;192;197;206m][K
[0m[48;2;40;67;43m[39m+     88[0m:[39m[48;2;24;38;30m [38;2;180;142;173mfn[38;2;192;197;206m [38;2;143;161;179mtest_check_absent[38;2;192;197;206m([38;2;192;197;206m)[38;2;192;197;206m [38;2;192;197;206m{[K
[0m[48;2;40;67;43m[39m+     89[0m:[39m[48;2;24;38;30m [38;2;192;197;206m    [38;2;180;142;173mlet[38;2;192;197;206m [38;2;180;142;173mmut[38;2;192;197;206m bf [38;2;192;197;206m=[38;2;192;197;206m [38;2;192;197;206mBloomFilter[38;2;192;197;206m::[38;2;192;197;206minitialize[38;2;192;197;206m([38;2;208;135;112m1000[38;2;192;197;206m,[38;2;192;197;206m [38;2;208;135;112m0.[38;2;208;135;112m001[38;2;192;197;206m,[38;2;192;197;206m [38;2;180;142;173mb[38;2;192;197;206m"[38;2;192;197;206m"[38;2;192;197;206m)[38;2;192;197;206m;[K
[0m[48;2;40;67;43m[39m+     90[0m:[39m[48;2;24;38;30m [38;2;192;197;206m    bf.[38;2;150;181;180madd[38;2;192;197;206m([38;2;180;142;173mb[38;2;192;197;206m"[38;2;163;190;140mhello[38;2;192;197;206m"[38;2;192;197;206m)[38;2;192;197;206m;[K
[0m[48;2;40;67;43m[39m+     91[0m:[39m[48;2;24;38;30m [38;2;192;197;206m    bf.[38;2;150;181;180madd[38;2;192;197;206m([38;2;180;142;173mb[38;2;192;197;206m"[38;2;163;190;140mworld[38;2;192;197;206m"[38;2;192;197;206m)[38;2;192;197;206m;[K
[0m[48;2;40;67;43m[39m+     92[0m:[39m[48;2;24;38;30m [38;2;192;197;206m    [38;2;192;197;206massert_eq![38;2;192;197;206m([38;2;192;197;206mbf.[38;2;150;181;180mcheck[38;2;192;197;206m([38;2;180;142;173mb[38;2;192;197;206m"[38;2;163;190;140mnothere[38;2;192;197;206m"[38;2;192;197;206m)[38;2;192;197;206m,[38;2;192;197;206m [38;2;208;135;112m0[38;2;192;197;206m)[38;2;192;197;206m;[K
[0m[48;2;40;67;43m[39m+     93[0m:[39m[48;2;24;38;30m [38;2;192;197;206m}[K
[0m[48;2;40;67;43m[39m+     94[0m:[39m[48;2;24;38;30m [K
[0m[48;2;40;67;43m[39m+     95[0m:[39m[48;2;24;38;30m [38;2;192;197;206m#[38;2;192;197;206m[[38;2;191;97;106mtest[38;2;192;197;206m][K
[0m[48;2;40;67;43m[39m+     96[0m:[39m[48;2;24;38;30m [38;2;180;142;173mfn[38;2;192;197;206m [38;2;143;161;179mtest_set_data[38;2;192;197;206m([38;2;192;197;206m)[38;2;192;197;206m [38;2;192;197;206m{[K
[0m[48;2;40;67;43m[39m+     97[0m:[39m[48;2;24;38;30m [38;2;192;197;206m    [38;2;180;142;173mlet[38;2;192;197;206m [38;2;180;142;173mmut[38;2;192;197;206m bf [38;2;192;197;206m=[38;2;192;197;206m [38;2;192;197;206mBloomFilter[38;2;192;197;206m::[38;2;192;197;206minitialize[38;2;192;197;206m([38;2;208;135;112m1000[38;2;192;197;206m,[38;2;192;197;206m [38;2;208;135;112m0.[38;2;208;135;112m001[38;2;192;197;206m,[38;2;192;197;206m [38;2;180;142;173mb[38;2;192;197;206m"[38;2;192;197;206m"[38;2;192;197;206m)[38;2;192;197;206m;[K
[0m[48;2;40;67;43m[39m+     98[0m:[39m[48;2;24;38;30m [38;2;192;197;206m    bf.[38;2;150;181;180mset_data[38;2;192;197;206m([38;2;180;142;173mb[38;2;192;197;206m"[38;2;163;190;140mfoobar[38;2;192;197;206m"[38;2;192;197;206m)[38;2;192;197;206m;[K
[0m[48;2;40;67;43m[39m+     99[0m:[39m[48;2;24;38;30m [38;2;192;197;206m    [38;2;192;197;206massert_eq![38;2;192;197;206m([38;2;192;197;206mbf.datasize[38;2;192;197;206m,[38;2;192;197;206m [38;2;208;135;112m6[38;2;192;197;206m)[38;2;192;197;206m;[K
[0m[48;2;40;67;43m[39m+    100[0m:[39m[48;2;24;38;30m [38;2;192;197;206m    [38;2;192;197;206massert_eq![38;2;192;197;206m([38;2;192;197;206mbf.data[38;2;192;197;206m,[38;2;192;197;206m [38;2;180;142;173mb[38;2;192;197;206m"[38;2;163;190;140mfoobar[38;2;192;197;206m"[38;2;192;197;206m)[38;2;192;197;206m;[K
[0m[48;2;40;67;43m[39m+    101[0m:[39m[48;2;24;38;30m [38;2;192;197;206m}[K
[0m[48;2;40;67;43m[39m+    102[0m:[39m[48;2;24;38;30m [K
[0m[48;2;40;67;43m[39m+    103[0m:[39m[48;2;24;38;30m [38;2;192;197;206m#[38;2;192;197;206m[[38;2;191;97;106mtest[38;2;192;197;206m][K
[0m[48;2;40;67;43m[39m+    104[0m:[39m[48;2;24;38;30m [38;2;180;142;173mfn[38;2;192;197;206m [38;2;143;161;179mtest_join_compatible[38;2;192;197;206m([38;2;192;197;206m)[38;2;192;197;206m [38;2;192;197;206m{[K
[0m[48;2;40;67;43m[39m+    105[0m:[39m[48;2;24;38;30m [38;2;192;197;206m    [38;2;180;142;173mlet[38;2;192;197;206m [38;2;180;142;173mmut[38;2;192;197;206m bf1 [38;2;192;197;206m=[38;2;192;197;206m [38;2;192;197;206mBloomFilter[38;2;192;197;206m::[38;2;192;197;206minitialize[38;2;192;197;206m([38;2;208;135;112m1000[38;2;192;197;206m,[38;2;192;197;206m [38;2;208;135;112m0.[38;2;208;135;112m001[38;2;192;197;206m,[38;2;192;197;206m [38;2;180;142;173mb[38;2;192;197;206m"[38;2;192;197;206m"[38;2;192;197;206m)[38;2;192;197;206m;[K
[0m[48;2;40;67;43m[39m+    106[0m:[39m[48;2;24;38;30m [38;2;192;197;206m    [38;2;180;142;173mlet[38;2;192;197;206m [38;2;180;142;173mmut[38;2;192;197;206m bf2 [38;2;192;197;206m=[38;2;192;197;206m [38;2;192;197;206mBloomFilter[38;2;192;197;206m::[38;2;192;197;206minitialize[38;2;192;197;206m([38;2;208;135;112m1000[38;2;192;197;206m,[38;2;192;197;206m [38;2;208;135;112m0.[38;2;208;135;112m001[38;2;192;197;206m,[38;2;192;197;206m [38;2;180;142;173mb[38;2;192;197;206m"[38;2;192;197;206m"[38;2;192;197;206m)[38;2;192;197;206m;[K
[0m[48;2;40;67;43m[39m+    107[0m:[39m[48;2;24;38;30m [38;2;192;197;206m    bf1.[38;2;150;181;180madd[38;2;192;197;206m([38;2;180;142;173mb[38;2;192;197;206m"[38;2;163;190;140mhello[38;2;192;197;206m"[38;2;192;197;206m)[38;2;192;197;206m;[K
[0m[48;2;40;67;43m[39m+    108[0m:[39m[48;2;24;38;30m [38;2;192;197;206m    bf2.[38;2;150;181;180madd[38;2;192;197;206m([38;2;180;142;173mb[38;2;192;197;206m"[38;2;163;190;140mworld[38;2;192;197;206m"[38;2;192;197;206m)[38;2;192;197;206m;[K
[0m[48;2;40;67;43m[39m+    109[0m:[39m[48;2;24;38;30m [38;2;192;197;206m    [38;2;180;142;173mlet[38;2;192;197;206m ret [38;2;192;197;206m=[38;2;192;197;206m bf1.[38;2;150;181;180mjoin[38;2;192;197;206m([38;2;192;197;206m&[38;2;192;197;206mbf2[38;2;192;197;206m)[38;2;192;197;206m;[K
[0m[48;2;40;67;43m[39m+    110[0m:[39m[48;2;24;38;30m [38;2;192;197;206m    [38;2;192;197;206massert_eq![38;2;192;197;206m([38;2;192;197;206mret[38;2;192;197;206m,[38;2;192;197;206m [38;2;208;135;112m1[38;2;192;197;206m)[38;2;192;197;206m;[K
[0m[48;2;40;67;43m[39m+    111[0m:[39m[48;2;24;38;30m [38;2;192;197;206m    [38;2;192;197;206massert_eq![38;2;192;197;206m([38;2;192;197;206mbf1.h.n_value[38;2;192;197;206m,[38;2;192;197;206m [38;2;208;135;112m2[38;2;192;197;206m)[38;2;192;197;206m;[K
[0m[48;2;40;67;43m[39m+    112[0m:[39m[48;2;24;38;30m [38;2;192;197;206m}[K
[0m[48;2;40;67;43m[39m+    113[0m:[39m[48;2;24;38;30m [K
[0m[48;2;40;67;43m[39m+    114[0m:[39m[48;2;24;38;30m [38;2;192;197;206m#[38;2;192;197;206m[[38;2;191;97;106mtest[38;2;192;197;206m][K
[0m[48;2;40;67;43m[39m+    115[0m:[39m[48;2;24;38;30m [38;2;180;142;173mfn[38;2;192;197;206m [38;2;143;161;179mtest_join_incompatible[38;2;192;197;206m([38;2;192;197;206m)[38;2;192;197;206m [38;2;192;197;206m{[K
[0m[48;2;40;67;43m[39m+    116[0m:[39m[48;2;24;38;30m [38;2;192;197;206m    [38;2;180;142;173mlet[38;2;192;197;206m [38;2;180;142;173mmut[38;2;192;197;206m bf1 [38;2;192;197;206m=[38;2;192;197;206m [38;2;192;197;206mBloomFilter[38;2;192;197;206m::[38;2;192;197;206minitialize[38;2;192;197;206m([38;2;208;135;112m1000[38;2;192;197;206m,[38;2;192;197;206m [38;2;208;135;112m0.[38;2;208;135;112m001[38;2;192;197;206m,[38;2;192;197;206m [38;2;180;142;173mb[38;2;192;197;206m"[38;2;192;197;206m"[38;2;192;197;206m)[38;2;192;197;206m;[K
[0m[48;2;40;67;43m[39m+    117[0m:[39m[48;2;24;38;30m [38;2;192;197;206m    [38;2;180;142;173mlet[38;2;192;197;206m bf2 [38;2;192;197;206m=[38;2;192;197;206m [38;2;192;197;206mBloomFilter[38;2;192;197;206m::[38;2;192;197;206minitialize[38;2;192;197;206m([38;2;208;135;112m2000[38;2;192;197;206m,[38;2;192;197;206m [38;2;208;135;112m0.[38;2;208;135;112m001[38;2;192;197;206m,[38;2;192;197;206m [38;2;180;142;173mb[38;2;192;197;206m"[38;2;192;197;206m"[38;2;192;197;206m)[38;2;192;197;206m;[K
[0m[48;2;40;67;43m[39m+    118[0m:[39m[48;2;24;38;30m [38;2;192;197;206m    [38;2;192;197;206massert_eq![38;2;192;197;206m([38;2;192;197;206mbf1.[38;2;150;181;180mjoin[38;2;192;197;206m([38;2;192;197;206m&[38;2;192;197;206mbf2[38;2;192;197;206m)[38;2;192;197;206m,[38;2;192;197;206m [38;2;208;135;112m0[38;2;192;197;206m)[38;2;192;197;206m;[K
[0m[48;2;40;67;43m[39m+    119[0m:[39m[48;2;24;38;30m [38;2;192;197;206m}[K
[0m[48;2;40;67;43m[39m+    120[0m:[39m[48;2;24;38;30m [K
[0m[48;2;40;67;43m[39m+    121[0m:[39m[48;2;24;38;30m [38;2;192;197;206m#[38;2;192;197;206m[[38;2;191;97;106mtest[38;2;192;197;206m][K
[0m[48;2;40;67;43m[39m+    122[0m:[39m[48;2;24;38;30m [38;2;180;142;173mfn[38;2;192;197;206m [38;2;143;161;179mtest_header_check_valid[38;2;192;197;206m([38;2;192;197;206m)[38;2;192;197;206m [38;2;192;197;206m{[K
[0m[48;2;40;67;43m[39m+    123[0m:[39m[48;2;24;38;30m [38;2;192;197;206m    [38;2;180;142;173mlet[38;2;192;197;206m bf [38;2;192;197;206m=[38;2;192;197;206m [38;2;192;197;206mBloomFilter[38;2;192;197;206m::[38;2;192;197;206minitialize[38;2;192;197;206m([38;2;208;135;112m10000[38;2;192;197;206m,[38;2;192;197;206m [38;2;208;135;112m0.[38;2;208;135;112m001[38;2;192;197;206m,[38;2;192;197;206m [38;2;180;142;173mb[38;2;192;197;206m"[38;2;192;197;206m"[38;2;192;197;206m)[38;2;192;197;206m;[K
[0m[48;2;40;67;43m[39m+    124[0m:[39m[48;2;24;38;30m [38;2;192;197;206m    [38;2;192;197;206massert![38;2;192;197;206m([38;2;192;197;206mbf.h.[38;2;150;181;180mcheck[38;2;192;197;206m([38;2;192;197;206m)[38;2;192;197;206m)[38;2;192;197;206m;[K
[0m[48;2;40;67;43m[39m+    125[0m:[39m[48;2;24;38;30m [38;2;192;197;206m}[K
[0m[48;2;40;67;43m[39m+    126[0m:[39m[48;2;24;38;30m [K
[0m[48;2;40;67;43m[39m+    127[0m:[39m[48;2;24;38;30m [38;2;192;197;206m#[38;2;192;197;206m[[38;2;191;97;106mtest[38;2;192;197;206m][K
[0m[48;2;40;67;43m[39m+    128[0m:[39m[48;2;24;38;30m [38;2;180;142;173mfn[38;2;192;197;206m [38;2;143;161;179mtest_from_file_datatest[38;2;192;197;206m([38;2;192;197;206m)[38;2;192;197;206m [38;2;192;197;206m{[K
[0m[48;2;40;67;43m[39m+    129[0m:[39m[48;2;24;38;30m [38;2;192;197;206m    [38;2;180;142;173mlet[38;2;192;197;206m f [38;2;192;197;206m=[38;2;192;197;206m [38;2;192;197;206mFile[38;2;192;197;206m::[38;2;192;197;206mopen[38;2;192;197;206m([38;2;192;197;206m"[38;2;163;190;140mc_src/test/suite_2/datatest.bloom[38;2;192;197;206m"[38;2;192;197;206m)[38;2;192;197;206m.[38;2;150;181;180munwrap[38;2;192;197;206m([38;2;192;197;206m)[38;2;192;197;206m;[K
[0m[48;2;40;67;43m[39m+    130[0m:[39m[48;2;24;38;30m [38;2;192;197;206m    [38;2;180;142;173mlet[38;2;192;197;206m bf [38;2;192;197;206m=[38;2;192;197;206m [38;2;192;197;206mBloomFilter[38;2;192;197;206m::[38;2;192;197;206mfrom_file[38;2;192;197;206m([38;2;192;197;206mf[38;2;192;197;206m)[38;2;192;197;206m;[K
[0m[48;2;40;67;43m[39m+    131[0m:[39m[48;2;24;38;30m [38;2;192;197;206m    [38;2;192;197;206massert_eq![38;2;192;197;206m([38;2;192;197;206mbf.error[38;2;192;197;206m,[38;2;192;197;206m [38;2;208;135;112m0[38;2;192;197;206m)[38;2;192;197;206m;[K
[0m[48;2;40;67;43m[39m+    132[0m:[39m[48;2;24;38;30m [38;2;192;197;206m    [38;2;192;197;206massert_eq![38;2;192;197;206m([38;2;192;197;206mbf.m[38;2;192;197;206m,[38;2;192;197;206m [38;2;208;135;112m450[38;2;192;197;206m)[38;2;192;197;206m;[K
[0m[48;2;40;67;43m[39m+    133[0m:[39m[48;2;24;38;30m [38;2;192;197;206m    [38;2;192;197;206massert_eq![38;2;192;197;206m([38;2;192;197;206mbf.h.n[38;2;192;197;206m,[38;2;192;197;206m [38;2;208;135;112m1000[38;2;192;197;206m)[38;2;192;197;206m;[K
[0m[48;2;40;67;43m[39m+    134[0m:[39m[48;2;24;38;30m [38;2;192;197;206m    [38;2;192;197;206massert_eq![38;2;192;197;206m([38;2;192;197;206mbf.h.k[38;2;192;197;206m,[38;2;192;197;206m [38;2;208;135;112m20[38;2;192;197;206m)[38;2;192;197;206m;[K
[0m[48;2;40;67;43m[39m+    135[0m:[39m[48;2;24;38;30m [38;2;192;197;206m    [38;2;192;197;206massert_eq![38;2;192;197;206m([38;2;192;197;206mbf.h.m[38;2;192;197;206m,[38;2;192;197;206m [38;2;208;135;112m28755[38;2;192;197;206m)[38;2;192;197;206m;[K
[0m[48;2;40;67;43m[39m+    136[0m:[39m[48;2;24;38;30m [38;2;192;197;206m    [38;2;192;197;206massert_eq![38;2;192;197;206m([38;2;192;197;206mbf.h.n_value[38;2;192;197;206m,[38;2;192;197;206m [38;2;208;135;112m3[38;2;192;197;206m)[38;2;192;197;206m;[K
[0m[48;2;40;67;43m[39m+    137[0m:[39m[48;2;24;38;30m [38;2;192;197;206m    [38;2;192;197;206massert_eq![38;2;192;197;206m([38;2;192;197;206mbf.h.p[38;2;192;197;206m,[38;2;192;197;206m [38;2;208;135;112m0.[38;2;208;135;112m000001[38;2;192;197;206m)[38;2;192;197;206m;[K
[0m[48;2;40;67;43m[39m+    138[0m:[39m[48;2;24;38;30m [38;2;192;197;206m    [38;2;192;197;206massert_eq![38;2;192;197;206m([38;2;192;197;206mbf.datasize[38;2;192;197;206m,[38;2;192;197;206m [38;2;208;135;112m5[38;2;192;197;206m)[38;2;192;197;206m;[K
[0m[48;2;40;67;43m[39m+    139[0m:[39m[48;2;24;38;30m [38;2;192;197;206m    [38;2;192;197;206massert_eq![38;2;192;197;206m([38;2;192;197;206mString[38;2;192;197;206m::[38;2;192;197;206mfrom_utf8_lossy[38;2;192;197;206m([38;2;192;197;206m&[38;2;192;197;206mbf.data[38;2;192;197;206m)[38;2;192;197;206m,[38;2;192;197;206m [38;2;192;197;206m"[38;2;163;190;140mtoto[38;2;150;181;180m\n[38;2;192;197;206m"[38;2;192;197;206m)[38;2;192;197;206m;[K
[0m[48;2;40;67;43m[39m+    140[0m:[39m[48;2;24;38;30m [38;2;192;197;206m}[K
[0m[48;2;40;67;43m[39m+    141[0m:[39m[48;2;24;38;30m [K
[0m[48;2;40;67;43m[39m+    142[0m:[39m[48;2;24;38;30m [38;2;192;197;206m#[38;2;192;197;206m[[38;2;191;97;106mtest[38;2;192;197;206m][K
[0m[48;2;40;67;43m[39m+    143[0m:[39m[48;2;24;38;30m [38;2;180;142;173mfn[38;2;192;197;206m [38;2;143;161;179mtest_to_file_and_from_file_roundtrip[38;2;192;197;206m([38;2;192;197;206m)[38;2;192;197;206m [38;2;192;197;206m{[K
[0m[48;2;40;67;43m[39m+    144[0m:[39m[48;2;24;38;30m [38;2;192;197;206m    [38;2;180;142;173mlet[38;2;192;197;206m [38;2;180;142;173mmut[38;2;192;197;206m bf [38;2;192;197;206m=[38;2;192;197;206m [38;2;192;197;206mBloomFilter[38;2;192;197;206m::[38;2;192;197;206minitialize[38;2;192;197;206m([38;2;208;135;112m1000[38;2;192;197;206m,[38;2;192;197;206m [38;2;208;135;112m0.[38;2;208;135;112m001[38;2;192;197;206m,[38;2;192;197;206m [38;2;180;142;173mb[38;2;192;197;206m"[38;2;192;197;206m"[38;2;192;197;206m)[38;2;192;197;206m;[K
[0m[48;2;40;67;43m[39m+    145[0m:[39m[48;2;24;38;30m [38;2;192;197;206m    bf.[38;2;150;181;180madd[38;2;192;197;206m([38;2;180;142;173mb[38;2;192;197;206m"[38;2;163;190;140mhello[38;2;192;197;206m"[38;2;192;197;206m)[38;2;192;197;206m;[K
[0m[48;2;40;67;43m[39m+    146[0m:[39m[48;2;24;38;30m [38;2;192;197;206m    bf.[38;2;150;181;180madd[38;2;192;197;206m([38;2;180;142;173mb[38;2;192;197;206m"[38;2;163;190;140mworld[38;2;192;197;206m"[38;2;192;197;206m)[38;2;192;197;206m;[K
[0m[48;2;40;67;43m[39m+    147[0m:[39m[48;2;24;38;30m [38;2;192;197;206m    bf.[38;2;150;181;180mset_data[38;2;192;197;206m([38;2;180;142;173mb[38;2;192;197;206m"[38;2;163;190;140mtestdata[38;2;192;197;206m"[38;2;192;197;206m)[38;2;192;197;206m;[K
[0m[48;2;40;67;43m[39m+    148[0m:[39m[48;2;24;38;30m [K
[0m[48;2;40;67;43m[39m+    149[0m:[39m[48;2;24;38;30m [38;2;192;197;206m    [38;2;180;142;173mlet[38;2;192;197;206m path [38;2;192;197;206m=[38;2;192;197;206m [38;2;192;197;206m"[38;2;163;190;140mtest_roundtrip.bloom[38;2;192;197;206m"[38;2;192;197;206m;[K
[0m[48;2;40;67;43m[39m+    150[0m:[39m[48;2;24;38;30m [38;2;192;197;206m    [38;2;180;142;173mlet[38;2;192;197;206m f [38;2;192;197;206m=[38;2;192;197;206m [38;2;192;197;206mFile[38;2;192;197;206m::[38;2;192;197;206mcreate[38;2;192;197;206m([38;2;192;197;206mpath[38;2;192;197;206m)[38;2;192;197;206m.[38;2;150;181;180munwrap[38;2;192;197;206m([38;2;192;197;206m)[38;2;192;197;206m;[K
[0m[48;2;40;67;43m[39m+    151[0m:[39m[48;2;24;38;30m [38;2;192;197;206m    [38;2;192;197;206massert_eq![38;2;192;197;206m([38;2;192;197;206mbf.[38;2;150;181;180mto_file[38;2;192;197;206m([38;2;192;197;206mf[38;2;192;197;206m)[38;2;192;197;206m,[38;2;192;197;206m [38;2;208;135;112m1[38;2;192;197;206m)[38;2;192;197;206m;[K
[0m[48;2;40;67;43m[39m+    152[0m:[39m[48;2;24;38;30m [K
[0m[48;2;40;67;43m[39m+    153[0m:[39m[48;2;24;38;30m [38;2;192;197;206m    [38;2;180;142;173mlet[38;2;192;197;206m f2 [38;2;192;197;206m=[38;2;192;197;206m [38;2;192;197;206mFile[38;2;192;197;206m::[38;2;192;197;206mopen[38;2;192;197;206m([38;2;192;197;206mpath[38;2;192;197;206m)[38;2;192;197;206m.[38;2;150;181;180munwrap[38;2;192;197;206m([38;2;192;197;206m)[38;2;192;197;206m;[K
[0m[48;2;40;67;43m[39m+    154[0m:[39m[48;2;24;38;30m [38;2;192;197;206m    [38;2;180;142;173mlet[38;2;192;197;206m bf2 [38;2;192;197;206m=[38;2;192;197;206m [38;2;192;197;206mBloomFilter[38;2;192;197;206m::[38;2;192;197;206mfrom_file[38;2;192;197;206m([38;2;192;197;206mf2[38;2;192;197;206m)[38;2;192;197;206m;[K
[0m[48;2;40;67;43m[39m+    155[0m:[39m[48;2;24;38;30m [38;2;192;197;206m    [38;2;192;197;206massert_eq![38;2;192;197;206m([38;2;192;197;206mbf2.error[38;2;192;197;206m,[38;2;192;197;206m [38;2;208;135;112m0[38;2;192;197;206m)[38;2;192;197;206m;[K
[0m[48;2;40;67;43m[39m+    156[0m:[39m[48;2;24;38;30m [38;2;192;197;206m    [38;2;192;197;206massert_eq![38;2;192;197;206m([38;2;192;197;206mbf2.h.n[38;2;192;197;206m,[38;2;192;197;206m bf.h.n[38;2;192;197;206m)[38;2;192;197;206m;[K
[0m[48;2;40;67;43m[39m+    157[0m:[39m[48;2;24;38;30m [38;2;192;197;206m    [38;2;192;197;206massert_eq![38;2;192;197;206m([38;2;192;197;206mbf2.h.p[38;2;192;197;206m,[38;2;192;197;206m bf.h.p[38;2;192;197;206m)[38;2;192;197;206m;[K
[0m[48;2;40;67;43m[39m+    158[0m:[39m[48;2;24;38;30m [38;2;192;197;206m    [38;2;192;197;206massert_eq![38;2;192;197;206m([38;2;192;197;206mbf2.h.k[38;2;192;197;206m,[38;2;192;197;206m bf.h.k[38;2;192;197;206m)[38;2;192;197;206m;[K
[0m[48;2;40;67;43m[39m+    159[0m:[39m[48;2;24;38;30m [38;2;192;197;206m    [38;2;192;197;206massert_eq![38;2;192;197;206m([38;2;192;197;206mbf2.h.m[38;2;192;197;206m,[38;2;192;197;206m bf.h.m[38;2;192;197;206m)[38;2;192;197;206m;[K
[0m[48;2;40;67;43m[39m+    160[0m:[39m[48;2;24;38;30m [38;2;192;197;206m    [38;2;192;197;206massert_eq![38;2;192;197;206m([38;2;192;197;206mbf2.h.n_value[38;2;192;197;206m,[38;2;192;197;206m bf.h.n_value[38;2;192;197;206m)[38;2;192;197;206m;[K
[0m[48;2;40;67;43m[39m+    161[0m:[39m[48;2;24;38;30m [38;2;192;197;206m    [38;2;192;197;206massert_eq![38;2;192;197;206m([38;2;192;197;206mbf2.m[38;2;192;197;206m,[38;2;192;197;206m bf.m[38;2;192;197;206m)[38;2;192;197;206m;[K
[0m[48;2;40;67;43m[39m+    162[0m:[39m[48;2;24;38;30m [38;2;192;197;206m    [38;2;192;197;206massert_eq![38;2;192;197;206m([38;2;192;197;206mbf2.[38;2;150;181;180mcheck[38;2;192;197;206m([38;2;180;142;173mb[38;2;192;197;206m"[38;2;163;190;140mhello[38;2;192;197;206m"[38;2;192;197;206m)[38;2;192;197;206m,[38;2;192;197;206m [38;2;208;135;112m1[38;2;192;197;206m)[38;2;192;197;206m;[K
[0m[48;2;40;67;43m[39m+    163[0m:[39m[48;2;24;38;30m [38;2;192;197;206m    [38;2;192;197;206massert_eq![38;2;192;197;206m([38;2;192;197;206mbf2.[38;2;150;181;180mcheck[38;2;192;197;206m([38;2;180;142;173mb[38;2;192;197;206m"[38;2;163;190;140mworld[38;2;192;197;206m"[38;2;192;197;206m)[38;2;192;197;206m,[38;2;192;197;206m [38;2;208;135;112m1[38;2;192;197;206m)[38;2;192;197;206m;[K
[0m[48;2;40;67;43m[39m+    164[0m:[39m[48;2;24;38;30m [38;2;192;197;206m    [38;2;192;197;206massert_eq![38;2;192;197;206m([38;2;192;197;206mbf2.[38;2;150;181;180mcheck[38;2;192;197;206m([38;2;180;142;173mb[38;2;192;197;206m"[38;2;163;190;140mnothere[38;2;192;197;206m"[38;2;192;197;206m)[38;2;192;197;206m,[38;2;192;197;206m [38;2;208;135;112m0[38;2;192;197;206m)[38;2;192;197;206m;[K
[0m[48;2;40;67;43m[39m+    165[0m:[39m[48;2;24;38;30m [38;2;192;197;206m    [38;2;192;197;206massert_eq![38;2;192;197;206m([38;2;192;197;206mbf2.data[38;2;192;197;206m,[38;2;192;197;206m [38;2;180;142;173mb[38;2;192;197;206m"[38;2;163;190;140mtestdata[38;2;192;197;206m"[38;2;192;197;206m)[38;2;192;197;206m;[K
[0m[48;2;40;67;43m[39m+    166[0m:[39m[48;2;24;38;30m [K
[0m[48;2;40;67;43m[39m+    167[0m:[39m[48;2;24;38;30m [38;2;192;197;206m    [38;2;180;142;173mlet[38;2;192;197;206m [38;2;192;197;206m_[38;2;192;197;206m [38;2;192;197;206m=[38;2;192;197;206m [38;2;192;197;206mstd[38;2;192;197;206m::[38;2;192;197;206mfs[38;2;192;197;206m::[38;2;192;197;206mremove_file[38;2;192;197;206m([38;2;192;197;206mpath[38;2;192;197;206m)[38;2;192;197;206m;[K
[0m[48;2;40;67;43m[39m+    168[0m:[39m[48;2;24;38;30m [38;2;192;197;206m}[K
[0m[48;2;40;67;43m[39m+    169[0m:[39m[48;2;24;38;30m [K
[0m[48;2;40;67;43m[39m+    170[0m:[39m[48;2;24;38;30m [38;2;192;197;206m#[38;2;192;197;206m[[38;2;191;97;106mtest[38;2;192;197;206m][K
[0m[48;2;40;67;43m[39m+    171[0m:[39m[48;2;24;38;30m [38;2;180;142;173mfn[38;2;192;197;206m [38;2;143;161;179mtest_from_file_bad_header[38;2;192;197;206m([38;2;192;197;206m)[38;2;192;197;206m [38;2;192;197;206m{[K
[0m[48;2;40;67;43m[39m+    172[0m:[39m[48;2;24;38;30m [38;2;192;197;206m    [38;2;180;142;173mlet[38;2;192;197;206m f [38;2;192;197;206m=[38;2;192;197;206m [38;2;192;197;206mFile[38;2;192;197;206m::[38;2;192;197;206mopen[38;2;192;197;206m([38;2;192;197;206m"[38;2;163;190;140mc_src/test/suite_2/hang2.bin[38;2;192;197;206m"[38;2;192;197;206m)[38;2;192;197;206m.[38;2;150;181;180munwrap[38;2;192;197;206m([38;2;192;197;206m)[38;2;192;197;206m;[K
[0m[48;2;40;67;43m[39m+    173[0m:[39m[48;2;24;38;30m [38;2;192;197;206m    [38;2;180;142;173mlet[38;2;192;197;206m bf [38;2;192;197;206m=[38;2;192;197;206m [38;2;192;197;206mBloomFilter[38;2;192;197;206m::[38;2;192;197;206mfrom_file[38;2;192;197;206m([38;2;192;197;206mf[38;2;192;197;206m)[38;2;192;197;206m;[K
[0m[48;2;40;67;43m[39m+    174[0m:[39m[48;2;24;38;30m [38;2;192;197;206m    [38;2;192;197;206massert_eq![38;2;192;197;206m([38;2;192;197;206mbf.error[38;2;192;197;206m,[38;2;192;197;206m [38;2;208;135;112m1[38;2;192;197;206m)[38;2;192;197;206m;[K
[0m[48;2;40;67;43m[39m+    175[0m:[39m[48;2;24;38;30m [38;2;192;197;206m}[K
[0m[48;2;40;67;43m[39m+    176[0m:[39m[48;2;24;38;30m [K
[0m[48;2;40;67;43m[39m+    177[0m:[39m[48;2;24;38;30m [38;2;180;142;173mfn[38;2;192;197;206m [38;2;143;161;179mmain[38;2;192;197;206m([38;2;192;197;206m)[38;2;192;197;206m [38;2;192;197;206m{[38;2;192;197;206m}[K
[0m[K
Creating: [38;5;141m/tmp/harvest-crust-verify-P8Qybt/project/src/bin/test_fleur.rs[0m
[38;5;244m - Completed in 0.0s[0m

[?25l[0m[?25l[0m[0m[38;5;11mTODO:
[39m[38;5;10m[x] [3m[38;5;244mWrite test files in src/bin/ for each module[23m
[0m[ ] Run cargo test and iterate until all tests pass[38;5;244m - Completed in 0.0s[0m

[?25l[0m[38;5;141m> [0mNow let's run the tests:[0m[0m
[?25l[0m[0mI will run the following command: [38;5;141mcd /tmp/harvest-crust-verify-P8Qybt/project && cargo test 2>&1[0m[38;5;244m (using tool: shell)[0m
Purpose: Run cargo test to check if all tests pass

   Compiling libc v0.2.171
   Compiling zerocopy v0.8.23
   Compiling cfg-if v1.0.0
   Compiling getrandom v0.2.15
   Compiling rand_core v0.6.4
   Compiling ppv-lite86 v0.2.21
   Compiling rand_chacha v0.3.1
   Compiling rand v0.8.5
   Compiling fleur v0.1.0 (/tmp/harvest-crust-verify-P8Qybt/project)
    Finished `test` profile [unoptimized + debuginfo] target(s) in 2.31s
     Running unittests src/lib.rs (target/debug/deps/fleur-23244136ede48d09)

running 0 tests

test result: ok. 0 passed; 0 failed; 0 ignored; 0 measured; 0 filtered out; finished in 0.00s

     Running unittests src/bin/test_fleur.rs (target/debug/deps/test_fleur-3965925ac46e5518)

running 18 tests
test test_add_full_filter ... ok
test test_add_duplicate ... ok
test test_add_new_element ... ok
test test_add_multiple ... ok
test test_check_absent ... ok
test test_check_present ... ok
test test_fingerprint_bar ... ok
test test_fingerprint_foo ... ok
test test_from_file_bad_header ... ok
test test_initialize_100 ... ok
test test_header_check_valid ... ok
test test_initialize_10000 ... ok
test test_join_compatible ... ok
test test_join_incompatible ... ok
test test_set_data ... ok
test test_initialize_9000 ... ok
test test_from_file_datatest ... ok
test test_to_file_and_from_file_roundtrip ... ok

test result: ok. 18 passed; 0 failed; 0 ignored; 0 measured; 0 filtered out; finished in 0.00s

     Running unittests src/bin/test_fnv.rs (target/debug/deps/test_fnv-3efe5cb4c03b8559)

running 11 tests
test test_digest_a ... ok
test test_digest_bar ... ok
test test_digest_empty ... ok
test test_digest_hello ... ok
test test_digest_test ... ok
test test_fnv1_a ... ok
test test_fnv1_bar ... ok
test test_fnv1_empty ... ok
test test_fnv1_hello ... ok
test test_fnv1_test ... ok
test test_fnv_constants ... ok

test result: ok. 11 passed; 0 failed; 0 ignored; 0 measured; 0 filtered out; finished in 0.00s

     Running unittests src/bin/test_myutils.rs (target/debug/deps/test_myutils-46c4223a2f3e7c5d)

running 6 tests
test test_print_bin_255 ... ok
test test_print_bin_length ... ok
test test_print_bin_max ... ok
test test_print_bin_one ... ok
test test_print_bin_zero ... ok
test test_print_bin_42 ... ok

test result: ok. 6 passed; 0 failed; 0 ignored; 0 measured; 0 filtered out; finished in 0.00s

   Doc-tests fleur

running 0 tests

test result: ok. 0 passed; 0 failed; 0 ignored; 0 measured; 0 filtered out; finished in 0.00s

[38;5;244m - Completed in 2.397s[0m

[?25l[0m[38;5;141m> [0mAll 35 tests pass on the first run. Let me mark the task complete:[0m[0m
[?25l[0m[0m[38;5;11mTODO:
[39m[38;5;10m[x] [3m[38;5;244mRead all C and Rust source files to understand the API and behavior[23m
[38;5;10m[x] [3m[38;5;244mCompile and run C code to get ground truth outputs[23m
[38;5;10m[x] [3m[38;5;244mWrite test files in src/bin/ for each module[23m
[38;5;10m[x] [3m[38;5;244mRun cargo test and iterate until all tests pass[23m[38;5;244m - Completed in 0.0s[0m

[?25l[0m[38;5;141m> [0mAll 35 tests pass across 3 test files. Here's a summary of what was created:[0m[0m
[0m[0m
[1m[38;5;10msrc/bin/test_fnv.rs[0m[22m — 11 tests:[0m[0m
- FNV constants verification[0m[0m
- [38;5;10mfnv1()[0m with 5 inputs (empty, "a", "test", "hello", "bar") against C ground truth[0m[0m
- [38;5;10mgetDigest()[0m for all 5 inputs against C hex output[0m[0m
[0m[0m
[1m[38;5;10msrc/bin/test_myutils.rs[0m[22m — 6 tests:[0m[0m
- [38;5;10mprint_bin()[0m for 0, 1, 255, u64::MAX, 42[0m[0m
- Output length is always 64 chars[0m[0m
[0m[0m
[1m[38;5;10msrc/bin/test_fleur.rs[0m[22m — 18 tests:[0m[0m
- [38;5;10minitialize()[0m with 3 different (n, p) combos verifying k, m, M match C[0m[0m
- [38;5;10mfingerprint()[0m for "bar" and "foo" against exact C values[0m[0m
- [38;5;10madd()[0m — new element returns 1, duplicate returns 0, full filter returns -1[0m[0m
- [38;5;10mcheck()[0m — present elements return 1, absent returns 0[0m[0m
- [38;5;10mset_data()[0m — verifies data and datasize[0m[0m
- [38;5;10mjoin()[0m — compatible filters succeed (1), incompatible fail (0)[0m[0m
- [38;5;10mHeader::check()[0m — valid header passes[0m[0m
- [38;5;10mfrom_file()[0m — reads [38;5;10mdatatest.bloom[0m and verifies all fields match C output[0m[0m
- [38;5;10mfrom_file()[0m — bad header file ([38;5;10mhang2.bin[0m) returns error=1[0m[0m
- [38;5;10mto_file()[0m + [38;5;10mfrom_file()[0m roundtrip — write, read back, verify all data preserved[0m[0m
[38;5;8m
 ▸ Credits: 4.77 • Time: 2m 37s

[0m[1G[0m[0m[?25h