[32mAll tools are now trusted ([0m[31m![0m[32m). Kiro will execute tools without asking for confirmation.[0m
Agents can sometimes do unexpected things so understand the risks.

Learn more at [38;5;141mhttps://kiro.dev/docs/cli/chat/security/#using-tools-trust-all-safely[0m

[38;5;12m[1m📷 Checkpoints are enabled! (took 0.04s)

[0m
[38;5;252m[0m[?25l[38;5;141m> [0m[0m[0m
[0m[0m
Let me start by examining the C source code to understand what needs to be translated.[0m[0m
[?25l[0m[0mReading directory: [38;5;141m/local/home/scheschb/reserach/TRACTOR/harvest-agentic/results/B01_synthetic/015_return_stack_buffer_lib/translated_rust/c_src[0m[38;5;244m (using tool: read, max depth: 2, max entries: 1000, excluding: defaults)[0m
[38;5;10m ✓ [0mSuccessfully read directory [38;5;141m/local/home/scheschb/reserach/TRACTOR/harvest-agentic/results/B01_synthetic/015_return_stack_buffer_lib/translated_rust/c_src[0m [38;5;244m(5 entries)[0m
[38;5;244m - Completed in 0.4s[0m

[?25l[0m[?25l[0m[0mBatch fs_read operation with [38;5;141m3[0m operations[38;5;244m (using tool: read)[0m

↱ Operation 1: Reading file: [38;5;141m/local/home/scheschb/reserach/TRACTOR/harvest-agentic/results/B01_synthetic/015_return_stack_buffer_lib/translated_rust/c_src/include/driver.h[0m, all lines
↱ Operation 2: Reading file: [38;5;141m/local/home/scheschb/reserach/TRACTOR/harvest-agentic/results/B01_synthetic/015_return_stack_buffer_lib/translated_rust/c_src/src/driver.c[0m, all lines
↱ Operation 3: Reading file: [38;5;141m/local/home/scheschb/reserach/TRACTOR/harvest-agentic/results/B01_synthetic/015_return_stack_buffer_lib/translated_rust/c_src/CMakeLists.txt[0m, all lines
[38;5;10m ✓ [0mSuccessfully read [38;5;244m1218 bytes[0m from /local/home/scheschb/reserach/TRACTOR/harvest-agentic/results/B01_synthetic/015_return_stack_buffer_lib/translated_rust/c_src/include/driver.h

[38;5;10m ✓ [0mSuccessfully read [38;5;244m1686 bytes[0m from /local/home/scheschb/reserach/TRACTOR/harvest-agentic/results/B01_synthetic/015_return_stack_buffer_lib/translated_rust/c_src/src/driver.c

[38;5;10m ✓ [0mSuccessfully read [38;5;244m1405 bytes[0m from /local/home/scheschb/reserach/TRACTOR/harvest-agentic/results/B01_synthetic/015_return_stack_buffer_lib/translated_rust/c_src/CMakeLists.txt

 ⋮ 

[38;5;244m- [0mSummary: 3 operations processed, 3 successful, 0 failed
[38;5;244m - Completed in 0.4s[0m

[?25l[0m[38;5;141m> [0mNow I have a clear picture. Let me create the TODO list and implement this.[0m[0m
[?25l[0m[0m[38;5;11mTODO:
[39m[0m[ ] Create Cargo.toml with cdylib crate type
[0m[ ] Create src/lib.rs with translated C functions
[0m[ ] Build and fix any errors[38;5;244m - Completed in 0.4s[0m

[?25l[0m[38;5;141m> [0mThe C code has:[0m[0m
- [38;5;10mprintLine(const char *line)[0m — prints a string with newline if non-NULL[0m[0m
- [38;5;10mhelperBad()[0m — returns a pointer to a local stack array (undefined behavior — the bug to reproduce)[0m[0m
- [38;5;10mbad()[0m — calls [38;5;10mprintLine(helperBad())[0m[0m[0m
- [38;5;10mhelperGood1()[0m — returns a pointer to a [38;5;10mstatic[0m local array (safe)[0m[0m
- [38;5;10mgood()[0m — calls [38;5;10mprintLine(helperGood1())[0m[0m[0m
- [38;5;10mdriver(int useGood)[0m — dispatches to [38;5;10mgood()[0m or [38;5;10mbad()[0m[0m[0m
[0m[0m
No namespace macros — the exported symbol is just [38;5;10mdriver[0m. The [38;5;10mprintLine[0m, [38;5;10mbad[0m, [38;5;10mgood[0m, [38;5;10mhelperBad[0m, [38;5;10mhelperGood1[0m are internal (not in the header), so only [38;5;10mdriver[0m needs [38;5;10m#[unsafe(no_mangle)] extern "C"[0m.[0m[0m
[?25l[0m[0mI'll create the following file: [38;5;141m/local/home/scheschb/reserach/TRACTOR/harvest-agentic/results/B01_synthetic/015_return_stack_buffer_lib/translated_rust/Cargo.toml[0m[38;5;244m (using tool: write)[0m

[49m[38;5;10m+    1[0m:[38;5;10m[49m [package]
[0m[49m[38;5;10m+    2[0m:[38;5;10m[49m name = "driver"
[0m[49m[38;5;10m+    3[0m:[38;5;10m[49m version = "0.1.0"
[0m[49m[38;5;10m+    4[0m:[38;5;10m[49m edition = "2021"
[0m[49m[38;5;10m+    5[0m:[38;5;10m[49m 
[0m[49m[38;5;10m+    6[0m:[38;5;10m[49m [lib]
[0m[49m[38;5;10m+    7[0m:[38;5;10m[49m crate-type = ["cdylib"]
[0m[K
Creating: [38;5;141m/local/home/scheschb/reserach/TRACTOR/harvest-agentic/results/B01_synthetic/015_return_stack_buffer_lib/translated_rust/Cargo.toml[0m
[38;5;244m - Completed in 0.33s[0m
[38;5;12m[1m [1.1][0m[0m
[?25l[0m[?25l[0m[0m[38;5;11mTODO:
[39m[38;5;10m[x] [3m[38;5;244mCreate Cargo.toml with cdylib crate type[23m
[0m[ ] Create src/lib.rs with translated C functions[38;5;244m - Completed in 0.4s[0m

[?25l[0m[38;5;141m> [0mNow the key translation. The [38;5;10mhelperBad()[0m function returns a pointer to a stack-local array — that's UB in C and must be reproduced. I'll use an unsafe block that creates a local array on the stack and returns a pointer to it, mimicking the exact C behavior.[0m[0m
[?25l[0m[0mI'll create the following file: [38;5;141m/local/home/scheschb/reserach/TRACTOR/harvest-agentic/results/B01_synthetic/015_return_stack_buffer_lib/translated_rust/src/lib.rs[0m[38;5;244m (using tool: write)[0m

[48;2;40;67;43m[39m+     1[0m:[39m[48;2;24;38;30m [38;2;180;142;173muse[38;2;192;197;206m [38;2;192;197;206mstd[38;2;192;197;206m::[38;2;192;197;206mffi[38;2;192;197;206m::[38;2;192;197;206m{[38;2;180;142;173mc_char[38;2;192;197;206m,[38;2;192;197;206m [38;2;180;142;173mc_int[38;2;192;197;206m}[38;2;192;197;206m;[K
[0m[48;2;40;67;43m[39m+     2[0m:[39m[48;2;24;38;30m [38;2;180;142;173muse[38;2;192;197;206m [38;2;192;197;206mstd[38;2;192;197;206m::[38;2;192;197;206mptr[38;2;192;197;206m;[K
[0m[48;2;40;67;43m[39m+     3[0m:[39m[48;2;24;38;30m [K
[0m[48;2;40;67;43m[39m+     4[0m:[39m[48;2;24;38;30m [38;2;180;142;173mfn[38;2;192;197;206m [38;2;143;161;179mprint_line[38;2;192;197;206m([38;2;191;97;106mline[38;2;192;197;206m:[38;2;192;197;206m *const c_char[38;2;192;197;206m)[38;2;192;197;206m [38;2;192;197;206m{[K
[0m[48;2;40;67;43m[39m+     5[0m:[39m[48;2;24;38;30m [38;2;192;197;206m    [38;2;180;142;173mif[38;2;192;197;206m [38;2;192;197;206m![38;2;192;197;206mline.[38;2;150;181;180mis_null[38;2;192;197;206m([38;2;192;197;206m)[38;2;192;197;206m [38;2;192;197;206m{[K
[0m[48;2;40;67;43m[39m+     6[0m:[39m[48;2;24;38;30m [38;2;192;197;206m        [38;2;180;142;173munsafe[38;2;192;197;206m [38;2;192;197;206m{[K
[0m[48;2;40;67;43m[39m+     7[0m:[39m[48;2;24;38;30m [38;2;192;197;206m            [38;2;192;197;206mlibc[38;2;192;197;206m::[38;2;192;197;206mprintf[38;2;192;197;206m([38;2;180;142;173mb[38;2;192;197;206m"[38;2;163;190;140m%s[38;2;150;181;180m\n[38;2;150;181;180m\0[38;2;192;197;206m"[38;2;192;197;206m.[38;2;150;181;180mas_ptr[38;2;192;197;206m([38;2;192;197;206m)[38;2;192;197;206m [38;2;192;197;206mas[38;2;192;197;206m [38;2;192;197;206m*[38;2;180;142;173mconst[38;2;192;197;206m [38;2;180;142;173mc_char[38;2;192;197;206m,[38;2;192;197;206m line[38;2;192;197;206m)[38;2;192;197;206m;[K
[0m[48;2;40;67;43m[39m+     8[0m:[39m[48;2;24;38;30m [38;2;192;197;206m        [38;2;192;197;206m}[K
[0m[48;2;40;67;43m[39m+     9[0m:[39m[48;2;24;38;30m [38;2;192;197;206m    [38;2;192;197;206m}[K
[0m[48;2;40;67;43m[39m+    10[0m:[39m[48;2;24;38;30m [38;2;192;197;206m}[K
[0m[48;2;40;67;43m[39m+    11[0m:[39m[48;2;24;38;30m [K
[0m[48;2;40;67;43m[39m+    12[0m:[39m[48;2;24;38;30m [38;2;101;115;126m///[38;2;101;115;126m Reproduces the C bug: returns a pointer to a local stack buffer (UB).[K
[0m[48;2;40;67;43m[39m+    13[0m:[39m[48;2;24;38;30m [38;2;192;197;206m#[38;2;192;197;206m[[38;2;191;97;106minline[38;2;192;197;206m([38;2;192;197;206mnever[38;2;192;197;206m)[38;2;192;197;206m][K
[0m[48;2;40;67;43m[39m+    14[0m:[39m[48;2;24;38;30m [38;2;180;142;173mfn[38;2;192;197;206m [38;2;143;161;179mhelper_bad[38;2;192;197;206m([38;2;192;197;206m)[38;2;192;197;206m [38;2;192;197;206m->[38;2;192;197;206m [38;2;192;197;206m*[38;2;180;142;173mmut[38;2;192;197;206m [38;2;180;142;173mc_char[38;2;192;197;206m [38;2;192;197;206m{[K
[0m[48;2;40;67;43m[39m+    15[0m:[39m[48;2;24;38;30m [38;2;192;197;206m    [38;2;180;142;173munsafe[38;2;192;197;206m [38;2;192;197;206m{[K
[0m[48;2;40;67;43m[39m+    16[0m:[39m[48;2;24;38;30m [38;2;192;197;206m        [38;2;180;142;173mlet[38;2;192;197;206m [38;2;180;142;173mmut[38;2;192;197;206m buf[38;2;192;197;206m:[38;2;192;197;206m [38;2;192;197;206m[[38;2;180;142;173mc_char[38;2;192;197;206m;[38;2;192;197;206m [38;2;208;135;112m17[38;2;192;197;206m][38;2;192;197;206m [38;2;192;197;206m=[38;2;192;197;206m [38;2;192;197;206m[[38;2;208;135;112m0[38;2;192;197;206m;[38;2;192;197;206m [38;2;208;135;112m17[38;2;192;197;206m][38;2;192;197;206m;[K
[0m[48;2;40;67;43m[39m+    17[0m:[39m[48;2;24;38;30m [38;2;192;197;206m        [38;2;180;142;173mlet[38;2;192;197;206m src [38;2;192;197;206m=[38;2;192;197;206m [38;2;180;142;173mb[38;2;192;197;206m"[38;2;163;190;140mhelperBad string[38;2;150;181;180m\0[38;2;192;197;206m"[38;2;192;197;206m;[K
[0m[48;2;40;67;43m[39m+    18[0m:[39m[48;2;24;38;30m [38;2;192;197;206m        [38;2;192;197;206mptr[38;2;192;197;206m::[38;2;192;197;206mcopy_nonoverlapping[38;2;192;197;206m([38;2;192;197;206msrc.[38;2;150;181;180mas_ptr[38;2;192;197;206m([38;2;192;197;206m)[38;2;192;197;206m,[38;2;192;197;206m buf.[38;2;150;181;180mas_mut_ptr[38;2;192;197;206m([38;2;192;197;206m)[38;2;192;197;206m [38;2;192;197;206mas[38;2;192;197;206m [38;2;192;197;206m*[38;2;180;142;173mmut[38;2;192;197;206m [38;2;180;142;173mu8[38;2;192;197;206m,[38;2;192;197;206m [38;2;208;135;112m17[38;2;192;197;206m)[38;2;192;197;206m;[K
[0m[48;2;40;67;43m[39m+    19[0m:[39m[48;2;24;38;30m [38;2;192;197;206m        buf.[38;2;150;181;180mas_mut_ptr[38;2;192;197;206m([38;2;192;197;206m)[K
[0m[48;2;40;67;43m[39m+    20[0m:[39m[48;2;24;38;30m [38;2;192;197;206m    [38;2;192;197;206m}[K
[0m[48;2;40;67;43m[39m+    21[0m:[39m[48;2;24;38;30m [38;2;192;197;206m}[K
[0m[48;2;40;67;43m[39m+    22[0m:[39m[48;2;24;38;30m [K
[0m[48;2;40;67;43m[39m+    23[0m:[39m[48;2;24;38;30m [38;2;180;142;173mfn[38;2;192;197;206m [38;2;143;161;179mbad[38;2;192;197;206m([38;2;192;197;206m)[38;2;192;197;206m [38;2;192;197;206m{[K
[0m[48;2;40;67;43m[39m+    24[0m:[39m[48;2;24;38;30m [38;2;192;197;206m    [38;2;150;181;180mprint_line[38;2;192;197;206m([38;2;150;181;180mhelper_bad[38;2;192;197;206m([38;2;192;197;206m)[38;2;192;197;206m)[38;2;192;197;206m;[K
[0m[48;2;40;67;43m[39m+    25[0m:[39m[48;2;24;38;30m [38;2;192;197;206m}[K
[0m[48;2;40;67;43m[39m+    26[0m:[39m[48;2;24;38;30m [K
[0m[48;2;40;67;43m[39m+    27[0m:[39m[48;2;24;38;30m [38;2;180;142;173mfn[38;2;192;197;206m [38;2;143;161;179mhelper_good1[38;2;192;197;206m([38;2;192;197;206m)[38;2;192;197;206m [38;2;192;197;206m->[38;2;192;197;206m [38;2;192;197;206m*[38;2;180;142;173mmut[38;2;192;197;206m [38;2;180;142;173mc_char[38;2;192;197;206m [38;2;192;197;206m{[K
[0m[48;2;40;67;43m[39m+    28[0m:[39m[48;2;24;38;30m [38;2;192;197;206m    [38;2;180;142;173mstatic[38;2;192;197;206m [38;2;180;142;173mmut[38;2;192;197;206m [38;2;208;135;112mCHAR_STRING[38;2;192;197;206m:[38;2;192;197;206m [38;2;192;197;206m[[38;2;180;142;173mc_char[38;2;192;197;206m;[38;2;192;197;206m [38;2;208;135;112m19[38;2;192;197;206m][38;2;192;197;206m [38;2;192;197;206m=[38;2;192;197;206m [38;2;192;197;206m[[38;2;208;135;112m0[38;2;192;197;206m;[38;2;192;197;206m [38;2;208;135;112m19[38;2;192;197;206m][38;2;192;197;206m;[K
[0m[48;2;40;67;43m[39m+    29[0m:[39m[48;2;24;38;30m [38;2;192;197;206m    [38;2;180;142;173mstatic[38;2;192;197;206m [38;2;208;135;112mINIT[38;2;192;197;206m:[38;2;192;197;206m [38;2;192;197;206mstd[38;2;192;197;206m::[38;2;192;197;206msync[38;2;192;197;206m::[38;2;192;197;206mOnce [38;2;192;197;206m=[38;2;192;197;206m [38;2;192;197;206mstd[38;2;192;197;206m::[38;2;192;197;206msync[38;2;192;197;206m::[38;2;192;197;206mOnce[38;2;192;197;206m::[38;2;192;197;206mnew[38;2;192;197;206m([38;2;192;197;206m)[38;2;192;197;206m;[K
[0m[48;2;40;67;43m[39m+    30[0m:[39m[48;2;24;38;30m [38;2;192;197;206m    [38;2;208;135;112mINIT[38;2;192;197;206m.[38;2;150;181;180mcall_once[38;2;192;197;206m([38;2;192;197;206m|[38;2;192;197;206m|[38;2;192;197;206m [38;2;180;142;173munsafe[38;2;192;197;206m [38;2;192;197;206m{[K
[0m[48;2;40;67;43m[39m+    31[0m:[39m[48;2;24;38;30m [38;2;192;197;206m        [38;2;180;142;173mlet[38;2;192;197;206m src [38;2;192;197;206m=[38;2;192;197;206m [38;2;180;142;173mb[38;2;192;197;206m"[38;2;163;190;140mhelperGood1 string[38;2;150;181;180m\0[38;2;192;197;206m"[38;2;192;197;206m;[K
[0m[48;2;40;67;43m[39m+    32[0m:[39m[48;2;24;38;30m [38;2;192;197;206m        [38;2;192;197;206mptr[38;2;192;197;206m::[38;2;192;197;206mcopy_nonoverlapping[38;2;192;197;206m([38;2;192;197;206msrc.[38;2;150;181;180mas_ptr[38;2;192;197;206m([38;2;192;197;206m)[38;2;192;197;206m,[38;2;192;197;206m [38;2;208;135;112mCHAR_STRING[38;2;192;197;206m.[38;2;150;181;180mas_mut_ptr[38;2;192;197;206m([38;2;192;197;206m)[38;2;192;197;206m [38;2;192;197;206mas[38;2;192;197;206m [38;2;192;197;206m*[38;2;180;142;173mmut[38;2;192;197;206m [38;2;180;142;173mu8[38;2;192;197;206m,[38;2;192;197;206m [38;2;208;135;112m19[38;2;192;197;206m)[38;2;192;197;206m;[K
[0m[48;2;40;67;43m[39m+    33[0m:[39m[48;2;24;38;30m [38;2;192;197;206m    [38;2;192;197;206m}[38;2;192;197;206m)[38;2;192;197;206m;[K
[0m[48;2;40;67;43m[39m+    34[0m:[39m[48;2;24;38;30m [38;2;192;197;206m    [38;2;180;142;173munsafe[38;2;192;197;206m [38;2;192;197;206m{[38;2;192;197;206m [38;2;208;135;112mCHAR_STRING[38;2;192;197;206m.[38;2;150;181;180mas_mut_ptr[38;2;192;197;206m([38;2;192;197;206m)[38;2;192;197;206m [38;2;192;197;206m}[K
[0m[48;2;40;67;43m[39m+    35[0m:[39m[48;2;24;38;30m [38;2;192;197;206m}[K
[0m[48;2;40;67;43m[39m+    36[0m:[39m[48;2;24;38;30m [K
[0m[48;2;40;67;43m[39m+    37[0m:[39m[48;2;24;38;30m [38;2;180;142;173mfn[38;2;192;197;206m [38;2;143;161;179mgood[38;2;192;197;206m([38;2;192;197;206m)[38;2;192;197;206m [38;2;192;197;206m{[K
[0m[48;2;40;67;43m[39m+    38[0m:[39m[48;2;24;38;30m [38;2;192;197;206m    [38;2;150;181;180mprint_line[38;2;192;197;206m([38;2;150;181;180mhelper_good1[38;2;192;197;206m([38;2;192;197;206m)[38;2;192;197;206m)[38;2;192;197;206m;[K
[0m[48;2;40;67;43m[39m+    39[0m:[39m[48;2;24;38;30m [38;2;192;197;206m}[K
[0m[48;2;40;67;43m[39m+    40[0m:[39m[48;2;24;38;30m [K
[0m[48;2;40;67;43m[39m+    41[0m:[39m[48;2;24;38;30m [38;2;192;197;206m#[38;2;192;197;206m[[38;2;191;97;106munsafe[38;2;192;197;206m([38;2;192;197;206mno_mangle[38;2;192;197;206m)[38;2;192;197;206m][K
[0m[48;2;40;67;43m[39m+    42[0m:[39m[48;2;24;38;30m [38;2;180;142;173mpub[38;2;192;197;206m [38;2;180;142;173mextern[38;2;192;197;206m [38;2;192;197;206m"[38;2;163;190;140mC[38;2;192;197;206m"[38;2;192;197;206m [38;2;180;142;173mfn[38;2;192;197;206m [38;2;143;161;179mdriver[38;2;192;197;206m([38;2;191;97;106muse_good[38;2;192;197;206m:[38;2;192;197;206m c_int[38;2;192;197;206m)[38;2;192;197;206m [38;2;192;197;206m{[K
[0m[48;2;40;67;43m[39m+    43[0m:[39m[48;2;24;38;30m [38;2;192;197;206m    [38;2;180;142;173mif[38;2;192;197;206m use_good [38;2;192;197;206m![38;2;192;197;206m=[38;2;192;197;206m [38;2;208;135;112m0[38;2;192;197;206m [38;2;192;197;206m{[K
[0m[48;2;40;67;43m[39m+    44[0m:[39m[48;2;24;38;30m [38;2;192;197;206m        [38;2;150;181;180mgood[38;2;192;197;206m([38;2;192;197;206m)[38;2;192;197;206m;[K
[0m[48;2;40;67;43m[39m+    45[0m:[39m[48;2;24;38;30m [38;2;192;197;206m    [38;2;192;197;206m}[38;2;192;197;206m [38;2;180;142;173melse[38;2;192;197;206m [38;2;192;197;206m{[K
[0m[48;2;40;67;43m[39m+    46[0m:[39m[48;2;24;38;30m [38;2;192;197;206m        [38;2;150;181;180mbad[38;2;192;197;206m([38;2;192;197;206m)[38;2;192;197;206m;[K
[0m[48;2;40;67;43m[39m+    47[0m:[39m[48;2;24;38;30m [38;2;192;197;206m    [38;2;192;197;206m}[K
[0m[48;2;40;67;43m[39m+    48[0m:[39m[48;2;24;38;30m [38;2;192;197;206m}[K
[0m[K
Creating: [38;5;141m/local/home/scheschb/reserach/TRACTOR/harvest-agentic/results/B01_synthetic/015_return_stack_buffer_lib/translated_rust/src/lib.rs[0m
[38;5;244m - Completed in 0.36s[0m
[38;5;12m[1m [1.2][0m[0m
[?25l[0m[?25l[0m[0m[38;5;11mTODO:
[39m[38;5;10m[x] [3m[38;5;244mCreate src/lib.rs with translated C functions[23m
[0m[ ] Build and fix any errors[38;5;244m - Completed in 0.4s[0m

[?25l[0m[38;5;141m> [0mI need the [38;5;10mlibc[0m dependency. Let me add it and build.[0m[0m
[?25l[0m[0mI'll modify the following file: [38;5;141mCargo.toml[0m[38;5;244m (using tool: write)[0m

[49m[39m  6,  6[0m:[39m[49m [lib]
[0m[49m[38;5;9m- 7    [0m:[38;5;9m[49m crate-type = ["cdylib"]
[0m[49m[38;5;10m+     7[0m:[38;5;10m[49m crate-type = ["cdylib"]
[0m[49m[38;5;10m+     8[0m:[38;5;10m[49m 
[0m[49m[38;5;10m+     9[0m:[38;5;10m[49m [dependencies]
[0m[49m[38;5;10m+    10[0m:[38;5;10m[49m libc = "0.2"
[0m[K
Updating: [38;5;141mCargo.toml[0m
[38;5;244m - Completed in 0.37s[0m
[38;5;12m[1m [1.3][0m[0m
[?25l[0m[?25l[0m[0mI will run the following command: [38;5;141mcd /local/home/scheschb/reserach/TRACTOR/harvest-agentic/results/B01_synthetic/015_return_stack_buffer_lib/translated_rust && cargo build --release 2>&1 | tail -20[0m[38;5;244m (using tool: shell)[0m
Purpose: Build the Rust cdylib

  --> src/lib.rs:32:48
   |
32 | ...ptr(), CHAR_STRING.as_mut_ptr() as *mut u...
   |           ^^^^^^^^^^^^^^^^^^^^^^^^ mutable reference to mutable static
   |
   = note: for more information, see <https://doc.rust-lang.org/edition-guide/rust-2024/static-mut-references.html>
   = note: mutable references to mutable statics are dangerous; it's undefined behavior if any other pointer to the static is used or if any other reference is created for the static while the mutable reference lives
   = note: `#[warn(static_mut_refs)]` (part of `#[warn(rust_2024_compatibility)]`) on by default

warning: creating a mutable reference to mutable static
  --> src/lib.rs:34:14
   |
34 |     unsafe { CHAR_STRING.as_mut_ptr() }
   |              ^^^^^^^^^^^^^^^^^^^^^^^^ mutable reference to mutable static
   |
   = note: for more information, see <https://doc.rust-lang.org/edition-guide/rust-2024/static-mut-references.html>
   = note: mutable references to mutable statics are dangerous; it's undefined behavior if any other pointer to the static is used or if any other reference is created for the static while the mutable reference lives

warning: `driver` (lib) generated 2 warnings
    Finished `release` profile [optimized] target(s) in 0.97s
[38;5;244m - Completed in 1.275s[0m
[38;5;12m[1m [1.4][0m[0m
[?25l[0m[38;5;141m> [0mBuild succeeded. There are warnings about [38;5;10mstatic mut[0m references, but those are just warnings — the code compiles and the behavior is correct (the [38;5;10mOnce[0m guard ensures the mutable access only happens once during init, and the returned pointer is raw, not a reference).[0m[0m
[0m[0m
Let me clean up those warnings by using [38;5;10maddr_of_mut![0m instead:[0m[0m
[?25l[0m[0mI'll modify the following file: [38;5;141msrc/lib.rs[0m[38;5;244m (using tool: write)[0m

[48;2;43;48;59m[39m  27, 27[0m:[39m[48;2;43;48;59m [38;2;180;142;173mfn[38;2;192;197;206m [38;2;143;161;179mhelper_good1[38;2;192;197;206m([38;2;192;197;206m)[38;2;192;197;206m [38;2;192;197;206m->[38;2;192;197;206m [38;2;192;197;206m*[38;2;180;142;173mmut[38;2;192;197;206m [38;2;180;142;173mc_char[38;2;192;197;206m [38;2;192;197;206m{[K
[0m[48;2;43;48;59m[39m  28, 28[0m:[39m[48;2;43;48;59m [38;2;192;197;206m    [38;2;180;142;173mstatic[38;2;192;197;206m [38;2;180;142;173mmut[38;2;192;197;206m [38;2;208;135;112mCHAR_STRING[38;2;192;197;206m:[38;2;192;197;206m [38;2;192;197;206m[[38;2;180;142;173mc_char[38;2;192;197;206m;[38;2;192;197;206m [38;2;208;135;112m19[38;2;192;197;206m][38;2;192;197;206m [38;2;192;197;206m=[38;2;192;197;206m [38;2;192;197;206m[[38;2;208;135;112m0[38;2;192;197;206m;[38;2;192;197;206m [38;2;208;135;112m19[38;2;192;197;206m][38;2;192;197;206m;[K
[0m[48;2;43;48;59m[39m  29, 29[0m:[39m[48;2;43;48;59m [38;2;192;197;206m    [38;2;180;142;173mstatic[38;2;192;197;206m [38;2;208;135;112mINIT[38;2;192;197;206m:[38;2;192;197;206m [38;2;192;197;206mstd[38;2;192;197;206m::[38;2;192;197;206msync[38;2;192;197;206m::[38;2;192;197;206mOnce [38;2;192;197;206m=[38;2;192;197;206m [38;2;192;197;206mstd[38;2;192;197;206m::[38;2;192;197;206msync[38;2;192;197;206m::[38;2;192;197;206mOnce[38;2;192;197;206m::[38;2;192;197;206mnew[38;2;192;197;206m([38;2;192;197;206m)[38;2;192;197;206m;[K
[0m[48;2;43;48;59m[39m  30, 30[0m:[39m[48;2;43;48;59m [38;2;192;197;206m    [38;2;208;135;112mINIT[38;2;192;197;206m.[38;2;150;181;180mcall_once[38;2;192;197;206m([38;2;192;197;206m|[38;2;192;197;206m|[38;2;192;197;206m [38;2;180;142;173munsafe[38;2;192;197;206m [38;2;192;197;206m{[K
[0m[48;2;43;48;59m[39m  31, 31[0m:[39m[48;2;43;48;59m [38;2;192;197;206m        [38;2;180;142;173mlet[38;2;192;197;206m src [38;2;192;197;206m=[38;2;192;197;206m [38;2;180;142;173mb[38;2;192;197;206m"[38;2;163;190;140mhelperGood1 string[38;2;150;181;180m\0[38;2;192;197;206m"[38;2;192;197;206m;[K
[0m[48;2;79;40;40m[39m- 32    [0m:[39m[48;2;36;25;28m [38;2;192;197;206m        [38;2;192;197;206mptr[38;2;192;197;206m::[38;2;192;197;206mcopy_nonoverlapping[38;2;192;197;206m([38;2;192;197;206msrc.[38;2;150;181;180mas_ptr[38;2;192;197;206m([38;2;192;197;206m)[38;2;192;197;206m,[38;2;192;197;206m [38;2;208;135;112mCHAR_STRING[38;2;192;197;206m.[38;2;150;181;180mas_mut_ptr[38;2;192;197;206m([38;2;192;197;206m)[38;2;192;197;206m [38;2;192;197;206mas[38;2;192;197;206m [38;2;192;197;206m*[38;2;180;142;173mmut[38;2;192;197;206m [38;2;180;142;173mu8[38;2;192;197;206m,[38;2;192;197;206m [38;2;208;135;112m19[38;2;192;197;206m)[38;2;192;197;206m;[K
[0m[48;2;40;67;43m[39m+     32[0m:[39m[48;2;24;38;30m [38;2;192;197;206m        [38;2;180;142;173mlet[38;2;192;197;206m p [38;2;192;197;206m=[38;2;192;197;206m [38;2;192;197;206mptr[38;2;192;197;206m::[38;2;192;197;206maddr_of_mut[38;2;192;197;206m![38;2;192;197;206m([38;2;208;135;112mCHAR_STRING[38;2;192;197;206m)[38;2;192;197;206m [38;2;192;197;206mas[38;2;192;197;206m [38;2;192;197;206m*[38;2;180;142;173mmut[38;2;192;197;206m [38;2;180;142;173mu8[38;2;192;197;206m;[K
[0m[48;2;40;67;43m[39m+     33[0m:[39m[48;2;24;38;30m [38;2;192;197;206m        [38;2;192;197;206mptr[38;2;192;197;206m::[38;2;192;197;206mcopy_nonoverlapping[38;2;192;197;206m([38;2;192;197;206msrc.[38;2;150;181;180mas_ptr[38;2;192;197;206m([38;2;192;197;206m)[38;2;192;197;206m,[38;2;192;197;206m p[38;2;192;197;206m,[38;2;192;197;206m [38;2;208;135;112m19[38;2;192;197;206m)[38;2;192;197;206m;[K
[0m[48;2;43;48;59m[39m  33, 34[0m:[39m[48;2;43;48;59m [38;2;192;197;206m    [38;2;192;197;206m}[38;2;192;197;206m)[38;2;192;197;206m;[K
[0m[48;2;79;40;40m[39m- 34    [0m:[39m[48;2;36;25;28m [38;2;192;197;206m    [38;2;180;142;173munsafe[38;2;192;197;206m [38;2;192;197;206m{[38;2;192;197;206m [38;2;208;135;112mCHAR_STRING[38;2;192;197;206m.[38;2;150;181;180mas_mut_ptr[38;2;192;197;206m([38;2;192;197;206m)[38;2;192;197;206m [38;2;192;197;206m}[K
[0m[48;2;40;67;43m[39m+     35[0m:[39m[48;2;24;38;30m [38;2;192;197;206m    [38;2;180;142;173munsafe[38;2;192;197;206m [38;2;192;197;206m{[38;2;192;197;206m [38;2;192;197;206mptr[38;2;192;197;206m::[38;2;192;197;206maddr_of_mut[38;2;192;197;206m![38;2;192;197;206m([38;2;208;135;112mCHAR_STRING[38;2;192;197;206m)[38;2;192;197;206m [38;2;192;197;206mas[38;2;192;197;206m [38;2;192;197;206m*[38;2;180;142;173mmut[38;2;192;197;206m [38;2;180;142;173mc_char[38;2;192;197;206m [38;2;192;197;206m}[K
[0m[48;2;43;48;59m[39m  35, 36[0m:[39m[48;2;43;48;59m [38;2;192;197;206m}[K
[0m[K
Updating: [38;5;141msrc/lib.rs[0m
[38;5;244m - Completed in 0.59s[0m
[38;5;12m[1m [1.5][0m[0m
[?25l[0m[?25l[0m[0mI will run the following command: [38;5;141mcd /local/home/scheschb/reserach/TRACTOR/harvest-agentic/results/B01_synthetic/015_return_stack_buffer_lib/translated_rust && cargo build --release 2>&1 | tail -10[0m[38;5;244m (using tool: shell)[0m
Purpose: Rebuild to verify warnings are gone

warning: unnecessary `unsafe` block
  --> src/lib.rs:35:5
   |
35 |     unsafe { ptr::addr_of_mut!(CHAR_STRING) ...
   |     ^^^^^^ unnecessary `unsafe` block
   |
   = note: `#[warn(unused_unsafe)]` (part of `#[warn(unused)]`) on by default

warning: `driver` (lib) generated 1 warning
    Finished `release` profile [optimized] target(s) in 0.14s
[38;5;244m - Completed in 0.235s[0m
[38;5;12m[1m [1.6][0m[0m
[?25l[0m[38;5;141m> [0mOne more warning — [38;5;10maddr_of_mut![0m on a static doesn't need an unsafe block in this context. Let me fix:[0m[0m
[?25l[0m[0mI'll modify the following file: [38;5;141msrc/lib.rs[0m[38;5;244m (using tool: write)[0m

[48;2;43;48;59m[39m  35, 35[0m:[39m[48;2;43;48;59m [38;2;192;197;206m    [38;2;180;142;173munsafe[38;2;192;197;206m [38;2;192;197;206m{[38;2;192;197;206m [38;2;192;197;206mptr[38;2;192;197;206m::[38;2;192;197;206maddr_of_mut[38;2;192;197;206m![38;2;192;197;206m([38;2;208;135;112mCHAR_STRING[38;2;192;197;206m)[38;2;192;197;206m [38;2;192;197;206mas[38;2;192;197;206m [38;2;192;197;206m*[38;2;180;142;173mmut[38;2;192;197;206m [38;2;180;142;173mc_char[38;2;192;197;206m [38;2;192;197;206m}[K
[0m[K
Updating: [38;5;141msrc/lib.rs[0m
[38;5;244m - Completed in 0.6s[0m

[?25l[0m[38;5;141m> [0mThat's a no-op since the strings are identical. Let me look at the actual file to fix it properly:[0m[0m
[?25l[0m[0mReading file: [38;5;141m/local/home/scheschb/reserach/TRACTOR/harvest-agentic/results/B01_synthetic/015_return_stack_buffer_lib/translated_rust/src/lib.rs[0m, all lines[38;5;244m (using tool: read)[0m
[38;5;10m ✓ [0mSuccessfully read [38;5;244m1187 bytes[0m from /local/home/scheschb/reserach/TRACTOR/harvest-agentic/results/B01_synthetic/015_return_stack_buffer_lib/translated_rust/src/lib.rs
[38;5;244m - Completed in 0.5s[0m

[?25l[0m[?25l[0m[0mI'll modify the following file: [38;5;141msrc/lib.rs[0m[38;5;244m (using tool: write)[0m

[48;2;43;48;59m[39m  34, 34[0m:[39m[48;2;43;48;59m [38;2;192;197;206m    })[38;2;192;197;206m;[K
[0m[48;2;79;40;40m[39m- 35    [0m:[39m[48;2;36;25;28m [38;2;192;197;206m    [38;2;180;142;173munsafe[38;2;192;197;206m [38;2;192;197;206m{[38;2;192;197;206m [38;2;192;197;206mptr[38;2;192;197;206m::[38;2;192;197;206maddr_of_mut[38;2;192;197;206m![38;2;192;197;206m([38;2;208;135;112mCHAR_STRING[38;2;192;197;206m)[38;2;192;197;206m [38;2;192;197;206mas[38;2;192;197;206m [38;2;192;197;206m*[38;2;180;142;173mmut[38;2;192;197;206m [38;2;180;142;173mc_char[38;2;192;197;206m [38;2;192;197;206m}[K
[0m[48;2;40;67;43m[39m+     35[0m:[39m[48;2;24;38;30m [38;2;192;197;206m    [38;2;192;197;206mptr[38;2;192;197;206m::[38;2;192;197;206maddr_of_mut[38;2;192;197;206m![38;2;192;197;206m([38;2;208;135;112mCHAR_STRING[38;2;192;197;206m)[38;2;192;197;206m [38;2;192;197;206mas[38;2;192;197;206m [38;2;192;197;206m*[38;2;180;142;173mmut[38;2;192;197;206m [38;2;180;142;173mc_char[K
[0m[48;2;43;48;59m[39m  36, 36[0m:[39m[48;2;43;48;59m [38;2;192;197;206m}[K
[0m[K
Updating: [38;5;141msrc/lib.rs[0m
[38;5;244m - Completed in 0.38s[0m
[38;5;12m[1m [1.7][0m[0m
[?25l[0m[?25l[0m[0mI will run the following command: [38;5;141mcd /local/home/scheschb/reserach/TRACTOR/harvest-agentic/results/B01_synthetic/015_return_stack_buffer_lib/translated_rust && cargo build --release 2>&1 | tail -10[0m[38;5;244m (using tool: shell)[0m
Purpose: Rebuild to check for clean compile

   Compiling driver v0.1.0 (/local/home/scheschb/reserach/TRACTOR/harvest-agentic/results/B01_synthetic/015_return_stack_buffer_lib/translated_rust)
    Finished `release` profile [optimized] target(s) in 0.13s
[38;5;244m - Completed in 0.230s[0m
[38;5;12m[1m [1.8][0m[0m
[?25l[0m[38;5;141m> [0mClean build, zero warnings. Let me verify the exported symbol:[0m[0m
[?25l[0m[0mI will run the following command: [38;5;141mnm -D /local/home/scheschb/reserach/TRACTOR/harvest-agentic/results/B01_synthetic/015_return_stack_buffer_lib/translated_rust/target/release/libdriver.so | grep -i driver[0m[38;5;244m (using tool: shell)[0m
Purpose: Verify the exported symbol name matches the C library

0000000000009130 T driver
[38;5;244m - Completed in 0.11s[0m

[?25l[0m[?25l[0m[0m[38;5;11mTODO:
[39m[38;5;10m[x] [3m[38;5;244mCreate Cargo.toml with cdylib crate type[23m
[38;5;10m[x] [3m[38;5;244mCreate src/lib.rs with translated C functions[23m
[38;5;10m[x] [3m[38;5;244mBuild and fix any errors[23m[38;5;244m - Completed in 0.4s[0m

[?25l[0m[38;5;141m> [0mDone. The translation builds cleanly with [38;5;10mcargo build --release[0m producing [38;5;10mlibdriver.so[0m with the exported [38;5;10mdriver[0m symbol.[0m[0m
[0m[0m
Here's a summary of the translation decisions:[0m[0m
[0m[0m
- [38;5;10mprintLine[0m → [38;5;10mprint_line[0m: Uses [38;5;10mlibc::printf[0m with the same [38;5;10m"%s\n"[0m format string, same NULL check[0m[0m
- [38;5;10mhelperBad[0m → [38;5;10mhelper_bad[0m: Reproduces the C bug exactly — creates a local stack array, copies [38;5;10m"helperBad string\0"[0m into it, and returns a dangling pointer. Marked [38;5;10m#[inline(never)][0m to prevent the optimizer from eliding the stack frame (matching C behavior)[0m[0m
- [38;5;10mhelperGood1[0m → [38;5;10mhelper_good1[0m: Uses [38;5;10mstatic mut[0m with [38;5;10mOnce[0m-guarded initialization, matching the C [38;5;10mstatic[0m local variable semantics[0m[0m
- [38;5;10mbad[0m/[38;5;10mgood[0m → direct translations calling the helpers and passing to [38;5;10mprint_line[0m[0m[0m
- [38;5;10mdriver[0m → [38;5;10m#[unsafe(no_mangle)] pub extern "C" fn driver(use_good: c_int)[0m — the only exported symbol, matching the C header signature [38;5;10mvoid driver(int useGood)[0m[0m[0m[38;5;12m[1m✓ Created checkpoint 1

[0m[0m
[38;5;8m
 ▸ Credits: 6.46 • Time: 1m 50s

[0m[1G[0m[0m[?25h